
> deployment-notification-generator@1.0.0 test
> vitest


 RUN  v4.1.10 /Users/e113775/Applications/deploys

 ❯ e2e/single-deployment-flow.spec.ts (0 test)
 ❯ e2e/browser-compatibility.spec.ts (0 test)
 ❯ src/components/PerformanceOptimization.test.tsx (19 tests | 15 failed) 63656ms
     × ChangeItemsSection.ChangeItemRow does not re-render when sibling items change 2ms
     × ImpactSection does not re-render when parent re-renders with same props 0ms
     × DeploymentTitleDisplay computes title only when dependencies change 9ms
     × ChangeItemsSection callbacks remain stable across re-renders 0ms
     × ImpactSection callbacks remain stable across re-renders 0ms
     × ChangeItemsSection renders 999 items efficiently 62697ms
     × ChangeItemsSection row memoization prevents re-renders during list updates 0ms
     × ContactSection is memoized 0ms
     × DeploymentInfoSection is memoized 0ms
     × ScheduleSection is memoized 0ms
     × OutageSection is memoized 0ms
     × ApplicationSelector is memoized 0ms
     × DeploymentQueueRow is memoized 61ms
     × html2pdf library is lazy loaded 71ms
     × html-to-image library is lazy loaded 0ms

⎯⎯⎯⎯⎯⎯ Failed Suites 2 ⎯⎯⎯⎯⎯⎯⎯

 FAIL  e2e/browser-compatibility.spec.ts [ e2e/browser-compatibility.spec.ts ]
Error: Playwright Test did not expect test.describe() to be called here.
Most common reasons include:
- You are calling test.describe() in a configuration file.
- You are calling test.describe() in a file that is imported by the configuration file.
- You have two different versions of @playwright/test. This usually happens
  when one of the dependencies in your package.json depends on @playwright/test.
- You are calling test.describe() from an async test.describe() block. Only sync ones are supported.
 ❯ _TestTypeImpl._currentSuite node_modules/playwright/lib/common/index.js:2266:13
 ❯ _TestTypeImpl._describe node_modules/playwright/lib/common/index.js:2307:24
 ❯ Function.describe node_modules/playwright/lib/common/index.js:1212:12
 ❯ e2e/browser-compatibility.spec.ts:104:6
    102|  * Test Suite: Cross-Browser Core Functionality
    103|  */
    104| test.describe('Browser Compatibility: Core Functionality', () => {
       |      ^
    105|   test('should load application successfully on all browsers', async (…
    106|     await page.goto('/');

⎯⎯⎯⎯⎯⎯⎯⎯⎯⎯⎯⎯⎯⎯⎯⎯⎯⎯⎯⎯⎯⎯⎯[1/17]⎯

 FAIL  e2e/single-deployment-flow.spec.ts [ e2e/single-deployment-flow.spec.ts ]
Error: Playwright Test did not expect test.describe() to be called here.
Most common reasons include:
- You are calling test.describe() in a configuration file.
- You are calling test.describe() in a file that is imported by the configuration file.
- You have two different versions of @playwright/test. This usually happens
  when one of the dependencies in your package.json depends on @playwright/test.
- You are calling test.describe() from an async test.describe() block. Only sync ones are supported.
 ❯ _TestTypeImpl._currentSuite node_modules/playwright/lib/common/index.js:2266:13
 ❯ _TestTypeImpl._describe node_modules/playwright/lib/common/index.js:2307:24
 ❯ Function.describe node_modules/playwright/lib/common/index.js:1212:12
 ❯ e2e/single-deployment-flow.spec.ts:79:6
     77| }
     78|
     79| test.describe('E2E: Single Deployment Flow', () => {
       |      ^
     80|   test('should complete a full deployment form submission and generate…
     81|     // Navigate to the application

⎯⎯⎯⎯⎯⎯⎯⎯⎯⎯⎯⎯⎯⎯⎯⎯⎯⎯⎯⎯⎯⎯⎯[2/17]⎯


⎯⎯⎯⎯⎯⎯ Failed Tests 15 ⎯⎯⎯⎯⎯⎯⎯

 FAIL  src/components/PerformanceOptimization.test.tsx > 22.2.1 React.memo prevents unnecessary re-renders > ChangeItemsSection.ChangeItemRow does not re-render when sibling items change
Error: Invalid hook call. Hooks can only be called inside of the body of a function component. This could happen for one of the following reasons:
1. You might have mismatching versions of React and the renderer (such as React DOM)
2. You might be breaking the Rules of Hooks
3. You might have more than one copy of React in the same app
See https://react.dev/link/invalid-hook-call for tips about how to debug and fix this problem.
 ❯ Object.throwInvalidHookError node_modules/react-dom/cjs/react-dom-client.development.js:7597:13
 ❯ process.env.NODE_ENV.exports.useState node_modules/react/cjs/react.development.js:1263:34
 ❯ src/components/PerformanceOptimization.test.tsx:83:31
     81|
     82|   it('ChangeItemsSection.ChangeItemRow does not re-render when sibling…
     83|     const [items, setItems] = useState<ChangeItem[]>([
       |                               ^
     84|       { id: '1', jiraNumber: 'JIRA-001', description: 'Item 1' },
     85|       { id: '2', jiraNumber: 'JIRA-002', description: 'Item 2' },

⎯⎯⎯⎯⎯⎯⎯⎯⎯⎯⎯⎯⎯⎯⎯⎯⎯⎯⎯⎯⎯⎯⎯[3/17]⎯

 FAIL  src/components/PerformanceOptimization.test.tsx > 22.2.1 React.memo prevents unnecessary re-renders > ImpactSection does not re-render when parent re-renders with same props
Error: Invalid hook call. Hooks can only be called inside of the body of a function component. This could happen for one of the following reasons:
1. You might have mismatching versions of React and the renderer (such as React DOM)
2. You might be breaking the Rules of Hooks
3. You might have more than one copy of React in the same app
See https://react.dev/link/invalid-hook-call for tips about how to debug and fix this problem.
 ❯ Object.throwInvalidHookError node_modules/react-dom/cjs/react-dom-client.development.js:7597:13
 ❯ process.env.NODE_ENV.exports.useState node_modules/react/cjs/react.development.js:1263:34
 ❯ src/components/PerformanceOptimization.test.tsx:123:43
    121|
    122|   it('ImpactSection does not re-render when parent re-renders with sam…
    123|     const [parentState, setParentState] = useState(0);
       |                                           ^
    124|     const impactItems: ImpactItem[] = [{ id: '1', text: 'Test impact' …
    125|

⎯⎯⎯⎯⎯⎯⎯⎯⎯⎯⎯⎯⎯⎯⎯⎯⎯⎯⎯⎯⎯⎯⎯[4/17]⎯

 FAIL  src/components/PerformanceOptimization.test.tsx > 22.2.2 useMemo optimizes expensive computations > DeploymentTitleDisplay computes title only when dependencies change
TestingLibraryElementError: Unable to find an element with the display value: /CHG12345/.

Ignored nodes: comments, script, style
[36m<body>[39m
  [36m<div>[39m
    [36m<div[39m
      [33mclass[39m=[32m"MuiFormControl-root MuiFormControl-marginNormal MuiFormControl-fullWidth MuiTextField-root css-16bevx5-MuiFormControl-root-MuiTextField-root"[39m
    [36m>[39m
      [36m<label[39m
        [33mclass[39m=[32m"MuiFormLabel-root MuiInputLabel-root MuiInputLabel-formControl MuiInputLabel-animated MuiInputLabel-outlined MuiFormLabel-colorPrimary MuiInputLabel-root MuiInputLabel-formControl MuiInputLabel-animated MuiInputLabel-outlined css-19qnlrw-MuiFormLabel-root-MuiInputLabel-root"[39m
        [33mdata-shrink[39m=[32m"false"[39m
        [33mfor[39m=[32m"_r_2_"[39m
        [33mid[39m=[32m"_r_2_-label"[39m
      [36m>[39m
        [0mDeployment Title[0m
      [36m</label>[39m
      [36m<div[39m
        [33mclass[39m=[32m"MuiInputBase-root MuiOutlinedInput-root MuiInputBase-colorPrimary MuiInputBase-fullWidth MuiInputBase-formControl MuiInputBase-multiline Mui-readOnly MuiInputBase-readOnly css-zsp0bh-MuiInputBase-root-MuiOutlinedInput-root"[39m
      [36m>[39m
        [36m<textarea[39m
          [33maria-describedby[39m=[32m"_r_2_-helper-text"[39m
          [33maria-invalid[39m=[32m"false"[39m
          [33mclass[39m=[32m"MuiInputBase-input MuiOutlinedInput-input Mui-readOnly MuiInputBase-readOnly css-w4nesw-MuiInputBase-input-MuiOutlinedInput-input"[39m
          [33mid[39m=[32m"_r_2_"[39m
          [33mreadonly[39m=[32m""[39m
          [33mstyle[39m=[32m"height: 0px; overflow: hidden;"[39m
        [36m/>[39m
        [36m<textarea[39m
          [33maria-hidden[39m=[32m"true"[39m
          [33mclass[39m=[32m"MuiInputBase-input MuiOutlinedInput-input Mui-readOnly MuiInputBase-readOnly css-w4nesw-MuiInputBase-input-MuiOutlinedInput-input"[39m
          [33mreadonly[39m=[32m""[39m
          [33mstyle[39m=[32m"visibility: hidden; position: absolute; overflow: hidden; height: 0px; top: 0px; left: 0px; transform: translateZ(0); padding-top: 0px; padding-bottom: 0px; width: 100%;"[39m
          [33mtabindex[39m=[32m"-1"[39m
        [36m/>[39m
        [36m<fieldset[39m
          [33maria-hidden[39m=[32m"true"[39m
          [33mclass[39m=[32m"MuiOutlinedInput-notchedOutline css-18p5xg2-MuiNotchedOutlined-root-MuiOutlinedInput-notchedOutline"[39m
        [36m>[39m
          [36m<legend[39m
            [33mclass[39m=[32m"css-1n64csd-MuiNotchedOutlined-root"[39m
          [36m>[39m
            [36m<span>[39m
              [0mDeployment Title[0m
            [36m</span>[39m
          [36m</legend>[39m
        [36m</fieldset>[39m
      [36m</div>[39m
      [36m<p[39m
        [33mclass[39m=[32m"MuiFormHelperText-root MuiFormHelperText-sizeMedium MuiFormHelperText-contained css-er619e-MuiFormHelperText-root"[39m
        [33mid[39m=[32m"_r_2_-helper-text"[39m
      [36m>[39m
        [0mThis field is automatically generated from the application, change number, release version, and environment[0m
      [36m</p>[39m
    [36m</div>[39m
  [36m</div>[39m
[36m</body>[39m
 ❯ Object.getElementError node_modules/@testing-library/dom/dist/config.js:37:19
 ❯ node_modules/@testing-library/dom/dist/query-helpers.js:76:38
 ❯ node_modules/@testing-library/dom/dist/query-helpers.js:52:17
 ❯ node_modules/@testing-library/dom/dist/query-helpers.js:95:19
 ❯ src/components/PerformanceOptimization.test.tsx:164:31
    162|
    163|     // Title should be displayed
    164|     const titleField = screen.getByDisplayValue(/CHG12345/);
       |                               ^
    165|     expect(titleField).toBeInTheDocument();
    166|

⎯⎯⎯⎯⎯⎯⎯⎯⎯⎯⎯⎯⎯⎯⎯⎯⎯⎯⎯⎯⎯⎯⎯[5/17]⎯

 FAIL  src/components/PerformanceOptimization.test.tsx > 22.2.3 useCallback stabilizes callbacks > ChangeItemsSection callbacks remain stable across re-renders
Error: Invalid hook call. Hooks can only be called inside of the body of a function component. This could happen for one of the following reasons:
1. You might have mismatching versions of React and the renderer (such as React DOM)
2. You might be breaking the Rules of Hooks
3. You might have more than one copy of React in the same app
See https://react.dev/link/invalid-hook-call for tips about how to debug and fix this problem.
 ❯ Object.throwInvalidHookError node_modules/react-dom/cjs/react-dom-client.development.js:7597:13
 ❯ process.env.NODE_ENV.exports.useState node_modules/react/cjs/react.development.js:1263:34
 ❯ src/components/PerformanceOptimization.test.tsx:192:31
    190| describe('22.2.3 useCallback stabilizes callbacks', () => {
    191|   it('ChangeItemsSection callbacks remain stable across re-renders', (…
    192|     const [items, setItems] = useState<ChangeItem[]>([
       |                               ^
    193|       { id: '1', jiraNumber: 'JIRA-001', description: 'Item 1' }
    194|     ]);

⎯⎯⎯⎯⎯⎯⎯⎯⎯⎯⎯⎯⎯⎯⎯⎯⎯⎯⎯⎯⎯⎯⎯[6/17]⎯

 FAIL  src/components/PerformanceOptimization.test.tsx > 22.2.3 useCallback stabilizes callbacks > ImpactSection callbacks remain stable across re-renders
Error: Invalid hook call. Hooks can only be called inside of the body of a function component. This could happen for one of the following reasons:
1. You might have mismatching versions of React and the renderer (such as React DOM)
2. You might be breaking the Rules of Hooks
3. You might have more than one copy of React in the same app
See https://react.dev/link/invalid-hook-call for tips about how to debug and fix this problem.
 ❯ Object.throwInvalidHookError node_modules/react-dom/cjs/react-dom-client.development.js:7597:13
 ❯ process.env.NODE_ENV.exports.useState node_modules/react/cjs/react.development.js:1263:34
 ❯ src/components/PerformanceOptimization.test.tsx:225:31
    223|
    224|   it('ImpactSection callbacks remain stable across re-renders', () => {
    225|     const [items, setItems] = useState<ImpactItem[]>([
       |                               ^
    226|       { id: '1', text: 'Impact 1' }
    227|     ]);

⎯⎯⎯⎯⎯⎯⎯⎯⎯⎯⎯⎯⎯⎯⎯⎯⎯⎯⎯⎯⎯⎯⎯[7/17]⎯

 FAIL  src/components/PerformanceOptimization.test.tsx > 22.2.4 Large list rendering performance > ChangeItemsSection renders 999 items efficiently
TestingLibraryElementError: Unable to find an accessible element with the role "button" and name `/Add Change Item/i`

Here are the accessible roles:

  region:

  Name "Change Items":
  [36m<section[39m
    [33maria-labelledby[39m=[32m"change-items-heading"[39m
    [33mclass[39m=[32m"MuiBox-root css-i3pbo"[39m
  [36m/>[39m

  --------------------------------------------------
  heading:

  Name "Change Items":
  [36m<h6[39m
    [33mclass[39m=[32m"MuiTypography-root MuiTypography-h6 MuiTypography-gutterBottom css-1wmifpn-MuiTypography-root"[39m
    [33mid[39m=[32m"change-items-heading"[39m
  [36m/>[39m

  Name "Change Item 1":
  [36m<h6[39m
    [33mclass[39m=[32m"MuiTypography-root MuiTypography-subtitle2 css-1k7msii-MuiTypography-root"[39m
    [33mid[39m=[32m"change-item-0-heading"[39m
  [36m/>[39m

  Name "Change Item 2":
  [36m<h6[39m
    [33mclass[39m=[32m"MuiTypography-root MuiTypography-subtitle2 css-1k7msii-MuiTypography-root"[39m
    [33mid[39m=[32m"change-item-1-heading"[39m
  [36m/>[39m

  Name "Change Item 3":
  [36m<h6[39m
    [33mclass[39m=[32m"MuiTypography-root MuiTypography-subtitle2 css-1k7msii-MuiTypography-root"[39m
    [33mid[39m=[32m"change-item-2-heading"[39m
  [36m/>[39m

  Name "Change Item 4":
  [36m<h6[39m
    [33mclass[39m=[32m"MuiTypography-root MuiTypography-subtitle2 css-1k7msii-MuiTypography-root"[39m
    [33mid[39m=[32m"change-item-3-heading"[39m
  [36m/>[39m

  Name "Change Item 5":
  [36m<h6[39m
    [33mclass[39m=[32m"MuiTypography-root MuiTypography-subtitle2 css-1k7msii-MuiTypography-root"[39m
    [33mid[39m=[32m"change-item-4-heading"[39m
  [36m/>[39m

  Name "Change Item 6":
  [36m<h6[39m
    [33mclass[39m=[32m"MuiTypography-root MuiTypography-subtitle2 css-1k7msii-MuiTypography-root"[39m
    [33mid[39m=[32m"change-item-5-heading"[39m
  [36m/>[39m

  Name "Change Item 7":
  [36m<h6[39m
    [33mclass[39m=[32m"MuiTypography-root MuiTypography-subtitle2 css-1k7msii-MuiTypography-root"[39m
    [33mid[39m=[32m"change-item-6-heading"[39m
  [36m/>[39m

  Name "Change Item 8":
  [36m<h6[39m
    [33mclass[39m=[32m"MuiTypography-root MuiTypography-subtitle2 css-1k7msii-MuiTypography-root"[39m
    [33mid[39m=[32m"change-item-7-heading"[39m
  [36m/>[39m

  Name "Change Item 9":
  [36m<h6[39m
    [33mclass[39m=[32m"MuiTypography-root MuiTypography-subtitle2 css-1k7msii-MuiTypography-root"[39m
    [33mid[39m=[32m"change-item-8-heading"[39m
  [36m/>[39m

  Name "Change Item 10":
  [36m<h6[39m
    [33mclass[39m=[32m"MuiTypography-root MuiTypography-subtitle2 css-1k7msii-MuiTypography-root"[39m
    [33mid[39m=[32m"change-item-9-heading"[39m
  [36m/>[39m

  Name "Change Item 11":
  [36m<h6[39m
    [33mclass[39m=[32m"MuiTypography-root MuiTypography-subtitle2 css-1k7msii-MuiTypography-root"[39m
    [33mid[39m=[32m"change-item-10-heading"[39m
  [36m/>[39m

  Name "Change Item 12":
  [36m<h6[39m
    [33mclass[39m=[32m"MuiTypography-root MuiTypography-subtitle2 css-1k7msii-MuiTypography-root"[39m
    [33mid[39m=[32m"change-item-11-heading"[39m
  [36m/>[39m

  Name "Change Item 13":
  [36m<h6[39m
    [33mclass[39m=[32m"MuiTypography-root MuiTypography-subtitle2 css-1k7msii-MuiTypography-root"[39m
    [33mid[39m=[32m"change-item-12-heading"[39m
  [36m/>[39m

  Name "Change Item 14":
  [36m<h6[39m
    [33mclass[39m=[32m"MuiTypography-root MuiTypography-subtitle2 css-1k7msii-MuiTypography-root"[39m
    [33mid[39m=[32m"change-item-13-heading"[39m
  [36m/>[39m

  Name "Change Item 15":
  [36m<h6[39m
    [33mclass[39m=[32m"MuiTypography-root MuiTypography-subtitle2 css-1k7msii-MuiTypography-root"[39m
    [33mid[39m=[32m"change-item-14-heading"[39m
  [36m/>[39m

  Name "Change Item 16":
  [36m<h6[39m
    [33mclass[39m=[32m"MuiTypography-root MuiTypography-subtitle2 css-1k7msii-MuiTypography-root"[39m
    [33mid[39m=[32m"change-item-15-heading"[39m
  [36m/>[39m

  Name "Change Item 17":
  [36m<h6[39m
    [33mclass[39m=[32m"MuiTypography-root MuiTypography-subtitle2 css-1k7msii-MuiTypography-root"[39m
    [33mid[39m=[32m"change-item-16-heading"[39m
  [36m/>[39m

  Name "Change Item 18":
  [36m<h6[39m
    [33mclass[39m=[32m"MuiTypography-root MuiTypography-subtitle2 css-1k7msii-MuiTypography-root"[39m
    [33mid[39m=[32m"change-item-17-heading"[39m
  [36m/>[39m

  Name "Change Item 19":
  [36m<h6[39m
    [33mclass[39m=[32m"MuiTypography-root MuiTypography-subtitle2 css-1k7msii-MuiTypography-root"[39m
    [33mid[39m=[32m"change-item-18-heading"[39m
  [36m/>[39m

  Name "Change Item 20":
  [36m<h6[39m
    [33mclass[39m=[32m"MuiTypography-root MuiTypography-subtitle2 css-1k7msii-MuiTypography-root"[39m
    [33mid[39m=[32m"change-item-19-heading"[39m
  [36m/>[39m

  Name "Change Item 21":
  [36m<h6[39m
    [33mclass[39m=[32m"MuiTypography-root MuiTypography-subtitle2 css-1k7msii-MuiTypography-root"[39m
    [33mid[39m=[32m"change-item-20-heading"[39m
  [36m/>[39m

  Name "Change Item 22":
  [36m<h6[39m
    [33mclass[39m=[32m"MuiTypography-root MuiTypography-subtitle2 css-1k7msii-MuiTypography-root"[39m
    [33mid[39m=[32m"change-item-21-heading"[39m
  [36m/>[39m

  Name "Change Item 23":
  [36m<h6[39m
    [33mclass[39m=[32m"MuiTypography-root MuiTypography-subtitle2 css-1k7msii-MuiTypography-root"[39m
    [33mid[39m=[32m"change-item-22-heading"[39m
  [36m/>[39m

  Name "Change Item 24":
  [36m<h6[39m
    [33mclass[39m=[32m"MuiTypography-root MuiTypography-subtitle2 css-1k7msii-MuiTypography-root"[39m
    [33mid[39m=[32m"change-item-23-heading"[39m
  [36m/>[39m

  Name "Change Item 25":
  [36m<h6[39m
    [33mclass[39m=[32m"MuiTypography-root MuiTypography-subtitle2 css-1k7msii-MuiTypography-root"[39m
    [33mid[39m=[32m"change-item-24-heading"[39m
  [36m/>[39m

  Name "Change Item 26":
  [36m<h6[39m
    [33mclass[39m=[32m"MuiTypography-root MuiTypography-subtitle2 css-1k7msii-MuiTypography-root"[39m
    [33mid[39m=[32m"change-item-25-heading"[39m
  [36m/>[39m

  Name "Change Item 27":
  [36m<h6[39m
    [33mclass[39m=[32m"MuiTypography-root MuiTypography-subtitle2 css-1k7msii-MuiTypography-root"[39m
    [33mid[39m=[32m"change-item-26-heading"[39m
  [36m/>[39m

  Name "Change Item 28":
  [36m<h6[39m
    [33mclass[39m=[32m"MuiTypography-root MuiTypography-subtitle2 css-1k7msii-MuiTypography-root"[39m
    [33mid[39m=[32m"change-item-27-heading"[39m
  [36m/>[39m

  Name "Change Item 29":
  [36m<h6[39m
    [33mclass[39m=[32m"MuiTypography-root MuiTypography-subtitle2 css-1k7msii-MuiTypography-root"[39m
    [33mid[39m=[32m"change-item-28-heading"[39m
  [36m/>[39m

  Name "Change Item 30":
  [36m<h6[39m
    [33mclass[39m=[32m"MuiTypography-root MuiTypography-subtitle2 css-1k7msii-MuiTypography-root"[39m
    [33mid[39m=[32m"change-item-29-heading"[39m
  [36m/>[39m

  Name "Change Item 31":
  [36m<h6[39m
    [33mclass[39m=[32m"MuiTypography-root MuiTypography-subtitle2 css-1k7msii-MuiTypography-root"[39m
    [33mid[39m=[32m"change-item-30-heading"[39m
  [36m/>[39m

  Name "Change Item 32":
  [36m<h6[39m
    [33mclass[39m=[32m"MuiTypography-root MuiTypography-subtitle2 css-1k7msii-MuiTypography-root"[39m
    [33mid[39m=[32m"change-item-31-heading"[39m
  [36m/>[39m

  Name "Change Item 33":
  [36m<h6[39m
    [33mclass[39m=[32m"MuiTypography-root MuiTypography-subtitle2 css-1k7msii-MuiTypography-root"[39m
    [33mid[39m=[32m"change-item-32-heading"[39m
  [36m/>[39m

  Name "Change Item 34":
  [36m<h6[39m
    [33mclass[39m=[32m"MuiTypography-root MuiTypography-subtitle2 css-1k7msii-MuiTypography-root"[39m
    [33mid[39m=[32m"change-item-33-heading"[39m
  [36m/>[39m

  Name "Change Item 35":
  [36m<h6[39m
    [33mclass[39m=[32m"MuiTypography-root MuiTypography-subtitle2 css-1k7msii-MuiTypography-root"[39m
    [33mid[39m=[32m"change-item-34-heading"[39m
  [36m/>[39m

  Name "Change Item 36":
  [36m<h6[39m
    [33mclass[39m=[32m"MuiTypography-root MuiTypography-subtitle2 css-1k7msii-MuiTypography-root"[39m
    [33mid[39m=[32m"change-item-35-heading"[39m
  [36m/>[39m

  Name "Change Item 37":
  [36m<h6[39m
    [33mclass[39m=[32m"MuiTypography-root MuiTypography-subtitle2 css-1k7msii-MuiTypography-root"[39m
    [33mid[39m=[32m"change-item-36-heading"[39m
  [36m/>[39m

  Name "Change Item 38":
  [36m<h6[39m
    [33mclass[39m=[32m"MuiTypography-root MuiTypography-subtitle2 css-1k7msii-MuiTypography-root"[39m
    [33mid[39m=[32m"change-item-37-heading"[39m
  [36m/>[39m

  Name "Change Item 39":
  [36m<h6[39m
    [33mclass[39m=[32m"MuiTypography-root MuiTypography-subtitle2 css-1k7msii-MuiTypography-root"[39m
    [33mid[39m=[32m"change-item-38-heading"[39m
  [36m/>[39m

  Name "Change Item 40":
  [36m<h6[39m
    [33mclass[39m=[32m"MuiTypography-root MuiTypography-subtitle2 css-1k7msii-MuiTypography-root"[39m
    [33mid[39m=[32m"change-item-39-heading"[39m
  [36m/>[39m

  Name "Change Item 41":
  [36m<h6[39m
    [33mclass[39m=[32m"MuiTypography-root MuiTypography-subtitle2 css-1k7msii-MuiTypography-root"[39m
    [33mid[39m=[32m"change-item-40-heading"[39m
  [36m/>[39m

  Name "Change Item 42":
  [36m<h6[39m
    [33mclass[39m=[32m"MuiTypography-root MuiTypography-subtitle2 css-1k7msii-MuiTypography-root"[39m
    [33mid[39m=[32m"change-item-41-heading"[39m
  [36m/>[39m

  Name "Change Item 43":
  [36m<h6[39m
    [33mclass[39m=[32m"MuiTypography-root MuiTypography-subtitle2 css-1k7msii-MuiTypography-root"[39m
    [33mid[39m=[32m"change-item-42-heading"[39m
  [36m/>[39m

  Name "Change Item 44":
  [36m<h6[39m
    [33mclass[39m=[32m"MuiTypography-root MuiTypography-subtitle2 css-1k7msii-MuiTypography-root"[39m
    [33mid[39m=[32m"change-item-43-heading"[39m
  [36m/>[39m

  Name "Change Item 45":
  [36m<h6[39m
    [33mclass[39m=[32m"MuiTypography-root MuiTypography-subtitle2 css-1k7msii-MuiTypography-root"[39m
    [33mid[39m=[32m"change-item-44-heading"[39m
  [36m/>[39m

  Name "Change Item 46":
  [36m<h6[39m
    [33mclass[39m=[32m"MuiTypography-root MuiTypography-subtitle2 css-1k7msii-MuiTypography-root"[39m
    [33mid[39m=[32m"change-item-45-heading"[39m
  [36m/>[39m

  Name "Change Item 47":
  [36m<h6[39m
    [33mclass[39m=[32m"MuiTypography-root MuiTypography-subtitle2 css-1k7msii-MuiTypography-root"[39m
    [33mid[39m=[32m"change-item-46-heading"[39m
  [36m/>[39m

  Name "Change Item 48":
  [36m<h6[39m
    [33mclass[39m=[32m"MuiTypography-root MuiTypography-subtitle2 css-1k7msii-MuiTypography-root"[39m
    [33mid[39m=[32m"change-item-47-heading"[39m
  [36m/>[39m

  Name "Change Item 49":
  [36m<h6[39m
    [33mclass[39m=[32m"MuiTypography-root MuiTypography-subtitle2 css-1k7msii-MuiTypography-root"[39m
    [33mid[39m=[32m"change-item-48-heading"[39m
  [36m/>[39m

  Name "Change Item 50":
  [36m<h6[39m
    [33mclass[39m=[32m"MuiTypography-root MuiTypography-subtitle2 css-1k7msii-MuiTypography-root"[39m
    [33mid[39m=[32m"change-item-49-heading"[39m
  [36m/>[39m

  Name "Change Item 51":
  [36m<h6[39m
    [33mclass[39m=[32m"MuiTypography-root MuiTypography-subtitle2 css-1k7msii-MuiTypography-root"[39m
    [33mid[39m=[32m"change-item-50-heading"[39m
  [36m/>[39m

  Name "Change Item 52":
  [36m<h6[39m
    [33mclass[39m=[32m"MuiTypography-root MuiTypography-subtitle2 css-1k7msii-MuiTypography-root"[39m
    [33mid[39m=[32m"change-item-51-heading"[39m
  [36m/>[39m

  Name "Change Item 53":
  [36m<h6[39m
    [33mclass[39m=[32m"MuiTypography-root MuiTypography-subtitle2 css-1k7msii-MuiTypography-root"[39m
    [33mid[39m=[32m"change-item-52-heading"[39m
  [36m/>[39m

  Name "Change Item 54":
  [36m<h6[39m
    [33mclass[39m=[32m"MuiTypography-root MuiTypography-subtitle2 css-1k7msii-MuiTypography-root"[39m
    [33mid[39m=[32m"change-item-53-heading"[39m
  [36m/>[39m

  Name "Change Item 55":
  [36m<h6[39m
    [33mclass[39m=[32m"MuiTypography-root MuiTypography-subtitle2 css-1k7msii-MuiTypography-root"[39m
    [33mid[39m=[32m"change-item-54-heading"[39m
  [36m/>[39m

  Name "Change Item 56":
  [36m<h6[39m
    [33mclass[39m=[32m"MuiTypography-root MuiTypography-subtitle2 css-1k7msii-MuiTypography-root"[39m
    [33mid[39m=[32m"change-item-55-heading"[39m
  [36m/>[39m

  Name "Change Item 57":
  [36m<h6[39m
    [33mclass[39m=[32m"MuiTypography-root MuiTypography-subtitle2 css-1k7msii-MuiTypography-root"[39m
    [33mid[39m=[32m"change-item-56-heading"[39m
  [36m/>[39m

  Name "Change Item 58":
  [36m<h6[39m
    [33mclass[39m=[32m"MuiTypography-root MuiTypography-subtitle2 css-1k7msii-MuiTypography-root"[39m
    [33mid[39m=[32m"change-item-57-heading"[39m
  [36m/>[39m

  Name "Change Item 59":
  [36m<h6[39m
    [33mclass[39m=[32m"MuiTypography-root MuiTypography-subtitle2 css-1k7msii-MuiTypography-root"[39m
    [33mid[39m=[32m"change-item-58-heading"[39m
  [36m/>[39m

  Name "Change Item 60":
  [36m<h6[39m
    [33mclass[39m=[32m"MuiTypography-root MuiTypography-subtitle2 css-1k7msii-MuiTypography-root"[39m
    [33mid[39m=[32m"change-item-59-heading"[39m
  [36m/>[39m

  Name "Change Item 61":
  [36m<h6[39m
    [33mclass[39m=[32m"MuiTypography-root MuiTypography-subtitle2 css-1k7msii-MuiTypography-root"[39m
    [33mid[39m=[32m"change-item-60-heading"[39m
  [36m/>[39m

  Name "Change Item 62":
  [36m<h6[39m
    [33mclass[39m=[32m"MuiTypography-root MuiTypography-subtitle2 css-1k7msii-MuiTypography-root"[39m
    [33mid[39m=[32m"change-item-61-heading"[39m
  [36m/>[39m

  Name "Change Item 63":
  [36m<h6[39m
    [33mclass[39m=[32m"MuiTypography-root MuiTypography-subtitle2 css-1k7msii-MuiTypography-root"[39m
    [33mid[39m=[32m"change-item-62-heading"[39m
  [36m/>[39m

  Name "Change Item 64":
  [36m<h6[39m
    [33mclass[39m=[32m"MuiTypography-root MuiTypography-subtitle2 css-1k7msii-MuiTypography-root"[39m
    [33mid[39m=[32m"change-item-63-heading"[39m
  [36m/>[39m

  Name "Change Item 65":
  [36m<h6[39m
    [33mclass[39m=[32m"MuiTypography-root MuiTypography-subtitle2 css-1k7msii-MuiTypography-root"[39m
    [33mid[39m=[32m"change-item-64-heading"[39m
  [36m/>[39m

  Name "Change Item 66":
  [36m<h6[39m
    [33mclass[39m=[32m"MuiTypography-root MuiTypography-subtitle2 css-1k7msii-MuiTypography-root"[39m
    [33mid[39m=[32m"change-item-65-heading"[39m
  [36m/>[39m

  Name "Change Item 67":
  [36m<h6[39m
    [33mclass[39m=[32m"MuiTypography-root MuiTypography-subtitle2 css-1k7msii-MuiTypography-root"[39m
    [33mid[39m=[32m"change-item-66-heading"[39m
  [36m/>[39m

  Name "Change Item 68":
  [36m<h6[39m
    [33mclass[39m=[32m"MuiTypography-root MuiTypography-subtitle2 css-1k7msii-MuiTypography-root"[39m
    [33mid[39m=[32m"change-item-67-heading"[39m
  [36m/>[39m

  Name "Change Item 69":
  [36m<h6[39m
    [33mclass[39m=[32m"MuiTypography-root MuiTypography-subtitle2 css-1k7msii-MuiTypography-root"[39m
    [33mid[39m=[32m"change-item-68-heading"[39m
  [36m/>[39m

  Name "Change Item 70":
  [36m<h6[39m
    [33mclass[39m=[32m"MuiTypography-root MuiTypography-subtitle2 css-1k7msii-MuiTypography-root"[39m
    [33mid[39m=[32m"change-item-69-heading"[39m
  [36m/>[39m

  Name "Change Item 71":
  [36m<h6[39m
    [33mclass[39m=[32m"MuiTypography-root MuiTypography-subtitle2 css-1k7msii-MuiTypography-root"[39m
    [33mid[39m=[32m"change-item-70-heading"[39m
  [36m/>[39m

  Name "Change Item 72":
  [36m<h6[39m
    [33mclass[39m=[32m"MuiTypography-root MuiTypography-subtitle2 css-1k7msii-MuiTypography-root"[39m
    [33mid[39m=[32m"change-item-71-heading"[39m
  [36m/>[39m

  Name "Change Item 73":
  [36m<h6[39m
    [33mclass[39m=[32m"MuiTypography-root MuiTypography-subtitle2 css-1k7msii-MuiTypography-root"[39m
    [33mid[39m=[32m"change-item-72-heading"[39m
  [36m/>[39m

  Name "Change Item 74":
  [36m<h6[39m
    [33mclass[39m=[32m"MuiTypography-root MuiTypography-subtitle2 css-1k7msii-MuiTypography-root"[39m
    [33mid[39m=[32m"change-item-73-heading"[39m
  [36m/>[39m

  Name "Change Item 75":
  [36m<h6[39m
    [33mclass[39m=[32m"MuiTypography-root MuiTypography-subtitle2 css-1k7msii-MuiTypography-root"[39m
    [33mid[39m=[32m"change-item-74-heading"[39m
  [36m/>[39m

  Name "Change Item 76":
  [36m<h6[39m
    [33mclass[39m=[32m"MuiTypography-root MuiTypography-subtitle2 css-1k7msii-MuiTypography-root"[39m
    [33mid[39m=[32m"change-item-75-heading"[39m
  [36m/>[39m

  Name "Change Item 77":
  [36m<h6[39m
    [33mclass[39m=[32m"MuiTypography-root MuiTypography-subtitle2 css-1k7msii-MuiTypography-root"[39m
    [33mid[39m=[32m"change-item-76-heading"[39m
  [36m/>[39m

  Name "Change Item 78":
  [36m<h6[39m
    [33mclass[39m=[32m"MuiTypography-root MuiTypography-subtitle2 css-1k7msii-MuiTypography-root"[39m
    [33mid[39m=[32m"change-item-77-heading"[39m
  [36m/>[39m

  Name "Change Item 79":
  [36m<h6[39m
    [33mclass[39m=[32m"MuiTypography-root MuiTypography-subtitle2 css-1k7msii-MuiTypography-root"[39m
    [33mid[39m=[32m"change-item-78-heading"[39m
  [36m/>[39m

  Name "Change Item 80":
  [36m<h6[39m
    [33mclass[39m=[32m"MuiTypography-root MuiTypography-subtitle2 css-1k7msii-MuiTypography-root"[39m
    [33mid[39m=[32m"change-item-79-heading"[39m
  [36m/>[39m

  Name "Change Item 81":
  [36m<h6[39m
    [33mclass[39m=[32m"MuiTypography-root MuiTypography-subtitle2 css-1k7msii-MuiTypography-root"[39m
    [33mid[39m=[32m"change-item-80-heading"[39m
  [36m/>[39m

  Name "Change Item 82":
  [36m<h6[39m
    [33mclass[39m=[32m"MuiTypography-root MuiTypography-subtitle2 css-1k7msii-MuiTypography-root"[39m
    [33mid[39m=[32m"change-item-81-heading"[39m
  [36m/>[39m

  Name "Change Item 83":
  [36m<h6[39m
    [33mclass[39m=[32m"MuiTypography-root MuiTypography-subtitle2 css-1k7msii-MuiTypography-root"[39m
    [33mid[39m=[32m"change-item-82-heading"[39m
  [36m/>[39m

  Name "Change Item 84":
  [36m<h6[39m
    [33mclass[39m=[32m"MuiTypography-root MuiTypography-subtitle2 css-1k7msii-MuiTypography-root"[39m
    [33mid[39m=[32m"change-item-83-heading"[39m
  [36m/>[39m

  Name "Change Item 85":
  [36m<h6[39m
    [33mclass[39m=[32m"MuiTypography-root MuiTypography-subtitle2 css-1k7msii-MuiTypography-root"[39m
    [33mid[39m=[32m"change-item-84-heading"[39m
  [36m/>[39m

  Name "Change Item 86":
  [36m<h6[39m
    [33mclass[39m=[32m"MuiTypography-root MuiTypography-subtitle2 css-1k7msii-MuiTypography-root"[39m
    [33mid[39m=[32m"change-item-85-heading"[39m
  [36m/>[39m

  Name "Change Item 87":
  [36m<h6[39m
    [33mclass[39m=[32m"MuiTypography-root MuiTypography-subtitle2 css-1k7msii-MuiTypography-root"[39m
    [33mid[39m=[32m"change-item-86-heading"[39m
  [36m/>[39m

  Name "Change Item 88":
  [36m<h6[39m
    [33mclass[39m=[32m"MuiTypography-root MuiTypography-subtitle2 css-1k7msii-MuiTypography-root"[39m
    [33mid[39m=[32m"change-item-87-heading"[39m
  [36m/>[39m

  Name "Change Item 89":
  [36m<h6[39m
    [33mclass[39m=[32m"MuiTypography-root MuiTypography-subtitle2 css-1k7msii-MuiTypography-root"[39m
    [33mid[39m=[32m"change-item-88-heading"[39m
  [36m/>[39m

  Name "Change Item 90":
  [36m<h6[39m
    [33mclass[39m=[32m"MuiTypography-root MuiTypography-subtitle2 css-1k7msii-MuiTypography-root"[39m
    [33mid[39m=[32m"change-item-89-heading"[39m
  [36m/>[39m

  Name "Change Item 91":
  [36m<h6[39m
    [33mclass[39m=[32m"MuiTypography-root MuiTypography-subtitle2 css-1k7msii-MuiTypography-root"[39m
    [33mid[39m=[32m"change-item-90-heading"[39m
  [36m/>[39m

  Name "Change Item 92":
  [36m<h6[39m
    [33mclass[39m=[32m"MuiTypography-root MuiTypography-subtitle2 css-1k7msii-MuiTypography-root"[39m
    [33mid[39m=[32m"change-item-91-heading"[39m
  [36m/>[39m

  Name "Change Item 93":
  [36m<h6[39m
    [33mclass[39m=[32m"MuiTypography-root MuiTypography-subtitle2 css-1k7msii-MuiTypography-root"[39m
    [33mid[39m=[32m"change-item-92-heading"[39m
  [36m/>[39m

  Name "Change Item 94":
  [36m<h6[39m
    [33mclass[39m=[32m"MuiTypography-root MuiTypography-subtitle2 css-1k7msii-MuiTypography-root"[39m
    [33mid[39m=[32m"change-item-93-heading"[39m
  [36m/>[39m

  Name "Change Item 95":
  [36m<h6[39m
    [33mclass[39m=[32m"MuiTypography-root MuiTypography-subtitle2 css-1k7msii-MuiTypography-root"[39m
    [33mid[39m=[32m"change-item-94-heading"[39m
  [36m/>[39m

  Name "Change Item 96":
  [36m<h6[39m
    [33mclass[39m=[32m"MuiTypography-root MuiTypography-subtitle2 css-1k7msii-MuiTypography-root"[39m
    [33mid[39m=[32m"change-item-95-heading"[39m
  [36m/>[39m

  Name "Change Item 97":
  [36m<h6[39m
    [33mclass[39m=[32m"MuiTypography-root MuiTypography-subtitle2 css-1k7msii-MuiTypography-root"[39m
    [33mid[39m=[32m"change-item-96-heading"[39m
  [36m/>[39m

  Name "Change Item 98":
  [36m<h6[39m
    [33mclass[39m=[32m"MuiTypography-root MuiTypography-subtitle2 css-1k7msii-MuiTypography-root"[39m
    [33mid[39m=[32m"change-item-97-heading"[39m
  [36m/>[39m

  Name "Change Item 99":
  [36m<h6[39m
    [33mclass[39m=[32m"MuiTypography-root MuiTypography-subtitle2 css-1k7msii-MuiTypography-root"[39m
    [33mid[39m=[32m"change-item-98-heading"[39m
  [36m/>[39m

  Name "Change Item 100":
  [36m<h6[39m
    [33mclass[39m=[32m"MuiTypography-root MuiTypography-subtitle2 css-1k7msii-MuiTypography-root"[39m
    [33mid[39m=[32m"change-item-99-heading"[39m
  [36m/>[39m

  Name "Change Item 101":
  [36m<h6[39m
    [33mclass[39m=[32m"MuiTypography-root MuiTypography-subtitle2 css-1k7msii-MuiTypography-root"[39m
    [33mid[39m=[32m"change-item-100-heading"[39m
  [36m/>[39m

  Name "Change Item 102":
  [36m<h6[39m
    [33mclass[39m=[32m"MuiTypography-root MuiTypography-subtitle2 css-1k7msii-MuiTypography-root"[39m
    [33mid[39m=[32m"change-item-101-heading"[39m
  [36m/>[39m

  Name "Change Item 103":
  [36m<h6[39m
    [33mclass[39m=[32m"MuiTypography-root MuiTypography-subtitle2 css-1k7msii-MuiTypography-root"[39m
    [33mid[39m=[32m"change-item-102-heading"[39m
  [36m/>[39m

  Name "Change Item 104":
  [36m<h6[39m
    [33mclass[39m=[32m"MuiTypography-root MuiTypography-subtitle2 css-1k7msii-MuiTypography-root"[39m
    [33mid[39m=[32m"change-item-103-heading"[39m
  [36m/>[39m

  Name "Change Item 105":
  [36m<h6[39m
    [33mclass[39m=[32m"MuiTypography-root MuiTypography-subtitle2 css-1k7msii-MuiTypography-root"[39m
    [33mid[39m=[32m"change-item-104-heading"[39m
  [36m/>[39m

  Name "Change Item 106":
  [36m<h6[39m
    [33mclass[39m=[32m"MuiTypography-root MuiTypography-subtitle2 css-1k7msii-MuiTypography-root"[39m
    [33mid[39m=[32m"change-item-105-heading"[39m
  [36m/>[39m

  Name "Change Item 107":
  [36m<h6[39m
    [33mclass[39m=[32m"MuiTypography-root MuiTypography-subtitle2 css-1k7msii-MuiTypography-root"[39m
    [33mid[39m=[32m"change-item-106-heading"[39m
  [36m/>[39m

  Name "Change Item 108":
  [36m<h6[39m
    [33mclass[39m=[32m"MuiTypography-root MuiTypography-subtitle2 css-1k7msii-MuiTypography-root"[39m
    [33mid[39m=[32m"change-item-107-heading"[39m
  [36m/>[39m

  Name "Change Item 109":
  [36m<h6[39m
    [33mclass[39m=[32m"MuiTypography-root MuiTypography-subtitle2 css-1k7msii-MuiTypography-root"[39m
    [33mid[39m=[32m"change-item-108-heading"[39m
  [36m/>[39m

  Name "Change Item 110":
  [36m<h6[39m
    [33mclass[39m=[32m"MuiTypography-root MuiTypography-subtitle2 css-1k7msii-MuiTypography-root"[39m
    [33mid[39m=[32m"change-item-109-heading"[39m
  [36m/>[39m

  Name "Change Item 111":
  [36m<h6[39m
    [33mclass[39m=[32m"MuiTypography-root MuiTypography-subtitle2 css-1k7msii-MuiTypography-root"[39m
    [33mid[39m=[32m"change-item-110-heading"[39m
  [36m/>[39m

  Name "Change Item 112":
  [36m<h6[39m
    [33mclass[39m=[32m"MuiTypography-root MuiTypography-subtitle2 css-1k7msii-MuiTypography-root"[39m
    [33mid[39m=[32m"change-item-111-heading"[39m
  [36m/>[39m

  Name "Change Item 113":
  [36m<h6[39m
    [33mclass[39m=[32m"MuiTypography-root MuiTypography-subtitle2 css-1k7msii-MuiTypography-root"[39m
    [33mid[39m=[32m"change-item-112-heading"[39m
  [36m/>[39m

  Name "Change Item 114":
  [36m<h6[39m
    [33mclass[39m=[32m"MuiTypography-root MuiTypography-subtitle2 css-1k7msii-MuiTypography-root"[39m
    [33mid[39m=[32m"change-item-113-heading"[39m
  [36m/>[39m

  Name "Change Item 115":
  [36m<h6[39m
    [33mclass[39m=[32m"MuiTypography-root MuiTypography-subtitle2 css-1k7msii-MuiTypography-root"[39m
    [33mid[39m=[32m"change-item-114-heading"[39m
  [36m/>[39m

  Name "Change Item 116":
  [36m<h6[39m
    [33mclass[39m=[32m"MuiTypography-root MuiTypography-subtitle2 css-1k7msii-MuiTypography-root"[39m
    [33mid[39m=[32m"change-item-115-heading"[39m
  [36m/>[39m

  Name "Change Item 117":
  [36m<h6[39m
    [33mclass[39m=[32m"MuiTypography-root MuiTypography-subtitle2 css-1k7msii-MuiTypography-root"[39m
    [33mid[39m=[32m"change-item-116-heading"[39m
  [36m/>[39m

  Name "Change Item 118":
  [36m<h6[39m
    [33mclass[39m=[32m"MuiTypography-root MuiTypography-subtitle2 css-1k7msii-MuiTypography-root"[39m
    [33mid[39m=[32m"change-item-117-heading"[39m
  [36m/>[39m

  Name "Change Item 119":
  [36m<h6[39m
    [33mclass[39m=[32m"MuiTypography-root MuiTypography-subtitle2 css-1k7msii-MuiTypography-root"[39m
    [33mid[39m=[32m"change-item-118-heading"[39m
  [36m/>[39m

  Name "Change Item 120":
  [36m<h6[39m
    [33mclass[39m=[32m"MuiTypography-root MuiTypography-subtitle2 css-1k7msii-MuiTypography-root"[39m
    [33mid[39m=[32m"change-item-119-heading"[39m
  [36m/>[39m

  Name "Change Item 121":
  [36m<h6[39m
    [33mclass[39m=[32m"MuiTypography-root MuiTypography-subtitle2 css-1k7msii-MuiTypography-root"[39m
    [33mid[39m=[32m"change-item-120-heading"[39m
  [36m/>[39m

  Name "Change Item 122":
  [36m<h6[39m
    [33mclass[39m=[32m"MuiTypography-root MuiTypography-subtitle2 css-1k7msii-MuiTypography-root"[39m
    [33mid[39m=[32m"change-item-121-heading"[39m
  [36m/>[39m

  Name "Change Item 123":
  [36m<h6[39m
    [33mclass[39m=[32m"MuiTypography-root MuiTypography-subtitle2 css-1k7msii-MuiTypography-root"[39m
    [33mid[39m=[32m"change-item-122-heading"[39m
  [36m/>[39m

  Name "Change Item 124":
  [36m<h6[39m
    [33mclass[39m=[32m"MuiTypography-root MuiTypography-subtitle2 css-1k7msii-MuiTypography-root"[39m
    [33mid[39m=[32m"change-item-123-heading"[39m
  [36m/>[39m

  Name "Change Item 125":
  [36m<h6[39m
    [33mclass[39m=[32m"MuiTypography-root MuiTypography-subtitle2 css-1k7msii-MuiTypography-root"[39m
    [33mid[39m=[32m"change-item-124-heading"[39m
  [36m/>[39m

  Name "Change Item 126":
  [36m<h6[39m
    [33mclass[39m=[32m"MuiTypography-root MuiTypography-subtitle2 css-1k7msii-MuiTypography-root"[39m
    [33mid[39m=[32m"change-item-125-heading"[39m
  [36m/>[39m

  Name "Change Item 127":
  [36m<h6[39m
    [33mclass[39m=[32m"MuiTypography-root MuiTypography-subtitle2 css-1k7msii-MuiTypography-root"[39m
    [33mid[39m=[32m"change-item-126-heading"[39m
  [36m/>[39m

  Name "Change Item 128":
  [36m<h6[39m
    [33mclass[39m=[32m"MuiTypography-root MuiTypography-subtitle2 css-1k7msii-MuiTypography-root"[39m
    [33mid[39m=[32m"change-item-127-heading"[39m
  [36m/>[39m

  Name "Change Item 129":
  [36m<h6[39m
    [33mclass[39m=[32m"MuiTypography-root MuiTypography-subtitle2 css-1k7msii-MuiTypography-root"[39m
    [33mid[39m=[32m"change-item-128-heading"[39m
  [36m/>[39m

  Name "Change Item 130":
  [36m<h6[39m
    [33mclass[39m=[32m"MuiTypography-root MuiTypography-subtitle2 css-1k7msii-MuiTypography-root"[39m
    [33mid[39m=[32m"change-item-129-heading"[39m
  [36m/>[39m

  Name "Change Item 131":
  [36m<h6[39m
    [33mclass[39m=[32m"MuiTypography-root MuiTypography-subtitle2 css-1k7msii-MuiTypography-root"[39m
    [33mid[39m=[32m"change-item-130-heading"[39m
  [36m/>[39m

  Name "Change Item 132":
  [36m<h6[39m
    [33mclass[39m=[32m"MuiTypography-root MuiTypography-subtitle2 css-1k7msii-MuiTypography-root"[39m
    [33mid[39m=[32m"change-item-131-heading"[39m
  [36m/>[39m

  Name "Change Item 133":
  [36m<h6[39m
    [33mclass[39m=[32m"MuiTypography-root MuiTypography-subtitle2 css-1k7msii-MuiTypography-root"[39m
    [33mid[39m=[32m"change-item-132-heading"[39m
  [36m/>[39m

  Name "Change Item 134":
  [36m<h6[39m
    [33mclass[39m=[32m"MuiTypography-root MuiTypography-subtitle2 css-1k7msii-MuiTypography-root"[39m
    [33mid[39m=[32m"change-item-133-heading"[39m
  [36m/>[39m

  Name "Change Item 135":
  [36m<h6[39m
    [33mclass[39m=[32m"MuiTypography-root MuiTypography-subtitle2 css-1k7msii-MuiTypography-root"[39m
    [33mid[39m=[32m"change-item-134-heading"[39m
  [36m/>[39m

  Name "Change Item 136":
  [36m<h6[39m
    [33mclass[39m=[32m"MuiTypography-root MuiTypography-subtitle2 css-1k7msii-MuiTypography-root"[39m
    [33mid[39m=[32m"change-item-135-heading"[39m
  [36m/>[39m

  Name "Change Item 137":
  [36m<h6[39m
    [33mclass[39m=[32m"MuiTypography-root MuiTypography-subtitle2 css-1k7msii-MuiTypography-root"[39m
    [33mid[39m=[32m"change-item-136-heading"[39m
  [36m/>[39m

  Name "Change Item 138":
  [36m<h6[39m
    [33mclass[39m=[32m"MuiTypography-root MuiTypography-subtitle2 css-1k7msii-MuiTypography-root"[39m
    [33mid[39m=[32m"change-item-137-heading"[39m
  [36m/>[39m

  Name "Change Item 139":
  [36m<h6[39m
    [33mclass[39m=[32m"MuiTypography-root MuiTypography-subtitle2 css-1k7msii-MuiTypography-root"[39m
    [33mid[39m=[32m"change-item-138-heading"[39m
  [36m/>[39m

  Name "Change Item 140":
  [36m<h6[39m
    [33mclass[39m=[32m"MuiTypography-root MuiTypography-subtitle2 css-1k7msii-MuiTypography-root"[39m
    [33mid[39m=[32m"change-item-139-heading"[39m
  [36m/>[39m

  Name "Change Item 141":
  [36m<h6[39m
    [33mclass[39m=[32m"MuiTypography-root MuiTypography-subtitle2 css-1k7msii-MuiTypography-root"[39m
    [33mid[39m=[32m"change-item-140-heading"[39m
  [36m/>[39m

  Name "Change Item 142":
  [36m<h6[39m
    [33mclass[39m=[32m"MuiTypography-root MuiTypography-subtitle2 css-1k7msii-MuiTypography-root"[39m
    [33mid[39m=[32m"change-item-141-heading"[39m
  [36m/>[39m

  Name "Change Item 143":
  [36m<h6[39m
    [33mclass[39m=[32m"MuiTypography-root MuiTypography-subtitle2 css-1k7msii-MuiTypography-root"[39m
    [33mid[39m=[32m"change-item-142-heading"[39m
  [36m/>[39m

  Name "Change Item 144":
  [36m<h6[39m
    [33mclass[39m=[32m"MuiTypography-root MuiTypography-subtitle2 css-1k7msii-MuiTypography-root"[39m
    [33mid[39m=[32m"change-item-143-heading"[39m
  [36m/>[39m

  Name "Change Item 145":
  [36m<h6[39m
    [33mclass[39m=[32m"MuiTypography-root MuiTypography-subtitle2 css-1k7msii-MuiTypography-root"[39m
    [33mid[39m=[32m"change-item-144-heading"[39m
  [36m/>[39m

  Name "Change Item 146":
  [36m<h6[39m
    [33mclass[39m=[32m"MuiTypography-root MuiTypography-subtitle2 css-1k7msii-MuiTypography-root"[39m
    [33mid[39m=[32m"change-item-145-heading"[39m
  [36m/>[39m

  Name "Change Item 147":
  [36m<h6[39m
    [33mclass[39m=[32m"MuiTypography-root MuiTypography-subtitle2 css-1k7msii-MuiTypography-root"[39m
    [33mid[39m=[32m"change-item-146-heading"[39m
  [36m/>[39m

  Name "Change Item 148":
  [36m<h6[39m
    [33mclass[39m=[32m"MuiTypography-root MuiTypography-subtitle2 css-1k7msii-MuiTypography-root"[39m
    [33mid[39m=[32m"change-item-147-heading"[39m
  [36m/>[39m

  Name "Change Item 149":
  [36m<h6[39m
    [33mclass[39m=[32m"MuiTypography-root MuiTypography-subtitle2 css-1k7msii-MuiTypography-root"[39m
    [33mid[39m=[32m"change-item-148-heading"[39m
  [36m/>[39m

  Name "Change Item 150":
  [36m<h6[39m
    [33mclass[39m=[32m"MuiTypography-root MuiTypography-subtitle2 css-1k7msii-MuiTypography-root"[39m
    [33mid[39m=[32m"change-item-149-heading"[39m
  [36m/>[39m

  Name "Change Item 151":
  [36m<h6[39m
    [33mclass[39m=[32m"MuiTypography-root MuiTypography-subtitle2 css-1k7msii-MuiTypography-root"[39m
    [33mid[39m=[32m"change-item-150-heading"[39m
  [36m/>[39m

  Name "Change Item 152":
  [36m<h6[39m
    [33mclass[39m=[32m"MuiTypography-root MuiTypography-subtitle2 css-1k7msii-MuiTypography-root"[39m
    [33mid[39m=[32m"change-item-151-heading"[39m
  [36m/>[39m

  Name "Change Item 153":
  [36m<h6[39m
    [33mclass[39m=[32m"MuiTypography-root MuiTypography-subtitle2 css-1k7msii-MuiTypography-root"[39m
    [33mid[39m=[32m"change-item-152-heading"[39m
  [36m/>[39m

  Name "Change Item 154":
  [36m<h6[39m
    [33mclass[39m=[32m"MuiTypography-root MuiTypography-subtitle2 css-1k7msii-MuiTypography-root"[39m
    [33mid[39m=[32m"change-item-153-heading"[39m
  [36m/>[39m

  Name "Change Item 155":
  [36m<h6[39m
    [33mclass[39m=[32m"MuiTypography-root MuiTypography-subtitle2 css-1k7msii-MuiTypography-root"[39m
    [33mid[39m=[32m"change-item-154-heading"[39m
  [36m/>[39m

  Name "Change Item 156":
  [36m<h6[39m
    [33mclass[39m=[32m"MuiTypography-root MuiTypography-subtitle2 css-1k7msii-MuiTypography-root"[39m
    [33mid[39m=[32m"change-item-155-heading"[39m
  [36m/>[39m

  Name "Change Item 157":
  [36m<h6[39m
    [33mclass[39m=[32m"MuiTypography-root MuiTypography-subtitle2 css-1k7msii-MuiTypography-root"[39m
    [33mid[39m=[32m"change-item-156-heading"[39m
  [36m/>[39m

  Name "Change Item 158":
  [36m<h6[39m
    [33mclass[39m=[32m"MuiTypography-root MuiTypography-subtitle2 css-1k7msii-MuiTypography-root"[39m
    [33mid[39m=[32m"change-item-157-heading"[39m
  [36m/>[39m

  Name "Change Item 159":
  [36m<h6[39m
    [33mclass[39m=[32m"MuiTypography-root MuiTypography-subtitle2 css-1k7msii-MuiTypography-root"[39m
    [33mid[39m=[32m"change-item-158-heading"[39m
  [36m/>[39m

  Name "Change Item 160":
  [36m<h6[39m
    [33mclass[39m=[32m"MuiTypography-root MuiTypography-subtitle2 css-1k7msii-MuiTypography-root"[39m
    [33mid[39m=[32m"change-item-159-heading"[39m
  [36m/>[39m

  Name "Change Item 161":
  [36m<h6[39m
    [33mclass[39m=[32m"MuiTypography-root MuiTypography-subtitle2 css-1k7msii-MuiTypography-root"[39m
    [33mid[39m=[32m"change-item-160-heading"[39m
  [36m/>[39m

  Name "Change Item 162":
  [36m<h6[39m
    [33mclass[39m=[32m"MuiTypography-root MuiTypography-subtitle2 css-1k7msii-MuiTypography-root"[39m
    [33mid[39m=[32m"change-item-161-heading"[39m
  [36m/>[39m

  Name "Change Item 163":
  [36m<h6[39m
    [33mclass[39m=[32m"MuiTypography-root MuiTypography-subtitle2 css-1k7msii-MuiTypography-root"[39m
    [33mid[39m=[32m"change-item-162-heading"[39m
  [36m/>[39m

  Name "Change Item 164":
  [36m<h6[39m
    [33mclass[39m=[32m"MuiTypography-root MuiTypography-subtitle2 css-1k7msii-MuiTypography-root"[39m
    [33mid[39m=[32m"change-item-163-heading"[39m
  [36m/>[39m

  Name "Change Item 165":
  [36m<h6[39m
    [33mclass[39m=[32m"MuiTypography-root MuiTypography-subtitle2 css-1k7msii-MuiTypography-root"[39m
    [33mid[39m=[32m"change-item-164-heading"[39m
  [36m/>[39m

  Name "Change Item 166":
  [36m<h6[39m
    [33mclass[39m=[32m"MuiTypography-root MuiTypography-subtitle2 css-1k7msii-MuiTypography-root"[39m
    [33mid[39m=[32m"change-item-165-heading"[39m
  [36m/>[39m

  Name "Change Item 167":
  [36m<h6[39m
    [33mclass[39m=[32m"MuiTypography-root MuiTypography-subtitle2 css-1k7msii-MuiTypography-root"[39m
    [33mid[39m=[32m"change-item-166-heading"[39m
  [36m/>[39m

  Name "Change Item 168":
  [36m<h6[39m
    [33mclass[39m=[32m"MuiTypography-root MuiTypography-subtitle2 css-1k7msii-MuiTypography-root"[39m
    [33mid[39m=[32m"change-item-167-heading"[39m
  [36m/>[39m

  Name "Change Item 169":
  [36m<h6[39m
    [33mclass[39m=[32m"MuiTypography-root MuiTypography-subtitle2 css-1k7msii-MuiTypography-root"[39m
    [33mid[39m=[32m"change-item-168-heading"[39m
  [36m/>[39m

  Name "Change Item 170":
  [36m<h6[39m
    [33mclass[39m=[32m"MuiTypography-root MuiTypography-subtitle2 css-1k7msii-MuiTypography-root"[39m
    [33mid[39m=[32m"change-item-169-heading"[39m
  [36m/>[39m

  Name "Change Item 171":
  [36m<h6[39m
    [33mclass[39m=[32m"MuiTypography-root MuiTypography-subtitle2 css-1k7msii-MuiTypography-root"[39m
    [33mid[39m=[32m"change-item-170-heading"[39m
  [36m/>[39m

  Name "Change Item 172":
  [36m<h6[39m
    [33mclass[39m=[32m"MuiTypography-root MuiTypography-subtitle2 css-1k7msii-MuiTypography-root"[39m
    [33mid[39m=[32m"change-item-171-heading"[39m
  [36m/>[39m

  Name "Change Item 173":
  [36m<h6[39m
    [33mclass[39m=[32m"MuiTypography-root MuiTypography-subtitle2 css-1k7msii-MuiTypography-root"[39m
    [33mid[39m=[32m"change-item-172-heading"[39m
  [36m/>[39m

  Name "Change Item 174":
  [36m<h6[39m
    [33mclass[39m=[32m"MuiTypography-root MuiTypography-subtitle2 css-1k7msii-MuiTypography-root"[39m
    [33mid[39m=[32m"change-item-173-heading"[39m
  [36m/>[39m

  Name "Change Item 175":
  [36m<h6[39m
    [33mclass[39m=[32m"MuiTypography-root MuiTypography-subtitle2 css-1k7msii-MuiTypography-root"[39m
    [33mid[39m=[32m"change-item-174-heading"[39m
  [36m/>[39m

  Name "Change Item 176":
  [36m<h6[39m
    [33mclass[39m=[32m"MuiTypography-root MuiTypography-subtitle2 css-1k7msii-MuiTypography-root"[39m
    [33mid[39m=[32m"change-item-175-heading"[39m
  [36m/>[39m

  Name "Change Item 177":
  [36m<h6[39m
    [33mclass[39m=[32m"MuiTypography-root MuiTypography-subtitle2 css-1k7msii-MuiTypography-root"[39m
    [33mid[39m=[32m"change-item-176-heading"[39m
  [36m/>[39m

  Name "Change Item 178":
  [36m<h6[39m
    [33mclass[39m=[32m"MuiTypography-root MuiTypography-subtitle2 css-1k7msii-MuiTypography-root"[39m
    [33mid[39m=[32m"change-item-177-heading"[39m
  [36m/>[39m

  Name "Change Item 179":
  [36m<h6[39m
    [33mclass[39m=[32m"MuiTypography-root MuiTypography-subtitle2 css-1k7msii-MuiTypography-root"[39m
    [33mid[39m=[32m"change-item-178-heading"[39m
  [36m/>[39m

  Name "Change Item 180":
  [36m<h6[39m
    [33mclass[39m=[32m"MuiTypography-root MuiTypography-subtitle2 css-1k7msii-MuiTypography-root"[39m
    [33mid[39m=[32m"change-item-179-heading"[39m
  [36m/>[39m

  Name "Change Item 181":
  [36m<h6[39m
    [33mclass[39m=[32m"MuiTypography-root MuiTypography-subtitle2 css-1k7msii-MuiTypography-root"[39m
    [33mid[39m=[32m"change-item-180-heading"[39m
  [36m/>[39m

  Name "Change Item 182":
  [36m<h6[39m
    [33mclass[39m=[32m"MuiTypography-root MuiTypography-subtitle2 css-1k7msii-MuiTypography-root"[39m
    [33mid[39m=[32m"change-item-181-heading"[39m
  [36m/>[39m

  Name "Change Item 183":
  [36m<h6[39m
    [33mclass[39m=[32m"MuiTypography-root MuiTypography-subtitle2 css-1k7msii-MuiTypography-root"[39m
    [33mid[39m=[32m"change-item-182-heading"[39m
  [36m/>[39m

  Name "Change Item 184":
  [36m<h6[39m
    [33mclass[39m=[32m"MuiTypography-root MuiTypography-subtitle2 css-1k7msii-MuiTypography-root"[39m
    [33mid[39m=[32m"change-item-183-heading"[39m
  [36m/>[39m

  Name "Change Item 185":
  [36m<h6[39m
    [33mclass[39m=[32m"MuiTypography-root MuiTypography-subtitle2 css-1k7msii-MuiTypography-root"[39m
    [33mid[39m=[32m"change-item-184-heading"[39m
  [36m/>[39m

  Name "Change Item 186":
  [36m<h6[39m
    [33mclass[39m=[32m"MuiTypography-root MuiTypography-subtitle2 css-1k7msii-MuiTypography-root"[39m
    [33mid[39m=[32m"change-item-185-heading"[39m
  [36m/>[39m

  Name "Change Item 187":
  [36m<h6[39m
    [33mclass[39m=[32m"MuiTypography-root MuiTypography-subtitle2 css-1k7msii-MuiTypography-root"[39m
    [33mid[39m=[32m"change-item-186-heading"[39m
  [36m/>[39m

  Name "Change Item 188":
  [36m<h6[39m
    [33mclass[39m=[32m"MuiTypography-root MuiTypography-subtitle2 css-1k7msii-MuiTypography-root"[39m
    [33mid[39m=[32m"change-item-187-heading"[39m
  [36m/>[39m

  Name "Change Item 189":
  [36m<h6[39m
    [33mclass[39m=[32m"MuiTypography-root MuiTypography-subtitle2 css-1k7msii-MuiTypography-root"[39m
    [33mid[39m=[32m"change-item-188-heading"[39m
  [36m/>[39m

  Name "Change Item 190":
  [36m<h6[39m
    [33mclass[39m=[32m"MuiTypography-root MuiTypography-subtitle2 css-1k7msii-MuiTypography-root"[39m
    [33mid[39m=[32m"change-item-189-heading"[39m
  [36m/>[39m

  Name "Change Item 191":
  [36m<h6[39m
    [33mclass[39m=[32m"MuiTypography-root MuiTypography-subtitle2 css-1k7msii-MuiTypography-root"[39m
    [33mid[39m=[32m"change-item-190-heading"[39m
  [36m/>[39m

  Name "Change Item 192":
  [36m<h6[39m
    [33mclass[39m=[32m"MuiTypography-root MuiTypography-subtitle2 css-1k7msii-MuiTypography-root"[39m
    [33mid[39m=[32m"change-item-191-heading"[39m
  [36m/>[39m

  Name "Change Item 193":
  [36m<h6[39m
    [33mclass[39m=[32m"MuiTypography-root MuiTypography-subtitle2 css-1k7msii-MuiTypography-root"[39m
    [33mid[39m=[32m"change-item-192-heading"[39m
  [36m/>[39m

  Name "Change Item 194":
  [36m<h6[39m
    [33mclass[39m=[32m"MuiTypography-root MuiTypography-subtitle2 css-1k7msii-MuiTypography-root"[39m
    [33mid[39m=[32m"change-item-193-heading"[39m
  [36m/>[39m

  Name "Change Item 195":
  [36m<h6[39m
    [33mclass[39m=[32m"MuiTypography-root MuiTypography-subtitle2 css-1k7msii-MuiTypography-root"[39m
    [33mid[39m=[32m"change-item-194-heading"[39m
  [36m/>[39m

  Name "Change Item 196":
  [36m<h6[39m
    [33mclass[39m=[32m"MuiTypography-root MuiTypography-subtitle2 css-1k7msii-MuiTypography-root"[39m
    [33mid[39m=[32m"change-item-195-heading"[39m
  [36m/>[39m

  Name "Change Item 197":
  [36m<h6[39m
    [33mclass[39m=[32m"MuiTypography-root MuiTypography-subtitle2 css-1k7msii-MuiTypography-root"[39m
    [33mid[39m=[32m"change-item-196-heading"[39m
  [36m/>[39m

  Name "Change Item 198":
  [36m<h6[39m
    [33mclass[39m=[32m"MuiTypography-root MuiTypography-subtitle2 css-1k7msii-MuiTypography-root"[39m
    [33mid[39m=[32m"change-item-197-heading"[39m
  [36m/>[39m

  Name "Change Item 199":
  [36m<h6[39m
    [33mclass[39m=[32m"MuiTypography-root MuiTypography-subtitle2 css-1k7msii-MuiTypography-root"[39m
    [33mid[39m=[32m"change-item-198-heading"[39m
  [36m/>[39m

  Name "Change Item 200":
  [36m<h6[39m
    [33mclass[39m=[32m"MuiTypography-root MuiTypography-subtitle2 css-1k7msii-MuiTypography-root"[39m
    [33mid[39m=[32m"change-item-199-heading"[39m
  [36m/>[39m

  Name "Change Item 201":
  [36m<h6[39m
    [33mclass[39m=[32m"MuiTypography-root MuiTypography-subtitle2 css-1k7msii-MuiTypography-root"[39m
    [33mid[39m=[32m"change-item-200-heading"[39m
  [36m/>[39m

  Name "Change Item 202":
  [36m<h6[39m
    [33mclass[39m=[32m"MuiTypography-root MuiTypography-subtitle2 css-1k7msii-MuiTypography-root"[39m
    [33mid[39m=[32m"change-item-201-heading"[39m
  [36m/>[39m

  Name "Change Item 203":
  [36m<h6[39m
    [33mclass[39m=[32m"MuiTypography-root MuiTypography-subtitle2 css-1k7msii-MuiTypography-root"[39m
    [33mid[39m=[32m"change-item-202-heading"[39m
  [36m/>[39m

  Name "Change Item 204":
  [36m<h6[39m
    [33mclass[39m=[32m"MuiTypography-root MuiTypography-subtitle2 css-1k7msii-MuiTypography-root"[39m
    [33mid[39m=[32m"change-item-203-heading"[39m
  [36m/>[39m

  Name "Change Item 205":
  [36m<h6[39m
    [33mclass[39m=[32m"MuiTypography-root MuiTypography-subtitle2 css-1k7msii-MuiTypography-root"[39m
    [33mid[39m=[32m"change-item-204-heading"[39m
  [36m/>[39m

  Name "Change Item 206":
  [36m<h6[39m
    [33mclass[39m=[32m"MuiTypography-root MuiTypography-subtitle2 css-1k7msii-MuiTypography-root"[39m
    [33mid[39m=[32m"change-item-205-heading"[39m
  [36m/>[39m

  Name "Change Item 207":
  [36m<h6[39m
    [33mclass[39m=[32m"MuiTypography-root MuiTypography-subtitle2 css-1k7msii-MuiTypography-root"[39m
    [33mid[39m=[32m"change-item-206-heading"[39m
  [36m/>[39m

  Name "Change Item 208":
  [36m<h6[39m
    [33mclass[39m=[32m"MuiTypography-root MuiTypography-subtitle2 css-1k7msii-MuiTypography-root"[39m
    [33mid[39m=[32m"change-item-207-heading"[39m
  [36m/>[39m

  Name "Change Item 209":
  [36m<h6[39m
    [33mclass[39m=[32m"MuiTypography-root MuiTypography-subtitle2 css-1k7msii-MuiTypography-root"[39m
    [33mid[39m=[32m"change-item-208-heading"[39m
  [36m/>[39m

  Name "Change Item 210":
  [36m<h6[39m
    [33mclass[39m=[32m"MuiTypography-root MuiTypography-subtitle2 css-1k7msii-MuiTypography-root"[39m
    [33mid[39m=[32m"change-item-209-heading"[39m
  [36m/>[39m

  Name "Change Item 211":
  [36m<h6[39m
    [33mclass[39m=[32m"MuiTypography-root MuiTypography-subtitle2 css-1k7msii-MuiTypography-root"[39m
    [33mid[39m=[32m"change-item-210-heading"[39m
  [36m/>[39m

  Name "Change Item 212":
  [36m<h6[39m
    [33mclass[39m=[32m"MuiTypography-root MuiTypography-subtitle2 css-1k7msii-MuiTypography-root"[39m
    [33mid[39m=[32m"change-item-211-heading"[39m
  [36m/>[39m

  Name "Change Item 213":
  [36m<h6[39m
    [33mclass[39m=[32m"MuiTypography-root MuiTypography-subtitle2 css-1k7msii-MuiTypography-root"[39m
    [33mid[39m=[32m"change-item-212-heading"[39m
  [36m/>[39m

  Name "Change Item 214":
  [36m<h6[39m
    [33mclass[39m=[32m"MuiTypography-root MuiTypography-subtitle2 css-1k7msii-MuiTypography-root"[39m
    [33mid[39m=[32m"change-item-213-heading"[39m
  [36m/>[39m

  Name "Change Item 215":
  [36m<h6[39m
    [33mclass[39m=[32m"MuiTypography-root MuiTypography-subtitle2 css-1k7msii-MuiTypography-root"[39m
    [33mid[39m=[32m"change-item-214-heading"[39m
  [36m/>[39m

  Name "Change Item 216":
  [36m<h6[39m
    [33mclass[39m=[32m"MuiTypography-root MuiTypography-subtitle2 css-1k7msii-MuiTypography-root"[39m
    [33mid[39m=[32m"change-item-215-heading"[39m
  [36m/>[39m

  Name "Change Item 217":
  [36m<h6[39m
    [33mclass[39m=[32m"MuiTypography-root MuiTypography-subtitle2 css-1k7msii-MuiTypography-root"[39m
    [33mid[39m=[32m"change-item-216-heading"[39m
  [36m/>[39m

  Name "Change Item 218":
  [36m<h6[39m
    [33mclass[39m=[32m"MuiTypography-root MuiTypography-subtitle2 css-1k7msii-MuiTypography-root"[39m
    [33mid[39m=[32m"change-item-217-heading"[39m
  [36m/>[39m

  Name "Change Item 219":
  [36m<h6[39m
    [33mclass[39m=[32m"MuiTypography-root MuiTypography-subtitle2 css-1k7msii-MuiTypography-root"[39m
    [33mid[39m=[32m"change-item-218-heading"[39m
  [36m/>[39m

  Name "Change Item 220":
  [36m<h6[39m
    [33mclass[39m=[32m"MuiTypography-root MuiTypography-subtitle2 css-1k7msii-MuiTypography-root"[39m
    [33mid[39m=[32m"change-item-219-heading"[39m
  [36m/>[39m

  Name "Change Item 221":
  [36m<h6[39m
    [33mclass[39m=[32m"MuiTypography-root MuiTypography-subtitle2 css-1k7msii-MuiTypography-root"[39m
    [33mid[39m=[32m"change-item-220-heading"[39m
  [36m/>[39m

  Name "Change Item 222":
  [36m<h6[39m
    [33mclass[39m=[32m"MuiTypography-root MuiTypography-subtitle2 css-1k7msii-MuiTypography-root"[39m
    [33mid[39m=[32m"change-item-221-heading"[39m
  [36m/>[39m

  Name "Change Item 223":
  [36m<h6[39m
    [33mclass[39m=[32m"MuiTypography-root MuiTypography-subtitle2 css-1k7msii-MuiTypography-root"[39m
    [33mid[39m=[32m"change-item-222-heading"[39m
  [36m/>[39m

  Name "Change Item 224":
  [36m<h6[39m
    [33mclass[39m=[32m"MuiTypography-root MuiTypography-subtitle2 css-1k7msii-MuiTypography-root"[39m
    [33mid[39m=[32m"change-item-223-heading"[39m
  [36m/>[39m

  Name "Change Item 225":
  [36m<h6[39m
    [33mclass[39m=[32m"MuiTypography-root MuiTypography-subtitle2 css-1k7msii-MuiTypography-root"[39m
    [33mid[39m=[32m"change-item-224-heading"[39m
  [36m/>[39m

  Name "Change Item 226":
  [36m<h6[39m
    [33mclass[39m=[32m"MuiTypography-root MuiTypography-subtitle2 css-1k7msii-MuiTypography-root"[39m
    [33mid[39m=[32m"change-item-225-heading"[39m
  [36m/>[39m

  Name "Change Item 227":
  [36m<h6[39m
    [33mclass[39m=[32m"MuiTypography-root MuiTypography-subtitle2 css-1k7msii-MuiTypography-root"[39m
    [33mid[39m=[32m"change-item-226-heading"[39m
  [36m/>[39m

  Name "Change Item 228":
  [36m<h6[39m
    [33mclass[39m=[32m"MuiTypography-root MuiTypography-subtitle2 css-1k7msii-MuiTypography-root"[39m
    [33mid[39m=[32m"change-item-227-heading"[39m
  [36m/>[39m

  Name "Change Item 229":
  [36m<h6[39m
    [33mclass[39m=[32m"MuiTypography-root MuiTypography-subtitle2 css-1k7msii-MuiTypography-root"[39m
    [33mid[39m=[32m"change-item-228-heading"[39m
  [36m/>[39m

  Name "Change Item 230":
  [36m<h6[39m
    [33mclass[39m=[32m"MuiTypography-root MuiTypography-subtitle2 css-1k7msii-MuiTypography-root"[39m
    [33mid[39m=[32m"change-item-229-heading"[39m
  [36m/>[39m

  Name "Change Item 231":
  [36m<h6[39m
    [33mclass[39m=[32m"MuiTypography-root MuiTypography-subtitle2 css-1k7msii-MuiTypography-root"[39m
    [33mid[39m=[32m"change-item-230-heading"[39m
  [36m/>[39m

  Name "Change Item 232":
  [36m<h6[39m
    [33mclass[39m=[32m"MuiTypography-root MuiTypography-subtitle2 css-1k7msii-MuiTypography-root"[39m
    [33mid[39m=[32m"change-item-231-heading"[39m
  [36m/>[39m

  Name "Change Item 233":
  [36m<h6[39m
    [33mclass[39m=[32m"MuiTypography-root MuiTypography-subtitle2 css-1k7msii-MuiTypography-root"[39m
    [33mid[39m=[32m"change-item-232-heading"[39m
  [36m/>[39m

  Name "Change Item 234":
  [36m<h6[39m
    [33mclass[39m=[32m"MuiTypography-root MuiTypography-subtitle2 css-1k7msii-MuiTypography-root"[39m
    [33mid[39m=[32m"change-item-233-heading"[39m
  [36m/>[39m

  Name "Change Item 235":
  [36m<h6[39m
    [33mclass[39m=[32m"MuiTypography-root MuiTypography-subtitle2 css-1k7msii-MuiTypography-root"[39m
    [33mid[39m=[32m"change-item-234-heading"[39m
  [36m/>[39m

  Name "Change Item 236":
  [36m<h6[39m
    [33mclass[39m=[32m"MuiTypography-root MuiTypography-subtitle2 css-1k7msii-MuiTypography-root"[39m
    [33mid[39m=[32m"change-item-235-heading"[39m
  [36m/>[39m

  Name "Change Item 237":
  [36m<h6[39m
    [33mclass[39m=[32m"MuiTypography-root MuiTypography-subtitle2 css-1k7msii-MuiTypography-root"[39m
    [33mid[39m=[32m"change-item-236-heading"[39m
  [36m/>[39m

  Name "Change Item 238":
  [36m<h6[39m
    [33mclass[39m=[32m"MuiTypography-root MuiTypography-subtitle2 css-1k7msii-MuiTypography-root"[39m
    [33mid[39m=[32m"change-item-237-heading"[39m
  [36m/>[39m

  Name "Change Item 239":
  [36m<h6[39m
    [33mclass[39m=[32m"MuiTypography-root MuiTypography-subtitle2 css-1k7msii-MuiTypography-root"[39m
    [33mid[39m=[32m"change-item-238-heading"[39m
  [36m/>[39m

  Name "Change Item 240":
  [36m<h6[39m
    [33mclass[39m=[32m"MuiTypography-root MuiTypography-subtitle2 css-1k7msii-MuiTypography-root"[39m
    [33mid[39m=[32m"change-item-239-heading"[39m
  [36m/>[39m

  Name "Change Item 241":
  [36m<h6[39m
    [33mclass[39m=[32m"MuiTypography-root MuiTypography-subtitle2 css-1k7msii-MuiTypography-root"[39m
    [33mid[39m=[32m"change-item-240-heading"[39m
  [36m/>[39m

  Name "Change Item 242":
  [36m<h6[39m
    [33mclass[39m=[32m"MuiTypography-root MuiTypography-subtitle2 css-1k7msii-MuiTypography-root"[39m
    [33mid[39m=[32m"change-item-241-heading"[39m
  [36m/>[39m

  Name "Change Item 243":
  [36m<h6[39m
    [33mclass[39m=[32m"MuiTypography-root MuiTypography-subtitle2 css-1k7msii-MuiTypography-root"[39m
    [33mid[39m=[32m"change-item-242-heading"[39m
  [36m/>[39m

  Name "Change Item 244":
  [36m<h6[39m
    [33mclass[39m=[32m"MuiTypography-root MuiTypography-subtitle2 css-1k7msii-MuiTypography-root"[39m
    [33mid[39m=[32m"change-item-243-heading"[39m
  [36m/>[39m

  Name "Change Item 245":
  [36m<h6[39m
    [33mclass[39m=[32m"MuiTypography-root MuiTypography-subtitle2 css-1k7msii-MuiTypography-root"[39m
    [33mid[39m=[32m"change-item-244-heading"[39m
  [36m/>[39m

  Name "Change Item 246":
  [36m<h6[39m
    [33mclass[39m=[32m"MuiTypography-root MuiTypography-subtitle2 css-1k7msii-MuiTypography-root"[39m
    [33mid[39m=[32m"change-item-245-heading"[39m
  [36m/>[39m

  Name "Change Item 247":
  [36m<h6[39m
    [33mclass[39m=[32m"MuiTypography-root MuiTypography-subtitle2 css-1k7msii-MuiTypography-root"[39m
    [33mid[39m=[32m"change-item-246-heading"[39m
  [36m/>[39m

  Name "Change Item 248":
  [36m<h6[39m
    [33mclass[39m=[32m"MuiTypography-root MuiTypography-subtitle2 css-1k7msii-MuiTypography-root"[39m
    [33mid[39m=[32m"change-item-247-heading"[39m
  [36m/>[39m

  Name "Change Item 249":
  [36m<h6[39m
    [33mclass[39m=[32m"MuiTypography-root MuiTypography-subtitle2 css-1k7msii-MuiTypography-root"[39m
    [33mid[39m=[32m"change-item-248-heading"[39m
  [36m/>[39m

  Name "Change Item 250":
  [36m<h6[39m
    [33mclass[39m=[32m"MuiTypography-root MuiTypography-subtitle2 css-1k7msii-MuiTypography-root"[39m
    [33mid[39m=[32m"change-item-249-heading"[39m
  [36m/>[39m

  Name "Change Item 251":
  [36m<h6[39m
    [33mclass[39m=[32m"MuiTypography-root MuiTypography-subtitle2 css-1k7msii-MuiTypography-root"[39m
    [33mid[39m=[32m"change-item-250-heading"[39m
  [36m/>[39m

  Name "Change Item 252":
  [36m<h6[39m
    [33mclass[39m=[32m"MuiTypography-root MuiTypography-subtitle2 css-1k7msii-MuiTypography-root"[39m
    [33mid[39m=[32m"change-item-251-heading"[39m
  [36m/>[39m

  Name "Change Item 253":
  [36m<h6[39m
    [33mclass[39m=[32m"MuiTypography-root MuiTypography-subtitle2 css-1k7msii-MuiTypography-root"[39m
    [33mid[39m=[32m"change-item-252-heading"[39m
  [36m/>[39m

  Name "Change Item 254":
  [36m<h6[39m
    [33mclass[39m=[32m"MuiTypography-root MuiTypography-subtitle2 css-1k7msii-MuiTypography-root"[39m
    [33mid[39m=[32m"change-item-253-heading"[39m
  [36m/>[39m

  Name "Change Item 255":
  [36m<h6[39m
    [33mclass[39m=[32m"MuiTypography-root MuiTypography-subtitle2 css-1k7msii-MuiTypography-root"[39m
    [33mid[39m=[32m"change-item-254-heading"[39m
  [36m/>[39m

  Name "Change Item 256":
  [36m<h6[39m
    [33mclass[39m=[32m"MuiTypography-root MuiTypography-subtitle2 css-1k7msii-MuiTypography-root"[39m
    [33mid[39m=[32m"change-item-255-heading"[39m
  [36m/>[39m

  Name "Change Item 257":
  [36m<h6[39m
    [33mclass[39m=[32m"MuiTypography-root MuiTypography-subtitle2 css-1k7msii-MuiTypography-root"[39m
    [33mid[39m=[32m"change-item-256-heading"[39m
  [36m/>[39m

  Name "Change Item 258":
  [36m<h6[39m
    [33mclass[39m=[32m"MuiTypography-root MuiTypography-subtitle2 css-1k7msii-MuiTypography-root"[39m
    [33mid[39m=[32m"change-item-257-heading"[39m
  [36m/>[39m

  Name "Change Item 259":
  [36m<h6[39m
    [33mclass[39m=[32m"MuiTypography-root MuiTypography-subtitle2 css-1k7msii-MuiTypography-root"[39m
    [33mid[39m=[32m"change-item-258-heading"[39m
  [36m/>[39m

  Name "Change Item 260":
  [36m<h6[39m
    [33mclass[39m=[32m"MuiTypography-root MuiTypography-subtitle2 css-1k7msii-MuiTypography-root"[39m
    [33mid[39m=[32m"change-item-259-heading"[39m
  [36m/>[39m

  Name "Change Item 261":
  [36m<h6[39m
    [33mclass[39m=[32m"MuiTypography-root MuiTypography-subtitle2 css-1k7msii-MuiTypography-root"[39m
    [33mid[39m=[32m"change-item-260-heading"[39m
  [36m/>[39m

  Name "Change Item 262":
  [36m<h6[39m
    [33mclass[39m=[32m"MuiTypography-root MuiTypography-subtitle2 css-1k7msii-MuiTypography-root"[39m
    [33mid[39m=[32m"change-item-261-heading"[39m
  [36m/>[39m

  Name "Change Item 263":
  [36m<h6[39m
    [33mclass[39m=[32m"MuiTypography-root MuiTypography-subtitle2 css-1k7msii-MuiTypography-root"[39m
    [33mid[39m=[32m"change-item-262-heading"[39m
  [36m/>[39m

  Name "Change Item 264":
  [36m<h6[39m
    [33mclass[39m=[32m"MuiTypography-root MuiTypography-subtitle2 css-1k7msii-MuiTypography-root"[39m
    [33mid[39m=[32m"change-item-263-heading"[39m
  [36m/>[39m

  Name "Change Item 265":
  [36m<h6[39m
    [33mclass[39m=[32m"MuiTypography-root MuiTypography-subtitle2 css-1k7msii-MuiTypography-root"[39m
    [33mid[39m=[32m"change-item-264-heading"[39m
  [36m/>[39m

  Name "Change Item 266":
  [36m<h6[39m
    [33mclass[39m=[32m"MuiTypography-root MuiTypography-subtitle2 css-1k7msii-MuiTypography-root"[39m
    [33mid[39m=[32m"change-item-265-heading"[39m
  [36m/>[39m

  Name "Change Item 267":
  [36m<h6[39m
    [33mclass[39m=[32m"MuiTypography-root MuiTypography-subtitle2 css-1k7msii-MuiTypography-root"[39m
    [33mid[39m=[32m"change-item-266-heading"[39m
  [36m/>[39m

  Name "Change Item 268":
  [36m<h6[39m
    [33mclass[39m=[32m"MuiTypography-root MuiTypography-subtitle2 css-1k7msii-MuiTypography-root"[39m
    [33mid[39m=[32m"change-item-267-heading"[39m
  [36m/>[39m

  Name "Change Item 269":
  [36m<h6[39m
    [33mclass[39m=[32m"MuiTypography-root MuiTypography-subtitle2 css-1k7msii-MuiTypography-root"[39m
    [33mid[39m=[32m"change-item-268-heading"[39m
  [36m/>[39m

  Name "Change Item 270":
  [36m<h6[39m
    [33mclass[39m=[32m"MuiTypography-root MuiTypography-subtitle2 css-1k7msii-MuiTypography-root"[39m
    [33mid[39m=[32m"change-item-269-heading"[39m
  [36m/>[39m

  Name "Change Item 271":
  [36m<h6[39m
    [33mclass[39m=[32m"MuiTypography-root MuiTypography-subtitle2 css-1k7msii-MuiTypography-root"[39m
    [33mid[39m=[32m"change-item-270-heading"[39m
  [36m/>[39m

  Name "Change Item 272":
  [36m<h6[39m
    [33mclass[39m=[32m"MuiTypography-root MuiTypography-subtitle2 css-1k7msii-MuiTypography-root"[39m
    [33mid[39m=[32m"change-item-271-heading"[39m
  [36m/>[39m

  Name "Change Item 273":
  [36m<h6[39m
    [33mclass[39m=[32m"MuiTypography-root MuiTypography-subtitle2 css-1k7msii-MuiTypography-root"[39m
    [33mid[39m=[32m"change-item-272-heading"[39m
  [36m/>[39m

  Name "Change Item 274":
  [36m<h6[39m
    [33mclass[39m=[32m"MuiTypography-root MuiTypography-subtitle2 css-1k7msii-MuiTypography-root"[39m
    [33mid[39m=[32m"change-item-273-heading"[39m
  [36m/>[39m

  Name "Change Item 275":
  [36m<h6[39m
    [33mclass[39m=[32m"MuiTypography-root MuiTypography-subtitle2 css-1k7msii-MuiTypography-root"[39m
    [33mid[39m=[32m"change-item-274-heading"[39m
  [36m/>[39m

  Name "Change Item 276":
  [36m<h6[39m
    [33mclass[39m=[32m"MuiTypography-root MuiTypography-subtitle2 css-1k7msii-MuiTypography-root"[39m
    [33mid[39m=[32m"change-item-275-heading"[39m
  [36m/>[39m

  Name "Change Item 277":
  [36m<h6[39m
    [33mclass[39m=[32m"MuiTypography-root MuiTypography-subtitle2 css-1k7msii-MuiTypography-root"[39m
    [33mid[39m=[32m"change-item-276-heading"[39m
  [36m/>[39m

  Name "Change Item 278":
  [36m<h6[39m
    [33mclass[39m=[32m"MuiTypography-root MuiTypography-subtitle2 css-1k7msii-MuiTypography-root"[39m
    [33mid[39m=[32m"change-item-277-heading"[39m
  [36m/>[39m

  Name "Change Item 279":
  [36m<h6[39m
    [33mclass[39m=[32m"MuiTypography-root MuiTypography-subtitle2 css-1k7msii-MuiTypography-root"[39m
    [33mid[39m=[32m"change-item-278-heading"[39m
  [36m/>[39m

  Name "Change Item 280":
  [36m<h6[39m
    [33mclass[39m=[32m"MuiTypography-root MuiTypography-subtitle2 css-1k7msii-MuiTypography-root"[39m
    [33mid[39m=[32m"change-item-279-heading"[39m
  [36m/>[39m

  Name "Change Item 281":
  [36m<h6[39m
    [33mclass[39m=[32m"MuiTypography-root MuiTypography-subtitle2 css-1k7msii-MuiTypography-root"[39m
    [33mid[39m=[32m"change-item-280-heading"[39m
  [36m/>[39m

  Name "Change Item 282":
  [36m<h6[39m
    [33mclass[39m=[32m"MuiTypography-root MuiTypography-subtitle2 css-1k7msii-MuiTypography-root"[39m
    [33mid[39m=[32m"change-item-281-heading"[39m
  [36m/>[39m

  Name "Change Item 283":
  [36m<h6[39m
    [33mclass[39m=[32m"MuiTypography-root MuiTypography-subtitle2 css-1k7msii-MuiTypography-root"[39m
    [33mid[39m=[32m"change-item-282-heading"[39m
  [36m/>[39m

  Name "Change Item 284":
  [36m<h6[39m
    [33mclass[39m=[32m"MuiTypography-root MuiTypography-subtitle2 css-1k7msii-MuiTypography-root"[39m
    [33mid[39m=[32m"change-item-283-heading"[39m
  [36m/>[39m

  Name "Change Item 285":
  [36m<h6[39m
    [33mclass[39m=[32m"MuiTypography-root MuiTypography-subtitle2 css-1k7msii-MuiTypography-root"[39m
    [33mid[39m=[32m"change-item-284-heading"[39m
  [36m/>[39m

  Name "Change Item 286":
  [36m<h6[39m
    [33mclass[39m=[32m"MuiTypography-root MuiTypography-subtitle2 css-1k7msii-MuiTypography-root"[39m
    [33mid[39m=[32m"change-item-285-heading"[39m
  [36m/>[39m

  Name "Change Item 287":
  [36m<h6[39m
    [33mclass[39m=[32m"MuiTypography-root MuiTypography-subtitle2 css-1k7msii-MuiTypography-root"[39m
    [33mid[39m=[32m"change-item-286-heading"[39m
  [36m/>[39m

  Name "Change Item 288":
  [36m<h6[39m
    [33mclass[39m=[32m"MuiTypography-root MuiTypography-subtitle2 css-1k7msii-MuiTypography-root"[39m
    [33mid[39m=[32m"change-item-287-heading"[39m
  [36m/>[39m

  Name "Change Item 289":
  [36m<h6[39m
    [33mclass[39m=[32m"MuiTypography-root MuiTypography-subtitle2 css-1k7msii-MuiTypography-root"[39m
    [33mid[39m=[32m"change-item-288-heading"[39m
  [36m/>[39m

  Name "Change Item 290":
  [36m<h6[39m
    [33mclass[39m=[32m"MuiTypography-root MuiTypography-subtitle2 css-1k7msii-MuiTypography-root"[39m
    [33mid[39m=[32m"change-item-289-heading"[39m
  [36m/>[39m

  Name "Change Item 291":
  [36m<h6[39m
    [33mclass[39m=[32m"MuiTypography-root MuiTypography-subtitle2 css-1k7msii-MuiTypography-root"[39m
    [33mid[39m=[32m"change-item-290-heading"[39m
  [36m/>[39m

  Name "Change Item 292":
  [36m<h6[39m
    [33mclass[39m=[32m"MuiTypography-root MuiTypography-subtitle2 css-1k7msii-MuiTypography-root"[39m
    [33mid[39m=[32m"change-item-291-heading"[39m
  [36m/>[39m

  Name "Change Item 293":
  [36m<h6[39m
    [33mclass[39m=[32m"MuiTypography-root MuiTypography-subtitle2 css-1k7msii-MuiTypography-root"[39m
    [33mid[39m=[32m"change-item-292-heading"[39m
  [36m/>[39m

  Name "Change Item 294":
  [36m<h6[39m
    [33mclass[39m=[32m"MuiTypography-root MuiTypography-subtitle2 css-1k7msii-MuiTypography-root"[39m
    [33mid[39m=[32m"change-item-293-heading"[39m
  [36m/>[39m

  Name "Change Item 295":
  [36m<h6[39m
    [33mclass[39m=[32m"MuiTypography-root MuiTypography-subtitle2 css-1k7msii-MuiTypography-root"[39m
    [33mid[39m=[32m"change-item-294-heading"[39m
  [36m/>[39m

  Name "Change Item 296":
  [36m<h6[39m
    [33mclass[39m=[32m"MuiTypography-root MuiTypography-subtitle2 css-1k7msii-MuiTypography-root"[39m
    [33mid[39m=[32m"change-item-295-heading"[39m
  [36m/>[39m

  Name "Change Item 297":
  [36m<h6[39m
    [33mclass[39m=[32m"MuiTypography-root MuiTypography-subtitle2 css-1k7msii-MuiTypography-root"[39m
    [33mid[39m=[32m"change-item-296-heading"[39m
  [36m/>[39m

  Name "Change Item 298":
  [36m<h6[39m
    [33mclass[39m=[32m"MuiTypography-root MuiTypography-subtitle2 css-1k7msii-MuiTypography-root"[39m
    [33mid[39m=[32m"change-item-297-heading"[39m
  [36m/>[39m

  Name "Change Item 299":
  [36m<h6[39m
    [33mclass[39m=[32m"MuiTypography-root MuiTypography-subtitle2 css-1k7msii-MuiTypography-root"[39m
    [33mid[39m=[32m"change-item-298-heading"[39m
  [36m/>[39m

  Name "Change Item 300":
  [36m<h6[39m
    [33mclass[39m=[32m"MuiTypography-root MuiTypography-subtitle2 css-1k7msii-MuiTypography-root"[39m
    [33mid[39m=[32m"change-item-299-heading"[39m
  [36m/>[39m

  Name "Change Item
 Test Files  3 failed | 7 passed (10)
      Tests  15 failed | 203 passed (218)
   Start at  10:51:43
   Duration  69.87s (transform 731ms, setup 1.63s, import 26.95s, tests 76.74s, environment 5.95s)

 301":
  [36m<h6[39m
    [33mclass[39m=[32m"MuiTypography-root MuiTypography-subtitle2 css-1k7msii-MuiTypography-root"[39m
    [33mid[39m=[32m"change-item-300-heading"[39m
  [36m/>[39m

  Name "Change Item 302":
  [36m<h6[39m
    [33mclass[39m=[32m"MuiTypography-root MuiTypography-subtitle2 css-1k7msii-MuiTypography-root"[39m
    [33mid[39m=[32m"change-item-301-heading"[39m
  [36m/>[39m

  Name "Change Item 303":
  [36m<h6[39m
    [33mclass[39m=[32m"MuiTypography-root MuiTypography-subtitle2 css-1k7msii-MuiTypography-root"[39m
    [33mid[39m=[32m"change-item-302-heading"[39m
  [36m/>[39m

  Name "Change Item 304":
  [36m<h6[39m
    [33mclass[39m=[32m"MuiTypography-root MuiTypography-subtitle2 css-1k7msii-MuiTypography-root"[39m
    [33mid[39m=[32m"change-item-303-heading"[39m
  [36m/>[39m

  Name "Change Item 305":
  [36m<h6[39m
    [33mclass[39m=[32m"MuiTypography-root MuiTypography-subtitle2 css-1k7msii-MuiTypography-root"[39m
    [33mid[39m=[32m"change-item-304-heading"[39m
  [36m/>[39m

  Name "Change Item 306":
  [36m<h6[39m
    [33mclass[39m=[32m"MuiTypography-root MuiTypography-subtitle2 css-1k7msii-MuiTypography-root"[39m
    [33mid[39m=[32m"change-item-305-heading"[39m
  [36m/>[39m

  Name "Change Item 307":
  [36m<h6[39m
    [33mclass[39m=[32m"MuiTypography-root MuiTypography-subtitle2 css-1k7msii-MuiTypography-root"[39m
    [33mid[39m=[32m"change-item-306-heading"[39m
  [36m/>[39m

  Name "Change Item 308":
  [36m<h6[39m
    [33mclass[39m=[32m"MuiTypography-root MuiTypography-subtitle2 css-1k7msii-MuiTypography-root"[39m
    [33mid[39m=[32m"change-item-307-heading"[39m
  [36m/>[39m

  Name "Change Item 309":
  [36m<h6[39m
    [33mclass[39m=[32m"MuiTypography-root MuiTypography-subtitle2 css-1k7msii-MuiTypography-root"[39m
    [33mid[39m=[32m"change-item-308-heading"[39m
  [36m/>[39m

  Name "Change Item 310":
  [36m<h6[39m
    [33mclass[39m=[32m"MuiTypography-root MuiTypography-subtitle2 css-1k7msii-MuiTypography-root"[39m
    [33mid[39m=[32m"change-item-309-heading"[39m
  [36m/>[39m

  Name "Change Item 311":
  [36m<h6[39m
    [33mclass[39m=[32m"MuiTypography-root MuiTypography-subtitle2 css-1k7msii-MuiTypography-root"[39m
    [33mid[39m=[32m"change-item-310-heading"[39m
  [36m/>[39m

  Name "Change Item 312":
  [36m<h6[39m
    [33mclass[39m=[32m"MuiTypography-root MuiTypography-subtitle2 css-1k7msii-MuiTypography-root"[39m
    [33mid[39m=[32m"change-item-311-heading"[39m
  [36m/>[39m

  Name "Change Item 313":
  [36m<h6[39m
    [33mclass[39m=[32m"MuiTypography-root MuiTypography-subtitle2 css-1k7msii-MuiTypography-root"[39m
    [33mid[39m=[32m"change-item-312-heading"[39m
  [36m/>[39m

  Name "Change Item 314":
  [36m<h6[39m
    [33mclass[39m=[32m"MuiTypography-root MuiTypography-subtitle2 css-1k7msii-MuiTypography-root"[39m
    [33mid[39m=[32m"change-item-313-heading"[39m
  [36m/>[39m

  Name "Change Item 315":
  [36m<h6[39m
    [33mclass[39m=[32m"MuiTypography-root MuiTypography-subtitle2 css-1k7msii-MuiTypography-root"[39m
    [33mid[39m=[32m"change-item-314-heading"[39m
  [36m/>[39m

  Name "Change Item 316":
  [36m<h6[39m
    [33mclass[39m=[32m"MuiTypography-root MuiTypography-subtitle2 css-1k7msii-MuiTypography-root"[39m
    [33mid[39m=[32m"change-item-315-heading"[39m
  [36m/>[39m

  Name "Change Item 317":
  [36m<h6[39m
    [33mclass[39m=[32m"MuiTypography-root MuiTypography-subtitle2 css-1k7msii-MuiTypography-root"[39m
    [33mid[39m=[32m"change-item-316-heading"[39m
  [36m/>[39m

  Name "Change Item 318":
  [36m<h6[39m
    [33mclass[39m=[32m"MuiTypography-root MuiTypography-subtitle2 css-1k7msii-MuiTypography-root"[39m
    [33mid[39m=[32m"change-item-317-heading"[39m
  [36m/>[39m

  Name "Change Item 319":
  [36m<h6[39m
    [33mclass[39m=[32m"MuiTypography-root MuiTypography-subtitle2 css-1k7msii-MuiTypography-root"[39m
    [33mid[39m=[32m"change-item-318-heading"[39m
  [36m/>[39m

  Name "Change Item 320":
  [36m<h6[39m
    [33mclass[39m=[32m"MuiTypography-root MuiTypography-subtitle2 css-1k7msii-MuiTypography-root"[39m
    [33mid[39m=[32m"change-item-319-heading"[39m
  [36m/>[39m

  Name "Change Item 321":
  [36m<h6[39m
    [33mclass[39m=[32m"MuiTypography-root MuiTypography-subtitle2 css-1k7msii-MuiTypography-root"[39m
    [33mid[39m=[32m"change-item-320-heading"[39m
  [36m/>[39m

  Name "Change Item 322":
  [36m<h6[39m
    [33mclass[39m=[32m"MuiTypography-root MuiTypography-subtitle2 css-1k7msii-MuiTypography-root"[39m
    [33mid[39m=[32m"change-item-321-heading"[39m
  [36m/>[39m

  Name "Change Item 323":
  [36m<h6[39m
    [33mclass[39m=[32m"MuiTypography-root MuiTypography-subtitle2 css-1k7msii-MuiTypography-root"[39m
    [33mid[39m=[32m"change-item-322-heading"[39m
  [36m/>[39m

  Name "Change Item 324":
  [36m<h6[39m
    [33mclass[39m=[32m"MuiTypography-root MuiTypography-subtitle2 css-1k7msii-MuiTypography-root"[39m
    [33mid[39m=[32m"change-item-323-heading"[39m
  [36m/>[39m

  Name "Change Item 325":
  [36m<h6[39m
    [33mclass[39m=[32m"MuiTypography-root MuiTypography-subtitle2 css-1k7msii-MuiTypography-root"[39m
    [33mid[39m=[32m"change-item-324-heading"[39m
  [36m/>[39m

  Name "Change Item 326":
  [36m<h6[39m
    [33mclass[39m=[32m"MuiTypography-root MuiTypography-subtitle2 css-1k7msii-MuiTypography-root"[39m
    [33mid[39m=[32m"change-item-325-heading"[39m
  [36m/>[39m

  Name "Change Item 327":
  [36m<h6[39m
    [33mclass[39m=[32m"MuiTypography-root MuiTypography-subtitle2 css-1k7msii-MuiTypography-root"[39m
    [33mid[39m=[32m"change-item-326-heading"[39m
  [36m/>[39m

  Name "Change Item 328":
  [36m<h6[39m
    [33mclass[39m=[32m"MuiTypography-root MuiTypography-subtitle2 css-1k7msii-MuiTypography-root"[39m
    [33mid[39m=[32m"change-item-327-heading"[39m
  [36m/>[39m

  Name "Change Item 329":
  [36m<h6[39m
    [33mclass[39m=[32m"MuiTypography-root MuiTypography-subtitle2 css-1k7msii-MuiTypography-root"[39m
    [33mid[39m=[32m"change-item-328-heading"[39m
  [36m/>[39m

  Name "Change Item 330":
  [36m<h6[39m
    [33mclass[39m=[32m"MuiTypography-root MuiTypography-subtitle2 css-1k7msii-MuiTypography-root"[39m
    [33mid[39m=[32m"change-item-329-heading"[39m
  [36m/>[39m

  Name "Change Item 331":
  [36m<h6[39m
    [33mclass[39m=[32m"MuiTypography-root MuiTypography-subtitle2 css-1k7msii-MuiTypography-root"[39m
    [33mid[39m=[32m"change-item-330-heading"[39m
  [36m/>[39m

  Name "Change Item 332":
  [36m<h6[39m
    [33mclass[39m=[32m"MuiTypography-root MuiTypography-subtitle2 css-1k7msii-MuiTypography-root"[39m
    [33mid[39m=[32m"change-item-331-heading"[39m
  [36m/>[39m

  Name "Change Item 333":
  [36m<h6[39m
    [33mclass[39m=[32m"MuiTypography-root MuiTypography-subtitle2 css-1k7msii-MuiTypography-root"[39m
    [33mid[39m=[32m"change-item-332-heading"[39m
  [36m/>[39m

  Name "Change Item 334":
  [36m<h6[39m
    [33mclass[39m=[32m"MuiTypography-root MuiTypography-subtitle2 css-1k7msii-MuiTypography-root"[39m
    [33mid[39m=[32m"change-item-333-heading"[39m
  [36m/>[39m

  Name "Change Item 335":
  [36m<h6[39m
    [33mclass[39m=[32m"MuiTypography-root MuiTypography-subtitle2 css-1k7msii-MuiTypography-root"[39m
    [33mid[39m=[32m"change-item-334-heading"[39m
  [36m/>[39m

  Name "Change Item 336":
  [36m<h6[39m
    [33mclass[39m=[32m"MuiTypography-root MuiTypography-subtitle2 css-1k7msii-MuiTypography-root"[39m
    [33mid[39m=[32m"change-item-335-heading"[39m
  [36m/>[39m

  Name "Change Item 337":
  [36m<h6[39m
    [33mclass[39m=[32m"MuiTypography-root MuiTypography-subtitle2 css-1k7msii-MuiTypography-root"[39m
    [33mid[39m=[32m"change-item-336-heading"[39m
  [36m/>[39m

  Name "Change Item 338":
  [36m<h6[39m
    [33mclass[39m=[32m"MuiTypography-root MuiTypography-subtitle2 css-1k7msii-MuiTypography-root"[39m
    [33mid[39m=[32m"change-item-337-heading"[39m
  [36m/>[39m

  Name "Change Item 339":
  [36m<h6[39m
    [33mclass[39m=[32m"MuiTypography-root MuiTypography-subtitle2 css-1k7msii-MuiTypography-root"[39m
    [33mid[39m=[32m"change-item-338-heading"[39m
  [36m/>[39m

  Name "Change Item 340":
  [36m<h6[39m
    [33mclass[39m=[32m"MuiTypography-root MuiTypography-subtitle2 css-1k7msii-MuiTypography-root"[39m
    [33mid[39m=[32m"change-item-339-heading"[39m
  [36m/>[39m

  Name "Change Item 341":
  [36m<h6[39m
    [33mclass[39m=[32m"MuiTypography-root MuiTypography-subtitle2 css-1k7msii-MuiTypography-root"[39m
    [33mid[39m=[32m"change-item-340-heading"[39m
  [36m/>[39m

  Name "Change Item 342":
  [36m<h6[39m
    [33mclass[39m=[32m"MuiTypography-root MuiTypography-subtitle2 css-1k7msii-MuiTypography-root"[39m
    [33mid[39m=[32m"change-item-341-heading"[39m
  [36m/>[39m

  Name "Change Item 343":
  [36m<h6[39m
    [33mclass[39m=[32m"MuiTypography-root MuiTypography-subtitle2 css-1k7msii-MuiTypography-root"[39m
    [33mid[39m=[32m"change-item-342-heading"[39m
  [36m/>[39m

  Name "Change Item 344":
  [36m<h6[39m
    [33mclass[39m=[32m"MuiTypography-root MuiTypography-subtitle2 css-1k7msii-MuiTypography-root"[39m
    [33mid[39m=[32m"change-item-343-heading"[39m
  [36m/>[39m

  Name "Change Item 345":
  [36m<h6[39m
    [33mclass[39m=[32m"MuiTypography-root MuiTypography-subtitle2 css-1k7msii-MuiTypography-root"[39m
    [33mid[39m=[32m"change-item-344-heading"[39m
  [36m/>[39m

  Name "Change Item 346":
  [36m<h6[39m
    [33mclass[39m=[32m"MuiTypography-root MuiTypography-subtitle2 css-1k7msii-MuiTypography-root"[39m
    [33mid[39m=[32m"change-item-345-heading"[39m
  [36m/>[39m

  Name "Change Item 347":
  [36m<h6[39m
    [33mclass[39m=[32m"MuiTypography-root MuiTypography-subtitle2 css-1k7msii-MuiTypography-root"[39m
    [33mid[39m=[32m"change-item-346-heading"[39m
  [36m/>[39m

  Name "Change Item 348":
  [36m<h6[39m
    [33mclass[39m=[32m"MuiTypography-root MuiTypography-subtitle2 css-1k7msii-MuiTypography-root"[39m
    [33mid[39m=[32m"change-item-347-heading"[39m
  [36m/>[39m

  Name "Change Item 349":
  [36m<h6[39m
    [33mclass[39m=[32m"MuiTypography-root MuiTypography-subtitle2 css-1k7msii-MuiTypography-root"[39m
    [33mid[39m=[32m"change-item-348-heading"[39m
  [36m/>[39m

  Name "Change Item 350":
  [36m<h6[39m
    [33mclass[39m=[32m"MuiTypography-root MuiTypography-subtitle2 css-1k7msii-MuiTypography-root"[39m
    [33mid[39m=[32m"change-item-349-heading"[39m
  [36m/>[39m

  Name "Change Item 351":
  [36m<h6[39m
    [33mclass[39m=[32m"MuiTypography-root MuiTypography-subtitle2 css-1k7msii-MuiTypography-root"[39m
    [33mid[39m=[32m"change-item-350-heading"[39m
  [36m/>[39m

  Name "Change Item 352":
  [36m<h6[39m
    [33mclass[39m=[32m"MuiTypography-root MuiTypography-subtitle2 css-1k7msii-MuiTypography-root"[39m
    [33mid[39m=[32m"change-item-351-heading"[39m
  [36m/>[39m

  Name "Change Item 353":
  [36m<h6[39m
    [33mclass[39m=[32m"MuiTypography-root MuiTypography-subtitle2 css-1k7msii-MuiTypography-root"[39m
    [33mid[39m=[32m"change-item-352-heading"[39m
  [36m/>[39m

  Name "Change Item 354":
  [36m<h6[39m
    [33mclass[39m=[32m"MuiTypography-root MuiTypography-subtitle2 css-1k7msii-MuiTypography-root"[39m
    [33mid[39m=[32m"change-item-353-heading"[39m
  [36m/>[39m

  Name "Change Item 355":
  [36m<h6[39m
    [33mclass[39m=[32m"MuiTypography-root MuiTypography-subtitle2 css-1k7msii-MuiTypography-root"[39m
    [33mid[39m=[32m"change-item-354-heading"[39m
  [36m/>[39m

  Name "Change Item 356":
  [36m<h6[39m
    [33mclass[39m=[32m"MuiTypography-root MuiTypography-subtitle2 css-1k7msii-MuiTypography-root"[39m
    [33mid[39m=[32m"change-item-355-heading"[39m
  [36m/>[39m

  Name "Change Item 357":
  [36m<h6[39m
    [33mclass[39m=[32m"MuiTypography-root MuiTypography-subtitle2 css-1k7msii-MuiTypography-root"[39m
    [33mid[39m=[32m"change-item-356-heading"[39m
  [36m/>[39m

  Name "Change Item 358":
  [36m<h6[39m
    [33mclass[39m=[32m"MuiTypography-root MuiTypography-subtitle2 css-1k7msii-MuiTypography-root"[39m
    [33mid[39m=[32m"change-item-357-heading"[39m
  [36m/>[39m

  Name "Change Item 359":
  [36m<h6[39m
    [33mclass[39m=[32m"MuiTypography-root MuiTypography-subtitle2 css-1k7msii-MuiTypography-root"[39m
    [33mid[39m=[32m"change-item-358-heading"[39m
  [36m/>[39m

  Name "Change Item 360":
  [36m<h6[39m
    [33mclass[39m=[32m"MuiTypography-root MuiTypography-subtitle2 css-1k7msii-MuiTypography-root"[39m
    [33mid[39m=[32m"change-item-359-heading"[39m
  [36m/>[39m

  Name "Change Item 361":
  [36m<h6[39m
    [33mclass[39m=[32m"MuiTypography-root MuiTypography-subtitle2 css-1k7msii-MuiTypography-root"[39m
    [33mid[39m=[32m"change-item-360-heading"[39m
  [36m/>[39m

  Name "Change Item 362":
  [36m<h6[39m
    [33mclass[39m=[32m"MuiTypography-root MuiTypography-subtitle2 css-1k7msii-MuiTypography-root"[39m
    [33mid[39m=[32m"change-item-361-heading"[39m
  [36m/>[39m

  Name "Change Item 363":
  [36m<h6[39m
    [33mclass[39m=[32m"MuiTypography-root MuiTypography-subtitle2 css-1k7msii-MuiTypography-root"[39m
    [33mid[39m=[32m"change-item-362-heading"[39m
  [36m/>[39m

  Name "Change Item 364":
  [36m<h6[39m
    [33mclass[39m=[32m"MuiTypography-root MuiTypography-subtitle2 css-1k7msii-MuiTypography-root"[39m
    [33mid[39m=[32m"change-item-363-heading"[39m
  [36m/>[39m

  Name "Change Item 365":
  [36m<h6[39m
    [33mclass[39m=[32m"MuiTypography-root MuiTypography-subtitle2 css-1k7msii-MuiTypography-root"[39m
    [33mid[39m=[32m"change-item-364-heading"[39m
  [36m/>[39m

  Name "Change Item 366":
  [36m<h6[39m
    [33mclass[39m=[32m"MuiTypography-root MuiTypography-subtitle2 css-1k7msii-MuiTypography-root"[39m
    [33mid[39m=[32m"change-item-365-heading"[39m
  [36m/>[39m

  Name "Change Item 367":
  [36m<h6[39m
    [33mclass[39m=[32m"MuiTypography-root MuiTypography-subtitle2 css-1k7msii-MuiTypography-root"[39m
    [33mid[39m=[32m"change-item-366-heading"[39m
  [36m/>[39m

  Name "Change Item 368":
  [36m<h6[39m
    [33mclass[39m=[32m"MuiTypography-root MuiTypography-subtitle2 css-1k7msii-MuiTypography-root"[39m
    [33mid[39m=[32m"change-item-367-heading"[39m
  [36m/>[39m

  Name "Change Item 369":
  [36m<h6[39m
    [33mclass[39m=[32m"MuiTypography-root MuiTypography-subtitle2 css-1k7msii-MuiTypography-root"[39m
    [33mid[39m=[32m"change-item-368-heading"[39m
  [36m/>[39m

  Name "Change Item 370":
  [36m<h6[39m
    [33mclass[39m=[32m"MuiTypography-root MuiTypography-subtitle2 css-1k7msii-MuiTypography-root"[39m
    [33mid[39m=[32m"change-item-369-heading"[39m
  [36m/>[39m

  Name "Change Item 371":
  [36m<h6[39m
    [33mclass[39m=[32m"MuiTypography-root MuiTypography-subtitle2 css-1k7msii-MuiTypography-root"[39m
    [33mid[39m=[32m"change-item-370-heading"[39m
  [36m/>[39m

  Name "Change Item 372":
  [36m<h6[39m
    [33mclass[39m=[32m"MuiTypography-root MuiTypography-subtitle2 css-1k7msii-MuiTypography-root"[39m
    [33mid[39m=[32m"change-item-371-heading"[39m
  [36m/>[39m

  Name "Change Item 373":
  [36m<h6[39m
    [33mclass[39m=[32m"MuiTypography-root MuiTypography-subtitle2 css-1k7msii-MuiTypography-root"[39m
    [33mid[39m=[32m"change-item-372-heading"[39m
  [36m/>[39m

  Name "Change Item 374":
  [36m<h6[39m
    [33mclass[39m=[32m"MuiTypography-root MuiTypography-subtitle2 css-1k7msii-MuiTypography-root"[39m
    [33mid[39m=[32m"change-item-373-heading"[39m
  [36m/>[39m

  Name "Change Item 375":
  [36m<h6[39m
    [33mclass[39m=[32m"MuiTypography-root MuiTypography-subtitle2 css-1k7msii-MuiTypography-root"[39m
    [33mid[39m=[32m"change-item-374-heading"[39m
  [36m/>[39m

  Name "Change Item 376":
  [36m<h6[39m
    [33mclass[39m=[32m"MuiTypography-root MuiTypography-subtitle2 css-1k7msii-MuiTypography-root"[39m
    [33mid[39m=[32m"change-item-375-heading"[39m
  [36m/>[39m

  Name "Change Item 377":
  [36m<h6[39m
    [33mclass[39m=[32m"MuiTypography-root MuiTypography-subtitle2 css-1k7msii-MuiTypography-root"[39m
    [33mid[39m=[32m"change-item-376-heading"[39m
  [36m/>[39m

  Name "Change Item 378":
  [36m<h6[39m
    [33mclass[39m=[32m"MuiTypography-root MuiTypography-subtitle2 css-1k7msii-MuiTypography-root"[39m
    [33mid[39m=[32m"change-item-377-heading"[39m
  [36m/>[39m

  Name "Change Item 379":
  [36m<h6[39m
    [33mclass[39m=[32m"MuiTypography-root MuiTypography-subtitle2 css-1k7msii-MuiTypography-root"[39m
    [33mid[39m=[32m"change-item-378-heading"[39m
  [36m/>[39m

  Name "Change Item 380":
  [36m<h6[39m
    [33mclass[39m=[32m"MuiTypography-root MuiTypography-subtitle2 css-1k7msii-MuiTypography-root"[39m
    [33mid[39m=[32m"change-item-379-heading"[39m
  [36m/>[39m

  Name "Change Item 381":
  [36m<h6[39m
    [33mclass[39m=[32m"MuiTypography-root MuiTypography-subtitle2 css-1k7msii-MuiTypography-root"[39m
    [33mid[39m=[32m"change-item-380-heading"[39m
  [36m/>[39m

  Name "Change Item 382":
  [36m<h6[39m
    [33mclass[39m=[32m"MuiTypography-root MuiTypography-subtitle2 css-1k7msii-MuiTypography-root"[39m
    [33mid[39m=[32m"change-item-381-heading"[39m
  [36m/>[39m

  Name "Change Item 383":
  [36m<h6[39m
    [33mclass[39m=[32m"MuiTypography-root MuiTypography-subtitle2 css-1k7msii-MuiTypography-root"[39m
    [33mid[39m=[32m"change-item-382-heading"[39m
  [36m/>[39m

  Name "Change Item 384":
  [36m<h6[39m
    [33mclass[39m=[32m"MuiTypography-root MuiTypography-subtitle2 css-1k7msii-MuiTypography-root"[39m
    [33mid[39m=[32m"change-item-383-heading"[39m
  [36m/>[39m

  Name "Change Item 385":
  [36m<h6[39m
    [33mclass[39m=[32m"MuiTypography-root MuiTypography-subtitle2 css-1k7msii-MuiTypography-root"[39m
    [33mid[39m=[32m"change-item-384-heading"[39m
  [36m/>[39m

  Name "Change Item 386":
  [36m<h6[39m
    [33mclass[39m=[32m"MuiTypography-root MuiTypography-subtitle2 css-1k7msii-MuiTypography-root"[39m
    [33mid[39m=[32m"change-item-385-heading"[39m
  [36m/>[39m

  Name "Change Item 387":
  [36m<h6[39m
    [33mclass[39m=[32m"MuiTypography-root MuiTypography-subtitle2 css-1k7msii-MuiTypography-root"[39m
    [33mid[39m=[32m"change-item-386-heading"[39m
  [36m/>[39m

  Name "Change Item 388":
  [36m<h6[39m
    [33mclass[39m=[32m"MuiTypography-root MuiTypography-subtitle2 css-1k7msii-MuiTypography-root"[39m
    [33mid[39m=[32m"change-item-387-heading"[39m
  [36m/>[39m

  Name "Change Item 389":
  [36m<h6[39m
    [33mclass[39m=[32m"MuiTypography-root MuiTypography-subtitle2 css-1k7msii-MuiTypography-root"[39m
    [33mid[39m=[32m"change-item-388-heading"[39m
  [36m/>[39m

  Name "Change Item 390":
  [36m<h6[39m
    [33mclass[39m=[32m"MuiTypography-root MuiTypography-subtitle2 css-1k7msii-MuiTypography-root"[39m
    [33mid[39m=[32m"change-item-389-heading"[39m
  [36m/>[39m

  Name "Change Item 391":
  [36m<h6[39m
    [33mclass[39m=[32m"MuiTypography-root MuiTypography-subtitle2 css-1k7msii-MuiTypography-root"[39m
    [33mid[39m=[32m"change-item-390-heading"[39m
  [36m/>[39m

  Name "Change Item 392":
  [36m<h6[39m
    [33mclass[39m=[32m"MuiTypography-root MuiTypography-subtitle2 css-1k7msii-MuiTypography-root"[39m
    [33mid[39m=[32m"change-item-391-heading"[39m
  [36m/>[39m

  Name "Change Item 393":
  [36m<h6[39m
    [33mclass[39m=[32m"MuiTypography-root MuiTypography-subtitle2 css-1k7msii-MuiTypography-root"[39m
    [33mid[39m=[32m"change-item-392-heading"[39m
  [36m/>[39m

  Name "Change Item 394":
  [36m<h6[39m
    [33mclass[39m=[32m"MuiTypography-root MuiTypography-subtitle2 css-1k7msii-MuiTypography-root"[39m
    [33mid[39m=[32m"change-item-393-heading"[39m
  [36m/>[39m

  Name "Change Item 395":
  [36m<h6[39m
    [33mclass[39m=[32m"MuiTypography-root MuiTypography-subtitle2 css-1k7msii-MuiTypography-root"[39m
    [33mid[39m=[32m"change-item-394-heading"[39m
  [36m/>[39m

  Name "Change Item 396":
  [36m<h6[39m
    [33mclass[39m=[32m"MuiTypography-root MuiTypography-subtitle2 css-1k7msii-MuiTypography-root"[39m
    [33mid[39m=[32m"change-item-395-heading"[39m
  [36m/>[39m

  Name "Change Item 397":
  [36m<h6[39m
    [33mclass[39m=[32m"MuiTypography-root MuiTypography-subtitle2 css-1k7msii-MuiTypography-root"[39m
    [33mid[39m=[32m"change-item-396-heading"[39m
  [36m/>[39m

  Name "Change Item 398":
  [36m<h6[39m
    [33mclass[39m=[32m"MuiTypography-root MuiTypography-subtitle2 css-1k7msii-MuiTypography-root"[39m
    [33mid[39m=[32m"change-item-397-heading"[39m
  [36m/>[39m

  Name "Change Item 399":
  [36m<h6[39m
    [33mclass[39m=[32m"MuiTypography-root MuiTypography-subtitle2 css-1k7msii-MuiTypography-root"[39m
    [33mid[39m=[32m"change-item-398-heading"[39m
  [36m/>[39m

  Name "Change Item 400":
  [36m<h6[39m
    [33mclass[39m=[32m"MuiTypography-root MuiTypography-subtitle2 css-1k7msii-MuiTypography-root"[39m
    [33mid[39m=[32m"change-item-399-heading"[39m
  [36m/>[39m

  Name "Change Item 401":
  [36m<h6[39m
    [33mclass[39m=[32m"MuiTypography-root MuiTypography-subtitle2 css-1k7msii-MuiTypography-root"[39m
    [33mid[39m=[32m"change-item-400-heading"[39m
  [36m/>[39m

  Name "Change Item 402":
  [36m<h6[39m
    [33mclass[39m=[32m"MuiTypography-root MuiTypography-subtitle2 css-1k7msii-MuiTypography-root"[39m
    [33mid[39m=[32m"change-item-401-heading"[39m
  [36m/>[39m

  Name "Change Item 403":
  [36m<h6[39m
    [33mclass[39m=[32m"MuiTypography-root MuiTypography-subtitle2 css-1k7msii-MuiTypography-root"[39m
    [33mid[39m=[32m"change-item-402-heading"[39m
  [36m/>[39m

  Name "Change Item 404":
  [36m<h6[39m
    [33mclass[39m=[32m"MuiTypography-root MuiTypography-subtitle2 css-1k7msii-MuiTypography-root"[39m
    [33mid[39m=[32m"change-item-403-heading"[39m
  [36m/>[39m

  Name "Change Item 405":
  [36m<h6[39m
    [33mclass[39m=[32m"MuiTypography-root MuiTypography-subtitle2 css-1k7msii-MuiTypography-root"[39m
    [33mid[39m=[32m"change-item-404-heading"[39m
  [36m/>[39m

  Name "Change Item 406":
  [36m<h6[39m
    [33mclass[39m=[32m"MuiTypography-root MuiTypography-subtitle2 css-1k7msii-MuiTypography-root"[39m
    [33mid[39m=[32m"change-item-405-heading"[39m
  [36m/>[39m

  Name "Change Item 407":
  [36m<h6[39m
    [33mclass[39m=[32m"MuiTypography-root MuiTypography-subtitle2 css-1k7msii-MuiTypography-root"[39m
    [33mid[39m=[32m"change-item-406-heading"[39m
  [36m/>[39m

  Name "Change Item 408":
  [36m<h6[39m
    [33mclass[39m=[32m"MuiTypography-root MuiTypography-subtitle2 css-1k7msii-MuiTypography-root"[39m
    [33mid[39m=[32m"change-item-407-heading"[39m
  [36m/>[39m

  Name "Change Item 409":
  [36m<h6[39m
    [33mclass[39m=[32m"MuiTypography-root MuiTypography-subtitle2 css-1k7msii-MuiTypography-root"[39m
    [33mid[39m=[32m"change-item-408-heading"[39m
  [36m/>[39m

  Name "Change Item 410":
  [36m<h6[39m
    [33mclass[39m=[32m"MuiTypography-root MuiTypography-subtitle2 css-1k7msii-MuiTypography-root"[39m
    [33mid[39m=[32m"change-item-409-heading"[39m
  [36m/>[39m

  Name "Change Item 411":
  [36m<h6[39m
    [33mclass[39m=[32m"MuiTypography-root MuiTypography-subtitle2 css-1k7msii-MuiTypography-root"[39m
    [33mid[39m=[32m"change-item-410-heading"[39m
  [36m/>[39m

  Name "Change Item 412":
  [36m<h6[39m
    [33mclass[39m=[32m"MuiTypography-root MuiTypography-subtitle2 css-1k7msii-MuiTypography-root"[39m
    [33mid[39m=[32m"change-item-411-heading"[39m
  [36m/>[39m

  Name "Change Item 413":
  [36m<h6[39m
    [33mclass[39m=[32m"MuiTypography-root MuiTypography-subtitle2 css-1k7msii-MuiTypography-root"[39m
    [33mid[39m=[32m"change-item-412-heading"[39m
  [36m/>[39m

  Name "Change Item 414":
  [36m<h6[39m
    [33mclass[39m=[32m"MuiTypography-root MuiTypography-subtitle2 css-1k7msii-MuiTypography-root"[39m
    [33mid[39m=[32m"change-item-413-heading"[39m
  [36m/>[39m

  Name "Change Item 415":
  [36m<h6[39m
    [33mclass[39m=[32m"MuiTypography-root MuiTypography-subtitle2 css-1k7msii-MuiTypography-root"[39m
    [33mid[39m=[32m"change-item-414-heading"[39m
  [36m/>[39m

  Name "Change Item 416":
  [36m<h6[39m
    [33mclass[39m=[32m"MuiTypography-root MuiTypography-subtitle2 css-1k7msii-MuiTypography-root"[39m
    [33mid[39m=[32m"change-item-415-heading"[39m
  [36m/>[39m

  Name "Change Item 417":
  [36m<h6[39m
    [33mclass[39m=[32m"MuiTypography-root MuiTypography-subtitle2 css-1k7msii-MuiTypography-root"[39m
    [33mid[39m=[32m"change-item-416-heading"[39m
  [36m/>[39m

  Name "Change Item 418":
  [36m<h6[39m
    [33mclass[39m=[32m"MuiTypography-root MuiTypography-subtitle2 css-1k7msii-MuiTypography-root"[39m
    [33mid[39m=[32m"change-item-417-heading"[39m
  [36m/>[39m

  Name "Change Item 419":
  [36m<h6[39m
    [33mclass[39m=[32m"MuiTypography-root MuiTypography-subtitle2 css-1k7msii-MuiTypography-root"[39m
    [33mid[39m=[32m"change-item-418-heading"[39m
  [36m/>[39m

  Name "Change Item 420":
  [36m<h6[39m
    [33mclass[39m=[32m"MuiTypography-root MuiTypography-subtitle2 css-1k7msii-MuiTypography-root"[39m
    [33mid[39m=[32m"change-item-419-heading"[39m
  [36m/>[39m

  Name "Change Item 421":
  [36m<h6[39m
    [33mclass[39m=[32m"MuiTypography-root MuiTypography-subtitle2 css-1k7msii-MuiTypography-root"[39m
    [33mid[39m=[32m"change-item-420-heading"[39m
  [36m/>[39m

  Name "Change Item 422":
  [36m<h6[39m
    [33mclass[39m=[32m"MuiTypography-root MuiTypography-subtitle2 css-1k7msii-MuiTypography-root"[39m
    [33mid[39m=[32m"change-item-421-heading"[39m
  [36m/>[39m

  Name "Change Item 423":
  [36m<h6[39m
    [33mclass[39m=[32m"MuiTypography-root MuiTypography-subtitle2 css-1k7msii-MuiTypography-root"[39m
    [33mid[39m=[32m"change-item-422-heading"[39m
  [36m/>[39m

  Name "Change Item 424":
  [36m<h6[39m
    [33mclass[39m=[32m"MuiTypography-root MuiTypography-subtitle2 css-1k7msii-MuiTypography-root"[39m
    [33mid[39m=[32m"change-item-423-heading"[39m
  [36m/>[39m

  Name "Change Item 425":
  [36m<h6[39m
    [33mclass[39m=[32m"MuiTypography-root MuiTypography-subtitle2 css-1k7msii-MuiTypography-root"[39m
    [33mid[39m=[32m"change-item-424-heading"[39m
  [36m/>[39m

  Name "Change Item 426":
  [36m<h6[39m
    [33mclass[39m=[32m"MuiTypography-root MuiTypography-subtitle2 css-1k7msii-MuiTypography-root"[39m
    [33mid[39m=[32m"change-item-425-heading"[39m
  [36m/>[39m

  Name "Change Item 427":
  [36m<h6[39m
    [33mclass[39m=[32m"MuiTypography-root MuiTypography-subtitle2 css-1k7msii-MuiTypography-root"[39m
    [33mid[39m=[32m"change-item-426-heading"[39m
  [36m/>[39m

  Name "Change Item 428":
  [36m<h6[39m
    [33mclass[39m=[32m"MuiTypography-root MuiTypography-subtitle2 css-1k7msii-MuiTypography-root"[39m
    [33mid[39m=[32m"change-item-427-heading"[39m
  [36m/>[39m

  Name "Change Item 429":
  [36m<h6[39m
    [33mclass[39m=[32m"MuiTypography-root MuiTypography-subtitle2 css-1k7msii-MuiTypography-root"[39m
    [33mid[39m=[32m"change-item-428-heading"[39m
  [36m/>[39m

  Name "Change Item 430":
  [36m<h6[39m
    [33mclass[39m=[32m"MuiTypography-root MuiTypography-subtitle2 css-1k7msii-MuiTypography-root"[39m
    [33mid[39m=[32m"change-item-429-heading"[39m
  [36m/>[39m

  Name "Change Item 431":
  [36m<h6[39m
    [33mclass[39m=[32m"MuiTypography-root MuiTypography-subtitle2 css-1k7msii-MuiTypography-root"[39m
    [33mid[39m=[32m"change-item-430-heading"[39m
  [36m/>[39m

  Name "Change Item 432":
  [36m<h6[39m
    [33mclass[39m=[32m"MuiTypography-root MuiTypography-subtitle2 css-1k7msii-MuiTypography-root"[39m
    [33mid[39m=[32m"change-item-431-heading"[39m
  [36m/>[39m

  Name "Change Item 433":
  [36m<h6[39m
    [33mclass[39m=[32m"MuiTypography-root MuiTypography-subtitle2 css-1k7msii-MuiTypography-root"[39m
    [33mid[39m=[32m"change-item-432-heading"[39m
  [36m/>[39m

  Name "Change Item 434":
  [36m<h6[39m
    [33mclass[39m=[32m"MuiTypography-root MuiTypography-subtitle2 css-1k7msii-MuiTypography-root"[39m
    [33mid[39m=[32m"change-item-433-heading"[39m
  [36m/>[39m

  Name "Change Item 435":
  [36m<h6[39m
    [33mclass[39m=[32m"MuiTypography-root MuiTypography-subtitle2 css-1k7msii-MuiTypography-root"[39m
    [33mid[39m=[32m"change-item-434-heading"[39m
  [36m/>[39m

  Name "Change Item 436":
  [36m<h6[39m
    [33mclass[39m=[32m"MuiTypography-root MuiTypography-subtitle2 css-1k7msii-MuiTypography-root"[39m
    [33mid[39m=[32m"change-item-435-heading"[39m
  [36m/>[39m

  Name "Change Item 437":
  [36m<h6[39m
    [33mclass[39m=[32m"MuiTypography-root MuiTypography-subtitle2 css-1k7msii-MuiTypography-root"[39m
    [33mid[39m=[32m"change-item-436-heading"[39m
  [36m/>[39m

  Name "Change Item 438":
  [36m<h6[39m
    [33mclass[39m=[32m"MuiTypography-root MuiTypography-subtitle2 css-1k7msii-MuiTypography-root"[39m
    [33mid[39m=[32m"change-item-437-heading"[39m
  [36m/>[39m

  Name "Change Item 439":
  [36m<h6[39m
    [33mclass[39m=[32m"MuiTypography-root MuiTypography-subtitle2 css-1k7msii-MuiTypography-root"[39m
    [33mid[39m=[32m"change-item-438-heading"[39m
  [36m/>[39m

  Name "Change Item 440":
  [36m<h6[39m
    [33mclass[39m=[32m"MuiTypography-root MuiTypography-subtitle2 css-1k7msii-MuiTypography-root"[39m
    [33mid[39m=[32m"change-item-439-heading"[39m
  [36m/>[39m

  Name "Change Item 441":
  [36m<h6[39m
    [33mclass[39m=[32m"MuiTypography-root MuiTypography-subtitle2 css-1k7msii-MuiTypography-root"[39m
    [33mid[39m=[32m"change-item-440-heading"[39m
  [36m/>[39m

  Name "Change Item 442":
  [36m<h6[39m
    [33mclass[39m=[32m"MuiTypography-root MuiTypography-subtitle2 css-1k7msii-MuiTypography-root"[39m
    [33mid[39m=[32m"change-item-441-heading"[39m
  [36m/>[39m

  Name "Change Item 443":
  [36m<h6[39m
    [33mclass[39m=[32m"MuiTypography-root MuiTypography-subtitle2 css-1k7msii-MuiTypography-root"[39m
    [33mid[39m=[32m"change-item-442-heading"[39m
  [36m/>[39m

  Name "Change Item 444":
  [36m<h6[39m
    [33mclass[39m=[32m"MuiTypography-root MuiTypography-subtitle2 css-1k7msii-MuiTypography-root"[39m
    [33mid[39m=[32m"change-item-443-heading"[39m
  [36m/>[39m

  Name "Change Item 445":
  [36m<h6[39m
    [33mclass[39m=[32m"MuiTypography-root MuiTypography-subtitle2 css-1k7msii-MuiTypography-root"[39m
    [33mid[39m=[32m"change-item-444-heading"[39m
  [36m/>[39m

  Name "Change Item 446":
  [36m<h6[39m
    [33mclass[39m=[32m"MuiTypography-root MuiTypography-subtitle2 css-1k7msii-MuiTypography-root"[39m
    [33mid[39m=[32m"change-item-445-heading"[39m
  [36m/>[39m

  Name "Change Item 447":
  [36m<h6[39m
    [33mclass[39m=[32m"MuiTypography-root MuiTypography-subtitle2 css-1k7msii-MuiTypography-root"[39m
    [33mid[39m=[32m"change-item-446-heading"[39m
  [36m/>[39m

  Name "Change Item 448":
  [36m<h6[39m
    [33mclass[39m=[32m"MuiTypography-root MuiTypography-subtitle2 css-1k7msii-MuiTypography-root"[39m
    [33mid[39m=[32m"change-item-447-heading"[39m
  [36m/>[39m

  Name "Change Item 449":
  [36m<h6[39m
    [33mclass[39m=[32m"MuiTypography-root MuiTypography-subtitle2 css-1k7msii-MuiTypography-root"[39m
    [33mid[39m=[32m"change-item-448-heading"[39m
  [36m/>[39m

  Name "Change Item 450":
  [36m<h6[39m
    [33mclass[39m=[32m"MuiTypography-root MuiTypography-subtitle2 css-1k7msii-MuiTypography-root"[39m
    [33mid[39m=[32m"change-item-449-heading"[39m
  [36m/>[39m

  Name "Change Item 451":
  [36m<h6[39m
    [33mclass[39m=[32m"MuiTypography-root MuiTypography-subtitle2 css-1k7msii-MuiTypography-root"[39m
    [33mid[39m=[32m"change-item-450-heading"[39m
  [36m/>[39m

  Name "Change Item 452":
  [36m<h6[39m
    [33mclass[39m=[32m"MuiTypography-root MuiTypography-subtitle2 css-1k7msii-MuiTypography-root"[39m
    [33mid[39m=[32m"change-item-451-heading"[39m
  [36m/>[39m

  Name "Change Item 453":
  [36m<h6[39m
    [33mclass[39m=[32m"MuiTypography-root MuiTypography-subtitle2 css-1k7msii-MuiTypography-root"[39m
    [33mid[39m=[32m"change-item-452-heading"[39m
  [36m/>[39m

  Name "Change Item 454":
  [36m<h6[39m
    [33mclass[39m=[32m"MuiTypography-root MuiTypography-subtitle2 css-1k7msii-MuiTypography-root"[39m
    [33mid[39m=[32m"change-item-453-heading"[39m
  [36m/>[39m

  Name "Change Item 455":
  [36m<h6[39m
    [33mclass[39m=[32m"MuiTypography-root MuiTypography-subtitle2 css-1k7msii-MuiTypography-root"[39m
    [33mid[39m=[32m"change-item-454-heading"[39m
  [36m/>[39m

  Name "Change Item 456":
  [36m<h6[39m
    [33mclass[39m=[32m"MuiTypography-root MuiTypography-subtitle2 css-1k7msii-MuiTypography-root"[39m
    [33mid[39m=[32m"change-item-455-heading"[39m
  [36m/>[39m

  Name "Change Item 457":
  [36m<h6[39m
    [33mclass[39m=[32m"MuiTypography-root MuiTypography-subtitle2 css-1k7msii-MuiTypography-root"[39m
    [33mid[39m=[32m"change-item-456-heading"[39m
  [36m/>[39m

  Name "Change Item 458":
  [36m<h6[39m
    [33mclass[39m=[32m"MuiTypography-root MuiTypography-subtitle2 css-1k7msii-MuiTypography-root"[39m
    [33mid[39m=[32m"change-item-457-heading"[39m
  [36m/>[39m

  Name "Change Item 459":
  [36m<h6[39m
    [33mclass[39m=[32m"MuiTypography-root MuiTypography-subtitle2 css-1k7msii-MuiTypography-root"[39m
    [33mid[39m=[32m"change-item-458-heading"[39m
  [36m/>[39m

  Name "Change Item 460":
  [36m<h6[39m
    [33mclass[39m=[32m"MuiTypography-root MuiTypography-subtitle2 css-1k7msii-MuiTypography-root"[39m
    [33mid[39m=[32m"change-item-459-heading"[39m
  [36m/>[39m

  Name "Change Item 461":
  [36m<h6[39m
    [33mclass[39m=[32m"MuiTypography-root MuiTypography-subtitle2 css-1k7msii-MuiTypography-root"[39m
    [33mid[39m=[32m"change-item-460-heading"[39m
  [36m/>[39m

  Name "Change Item 462":
  [36m<h6[39m
    [33mclass[39m=[32m"MuiTypography-root MuiTypography-subtitle2 css-1k7msii-MuiTypography-root"[39m
    [33mid[39m=[32m"change-item-461-heading"[39m
  [36m/>[39m

  Name "Change Item 463":
  [36m<h6[39m
    [33mclass[39m=[32m"MuiTypography-root MuiTypography-subtitle2 css-1k7msii-MuiTypography-root"[39m
    [33mid[39m=[32m"change-item-462-heading"[39m
  [36m/>[39m

  Name "Change Item 464":
  [36m<h6[39m
    [33mclass[39m=[32m"MuiTypography-root MuiTypography-subtitle2 css-1k7msii-MuiTypography-root"[39m
    [33mid[39m=[32m"change-item-463-heading"[39m
  [36m/>[39m

  Name "Change Item 465":
  [36m<h6[39m
    [33mclass[39m=[32m"MuiTypography-root MuiTypography-subtitle2 css-1k7msii-MuiTypography-root"[39m
    [33mid[39m=[32m"change-item-464-heading"[39m
  [36m/>[39m

  Name "Change Item 466":
  [36m<h6[39m
    [33mclass[39m=[32m"MuiTypography-root MuiTypography-subtitle2 css-1k7msii-MuiTypography-root"[39m
    [33mid[39m=[32m"change-item-465-heading"[39m
  [36m/>[39m

  Name "Change Item 467":
  [36m<h6[39m
    [33mclass[39m=[32m"MuiTypography-root MuiTypography-subtitle2 css-1k7msii-MuiTypography-root"[39m
    [33mid[39m=[32m"change-item-466-heading"[39m
  [36m/>[39m

  Name "Change Item 468":
  [36m<h6[39m
    [33mclass[39m=[32m"MuiTypography-root MuiTypography-subtitle2 css-1k7msii-MuiTypography-root"[39m
    [33mid[39m=[32m"change-item-467-heading"[39m
  [36m/>[39m

  Name "Change Item 469":
  [36m<h6[39m
    [33mclass[39m=[32m"MuiTypography-root MuiTypography-subtitle2 css-1k7msii-MuiTypography-root"[39m
    [33mid[39m=[32m"change-item-468-heading"[39m
  [36m/>[39m

  Name "Change Item 470":
  [36m<h6[39m
    [33mclass[39m=[32m"MuiTypography-root MuiTypography-subtitle2 css-1k7msii-MuiTypography-root"[39m
    [33mid[39m=[32m"change-item-469-heading"[39m
  [36m/>[39m

  Name "Change Item 471":
  [36m<h6[39m
    [33mclass[39m=[32m"MuiTypography-root MuiTypography-subtitle2 css-1k7msii-MuiTypography-root"[39m
    [33mid[39m=[32m"change-item-470-heading"[39m
  [36m/>[39m

  Name "Change Item 472":
  [36m<h6[39m
    [33mclass[39m=[32m"MuiTypography-root MuiTypography-subtitle2 css-1k7msii-MuiTypography-root"[39m
    [33mid[39m=[32m"change-item-471-heading"[39m
  [36m/>[39m

  Name "Change Item 473":
  [36m<h6[39m
    [33mclass[39m=[32m"MuiTypography-root MuiTypography-subtitle2 css-1k7msii-MuiTypography-root"[39m
    [33mid[39m=[32m"change-item-472-heading"[39m
  [36m/>[39m

  Name "Change Item 474":
  [36m<h6[39m
    [33mclass[39m=[32m"MuiTypography-root MuiTypography-subtitle2 css-1k7msii-MuiTypography-root"[39m
    [33mid[39m=[32m"change-item-473-heading"[39m
  [36m/>[39m

  Name "Change Item 475":
  [36m<h6[39m
    [33mclass[39m=[32m"MuiTypography-root MuiTypography-subtitle2 css-1k7msii-MuiTypography-root"[39m
    [33mid[39m=[32m"change-item-474-heading"[39m
  [36m/>[39m

  Name "Change Item 476":
  [36m<h6[39m
    [33mclass[39m=[32m"MuiTypography-root MuiTypography-subtitle2 css-1k7msii-MuiTypography-root"[39m
    [33mid[39m=[32m"change-item-475-heading"[39m
  [36m/>[39m

  Name "Change Item 477":
  [36m<h6[39m
    [33mclass[39m=[32m"MuiTypography-root MuiTypography-subtitle2 css-1k7msii-MuiTypography-root"[39m
    [33mid[39m=[32m"change-item-476-heading"[39m
  [36m/>[39m

  Name "Change Item 478":
  [36m<h6[39m
    [33mclass[39m=[32m"MuiTypography-root MuiTypography-subtitle2 css-1k7msii-MuiTypography-root"[39m
    [33mid[39m=[32m"change-item-477-heading"[39m
  [36m/>[39m

  Name "Change Item 479":
  [36m<h6[39m
    [33mclass[39m=[32m"MuiTypography-root MuiTypography-subtitle2 css-1k7msii-MuiTypography-root"[39m
    [33mid[39m=[32m"change-item-478-heading"[39m
  [36m/>[39m

  Name "Change Item 480":
  [36m<h6[39m
    [33mclass[39m=[32m"MuiTypography-root MuiTypography-subtitle2 css-1k7msii-MuiTypography-root"[39m
    [33mid[39m=[32m"change-item-479-heading"[39m
  [36m/>[39m

  Name "Change Item 481":
  [36m<h6[39m
    [33mclass[39m=[32m"MuiTypography-root MuiTypography-subtitle2 css-1k7msii-MuiTypography-root"[39m
    [33mid[39m=[32m"change-item-480-heading"[39m
  [36m/>[39m

  Name "Change Item 482":
  [36m<h6[39m
    [33mclass[39m=[32m"MuiTypography-root MuiTypography-subtitle2 css-1k7msii-MuiTypography-root"[39m
    [33mid[39m=[32m"change-item-481-heading"[39m
  [36m/>[39m

  Name "Change Item 483":
  [36m<h6[39m
    [33mclass[39m=[32m"MuiTypography-root MuiTypography-subtitle2 css-1k7msii-MuiTypography-root"[39m
    [33mid[39m=[32m"change-item-482-heading"[39m
  [36m/>[39m

  Name "Change Item 484":
  [36m<h6[39m
    [33mclass[39m=[32m"MuiTypography-root MuiTypography-subtitle2 css-1k7msii-MuiTypography-root"[39m
    [33mid[39m=[32m"change-item-483-heading"[39m
  [36m/>[39m

  Name "Change Item 485":
  [36m<h6[39m
    [33mclass[39m=[32m"MuiTypography-root MuiTypography-subtitle2 css-1k7msii-MuiTypography-root"[39m
    [33mid[39m=[32m"change-item-484-heading"[39m
  [36m/>[39m

  Name "Change Item 486":
  [36m<h6[39m
    [33mclass[39m=[32m"MuiTypography-root MuiTypography-subtitle2 css-1k7msii-MuiTypography-root"[39m
    [33mid[39m=[32m"change-item-485-heading"[39m
  [36m/>[39m

  Name "Change Item 487":
  [36m<h6[39m
    [33mclass[39m=[32m"MuiTypography-root MuiTypography-subtitle2 css-1k7msii-MuiTypography-root"[39m
    [33mid[39m=[32m"change-item-486-heading"[39m
  [36m/>[39m

  Name "Change Item 488":
  [36m<h6[39m
    [33mclass[39m=[32m"MuiTypography-root MuiTypography-subtitle2 css-1k7msii-MuiTypography-root"[39m
    [33mid[39m=[32m"change-item-487-heading"[39m
  [36m/>[39m

  Name "Change Item 489":
  [36m<h6[39m
    [33mclass[39m=[32m"MuiTypography-root MuiTypography-subtitle2 css-1k7msii-MuiTypography-root"[39m
    [33mid[39m=[32m"change-item-488-heading"[39m
  [36m/>[39m

  Name "Change Item 490":
  [36m<h6[39m
    [33mclass[39m=[32m"MuiTypography-root MuiTypography-subtitle2 css-1k7msii-MuiTypography-root"[39m
    [33mid[39m=[32m"change-item-489-heading"[39m
  [36m/>[39m

  Name "Change Item 491":
  [36m<h6[39m
    [33mclass[39m=[32m"MuiTypography-root MuiTypography-subtitle2 css-1k7msii-MuiTypography-root"[39m
    [33mid[39m=[32m"change-item-490-heading"[39m
  [36m/>[39m

  Name "Change Item 492":
  [36m<h6[39m
    [33mclass[39m=[32m"MuiTypography-root MuiTypography-subtitle2 css-1k7msii-MuiTypography-root"[39m
    [33mid[39m=[32m"change-item-491-heading"[39m
  [36m/>[39m

  Name "Change Item 493":
  [36m<h6[39m
    [33mclass[39m=[32m"MuiTypography-root MuiTypography-subtitle2 css-1k7msii-MuiTypography-root"[39m
    [33mid[39m=[32m"change-item-492-heading"[39m
  [36m/>[39m

  Name "Change Item 494":
  [36m<h6[39m
    [33mclass[39m=[32m"MuiTypography-root MuiTypography-subtitle2 css-1k7msii-MuiTypography-root"[39m
    [33mid[39m=[32m"change-item-493-heading"[39m
  [36m/>[39m

  Name "Change Item 495":
  [36m<h6[39m
    [33mclass[39m=[32m"MuiTypography-root MuiTypography-subtitle2 css-1k7msii-MuiTypography-root"[39m
    [33mid[39m=[32m"change-item-494-heading"[39m
  [36m/>[39m

  Name "Change Item 496":
  [36m<h6[39m
    [33mclass[39m=[32m"MuiTypography-root MuiTypography-subtitle2 css-1k7msii-MuiTypography-root"[39m
    [33mid[39m=[32m"change-item-495-heading"[39m
  [36m/>[39m

  Name "Change Item 497":
  [36m<h6[39m
    [33mclass[39m=[32m"MuiTypography-root MuiTypography-subtitle2 css-1k7msii-MuiTypography-root"[39m
    [33mid[39m=[32m"change-item-496-heading"[39m
  [36m/>[39m

  Name "Change Item 498":
  [36m<h6[39m
    [33mclass[39m=[32m"MuiTypography-root MuiTypography-subtitle2 css-1k7msii-MuiTypography-root"[39m
    [33mid[39m=[32m"change-item-497-heading"[39m
  [36m/>[39m

  Name "Change Item 499":
  [36m<h6[39m
    [33mclass[39m=[32m"MuiTypography-root MuiTypography-subtitle2 css-1k7msii-MuiTypography-root"[39m
    [33mid[39m=[32m"change-item-498-heading"[39m
  [36m/>[39m

  Name "Change Item 500":
  [36m<h6[39m
    [33mclass[39m=[32m"MuiTypography-root MuiTypography-subtitle2 css-1k7msii-MuiTypography-root"[39m
    [33mid[39m=[32m"change-item-499-heading"[39m
  [36m/>[39m

  Name "Change Item 501":
  [36m<h6[39m
    [33mclass[39m=[32m"MuiTypography-root MuiTypography-subtitle2 css-1k7msii-MuiTypography-root"[39m
    [33mid[39m=[32m"change-item-500-heading"[39m
  [36m/>[39m

  Name "Change Item 502":
  [36m<h6[39m
    [33mclass[39m=[32m"MuiTypography-root MuiTypography-subtitle2 css-1k7msii-MuiTypography-root"[39m
    [33mid[39m=[32m"change-item-501-heading"[39m
  [36m/>[39m

  Name "Change Item 503":
  [36m<h6[39m
    [33mclass[39m=[32m"MuiTypography-root MuiTypography-subtitle2 css-1k7msii-MuiTypography-root"[39m
    [33mid[39m=[32m"change-item-502-heading"[39m
  [36m/>[39m

  Name "Change Item 504":
  [36m<h6[39m
    [33mclass[39m=[32m"MuiTypography-root MuiTypography-subtitle2 css-1k7msii-MuiTypography-root"[39m
    [33mid[39m=[32m"change-item-503-heading"[39m
  [36m/>[39m

  Name "Change Item 505":
  [36m<h6[39m
    [33mclass[39m=[32m"MuiTypography-root MuiTypography-subtitle2 css-1k7msii-MuiTypography-root"[39m
    [33mid[39m=[32m"change-item-504-heading"[39m
  [36m/>[39m

  Name "Change Item 506":
  [36m<h6[39m
    [33mclass[39m=[32m"MuiTypography-root MuiTypography-subtitle2 css-1k7msii-MuiTypography-root"[39m
    [33mid[39m=[32m"change-item-505-heading"[39m
  [36m/>[39m

  Name "Change Item 507":
  [36m<h6[39m
    [33mclass[39m=[32m"MuiTypography-root MuiTypography-subtitle2 css-1k7msii-MuiTypography-root"[39m
    [33mid[39m=[32m"change-item-506-heading"[39m
  [36m/>[39m

  Name "Change Item 508":
  [36m<h6[39m
    [33mclass[39m=[32m"MuiTypography-root MuiTypography-subtitle2 css-1k7msii-MuiTypography-root"[39m
    [33mid[39m=[32m"change-item-507-heading"[39m
  [36m/>[39m

  Name "Change Item 509":
  [36m<h6[39m
    [33mclass[39m=[32m"MuiTypography-root MuiTypography-subtitle2 css-1k7msii-MuiTypography-root"[39m
    [33mid[39m=[32m"change-item-508-heading"[39m
  [36m/>[39m

  Name "Change Item 510":
  [36m<h6[39m
    [33mclass[39m=[32m"MuiTypography-root MuiTypography-subtitle2 css-1k7msii-MuiTypography-root"[39m
    [33mid[39m=[32m"change-item-509-heading"[39m
  [36m/>[39m

  Name "Change Item 511":
  [36m<h6[39m
    [33mclass[39m=[32m"MuiTypography-root MuiTypography-subtitle2 css-1k7msii-MuiTypography-root"[39m
    [33mid[39m=[32m"change-item-510-heading"[39m
  [36m/>[39m

  Name "Change Item 512":
  [36m<h6[39m
    [33mclass[39m=[32m"MuiTypography-root MuiTypography-subtitle2 css-1k7msii-MuiTypography-root"[39m
    [33mid[39m=[32m"change-item-511-heading"[39m
  [36m/>[39m

  Name "Change Item 513":
  [36m<h6[39m
    [33mclass[39m=[32m"MuiTypography-root MuiTypography-subtitle2 css-1k7msii-MuiTypography-root"[39m
    [33mid[39m=[32m"change-item-512-heading"[39m
  [36m/>[39m

  Name "Change Item 514":
  [36m<h6[39m
    [33mclass[39m=[32m"MuiTypography-root MuiTypography-subtitle2 css-1k7msii-MuiTypography-root"[39m
    [33mid[39m=[32m"change-item-513-heading"[39m
  [36m/>[39m

  Name "Change Item 515":
  [36m<h6[39m
    [33mclass[39m=[32m"MuiTypography-root MuiTypography-subtitle2 css-1k7msii-MuiTypography-root"[39m
    [33mid[39m=[32m"change-item-514-heading"[39m
  [36m/>[39m

  Name "Change Item 516":
  [36m<h6[39m
    [33mclass[39m=[32m"MuiTypography-root MuiTypography-subtitle2 css-1k7msii-MuiTypography-root"[39m
    [33mid[39m=[32m"change-item-515-heading"[39m
  [36m/>[39m

  Name "Change Item 517":
  [36m<h6[39m
    [33mclass[39m=[32m"MuiTypography-root MuiTypography-subtitle2 css-1k7msii-MuiTypography-root"[39m
    [33mid[39m=[32m"change-item-516-heading"[39m
  [36m/>[39m

  Name "Change Item 518":
  [36m<h6[39m
    [33mclass[39m=[32m"MuiTypography-root MuiTypography-subtitle2 css-1k7msii-MuiTypography-root"[39m
    [33mid[39m=[32m"change-item-517-heading"[39m
  [36m/>[39m

  Name "Change Item 519":
  [36m<h6[39m
    [33mclass[39m=[32m"MuiTypography-root MuiTypography-subtitle2 css-1k7msii-MuiTypography-root"[39m
    [33mid[39m=[32m"change-item-518-heading"[39m
  [36m/>[39m

  Name "Change Item 520":
  [36m<h6[39m
    [33mclass[39m=[32m"MuiTypography-root MuiTypography-subtitle2 css-1k7msii-MuiTypography-root"[39m
    [33mid[39m=[32m"change-item-519-heading"[39m
  [36m/>[39m

  Name "Change Item 521":
  [36m<h6[39m
    [33mclass[39m=[32m"MuiTypography-root MuiTypography-subtitle2 css-1k7msii-MuiTypography-root"[39m
    [33mid[39m=[32m"change-item-520-heading"[39m
  [36m/>[39m

  Name "Change Item 522":
  [36m<h6[39m
    [33mclass[39m=[32m"MuiTypography-root MuiTypography-subtitle2 css-1k7msii-MuiTypography-root"[39m
    [33mid[39m=[32m"change-item-521-heading"[39m
  [36m/>[39m

  Name "Change Item 523":
  [36m<h6[39m
    [33mclass[39m=[32m"MuiTypography-root MuiTypography-subtitle2 css-1k7msii-MuiTypography-root"[39m
    [33mid[39m=[32m"change-item-522-heading"[39m
  [36m/>[39m

  Name "Change Item 524":
  [36m<h6[39m
    [33mclass[39m=[32m"MuiTypography-root MuiTypography-subtitle2 css-1k7msii-MuiTypography-root"[39m
    [33mid[39m=[32m"change-item-523-heading"[39m
  [36m/>[39m

  Name "Change Item 525":
  [36m<h6[39m
    [33mclass[39m=[32m"MuiTypography-root MuiTypography-subtitle2 css-1k7msii-MuiTypography-root"[39m
    [33mid[39m=[32m"change-item-524-heading"[39m
  [36m/>[39m

  Name "Change Item 526":
  [36m<h6[39m
    [33mclass[39m=[32m"MuiTypography-root MuiTypography-subtitle2 css-1k7msii-MuiTypography-root"[39m
    [33mid[39m=[32m"change-item-525-heading"[39m
  [36m/>[39m

  Name "Change Item 527":
  [36m<h6[39m
    [33mclass[39m=[32m"MuiTypography-root MuiTypography-subtitle2 css-1k7msii-MuiTypography-root"[39m
    [33mid[39m=[32m"change-item-526-heading"[39m
  [36m/>[39m

  Name "Change Item 528":
  [36m<h6[39m
    [33mclass[39m=[32m"MuiTypography-root MuiTypography-subtitle2 css-1k7msii-MuiTypography-root"[39m
    [33mid[39m=[32m"change-item-527-heading"[39m
  [36m/>[39m

  Name "Change Item 529":
  [36m<h6[39m
    [33mclass[39m=[32m"MuiTypography-root MuiTypography-subtitle2 css-1k7msii-MuiTypography-root"[39m
    [33mid[39m=[32m"change-item-528-heading"[39m
  [36m/>[39m

  Name "Change Item 530":
  [36m<h6[39m
    [33mclass[39m=[32m"MuiTypography-root MuiTypography-subtitle2 css-1k7msii-MuiTypography-root"[39m
    [33mid[39m=[32m"change-item-529-heading"[39m
  [36m/>[39m

  Name "Change Item 531":
  [36m<h6[39m
    [33mclass[39m=[32m"MuiTypography-root MuiTypography-subtitle2 css-1k7msii-MuiTypography-root"[39m
    [33mid[39m=[32m"change-item-530-heading"[39m
  [36m/>[39m

  Name "Change Item 532":
  [36m<h6[39m
    [33mclass[39m=[32m"MuiTypography-root MuiTypography-subtitle2 css-1k7msii-MuiTypography-root"[39m
    [33mid[39m=[32m"change-item-531-heading"[39m
  [36m/>[39m

  Name "Change Item 533":
  [36m<h6[39m
    [33mclass[39m=[32m"MuiTypography-root MuiTypography-subtitle2 css-1k7msii-MuiTypography-root"[39m
    [33mid[39m=[32m"change-item-532-heading"[39m
  [36m/>[39m

  Name "Change Item 534":
  [36m<h6[39m
    [33mclass[39m=[32m"MuiTypography-root MuiTypography-subtitle2 css-1k7msii-MuiTypography-root"[39m
    [33mid[39m=[32m"change-item-533-heading"[39m
  [36m/>[39m

  Name "Change Item 535":
  [36m<h6[39m
    [33mclass[39m=[32m"MuiTypography-root MuiTypography-subtitle2 css-1k7msii-MuiTypography-root"[39m
    [33mid[39m=[32m"change-item-534-heading"[39m
  [36m/>[39m

  Name "Change Item 536":
  [36m<h6[39m
    [33mclass[39m=[32m"MuiTypography-root MuiTypography-subtitle2 css-1k7msii-MuiTypography-root"[39m
    [33mid[39m=[32m"change-item-535-heading"[39m
  [36m/>[39m

  Name "Change Item 537":
  [36m<h6[39m
    [33mclass[39m=[32m"MuiTypography-root MuiTypography-subtitle2 css-1k7msii-MuiTypography-root"[39m
    [33mid[39m=[32m"change-item-536-heading"[39m
  [36m/>[39m

  Name "Change Item 538":
  [36m<h6[39m
    [33mclass[39m=[32m"MuiTypography-root MuiTypography-subtitle2 css-1k7msii-MuiTypography-root"[39m
    [33mid[39m=[32m"change-item-537-heading"[39m
  [36m/>[39m

  Name "Change Item 539":
  [36m<h6[39m
    [33mclass[39m=[32m"MuiTypography-root MuiTypography-subtitle2 css-1k7msii-MuiTypography-root"[39m
    [33mid[39m=[32m"change-item-538-heading"[39m
  [36m/>[39m

  Name "Change Item 540":
  [36m<h6[39m
    [33mclass[39m=[32m"MuiTypography-root MuiTypography-subtitle2 css-1k7msii-MuiTypography-root"[39m
    [33mid[39m=[32m"change-item-539-heading"[39m
  [36m/>[39m

  Name "Change Item 541":
  [36m<h6[39m
    [33mclass[39m=[32m"MuiTypography-root MuiTypography-subtitle2 css-1k7msii-MuiTypography-root"[39m
    [33mid[39m=[32m"change-item-540-heading"[39m
  [36m/>[39m

  Name "Change Item 542":
  [36m<h6[39m
    [33mclass[39m=[32m"MuiTypography-root MuiTypography-subtitle2 css-1k7msii-MuiTypography-root"[39m
    [33mid[39m=[32m"change-item-541-heading"[39m
  [36m/>[39m

  Name "Change Item 543":
  [36m<h6[39m
    [33mclass[39m=[32m"MuiTypography-root MuiTypography-subtitle2 css-1k7msii-MuiTypography-root"[39m
    [33mid[39m=[32m"change-item-542-heading"[39m
  [36m/>[39m

  Name "Change Item 544":
  [36m<h6[39m
    [33mclass[39m=[32m"MuiTypography-root MuiTypography-subtitle2 css-1k7msii-MuiTypography-root"[39m
    [33mid[39m=[32m"change-item-543-heading"[39m
  [36m/>[39m

  Name "Change Item 545":
  [36m<h6[39m
    [33mclass[39m=[32m"MuiTypography-root MuiTypography-subtitle2 css-1k7msii-MuiTypography-root"[39m
    [33mid[39m=[32m"change-item-544-heading"[39m
  [36m/>[39m

  Name "Change Item 546":
  [36m<h6[39m
    [33mclass[39m=[32m"MuiTypography-root MuiTypography-subtitle2 css-1k7msii-MuiTypography-root"[39m
    [33mid[39m=[32m"change-item-545-heading"[39m
  [36m/>[39m

  Name "Change Item 547":
  [36m<h6[39m
    [33mclass[39m=[32m"MuiTypography-root MuiTypography-subtitle2 css-1k7msii-MuiTypography-root"[39m
    [33mid[39m=[32m"change-item-546-heading"[39m
  [36m/>[39m

  Name "Change Item 548":
  [36m<h6[39m
    [33mclass[39m=[32m"MuiTypography-root MuiTypography-subtitle2 css-1k7msii-MuiTypography-root"[39m
    [33mid[39m=[32m"change-item-547-heading"[39m
  [36m/>[39m

  Name "Change Item 549":
  [36m<h6[39m
    [33mclass[39m=[32m"MuiTypography-root MuiTypography-subtitle2 css-1k7msii-MuiTypography-root"[39m
    [33mid[39m=[32m"change-item-548-heading"[39m
  [36m/>[39m

  Name "Change Item 550":
  [36m<h6[39m
    [33mclass[39m=[32m"MuiTypography-root MuiTypography-subtitle2 css-1k7msii-MuiTypography-root"[39m
    [33mid[39m=[32m"change-item-549-heading"[39m
  [36m/>[39m

  Name "Change Item 551":
  [36m<h6[39m
    [33mclass[39m=[32m"MuiTypography-root MuiTypography-subtitle2 css-1k7msii-MuiTypography-root"[39m
    [33mid[39m=[32m"change-item-550-heading"[39m
  [36m/>[39m

  Name "Change Item 552":
  [36m<h6[39m
    [33mclass[39m=[32m"MuiTypography-root MuiTypography-subtitle2 css-1k7msii-MuiTypography-root"[39m
    [33mid[39m=[32m"change-item-551-heading"[39m
  [36m/>[39m

  Name "Change Item 553":
  [36m<h6[39m
    [33mclass[39m=[32m"MuiTypography-root MuiTypography-subtitle2 css-1k7msii-MuiTypography-root"[39m
    [33mid[39m=[32m"change-item-552-heading"[39m
  [36m/>[39m

  Name "Change Item 554":
  [36m<h6[39m
    [33mclass[39m=[32m"MuiTypography-root MuiTypography-subtitle2 css-1k7msii-MuiTypography-root"[39m
    [33mid[39m=[32m"change-item-553-heading"[39m
  [36m/>[39m

  Name "Change Item 555":
  [36m<h6[39m
    [33mclass[39m=[32m"MuiTypography-root MuiTypography-subtitle2 css-1k7msii-MuiTypography-root"[39m
    [33mid[39m=[32m"change-item-554-heading"[39m
  [36m/>[39m

  Name "Change Item 556":
  [36m<h6[39m
    [33mclass[39m=[32m"MuiTypography-root MuiTypography-subtitle2 css-1k7msii-MuiTypography-root"[39m
    [33mid[39m=[32m"change-item-555-heading"[39m
  [36m/>[39m

  Name "Change Item 557":
  [36m<h6[39m
    [33mclass[39m=[32m"MuiTypography-root MuiTypography-subtitle2 css-1k7msii-MuiTypography-root"[39m
    [33mid[39m=[32m"change-item-556-heading"[39m
  [36m/>[39m

  Name "Change Item 558":
  [36m<h6[39m
    [33mclass[39m=[32m"MuiTypography-root MuiTypography-subtitle2 css-1k7msii-MuiTypography-root"[39m
    [33mid[39m=[32m"change-item-557-heading"[39m
  [36m/>[39m

  Name "Change Item 559":
  [36m<h6[39m
    [33mclass[39m=[32m"MuiTypography-root MuiTypography-subtitle2 css-1k7msii-MuiTypography-root"[39m
    [33mid[39m=[32m"change-item-558-heading"[39m
  [36m/>[39m

  Name "Change Item 560":
  [36m<h6[39m
    [33mclass[39m=[32m"MuiTypography-root MuiTypography-subtitle2 css-1k7msii-MuiTypography-root"[39m
    [33mid[39m=[32m"change-item-559-heading"[39m
  [36m/>[39m

  Name "Change Item 561":
  [36m<h6[39m
    [33mclass[39m=[32m"MuiTypography-root MuiTypography-subtitle2 css-1k7msii-MuiTypography-root"[39m
    [33mid[39m=[32m"change-item-560-heading"[39m
  [36m/>[39m

  Name "Change Item 562":
  [36m<h6[39m
    [33mclass[39m=[32m"MuiTypography-root MuiTypography-subtitle2 css-1k7msii-MuiTypography-root"[39m
    [33mid[39m=[32m"change-item-561-heading"[39m
  [36m/>[39m

  Name "Change Item 563":
  [36m<h6[39m
    [33mclass[39m=[32m"MuiTypography-root MuiTypography-subtitle2 css-1k7msii-MuiTypography-root"[39m
    [33mid[39m=[32m"change-item-562-heading"[39m
  [36m/>[39m

  Name "Change Item 564":
  [36m<h6[39m
    [33mclass[39m=[32m"MuiTypography-root MuiTypography-subtitle2 css-1k7msii-MuiTypography-root"[39m
    [33mid[39m=[32m"change-item-563-heading"[39m
  [36m/>[39m

  Name "Change Item 565":
  [36m<h6[39m
    [33mclass[39m=[32m"MuiTypography-root MuiTypography-subtitle2 css-1k7msii-MuiTypography-root"[39m
    [33mid[39m=[32m"change-item-564-heading"[39m
  [36m/>[39m

  Name "Change Item 566":
  [36m<h6[39m
    [33mclass[39m=[32m"MuiTypography-root MuiTypography-subtitle2 css-1k7msii-MuiTypography-root"[39m
    [33mid[39m=[32m"change-item-565-heading"[39m
  [36m/>[39m

  Name "Change Item 567":
  [36m<h6[39m
    [33mclass[39m=[32m"MuiTypography-root MuiTypography-subtitle2 css-1k7msii-MuiTypography-root"[39m
    [33mid[39m=[32m"change-item-566-heading"[39m
  [36m/>[39m

  Name "Change Item 568":
  [36m<h6[39m
    [33mclass[39m=[32m"MuiTypography-root MuiTypography-subtitle2 css-1k7msii-MuiTypography-root"[39m
    [33mid[39m=[32m"change-item-567-heading"[39m
  [36m/>[39m

  Name "Change Item 569":
  [36m<h6[39m
    [33mclass[39m=[32m"MuiTypography-root MuiTypography-subtitle2 css-1k7msii-MuiTypography-root"[39m
    [33mid[39m=[32m"change-item-568-heading"[39m
  [36m/>[39m

  Name "Change Item 570":
  [36m<h6[39m
    [33mclass[39m=[32m"MuiTypography-root MuiTypography-subtitle2 css-1k7msii-MuiTypography-root"[39m
    [33mid[39m=[32m"change-item-569-heading"[39m
  [36m/>[39m

  Name "Change Item 571":
  [36m<h6[39m
    [33mclass[39m=[32m"MuiTypography-root MuiTypography-subtitle2 css-1k7msii-MuiTypography-root"[39m
    [33mid[39m=[32m"change-item-570-heading"[39m
  [36m/>[39m

  Name "Change Item 572":
  [36m<h6[39m
    [33mclass[39m=[32m"MuiTypography-root MuiTypography-subtitle2 css-1k7msii-MuiTypography-root"[39m
    [33mid[39m=[32m"change-item-571-heading"[39m
  [36m/>[39m

  Name "Change Item 573":
  [36m<h6[39m
    [33mclass[39m=[32m"MuiTypography-root MuiTypography-subtitle2 css-1k7msii-MuiTypography-root"[39m
    [33mid[39m=[32m"change-item-572-heading"[39m
  [36m/>[39m

  Name "Change Item 574":
  [36m<h6[39m
    [33mclass[39m=[32m"MuiTypography-root MuiTypography-subtitle2 css-1k7msii-MuiTypography-root"[39m
    [33mid[39m=[32m"change-item-573-heading"[39m
  [36m/>[39m

  Name "Change Item 575":
  [36m<h6[39m
    [33mclass[39m=[32m"MuiTypography-root MuiTypography-subtitle2 css-1k7msii-MuiTypography-root"[39m
    [33mid[39m=[32m"change-item-574-heading"[39m
  [36m/>[39m

  Name "Change Item 576":
  [36m<h6[39m
    [33mclass[39m=[32m"MuiTypography-root MuiTypography-subtitle2 css-1k7msii-MuiTypography-root"[39m
    [33mid[39m=[32m"change-item-575-heading"[39m
  [36m/>[39m

  Name "Change Item 577":
  [36m<h6[39m
    [33mclass[39m=[32m"MuiTypography-root MuiTypography-subtitle2 css-1k7msii-MuiTypography-root"[39m
    [33mid[39m=[32m"change-item-576-heading"[39m
  [36m/>[39m

  Name "Change Item 578":
  [36m<h6[39m
    [33mclass[39m=[32m"MuiTypography-root MuiTypography-subtitle2 css-1k7msii-MuiTypography-root"[39m
    [33mid[39m=[32m"change-item-577-heading"[39m
  [36m/>[39m

  Name "Change Item 579":
  [36m<h6[39m
    [33mclass[39m=[32m"MuiTypography-root MuiTypography-subtitle2 css-1k7msii-MuiTypography-root"[39m
    [33mid[39m=[32m"change-item-578-heading"[39m
  [36m/>[39m

  Name "Change Item 580":
  [36m<h6[39m
    [33mclass[39m=[32m"MuiTypography-root MuiTypography-subtitle2 css-1k7msii-MuiTypography-root"[39m
    [33mid[39m=[32m"change-item-579-heading"[39m
  [36m/>[39m

  Name "Change Item 581":
  [36m<h6[39m
    [33mclass[39m=[32m"MuiTypography-root MuiTypography-subtitle2 css-1k7msii-MuiTypography-root"[39m
    [33mid[39m=[32m"change-item-580-heading"[39m
  [36m/>[39m

  Name "Change Item 582":
  [36m<h6[39m
    [33mclass[39m=[32m"MuiTypography-root MuiTypography-subtitle2 css-1k7msii-MuiTypography-root"[39m
    [33mid[39m=[32m"change-item-581-heading"[39m
  [36m/>[39m

  Name "Change Item 583":
  [36m<h6[39m
    [33mclass[39m=[32m"MuiTypography-root MuiTypography-subtitle2 css-1k7msii-MuiTypography-root"[39m
    [33mid[39m=[32m"change-item-582-heading"[39m
  [36m/>[39m

  Name "Change Item 584":
  [36m<h6[39m
    [33mclass[39m=[32m"MuiTypography-root MuiTypography-subtitle2 css-1k7msii-MuiTypography-root"[39m
    [33mid[39m=[32m"change-item-583-heading"[39m
  [36m/>[39m

  Name "Change Item 585":
  [36m<h6[39m
    [33mclass[39m=[32m"MuiTypography-root MuiTypography-subtitle2 css-1k7msii-MuiTypography-root"[39m
    [33mid[39m=[32m"change-item-584-heading"[39m
  [36m/>[39m

  Name "Change Item 586":
  [36m<h6[39m
    [33mclass[39m=[32m"MuiTypography-root MuiTypography-subtitle2 css-1k7msii-MuiTypography-root"[39m
    [33mid[39m=[32m"change-item-585-heading"[39m
  [36m/>[39m

  Name "Change Item 587":
  [36m<h6[39m
    [33mclass[39m=[32m"MuiTypography-root MuiTypography-subtitle2 css-1k7msii-MuiTypography-root"[39m
    [33mid[39m=[32m"change-item-586-heading"[39m
  [36m/>[39m

  Name "Change Item 588":
  [36m<h6[39m
    [33mclass[39m=[32m"MuiTypography-root MuiTypography-subtitle2 css-1k7msii-MuiTypography-root"[39m
    [33mid[39m=[32m"change-item-587-heading"[39m
  [36m/>[39m

  Name "Change Item 589":
  [36m<h6[39m
    [33mclass[39m=[32m"MuiTypography-root MuiTypography-subtitle2 css-1k7msii-MuiTypography-root"[39m
    [33mid[39m=[32m"change-item-588-heading"[39m
  [36m/>[39m

  Name "Change Item 590":
  [36m<h6[39m
    [33mclass[39m=[32m"MuiTypography-root MuiTypography-subtitle2 css-1k7msii-MuiTypography-root"[39m
    [33mid[39m=[32m"change-item-589-heading"[39m
  [36m/>[39m

  Name "Change Item 591":
  [36m<h6[39m
    [33mclass[39m=[32m"MuiTypography-root MuiTypography-subtitle2 css-1k7msii-MuiTypography-root"[39m
    [33mid[39m=[32m"change-item-590-heading"[39m
  [36m/>[39m

  Name "Change Item 592":
  [36m<h6[39m
    [33mclass[39m=[32m"MuiTypography-root MuiTypography-subtitle2 css-1k7msii-MuiTypography-root"[39m
    [33mid[39m=[32m"change-item-591-heading"[39m
  [36m/>[39m

  Name "Change Item 593":
  [36m<h6[39m
    [33mclass[39m=[32m"MuiTypography-root MuiTypography-subtitle2 css-1k7msii-MuiTypography-root"[39m
    [33mid[39m=[32m"change-item-592-heading"[39m
  [36m/>[39m

  Name "Change Item 594":
  [36m<h6[39m
    [33mclass[39m=[32m"MuiTypography-root MuiTypography-subtitle2 css-1k7msii-MuiTypography-root"[39m
    [33mid[39m=[32m"change-item-593-heading"[39m
  [36m/>[39m

  Name "Change Item 595":
  [36m<h6[39m
    [33mclass[39m=[32m"MuiTypography-root MuiTypography-subtitle2 css-1k7msii-MuiTypography-root"[39m
    [33mid[39m=[32m"change-item-594-heading"[39m
  [36m/>[39m

  Name "Change Item 596":
  [36m<h6[39m
    [33mclass[39m=[32m"MuiTypography-root MuiTypography-subtitle2 css-1k7msii-MuiTypography-root"[39m
    [33mid[39m=[32m"change-item-595-heading"[39m
  [36m/>[39m

  Name "Change Item 597":
  [36m<h6[39m
    [33mclass[39m=[32m"MuiTypography-root MuiTypography-subtitle2 css-1k7msii-MuiTypography-root"[39m
    [33mid[39m=[32m"change-item-596-heading"[39m
  [36m/>[39m

  Name "Change Item 598":
  [36m<h6[39m
    [33mclass[39m=[32m"MuiTypography-root MuiTypography-subtitle2 css-1k7msii-MuiTypography-root"[39m
    [33mid[39m=[32m"change-item-597-heading"[39m
  [36m/>[39m

  Name "Change Item 599":
  [36m<h6[39m
    [33mclass[39m=[32m"MuiTypography-root MuiTypography-subtitle2 css-1k7msii-MuiTypography-root"[39m
    [33mid[39m=[32m"change-item-598-heading"[39m
  [36m/>[39m

  Name "Change Item 600":
  [36m<h6[39m
    [33mclass[39m=[32m"MuiTypography-root MuiTypography-subtitle2 css-1k7msii-MuiTypography-root"[39m
    [33mid[39m=[32m"change-item-599-heading"[39m
  [36m/>[39m

  Name "Change Item 601":
  [36m<h6[39m
    [33mclass[39m=[32m"MuiTypography-root MuiTypography-subtitle2 css-1k7msii-MuiTypography-root"[39m
    [33mid[39m=[32m"change-item-600-heading"[39m
  [36m/>[39m

  Name "Change Item 602":
  [36m<h6[39m
    [33mclass[39m=[32m"MuiTypography-root MuiTypography-subtitle2 css-1k7msii-MuiTypography-root"[39m
    [33mid[39m=[32m"change-item-601-heading"[39m
  [36m/>[39m

  Name "Change Item 603":
  [36m<h6[39m
    [33mclass[39m=[32m"MuiTypography-root MuiTypography-subtitle2 css-1k7msii-MuiTypography-root"[39m
    [33mid[39m=[32m"change-item-602-heading"[39m
  [36m/>[39m

  Name "Change Item 604":
  [36m<h6[39m
    [33mclass[39m=[32m"MuiTypography-root MuiTypography-subtitle2 css-1k7msii-MuiTypography-root"[39m
    [33mid[39m=[32m"change-item-603-heading"[39m
  [36m/>[39m

  Name "Change Item 605":
  [36m<h6[39m
    [33mclass[39m=[32m"MuiTypography-root MuiTypography-subtitle2 css-1k7msii-MuiTypography-root"[39m
    [33mid[39m=[32m"change-item-604-heading"[39m
  [36m/>[39m

  Name "Change Item 606":
  [36m<h6[39m
    [33mclass[39m=[32m"MuiTypography-root MuiTypography-subtitle2 css-1k7msii-MuiTypography-root"[39m
    [33mid[39m=[32m"change-item-605-heading"[39m
  [36m/>[39m

  Name "Change Item 607":
  [36m<h6[39m
    [33mclass[39m=[32m"MuiTypography-root MuiTypography-subtitle2 css-1k7msii-MuiTypography-root"[39m
    [33mid[39m=[32m"change-item-606-heading"[39m
  [36m/>[39m

  Name "Change Item 608":
  [36m<h6[39m
    [33mclass[39m=[32m"MuiTypography-root MuiTypography-subtitle2 css-1k7msii-MuiTypography-root"[39m
    [33mid[39m=[32m"change-item-607-heading"[39m
  [36m/>[39m

  Name "Change Item 609":
  [36m<h6[39m
    [33mclass[39m=[32m"MuiTypography-root MuiTypography-subtitle2 css-1k7msii-MuiTypography-root"[39m
    [33mid[39m=[32m"change-item-608-heading"[39m
  [36m/>[39m

  Name "Change Item 610":
  [36m<h6[39m
    [33mclass[39m=[32m"MuiTypography-root MuiTypography-subtitle2 css-1k7msii-MuiTypography-root"[39m
    [33mid[39m=[32m"change-item-609-heading"[39m
  [36m/>[39m

  Name "Change Item 611":
  [36m<h6[39m
    [33mclass[39m=[32m"MuiTypography-root MuiTypography-subtitle2 css-1k7msii-MuiTypography-root"[39m
    [33mid[39m=[32m"change-item-610-heading"[39m
  [36m/>[39m

  Name "Change Item 612":
  [36m<h6[39m
    [33mclass[39m=[32m"MuiTypography-root MuiTypography-subtitle2 css-1k7msii-MuiTypography-root"[39m
    [33mid[39m=[32m"change-item-611-heading"[39m
  [36m/>[39m

  Name "Change Item 613":
  [36m<h6[39m
    [33mclass[39m=[32m"MuiTypography-root MuiTypography-subtitle2 css-1k7msii-MuiTypography-root"[39m
    [33mid[39m=[32m"change-item-612-heading"[39m
  [36m/>[39m

  Name "Change Item 614":
  [36m<h6[39m
    [33mclass[39m=[32m"MuiTypography-root MuiTypography-subtitle2 css-1k7msii-MuiTypography-root"[39m
    [33mid[39m=[32m"change-item-613-heading"[39m
  [36m/>[39m

  Name "Change Item 615":
  [36m<h6[39m
    [33mclass[39m=[32m"MuiTypography-root MuiTypography-subtitle2 css-1k7msii-MuiTypography-root"[39m
    [33mid[39m=[32m"change-item-614-heading"[39m
  [36m/>[39m

  Name "Change Item 616":
  [36m<h6[39m
    [33mclass[39m=[32m"MuiTypography-root MuiTypography-subtitle2 css-1k7msii-MuiTypography-root"[39m
    [33mid[39m=[32m"change-item-615-heading"[39m
  [36m/>[39m

  Name "Change Item 617":
  [36m<h6[39m
    [33mclass[39m=[32m"MuiTypography-root MuiTypography-subtitle2 css-1k7msii-MuiTypography-root"[39m
    [33mid[39m=[32m"change-item-616-heading"[39m
  [36m/>[39m

  Name "Change Item 618":
  [36m<h6[39m
    [33mclass[39m=[32m"MuiTypography-root MuiTypography-subtitle2 css-1k7msii-MuiTypography-root"[39m
    [33mid[39m=[32m"change-item-617-heading"[39m
  [36m/>[39m

  Name "Change Item 619":
  [36m<h6[39m
    [33mclass[39m=[32m"MuiTypography-root MuiTypography-subtitle2 css-1k7msii-MuiTypography-root"[39m
    [33mid[39m=[32m"change-item-618-heading"[39m
  [36m/>[39m

  Name "Change Item 620":
  [36m<h6[39m
    [33mclass[39m=[32m"MuiTypography-root MuiTypography-subtitle2 css-1k7msii-MuiTypography-root"[39m
    [33mid[39m=[32m"change-item-619-heading"[39m
  [36m/>[39m

  Name "Change Item 621":
  [36m<h6[39m
    [33mclass[39m=[32m"MuiTypography-root MuiTypography-subtitle2 css-1k7msii-MuiTypography-root"[39m
    [33mid[39m=[32m"change-item-620-heading"[39m
  [36m/>[39m

  Name "Change Item 622":
  [36m<h6[39m
    [33mclass[39m=[32m"MuiTypography-root MuiTypography-subtitle2 css-1k7msii-MuiTypography-root"[39m
    [33mid[39m=[32m"change-item-621-heading"[39m
  [36m/>[39m

  Name "Change Item 623":
  [36m<h6[39m
    [33mclass[39m=[32m"MuiTypography-root MuiTypography-subtitle2 css-1k7msii-MuiTypography-root"[39m
    [33mid[39m=[32m"change-item-622-heading"[39m
  [36m/>[39m

  Name "Change Item 624":
  [36m<h6[39m
    [33mclass[39m=[32m"MuiTypography-root MuiTypography-subtitle2 css-1k7msii-MuiTypography-root"[39m
    [33mid[39m=[32m"change-item-623-heading"[39m
  [36m/>[39m

  Name "Change Item 625":
  [36m<h6[39m
    [33mclass[39m=[32m"MuiTypography-root MuiTypography-subtitle2 css-1k7msii-MuiTypography-root"[39m
    [33mid[39m=[32m"change-item-624-heading"[39m
  [36m/>[39m

  Name "Change Item 626":
  [36m<h6[39m
    [33mclass[39m=[32m"MuiTypography-root MuiTypography-subtitle2 css-1k7msii-MuiTypography-root"[39m
    [33mid[39m=[32m"change-item-625-heading"[39m
  [36m/>[39m

  Name "Change Item 627":
  [36m<h6[39m
    [33mclass[39m=[32m"MuiTypography-root MuiTypography-subtitle2 css-1k7msii-MuiTypography-root"[39m
    [33mid[39m=[32m"change-item-626-heading"[39m
  [36m/>[39m

  Name "Change Item 628":
  [36m<h6[39m
    [33mclass[39m=[32m"MuiTypography-root MuiTypography-subtitle2 css-1k7msii-MuiTypography-root"[39m
    [33mid[39m=[32m"change-item-627-heading"[39m
  [36m/>[39m

  Name "Change Item 629":
  [36m<h6[39m
    [33mclass[39m=[32m"MuiTypography-root MuiTypography-subtitle2 css-1k7msii-MuiTypography-root"[39m
    [33mid[39m=[32m"change-item-628-heading"[39m
  [36m/>[39m

  Name "Change Item 630":
  [36m<h6[39m
    [33mclass[39m=[32m"MuiTypography-root MuiTypography-subtitle2 css-1k7msii-MuiTypography-root"[39m
    [33mid[39m=[32m"change-item-629-heading"[39m
  [36m/>[39m

  Name "Change Item 631":
  [36m<h6[39m
    [33mclass[39m=[32m"MuiTypography-root MuiTypography-subtitle2 css-1k7msii-MuiTypography-root"[39m
    [33mid[39m=[32m"change-item-630-heading"[39m
  [36m/>[39m

  Name "Change Item 632":
  [36m<h6[39m
    [33mclass[39m=[32m"MuiTypography-root MuiTypography-subtitle2 css-1k7msii-MuiTypography-root"[39m
    [33mid[39m=[32m"change-item-631-heading"[39m
  [36m/>[39m

  Name "Change Item 633":
  [36m<h6[39m
    [33mclass[39m=[32m"MuiTypography-root MuiTypography-subtitle2 css-1k7msii-MuiTypography-root"[39m
    [33mid[39m=[32m"change-item-632-heading"[39m
  [36m/>[39m

  Name "Change Item 634":
  [36m<h6[39m
    [33mclass[39m=[32m"MuiTypography-root MuiTypography-subtitle2 css-1k7msii-MuiTypography-root"[39m
    [33mid[39m=[32m"change-item-633-heading"[39m
  [36m/>[39m

  Name "Change Item 635":
  [36m<h6[39m
    [33mclass[39m=[32m"MuiTypography-root MuiTypography-subtitle2 css-1k7msii-MuiTypography-root"[39m
    [33mid[39m=[32m"change-item-634-heading"[39m
  [36m/>[39m

  Name "Change Item 636":
  [36m<h6[39m
    [33mclass[39m=[32m"MuiTypography-root MuiTypography-subtitle2 css-1k7msii-MuiTypography-root"[39m
    [33mid[39m=[32m"change-item-635-heading"[39m
  [36m/>[39m

  Name "Change Item 637":
  [36m<h6[39m
    [33mclass[39m=[32m"MuiTypography-root MuiTypography-subtitle2 css-1k7msii-MuiTypography-root"[39m
    [33mid[39m=[32m"change-item-636-heading"[39m
  [36m/>[39m

  Name "Change Item 638":
  [36m<h6[39m
    [33mclass[39m=[32m"MuiTypography-root MuiTypography-subtitle2 css-1k7msii-MuiTypography-root"[39m
    [33mid[39m=[32m"change-item-637-heading"[39m
  [36m/>[39m

  Name "Change Item 639":
  [36m<h6[39m
    [33mclass[39m=[32m"MuiTypography-root MuiTypography-subtitle2 css-1k7msii-MuiTypography-root"[39m
    [33mid[39m=[32m"change-item-638-heading"[39m
  [36m/>[39m

  Name "Change Item 640":
  [36m<h6[39m
    [33mclass[39m=[32m"MuiTypography-root MuiTypography-subtitle2 css-1k7msii-MuiTypography-root"[39m
    [33mid[39m=[32m"change-item-639-heading"[39m
  [36m/>[39m

  Name "Change Item 641":
  [36m<h6[39m
    [33mclass[39m=[32m"MuiTypography-root MuiTypography-subtitle2 css-1k7msii-MuiTypography-root"[39m
    [33mid[39m=[32m"change-item-640-heading"[39m
  [36m/>[39m

  Name "Change Item 642":
  [36m<h6[39m
    [33mclass[39m=[32m"MuiTypography-root MuiTypography-subtitle2 css-1k7msii-MuiTypography-root"[39m
    [33mid[39m=[32m"change-item-641-heading"[39m
  [36m/>[39m

  Name "Change Item 643":
  [36m<h6[39m
    [33mclass[39m=[32m"MuiTypography-root MuiTypography-subtitle2 css-1k7msii-MuiTypography-root"[39m
    [33mid[39m=[32m"change-item-642-heading"[39m
  [36m/>[39m

  Name "Change Item 644":
  [36m<h6[39m
    [33mclass[39m=[32m"MuiTypography-root MuiTypography-subtitle2 css-1k7msii-MuiTypography-root"[39m
    [33mid[39m=[32m"change-item-643-heading"[39m
  [36m/>[39m

  Name "Change Item 645":
  [36m<h6[39m
    [33mclass[39m=[32m"MuiTypography-root MuiTypography-subtitle2 css-1k7msii-MuiTypography-root"[39m
    [33mid[39m=[32m"change-item-644-heading"[39m
  [36m/>[39m

  Name "Change Item 646":
  [36m<h6[39m
    [33mclass[39m=[32m"MuiTypography-root MuiTypography-subtitle2 css-1k7msii-MuiTypography-root"[39m
    [33mid[39m=[32m"change-item-645-heading"[39m
  [36m/>[39m

  Name "Change Item 647":
  [36m<h6[39m
    [33mclass[39m=[32m"MuiTypography-root MuiTypography-subtitle2 css-1k7msii-MuiTypography-root"[39m
    [33mid[39m=[32m"change-item-646-heading"[39m
  [36m/>[39m

  Name "Change Item 648":
  [36m<h6[39m
    [33mclass[39m=[32m"MuiTypography-root MuiTypography-subtitle2 css-1k7msii-MuiTypography-root"[39m
    [33mid[39m=[32m"change-item-647-heading"[39m
  [36m/>[39m

  Name "Change Item 649":
  [36m<h6[39m
    [33mclass[39m=[32m"MuiTypography-root MuiTypography-subtitle2 css-1k7msii-MuiTypography-root"[39m
    [33mid[39m=[32m"change-item-648-heading"[39m
  [36m/>[39m

  Name "Change Item 650":
  [36m<h6[39m
    [33mclass[39m=[32m"MuiTypography-root MuiTypography-subtitle2 css-1k7msii-MuiTypography-root"[39m
    [33mid[39m=[32m"change-item-649-heading"[39m
  [36m/>[39m

  Name "Change Item 651":
  [36m<h6[39m
    [33mclass[39m=[32m"MuiTypography-root MuiTypography-subtitle2 css-1k7msii-MuiTypography-root"[39m
    [33mid[39m=[32m"change-item-650-heading"[39m
  [36m/>[39m

  Name "Change Item 652":
  [36m<h6[39m
    [33mclass[39m=[32m"MuiTypography-root MuiTypography-subtitle2 css-1k7msii-MuiTypography-root"[39m
    [33mid[39m=[32m"change-item-651-heading"[39m
  [36m/>[39m

  Name "Change Item 653":
  [36m<h6[39m
    [33mclass[39m=[32m"MuiTypography-root MuiTypography-subtitle2 css-1k7msii-MuiTypography-root"[39m
    [33mid[39m=[32m"change-item-652-heading"[39m
  [36m/>[39m

  Name "Change Item 654":
  [36m<h6[39m
    [33mclass[39m=[32m"MuiTypography-root MuiTypography-subtitle2 css-1k7msii-MuiTypography-root"[39m
    [33mid[39m=[32m"change-item-653-heading"[39m
  [36m/>[39m

  Name "Change Item 655":
  [36m<h6[39m
    [33mclass[39m=[32m"MuiTypography-root MuiTypography-subtitle2 css-1k7msii-MuiTypography-root"[39m
    [33mid[39m=[32m"change-item-654-heading"[39m
  [36m/>[39m

  Name "Change Item 656":
  [36m<h6[39m
    [33mclass[39m=[32m"MuiTypography-root MuiTypography-subtitle2 css-1k7msii-MuiTypography-root"[39m
    [33mid[39m=[32m"change-item-655-heading"[39m
  [36m/>[39m

  Name "Change Item 657":
  [36m<h6[39m
    [33mclass[39m=[32m"MuiTypography-root MuiTypography-subtitle2 css-1k7msii-MuiTypography-root"[39m
    [33mid[39m=[32m"change-item-656-heading"[39m
  [36m/>[39m

  Name "Change Item 658":
  [36m<h6[39m
    [33mclass[39m=[32m"MuiTypography-root MuiTypography-subtitle2 css-1k7msii-MuiTypography-root"[39m
    [33mid[39m=[32m"change-item-657-heading"[39m
  [36m/>[39m

  Name "Change Item 659":
  [36m<h6[39m
    [33mclass[39m=[32m"MuiTypography-root MuiTypography-subtitle2 css-1k7msii-MuiTypography-root"[39m
    [33mid[39m=[32m"change-item-658-heading"[39m
  [36m/>[39m

  Name "Change Item 660":
  [36m<h6[39m
    [33mclass[39m=[32m"MuiTypography-root MuiTypography-subtitle2 css-1k7msii-MuiTypography-root"[39m
    [33mid[39m=[32m"change-item-659-heading"[39m
  [36m/>[39m

  Name "Change Item 661":
  [36m<h6[39m
    [33mclass[39m=[32m"MuiTypography-root MuiTypography-subtitle2 css-1k7msii-MuiTypography-root"[39m
    [33mid[39m=[32m"change-item-660-heading"[39m
  [36m/>[39m

  Name "Change Item 662":
  [36m<h6[39m
    [33mclass[39m=[32m"MuiTypography-root MuiTypography-subtitle2 css-1k7msii-MuiTypography-root"[39m
    [33mid[39m=[32m"change-item-661-heading"[39m
  [36m/>[39m

  Name "Change Item 663":
  [36m<h6[39m
    [33mclass[39m=[32m"MuiTypography-root MuiTypography-subtitle2 css-1k7msii-MuiTypography-root"[39m
    [33mid[39m=[32m"change-item-662-heading"[39m
  [36m/>[39m

  Name "Change Item 664":
  [36m<h6[39m
    [33mclass[39m=[32m"MuiTypography-root MuiTypography-subtitle2 css-1k7msii-MuiTypography-root"[39m
    [33mid[39m=[32m"change-item-663-heading"[39m
  [36m/>[39m

  Name "Change Item 665":
  [36m<h6[39m
    [33mclass[39m=[32m"MuiTypography-root MuiTypography-subtitle2 css-1k7msii-MuiTypography-root"[39m
    [33mid[39m=[32m"change-item-664-heading"[39m
  [36m/>[39m

  Name "Change Item 666":
  [36m<h6[39m
    [33mclass[39m=[32m"MuiTypography-root MuiTypography-subtitle2 css-1k7msii-MuiTypography-root"[39m
    [33mid[39m=[32m"change-item-665-heading"[39m
  [36m/>[39m

  Name "Change Item 667":
  [36m<h6[39m
    [33mclass[39m=[32m"MuiTypography-root MuiTypography-subtitle2 css-1k7msii-MuiTypography-root"[39m
    [33mid[39m=[32m"change-item-666-heading"[39m
  [36m/>[39m

  Name "Change Item 668":
  [36m<h6[39m
    [33mclass[39m=[32m"MuiTypography-root MuiTypography-subtitle2 css-1k7msii-MuiTypography-root"[39m
    [33mid[39m=[32m"change-item-667-heading"[39m
  [36m/>[39m

  Name "Change Item 669":
  [36m<h6[39m
    [33mclass[39m=[32m"MuiTypography-root MuiTypography-subtitle2 css-1k7msii-MuiTypography-root"[39m
    [33mid[39m=[32m"change-item-668-heading"[39m
  [36m/>[39m

  Name "Change Item 670":
  [36m<h6[39m
    [33mclass[39m=[32m"MuiTypography-root MuiTypography-subtitle2 css-1k7msii-MuiTypography-root"[39m
    [33mid[39m=[32m"change-item-669-heading"[39m
  [36m/>[39m

  Name "Change Item 671":
  [36m<h6[39m
    [33mclass[39m=[32m"MuiTypography-root MuiTypography-subtitle2 css-1k7msii-MuiTypography-root"[39m
    [33mid[39m=[32m"change-item-670-heading"[39m
  [36m/>[39m

  Name "Change Item 672":
  [36m<h6[39m
    [33mclass[39m=[32m"MuiTypography-root MuiTypography-subtitle2 css-1k7msii-MuiTypography-root"[39m
    [33mid[39m=[32m"change-item-671-heading"[39m
  [36m/>[39m

  Name "Change Item 673":
  [36m<h6[39m
    [33mclass[39m=[32m"MuiTypography-root MuiTypography-subtitle2 css-1k7msii-MuiTypography-root"[39m
    [33mid[39m=[32m"change-item-672-heading"[39m
  [36m/>[39m

  Name "Change Item 674":
  [36m<h6[39m
    [33mclass[39m=[32m"MuiTypography-root MuiTypography-subtitle2 css-1k7msii-MuiTypography-root"[39m
    [33mid[39m=[32m"change-item-673-heading"[39m
  [36m/>[39m

  Name "Change Item 675":
  [36m<h6[39m
    [33mclass[39m=[32m"MuiTypography-root MuiTypography-subtitle2 css-1k7msii-MuiTypography-root"[39m
    [33mid[39m=[32m"change-item-674-heading"[39m
  [36m/>[39m

  Name "Change Item 676":
  [36m<h6[39m
    [33mclass[39m=[32m"MuiTypography-root MuiTypography-subtitle2 css-1k7msii-MuiTypography-root"[39m
    [33mid[39m=[32m"change-item-675-heading"[39m
  [36m/>[39m

  Name "Change Item 677":
  [36m<h6[39m
    [33mclass[39m=[32m"MuiTypography-root MuiTypography-subtitle2 css-1k7msii-MuiTypography-root"[39m
    [33mid[39m=[32m"change-item-676-heading"[39m
  [36m/>[39m

  Name "Change Item 678":
  [36m<h6[39m
    [33mclass[39m=[32m"MuiTypography-root MuiTypography-subtitle2 css-1k7msii-MuiTypography-root"[39m
    [33mid[39m=[32m"change-item-677-heading"[39m
  [36m/>[39m

  Name "Change Item 679":
  [36m<h6[39m
    [33mclass[39m=[32m"MuiTypography-root MuiTypography-subtitle2 css-1k7msii-MuiTypography-root"[39m
    [33mid[39m=[32m"change-item-678-heading"[39m
  [36m/>[39m

  Name "Change Item 680":
  [36m<h6[39m
    [33mclass[39m=[32m"MuiTypography-root MuiTypography-subtitle2 css-1k7msii-MuiTypography-root"[39m
    [33mid[39m=[32m"change-item-679-heading"[39m
  [36m/>[39m

  Name "Change Item 681":
  [36m<h6[39m
    [33mclass[39m=[32m"MuiTypography-root MuiTypography-subtitle2 css-1k7msii-MuiTypography-root"[39m
    [33mid[39m=[32m"change-item-680-heading"[39m
  [36m/>[39m

  Name "Change Item 682":
  [36m<h6[39m
    [33mclass[39m=[32m"MuiTypography-root MuiTypography-subtitle2 css-1k7msii-MuiTypography-root"[39m
    [33mid[39m=[32m"change-item-681-heading"[39m
  [36m/>[39m

  Name "Change Item 683":
  [36m<h6[39m
    [33mclass[39m=[32m"MuiTypography-root MuiTypography-subtitle2 css-1k7msii-MuiTypography-root"[39m
    [33mid[39m=[32m"change-item-682-heading"[39m
  [36m/>[39m

  Name "Change Item 684":
  [36m<h6[39m
    [33mclass[39m=[32m"MuiTypography-root MuiTypography-subtitle2 css-1k7msii-MuiTypography-root"[39m
    [33mid[39m=[32m"change-item-683-heading"[39m
  [36m/>[39m

  Name "Change Item 685":
  [36m<h6[39m
    [33mclass[39m=[32m"MuiTypography-root MuiTypography-subtitle2 css-1k7msii-MuiTypography-root"[39m
    [33mid[39m=[32m"change-item-684-heading"[39m
  [36m/>[39m

  Name "Change Item 686":
  [36m<h6[39m
    [33mclass[39m=[32m"MuiTypography-root MuiTypography-subtitle2 css-1k7msii-MuiTypography-root"[39m
    [33mid[39m=[32m"change-item-685-heading"[39m
  [36m/>[39m

  Name "Change Item 687":
  [36m<h6[39m
    [33mclass[39m=[32m"MuiTypography-root MuiTypography-subtitle2 css-1k7msii-MuiTypography-root"[39m
    [33mid[39m=[32m"change-item-686-heading"[39m
  [36m/>[39m

  Name "Change Item 688":
  [36m<h6[39m
    [33mclass[39m=[32m"MuiTypography-root MuiTypography-subtitle2 css-1k7msii-MuiTypography-root"[39m
    [33mid[39m=[32m"change-item-687-heading"[39m
  [36m/>[39m

  Name "Change Item 689":
  [36m<h6[39m
    [33mclass[39m=[32m"MuiTypography-root MuiTypography-subtitle2 css-1k7msii-MuiTypography-root"[39m
    [33mid[39m=[32m"change-item-688-heading"[39m
  [36m/>[39m

  Name "Change Item 690":
  [36m<h6[39m
    [33mclass[39m=[32m"MuiTypography-root MuiTypography-subtitle2 css-1k7msii-MuiTypography-root"[39m
    [33mid[39m=[32m"change-item-689-heading"[39m
  [36m/>[39m

  Name "Change Item 691":
  [36m<h6[39m
    [33mclass[39m=[32m"MuiTypography-root MuiTypography-subtitle2 css-1k7msii-MuiTypography-root"[39m
    [33mid[39m=[32m"change-item-690-heading"[39m
  [36m/>[39m

  Name "Change Item 692":
  [36m<h6[39m
    [33mclass[39m=[32m"MuiTypography-root MuiTypography-subtitle2 css-1k7msii-MuiTypography-root"[39m
    [33mid[39m=[32m"change-item-691-heading"[39m
  [36m/>[39m

  Name "Change Item 693":
  [36m<h6[39m
    [33mclass[39m=[32m"MuiTypography-root MuiTypography-subtitle2 css-1k7msii-MuiTypography-root"[39m
    [33mid[39m=[32m"change-item-692-heading"[39m
  [36m/>[39m

  Name "Change Item 694":
  [36m<h6[39m
    [33mclass[39m=[32m"MuiTypography-root MuiTypography-subtitle2 css-1k7msii-MuiTypography-root"[39m
    [33mid[39m=[32m"change-item-693-heading"[39m
  [36m/>[39m

  Name "Change Item 695":
  [36m<h6[39m
    [33mclass[39m=[32m"MuiTypography-root MuiTypography-subtitle2 css-1k7msii-MuiTypography-root"[39m
    [33mid[39m=[32m"change-item-694-heading"[39m
  [36m/>[39m

  Name "Change Item 696":
  [36m<h6[39m
    [33mclass[39m=[32m"MuiTypography-root MuiTypography-subtitle2 css-1k7msii-MuiTypography-root"[39m
    [33mid[39m=[32m"change-item-695-heading"[39m
  [36m/>[39m

  Name "Change Item 697":
  [36m<h6[39m
    [33mclass[39m=[32m"MuiTypography-root MuiTypography-subtitle2 css-1k7msii-MuiTypography-root"[39m
    [33mid[39m=[32m"change-item-696-heading"[39m
  [36m/>[39m

  Name "Change Item 698":
  [36m<h6[39m
    [33mclass[39m=[32m"MuiTypography-root MuiTypography-subtitle2 css-1k7msii-MuiTypography-root"[39m
    [33mid[39m=[32m"change-item-697-heading"[39m
  [36m/>[39m

  Name "Change Item 699":
  [36m<h6[39m
    [33mclass[39m=[32m"MuiTypography-root MuiTypography-subtitle2 css-1k7msii-MuiTypography-root"[39m
    [33mid[39m=[32m"change-item-698-heading"[39m
  [36m/>[39m

  Name "Change Item 700":
  [36m<h6[39m
    [33mclass[39m=[32m"MuiTypography-root MuiTypography-subtitle2 css-1k7msii-MuiTypography-root"[39m
    [33mid[39m=[32m"change-item-699-heading"[39m
  [36m/>[39m

  Name "Change Item 701":
  [36m<h6[39m
    [33mclass[39m=[32m"MuiTypography-root MuiTypography-subtitle2 css-1k7msii-MuiTypography-root"[39m
    [33mid[39m=[32m"change-item-700-heading"[39m
  [36m/>[39m

  Name "Change Item 702":
  [36m<h6[39m
    [33mclass[39m=[32m"MuiTypography-root MuiTypography-subtitle2 css-1k7msii-MuiTypography-root"[39m
    [33mid[39m=[32m"change-item-701-heading"[39m
  [36m/>[39m

  Name "Change Item 703":
  [36m<h6[39m
    [33mclass[39m=[32m"MuiTypography-root MuiTypography-subtitle2 css-1k7msii-MuiTypography-root"[39m
    [33mid[39m=[32m"change-item-702-heading"[39m
  [36m/>[39m

  Name "Change Item 704":
  [36m<h6[39m
    [33mclass[39m=[32m"MuiTypography-root MuiTypography-subtitle2 css-1k7msii-MuiTypography-root"[39m
    [33mid[39m=[32m"change-item-703-heading"[39m
  [36m/>[39m

  Name "Change Item 705":
  [36m<h6[39m
    [33mclass[39m=[32m"MuiTypography-root MuiTypography-subtitle2 css-1k7msii-MuiTypography-root"[39m
    [33mid[39m=[32m"change-item-704-heading"[39m
  [36m/>[39m

  Name "Change Item 706":
  [36m<h6[39m
    [33mclass[39m=[32m"MuiTypography-root MuiTypography-subtitle2 css-1k7msii-MuiTypography-root"[39m
    [33mid[39m=[32m"change-item-705-heading"[39m
  [36m/>[39m

  Name "Change Item 707":
  [36m<h6[39m
    [33mclass[39m=[32m"MuiTypography-root MuiTypography-subtitle2 css-1k7msii-MuiTypography-root"[39m
    [33mid[39m=[32m"change-item-706-heading"[39m
  [36m/>[39m

  Name "Change Item 708":
  [36m<h6[39m
    [33mclass[39m=[32m"MuiTypography-root MuiTypography-subtitle2 css-1k7msii-MuiTypography-root"[39m
    [33mid[39m=[32m"change-item-707-heading"[39m
  [36m/>[39m

  Name "Change Item 709":
  [36m<h6[39m
    [33mclass[39m=[32m"MuiTypography-root MuiTypography-subtitle2 css-1k7msii-MuiTypography-root"[39m
    [33mid[39m=[32m"change-item-708-heading"[39m
  [36m/>[39m

  Name "Change Item 710":
  [36m<h6[39m
    [33mclass[39m=[32m"MuiTypography-root MuiTypography-subtitle2 css-1k7msii-MuiTypography-root"[39m
    [33mid[39m=[32m"change-item-709-heading"[39m
  [36m/>[39m

  Name "Change Item 711":
  [36m<h6[39m
    [33mclass[39m=[32m"MuiTypography-root MuiTypography-subtitle2 css-1k7msii-MuiTypography-root"[39m
    [33mid[39m=[32m"change-item-710-heading"[39m
  [36m/>[39m

  Name "Change Item 712":
  [36m<h6[39m
    [33mclass[39m=[32m"MuiTypography-root MuiTypography-subtitle2 css-1k7msii-MuiTypography-root"[39m
    [33mid[39m=[32m"change-item-711-heading"[39m
  [36m/>[39m

  Name "Change Item 713":
  [36m<h6[39m
    [33mclass[39m=[32m"MuiTypography-root MuiTypography-subtitle2 css-1k7msii-MuiTypography-root"[39m
    [33mid[39m=[32m"change-item-712-heading"[39m
  [36m/>[39m

  Name "Change Item 714":
  [36m<h6[39m
    [33mclass[39m=[32m"MuiTypography-root MuiTypography-subtitle2 css-1k7msii-MuiTypography-root"[39m
    [33mid[39m=[32m"change-item-713-heading"[39m
  [36m/>[39m

  Name "Change Item 715":
  [36m<h6[39m
    [33mclass[39m=[32m"MuiTypography-root MuiTypography-subtitle2 css-1k7msii-MuiTypography-root"[39m
    [33mid[39m=[32m"change-item-714-heading"[39m
  [36m/>[39m

  Name "Change Item 716":
  [36m<h6[39m
    [33mclass[39m=[32m"MuiTypography-root MuiTypography-subtitle2 css-1k7msii-MuiTypography-root"[39m
    [33mid[39m=[32m"change-item-715-heading"[39m
  [36m/>[39m

  Name "Change Item 717":
  [36m<h6[39m
    [33mclass[39m=[32m"MuiTypography-root MuiTypography-subtitle2 css-1k7msii-MuiTypography-root"[39m
    [33mid[39m=[32m"change-item-716-heading"[39m
  [36m/>[39m

  Name "Change Item 718":
  [36m<h6[39m
    [33mclass[39m=[32m"MuiTypography-root MuiTypography-subtitle2 css-1k7msii-MuiTypography-root"[39m
    [33mid[39m=[32m"change-item-717-heading"[39m
  [36m/>[39m

  Name "Change Item 719":
  [36m<h6[39m
    [33mclass[39m=[32m"MuiTypography-root MuiTypography-subtitle2 css-1k7msii-MuiTypography-root"[39m
    [33mid[39m=[32m"change-item-718-heading"[39m
  [36m/>[39m

  Name "Change Item 720":
  [36m<h6[39m
    [33mclass[39m=[32m"MuiTypography-root MuiTypography-subtitle2 css-1k7msii-MuiTypography-root"[39m
    [33mid[39m=[32m"change-item-719-heading"[39m
  [36m/>[39m

  Name "Change Item 721":
  [36m<h6[39m
    [33mclass[39m=[32m"MuiTypography-root MuiTypography-subtitle2 css-1k7msii-MuiTypography-root"[39m
    [33mid[39m=[32m"change-item-720-heading"[39m
  [36m/>[39m

  Name "Change Item 722":
  [36m<h6[39m
    [33mclass[39m=[32m"MuiTypography-root MuiTypography-subtitle2 css-1k7msii-MuiTypography-root"[39m
    [33mid[39m=[32m"change-item-721-heading"[39m
  [36m/>[39m

  Name "Change Item 723":
  [36m<h6[39m
    [33mclass[39m=[32m"MuiTypography-root MuiTypography-subtitle2 css-1k7msii-MuiTypography-root"[39m
    [33mid[39m=[32m"change-item-722-heading"[39m
  [36m/>[39m

  Name "Change Item 724":
  [36m<h6[39m
    [33mclass[39m=[32m"MuiTypography-root MuiTypography-subtitle2 css-1k7msii-MuiTypography-root"[39m
    [33mid[39m=[32m"change-item-723-heading"[39m
  [36m/>[39m

  Name "Change Item 725":
  [36m<h6[39m
    [33mclass[39m=[32m"MuiTypography-root MuiTypography-subtitle2 css-1k7msii-MuiTypography-root"[39m
    [33mid[39m=[32m"change-item-724-heading"[39m
  [36m/>[39m

  Name "Change Item 726":
  [36m<h6[39m
    [33mclass[39m=[32m"MuiTypography-root MuiTypography-subtitle2 css-1k7msii-MuiTypography-root"[39m
    [33mid[39m=[32m"change-item-725-heading"[39m
  [36m/>[39m

  Name "Change Item 727":
  [36m<h6[39m
    [33mclass[39m=[32m"MuiTypography-root MuiTypography-subtitle2 css-1k7msii-MuiTypography-root"[39m
    [33mid[39m=[32m"change-item-726-heading"[39m
  [36m/>[39m

  Name "Change Item 728":
  [36m<h6[39m
    [33mclass[39m=[32m"MuiTypography-root MuiTypography-subtitle2 css-1k7msii-MuiTypography-root"[39m
    [33mid[39m=[32m"change-item-727-heading"[39m
  [36m/>[39m

  Name "Change Item 729":
  [36m<h6[39m
    [33mclass[39m=[32m"MuiTypography-root MuiTypography-subtitle2 css-1k7msii-MuiTypography-root"[39m
    [33mid[39m=[32m"change-item-728-heading"[39m
  [36m/>[39m

  Name "Change Item 730":
  [36m<h6[39m
    [33mclass[39m=[32m"MuiTypography-root MuiTypography-subtitle2 css-1k7msii-MuiTypography-root"[39m
    [33mid[39m=[32m"change-item-729-heading"[39m
  [36m/>[39m

  Name "Change Item 731":
  [36m<h6[39m
    [33mclass[39m=[32m"MuiTypography-root MuiTypography-subtitle2 css-1k7msii-MuiTypography-root"[39m
    [33mid[39m=[32m"change-item-730-heading"[39m
  [36m/>[39m

  Name "Change Item 732":
  [36m<h6[39m
    [33mclass[39m=[32m"MuiTypography-root MuiTypography-subtitle2 css-1k7msii-MuiTypography-root"[39m
    [33mid[39m=[32m"change-item-731-heading"[39m
  [36m/>[39m

  Name "Change Item 733":
  [36m<h6[39m
    [33mclass[39m=[32m"MuiTypography-root MuiTypography-subtitle2 css-1k7msii-MuiTypography-root"[39m
    [33mid[39m=[32m"change-item-732-heading"[39m
  [36m/>[39m

  Name "Change Item 734":
  [36m<h6[39m
    [33mclass[39m=[32m"MuiTypography-root MuiTypography-subtitle2 css-1k7msii-MuiTypography-root"[39m
    [33mid[39m=[32m"change-item-733-heading"[39m
  [36m/>[39m

  Name "Change Item 735":
  [36m<h6[39m
    [33mclass[39m=[32m"MuiTypography-root MuiTypography-subtitle2 css-1k7msii-MuiTypography-root"[39m
    [33mid[39m=[32m"change-item-734-heading"[39m
  [36m/>[39m

  Name "Change Item 736":
  [36m<h6[39m
    [33mclass[39m=[32m"MuiTypography-root MuiTypography-subtitle2 css-1k7msii-MuiTypography-root"[39m
    [33mid[39m=[32m"change-item-735-heading"[39m
  [36m/>[39m

  Name "Change Item 737":
  [36m<h6[39m
    [33mclass[39m=[32m"MuiTypography-root MuiTypography-subtitle2 css-1k7msii-MuiTypography-root"[39m
    [33mid[39m=[32m"change-item-736-heading"[39m
  [36m/>[39m

  Name "Change Item 738":
  [36m<h6[39m
    [33mclass[39m=[32m"MuiTypography-root MuiTypography-subtitle2 css-1k7msii-MuiTypography-root"[39m
    [33mid[39m=[32m"change-item-737-heading"[39m
  [36m/>[39m

  Name "Change Item 739":
  [36m<h6[39m
    [33mclass[39m=[32m"MuiTypography-root MuiTypography-subtitle2 css-1k7msii-MuiTypography-root"[39m
    [33mid[39m=[32m"change-item-738-heading"[39m
  [36m/>[39m

  Name "Change Item 740":
  [36m<h6[39m
    [33mclass[39m=[32m"MuiTypography-root MuiTypography-subtitle2 css-1k7msii-MuiTypography-root"[39m
    [33mid[39m=[32m"change-item-739-heading"[39m
  [36m/>[39m

  Name "Change Item 741":
  [36m<h6[39m
    [33mclass[39m=[32m"MuiTypography-root MuiTypography-subtitle2 css-1k7msii-MuiTypography-root"[39m
    [33mid[39m=[32m"change-item-740-heading"[39m
  [36m/>[39m

  Name "Change Item 742":
  [36m<h6[39m
    [33mclass[39m=[32m"MuiTypography-root MuiTypography-subtitle2 css-1k7msii-MuiTypography-root"[39m
    [33mid[39m=[32m"change-item-741-heading"[39m
  [36m/>[39m

  Name "Change Item 743":
  [36m<h6[39m
    [33mclass[39m=[32m"MuiTypography-root MuiTypography-subtitle2 css-1k7msii-MuiTypography-root"[39m
    [33mid[39m=[32m"change-item-742-heading"[39m
  [36m/>[39m

  Name "Change Item 744":
  [36m<h6[39m
    [33mclass[39m=[32m"MuiTypography-root MuiTypography-subtitle2 css-1k7msii-MuiTypography-root"[39m
    [33mid[39m=[32m"change-item-743-heading"[39m
  [36m/>[39m

  Name "Change Item 745":
  [36m<h6[39m
    [33mclass[39m=[32m"MuiTypography-root MuiTypography-subtitle2 css-1k7msii-MuiTypography-root"[39m
    [33mid[39m=[32m"change-item-744-heading"[39m
  [36m/>[39m

  Name "Change Item 746":
  [36m<h6[39m
    [33mclass[39m=[32m"MuiTypography-root MuiTypography-subtitle2 css-1k7msii-MuiTypography-root"[39m
    [33mid[39m=[32m"change-item-745-heading"[39m
  [36m/>[39m

  Name "Change Item 747":
  [36m<h6[39m
    [33mclass[39m=[32m"MuiTypography-root MuiTypography-subtitle2 css-1k7msii-MuiTypography-root"[39m
    [33mid[39m=[32m"change-item-746-heading"[39m
  [36m/>[39m

  Name "Change Item 748":
  [36m<h6[39m
    [33mclass[39m=[32m"MuiTypography-root MuiTypography-subtitle2 css-1k7msii-MuiTypography-root"[39m
    [33mid[39m=[32m"change-item-747-heading"[39m
  [36m/>[39m

  Name "Change Item 749":
  [36m<h6[39m
    [33mclass[39m=[32m"MuiTypography-root MuiTypography-subtitle2 css-1k7msii-MuiTypography-root"[39m
    [33mid[39m=[32m"change-item-748-heading"[39m
  [36m/>[39m

  Name "Change Item 750":
  [36m<h6[39m
    [33mclass[39m=[32m"MuiTypography-root MuiTypography-subtitle2 css-1k7msii-MuiTypography-root"[39m
    [33mid[39m=[32m"change-item-749-heading"[39m
  [36m/>[39m

  Name "Change Item 751":
  [36m<h6[39m
    [33mclass[39m=[32m"MuiTypography-root MuiTypography-subtitle2 css-1k7msii-MuiTypography-root"[39m
    [33mid[39m=[32m"change-item-750-heading"[39m
  [36m/>[39m

  Name "Change Item 752":
  [36m<h6[39m
    [33mclass[39m=[32m"MuiTypography-root MuiTypography-subtitle2 css-1k7msii-MuiTypography-root"[39m
    [33mid[39m=[32m"change-item-751-heading"[39m
  [36m/>[39m

  Name "Change Item 753":
  [36m<h6[39m
    [33mclass[39m=[32m"MuiTypography-root MuiTypography-subtitle2 css-1k7msii-MuiTypography-root"[39m
    [33mid[39m=[32m"change-item-752-heading"[39m
  [36m/>[39m

  Name "Change Item 754":
  [36m<h6[39m
    [33mclass[39m=[32m"MuiTypography-root MuiTypography-subtitle2 css-1k7msii-MuiTypography-root"[39m
    [33mid[39m=[32m"change-item-753-heading"[39m
  [36m/>[39m

  Name "Change Item 755":
  [36m<h6[39m
    [33mclass[39m=[32m"MuiTypography-root MuiTypography-subtitle2 css-1k7msii-MuiTypography-root"[39m
    [33mid[39m=[32m"change-item-754-heading"[39m
  [36m/>[39m

  Name "Change Item 756":
  [36m<h6[39m
    [33mclass[39m=[32m"MuiTypography-root MuiTypography-subtitle2 css-1k7msii-MuiTypography-root"[39m
    [33mid[39m=[32m"change-item-755-heading"[39m
  [36m/>[39m

  Name "Change Item 757":
  [36m<h6[39m
    [33mclass[39m=[32m"MuiTypography-root MuiTypography-subtitle2 css-1k7msii-MuiTypography-root"[39m
    [33mid[39m=[32m"change-item-756-heading"[39m
  [36m/>[39m

  Name "Change Item 758":
  [36m<h6[39m
    [33mclass[39m=[32m"MuiTypography-root MuiTypography-subtitle2 css-1k7msii-MuiTypography-root"[39m
    [33mid[39m=[32m"change-item-757-heading"[39m
  [36m/>[39m

  Name "Change Item 759":
  [36m<h6[39m
    [33mclass[39m=[32m"MuiTypography-root MuiTypography-subtitle2 css-1k7msii-MuiTypography-root"[39m
    [33mid[39m=[32m"change-item-758-heading"[39m
  [36m/>[39m

  Name "Change Item 760":
  [36m<h6[39m
    [33mclass[39m=[32m"MuiTypography-root MuiTypography-subtitle2 css-1k7msii-MuiTypography-root"[39m
    [33mid[39m=[32m"change-item-759-heading"[39m
  [36m/>[39m

  Name "Change Item 761":
  [36m<h6[39m
    [33mclass[39m=[32m"MuiTypography-root MuiTypography-subtitle2 css-1k7msii-MuiTypography-root"[39m
    [33mid[39m=[32m"change-item-760-heading"[39m
  [36m/>[39m

  Name "Change Item 762":
  [36m<h6[39m
    [33mclass[39m=[32m"MuiTypography-root MuiTypography-subtitle2 css-1k7msii-MuiTypography-root"[39m
    [33mid[39m=[32m"change-item-761-heading"[39m
  [36m/>[39m

  Name "Change Item 763":
  [36m<h6[39m
    [33mclass[39m=[32m"MuiTypography-root MuiTypography-subtitle2 css-1k7msii-MuiTypography-root"[39m
    [33mid[39m=[32m"change-item-762-heading"[39m
  [36m/>[39m

  Name "Change Item 764":
  [36m<h6[39m
    [33mclass[39m=[32m"MuiTypography-root MuiTypography-subtitle2 css-1k7msii-MuiTypography-root"[39m
    [33mid[39m=[32m"change-item-763-heading"[39m
  [36m/>[39m

  Name "Change Item 765":
  [36m<h6[39m
    [33mclass[39m=[32m"MuiTypography-root MuiTypography-subtitle2 css-1k7msii-MuiTypography-root"[39m
    [33mid[39m=[32m"change-item-764-heading"[39m
  [36m/>[39m

  Name "Change Item 766":
  [36m<h6[39m
    [33mclass[39m=[32m"MuiTypography-root MuiTypography-subtitle2 css-1k7msii-MuiTypography-root"[39m
    [33mid[39m=[32m"change-item-765-heading"[39m
  [36m/>[39m

  Name "Change Item 767":
  [36m<h6[39m
    [33mclass[39m=[32m"MuiTypography-root MuiTypography-subtitle2 css-1k7msii-MuiTypography-root"[39m
    [33mid[39m=[32m"change-item-766-heading"[39m
  [36m/>[39m

  Name "Change Item 768":
  [36m<h6[39m
    [33mclass[39m=[32m"MuiTypography-root MuiTypography-subtitle2 css-1k7msii-MuiTypography-root"[39m
    [33mid[39m=[32m"change-item-767-heading"[39m
  [36m/>[39m

  Name "Change Item 769":
  [36m<h6[39m
    [33mclass[39m=[32m"MuiTypography-root MuiTypography-subtitle2 css-1k7msii-MuiTypography-root"[39m
    [33mid[39m=[32m"change-item-768-heading"[39m
  [36m/>[39m

  Name "Change Item 770":
  [36m<h6[39m
    [33mclass[39m=[32m"MuiTypography-root MuiTypography-subtitle2 css-1k7msii-MuiTypography-root"[39m
    [33mid[39m=[32m"change-item-769-heading"[39m
  [36m/>[39m

  Name "Change Item 771":
  [36m<h6[39m
    [33mclass[39m=[32m"MuiTypography-root MuiTypography-subtitle2 css-1k7msii-MuiTypography-root"[39m
    [33mid[39m=[32m"change-item-770-heading"[39m
  [36m/>[39m

  Name "Change Item 772":
  [36m<h6[39m
    [33mclass[39m=[32m"MuiTypography-root MuiTypography-subtitle2 css-1k7msii-MuiTypography-root"[39m
    [33mid[39m=[32m"change-item-771-heading"[39m
  [36m/>[39m

  Name "Change Item 773":
  [36m<h6[39m
    [33mclass[39m=[32m"MuiTypography-root MuiTypography-subtitle2 css-1k7msii-MuiTypography-root"[39m
    [33mid[39m=[32m"change-item-772-heading"[39m
  [36m/>[39m

  Name "Change Item 774":
  [36m<h6[39m
    [33mclass[39m=[32m"MuiTypography-root MuiTypography-subtitle2 css-1k7msii-MuiTypography-root"[39m
    [33mid[39m=[32m"change-item-773-heading"[39m
  [36m/>[39m

  Name "Change Item 775":
  [36m<h6[39m
    [33mclass[39m=[32m"MuiTypography-root MuiTypography-subtitle2 css-1k7msii-MuiTypography-root"[39m
    [33mid[39m=[32m"change-item-774-heading"[39m
  [36m/>[39m

  Name "Change Item 776":
  [36m<h6[39m
    [33mclass[39m=[32m"MuiTypography-root MuiTypography-subtitle2 css-1k7msii-MuiTypography-root"[39m
    [33mid[39m=[32m"change-item-775-heading"[39m
  [36m/>[39m

  Name "Change Item 777":
  [36m<h6[39m
    [33mclass[39m=[32m"MuiTypography-root MuiTypography-subtitle2 css-1k7msii-MuiTypography-root"[39m
    [33mid[39m=[32m"change-item-776-heading"[39m
  [36m/>[39m

  Name "Change Item 778":
  [36m<h6[39m
    [33mclass[39m=[32m"MuiTypography-root MuiTypography-subtitle2 css-1k7msii-MuiTypography-root"[39m
    [33mid[39m=[32m"change-item-777-heading"[39m
  [36m/>[39m

  Name "Change Item 779":
  [36m<h6[39m
    [33mclass[39m=[32m"MuiTypography-root MuiTypography-subtitle2 css-1k7msii-MuiTypography-root"[39m
    [33mid[39m=[32m"change-item-778-heading"[39m
  [36m/>[39m

  Name "Change Item 780":
  [36m<h6[39m
    [33mclass[39m=[32m"MuiTypography-root MuiTypography-subtitle2 css-1k7msii-MuiTypography-root"[39m
    [33mid[39m=[32m"change-item-779-heading"[39m
  [36m/>[39m

  Name "Change Item 781":
  [36m<h6[39m
    [33mclass[39m=[32m"MuiTypography-root MuiTypography-subtitle2 css-1k7msii-MuiTypography-root"[39m
    [33mid[39m=[32m"change-item-780-heading"[39m
  [36m/>[39m

  Name "Change Item 782":
  [36m<h6[39m
    [33mclass[39m=[32m"MuiTypography-root MuiTypography-subtitle2 css-1k7msii-MuiTypography-root"[39m
    [33mid[39m=[32m"change-item-781-heading"[39m
  [36m/>[39m

  Name "Change Item 783":
  [36m<h6[39m
    [33mclass[39m=[32m"MuiTypography-root MuiTypography-subtitle2 css-1k7msii-MuiTypography-root"[39m
    [33mid[39m=[32m"change-item-782-heading"[39m
  [36m/>[39m

  Name "Change Item 784":
  [36m<h6[39m
    [33mclass[39m=[32m"MuiTypography-root MuiTypography-subtitle2 css-1k7msii-MuiTypography-root"[39m
    [33mid[39m=[32m"change-item-783-heading"[39m
  [36m/>[39m

  Name "Change Item 785":
  [36m<h6[39m
    [33mclass[39m=[32m"MuiTypography-root MuiTypography-subtitle2 css-1k7msii-MuiTypography-root"[39m
    [33mid[39m=[32m"change-item-784-heading"[39m
  [36m/>[39m

  Name "Change Item 786":
  [36m<h6[39m
    [33mclass[39m=[32m"MuiTypography-root MuiTypography-subtitle2 css-1k7msii-MuiTypography-root"[39m
    [33mid[39m=[32m"change-item-785-heading"[39m
  [36m/>[39m

  Name "Change Item 787":
  [36m<h6[39m
    [33mclass[39m=[32m"MuiTypography-root MuiTypography-subtitle2 css-1k7msii-MuiTypography-root"[39m
    [33mid[39m=[32m"change-item-786-heading"[39m
  [36m/>[39m

  Name "Change Item 788":
  [36m<h6[39m
    [33mclass[39m=[32m"MuiTypography-root MuiTypography-subtitle2 css-1k7msii-MuiTypography-root"[39m
    [33mid[39m=[32m"change-item-787-heading"[39m
  [36m/>[39m

  Name "Change Item 789":
  [36m<h6[39m
    [33mclass[39m=[32m"MuiTypography-root MuiTypography-subtitle2 css-1k7msii-MuiTypography-root"[39m
    [33mid[39m=[32m"change-item-788-heading"[39m
  [36m/>[39m

  Name "Change Item 790":
  [36m<h6[39m
    [33mclass[39m=[32m"MuiTypography-root MuiTypography-subtitle2 css-1k7msii-MuiTypography-root"[39m
    [33mid[39m=[32m"change-item-789-heading"[39m
  [36m/>[39m

  Name "Change Item 791":
  [36m<h6[39m
    [33mclass[39m=[32m"MuiTypography-root MuiTypography-subtitle2 css-1k7msii-MuiTypography-root"[39m
    [33mid[39m=[32m"change-item-790-heading"[39m
  [36m/>[39m

  Name "Change Item 792":
  [36m<h6[39m
    [33mclass[39m=[32m"MuiTypography-root MuiTypography-subtitle2 css-1k7msii-MuiTypography-root"[39m
    [33mid[39m=[32m"change-item-791-heading"[39m
  [36m/>[39m

  Name "Change Item 793":
  [36m<h6[39m
    [33mclass[39m=[32m"MuiTypography-root MuiTypography-subtitle2 css-1k7msii-MuiTypography-root"[39m
    [33mid[39m=[32m"change-item-792-heading"[39m
  [36m/>[39m

  Name "Change Item 794":
  [36m<h6[39m
    [33mclass[39m=[32m"MuiTypography-root MuiTypography-subtitle2 css-1k7msii-MuiTypography-root"[39m
    [33mid[39m=[32m"change-item-793-heading"[39m
  [36m/>[39m

  Name "Change Item 795":
  [36m<h6[39m
    [33mclass[39m=[32m"MuiTypography-root MuiTypography-subtitle2 css-1k7msii-MuiTypography-root"[39m
    [33mid[39m=[32m"change-item-794-heading"[39m
  [36m/>[39m

  Name "Change Item 796":
  [36m<h6[39m
    [33mclass[39m=[32m"MuiTypography-root MuiTypography-subtitle2 css-1k7msii-MuiTypography-root"[39m
    [33mid[39m=[32m"change-item-795-heading"[39m
  [36m/>[39m

  Name "Change Item 797":
  [36m<h6[39m
    [33mclass[39m=[32m"MuiTypography-root MuiTypography-subtitle2 css-1k7msii-MuiTypography-root"[39m
    [33mid[39m=[32m"change-item-796-heading"[39m
  [36m/>[39m

  Name "Change Item 798":
  [36m<h6[39m
    [33mclass[39m=[32m"MuiTypography-root MuiTypography-subtitle2 css-1k7msii-MuiTypography-root"[39m
    [33mid[39m=[32m"change-item-797-heading"[39m
  [36m/>[39m

  Name "Change Item 799":
  [36m<h6[39m
    [33mclass[39m=[32m"MuiTypography-root MuiTypography-subtitle2 css-1k7msii-MuiTypography-root"[39m
    [33mid[39m=[32m"change-item-798-heading"[39m
  [36m/>[39m

  Name "Change Item 800":
  [36m<h6[39m
    [33mclass[39m=[32m"MuiTypography-root MuiTypography-subtitle2 css-1k7msii-MuiTypography-root"[39m
    [33mid[39m=[32m"change-item-799-heading"[39m
  [36m/>[39m

  Name "Change Item 801":
  [36m<h6[39m
    [33mclass[39m=[32m"MuiTypography-root MuiTypography-subtitle2 css-1k7msii-MuiTypography-root"[39m
    [33mid[39m=[32m"change-item-800-heading"[39m
  [36m/>[39m

  Name "Change Item 802":
  [36m<h6[39m
    [33mclass[39m=[32m"MuiTypography-root MuiTypography-subtitle2 css-1k7msii-MuiTypography-root"[39m
    [33mid[39m=[32m"change-item-801-heading"[39m
  [36m/>[39m

  Name "Change Item 803":
  [36m<h6[39m
    [33mclass[39m=[32m"MuiTypography-root MuiTypography-subtitle2 css-1k7msii-MuiTypography-root"[39m
    [33mid[39m=[32m"change-item-802-heading"[39m
  [36m/>[39m

  Name "Change Item 804":
  [36m<h6[39m
    [33mclass[39m=[32m"MuiTypography-root MuiTypography-subtitle2 css-1k7msii-MuiTypography-root"[39m
    [33mid[39m=[32m"change-item-803-heading"[39m
  [36m/>[39m

  Name "Change Item 805":
  [36m<h6[39m
    [33mclass[39m=[32m"MuiTypography-root MuiTypography-subtitle2 css-1k7msii-MuiTypography-root"[39m
    [33mid[39m=[32m"change-item-804-heading"[39m
  [36m/>[39m

  Name "Change Item 806":
  [36m<h6[39m
    [33mclass[39m=[32m"MuiTypography-root MuiTypography-subtitle2 css-1k7msii-MuiTypography-root"[39m
    [33mid[39m=[32m"change-item-805-heading"[39m
  [36m/>[39m

  Name "Change Item 807":
  [36m<h6[39m
    [33mclass[39m=[32m"MuiTypography-root MuiTypography-subtitle2 css-1k7msii-MuiTypography-root"[39m
    [33mid[39m=[32m"change-item-806-heading"[39m
  [36m/>[39m

  Name "Change Item 808":
  [36m<h6[39m
    [33mclass[39m=[32m"MuiTypography-root MuiTypography-subtitle2 css-1k7msii-MuiTypography-root"[39m
    [33mid[39m=[32m"change-item-807-heading"[39m
  [36m/>[39m

  Name "Change Item 809":
  [36m<h6[39m
    [33mclass[39m=[32m"MuiTypography-root MuiTypography-subtitle2 css-1k7msii-MuiTypography-root"[39m
    [33mid[39m=[32m"change-item-808-heading"[39m
  [36m/>[39m

  Name "Change Item 810":
  [36m<h6[39m
    [33mclass[39m=[32m"MuiTypography-root MuiTypography-subtitle2 css-1k7msii-MuiTypography-root"[39m
    [33mid[39m=[32m"change-item-809-heading"[39m
  [36m/>[39m

  Name "Change Item 811":
  [36m<h6[39m
    [33mclass[39m=[32m"MuiTypography-root MuiTypography-subtitle2 css-1k7msii-MuiTypography-root"[39m
    [33mid[39m=[32m"change-item-810-heading"[39m
  [36m/>[39m

  Name "Change Item 812":
  [36m<h6[39m
    [33mclass[39m=[32m"MuiTypography-root MuiTypography-subtitle2 css-1k7msii-MuiTypography-root"[39m
    [33mid[39m=[32m"change-item-811-heading"[39m
  [36m/>[39m

  Name "Change Item 813":
  [36m<h6[39m
    [33mclass[39m=[32m"MuiTypography-root MuiTypography-subtitle2 css-1k7msii-MuiTypography-root"[39m
    [33mid[39m=[32m"change-item-812-heading"[39m
  [36m/>[39m

  Name "Change Item 814":
  [36m<h6[39m
    [33mclass[39m=[32m"MuiTypography-root MuiTypography-subtitle2 css-1k7msii-MuiTypography-root"[39m
    [33mid[39m=[32m"change-item-813-heading"[39m
  [36m/>[39m

  Name "Change Item 815":
  [36m<h6[39m
    [33mclass[39m=[32m"MuiTypography-root MuiTypography-subtitle2 css-1k7msii-MuiTypography-root"[39m
    [33mid[39m=[32m"change-item-814-heading"[39m
  [36m/>[39m

  Name "Change Item 816":
  [36m<h6[39m
    [33mclass[39m=[32m"MuiTypography-root MuiTypography-subtitle2 css-1k7msii-MuiTypography-root"[39m
    [33mid[39m=[32m"change-item-815-heading"[39m
  [36m/>[39m

  Name "Change Item 817":
  [36m<h6[39m
    [33mclass[39m=[32m"MuiTypography-root MuiTypography-subtitle2 css-1k7msii-MuiTypography-root"[39m
    [33mid[39m=[32m"change-item-816-heading"[39m
  [36m/>[39m

  Name "Change Item 818":
  [36m<h6[39m
    [33mclass[39m=[32m"MuiTypography-root MuiTypography-subtitle2 css-1k7msii-MuiTypography-root"[39m
    [33mid[39m=[32m"change-item-817-heading"[39m
  [36m/>[39m

  Name "Change Item 819":
  [36m<h6[39m
    [33mclass[39m=[32m"MuiTypography-root MuiTypography-subtitle2 css-1k7msii-MuiTypography-root"[39m
    [33mid[39m=[32m"change-item-818-heading"[39m
  [36m/>[39m

  Name "Change Item 820":
  [36m<h6[39m
    [33mclass[39m=[32m"MuiTypography-root MuiTypography-subtitle2 css-1k7msii-MuiTypography-root"[39m
    [33mid[39m=[32m"change-item-819-heading"[39m
  [36m/>[39m

  Name "Change Item 821":
  [36m<h6[39m
    [33mclass[39m=[32m"MuiTypography-root MuiTypography-subtitle2 css-1k7msii-MuiTypography-root"[39m
    [33mid[39m=[32m"change-item-820-heading"[39m
  [36m/>[39m

  Name "Change Item 822":
  [36m<h6[39m
    [33mclass[39m=[32m"MuiTypography-root MuiTypography-subtitle2 css-1k7msii-MuiTypography-root"[39m
    [33mid[39m=[32m"change-item-821-heading"[39m
  [36m/>[39m

  Name "Change Item 823":
  [36m<h6[39m
    [33mclass[39m=[32m"MuiTypography-root MuiTypography-subtitle2 css-1k7msii-MuiTypography-root"[39m
    [33mid[39m=[32m"change-item-822-heading"[39m
  [36m/>[39m

  Name "Change Item 824":
  [36m<h6[39m
    [33mclass[39m=[32m"MuiTypography-root MuiTypography-subtitle2 css-1k7msii-MuiTypography-root"[39m
    [33mid[39m=[32m"change-item-823-heading"[39m
  [36m/>[39m

  Name "Change Item 825":
  [36m<h6[39m
    [33mclass[39m=[32m"MuiTypography-root MuiTypography-subtitle2 css-1k7msii-MuiTypography-root"[39m
    [33mid[39m=[32m"change-item-824-heading"[39m
  [36m/>[39m

  Name "Change Item 826":
  [36m<h6[39m
    [33mclass[39m=[32m"MuiTypography-root MuiTypography-subtitle2 css-1k7msii-MuiTypography-root"[39m
    [33mid[39m=[32m"change-item-825-heading"[39m
  [36m/>[39m

  Name "Change Item 827":
  [36m<h6[39m
    [33mclass[39m=[32m"MuiTypography-root MuiTypography-subtitle2 css-1k7msii-MuiTypography-root"[39m
    [33mid[39m=[32m"change-item-826-heading"[39m
  [36m/>[39m

  Name "Change Item 828":
  [36m<h6[39m
    [33mclass[39m=[32m"MuiTypography-root MuiTypography-subtitle2 css-1k7msii-MuiTypography-root"[39m
    [33mid[39m=[32m"change-item-827-heading"[39m
  [36m/>[39m

  Name "Change Item 829":
  [36m<h6[39m
    [33mclass[39m=[32m"MuiTypography-root MuiTypography-subtitle2 css-1k7msii-MuiTypography-root"[39m
    [33mid[39m=[32m"change-item-828-heading"[39m
  [36m/>[39m

  Name "Change Item 830":
  [36m<h6[39m
    [33mclass[39m=[32m"MuiTypography-root MuiTypography-subtitle2 css-1k7msii-MuiTypography-root"[39m
    [33mid[39m=[32m"change-item-829-heading"[39m
  [36m/>[39m

  Name "Change Item 831":
  [36m<h6[39m
    [33mclass[39m=[32m"MuiTypography-root MuiTypography-subtitle2 css-1k7msii-MuiTypography-root"[39m
    [33mid[39m=[32m"change-item-830-heading"[39m
  [36m/>[39m

  Name "Change Item 832":
  [36m<h6[39m
    [33mclass[39m=[32m"MuiTypography-root MuiTypography-subtitle2 css-1k7msii-MuiTypography-root"[39m
    [33mid[39m=[32m"change-item-831-heading"[39m
  [36m/>[39m

  Name "Change Item 833":
  [36m<h6[39m
    [33mclass[39m=[32m"MuiTypography-root MuiTypography-subtitle2 css-1k7msii-MuiTypography-root"[39m
    [33mid[39m=[32m"change-item-832-heading"[39m
  [36m/>[39m

  Name "Change Item 834":
  [36m<h6[39m
    [33mclass[39m=[32m"MuiTypography-root MuiTypography-subtitle2 css-1k7msii-MuiTypography-root"[39m
    [33mid[39m=[32m"change-item-833-heading"[39m
  [36m/>[39m

  Name "Change Item 835":
  [36m<h6[39m
    [33mclass[39m=[32m"MuiTypography-root MuiTypography-subtitle2 css-1k7msii-MuiTypography-root"[39m
    [33mid[39m=[32m"change-item-834-heading"[39m
  [36m/>[39m

  Name "Change Item 836":
  [36m<h6[39m
    [33mclass[39m=[32m"MuiTypography-root MuiTypography-subtitle2 css-1k7msii-MuiTypography-root"[39m
    [33mid[39m=[32m"change-item-835-heading"[39m
  [36m/>[39m

  Name "Change Item 837":
  [36m<h6[39m
    [33mclass[39m=[32m"MuiTypography-root MuiTypography-subtitle2 css-1k7msii-MuiTypography-root"[39m
    [33mid[39m=[32m"change-item-836-heading"[39m
  [36m/>[39m

  Name "Change Item 838":
  [36m<h6[39m
    [33mclass[39m=[32m"MuiTypography-root MuiTypography-subtitle2 css-1k7msii-MuiTypography-root"[39m
    [33mid[39m=[32m"change-item-837-heading"[39m
  [36m/>[39m

  Name "Change Item 839":
  [36m<h6[39m
    [33mclass[39m=[32m"MuiTypography-root MuiTypography-subtitle2 css-1k7msii-MuiTypography-root"[39m
    [33mid[39m=[32m"change-item-838-heading"[39m
  [36m/>[39m

  Name "Change Item 840":
  [36m<h6[39m
    [33mclass[39m=[32m"MuiTypography-root MuiTypography-subtitle2 css-1k7msii-MuiTypography-root"[39m
    [33mid[39m=[32m"change-item-839-heading"[39m
  [36m/>[39m

  Name "Change Item 841":
  [36m<h6[39m
    [33mclass[39m=[32m"MuiTypography-root MuiTypography-subtitle2 css-1k7msii-MuiTypography-root"[39m
    [33mid[39m=[32m"change-item-840-heading"[39m
  [36m/>[39m

  Name "Change Item 842":
  [36m<h6[39m
    [33mclass[39m=[32m"MuiTypography-root MuiTypography-subtitle2 css-1k7msii-MuiTypography-root"[39m
    [33mid[39m=[32m"change-item-841-heading"[39m
  [36m/>[39m

  Name "Change Item 843":
  [36m<h6[39m
    [33mclass[39m=[32m"MuiTypography-root MuiTypography-subtitle2 css-1k7msii-MuiTypography-root"[39m
    [33mid[39m=[32m"change-item-842-heading"[39m
  [36m/>[39m

  Name "Change Item 844":
  [36m<h6[39m
    [33mclass[39m=[32m"MuiTypography-root MuiTypography-subtitle2 css-1k7msii-MuiTypography-root"[39m
    [33mid[39m=[32m"change-item-843-heading"[39m
  [36m/>[39m

  Name "Change Item 845":
  [36m<h6[39m
    [33mclass[39m=[32m"MuiTypography-root MuiTypography-subtitle2 css-1k7msii-MuiTypography-root"[39m
    [33mid[39m=[32m"change-item-844-heading"[39m
  [36m/>[39m

  Name "Change Item 846":
  [36m<h6[39m
    [33mclass[39m=[32m"MuiTypography-root MuiTypography-subtitle2 css-1k7msii-MuiTypography-root"[39m
    [33mid[39m=[32m"change-item-845-heading"[39m
  [36m/>[39m

  Name "Change Item 847":
  [36m<h6[39m
    [33mclass[39m=[32m"MuiTypography-root MuiTypography-subtitle2 css-1k7msii-MuiTypography-root"[39m
    [33mid[39m=[32m"change-item-846-heading"[39m
  [36m/>[39m

  Name "Change Item 848":
  [36m<h6[39m
    [33mclass[39m=[32m"MuiTypography-root MuiTypography-subtitle2 css-1k7msii-MuiTypography-root"[39m
    [33mid[39m=[32m"change-item-847-heading"[39m
  [36m/>[39m

  Name "Change Item 849":
  [36m<h6[39m
    [33mclass[39m=[32m"MuiTypography-root MuiTypography-subtitle2 css-1k7msii-MuiTypography-root"[39m
    [33mid[39m=[32m"change-item-848-heading"[39m
  [36m/>[39m

  Name "Change Item 850":
  [36m<h6[39m
    [33mclass[39m=[32m"MuiTypography-root MuiTypography-subtitle2 css-1k7msii-MuiTypography-root"[39m
    [33mid[39m=[32m"change-item-849-heading"[39m
  [36m/>[39m

  Name "Change Item 851":
  [36m<h6[39m
    [33mclass[39m=[32m"MuiTypography-root MuiTypography-subtitle2 css-1k7msii-MuiTypography-root"[39m
    [33mid[39m=[32m"change-item-850-heading"[39m
  [36m/>[39m

  Name "Change Item 852":
  [36m<h6[39m
    [33mclass[39m=[32m"MuiTypography-root MuiTypography-subtitle2 css-1k7msii-MuiTypography-root"[39m
    [33mid[39m=[32m"change-item-851-heading"[39m
  [36m/>[39m

  Name "Change Item 853":
  [36m<h6[39m
    [33mclass[39m=[32m"MuiTypography-root MuiTypography-subtitle2 css-1k7msii-MuiTypography-root"[39m
    [33mid[39m=[32m"change-item-852-heading"[39m
  [36m/>[39m

  Name "Change Item 854":
  [36m<h6[39m
    [33mclass[39m=[32m"MuiTypography-root MuiTypography-subtitle2 css-1k7msii-MuiTypography-root"[39m
    [33mid[39m=[32m"change-item-853-heading"[39m
  [36m/>[39m

  Name "Change Item 855":
  [36m<h6[39m
    [33mclass[39m=[32m"MuiTypography-root MuiTypography-subtitle2 css-1k7msii-MuiTypography-root"[39m
    [33mid[39m=[32m"change-item-854-heading"[39m
  [36m/>[39m

  Name "Change Item 856":
  [36m<h6[39m
    [33mclass[39m=[32m"MuiTypography-root MuiTypography-subtitle2 css-1k7msii-MuiTypography-root"[39m
    [33mid[39m=[32m"change-item-855-heading"[39m
  [36m/>[39m

  Name "Change Item 857":
  [36m<h6[39m
    [33mclass[39m=[32m"MuiTypography-root MuiTypography-subtitle2 css-1k7msii-MuiTypography-root"[39m
    [33mid[39m=[32m"change-item-856-heading"[39m
  [36m/>[39m

  Name "Change Item 858":
  [36m<h6[39m
    [33mclass[39m=[32m"MuiTypography-root MuiTypography-subtitle2 css-1k7msii-MuiTypography-root"[39m
    [33mid[39m=[32m"change-item-857-heading"[39m
  [36m/>[39m

  Name "Change Item 859":
  [36m<h6[39m
    [33mclass[39m=[32m"MuiTypography-root MuiTypography-subtitle2 css-1k7msii-MuiTypography-root"[39m
    [33mid[39m=[32m"change-item-858-heading"[39m
  [36m/>[39m

  Name "Change Item 860":
  [36m<h6[39m
    [33mclass[39m=[32m"MuiTypography-root MuiTypography-subtitle2 css-1k7msii-MuiTypography-root"[39m
    [33mid[39m=[32m"change-item-859-heading"[39m
  [36m/>[39m

  Name "Change Item 861":
  [36m<h6[39m
    [33mclass[39m=[32m"MuiTypography-root MuiTypography-subtitle2 css-1k7msii-MuiTypography-root"[39m
    [33mid[39m=[32m"change-item-860-heading"[39m
  [36m/>[39m

  Name "Change Item 862":
  [36m<h6[39m
    [33mclass[39m=[32m"MuiTypography-root MuiTypography-subtitle2 css-1k7msii-MuiTypography-root"[39m
    [33mid[39m=[32m"change-item-861-heading"[39m
  [36m/>[39m

  Name "Change Item 863":
  [36m<h6[39m
    [33mclass[39m=[32m"MuiTypography-root MuiTypography-subtitle2 css-1k7msii-MuiTypography-root"[39m
    [33mid[39m=[32m"change-item-862-heading"[39m
  [36m/>[39m

  Name "Change Item 864":
  [36m<h6[39m
    [33mclass[39m=[32m"MuiTypography-root MuiTypography-subtitle2 css-1k7msii-MuiTypography-root"[39m
    [33mid[39m=[32m"change-item-863-heading"[39m
  [36m/>[39m

  Name "Change Item 865":
  [36m<h6[39m
    [33mclass[39m=[32m"MuiTypography-root MuiTypography-subtitle2 css-1k7msii-MuiTypography-root"[39m
    [33mid[39m=[32m"change-item-864-heading"[39m
  [36m/>[39m

  Name "Change Item 866":
  [36m<h6[39m
    [33mclass[39m=[32m"MuiTypography-root MuiTypography-subtitle2 css-1k7msii-MuiTypography-root"[39m
    [33mid[39m=[32m"change-item-865-heading"[39m
  [36m/>[39m

  Name "Change Item 867":
  [36m<h6[39m
    [33mclass[39m=[32m"MuiTypography-root MuiTypography-subtitle2 css-1k7msii-MuiTypography-root"[39m
    [33mid[39m=[32m"change-item-866-heading"[39m
  [36m/>[39m

  Name "Change Item 868":
  [36m<h6[39m
    [33mclass[39m=[32m"MuiTypography-root MuiTypography-subtitle2 css-1k7msii-MuiTypography-root"[39m
    [33mid[39m=[32m"change-item-867-heading"[39m
  [36m/>[39m

  Name "Change Item 869":
  [36m<h6[39m
    [33mclass[39m=[32m"MuiTypography-root MuiTypography-subtitle2 css-1k7msii-MuiTypography-root"[39m
    [33mid[39m=[32m"change-item-868-heading"[39m
  [36m/>[39m

  Name "Change Item 870":
  [36m<h6[39m
    [33mclass[39m=[32m"MuiTypography-root MuiTypography-subtitle2 css-1k7msii-MuiTypography-root"[39m
    [33mid[39m=[32m"change-item-869-heading"[39m
  [36m/>[39m

  Name "Change Item 871":
  [36m<h6[39m
    [33mclass[39m=[32m"MuiTypography-root MuiTypography-subtitle2 css-1k7msii-MuiTypography-root"[39m
    [33mid[39m=[32m"change-item-870-heading"[39m
  [36m/>[39m

  Name "Change Item 872":
  [36m<h6[39m
    [33mclass[39m=[32m"MuiTypography-root MuiTypography-subtitle2 css-1k7msii-MuiTypography-root"[39m
    [33mid[39m=[32m"change-item-871-heading"[39m
  [36m/>[39m

  Name "Change Item 873":
  [36m<h6[39m
    [33mclass[39m=[32m"MuiTypography-root MuiTypography-subtitle2 css-1k7msii-MuiTypography-root"[39m
    [33mid[39m=[32m"change-item-872-heading"[39m
  [36m/>[39m

  Name "Change Item 874":
  [36m<h6[39m
    [33mclass[39m=[32m"MuiTypography-root MuiTypography-subtitle2 css-1k7msii-MuiTypography-root"[39m
    [33mid[39m=[32m"change-item-873-heading"[39m
  [36m/>[39m

  Name "Change Item 875":
  [36m<h6[39m
    [33mclass[39m=[32m"MuiTypography-root MuiTypography-subtitle2 css-1k7msii-MuiTypography-root"[39m
    [33mid[39m=[32m"change-item-874-heading"[39m
  [36m/>[39m

  Name "Change Item 876":
  [36m<h6[39m
    [33mclass[39m=[32m"MuiTypography-root MuiTypography-subtitle2 css-1k7msii-MuiTypography-root"[39m
    [33mid[39m=[32m"change-item-875-heading"[39m
  [36m/>[39m

  Name "Change Item 877":
  [36m<h6[39m
    [33mclass[39m=[32m"MuiTypography-root MuiTypography-subtitle2 css-1k7msii-MuiTypography-root"[39m
    [33mid[39m=[32m"change-item-876-heading"[39m
  [36m/>[39m

  Name "Change Item 878":
  [36m<h6[39m
    [33mclass[39m=[32m"MuiTypography-root MuiTypography-subtitle2 css-1k7msii-MuiTypography-root"[39m
    [33mid[39m=[32m"change-item-877-heading"[39m
  [36m/>[39m

  Name "Change Item 879":
  [36m<h6[39m
    [33mclass[39m=[32m"MuiTypography-root MuiTypography-subtitle2 css-1k7msii-MuiTypography-root"[39m
    [33mid[39m=[32m"change-item-878-heading"[39m
  [36m/>[39m

  Name "Change Item 880":
  [36m<h6[39m
    [33mclass[39m=[32m"MuiTypography-root MuiTypography-subtitle2 css-1k7msii-MuiTypography-root"[39m
    [33mid[39m=[32m"change-item-879-heading"[39m
  [36m/>[39m

  Name "Change Item 881":
  [36m<h6[39m
    [33mclass[39m=[32m"MuiTypography-root MuiTypography-subtitle2 css-1k7msii-MuiTypography-root"[39m
    [33mid[39m=[32m"change-item-880-heading"[39m
  [36m/>[39m

  Name "Change Item 882":
  [36m<h6[39m
    [33mclass[39m=[32m"MuiTypography-root MuiTypography-subtitle2 css-1k7msii-MuiTypography-root"[39m
    [33mid[39m=[32m"change-item-881-heading"[39m
  [36m/>[39m

  Name "Change Item 883":
  [36m<h6[39m
    [33mclass[39m=[32m"MuiTypography-root MuiTypography-subtitle2 css-1k7msii-MuiTypography-root"[39m
    [33mid[39m=[32m"change-item-882-heading"[39m
  [36m/>[39m

  Name "Change Item 884":
  [36m<h6[39m
    [33mclass[39m=[32m"MuiTypography-root MuiTypography-subtitle2 css-1k7msii-MuiTypography-root"[39m
    [33mid[39m=[32m"change-item-883-heading"[39m
  [36m/>[39m

  Name "Change Item 885":
  [36m<h6[39m
    [33mclass[39m=[32m"MuiTypography-root MuiTypography-subtitle2 css-1k7msii-MuiTypography-root"[39m
    [33mid[39m=[32m"change-item-884-heading"[39m
  [36m/>[39m

  Name "Change Item 886":
  [36m<h6[39m
    [33mclass[39m=[32m"MuiTypography-root MuiTypography-subtitle2 css-1k7msii-MuiTypography-root"[39m
    [33mid[39m=[32m"change-item-885-heading"[39m
  [36m/>[39m

  Name "Change Item 887":
  [36m<h6[39m
    [33mclass[39m=[32m"MuiTypography-root MuiTypography-subtitle2 css-1k7msii-MuiTypography-root"[39m
    [33mid[39m=[32m"change-item-886-heading"[39m
  [36m/>[39m

  Name "Change Item 888":
  [36m<h6[39m
    [33mclass[39m=[32m"MuiTypography-root MuiTypography-subtitle2 css-1k7msii-MuiTypography-root"[39m
    [33mid[39m=[32m"change-item-887-heading"[39m
  [36m/>[39m

  Name "Change Item 889":
  [36m<h6[39m
    [33mclass[39m=[32m"MuiTypography-root MuiTypography-subtitle2 css-1k7msii-MuiTypography-root"[39m
    [33mid[39m=[32m"change-item-888-heading"[39m
  [36m/>[39m

  Name "Change Item 890":
  [36m<h6[39m
    [33mclass[39m=[32m"MuiTypography-root MuiTypography-subtitle2 css-1k7msii-MuiTypography-root"[39m
    [33mid[39m=[32m"change-item-889-heading"[39m
  [36m/>[39m

  Name "Change Item 891":
  [36m<h6[39m
    [33mclass[39m=[32m"MuiTypography-root MuiTypography-subtitle2 css-1k7msii-MuiTypography-root"[39m
    [33mid[39m=[32m"change-item-890-heading"[39m
  [36m/>[39m

  Name "Change Item 892":
  [36m<h6[39m
    [33mclass[39m=[32m"MuiTypography-root MuiTypography-subtitle2 css-1k7msii-MuiTypography-root"[39m
    [33mid[39m=[32m"change-item-891-heading"[39m
  [36m/>[39m

  Name "Change Item 893":
  [36m<h6[39m
    [33mclass[39m=[32m"MuiTypography-root MuiTypography-subtitle2 css-1k7msii-MuiTypography-root"[39m
    [33mid[39m=[32m"change-item-892-heading"[39m
  [36m/>[39m

  Name "Change Item 894":
  [36m<h6[39m
    [33mclass[39m=[32m"MuiTypography-root MuiTypography-subtitle2 css-1k7msii-MuiTypography-root"[39m
    [33mid[39m=[32m"change-item-893-heading"[39m
  [36m/>[39m

  Name "Change Item 895":
  [36m<h6[39m
    [33mclass[39m=[32m"MuiTypography-root MuiTypography-subtitle2 css-1k7msii-MuiTypography-root"[39m
    [33mid[39m=[32m"change-item-894-heading"[39m
  [36m/>[39m

  Name "Change Item 896":
  [36m<h6[39m
    [33mclass[39m=[32m"MuiTypography-root MuiTypography-subtitle2 css-1k7msii-MuiTypography-root"[39m
    [33mid[39m=[32m"change-item-895-heading"[39m
  [36m/>[39m

  Name "Change Item 897":
  [36m<h6[39m
    [33mclass[39m=[32m"MuiTypography-root MuiTypography-subtitle2 css-1k7msii-MuiTypography-root"[39m
    [33mid[39m=[32m"change-item-896-heading"[39m
  [36m/>[39m

  Name "Change Item 898":
  [36m<h6[39m
    [33mclass[39m=[32m"MuiTypography-root MuiTypography-subtitle2 css-1k7msii-MuiTypography-root"[39m
    [33mid[39m=[32m"change-item-897-heading"[39m
  [36m/>[39m

  Name "Change Item 899":
  [36m<h6[39m
    [33mclass[39m=[32m"MuiTypography-root MuiTypography-subtitle2 css-1k7msii-MuiTypography-root"[39m
    [33mid[39m=[32m"change-item-898-heading"[39m
  [36m/>[39m

  Name "Change Item 900":
  [36m<h6[39m
    [33mclass[39m=[32m"MuiTypography-root MuiTypography-subtitle2 css-1k7msii-MuiTypography-root"[39m
    [33mid[39m=[32m"change-item-899-heading"[39m
  [36m/>[39m

  Name "Change Item 901":
  [36m<h6[39m
    [33mclass[39m=[32m"MuiTypography-root MuiTypography-subtitle2 css-1k7msii-MuiTypography-root"[39m
    [33mid[39m=[32m"change-item-900-heading"[39m
  [36m/>[39m

  Name "Change Item 902":
  [36m<h6[39m
    [33mclass[39m=[32m"MuiTypography-root MuiTypography-subtitle2 css-1k7msii-MuiTypography-root"[39m
    [33mid[39m=[32m"change-item-901-heading"[39m
  [36m/>[39m

  Name "Change Item 903":
  [36m<h6[39m
    [33mclass[39m=[32m"MuiTypography-root MuiTypography-subtitle2 css-1k7msii-MuiTypography-root"[39m
    [33mid[39m=[32m"change-item-902-heading"[39m
  [36m/>[39m

  Name "Change Item 904":
  [36m<h6[39m
    [33mclass[39m=[32m"MuiTypography-root MuiTypography-subtitle2 css-1k7msii-MuiTypography-root"[39m
    [33mid[39m=[32m"change-item-903-heading"[39m
  [36m/>[39m

  Name "Change Item 905":
  [36m<h6[39m
    [33mclass[39m=[32m"MuiTypography-root MuiTypography-subtitle2 css-1k7msii-MuiTypography-root"[39m
    [33mid[39m=[32m"change-item-904-heading"[39m
  [36m/>[39m

  Name "Change Item 906":
  [36m<h6[39m
    [33mclass[39m=[32m"MuiTypography-root MuiTypography-subtitle2 css-1k7msii-MuiTypography-root"[39m
    [33mid[39m=[32m"change-item-905-heading"[39m
  [36m/>[39m

  Name "Change Item 907":
  [36m<h6[39m
    [33mclass[39m=[32m"MuiTypography-root MuiTypography-subtitle2 css-1k7msii-MuiTypography-root"[39m
    [33mid[39m=[32m"change-item-906-heading"[39m
  [36m/>[39m

  Name "Change Item 908":
  [36m<h6[39m
    [33mclass[39m=[32m"MuiTypography-root MuiTypography-subtitle2 css-1k7msii-MuiTypography-root"[39m
    [33mid[39m=[32m"change-item-907-heading"[39m
  [36m/>[39m

  Name "Change Item 909":
  [36m<h6[39m
    [33mclass[39m=[32m"MuiTypography-root MuiTypography-subtitle2 css-1k7msii-MuiTypography-root"[39m
    [33mid[39m=[32m"change-item-908-heading"[39m
  [36m/>[39m

  Name "Change Item 910":
  [36m<h6[39m
    [33mclass[39m=[32m"MuiTypography-root MuiTypography-subtitle2 css-1k7msii-MuiTypography-root"[39m
    [33mid[39m=[32m"change-item-909-heading"[39m
  [36m/>[39m

  Name "Change Item 911":
  [36m<h6[39m
    [33mclass[39m=[32m"MuiTypography-root MuiTypography-subtitle2 css-1k7msii-MuiTypography-root"[39m
    [33mid[39m=[32m"change-item-910-heading"[39m
  [36m/>[39m

  Name "Change Item 912":
  [36m<h6[39m
    [33mclass[39m=[32m"MuiTypography-root MuiTypography-subtitle2 css-1k7msii-MuiTypography-root"[39m
    [33mid[39m=[32m"change-item-911-heading"[39m
  [36m/>[39m

  Name "Change Item 913":
  [36m<h6[39m
    [33mclass[39m=[32m"MuiTypography-root MuiTypography-subtitle2 css-1k7msii-MuiTypography-root"[39m
    [33mid[39m=[32m"change-item-912-heading"[39m
  [36m/>[39m

  Name "Change Item 914":
  [36m<h6[39m
    [33mclass[39m=[32m"MuiTypography-root MuiTypography-subtitle2 css-1k7msii-MuiTypography-root"[39m
    [33mid[39m=[32m"change-item-913-heading"[39m
  [36m/>[39m

  Name "Change Item 915":
  [36m<h6[39m
    [33mclass[39m=[32m"MuiTypography-root MuiTypography-subtitle2 css-1k7msii-MuiTypography-root"[39m
    [33mid[39m=[32m"change-item-914-heading"[39m
  [36m/>[39m

  Name "Change Item 916":
  [36m<h6[39m
    [33mclass[39m=[32m"MuiTypography-root MuiTypography-subtitle2 css-1k7msii-MuiTypography-root"[39m
    [33mid[39m=[32m"change-item-915-heading"[39m
  [36m/>[39m

  Name "Change Item 917":
  [36m<h6[39m
    [33mclass[39m=[32m"MuiTypography-root MuiTypography-subtitle2 css-1k7msii-MuiTypography-root"[39m
    [33mid[39m=[32m"change-item-916-heading"[39m
  [36m/>[39m

  Name "Change Item 918":
  [36m<h6[39m
    [33mclass[39m=[32m"MuiTypography-root MuiTypography-subtitle2 css-1k7msii-MuiTypography-root"[39m
    [33mid[39m=[32m"change-item-917-heading"[39m
  [36m/>[39m

  Name "Change Item 919":
  [36m<h6[39m
    [33mclass[39m=[32m"MuiTypography-root MuiTypography-subtitle2 css-1k7msii-MuiTypography-root"[39m
    [33mid[39m=[32m"change-item-918-heading"[39m
  [36m/>[39m

  Name "Change Item 920":
  [36m<h6[39m
    [33mclass[39m=[32m"MuiTypography-root MuiTypography-subtitle2 css-1k7msii-MuiTypography-root"[39m
    [33mid[39m=[32m"change-item-919-heading"[39m
  [36m/>[39m

  Name "Change Item 921":
  [36m<h6[39m
    [33mclass[39m=[32m"MuiTypography-root MuiTypography-subtitle2 css-1k7msii-MuiTypography-root"[39m
    [33mid[39m=[32m"change-item-920-heading"[39m
  [36m/>[39m

  Name "Change Item 922":
  [36m<h6[39m
    [33mclass[39m=[32m"MuiTypography-root MuiTypography-subtitle2 css-1k7msii-MuiTypography-root"[39m
    [33mid[39m=[32m"change-item-921-heading"[39m
  [36m/>[39m

  Name "Change Item 923":
  [36m<h6[39m
    [33mclass[39m=[32m"MuiTypography-root MuiTypography-subtitle2 css-1k7msii-MuiTypography-root"[39m
    [33mid[39m=[32m"change-item-922-heading"[39m
  [36m/>[39m

  Name "Change Item 924":
  [36m<h6[39m
    [33mclass[39m=[32m"MuiTypography-root MuiTypography-subtitle2 css-1k7msii-MuiTypography-root"[39m
    [33mid[39m=[32m"change-item-923-heading"[39m
  [36m/>[39m

  Name "Change Item 925":
  [36m<h6[39m
    [33mclass[39m=[32m"MuiTypography-root MuiTypography-subtitle2 css-1k7msii-MuiTypography-root"[39m
    [33mid[39m=[32m"change-item-924-heading"[39m
  [36m/>[39m

  Name "Change Item 926":
  [36m<h6[39m
    [33mclass[39m=[32m"MuiTypography-root MuiTypography-subtitle2 css-1k7msii-MuiTypography-root"[39m
    [33mid[39m=[32m"change-item-925-heading"[39m
  [36m/>[39m

  Name "Change Item 927":
  [36m<h6[39m
    [33mclass[39m=[32m"MuiTypography-root MuiTypography-subtitle2 css-1k7msii-MuiTypography-root"[39m
    [33mid[39m=[32m"change-item-926-heading"[39m
  [36m/>[39m

  Name "Change Item 928":
  [36m<h6[39m
    [33mclass[39m=[32m"MuiTypography-root MuiTypography-subtitle2 css-1k7msii-MuiTypography-root"[39m
    [33mid[39m=[32m"change-item-927-heading"[39m
  [36m/>[39m

  Name "Change Item 929":
  [36m<h6[39m
    [33mclass[39m=[32m"MuiTypography-root MuiTypography-subtitle2 css-1k7msii-MuiTypography-root"[39m
    [33mid[39m=[32m"change-item-928-heading"[39m
  [36m/>[39m

  Name "Change Item 930":
  [36m<h6[39m
    [33mclass[39m=[32m"MuiTypography-root MuiTypography-subtitle2 css-1k7msii-MuiTypography-root"[39m
    [33mid[39m=[32m"change-item-929-heading"[39m
  [36m/>[39m

  Name "Change Item 931":
  [36m<h6[39m
    [33mclass[39m=[32m"MuiTypography-root MuiTypography-subtitle2 css-1k7msii-MuiTypography-root"[39m
    [33mid[39m=[32m"change-item-930-heading"[39m
  [36m/>[39m

  Name "Change Item 932":
  [36m<h6[39m
    [33mclass[39m=[32m"MuiTypography-root MuiTypography-subtitle2 css-1k7msii-MuiTypography-root"[39m
    [33mid[39m=[32m"change-item-931-heading"[39m
  [36m/>[39m

  Name "Change Item 933":
  [36m<h6[39m
    [33mclass[39m=[32m"MuiTypography-root MuiTypography-subtitle2 css-1k7msii-MuiTypography-root"[39m
    [33mid[39m=[32m"change-item-932-heading"[39m
  [36m/>[39m

  Name "Change Item 934":
  [36m<h6[39m
    [33mclass[39m=[32m"MuiTypography-root MuiTypography-subtitle2 css-1k7msii-MuiTypography-root"[39m
    [33mid[39m=[32m"change-item-933-heading"[39m
  [36m/>[39m

  Name "Change Item 935":
  [36m<h6[39m
    [33mclass[39m=[32m"MuiTypography-root MuiTypography-subtitle2 css-1k7msii-MuiTypography-root"[39m
    [33mid[39m=[32m"change-item-934-heading"[39m
  [36m/>[39m

  Name "Change Item 936":
  [36m<h6[39m
    [33mclass[39m=[32m"MuiTypography-root MuiTypography-subtitle2 css-1k7msii-MuiTypography-root"[39m
    [33mid[39m=[32m"change-item-935-heading"[39m
  [36m/>[39m

  Name "Change Item 937":
  [36m<h6[39m
    [33mclass[39m=[32m"MuiTypography-root MuiTypography-subtitle2 css-1k7msii-MuiTypography-root"[39m
    [33mid[39m=[32m"change-item-936-heading"[39m
  [36m/>[39m

  Name "Change Item 938":
  [36m<h6[39m
    [33mclass[39m=[32m"MuiTypography-root MuiTypography-subtitle2 css-1k7msii-MuiTypography-root"[39m
    [33mid[39m=[32m"change-item-937-heading"[39m
  [36m/>[39m

  Name "Change Item 939":
  [36m<h6[39m
    [33mclass[39m=[32m"MuiTypography-root MuiTypography-subtitle2 css-1k7msii-MuiTypography-root"[39m
    [33mid[39m=[32m"change-item-938-heading"[39m
  [36m/>[39m

  Name "Change Item 940":
  [36m<h6[39m
    [33mclass[39m=[32m"MuiTypography-root MuiTypography-subtitle2 css-1k7msii-MuiTypography-root"[39m
    [33mid[39m=[32m"change-item-939-heading"[39m
  [36m/>[39m

  Name "Change Item 941":
  [36m<h6[39m
    [33mclass[39m=[32m"MuiTypography-root MuiTypography-subtitle2 css-1k7msii-MuiTypography-root"[39m
    [33mid[39m=[32m"change-item-940-heading"[39m
  [36m/>[39m

  Name "Change Item 942":
  [36m<h6[39m
    [33mclass[39m=[32m"MuiTypography-root MuiTypography-subtitle2 css-1k7msii-MuiTypography-root"[39m
    [33mid[39m=[32m"change-item-941-heading"[39m
  [36m/>[39m

  Name "Change Item 943":
  [36m<h6[39m
    [33mclass[39m=[32m"MuiTypography-root MuiTypography-subtitle2 css-1k7msii-MuiTypography-root"[39m
    [33mid[39m=[32m"change-item-942-heading"[39m
  [36m/>[39m

  Name "Change Item 944":
  [36m<h6[39m
    [33mclass[39m=[32m"MuiTypography-root MuiTypography-subtitle2 css-1k7msii-MuiTypography-root"[39m
    [33mid[39m=[32m"change-item-943-heading"[39m
  [36m/>[39m

  Name "Change Item 945":
  [36m<h6[39m
    [33mclass[39m=[32m"MuiTypography-root MuiTypography-subtitle2 css-1k7msii-MuiTypography-root"[39m
    [33mid[39m=[32m"change-item-944-heading"[39m
  [36m/>[39m

  Name "Change Item 946":
  [36m<h6[39m
    [33mclass[39m=[32m"MuiTypography-root MuiTypography-subtitle2 css-1k7msii-MuiTypography-root"[39m
    [33mid[39m=[32m"change-item-945-heading"[39m
  [36m/>[39m

  Name "Change Item 947":
  [36m<h6[39m
    [33mclass[39m=[32m"MuiTypography-root MuiTypography-subtitle2 css-1k7msii-MuiTypography-root"[39m
    [33mid[39m=[32m"change-item-946-heading"[39m
  [36m/>[39m

  Name "Change Item 948":
  [36m<h6[39m
    [33mclass[39m=[32m"MuiTypography-root MuiTypography-subtitle2 css-1k7msii-MuiTypography-root"[39m
    [33mid[39m=[32m"change-item-947-heading"[39m
  [36m/>[39m

  Name "Change Item 949":
  [36m<h6[39m
    [33mclass[39m=[32m"MuiTypography-root MuiTypography-subtitle2 css-1k7msii-MuiTypography-root"[39m
    [33mid[39m=[32m"change-item-948-heading"[39m
  [36m/>[39m

  Name "Change Item 950":
  [36m<h6[39m
    [33mclass[39m=[32m"MuiTypography-root MuiTypography-subtitle2 css-1k7msii-MuiTypography-root"[39m
    [33mid[39m=[32m"change-item-949-heading"[39m
  [36m/>[39m

  Name "Change Item 951":
  [36m<h6[39m
    [33mclass[39m=[32m"MuiTypography-root MuiTypography-subtitle2 css-1k7msii-MuiTypography-root"[39m
    [33mid[39m=[32m"change-item-950-heading"[39m
  [36m/>[39m

  Name "Change Item 952":
  [36m<h6[39m
    [33mclass[39m=[32m"MuiTypography-root MuiTypography-subtitle2 css-1k7msii-MuiTypography-root"[39m
    [33mid[39m=[32m"change-item-951-heading"[39m
  [36m/>[39m

  Name "Change Item 953":
  [36m<h6[39m
    [33mclass[39m=[32m"MuiTypography-root MuiTypography-subtitle2 css-1k7msii-MuiTypography-root"[39m
    [33mid[39m=[32m"change-item-952-heading"[39m
  [36m/>[39m

  Name "Change Item 954":
  [36m<h6[39m
    [33mclass[39m=[32m"MuiTypography-root MuiTypography-subtitle2 css-1k7msii-MuiTypography-root"[39m
    [33mid[39m=[32m"change-item-953-heading"[39m
  [36m/>[39m

  Name "Change Item 955":
  [36m<h6[39m
    [33mclass[39m=[32m"MuiTypography-root MuiTypography-subtitle2 css-1k7msii-MuiTypography-root"[39m
    [33mid[39m=[32m"change-item-954-heading"[39m
  [36m/>[39m

  Name "Change Item 956":
  [36m<h6[39m
    [33mclass[39m=[32m"MuiTypography-root MuiTypography-subtitle2 css-1k7msii-MuiTypography-root"[39m
    [33mid[39m=[32m"change-item-955-heading"[39m
  [36m/>[39m

  Name "Change Item 957":
  [36m<h6[39m
    [33mclass[39m=[32m"MuiTypography-root MuiTypography-subtitle2 css-1k7msii-MuiTypography-root"[39m
    [33mid[39m=[32m"change-item-956-heading"[39m
  [36m/>[39m

  Name "Change Item 958":
  [36m<h6[39m
    [33mclass[39m=[32m"MuiTypography-root MuiTypography-subtitle2 css-1k7msii-MuiTypography-root"[39m
    [33mid[39m=[32m"change-item-957-heading"[39m
  [36m/>[39m

  Name "Change Item 959":
  [36m<h6[39m
    [33mclass[39m=[32m"MuiTypography-root MuiTypography-subtitle2 css-1k7msii-MuiTypography-root"[39m
    [33mid[39m=[32m"change-item-958-heading"[39m
  [36m/>[39m

  Name "Change Item 960":
  [36m<h6[39m
    [33mclass[39m=[32m"MuiTypography-root MuiTypography-subtitle2 css-1k7msii-MuiTypography-root"[39m
    [33mid[39m=[32m"change-item-959-heading"[39m
  [36m/>[39m

  Name "Change Item 961":
  [36m<h6[39m
    [33mclass[39m=[32m"MuiTypography-root MuiTypography-subtitle2 css-1k7msii-MuiTypography-root"[39m
    [33mid[39m=[32m"change-item-960-heading"[39m
  [36m/>[39m

  Name "Change Item 962":
  [36m<h6[39m
    [33mclass[39m=[32m"MuiTypography-root MuiTypography-subtitle2 css-1k7msii-MuiTypography-root"[39m
    [33mid[39m=[32m"change-item-961-heading"[39m
  [36m/>[39m

  Name "Change Item 963":
  [36m<h6[39m
    [33mclass[39m=[32m"MuiTypography-root MuiTypography-subtitle2 css-1k7msii-MuiTypography-root"[39m
    [33mid[39m=[32m"change-item-962-heading"[39m
  [36m/>[39m

  Name "Change Item 964":
  [36m<h6[39m
    [33mclass[39m=[32m"MuiTypography-root MuiTypography-subtitle2 css-1k7msii-MuiTypography-root"[39m
    [33mid[39m=[32m"change-item-963-heading"[39m
  [36m/>[39m

  Name "Change Item 965":
  [36m<h6[39m
    [33mclass[39m=[32m"MuiTypography-root MuiTypography-subtitle2 css-1k7msii-MuiTypography-root"[39m
    [33mid[39m=[32m"change-item-964-heading"[39m
  [36m/>[39m

  Name "Change Item 966":
  [36m<h6[39m
    [33mclass[39m=[32m"MuiTypography-root MuiTypography-subtitle2 css-1k7msii-MuiTypography-root"[39m
    [33mid[39m=[32m"change-item-965-heading"[39m
  [36m/>[39m

  Name "Change Item 967":
  [36m<h6[39m
    [33mclass[39m=[32m"MuiTypography-root MuiTypography-subtitle2 css-1k7msii-MuiTypography-root"[39m
    [33mid[39m=[32m"change-item-966-heading"[39m
  [36m/>[39m

  Name "Change Item 968":
  [36m<h6[39m
    [33mclass[39m=[32m"MuiTypography-root MuiTypography-subtitle2 css-1k7msii-MuiTypography-root"[39m
    [33mid[39m=[32m"change-item-967-heading"[39m
  [36m/>[39m

  Name "Change Item 969":
  [36m<h6[39m
    [33mclass[39m=[32m"MuiTypography-root MuiTypography-subtitle2 css-1k7msii-MuiTypography-root"[39m
    [33mid[39m=[32m"change-item-968-heading"[39m
  [36m/>[39m

  Name "Change Item 970":
  [36m<h6[39m
    [33mclass[39m=[32m"MuiTypography-root MuiTypography-subtitle2 css-1k7msii-MuiTypography-root"[39m
    [33mid[39m=[32m"change-item-969-heading"[39m
  [36m/>[39m

  Name "Change Item 971":
  [36m<h6[39m
    [33mclass[39m=[32m"MuiTypography-root MuiTypography-subtitle2 css-1k7msii-MuiTypography-root"[39m
    [33mid[39m=[32m"change-item-970-heading"[39m
  [36m/>[39m

  Name "Change Item 972":
  [36m<h6[39m
    [33mclass[39m=[32m"MuiTypography-root MuiTypography-subtitle2 css-1k7msii-MuiTypography-root"[39m
    [33mid[39m=[32m"change-item-971-heading"[39m
  [36m/>[39m

  Name "Change Item 973":
  [36m<h6[39m
    [33mclass[39m=[32m"MuiTypography-root MuiTypography-subtitle2 css-1k7msii-MuiTypography-root"[39m
    [33mid[39m=[32m"change-item-972-heading"[39m
  [36m/>[39m

  Name "Change Item 974":
  [36m<h6[39m
    [33mclass[39m=[32m"MuiTypography-root MuiTypography-subtitle2 css-1k7msii-MuiTypography-root"[39m
    [33mid[39m=[32m"change-item-973-heading"[39m
  [36m/>[39m

  Name "Change Item 975":
  [36m<h6[39m
    [33mclass[39m=[32m"MuiTypography-root MuiTypography-subtitle2 css-1k7msii-MuiTypography-root"[39m
    [33mid[39m=[32m"change-item-974-heading"[39m
  [36m/>[39m

  Name "Change Item 976":
  [36m<h6[39m
    [33mclass[39m=[32m"MuiTypography-root MuiTypography-subtitle2 css-1k7msii-MuiTypography-root"[39m
    [33mid[39m=[32m"change-item-975-heading"[39m
  [36m/>[39m

  Name "Change Item 977":
  [36m<h6[39m
    [33mclass[39m=[32m"MuiTypography-root MuiTypography-subtitle2 css-1k7msii-MuiTypography-root"[39m
    [33mid[39m=[32m"change-item-976-heading"[39m
  [36m/>[39m

  Name "Change Item 978":
  [36m<h6[39m
    [33mclass[39m=[32m"MuiTypography-root MuiTypography-subtitle2 css-1k7msii-MuiTypography-root"[39m
    [33mid[39m=[32m"change-item-977-heading"[39m
  [36m/>[39m

  Name "Change Item 979":
  [36m<h6[39m
    [33mclass[39m=[32m"MuiTypography-root MuiTypography-subtitle2 css-1k7msii-MuiTypography-root"[39m
    [33mid[39m=[32m"change-item-978-heading"[39m
  [36m/>[39m

  Name "Change Item 980":
  [36m<h6[39m
    [33mclass[39m=[32m"MuiTypography-root MuiTypography-subtitle2 css-1k7msii-MuiTypography-root"[39m
    [33mid[39m=[32m"change-item-979-heading"[39m
  [36m/>[39m

  Name "Change Item 981":
  [36m<h6[39m
    [33mclass[39m=[32m"MuiTypography-root MuiTypography-subtitle2 css-1k7msii-MuiTypography-root"[39m
    [33mid[39m=[32m"change-item-980-heading"[39m
  [36m/>[39m

  Name "Change Item 982":
  [36m<h6[39m
    [33mclass[39m=[32m"MuiTypography-root MuiTypography-subtitle2 css-1k7msii-MuiTypography-root"[39m
    [33mid[39m=[32m"change-item-981-heading"[39m
  [36m/>[39m

  Name "Change Item 983":
  [36m<h6[39m
    [33mclass[39m=[32m"MuiTypography-root MuiTypography-subtitle2 css-1k7msii-MuiTypography-root"[39m
    [33mid[39m=[32m"change-item-982-heading"[39m
  [36m/>[39m

  Name "Change Item 984":
  [36m<h6[39m
    [33mclass[39m=[32m"MuiTypography-root MuiTypography-subtitle2 css-1k7msii-MuiTypography-root"[39m
    [33mid[39m=[32m"change-item-983-heading"[39m
  [36m/>[39m

  Name "Change Item 985":
  [36m<h6[39m
    [33mclass[39m=[32m"MuiTypography-root MuiTypography-subtitle2 css-1k7msii-MuiTypography-root"[39m
    [33mid[39m=[32m"change-item-984-heading"[39m
  [36m/>[39m

  Name "Change Item 986":
  [36m<h6[39m
    [33mclass[39m=[32m"MuiTypography-root MuiTypography-subtitle2 css-1k7msii-MuiTypography-root"[39m
    [33mid[39m=[32m"change-item-985-heading"[39m
  [36m/>[39m

  Name "Change Item 987":
  [36m<h6[39m
    [33mclass[39m=[32m"MuiTypography-root MuiTypography-subtitle2 css-1k7msii-MuiTypography-root"[39m
    [33mid[39m=[32m"change-item-986-heading"[39m
  [36m/>[39m

  Name "Change Item 988":
  [36m<h6[39m
    [33mclass[39m=[32m"MuiTypography-root MuiTypography-subtitle2 css-1k7msii-MuiTypography-root"[39m
    [33mid[39m=[32m"change-item-987-heading"[39m
  [36m/>[39m

  Name "Change Item 989":
  [36m<h6[39m
    [33mclass[39m=[32m"MuiTypography-root MuiTypography-subtitle2 css-1k7msii-MuiTypography-root"[39m
    [33mid[39m=[32m"change-item-988-heading"[39m
  [36m/>[39m

  Name "Change Item 990":
  [36m<h6[39m
    [33mclass[39m=[32m"MuiTypography-root MuiTypography-subtitle2 css-1k7msii-MuiTypography-root"[39m
    [33mid[39m=[32m"change-item-989-heading"[39m
  [36m/>[39m

  Name "Change Item 991":
  [36m<h6[39m
    [33mclass[39m=[32m"MuiTypography-root MuiTypography-subtitle2 css-1k7msii-MuiTypography-root"[39m
    [33mid[39m=[32m"change-item-990-heading"[39m
  [36m/>[39m

  Name "Change Item 992":
  [36m<h6[39m
    [33mclass[39m=[32m"MuiTypography-root MuiTypography-subtitle2 css-1k7msii-MuiTypography-root"[39m
    [33mid[39m=[32m"change-item-991-heading"[39m
  [36m/>[39m

  Name "Change Item 993":
  [36m<h6[39m
    [33mclass[39m=[32m"MuiTypography-root MuiTypography-subtitle2 css-1k7msii-MuiTypography-root"[39m
    [33mid[39m=[32m"change-item-992-heading"[39m
  [36m/>[39m

  Name "Change Item 994":
  [36m<h6[39m
    [33mclass[39m=[32m"MuiTypography-root MuiTypography-subtitle2 css-1k7msii-MuiTypography-root"[39m
    [33mid[39m=[32m"change-item-993-heading"[39m
  [36m/>[39m

  Name "Change Item 995":
  [36m<h6[39m
    [33mclass[39m=[32m"MuiTypography-root MuiTypography-subtitle2 css-1k7msii-MuiTypography-root"[39m
    [33mid[39m=[32m"change-item-994-heading"[39m
  [36m/>[39m

  Name "Change Item 996":
  [36m<h6[39m
    [33mclass[39m=[32m"MuiTypography-root MuiTypography-subtitle2 css-1k7msii-MuiTypography-root"[39m
    [33mid[39m=[32m"change-item-995-heading"[39m
  [36m/>[39m

  Name "Change Item 997":
  [36m<h6[39m
    [33mclass[39m=[32m"MuiTypography-root MuiTypography-subtitle2 css-1k7msii-MuiTypography-root"[39m
    [33mid[39m=[32m"change-item-996-heading"[39m
  [36m/>[39m

  Name "Change Item 998":
  [36m<h6[39m
    [33mclass[39m=[32m"MuiTypography-root MuiTypography-subtitle2 css-1k7msii-MuiTypography-root"[39m
    [33mid[39m=[32m"change-item-997-heading"[39m
  [36m/>[39m

  Name "Change Item 999":
  [36m<h6[39m
    [33mclass[39m=[32m"MuiTypography-root MuiTypography-subtitle2 css-1k7msii-MuiTypography-root"[39m
    [33mid[39m=[32m"change-item-998-heading"[39m
  [36m/>[39m

  --------------------------------------------------
  paragraph:

  Name "":
  [36m<p[39m
    [33mclass[39m=[32m"MuiTypography-root MuiTypography-body2 css-956xpl-MuiTypography-root"[39m
  [36m/>[39m

  Name "":
  [36m<p[39m
    [33mclass[39m=[32m"MuiFormHelperText-root MuiFormHelperText-sizeMedium MuiFormHelperText-contained MuiFormHelperText-filled Mui-required css-er619e-MuiFormHelperText-root"[39m
    [33mid[39m=[32m"_r_6c_-helper-text"[39m
  [36m/>[39m

  Name "":
  [36m<p[39m
    [33mclass[39m=[32m"MuiFormHelperText-root MuiFormHelperText-sizeMedium MuiFormHelperText-contained MuiFormHelperText-filled Mui-required css-er619e-MuiFormHelperText-root"[39m
    [33mid[39m=[32m"_r_6d_-helper-text"[39m
  [36m/>[39m

  Name "":
  [36m<p[39m
    [33mclass[39m=[32m"MuiFormHelperText-root MuiFormHelperText-sizeMedium MuiFormHelperText-contained MuiFormHelperText-filled Mui-required css-er619e-MuiFormHelperText-root"[39m
    [33mid[39m=[32m"_r_6f_-helper-text"[39m
  [36m/>[39m

  Name "":
  [36m<p[39m
    [33mclass[39m=[32m"MuiFormHelperText-root MuiFormHelperText-sizeMedium MuiFormHelperText-contained MuiFormHelperText-filled Mui-required css-er619e-MuiFormHelperText-root"[39m
    [33mid[39m=[32m"_r_6g_-helper-text"[39m
  [36m/>[39m

  Name "":
  [36m<p[39m
    [33mclass[39m=[32m"MuiFormHelperText-root MuiFormHelperText-sizeMedium MuiFormHelperText-contained MuiFormHelperText-filled Mui-required css-er619e-MuiFormHelperText-root"[39m
    [33mid[39m=[32m"_r_6i_-helper-text"[39m
  [36m/>[39m

  Name "":
  [36m<p[39m
    [33mclass[39m=[32m"MuiFormHelperText-root MuiFormHelperText-sizeMedium MuiFormHelperText-contained MuiFormHelperText-filled Mui-required css-er619e-MuiFormHelperText-root"[39m
    [33mid[39m=[32m"_r_6j_-helper-text"[39m
  [36m/>[39m

  Name "":
  [36m<p[39m
    [33mclass[39m=[32m"MuiFormHelperText-root MuiFormHelperText-sizeMedium MuiFormHelperText-contained MuiFormHelperText-filled Mui-required css-er619e-MuiFormHelperText-root"[39m
    [33mid[39m=[32m"_r_6l_-helper-text"[39m
  [36m/>[39m

  Name "":
  [36m<p[39m
    [33mclass[39m=[32m"MuiFormHelperText-root MuiFormHelperText-sizeMedium MuiFormHelperText-contained MuiFormHelperText-filled Mui-required css-er619e-MuiFormHelperText-root"[39m
    [33mid[39m=[32m"_r_6m_-helper-text"[39m
  [36m/>[39m

  Name "":
  [36m<p[39m
    [33mclass[39m=[32m"MuiFormHelperText-root MuiFormHelperText-sizeMedium MuiFormHelperText-contained MuiFormHelperText-filled Mui-required css-er619e-MuiFormHelperText-root"[39m
    [33mid[39m=[32m"_r_6o_-helper-text"[39m
  [36m/>[39m

  Name "":
  [36m<p[39m
    [33mclass[39m=[32m"MuiFormHelperText-root MuiFormHelperText-sizeMedium MuiFormHelperText-contained MuiFormHelperText-filled Mui-required css-er619e-MuiFormHelperText-root"[39m
    [33mid[39m=[32m"_r_6p_-helper-text"[39m
  [36m/>[39m

  Name "":
  [36m<p[39m
    [33mclass[39m=[32m"MuiFormHelperText-root MuiFormHelperText-sizeMedium MuiFormHelperText-contained MuiFormHelperText-filled Mui-required css-er619e-MuiFormHelperText-root"[39m
    [33mid[39m=[32m"_r_6r_-helper-text"[39m
  [36m/>[39m

  Name "":
  [36m<p[39m
    [33mclass[39m=[32m"MuiFormHelperText-root MuiFormHelperText-sizeMedium MuiFormHelperText-contained MuiFormHelperText-filled Mui-required css-er619e-MuiFormHelperText-root"[39m
    [33mid[39m=[32m"_r_6s_-helper-text"[39m
  [36m/>[39m

  Name "":
  [36m<p[39m
    [33mclass[39m=[32m"MuiFormHelperText-root MuiFormHelperText-sizeMedium MuiFormHelperText-contained MuiFormHelperText-filled Mui-required css-er619e-MuiFormHelperText-root"[39m
    [33mid[39m=[32m"_r_6u_-helper-text"[39m
  [36m/>[39m

  Name "":
  [36m<p[39m
    [33mclass[39m=[32m"MuiFormHelperText-root MuiFormHelperText-sizeMedium MuiFormHelperText-contained MuiFormHelperText-filled Mui-required css-er619e-MuiFormHelperText-root"[39m
    [33mid[39m=[32m"_r_6v_-helper-text"[39m
  [36m/>[39m

  Name "":
  [36m<p[39m
    [33mclass[39m=[32m"MuiFormHelperText-root MuiFormHelperText-sizeMedium MuiFormHelperText-contained MuiFormHelperText-filled Mui-required css-er619e-MuiFormHelperText-root"[39m
    [33mid[39m=[32m"_r_71_-helper-text"[39m
  [36m/>[39m

  Name "":
  [36m<p[39m
    [33mclass[39m=[32m"MuiFormHelperText-root MuiFormHelperText-sizeMedium MuiFormHelperText-contained MuiFormHelperText-filled Mui-required css-er619e-MuiFormHelperText-root"[39m
    [33mid[39m=[32m"_r_72_-helper-text"[39m
  [36m/>[39m

  Name "":
  [36m<p[39m
    [33mclass[39m=[32m"MuiFormHelperText-root MuiFormHelperText-sizeMedium MuiFormHelperText-contained MuiFormHelperText-filled Mui-required css-er619e-MuiFormHelperText-root"[39m
    [33mid[39m=[32m"_r_74_-helper-text"[39m
  [36m/>[39m

  Name "":
  [36m<p[39m
    [33mclass[39m=[32m"MuiFormHelperText-root MuiFormHelperText-sizeMedium MuiFormHelperText-contained MuiFormHelperText-filled Mui-required css-er619e-MuiFormHelperText-root"[39m
    [33mid[39m=[32m"_r_75_-helper-text"[39m
  [36m/>[39m

  Name "":
  [36m<p[39m
    [33mclass[39m=[32m"MuiFormHelperText-root MuiFormHelperText-sizeMedium MuiFormHelperText-contained MuiFormHelperText-filled Mui-required css-er619e-MuiFormHelperText-root"[39m
    [33mid[39m=[32m"_r_77_-helper-text"[39m
  [36m/>[39m

  Name "":
  [36m<p[39m
    [33mclass[39m=[32m"MuiFormHelperText-root MuiFormHelperText-sizeMedium MuiFormHelperText-contained MuiFormHelperText-filled Mui-required css-er619e-MuiFormHelperText-root"[39m
    [33mid[39m=[32m"_r_78_-helper-text"[39m
  [36m/>[39m

  Name "":
  [36m<p[39m
    [33mclass[39m=[32m"MuiFormHelperText-root MuiFormHelperText-sizeMedium MuiFormHelperText-contained MuiFormHelperText-filled Mui-required css-er619e-MuiFormHelperText-root"[39m
    [33mid[39m=[32m"_r_7a_-helper-text"[39m
  [36m/>[39m

  Name "":
  [36m<p[39m
    [33mclass[39m=[32m"MuiFormHelperText-root MuiFormHelperText-sizeMedium MuiFormHelperText-contained MuiFormHelperText-filled Mui-required css-er619e-MuiFormHelperText-root"[39m
    [33mid[39m=[32m"_r_7b_-helper-text"[39m
  [36m/>[39m

  Name "":
  [36m<p[39m
    [33mclass[39m=[32m"MuiFormHelperText-root MuiFormHelperText-sizeMedium MuiFormHelperText-contained MuiFormHelperText-filled Mui-required css-er619e-MuiFormHelperText-root"[39m
    [33mid[39m=[32m"_r_7d_-helper-text"[39m
  [36m/>[39m

  Name "":
  [36m<p[39m
    [33mclass[39m=[32m"MuiFormHelperText-root MuiFormHelperText-sizeMedium MuiFormHelperText-contained MuiFormHelperText-filled Mui-required css-er619e-MuiFormHelperText-root"[39m
    [33mid[39m=[32m"_r_7e_-helper-text"[39m
  [36m/>[39m

  Name "":
  [36m<p[39m
    [33mclass[39m=[32m"MuiFormHelperText-root MuiFormHelperText-sizeMedium MuiFormHelperText-contained MuiFormHelperText-filled Mui-required css-er619e-MuiFormHelperText-root"[39m
    [33mid[39m=[32m"_r_7g_-helper-text"[39m
  [36m/>[39m

  Name "":
  [36m<p[39m
    [33mclass[39m=[32m"MuiFormHelperText-root MuiFormHelperText-sizeMedium MuiFormHelperText-contained MuiFormHelperText-filled Mui-required css-er619e-MuiFormHelperText-root"[39m
    [33mid[39m=[32m"_r_7h_-helper-text"[39m
  [36m/>[39m

  Name "":
  [36m<p[39m
    [33mclass[39m=[32m"MuiFormHelperText-root MuiFormHelperText-sizeMedium MuiFormHelperText-contained MuiFormHelperText-filled Mui-required css-er619e-MuiFormHelperText-root"[39m
    [33mid[39m=[32m"_r_7j_-helper-text"[39m
  [36m/>[39m

  Name "":
  [36m<p[39m
    [33mclass[39m=[32m"MuiFormHelperText-root MuiFormHelperText-sizeMedium MuiFormHelperText-contained MuiFormHelperText-filled Mui-required css-er619e-MuiFormHelperText-root"[39m
    [33mid[39m=[32m"_r_7k_-helper-text"[39m
  [36m/>[39m

  Name "":
  [36m<p[39m
    [33mclass[39m=[32m"MuiFormHelperText-root MuiFormHelperText-sizeMedium MuiFormHelperText-contained MuiFormHelperText-filled Mui-required css-er619e-MuiFormHelperText-root"[39m
    [33mid[39m=[32m"_r_7m_-helper-text"[39m
  [36m/>[39m

  Name "":
  [36m<p[39m
    [33mclass[39m=[32m"MuiFormHelperText-root MuiFormHelperText-sizeMedium MuiFormHelperText-contained MuiFormHelperText-filled Mui-required css-er619e-MuiFormHelperText-root"[39m
    [33mid[39m=[32m"_r_7n_-helper-text"[39m
  [36m/>[39m

  Name "":
  [36m<p[39m
    [33mclass[39m=[32m"MuiFormHelperText-root MuiFormHelperText-sizeMedium MuiFormHelperText-contained MuiFormHelperText-filled Mui-required css-er619e-MuiFormHelperText-root"[39m
    [33mid[39m=[32m"_r_7p_-helper-text"[39m
  [36m/>[39m

  Name "":
  [36m<p[39m
    [33mclass[39m=[32m"MuiFormHelperText-root MuiFormHelperText-sizeMedium MuiFormHelperText-contained MuiFormHelperText-filled Mui-required css-er619e-MuiFormHelperText-root"[39m
    [33mid[39m=[32m"_r_7q_-helper-text"[39m
  [36m/>[39m

  Name "":
  [36m<p[39m
    [33mclass[39m=[32m"MuiFormHelperText-root MuiFormHelperText-sizeMedium MuiFormHelperText-contained MuiFormHelperText-filled Mui-required css-er619e-MuiFormHelperText-root"[39m
    [33mid[39m=[32m"_r_7s_-helper-text"[39m
  [36m/>[39m

  Name "":
  [36m<p[39m
    [33mclass[39m=[32m"MuiFormHelperText-root MuiFormHelperText-sizeMedium MuiFormHelperText-contained MuiFormHelperText-filled Mui-required css-er619e-MuiFormHelperText-root"[39m
    [33mid[39m=[32m"_r_7t_-helper-text"[39m
  [36m/>[39m

  Name "":
  [36m<p[39m
    [33mclass[39m=[32m"MuiFormHelperText-root MuiFormHelperText-sizeMedium MuiFormHelperText-contained MuiFormHelperText-filled Mui-required css-er619e-MuiFormHelperText-root"[39m
    [33mid[39m=[32m"_r_7v_-helper-text"[39m
  [36m/>[39m

  Name "":
  [36m<p[39m
    [33mclass[39m=[32m"MuiFormHelperText-root MuiFormHelperText-sizeMedium MuiFormHelperText-contained MuiFormHelperText-filled Mui-required css-er619e-MuiFormHelperText-root"[39m
    [33mid[39m=[32m"_r_80_-helper-text"[39m
  [36m/>[39m

  Name "":
  [36m<p[39m
    [33mclass[39m=[32m"MuiFormHelperText-root MuiFormHelperText-sizeMedium MuiFormHelperText-contained MuiFormHelperText-filled Mui-required css-er619e-MuiFormHelperText-root"[39m
    [33mid[39m=[32m"_r_82_-helper-text"[39m
  [36m/>[39m

  Name "":
  [36m<p[39m
    [33mclass[39m=[32m"MuiFormHelperText-root MuiFormHelperText-sizeMedium MuiFormHelperText-contained MuiFormHelperText-filled Mui-required css-er619e-MuiFormHelperText-root"[39m
    [33mid[39m=[32m"_r_83_-helper-text"[39m
  [36m/>[39m

  Name "":
  [36m<p[39m
    [33mclass[39m=[32m"MuiFormHelperText-root MuiFormHelperText-sizeMedium MuiFormHelperText-contained MuiFormHelperText-filled Mui-required css-er619e-MuiFormHelperText-root"[39m
    [33mid[39m=[32m"_r_85_-helper-text"[39m
  [36m/>[39m

  Name "":
  [36m<p[39m
    [33mclass[39m=[32m"MuiFormHelperText-root MuiFormHelperText-sizeMedium MuiFormHelperText-contained MuiFormHelperText-filled Mui-required css-er619e-MuiFormHelperText-root"[39m
    [33mid[39m=[32m"_r_86_-helper-text"[39m
  [36m/>[39m

  Name "":
  [36m<p[39m
    [33mclass[39m=[32m"MuiFormHelperText-root MuiFormHelperText-sizeMedium MuiFormHelperText-contained MuiFormHelperText-filled Mui-required css-er619e-MuiFormHelperText-root"[39m
    [33mid[39m=[32m"_r_88_-helper-text"[39m
  [36m/>[39m

  Name "":
  [36m<p[39m
    [33mclass[39m=[32m"MuiFormHelperText-root MuiFormHelperText-sizeMedium MuiFormHelperText-contained MuiFormHelperText-filled Mui-required css-er619e-MuiFormHelperText-root"[39m
    [33mid[39m=[32m"_r_89_-helper-text"[39m
  [36m/>[39m

  Name "":
  [36m<p[39m
    [33mclass[39m=[32m"MuiFormHelperText-root MuiFormHelperText-sizeMedium MuiFormHelperText-contained MuiFormHelperText-filled Mui-required css-er619e-MuiFormHelperText-root"[39m
    [33mid[39m=[32m"_r_8b_-helper-text"[39m
  [36m/>[39m

  Name "":
  [36m<p[39m
    [33mclass[39m=[32m"MuiFormHelperText-root MuiFormHelperText-sizeMedium MuiFormHelperText-contained MuiFormHelperText-filled Mui-required css-er619e-MuiFormHelperText-root"[39m
    [33mid[39m=[32m"_r_8c_-helper-text"[39m
  [36m/>[39m

  Name "":
  [36m<p[39m
    [33mclass[39m=[32m"MuiFormHelperText-root MuiFormHelperText-sizeMedium MuiFormHelperText-contained MuiFormHelperText-filled Mui-required css-er619e-MuiFormHelperText-root"[39m
    [33mid[39m=[32m"_r_8e_-helper-text"[39m
  [36m/>[39m

  Name "":
  [36m<p[39m
    [33mclass[39m=[32m"MuiFormHelperText-root MuiFormHelperText-sizeMedium MuiFormHelperText-contained MuiFormHelperText-filled Mui-required css-er619e-MuiFormHelperText-root"[39m
    [33mid[39m=[32m"_r_8f_-helper-text"[39m
  [36m/>[39m

  Name "":
  [36m<p[39m
    [33mclass[39m=[32m"MuiFormHelperText-root MuiFormHelperText-sizeMedium MuiFormHelperText-contained MuiFormHelperText-filled Mui-required css-er619e-MuiFormHelperText-root"[39m
    [33mid[39m=[32m"_r_8h_-helper-text"[39m
  [36m/>[39m

  Name "":
  [36m<p[39m
    [33mclass[39m=[32m"MuiFormHelperText-root MuiFormHelperText-sizeMedium MuiFormHelperText-contained MuiFormHelperText-filled Mui-required css-er619e-MuiFormHelperText-root"[39m
    [33mid[39m=[32m"_r_8i_-helper-text"[39m
  [36m/>[39m

  Name "":
  [36m<p[39m
    [33mclass[39m=[32m"MuiFormHelperText-root MuiFormHelperText-sizeMedium MuiFormHelperText-contained MuiFormHelperText-filled Mui-required css-er619e-MuiFormHelperText-root"[39m
    [33mid[39m=[32m"_r_8k_-helper-text"[39m
  [36m/>[39m

  Name "":
  [36m<p[39m
    [33mclass[39m=[32m"MuiFormHelperText-root MuiFormHelperText-sizeMedium MuiFormHelperText-contained MuiFormHelperText-filled Mui-required css-er619e-MuiFormHelperText-root"[39m
    [33mid[39m=[32m"_r_8l_-helper-text"[39m
  [36m/>[39m

  Name "":
  [36m<p[39m
    [33mclass[39m=[32m"MuiFormHelperText-root MuiFormHelperText-sizeMedium MuiFormHelperText-contained MuiFormHelperText-filled Mui-required css-er619e-MuiFormHelperText-root"[39m
    [33mid[39m=[32m"_r_8n_-helper-text"[39m
  [36m/>[39m

  Name "":
  [36m<p[39m
    [33mclass[39m=[32m"MuiFormHelperText-root MuiFormHelperText-sizeMedium MuiFormHelperText-contained MuiFormHelperText-filled Mui-required css-er619e-MuiFormHelperText-root"[39m
    [33mid[39m=[32m"_r_8o_-helper-text"[39m
  [36m/>[39m

  Name "":
  [36m<p[39m
    [33mclass[39m=[32m"MuiFormHelperText-root MuiFormHelperText-sizeMedium MuiFormHelperText-contained MuiFormHelperText-filled Mui-required css-er619e-MuiFormHelperText-root"[39m
    [33mid[39m=[32m"_r_8q_-helper-text"[39m
  [36m/>[39m

  Name "":
  [36m<p[39m
    [33mclass[39m=[32m"MuiFormHelperText-root MuiFormHelperText-sizeMedium MuiFormHelperText-contained MuiFormHelperText-filled Mui-required css-er619e-MuiFormHelperText-root"[39m
    [33mid[39m=[32m"_r_8r_-helper-text"[39m
  [36m/>[39m

  Name "":
  [36m<p[39m
    [33mclass[39m=[32m"MuiFormHelperText-root MuiFormHelperText-sizeMedium MuiFormHelperText-contained MuiFormHelperText-filled Mui-required css-er619e-MuiFormHelperText-root"[39m
    [33mid[39m=[32m"_r_8t_-helper-text"[39m
  [36m/>[39m

  Name "":
  [36m<p[39m
    [33mclass[39m=[32m"MuiFormHelperText-root MuiFormHelperText-sizeMedium MuiFormHelperText-contained MuiFormHelperText-filled Mui-required css-er619e-MuiFormHelperText-root"[39m
    [33mid[39m=[32m"_r_8u_-helper-text"[39m
  [36m/>[39m

  Name "":
  [36m<p[39m
    [33mclass[39m=[32m"MuiFormHelperText-root MuiFormHelperText-sizeMedium MuiFormHelperText-contained MuiFormHelperText-filled Mui-required css-er619e-MuiFormHelperText-root"[39m
    [33mid[39m=[32m"_r_90_-helper-text"[39m
  [36m/>[39m

  Name "":
  [36m<p[39m
    [33mclass[39m=[32m"MuiFormHelperText-root MuiFormHelperText-sizeMedium MuiFormHelperText-contained MuiFormHelperText-filled Mui-required css-er619e-MuiFormHelperText-root"[39m
    [33mid[39m=[32m"_r_91_-helper-text"[39m
  [36m/>[39m

  Name "":
  [36m<p[39m
    [33mclass[39m=[32m"MuiFormHelperText-root MuiFormHelperText-sizeMedium MuiFormHelperText-contained MuiFormHelperText-filled Mui-required css-er619e-MuiFormHelperText-root"[39m
    [33mid[39m=[32m"_r_93_-helper-text"[39m
  [36m/>[39m

  Name "":
  [36m<p[39m
    [33mclass[39m=[32m"MuiFormHelperText-root MuiFormHelperText-sizeMedium MuiFormHelperText-contained MuiFormHelperText-filled Mui-required css-er619e-MuiFormHelperText-root"[39m
    [33mid[39m=[32m"_r_94_-helper-text"[39m
  [36m/>[39m

  Name "":
  [36m<p[39m
    [33mclass[39m=[32m"MuiFormHelperText-root MuiFormHelperText-sizeMedium MuiFormHelperText-contained MuiFormHelperText-filled Mui-required css-er619e-MuiFormHelperText-root"[39m
    [33mid[39m=[32m"_r_96_-helper-text"[39m
  [36m/>[39m

  Name "":
  [36m<p[39m
    [33mclass[39m=[32m"MuiFormHelperText-root MuiFormHelperText-sizeMedium MuiFormHelperText-contained MuiFormHelperText-filled Mui-required css-er619e-MuiFormHelperText-root"[39m
    [33mid[39m=[32m"_r_97_-helper-text"[39m
  [36m/>[39m

  Name "":
  [36m<p[39m
    [33mclass[39m=[32m"MuiFormHelperText-root MuiFormHelperText-sizeMedium MuiFormHelperText-contained MuiFormHelperText-filled Mui-required css-er619e-MuiFormHelperText-root"[39m
    [33mid[39m=[32m"_r_99_-helper-text"[39m
  [36m/>[39m

  Name "":
  [36m<p[39m
    [33mclass[39m=[32m"MuiFormHelperText-root MuiFormHelperText-sizeMedium MuiFormHelperText-contained MuiFormHelperText-filled Mui-required css-er619e-MuiFormHelperText-root"[39m
    [33mid[39m=[32m"_r_9a_-helper-text"[39m
  [36m/>[39m

  Name "":
  [36m<p[39m
    [33mclass[39m=[32m"MuiFormHelperText-root MuiFormHelperText-sizeMedium MuiFormHelperText-contained MuiFormHelperText-filled Mui-required css-er619e-MuiFormHelperText-root"[39m
    [33mid[39m=[32m"_r_9c_-helper-text"[39m
  [36m/>[39m

  Name "":
  [36m<p[39m
    [33mclass[39m=[32m"MuiFormHelperText-root MuiFormHelperText-sizeMedium MuiFormHelperText-contained MuiFormHelperText-filled Mui-required css-er619e-MuiFormHelperText-root"[39m
    [33mid[39m=[32m"_r_9d_-helper-text"[39m
  [36m/>[39m

  Name "":
  [36m<p[39m
    [33mclass[39m=[32m"MuiFormHelperText-root MuiFormHelperText-sizeMedium MuiFormHelperText-contained MuiFormHelperText-filled Mui-required css-er619e-MuiFormHelperText-root"[39m
    [33mid[39m=[32m"_r_9f_-helper-text"[39m
  [36m/>[39m

  Name "":
  [36m<p[39m
    [33mclass[39m=[32m"MuiFormHelperText-root MuiFormHelperText-sizeMedium MuiFormHelperText-contained MuiFormHelperText-filled Mui-required css-er619e-MuiFormHelperText-root"[39m
    [33mid[39m=[32m"_r_9g_-helper-text"[39m
  [36m/>[39m

  Name "":
  [36m<p[39m
    [33mclass[39m=[32m"MuiFormHelperText-root MuiFormHelperText-sizeMedium MuiFormHelperText-contained MuiFormHelperText-filled Mui-required css-er619e-MuiFormHelperText-root"[39m
    [33mid[39m=[32m"_r_9i_-helper-text"[39m
  [36m/>[39m

  Name "":
  [36m<p[39m
    [33mclass[39m=[32m"MuiFormHelperText-root MuiFormHelperText-sizeMedium MuiFormHelperText-contained MuiFormHelperText-filled Mui-required css-er619e-MuiFormHelperText-root"[39m
    [33mid[39m=[32m"_r_9j_-helper-text"[39m
  [36m/>[39m

  Name "":
  [36m<p[39m
    [33mclass[39m=[32m"MuiFormHelperText-root MuiFormHelperText-sizeMedium MuiFormHelperText-contained MuiFormHelperText-filled Mui-required css-er619e-MuiFormHelperText-root"[39m
    [33mid[39m=[32m"_r_9l_-helper-text"[39m
  [36m/>[39m

  Name "":
  [36m<p[39m
    [33mclass[39m=[32m"MuiFormHelperText-root MuiFormHelperText-sizeMedium MuiFormHelperText-contained MuiFormHelperText-filled Mui-required css-er619e-MuiFormHelperText-root"[39m
    [33mid[39m=[32m"_r_9m_-helper-text"[39m
  [36m/>[39m

  Name "":
  [36m<p[39m
    [33mclass[39m=[32m"MuiFormHelperText-root MuiFormHelperText-sizeMedium MuiFormHelperText-contained MuiFormHelperText-filled Mui-required css-er619e-MuiFormHelperText-root"[39m
    [33mid[39m=[32m"_r_9o_-helper-text"[39m
  [36m/>[39m

  Name "":
  [36m<p[39m
    [33mclass[39m=[32m"MuiFormHelperText-root MuiFormHelperText-sizeMedium MuiFormHelperText-contained MuiFormHelperText-filled Mui-required css-er619e-MuiFormHelperText-root"[39m
    [33mid[39m=[32m"_r_9p_-helper-text"[39m
  [36m/>[39m

  Name "":
  [36m<p[39m
    [33mclass[39m=[32m"MuiFormHelperText-root MuiFormHelperText-sizeMedium MuiFormHelperText-contained MuiFormHelperText-filled Mui-required css-er619e-MuiFormHelperText-root"[39m
    [33mid[39m=[32m"_r_9r_-helper-text"[39m
  [36m/>[39m

  Name "":
  [36m<p[39m
    [33mclass[39m=[32m"MuiFormHelperText-root MuiFormHelperText-sizeMedium MuiFormHelperText-contained MuiFormHelperText-filled Mui-required css-er619e-MuiFormHelperText-root"[39m
    [33mid[39m=[32m"_r_9s_-helper-text"[39m
  [36m/>[39m

  Name "":
  [36m<p[39m
    [33mclass[39m=[32m"MuiFormHelperText-root MuiFormHelperText-sizeMedium MuiFormHelperText-contained MuiFormHelperText-filled Mui-required css-er619e-MuiFormHelperText-root"[39m
    [33mid[39m=[32m"_r_9u_-helper-text"[39m
  [36m/>[39m

  Name "":
  [36m<p[39m
    [33mclass[39m=[32m"MuiFormHelperText-root MuiFormHelperText-sizeMedium MuiFormHelperText-contained MuiFormHelperText-filled Mui-required css-er619e-MuiFormHelperText-root"[39m
    [33mid[39m=[32m"_r_9v_-helper-text"[39m
  [36m/>[39m

  Name "":
  [36m<p[39m
    [33mclass[39m=[32m"MuiFormHelperText-root MuiFormHelperText-sizeMedium MuiFormHelperText-contained MuiFormHelperText-filled Mui-required css-er619e-MuiFormHelperText-root"[39m
    [33mid[39m=[32m"_r_a1_-helper-text"[39m
  [36m/>[39m

  Name "":
  [36m<p[39m
    [33mclass[39m=[32m"MuiFormHelperText-root MuiFormHelperText-sizeMedium MuiFormHelperText-contained MuiFormHelperText-filled Mui-required css-er619e-MuiFormHelperText-root"[39m
    [33mid[39m=[32m"_r_a2_-helper-text"[39m
  [36m/>[39m

  Name "":
  [36m<p[39m
    [33mclass[39m=[32m"MuiFormHelperText-root MuiFormHelperText-sizeMedium MuiFormHelperText-contained MuiFormHelperText-filled Mui-required css-er619e-MuiFormHelperText-root"[39m
    [33mid[39m=[32m"_r_a4_-helper-text"[39m
  [36m/>[39m

  Name "":
  [36m<p[39m
    [33mclass[39m=[32m"MuiFormHelperText-root MuiFormHelperText-sizeMedium MuiFormHelperText-contained MuiFormHelperText-filled Mui-required css-er619e-MuiFormHelperText-root"[39m
    [33mid[39m=[32m"_r_a5_-helper-text"[39m
  [36m/>[39m

  Name "":
  [36m<p[39m
    [33mclass[39m=[32m"MuiFormHelperText-root MuiFormHelperText-sizeMedium MuiFormHelperText-contained MuiFormHelperText-filled Mui-required css-er619e-MuiFormHelperText-root"[39m
    [33mid[39m=[32m"_r_a7_-helper-text"[39m
  [36m/>[39m

  Name "":
  [36m<p[39m
    [33mclass[39m=[32m"MuiFormHelperText-root MuiFormHelperText-sizeMedium MuiFormHelperText-contained MuiFormHelperText-filled Mui-required css-er619e-MuiFormHelperText-root"[39m
    [33mid[39m=[32m"_r_a8_-helper-text"[39m
  [36m/>[39m

  Name "":
  [36m<p[39m
    [33mclass[39m=[32m"MuiFormHelperText-root MuiFormHelperText-sizeMedium MuiFormHelperText-contained MuiFormHelperText-filled Mui-required css-er619e-MuiFormHelperText-root"[39m
    [33mid[39m=[32m"_r_aa_-helper-text"[39m
  [36m/>[39m

  Name "":
  [36m<p[39m
    [33mclass[39m=[32m"MuiFormHelperText-root MuiFormHelperText-sizeMedium MuiFormHelperText-contained MuiFormHelperText-filled Mui-required css-er619e-MuiFormHelperText-root"[39m
    [33mid[39m=[32m"_r_ab_-helper-text"[39m
  [36m/>[39m

  Name "":
  [36m<p[39m
    [33mclass[39m=[32m"MuiFormHelperText-root MuiFormHelperText-sizeMedium MuiFormHelperText-contained MuiFormHelperText-filled Mui-required css-er619e-MuiFormHelperText-root"[39m
    [33mid[39m=[32m"_r_ad_-helper-text"[39m
  [36m/>[39m

  Name "":
  [36m<p[39m
    [33mclass[39m=[32m"MuiFormHelperText-root MuiFormHelperText-sizeMedium MuiFormHelperText-contained MuiFormHelperText-filled Mui-required css-er619e-MuiFormHelperText-root"[39m
    [33mid[39m=[32m"_r_ae_-helper-text"[39m
  [36m/>[39m

  Name "":
  [36m<p[39m
    [33mclass[39m=[32m"MuiFormHelperText-root MuiFormHelperText-sizeMedium MuiFormHelperText-contained MuiFormHelperText-filled Mui-required css-er619e-MuiFormHelperText-root"[39m
    [33mid[39m=[32m"_r_ag_-helper-text"[39m
  [36m/>[39m

  Name "":
  [36m<p[39m
    [33mclass[39m=[32m"MuiFormHelperText-root MuiFormHelperText-sizeMedium MuiFormHelperText-contained MuiFormHelperText-filled Mui-required css-er619e-MuiFormHelperText-root"[39m
    [33mid[39m=[32m"_r_ah_-helper-text"[39m
  [36m/>[39m

  Name "":
  [36m<p[39m
    [33mclass[39m=[32m"MuiFormHelperText-root MuiFormHelperText-sizeMedium MuiFormHelperText-contained MuiFormHelperText-filled Mui-required css-er619e-MuiFormHelperText-root"[39m
    [33mid[39m=[32m"_r_aj_-helper-text"[39m
  [36m/>[39m

  Name "":
  [36m<p[39m
    [33mclass[39m=[32m"MuiFormHelperText-root MuiFormHelperText-sizeMedium MuiFormHelperText-contained MuiFormHelperText-filled Mui-required css-er619e-MuiFormHelperText-root"[39m
    [33mid[39m=[32m"_r_ak_-helper-text"[39m
  [36m/>[39m

  Name "":
  [36m<p[39m
    [33mclass[39m=[32m"MuiFormHelperText-root MuiFormHelperText-sizeMedium MuiFormHelperText-contained MuiFormHelperText-filled Mui-required css-er619e-MuiFormHelperText-root"[39m
    [33mid[39m=[32m"_r_am_-helper-text"[39m
  [36m/>[39m

  Name "":
  [36m<p[39m
    [33mclass[39m=[32m"MuiFormHelperText-root MuiFormHelperText-sizeMedium MuiFormHelperText-contained MuiFormHelperText-filled Mui-required css-er619e-MuiFormHelperText-root"[39m
    [33mid[39m=[32m"_r_an_-helper-text"[39m
  [36m/>[39m

  Name "":
  [36m<p[39m
    [33mclass[39m=[32m"MuiFormHelperText-root MuiFormHelperText-sizeMedium MuiFormHelperText-contained MuiFormHelperText-filled Mui-required css-er619e-MuiFormHelperText-root"[39m
    [33mid[39m=[32m"_r_ap_-helper-text"[39m
  [36m/>[39m

  Name "":
  [36m<p[39m
    [33mclass[39m=[32m"MuiFormHelperText-root MuiFormHelperText-sizeMedium MuiFormHelperText-contained MuiFormHelperText-filled Mui-required css-er619e-MuiFormHelperText-root"[39m
    [33mid[39m=[32m"_r_aq_-helper-text"[39m
  [36m/>[39m

  Name "":
  [36m<p[39m
    [33mclass[39m=[32m"MuiFormHelperText-root MuiFormHelperText-sizeMedium MuiFormHelperText-contained MuiFormHelperText-filled Mui-required css-er619e-MuiFormHelperText-root"[39m
    [33mid[39m=[32m"_r_as_-helper-text"[39m
  [36m/>[39m

  Name "":
  [36m<p[39m
    [33mclass[39m=[32m"MuiFormHelperText-root MuiFormHelperText-sizeMedium MuiFormHelperText-contained MuiFormHelperText-filled Mui-required css-er619e-MuiFormHelperText-root"[39m
    [33mid[39m=[32m"_r_at_-helper-text"[39m
  [36m/>[39m

  Name "":
  [36m<p[39m
    [33mclass[39m=[32m"MuiFormHelperText-root MuiFormHelperText-sizeMedium MuiFormHelperText-contained MuiFormHelperText-filled Mui-required css-er619e-MuiFormHelperText-root"[39m
    [33mid[39m=[32m"_r_av_-helper-text"[39m
  [36m/>[39m

  Name "":
  [36m<p[39m
    [33mclass[39m=[32m"MuiFormHelperText-root MuiFormHelperText-sizeMedium MuiFormHelperText-contained MuiFormHelperText-filled Mui-required css-er619e-MuiFormHelperText-root"[39m
    [33mid[39m=[32m"_r_b0_-helper-text"[39m
  [36m/>[39m

  Name "":
  [36m<p[39m
    [33mclass[39m=[32m"MuiFormHelperText-root MuiFormHelperText-sizeMedium MuiFormHelperText-contained MuiFormHelperText-filled Mui-required css-er619e-MuiFormHelperText-root"[39m
    [33mid[39m=[32m"_r_b2_-helper-text"[39m
  [36m/>[39m

  Name "":
  [36m<p[39m
    [33mclass[39m=[32m"MuiFormHelperText-root MuiFormHelperText-sizeMedium MuiFormHelperText-contained MuiFormHelperText-filled Mui-required css-er619e-MuiFormHelperText-root"[39m
    [33mid[39m=[32m"_r_b3_-helper-text"[39m
  [36m/>[39m

  Name "":
  [36m<p[39m
    [33mclass[39m=[32m"MuiFormHelperText-root MuiFormHelperText-sizeMedium MuiFormHelperText-contained MuiFormHelperText-filled Mui-required css-er619e-MuiFormHelperText-root"[39m
    [33mid[39m=[32m"_r_b5_-helper-text"[39m
  [36m/>[39m

  Name "":
  [36m<p[39m
    [33mclass[39m=[32m"MuiFormHelperText-root MuiFormHelperText-sizeMedium MuiFormHelperText-contained MuiFormHelperText-filled Mui-required css-er619e-MuiFormHelperText-root"[39m
    [33mid[39m=[32m"_r_b6_-helper-text"[39m
  [36m/>[39m

  Name "":
  [36m<p[39m
    [33mclass[39m=[32m"MuiFormHelperText-root MuiFormHelperText-sizeMedium MuiFormHelperText-contained MuiFormHelperText-filled Mui-required css-er619e-MuiFormHelperText-root"[39m
    [33mid[39m=[32m"_r_b8_-helper-text"[39m
  [36m/>[39m

  Name "":
  [36m<p[39m
    [33mclass[39m=[32m"MuiFormHelperText-root MuiFormHelperText-sizeMedium MuiFormHelperText-contained MuiFormHelperText-filled Mui-required css-er619e-MuiFormHelperText-root"[39m
    [33mid[39m=[32m"_r_b9_-helper-text"[39m
  [36m/>[39m

  Name "":
  [36m<p[39m
    [33mclass[39m=[32m"MuiFormHelperText-root MuiFormHelperText-sizeMedium MuiFormHelperText-contained MuiFormHelperText-filled Mui-required css-er619e-MuiFormHelperText-root"[39m
    [33mid[39m=[32m"_r_bb_-helper-text"[39m
  [36m/>[39m

  Name "":
  [36m<p[39m
    [33mclass[39m=[32m"MuiFormHelperText-root MuiFormHelperText-sizeMedium MuiFormHelperText-contained MuiFormHelperText-filled Mui-required css-er619e-MuiFormHelperText-root"[39m
    [33mid[39m=[32m"_r_bc_-helper-text"[39m
  [36m/>[39m

  Name "":
  [36m<p[39m
    [33mclass[39m=[32m"MuiFormHelperText-root MuiFormHelperText-sizeMedium MuiFormHelperText-contained MuiFormHelperText-filled Mui-required css-er619e-MuiFormHelperText-root"[39m
    [33mid[39m=[32m"_r_be_-helper-text"[39m
  [36m/>[39m

  Name "":
  [36m<p[39m
    [33mclass[39m=[32m"MuiFormHelperText-root MuiFormHelperText-sizeMedium MuiFormHelperText-contained MuiFormHelperText-filled Mui-required css-er619e-MuiFormHelperText-root"[39m
    [33mid[39m=[32m"_r_bf_-helper-text"[39m
  [36m/>[39m

  Name "":
  [36m<p[39m
    [33mclass[39m=[32m"MuiFormHelperText-root MuiFormHelperText-sizeMedium MuiFormHelperText-contained MuiFormHelperText-filled Mui-required css-er619e-MuiFormHelperText-root"[39m
    [33mid[39m=[32m"_r_bh_-helper-text"[39m
  [36m/>[39m

  Name "":
  [36m<p[39m
    [33mclass[39m=[32m"MuiFormHelperText-root MuiFormHelperText-sizeMedium MuiFormHelperText-contained MuiFormHelperText-filled Mui-required css-er619e-MuiFormHelperText-root"[39m
    [33mid[39m=[32m"_r_bi_-helper-text"[39m
  [36m/>[39m

  Name "":
  [36m<p[39m
    [33mclass[39m=[32m"MuiFormHelperText-root MuiFormHelperText-sizeMedium MuiFormHelperText-contained MuiFormHelperText-filled Mui-required css-er619e-MuiFormHelperText-root"[39m
    [33mid[39m=[32m"_r_bk_-helper-text"[39m
  [36m/>[39m

  Name "":
  [36m<p[39m
    [33mclass[39m=[32m"MuiFormHelperText-root MuiFormHelperText-sizeMedium MuiFormHelperText-contained MuiFormHelperText-filled Mui-required css-er619e-MuiFormHelperText-root"[39m
    [33mid[39m=[32m"_r_bl_-helper-text"[39m
  [36m/>[39m

  Name "":
  [36m<p[39m
    [33mclass[39m=[32m"MuiFormHelperText-root MuiFormHelperText-sizeMedium MuiFormHelperText-contained MuiFormHelperText-filled Mui-required css-er619e-MuiFormHelperText-root"[39m
    [33mid[39m=[32m"_r_bn_-helper-text"[39m
  [36m/>[39m

  Name "":
  [36m<p[39m
    [33mclass[39m=[32m"MuiFormHelperText-root MuiFormHelperText-sizeMedium MuiFormHelperText-contained MuiFormHelperText-filled Mui-required css-er619e-MuiFormHelperText-root"[39m
    [33mid[39m=[32m"_r_bo_-helper-text"[39m
  [36m/>[39m

  Name "":
  [36m<p[39m
    [33mclass[39m=[32m"MuiFormHelperText-root MuiFormHelperText-sizeMedium MuiFormHelperText-contained MuiFormHelperText-filled Mui-required css-er619e-MuiFormHelperText-root"[39m
    [33mid[39m=[32m"_r_bq_-helper-text"[39m
  [36m/>[39m

  Name "":
  [36m<p[39m
    [33mclass[39m=[32m"MuiFormHelperText-root MuiFormHelperText-sizeMedium MuiFormHelperText-contained MuiFormHelperText-filled Mui-required css-er619e-MuiFormHelperText-root"[39m
    [33mid[39m=[32m"_r_br_-helper-text"[39m
  [36m/>[39m

  Name "":
  [36m<p[39m
    [33mclass[39m=[32m"MuiFormHelperText-root MuiFormHelperText-sizeMedium MuiFormHelperText-contained MuiFormHelperText-filled Mui-required css-er619e-MuiFormHelperText-root"[39m
    [33mid[39m=[32m"_r_bt_-helper-text"[39m
  [36m/>[39m

  Name "":
  [36m<p[39m
    [33mclass[39m=[32m"MuiFormHelperText-root MuiFormHelperText-sizeMedium MuiFormHelperText-contained MuiFormHelperText-filled Mui-required css-er619e-MuiFormHelperText-root"[39m
    [33mid[39m=[32m"_r_bu_-helper-text"[39m
  [36m/>[39m

  Name "":
  [36m<p[39m
    [33mclass[39m=[32m"MuiFormHelperText-root MuiFormHelperText-sizeMedium MuiFormHelperText-contained MuiFormHelperText-filled Mui-required css-er619e-MuiFormHelperText-root"[39m
    [33mid[39m=[32m"_r_c0_-helper-text"[39m
  [36m/>[39m

  Name "":
  [36m<p[39m
    [33mclass[39m=[32m"MuiFormHelperText-root MuiFormHelperText-sizeMedium MuiFormHelperText-contained MuiFormHelperText-filled Mui-required css-er619e-MuiFormHelperText-root"[39m
    [33mid[39m=[32m"_r_c1_-helper-text"[39m
  [36m/>[39m

  Name "":
  [36m<p[39m
    [33mclass[39m=[32m"MuiFormHelperText-root MuiFormHelperText-sizeMedium MuiFormHelperText-contained MuiFormHelperText-filled Mui-required css-er619e-MuiFormHelperText-root"[39m
    [33mid[39m=[32m"_r_c3_-helper-text"[39m
  [36m/>[39m

  Name "":
  [36m<p[39m
    [33mclass[39m=[32m"MuiFormHelperText-root MuiFormHelperText-sizeMedium MuiFormHelperText-contained MuiFormHelperText-filled Mui-required css-er619e-MuiFormHelperText-root"[39m
    [33mid[39m=[32m"_r_c4_-helper-text"[39m
  [36m/>[39m

  Name "":
  [36m<p[39m
    [33mclass[39m=[32m"MuiFormHelperText-root MuiFormHelperText-sizeMedium MuiFormHelperText-contained MuiFormHelperText-filled Mui-required css-er619e-MuiFormHelperText-root"[39m
    [33mid[39m=[32m"_r_c6_-helper-text"[39m
  [36m/>[39m

  Name "":
  [36m<p[39m
    [33mclass[39m=[32m"MuiFormHelperText-root MuiFormHelperText-sizeMedium MuiFormHelperText-contained MuiFormHelperText-filled Mui-required css-er619e-MuiFormHelperText-root"[39m
    [33mid[39m=[32m"_r_c7_-helper-text"[39m
  [36m/>[39m

  Name "":
  [36m<p[39m
    [33mclass[39m=[32m"MuiFormHelperText-root MuiFormHelperText-sizeMedium MuiFormHelperText-contained MuiFormHelperText-filled Mui-required css-er619e-MuiFormHelperText-root"[39m
    [33mid[39m=[32m"_r_c9_-helper-text"[39m
  [36m/>[39m

  Name "":
  [36m<p[39m
    [33mclass[39m=[32m"MuiFormHelperText-root MuiFormHelperText-sizeMedium MuiFormHelperText-contained MuiFormHelperText-filled Mui-required css-er619e-MuiFormHelperText-root"[39m
    [33mid[39m=[32m"_r_ca_-helper-text"[39m
  [36m/>[39m

  Name "":
  [36m<p[39m
    [33mclass[39m=[32m"MuiFormHelperText-root MuiFormHelperText-sizeMedium MuiFormHelperText-contained MuiFormHelperText-filled Mui-required css-er619e-MuiFormHelperText-root"[39m
    [33mid[39m=[32m"_r_cc_-helper-text"[39m
  [36m/>[39m

  Name "":
  [36m<p[39m
    [33mclass[39m=[32m"MuiFormHelperText-root MuiFormHelperText-sizeMedium MuiFormHelperText-contained MuiFormHelperText-filled Mui-required css-er619e-MuiFormHelperText-root"[39m
    [33mid[39m=[32m"_r_cd_-helper-text"[39m
  [36m/>[39m

  Name "":
  [36m<p[39m
    [33mclass[39m=[32m"MuiFormHelperText-root MuiFormHelperText-sizeMedium MuiFormHelperText-contained MuiFormHelperText-filled Mui-required css-er619e-MuiFormHelperText-root"[39m
    [33mid[39m=[32m"_r_cf_-helper-text"[39m
  [36m/>[39m

  Name "":
  [36m<p[39m
    [33mclass[39m=[32m"MuiFormHelperText-root MuiFormHelperText-sizeMedium MuiFormHelperText-contained MuiFormHelperText-filled Mui-required css-er619e-MuiFormHelperText-root"[39m
    [33mid[39m=[32m"_r_cg_-helper-text"[39m
  [36m/>[39m

  Name "":
  [36m<p[39m
    [33mclass[39m=[32m"MuiFormHelperText-root MuiFormHelperText-sizeMedium MuiFormHelperText-contained MuiFormHelperText-filled Mui-required css-er619e-MuiFormHelperText-root"[39m
    [33mid[39m=[32m"_r_ci_-helper-text"[39m
  [36m/>[39m

  Name "":
  [36m<p[39m
    [33mclass[39m=[32m"MuiFormHelperText-root MuiFormHelperText-sizeMedium MuiFormHelperText-contained MuiFormHelperText-filled Mui-required css-er619e-MuiFormHelperText-root"[39m
    [33mid[39m=[32m"_r_cj_-helper-text"[39m
  [36m/>[39m

  Name "":
  [36m<p[39m
    [33mclass[39m=[32m"MuiFormHelperText-root MuiFormHelperText-sizeMedium MuiFormHelperText-contained MuiFormHelperText-filled Mui-required css-er619e-MuiFormHelperText-root"[39m
    [33mid[39m=[32m"_r_cl_-helper-text"[39m
  [36m/>[39m

  Name "":
  [36m<p[39m
    [33mclass[39m=[32m"MuiFormHelperText-root MuiFormHelperText-sizeMedium MuiFormHelperText-contained MuiFormHelperText-filled Mui-required css-er619e-MuiFormHelperText-root"[39m
    [33mid[39m=[32m"_r_cm_-helper-text"[39m
  [36m/>[39m

  Name "":
  [36m<p[39m
    [33mclass[39m=[32m"MuiFormHelperText-root MuiFormHelperText-sizeMedium MuiFormHelperText-contained MuiFormHelperText-filled Mui-required css-er619e-MuiFormHelperText-root"[39m
    [33mid[39m=[32m"_r_co_-helper-text"[39m
  [36m/>[39m

  Name "":
  [36m<p[39m
    [33mclass[39m=[32m"MuiFormHelperText-root MuiFormHelperText-sizeMedium MuiFormHelperText-contained MuiFormHelperText-filled Mui-required css-er619e-MuiFormHelperText-root"[39m
    [33mid[39m=[32m"_r_cp_-helper-text"[39m
  [36m/>[39m

  Name "":
  [36m<p[39m
    [33mclass[39m=[32m"MuiFormHelperText-root MuiFormHelperText-sizeMedium MuiFormHelperText-contained MuiFormHelperText-filled Mui-required css-er619e-MuiFormHelperText-root"[39m
    [33mid[39m=[32m"_r_cr_-helper-text"[39m
  [36m/>[39m

  Name "":
  [36m<p[39m
    [33mclass[39m=[32m"MuiFormHelperText-root MuiFormHelperText-sizeMedium MuiFormHelperText-contained MuiFormHelperText-filled Mui-required css-er619e-MuiFormHelperText-root"[39m
    [33mid[39m=[32m"_r_cs_-helper-text"[39m
  [36m/>[39m

  Name "":
  [36m<p[39m
    [33mclass[39m=[32m"MuiFormHelperText-root MuiFormHelperText-sizeMedium MuiFormHelperText-contained MuiFormHelperText-filled Mui-required css-er619e-MuiFormHelperText-root"[39m
    [33mid[39m=[32m"_r_cu_-helper-text"[39m
  [36m/>[39m

  Name "":
  [36m<p[39m
    [33mclass[39m=[32m"MuiFormHelperText-root MuiFormHelperText-sizeMedium MuiFormHelperText-contained MuiFormHelperText-filled Mui-required css-er619e-MuiFormHelperText-root"[39m
    [33mid[39m=[32m"_r_cv_-helper-text"[39m
  [36m/>[39m

  Name "":
  [36m<p[39m
    [33mclass[39m=[32m"MuiFormHelperText-root MuiFormHelperText-sizeMedium MuiFormHelperText-contained MuiFormHelperText-filled Mui-required css-er619e-MuiFormHelperText-root"[39m
    [33mid[39m=[32m"_r_d1_-helper-text"[39m
  [36m/>[39m

  Name "":
  [36m<p[39m
    [33mclass[39m=[32m"MuiFormHelperText-root MuiFormHelperText-sizeMedium MuiFormHelperText-contained MuiFormHelperText-filled Mui-required css-er619e-MuiFormHelperText-root"[39m
    [33mid[39m=[32m"_r_d2_-helper-text"[39m
  [36m/>[39m

  Name "":
  [36m<p[39m
    [33mclass[39m=[32m"MuiFormHelperText-root MuiFormHelperText-sizeMedium MuiFormHelperText-contained MuiFormHelperText-filled Mui-required css-er619e-MuiFormHelperText-root"[39m
    [33mid[39m=[32m"_r_d4_-helper-text"[39m
  [36m/>[39m

  Name "":
  [36m<p[39m
    [33mclass[39m=[32m"MuiFormHelperText-root MuiFormHelperText-sizeMedium MuiFormHelperText-contained MuiFormHelperText-filled Mui-required css-er619e-MuiFormHelperText-root"[39m
    [33mid[39m=[32m"_r_d5_-helper-text"[39m
  [36m/>[39m

  Name "":
  [36m<p[39m
    [33mclass[39m=[32m"MuiFormHelperText-root MuiFormHelperText-sizeMedium MuiFormHelperText-contained MuiFormHelperText-filled Mui-required css-er619e-MuiFormHelperText-root"[39m
    [33mid[39m=[32m"_r_d7_-helper-text"[39m
  [36m/>[39m

  Name "":
  [36m<p[39m
    [33mclass[39m=[32m"MuiFormHelperText-root MuiFormHelperText-sizeMedium MuiFormHelperText-contained MuiFormHelperText-filled Mui-required css-er619e-MuiFormHelperText-root"[39m
    [33mid[39m=[32m"_r_d8_-helper-text"[39m
  [36m/>[39m

  Name "":
  [36m<p[39m
    [33mclass[39m=[32m"MuiFormHelperText-root MuiFormHelperText-sizeMedium MuiFormHelperText-contained MuiFormHelperText-filled Mui-required css-er619e-MuiFormHelperText-root"[39m
    [33mid[39m=[32m"_r_da_-helper-text"[39m
  [36m/>[39m

  Name "":
  [36m<p[39m
    [33mclass[39m=[32m"MuiFormHelperText-root MuiFormHelperText-sizeMedium MuiFormHelperText-contained MuiFormHelperText-filled Mui-required css-er619e-MuiFormHelperText-root"[39m
    [33mid[39m=[32m"_r_db_-helper-text"[39m
  [36m/>[39m

  Name "":
  [36m<p[39m
    [33mclass[39m=[32m"MuiFormHelperText-root MuiFormHelperText-sizeMedium MuiFormHelperText-contained MuiFormHelperText-filled Mui-required css-er619e-MuiFormHelperText-root"[39m
    [33mid[39m=[32m"_r_dd_-helper-text"[39m
  [36m/>[39m

  Name "":
  [36m<p[39m
    [33mclass[39m=[32m"MuiFormHelperText-root MuiFormHelperText-sizeMedium MuiFormHelperText-contained MuiFormHelperText-filled Mui-required css-er619e-MuiFormHelperText-root"[39m
    [33mid[39m=[32m"_r_de_-helper-text"[39m
  [36m/>[39m

  Name "":
  [36m<p[39m
    [33mclass[39m=[32m"MuiFormHelperText-root MuiFormHelperText-sizeMedium MuiFormHelperText-contained MuiFormHelperText-filled Mui-required css-er619e-MuiFormHelperText-root"[39m
    [33mid[39m=[32m"_r_dg_-helper-text"[39m
  [36m/>[39m

  Name "":
  [36m<p[39m
    [33mclass[39m=[32m"MuiFormHelperText-root MuiFormHelperText-sizeMedium MuiFormHelperText-contained MuiFormHelperText-filled Mui-required css-er619e-MuiFormHelperText-root"[39m
    [33mid[39m=[32m"_r_dh_-helper-text"[39m
  [36m/>[39m

  Name "":
  [36m<p[39m
    [33mclass[39m=[32m"MuiFormHelperText-root MuiFormHelperText-sizeMedium MuiFormHelperText-contained MuiFormHelperText-filled Mui-required css-er619e-MuiFormHelperText-root"[39m
    [33mid[39m=[32m"_r_dj_-helper-text"[39m
  [36m/>[39m

  Name "":
  [36m<p[39m
    [33mclass[39m=[32m"MuiFormHelperText-root MuiFormHelperText-sizeMedium MuiFormHelperText-contained MuiFormHelperText-filled Mui-required css-er619e-MuiFormHelperText-root"[39m
    [33mid[39m=[32m"_r_dk_-helper-text"[39m
  [36m/>[39m

  Name "":
  [36m<p[39m
    [33mclass[39m=[32m"MuiFormHelperText-root MuiFormHelperText-sizeMedium MuiFormHelperText-contained MuiFormHelperText-filled Mui-required css-er619e-MuiFormHelperText-root"[39m
    [33mid[39m=[32m"_r_dm_-helper-text"[39m
  [36m/>[39m

  Name "":
  [36m<p[39m
    [33mclass[39m=[32m"MuiFormHelperText-root MuiFormHelperText-sizeMedium MuiFormHelperText-contained MuiFormHelperText-filled Mui-required css-er619e-MuiFormHelperText-root"[39m
    [33mid[39m=[32m"_r_dn_-helper-text"[39m
  [36m/>[39m

  Name "":
  [36m<p[39m
    [33mclass[39m=[32m"MuiFormHelperText-root MuiFormHelperText-sizeMedium MuiFormHelperText-contained MuiFormHelperText-filled Mui-required css-er619e-MuiFormHelperText-root"[39m
    [33mid[39m=[32m"_r_dp_-helper-text"[39m
  [36m/>[39m

  Name "":
  [36m<p[39m
    [33mclass[39m=[32m"MuiFormHelperText-root MuiFormHelperText-sizeMedium MuiFormHelperText-contained MuiFormHelperText-filled Mui-required css-er619e-MuiFormHelperText-root"[39m
    [33mid[39m=[32m"_r_dq_-helper-text"[39m
  [36m/>[39m

  Name "":
  [36m<p[39m
    [33mclass[39m=[32m"MuiFormHelperText-root MuiFormHelperText-sizeMedium MuiFormHelperText-contained MuiFormHelperText-filled Mui-required css-er619e-MuiFormHelperText-root"[39m
    [33mid[39m=[32m"_r_ds_-helper-text"[39m
  [36m/>[39m

  Name "":
  [36m<p[39m
    [33mclass[39m=[32m"MuiFormHelperText-root MuiFormHelperText-sizeMedium MuiFormHelperText-contained MuiFormHelperText-filled Mui-required css-er619e-MuiFormHelperText-root"[39m
    [33mid[39m=[32m"_r_dt_-helper-text"[39m
  [36m/>[39m

  Name "":
  [36m<p[39m
    [33mclass[39m=[32m"MuiFormHelperText-root MuiFormHelperText-sizeMedium MuiFormHelperText-contained MuiFormHelperText-filled Mui-required css-er619e-MuiFormHelperText-root"[39m
    [33mid[39m=[32m"_r_dv_-helper-text"[39m
  [36m/>[39m

  Name "":
  [36m<p[39m
    [33mclass[39m=[32m"MuiFormHelperText-root MuiFormHelperText-sizeMedium MuiFormHelperText-contained MuiFormHelperText-filled Mui-required css-er619e-MuiFormHelperText-root"[39m
    [33mid[39m=[32m"_r_e0_-helper-text"[39m
  [36m/>[39m

  Name "":
  [36m<p[39m
    [33mclass[39m=[32m"MuiFormHelperText-root MuiFormHelperText-sizeMedium MuiFormHelperText-contained MuiFormHelperText-filled Mui-required css-er619e-MuiFormHelperText-root"[39m
    [33mid[39m=[32m"_r_e2_-helper-text"[39m
  [36m/>[39m

  Name "":
  [36m<p[39m
    [33mclass[39m=[32m"MuiFormHelperText-root MuiFormHelperText-sizeMedium MuiFormHelperText-contained MuiFormHelperText-filled Mui-required css-er619e-MuiFormHelperText-root"[39m
    [33mid[39m=[32m"_r_e3_-helper-text"[39m
  [36m/>[39m

  Name "":
  [36m<p[39m
    [33mclass[39m=[32m"MuiFormHelperText-root MuiFormHelperText-sizeMedium MuiFormHelperText-contained MuiFormHelperText-filled Mui-required css-er619e-MuiFormHelperText-root"[39m
    [33mid[39m=[32m"_r_e5_-helper-text"[39m
  [36m/>[39m

  Name "":
  [36m<p[39m
    [33mclass[39m=[32m"MuiFormHelperText-root MuiFormHelperText-sizeMedium MuiFormHelperText-contained MuiFormHelperText-filled Mui-required css-er619e-MuiFormHelperText-root"[39m
    [33mid[39m=[32m"_r_e6_-helper-text"[39m
  [36m/>[39m

  Name "":
  [36m<p[39m
    [33mclass[39m=[32m"MuiFormHelperText-root MuiFormHelperText-sizeMedium MuiFormHelperText-contained MuiFormHelperText-filled Mui-required css-er619e-MuiFormHelperText-root"[39m
    [33mid[39m=[32m"_r_e8_-helper-text"[39m
  [36m/>[39m

  Name "":
  [36m<p[39m
    [33mclass[39m=[32m"MuiFormHelperText-root MuiFormHelperText-sizeMedium MuiFormHelperText-contained MuiFormHelperText-filled Mui-required css-er619e-MuiFormHelperText-root"[39m
    [33mid[39m=[32m"_r_e9_-helper-text"[39m
  [36m/>[39m

  Name "":
  [36m<p[39m
    [33mclass[39m=[32m"MuiFormHelperText-root MuiFormHelperText-sizeMedium MuiFormHelperText-contained MuiFormHelperText-filled Mui-required css-er619e-MuiFormHelperText-root"[39m
    [33mid[39m=[32m"_r_eb_-helper-text"[39m
  [36m/>[39m

  Name "":
  [36m<p[39m
    [33mclass[39m=[32m"MuiFormHelperText-root MuiFormHelperText-sizeMedium MuiFormHelperText-contained MuiFormHelperText-filled Mui-required css-er619e-MuiFormHelperText-root"[39m
    [33mid[39m=[32m"_r_ec_-helper-text"[39m
  [36m/>[39m

  Name "":
  [36m<p[39m
    [33mclass[39m=[32m"MuiFormHelperText-root MuiFormHelperText-sizeMedium MuiFormHelperText-contained MuiFormHelperText-filled Mui-required css-er619e-MuiFormHelperText-root"[39m
    [33mid[39m=[32m"_r_ee_-helper-text"[39m
  [36m/>[39m

  Name "":
  [36m<p[39m
    [33mclass[39m=[32m"MuiFormHelperText-root MuiFormHelperText-sizeMedium MuiFormHelperText-contained MuiFormHelperText-filled Mui-required css-er619e-MuiFormHelperText-root"[39m
    [33mid[39m=[32m"_r_ef_-helper-text"[39m
  [36m/>[39m

  Name "":
  [36m<p[39m
    [33mclass[39m=[32m"MuiFormHelperText-root MuiFormHelperText-sizeMedium MuiFormHelperText-contained MuiFormHelperText-filled Mui-required css-er619e-MuiFormHelperText-root"[39m
    [33mid[39m=[32m"_r_eh_-helper-text"[39m
  [36m/>[39m

  Name "":
  [36m<p[39m
    [33mclass[39m=[32m"MuiFormHelperText-root MuiFormHelperText-sizeMedium MuiFormHelperText-contained MuiFormHelperText-filled Mui-required css-er619e-MuiFormHelperText-root"[39m
    [33mid[39m=[32m"_r_ei_-helper-text"[39m
  [36m/>[39m

  Name "":
  [36m<p[39m
    [33mclass[39m=[32m"MuiFormHelperText-root MuiFormHelperText-sizeMedium MuiFormHelperText-contained MuiFormHelperText-filled Mui-required css-er619e-MuiFormHelperText-root"[39m
    [33mid[39m=[32m"_r_ek_-helper-text"[39m
  [36m/>[39m

  Name "":
  [36m<p[39m
    [33mclass[39m=[32m"MuiFormHelperText-root MuiFormHelperText-sizeMedium MuiFormHelperText-contained MuiFormHelperText-filled Mui-required css-er619e-MuiFormHelperText-root"[39m
    [33mid[39m=[32m"_r_el_-helper-text"[39m
  [36m/>[39m

  Name "":
  [36m<p[39m
    [33mclass[39m=[32m"MuiFormHelperText-root MuiFormHelperText-sizeMedium MuiFormHelperText-contained MuiFormHelperText-filled Mui-required css-er619e-MuiFormHelperText-root"[39m
    [33mid[39m=[32m"_r_en_-helper-text"[39m
  [36m/>[39m

  Name "":
  [36m<p[39m
    [33mclass[39m=[32m"MuiFormHelperText-root MuiFormHelperText-sizeMedium MuiFormHelperText-contained MuiFormHelperText-filled Mui-required css-er619e-MuiFormHelperText-root"[39m
    [33mid[39m=[32m"_r_eo_-helper-text"[39m
  [36m/>[39m

  Name "":
  [36m<p[39m
    [33mclass[39m=[32m"MuiFormHelperText-root MuiFormHelperText-sizeMedium MuiFormHelperText-contained MuiFormHelperText-filled Mui-required css-er619e-MuiFormHelperText-root"[39m
    [33mid[39m=[32m"_r_eq_-helper-text"[39m
  [36m/>[39m

  Name "":
  [36m<p[39m
    [33mclass[39m=[32m"MuiFormHelperText-root MuiFormHelperText-sizeMedium MuiFormHelperText-contained MuiFormHelperText-filled Mui-required css-er619e-MuiFormHelperText-root"[39m
    [33mid[39m=[32m"_r_er_-helper-text"[39m
  [36m/>[39m

  Name "":
  [36m<p[39m
    [33mclass[39m=[32m"MuiFormHelperText-root MuiFormHelperText-sizeMedium MuiFormHelperText-contained MuiFormHelperText-filled Mui-required css-er619e-MuiFormHelperText-root"[39m
    [33mid[39m=[32m"_r_et_-helper-text"[39m
  [36m/>[39m

  Name "":
  [36m<p[39m
    [33mclass[39m=[32m"MuiFormHelperText-root MuiFormHelperText-sizeMedium MuiFormHelperText-contained MuiFormHelperText-filled Mui-required css-er619e-MuiFormHelperText-root"[39m
    [33mid[39m=[32m"_r_eu_-helper-text"[39m
  [36m/>[39m

  Name "":
  [36m<p[39m
    [33mclass[39m=[32m"MuiFormHelperText-root MuiFormHelperText-sizeMedium MuiFormHelperText-contained MuiFormHelperText-filled Mui-required css-er619e-MuiFormHelperText-root"[39m
    [33mid[39m=[32m"_r_f0_-helper-text"[39m
  [36m/>[39m

  Name "":
  [36m<p[39m
    [33mclass[39m=[32m"MuiFormHelperText-root MuiFormHelperText-sizeMedium MuiFormHelperText-contained MuiFormHelperText-filled Mui-required css-er619e-MuiFormHelperText-root"[39m
    [33mid[39m=[32m"_r_f1_-helper-text"[39m
  [36m/>[39m

  Name "":
  [36m<p[39m
    [33mclass[39m=[32m"MuiFormHelperText-root MuiFormHelperText-sizeMedium MuiFormHelperText-contained MuiFormHelperText-filled Mui-required css-er619e-MuiFormHelperText-root"[39m
    [33mid[39m=[32m"_r_f3_-helper-text"[39m
  [36m/>[39m

  Name "":
  [36m<p[39m
    [33mclass[39m=[32m"MuiFormHelperText-root MuiFormHelperText-sizeMedium MuiFormHelperText-contained MuiFormHelperText-filled Mui-required css-er619e-MuiFormHelperText-root"[39m
    [33mid[39m=[32m"_r_f4_-helper-text"[39m
  [36m/>[39m

  Name "":
  [36m<p[39m
    [33mclass[39m=[32m"MuiFormHelperText-root MuiFormHelperText-sizeMedium MuiFormHelperText-contained MuiFormHelperText-filled Mui-required css-er619e-MuiFormHelperText-root"[39m
    [33mid[39m=[32m"_r_f6_-helper-text"[39m
  [36m/>[39m

  Name "":
  [36m<p[39m
    [33mclass[39m=[32m"MuiFormHelperText-root MuiFormHelperText-sizeMedium MuiFormHelperText-contained MuiFormHelperText-filled Mui-required css-er619e-MuiFormHelperText-root"[39m
    [33mid[39m=[32m"_r_f7_-helper-text"[39m
  [36m/>[39m

  Name "":
  [36m<p[39m
    [33mclass[39m=[32m"MuiFormHelperText-root MuiFormHelperText-sizeMedium MuiFormHelperText-contained MuiFormHelperText-filled Mui-required css-er619e-MuiFormHelperText-root"[39m
    [33mid[39m=[32m"_r_f9_-helper-text"[39m
  [36m/>[39m

  Name "":
  [36m<p[39m
    [33mclass[39m=[32m"MuiFormHelperText-root MuiFormHelperText-sizeMedium MuiFormHelperText-contained MuiFormHelperText-filled Mui-required css-er619e-MuiFormHelperText-root"[39m
    [33mid[39m=[32m"_r_fa_-helper-text"[39m
  [36m/>[39m

  Name "":
  [36m<p[39m
    [33mclass[39m=[32m"MuiFormHelperText-root MuiFormHelperText-sizeMedium MuiFormHelperText-contained MuiFormHelperText-filled Mui-required css-er619e-MuiFormHelperText-root"[39m
    [33mid[39m=[32m"_r_fc_-helper-text"[39m
  [36m/>[39m

  Name "":
  [36m<p[39m
    [33mclass[39m=[32m"MuiFormHelperText-root MuiFormHelperText-sizeMedium MuiFormHelperText-contained MuiFormHelperText-filled Mui-required css-er619e-MuiFormHelperText-root"[39m
    [33mid[39m=[32m"_r_fd_-helper-text"[39m
  [36m/>[39m

  Name "":
  [36m<p[39m
    [33mclass[39m=[32m"MuiFormHelperText-root MuiFormHelperText-sizeMedium MuiFormHelperText-contained MuiFormHelperText-filled Mui-required css-er619e-MuiFormHelperText-root"[39m
    [33mid[39m=[32m"_r_ff_-helper-text"[39m
  [36m/>[39m

  Name "":
  [36m<p[39m
    [33mclass[39m=[32m"MuiFormHelperText-root MuiFormHelperText-sizeMedium MuiFormHelperText-contained MuiFormHelperText-filled Mui-required css-er619e-MuiFormHelperText-root"[39m
    [33mid[39m=[32m"_r_fg_-helper-text"[39m
  [36m/>[39m

  Name "":
  [36m<p[39m
    [33mclass[39m=[32m"MuiFormHelperText-root MuiFormHelperText-sizeMedium MuiFormHelperText-contained MuiFormHelperText-filled Mui-required css-er619e-MuiFormHelperText-root"[39m
    [33mid[39m=[32m"_r_fi_-helper-text"[39m
  [36m/>[39m

  Name "":
  [36m<p[39m
    [33mclass[39m=[32m"MuiFormHelperText-root MuiFormHelperText-sizeMedium MuiFormHelperText-contained MuiFormHelperText-filled Mui-required css-er619e-MuiFormHelperText-root"[39m
    [33mid[39m=[32m"_r_fj_-helper-text"[39m
  [36m/>[39m

  Name "":
  [36m<p[39m
    [33mclass[39m=[32m"MuiFormHelperText-root MuiFormHelperText-sizeMedium MuiFormHelperText-contained MuiFormHelperText-filled Mui-required css-er619e-MuiFormHelperText-root"[39m
    [33mid[39m=[32m"_r_fl_-helper-text"[39m
  [36m/>[39m

  Name "":
  [36m<p[39m
    [33mclass[39m=[32m"MuiFormHelperText-root MuiFormHelperText-sizeMedium MuiFormHelperText-contained MuiFormHelperText-filled Mui-required css-er619e-MuiFormHelperText-root"[39m
    [33mid[39m=[32m"_r_fm_-helper-text"[39m
  [36m/>[39m

  Name "":
  [36m<p[39m
    [33mclass[39m=[32m"MuiFormHelperText-root MuiFormHelperText-sizeMedium MuiFormHelperText-contained MuiFormHelperText-filled Mui-required css-er619e-MuiFormHelperText-root"[39m
    [33mid[39m=[32m"_r_fo_-helper-text"[39m
  [36m/>[39m

  Name "":
  [36m<p[39m
    [33mclass[39m=[32m"MuiFormHelperText-root MuiFormHelperText-sizeMedium MuiFormHelperText-contained MuiFormHelperText-filled Mui-required css-er619e-MuiFormHelperText-root"[39m
    [33mid[39m=[32m"_r_fp_-helper-text"[39m
  [36m/>[39m

  Name "":
  [36m<p[39m
    [33mclass[39m=[32m"MuiFormHelperText-root MuiFormHelperText-sizeMedium MuiFormHelperText-contained MuiFormHelperText-filled Mui-required css-er619e-MuiFormHelperText-root"[39m
    [33mid[39m=[32m"_r_fr_-helper-text"[39m
  [36m/>[39m

  Name "":
  [36m<p[39m
    [33mclass[39m=[32m"MuiFormHelperText-root MuiFormHelperText-sizeMedium MuiFormHelperText-contained MuiFormHelperText-filled Mui-required css-er619e-MuiFormHelperText-root"[39m
    [33mid[39m=[32m"_r_fs_-helper-text"[39m
  [36m/>[39m

  Name "":
  [36m<p[39m
    [33mclass[39m=[32m"MuiFormHelperText-root MuiFormHelperText-sizeMedium MuiFormHelperText-contained MuiFormHelperText-filled Mui-required css-er619e-MuiFormHelperText-root"[39m
    [33mid[39m=[32m"_r_fu_-helper-text"[39m
  [36m/>[39m

  Name "":
  [36m<p[39m
    [33mclass[39m=[32m"MuiFormHelperText-root MuiFormHelperText-sizeMedium MuiFormHelperText-contained MuiFormHelperText-filled Mui-required css-er619e-MuiFormHelperText-root"[39m
    [33mid[39m=[32m"_r_fv_-helper-text"[39m
  [36m/>[39m

  Name "":
  [36m<p[39m
    [33mclass[39m=[32m"MuiFormHelperText-root MuiFormHelperText-sizeMedium MuiFormHelperText-contained MuiFormHelperText-filled Mui-required css-er619e-MuiFormHelperText-root"[39m
    [33mid[39m=[32m"_r_g1_-helper-text"[39m
  [36m/>[39m

  Name "":
  [36m<p[39m
    [33mclass[39m=[32m"MuiFormHelperText-root MuiFormHelperText-sizeMedium MuiFormHelperText-contained MuiFormHelperText-filled Mui-required css-er619e-MuiFormHelperText-root"[39m
    [33mid[39m=[32m"_r_g2_-helper-text"[39m
  [36m/>[39m

  Name "":
  [36m<p[39m
    [33mclass[39m=[32m"MuiFormHelperText-root MuiFormHelperText-sizeMedium MuiFormHelperText-contained MuiFormHelperText-filled Mui-required css-er619e-MuiFormHelperText-root"[39m
    [33mid[39m=[32m"_r_g4_-helper-text"[39m
  [36m/>[39m

  Name "":
  [36m<p[39m
    [33mclass[39m=[32m"MuiFormHelperText-root MuiFormHelperText-sizeMedium MuiFormHelperText-contained MuiFormHelperText-filled Mui-required css-er619e-MuiFormHelperText-root"[39m
    [33mid[39m=[32m"_r_g5_-helper-text"[39m
  [36m/>[39m

  Name "":
  [36m<p[39m
    [33mclass[39m=[32m"MuiFormHelperText-root MuiFormHelperText-sizeMedium MuiFormHelperText-contained MuiFormHelperText-filled Mui-required css-er619e-MuiFormHelperText-root"[39m
    [33mid[39m=[32m"_r_g7_-helper-text"[39m
  [36m/>[39m

  Name "":
  [36m<p[39m
    [33mclass[39m=[32m"MuiFormHelperText-root MuiFormHelperText-sizeMedium MuiFormHelperText-contained MuiFormHelperText-filled Mui-required css-er619e-MuiFormHelperText-root"[39m
    [33mid[39m=[32m"_r_g8_-helper-text"[39m
  [36m/>[39m

  Name "":
  [36m<p[39m
    [33mclass[39m=[32m"MuiFormHelperText-root MuiFormHelperText-sizeMedium MuiFormHelperText-contained MuiFormHelperText-filled Mui-required css-er619e-MuiFormHelperText-root"[39m
    [33mid[39m=[32m"_r_ga_-helper-text"[39m
  [36m/>[39m

  Name "":
  [36m<p[39m
    [33mclass[39m=[32m"MuiFormHelperText-root MuiFormHelperText-sizeMedium MuiFormHelperText-contained MuiFormHelperText-filled Mui-required css-er619e-MuiFormHelperText-root"[39m
    [33mid[39m=[32m"_r_gb_-helper-text"[39m
  [36m/>[39m

  Name "":
  [36m<p[39m
    [33mclass[39m=[32m"MuiFormHelperText-root MuiFormHelperText-sizeMedium MuiFormHelperText-contained MuiFormHelperText-filled Mui-required css-er619e-MuiFormHelperText-root"[39m
    [33mid[39m=[32m"_r_gd_-helper-text"[39m
  [36m/>[39m

  Name "":
  [36m<p[39m
    [33mclass[39m=[32m"MuiFormHelperText-root MuiFormHelperText-sizeMedium MuiFormHelperText-contained MuiFormHelperText-filled Mui-required css-er619e-MuiFormHelperText-root"[39m
    [33mid[39m=[32m"_r_ge_-helper-text"[39m
  [36m/>[39m

  Name "":
  [36m<p[39m
    [33mclass[39m=[32m"MuiFormHelperText-root MuiFormHelperText-sizeMedium MuiFormHelperText-contained MuiFormHelperText-filled Mui-required css-er619e-MuiFormHelperText-root"[39m
    [33mid[39m=[32m"_r_gg_-helper-text"[39m
  [36m/>[39m

  Name "":
  [36m<p[39m
    [33mclass[39m=[32m"MuiFormHelperText-root MuiFormHelperText-sizeMedium MuiFormHelperText-contained MuiFormHelperText-filled Mui-required css-er619e-MuiFormHelperText-root"[39m
    [33mid[39m=[32m"_r_gh_-helper-text"[39m
  [36m/>[39m

  Name "":
  [36m<p[39m
    [33mclass[39m=[32m"MuiFormHelperText-root MuiFormHelperText-sizeMedium MuiFormHelperText-contained MuiFormHelperText-filled Mui-required css-er619e-MuiFormHelperText-root"[39m
    [33mid[39m=[32m"_r_gj_-helper-text"[39m
  [36m/>[39m

  Name "":
  [36m<p[39m
    [33mclass[39m=[32m"MuiFormHelperText-root MuiFormHelperText-sizeMedium MuiFormHelperText-contained MuiFormHelperText-filled Mui-required css-er619e-MuiFormHelperText-root"[39m
    [33mid[39m=[32m"_r_gk_-helper-text"[39m
  [36m/>[39m

  Name "":
  [36m<p[39m
    [33mclass[39m=[32m"MuiFormHelperText-root MuiFormHelperText-sizeMedium MuiFormHelperText-contained MuiFormHelperText-filled Mui-required css-er619e-MuiFormHelperText-root"[39m
    [33mid[39m=[32m"_r_gm_-helper-text"[39m
  [36m/>[39m

  Name "":
  [36m<p[39m
    [33mclass[39m=[32m"MuiFormHelperText-root MuiFormHelperText-sizeMedium MuiFormHelperText-contained MuiFormHelperText-filled Mui-required css-er619e-MuiFormHelperText-root"[39m
    [33mid[39m=[32m"_r_gn_-helper-text"[39m
  [36m/>[39m

  Name "":
  [36m<p[39m
    [33mclass[39m=[32m"MuiFormHelperText-root MuiFormHelperText-sizeMedium MuiFormHelperText-contained MuiFormHelperText-filled Mui-required css-er619e-MuiFormHelperText-root"[39m
    [33mid[39m=[32m"_r_gp_-helper-text"[39m
  [36m/>[39m

  Name "":
  [36m<p[39m
    [33mclass[39m=[32m"MuiFormHelperText-root MuiFormHelperText-sizeMedium MuiFormHelperText-contained MuiFormHelperText-filled Mui-required css-er619e-MuiFormHelperText-root"[39m
    [33mid[39m=[32m"_r_gq_-helper-text"[39m
  [36m/>[39m

  Name "":
  [36m<p[39m
    [33mclass[39m=[32m"MuiFormHelperText-root MuiFormHelperText-sizeMedium MuiFormHelperText-contained MuiFormHelperText-filled Mui-required css-er619e-MuiFormHelperText-root"[39m
    [33mid[39m=[32m"_r_gs_-helper-text"[39m
  [36m/>[39m

  Name "":
  [36m<p[39m
    [33mclass[39m=[32m"MuiFormHelperText-root MuiFormHelperText-sizeMedium MuiFormHelperText-contained MuiFormHelperText-filled Mui-required css-er619e-MuiFormHelperText-root"[39m
    [33mid[39m=[32m"_r_gt_-helper-text"[39m
  [36m/>[39m

  Name "":
  [36m<p[39m
    [33mclass[39m=[32m"MuiFormHelperText-root MuiFormHelperText-sizeMedium MuiFormHelperText-contained MuiFormHelperText-filled Mui-required css-er619e-MuiFormHelperText-root"[39m
    [33mid[39m=[32m"_r_gv_-helper-text"[39m
  [36m/>[39m

  Name "":
  [36m<p[39m
    [33mclass[39m=[32m"MuiFormHelperText-root MuiFormHelperText-sizeMedium MuiFormHelperText-contained MuiFormHelperText-filled Mui-required css-er619e-MuiFormHelperText-root"[39m
    [33mid[39m=[32m"_r_h0_-helper-text"[39m
  [36m/>[39m

  Name "":
  [36m<p[39m
    [33mclass[39m=[32m"MuiFormHelperText-root MuiFormHelperText-sizeMedium MuiFormHelperText-contained MuiFormHelperText-filled Mui-required css-er619e-MuiFormHelperText-root"[39m
    [33mid[39m=[32m"_r_h2_-helper-text"[39m
  [36m/>[39m

  Name "":
  [36m<p[39m
    [33mclass[39m=[32m"MuiFormHelperText-root MuiFormHelperText-sizeMedium MuiFormHelperText-contained MuiFormHelperText-filled Mui-required css-er619e-MuiFormHelperText-root"[39m
    [33mid[39m=[32m"_r_h3_-helper-text"[39m
  [36m/>[39m

  Name "":
  [36m<p[39m
    [33mclass[39m=[32m"MuiFormHelperText-root MuiFormHelperText-sizeMedium MuiFormHelperText-contained MuiFormHelperText-filled Mui-required css-er619e-MuiFormHelperText-root"[39m
    [33mid[39m=[32m"_r_h5_-helper-text"[39m
  [36m/>[39m

  Name "":
  [36m<p[39m
    [33mclass[39m=[32m"MuiFormHelperText-root MuiFormHelperText-sizeMedium MuiFormHelperText-contained MuiFormHelperText-filled Mui-required css-er619e-MuiFormHelperText-root"[39m
    [33mid[39m=[32m"_r_h6_-helper-text"[39m
  [36m/>[39m

  Name "":
  [36m<p[39m
    [33mclass[39m=[32m"MuiFormHelperText-root MuiFormHelperText-sizeMedium MuiFormHelperText-contained MuiFormHelperText-filled Mui-required css-er619e-MuiFormHelperText-root"[39m
    [33mid[39m=[32m"_r_h8_-helper-text"[39m
  [36m/>[39m

  Name "":
  [36m<p[39m
    [33mclass[39m=[32m"MuiFormHelperText-root MuiFormHelperText-sizeMedium MuiFormHelperText-contained MuiFormHelperText-filled Mui-required css-er619e-MuiFormHelperText-root"[39m
    [33mid[39m=[32m"_r_h9_-helper-text"[39m
  [36m/>[39m

  Name "":
  [36m<p[39m
    [33mclass[39m=[32m"MuiFormHelperText-root MuiFormHelperText-sizeMedium MuiFormHelperText-contained MuiFormHelperText-filled Mui-required css-er619e-MuiFormHelperText-root"[39m
    [33mid[39m=[32m"_r_hb_-helper-text"[39m
  [36m/>[39m

  Name "":
  [36m<p[39m
    [33mclass[39m=[32m"MuiFormHelperText-root MuiFormHelperText-sizeMedium MuiFormHelperText-contained MuiFormHelperText-filled Mui-required css-er619e-MuiFormHelperText-root"[39m
    [33mid[39m=[32m"_r_hc_-helper-text"[39m
  [36m/>[39m

  Name "":
  [36m<p[39m
    [33mclass[39m=[32m"MuiFormHelperText-root MuiFormHelperText-sizeMedium MuiFormHelperText-contained MuiFormHelperText-filled Mui-required css-er619e-MuiFormHelperText-root"[39m
    [33mid[39m=[32m"_r_he_-helper-text"[39m
  [36m/>[39m

  Name "":
  [36m<p[39m
    [33mclass[39m=[32m"MuiFormHelperText-root MuiFormHelperText-sizeMedium MuiFormHelperText-contained MuiFormHelperText-filled Mui-required css-er619e-MuiFormHelperText-root"[39m
    [33mid[39m=[32m"_r_hf_-helper-text"[39m
  [36m/>[39m

  Name "":
  [36m<p[39m
    [33mclass[39m=[32m"MuiFormHelperText-root MuiFormHelperText-sizeMedium MuiFormHelperText-contained MuiFormHelperText-filled Mui-required css-er619e-MuiFormHelperText-root"[39m
    [33mid[39m=[32m"_r_hh_-helper-text"[39m
  [36m/>[39m

  Name "":
  [36m<p[39m
    [33mclass[39m=[32m"MuiFormHelperText-root MuiFormHelperText-sizeMedium MuiFormHelperText-contained MuiFormHelperText-filled Mui-required css-er619e-MuiFormHelperText-root"[39m
    [33mid[39m=[32m"_r_hi_-helper-text"[39m
  [36m/>[39m

  Name "":
  [36m<p[39m
    [33mclass[39m=[32m"MuiFormHelperText-root MuiFormHelperText-sizeMedium MuiFormHelperText-contained MuiFormHelperText-filled Mui-required css-er619e-MuiFormHelperText-root"[39m
    [33mid[39m=[32m"_r_hk_-helper-text"[39m
  [36m/>[39m

  Name "":
  [36m<p[39m
    [33mclass[39m=[32m"MuiFormHelperText-root MuiFormHelperText-sizeMedium MuiFormHelperText-contained MuiFormHelperText-filled Mui-required css-er619e-MuiFormHelperText-root"[39m
    [33mid[39m=[32m"_r_hl_-helper-text"[39m
  [36m/>[39m

  Name "":
  [36m<p[39m
    [33mclass[39m=[32m"MuiFormHelperText-root MuiFormHelperText-sizeMedium MuiFormHelperText-contained MuiFormHelperText-filled Mui-required css-er619e-MuiFormHelperText-root"[39m
    [33mid[39m=[32m"_r_hn_-helper-text"[39m
  [36m/>[39m

  Name "":
  [36m<p[39m
    [33mclass[39m=[32m"MuiFormHelperText-root MuiFormHelperText-sizeMedium MuiFormHelperText-contained MuiFormHelperText-filled Mui-required css-er619e-MuiFormHelperText-root"[39m
    [33mid[39m=[32m"_r_ho_-helper-text"[39m
  [36m/>[39m

  Name "":
  [36m<p[39m
    [33mclass[39m=[32m"MuiFormHelperText-root MuiFormHelperText-sizeMedium MuiFormHelperText-contained MuiFormHelperText-filled Mui-required css-er619e-MuiFormHelperText-root"[39m
    [33mid[39m=[32m"_r_hq_-helper-text"[39m
  [36m/>[39m

  Name "":
  [36m<p[39m
    [33mclass[39m=[32m"MuiFormHelperText-root MuiFormHelperText-sizeMedium MuiFormHelperText-contained MuiFormHelperText-filled Mui-required css-er619e-MuiFormHelperText-root"[39m
    [33mid[39m=[32m"_r_hr_-helper-text"[39m
  [36m/>[39m

  Name "":
  [36m<p[39m
    [33mclass[39m=[32m"MuiFormHelperText-root MuiFormHelperText-sizeMedium MuiFormHelperText-contained MuiFormHelperText-filled Mui-required css-er619e-MuiFormHelperText-root"[39m
    [33mid[39m=[32m"_r_ht_-helper-text"[39m
  [36m/>[39m

  Name "":
  [36m<p[39m
    [33mclass[39m=[32m"MuiFormHelperText-root MuiFormHelperText-sizeMedium MuiFormHelperText-contained MuiFormHelperText-filled Mui-required css-er619e-MuiFormHelperText-root"[39m
    [33mid[39m=[32m"_r_hu_-helper-text"[39m
  [36m/>[39m

  Name "":
  [36m<p[39m
    [33mclass[39m=[32m"MuiFormHelperText-root MuiFormHelperText-sizeMedium MuiFormHelperText-contained MuiFormHelperText-filled Mui-required css-er619e-MuiFormHelperText-root"[39m
    [33mid[39m=[32m"_r_i0_-helper-text"[39m
  [36m/>[39m

  Name "":
  [36m<p[39m
    [33mclass[39m=[32m"MuiFormHelperText-root MuiFormHelperText-sizeMedium MuiFormHelperText-contained MuiFormHelperText-filled Mui-required css-er619e-MuiFormHelperText-root"[39m
    [33mid[39m=[32m"_r_i1_-helper-text"[39m
  [36m/>[39m

  Name "":
  [36m<p[39m
    [33mclass[39m=[32m"MuiFormHelperText-root MuiFormHelperText-sizeMedium MuiFormHelperText-contained MuiFormHelperText-filled Mui-required css-er619e-MuiFormHelperText-root"[39m
    [33mid[39m=[32m"_r_i3_-helper-text"[39m
  [36m/>[39m

  Name "":
  [36m<p[39m
    [33mclass[39m=[32m"MuiFormHelperText-root MuiFormHelperText-sizeMedium MuiFormHelperText-contained MuiFormHelperText-filled Mui-required css-er619e-MuiFormHelperText-root"[39m
    [33mid[39m=[32m"_r_i4_-helper-text"[39m
  [36m/>[39m

  Name "":
  [36m<p[39m
    [33mclass[39m=[32m"MuiFormHelperText-root MuiFormHelperText-sizeMedium MuiFormHelperText-contained MuiFormHelperText-filled Mui-required css-er619e-MuiFormHelperText-root"[39m
    [33mid[39m=[32m"_r_i6_-helper-text"[39m
  [36m/>[39m

  Name "":
  [36m<p[39m
    [33mclass[39m=[32m"MuiFormHelperText-root MuiFormHelperText-sizeMedium MuiFormHelperText-contained MuiFormHelperText-filled Mui-required css-er619e-MuiFormHelperText-root"[39m
    [33mid[39m=[32m"_r_i7_-helper-text"[39m
  [36m/>[39m

  Name "":
  [36m<p[39m
    [33mclass[39m=[32m"MuiFormHelperText-root MuiFormHelperText-sizeMedium MuiFormHelperText-contained MuiFormHelperText-filled Mui-required css-er619e-MuiFormHelperText-root"[39m
    [33mid[39m=[32m"_r_i9_-helper-text"[39m
  [36m/>[39m

  Name "":
  [36m<p[39m
    [33mclass[39m=[32m"MuiFormHelperText-root MuiFormHelperText-sizeMedium MuiFormHelperText-contained MuiFormHelperText-filled Mui-required css-er619e-MuiFormHelperText-root"[39m
    [33mid[39m=[32m"_r_ia_-helper-text"[39m
  [36m/>[39m

  Name "":
  [36m<p[39m
    [33mclass[39m=[32m"MuiFormHelperText-root MuiFormHelperText-sizeMedium MuiFormHelperText-contained MuiFormHelperText-filled Mui-required css-er619e-MuiFormHelperText-root"[39m
    [33mid[39m=[32m"_r_ic_-helper-text"[39m
  [36m/>[39m

  Name "":
  [36m<p[39m
    [33mclass[39m=[32m"MuiFormHelperText-root MuiFormHelperText-sizeMedium MuiFormHelperText-contained MuiFormHelperText-filled Mui-required css-er619e-MuiFormHelperText-root"[39m
    [33mid[39m=[32m"_r_id_-helper-text"[39m
  [36m/>[39m

  Name "":
  [36m<p[39m
    [33mclass[39m=[32m"MuiFormHelperText-root MuiFormHelperText-sizeMedium MuiFormHelperText-contained MuiFormHelperText-filled Mui-required css-er619e-MuiFormHelperText-root"[39m
    [33mid[39m=[32m"_r_if_-helper-text"[39m
  [36m/>[39m

  Name "":
  [36m<p[39m
    [33mclass[39m=[32m"MuiFormHelperText-root MuiFormHelperText-sizeMedium MuiFormHelperText-contained MuiFormHelperText-filled Mui-required css-er619e-MuiFormHelperText-root"[39m
    [33mid[39m=[32m"_r_ig_-helper-text"[39m
  [36m/>[39m

  Name "":
  [36m<p[39m
    [33mclass[39m=[32m"MuiFormHelperText-root MuiFormHelperText-sizeMedium MuiFormHelperText-contained MuiFormHelperText-filled Mui-required css-er619e-MuiFormHelperText-root"[39m
    [33mid[39m=[32m"_r_ii_-helper-text"[39m
  [36m/>[39m

  Name "":
  [36m<p[39m
    [33mclass[39m=[32m"MuiFormHelperText-root MuiFormHelperText-sizeMedium MuiFormHelperText-contained MuiFormHelperText-filled Mui-required css-er619e-MuiFormHelperText-root"[39m
    [33mid[39m=[32m"_r_ij_-helper-text"[39m
  [36m/>[39m

  Name "":
  [36m<p[39m
    [33mclass[39m=[32m"MuiFormHelperText-root MuiFormHelperText-sizeMedium MuiFormHelperText-contained MuiFormHelperText-filled Mui-required css-er619e-MuiFormHelperText-root"[39m
    [33mid[39m=[32m"_r_il_-helper-text"[39m
  [36m/>[39m

  Name "":
  [36m<p[39m
    [33mclass[39m=[32m"MuiFormHelperText-root MuiFormHelperText-sizeMedium MuiFormHelperText-contained MuiFormHelperText-filled Mui-required css-er619e-MuiFormHelperText-root"[39m
    [33mid[39m=[32m"_r_im_-helper-text"[39m
  [36m/>[39m

  Name "":
  [36m<p[39m
    [33mclass[39m=[32m"MuiFormHelperText-root MuiFormHelperText-sizeMedium MuiFormHelperText-contained MuiFormHelperText-filled Mui-required css-er619e-MuiFormHelperText-root"[39m
    [33mid[39m=[32m"_r_io_-helper-text"[39m
  [36m/>[39m

  Name "":
  [36m<p[39m
    [33mclass[39m=[32m"MuiFormHelperText-root MuiFormHelperText-sizeMedium MuiFormHelperText-contained MuiFormHelperText-filled Mui-required css-er619e-MuiFormHelperText-root"[39m
    [33mid[39m=[32m"_r_ip_-helper-text"[39m
  [36m/>[39m

  Name "":
  [36m<p[39m
    [33mclass[39m=[32m"MuiFormHelperText-root MuiFormHelperText-sizeMedium MuiFormHelperText-contained MuiFormHelperText-filled Mui-required css-er619e-MuiFormHelperText-root"[39m
    [33mid[39m=[32m"_r_ir_-helper-text"[39m
  [36m/>[39m

  Name "":
  [36m<p[39m
    [33mclass[39m=[32m"MuiFormHelperText-root MuiFormHelperText-sizeMedium MuiFormHelperText-contained MuiFormHelperText-filled Mui-required css-er619e-MuiFormHelperText-root"[39m
    [33mid[39m=[32m"_r_is_-helper-text"[39m
  [36m/>[39m

  Name "":
  [36m<p[39m
    [33mclass[39m=[32m"MuiFormHelperText-root MuiFormHelperText-sizeMedium MuiFormHelperText-contained MuiFormHelperText-filled Mui-required css-er619e-MuiFormHelperText-root"[39m
    [33mid[39m=[32m"_r_iu_-helper-text"[39m
  [36m/>[39m

  Name "":
  [36m<p[39m
    [33mclass[39m=[32m"MuiFormHelperText-root MuiFormHelperText-sizeMedium MuiFormHelperText-contained MuiFormHelperText-filled Mui-required css-er619e-MuiFormHelperText-root"[39m
    [33mid[39m=[32m"_r_iv_-helper-text"[39m
  [36m/>[39m

  Name "":
  [36m<p[39m
    [33mclass[39m=[32m"MuiFormHelperText-root MuiFormHelperText-sizeMedium MuiFormHelperText-contained MuiFormHelperText-filled Mui-required css-er619e-MuiFormHelperText-root"[39m
    [33mid[39m=[32m"_r_j1_-helper-text"[39m
  [36m/>[39m

  Name "":
  [36m<p[39m
    [33mclass[39m=[32m"MuiFormHelperText-root MuiFormHelperText-sizeMedium MuiFormHelperText-contained MuiFormHelperText-filled Mui-required css-er619e-MuiFormHelperText-root"[39m
    [33mid[39m=[32m"_r_j2_-helper-text"[39m
  [36m/>[39m

  Name "":
  [36m<p[39m
    [33mclass[39m=[32m"MuiFormHelperText-root MuiFormHelperText-sizeMedium MuiFormHelperText-contained MuiFormHelperText-filled Mui-required css-er619e-MuiFormHelperText-root"[39m
    [33mid[39m=[32m"_r_j4_-helper-text"[39m
  [36m/>[39m

  Name "":
  [36m<p[39m
    [33mclass[39m=[32m"MuiFormHelperText-root MuiFormHelperText-sizeMedium MuiFormHelperText-contained MuiFormHelperText-filled Mui-required css-er619e-MuiFormHelperText-root"[39m
    [33mid[39m=[32m"_r_j5_-helper-text"[39m
  [36m/>[39m

  Name "":
  [36m<p[39m
    [33mclass[39m=[32m"MuiFormHelperText-root MuiFormHelperText-sizeMedium MuiFormHelperText-contained MuiFormHelperText-filled Mui-required css-er619e-MuiFormHelperText-root"[39m
    [33mid[39m=[32m"_r_j7_-helper-text"[39m
  [36m/>[39m

  Name "":
  [36m<p[39m
    [33mclass[39m=[32m"MuiFormHelperText-root MuiFormHelperText-sizeMedium MuiFormHelperText-contained MuiFormHelperText-filled Mui-required css-er619e-MuiFormHelperText-root"[39m
    [33mid[39m=[32m"_r_j8_-helper-text"[39m
  [36m/>[39m

  Name "":
  [36m<p[39m
    [33mclass[39m=[32m"MuiFormHelperText-root MuiFormHelperText-sizeMedium MuiFormHelperText-contained MuiFormHelperText-filled Mui-required css-er619e-MuiFormHelperText-root"[39m
    [33mid[39m=[32m"_r_ja_-helper-text"[39m
  [36m/>[39m

  Name "":
  [36m<p[39m
    [33mclass[39m=[32m"MuiFormHelperText-root MuiFormHelperText-sizeMedium MuiFormHelperText-contained MuiFormHelperText-filled Mui-required css-er619e-MuiFormHelperText-root"[39m
    [33mid[39m=[32m"_r_jb_-helper-text"[39m
  [36m/>[39m

  Name "":
  [36m<p[39m
    [33mclass[39m=[32m"MuiFormHelperText-root MuiFormHelperText-sizeMedium MuiFormHelperText-contained MuiFormHelperText-filled Mui-required css-er619e-MuiFormHelperText-root"[39m
    [33mid[39m=[32m"_r_jd_-helper-text"[39m
  [36m/>[39m

  Name "":
  [36m<p[39m
    [33mclass[39m=[32m"MuiFormHelperText-root MuiFormHelperText-sizeMedium MuiFormHelperText-contained MuiFormHelperText-filled Mui-required css-er619e-MuiFormHelperText-root"[39m
    [33mid[39m=[32m"_r_je_-helper-text"[39m
  [36m/>[39m

  Name "":
  [36m<p[39m
    [33mclass[39m=[32m"MuiFormHelperText-root MuiFormHelperText-sizeMedium MuiFormHelperText-contained MuiFormHelperText-filled Mui-required css-er619e-MuiFormHelperText-root"[39m
    [33mid[39m=[32m"_r_jg_-helper-text"[39m
  [36m/>[39m

  Name "":
  [36m<p[39m
    [33mclass[39m=[32m"MuiFormHelperText-root MuiFormHelperText-sizeMedium MuiFormHelperText-contained MuiFormHelperText-filled Mui-required css-er619e-MuiFormHelperText-root"[39m
    [33mid[39m=[32m"_r_jh_-helper-text"[39m
  [36m/>[39m

  Name "":
  [36m<p[39m
    [33mclass[39m=[32m"MuiFormHelperText-root MuiFormHelperText-sizeMedium MuiFormHelperText-contained MuiFormHelperText-filled Mui-required css-er619e-MuiFormHelperText-root"[39m
    [33mid[39m=[32m"_r_jj_-helper-text"[39m
  [36m/>[39m

  Name "":
  [36m<p[39m
    [33mclass[39m=[32m"MuiFormHelperText-root MuiFormHelperText-sizeMedium MuiFormHelperText-contained MuiFormHelperText-filled Mui-required css-er619e-MuiFormHelperText-root"[39m
    [33mid[39m=[32m"_r_jk_-helper-text"[39m
  [36m/>[39m

  Name "":
  [36m<p[39m
    [33mclass[39m=[32m"MuiFormHelperText-root MuiFormHelperText-sizeMedium MuiFormHelperText-contained MuiFormHelperText-filled Mui-required css-er619e-MuiFormHelperText-root"[39m
    [33mid[39m=[32m"_r_jm_-helper-text"[39m
  [36m/>[39m

  Name "":
  [36m<p[39m
    [33mclass[39m=[32m"MuiFormHelperText-root MuiFormHelperText-sizeMedium MuiFormHelperText-contained MuiFormHelperText-filled Mui-required css-er619e-MuiFormHelperText-root"[39m
    [33mid[39m=[32m"_r_jn_-helper-text"[39m
  [36m/>[39m

  Name "":
  [36m<p[39m
    [33mclass[39m=[32m"MuiFormHelperText-root MuiFormHelperText-sizeMedium MuiFormHelperText-contained MuiFormHelperText-filled Mui-required css-er619e-MuiFormHelperText-root"[39m
    [33mid[39m=[32m"_r_jp_-helper-text"[39m
  [36m/>[39m

  Name "":
  [36m<p[39m
    [33mclass[39m=[32m"MuiFormHelperText-root MuiFormHelperText-sizeMedium MuiFormHelperText-contained MuiFormHelperText-filled Mui-required css-er619e-MuiFormHelperText-root"[39m
    [33mid[39m=[32m"_r_jq_-helper-text"[39m
  [36m/>[39m

  Name "":
  [36m<p[39m
    [33mclass[39m=[32m"MuiFormHelperText-root MuiFormHelperText-sizeMedium MuiFormHelperText-contained MuiFormHelperText-filled Mui-required css-er619e-MuiFormHelperText-root"[39m
    [33mid[39m=[32m"_r_js_-helper-text"[39m
  [36m/>[39m

  Name "":
  [36m<p[39m
    [33mclass[39m=[32m"MuiFormHelperText-root MuiFormHelperText-sizeMedium MuiFormHelperText-contained MuiFormHelperText-filled Mui-required css-er619e-MuiFormHelperText-root"[39m
    [33mid[39m=[32m"_r_jt_-helper-text"[39m
  [36m/>[39m

  Name "":
  [36m<p[39m
    [33mclass[39m=[32m"MuiFormHelperText-root MuiFormHelperText-sizeMedium MuiFormHelperText-contained MuiFormHelperText-filled Mui-required css-er619e-MuiFormHelperText-root"[39m
    [33mid[39m=[32m"_r_jv_-helper-text"[39m
  [36m/>[39m

  Name "":
  [36m<p[39m
    [33mclass[39m=[32m"MuiFormHelperText-root MuiFormHelperText-sizeMedium MuiFormHelperText-contained MuiFormHelperText-filled Mui-required css-er619e-MuiFormHelperText-root"[39m
    [33mid[39m=[32m"_r_k0_-helper-text"[39m
  [36m/>[39m

  Name "":
  [36m<p[39m
    [33mclass[39m=[32m"MuiFormHelperText-root MuiFormHelperText-sizeMedium MuiFormHelperText-contained MuiFormHelperText-filled Mui-required css-er619e-MuiFormHelperText-root"[39m
    [33mid[39m=[32m"_r_k2_-helper-text"[39m
  [36m/>[39m

  Name "":
  [36m<p[39m
    [33mclass[39m=[32m"MuiFormHelperText-root MuiFormHelperText-sizeMedium MuiFormHelperText-contained MuiFormHelperText-filled Mui-required css-er619e-MuiFormHelperText-root"[39m
    [33mid[39m=[32m"_r_k3_-helper-text"[39m
  [36m/>[39m

  Name "":
  [36m<p[39m
    [33mclass[39m=[32m"MuiFormHelperText-root MuiFormHelperText-sizeMedium MuiFormHelperText-contained MuiFormHelperText-filled Mui-required css-er619e-MuiFormHelperText-root"[39m
    [33mid[39m=[32m"_r_k5_-helper-text"[39m
  [36m/>[39m

  Name "":
  [36m<p[39m
    [33mclass[39m=[32m"MuiFormHelperText-root MuiFormHelperText-sizeMedium MuiFormHelperText-contained MuiFormHelperText-filled Mui-required css-er619e-MuiFormHelperText-root"[39m
    [33mid[39m=[32m"_r_k6_-helper-text"[39m
  [36m/>[39m

  Name "":
  [36m<p[39m
    [33mclass[39m=[32m"MuiFormHelperText-root MuiFormHelperText-sizeMedium MuiFormHelperText-contained MuiFormHelperText-filled Mui-required css-er619e-MuiFormHelperText-root"[39m
    [33mid[39m=[32m"_r_k8_-helper-text"[39m
  [36m/>[39m

  Name "":
  [36m<p[39m
    [33mclass[39m=[32m"MuiFormHelperText-root MuiFormHelperText-sizeMedium MuiFormHelperText-contained MuiFormHelperText-filled Mui-required css-er619e-MuiFormHelperText-root"[39m
    [33mid[39m=[32m"_r_k9_-helper-text"[39m
  [36m/>[39m

  Name "":
  [36m<p[39m
    [33mclass[39m=[32m"MuiFormHelperText-root MuiFormHelperText-sizeMedium MuiFormHelperText-contained MuiFormHelperText-filled Mui-required css-er619e-MuiFormHelperText-root"[39m
    [33mid[39m=[32m"_r_kb_-helper-text"[39m
  [36m/>[39m

  Name "":
  [36m<p[39m
    [33mclass[39m=[32m"MuiFormHelperText-root MuiFormHelperText-sizeMedium MuiFormHelperText-contained MuiFormHelperText-filled Mui-required css-er619e-MuiFormHelperText-root"[39m
    [33mid[39m=[32m"_r_kc_-helper-text"[39m
  [36m/>[39m

  Name "":
  [36m<p[39m
    [33mclass[39m=[32m"MuiFormHelperText-root MuiFormHelperText-sizeMedium MuiFormHelperText-contained MuiFormHelperText-filled Mui-required css-er619e-MuiFormHelperText-root"[39m
    [33mid[39m=[32m"_r_ke_-helper-text"[39m
  [36m/>[39m

  Name "":
  [36m<p[39m
    [33mclass[39m=[32m"MuiFormHelperText-root MuiFormHelperText-sizeMedium MuiFormHelperText-contained MuiFormHelperText-filled Mui-required css-er619e-MuiFormHelperText-root"[39m
    [33mid[39m=[32m"_r_kf_-helper-text"[39m
  [36m/>[39m

  Name "":
  [36m<p[39m
    [33mclass[39m=[32m"MuiFormHelperText-root MuiFormHelperText-sizeMedium MuiFormHelperText-contained MuiFormHelperText-filled Mui-required css-er619e-MuiFormHelperText-root"[39m
    [33mid[39m=[32m"_r_kh_-helper-text"[39m
  [36m/>[39m

  Name "":
  [36m<p[39m
    [33mclass[39m=[32m"MuiFormHelperText-root MuiFormHelperText-sizeMedium MuiFormHelperText-contained MuiFormHelperText-filled Mui-required css-er619e-MuiFormHelperText-root"[39m
    [33mid[39m=[32m"_r_ki_-helper-text"[39m
  [36m/>[39m

  Name "":
  [36m<p[39m
    [33mclass[39m=[32m"MuiFormHelperText-root MuiFormHelperText-sizeMedium MuiFormHelperText-contained MuiFormHelperText-filled Mui-required css-er619e-MuiFormHelperText-root"[39m
    [33mid[39m=[32m"_r_kk_-helper-text"[39m
  [36m/>[39m

  Name "":
  [36m<p[39m
    [33mclass[39m=[32m"MuiFormHelperText-root MuiFormHelperText-sizeMedium MuiFormHelperText-contained MuiFormHelperText-filled Mui-required css-er619e-MuiFormHelperText-root"[39m
    [33mid[39m=[32m"_r_kl_-helper-text"[39m
  [36m/>[39m

  Name "":
  [36m<p[39m
    [33mclass[39m=[32m"MuiFormHelperText-root MuiFormHelperText-sizeMedium MuiFormHelperText-contained MuiFormHelperText-filled Mui-required css-er619e-MuiFormHelperText-root"[39m
    [33mid[39m=[32m"_r_kn_-helper-text"[39m
  [36m/>[39m

  Name "":
  [36m<p[39m
    [33mclass[39m=[32m"MuiFormHelperText-root MuiFormHelperText-sizeMedium MuiFormHelperText-contained MuiFormHelperText-filled Mui-required css-er619e-MuiFormHelperText-root"[39m
    [33mid[39m=[32m"_r_ko_-helper-text"[39m
  [36m/>[39m

  Name "":
  [36m<p[39m
    [33mclass[39m=[32m"MuiFormHelperText-root MuiFormHelperText-sizeMedium MuiFormHelperText-contained MuiFormHelperText-filled Mui-required css-er619e-MuiFormHelperText-root"[39m
    [33mid[39m=[32m"_r_kq_-helper-text"[39m
  [36m/>[39m

  Name "":
  [36m<p[39m
    [33mclass[39m=[32m"MuiFormHelperText-root MuiFormHelperText-sizeMedium MuiFormHelperText-contained MuiFormHelperText-filled Mui-required css-er619e-MuiFormHelperText-root"[39m
    [33mid[39m=[32m"_r_kr_-helper-text"[39m
  [36m/>[39m

  Name "":
  [36m<p[39m
    [33mclass[39m=[32m"MuiFormHelperText-root MuiFormHelperText-sizeMedium MuiFormHelperText-contained MuiFormHelperText-filled Mui-required css-er619e-MuiFormHelperText-root"[39m
    [33mid[39m=[32m"_r_kt_-helper-text"[39m
  [36m/>[39m

  Name "":
  [36m<p[39m
    [33mclass[39m=[32m"MuiFormHelperText-root MuiFormHelperText-sizeMedium MuiFormHelperText-contained MuiFormHelperText-filled Mui-required css-er619e-MuiFormHelperText-root"[39m
    [33mid[39m=[32m"_r_ku_-helper-text"[39m
  [36m/>[39m

  Name "":
  [36m<p[39m
    [33mclass[39m=[32m"MuiFormHelperText-root MuiFormHelperText-sizeMedium MuiFormHelperText-contained MuiFormHelperText-filled Mui-required css-er619e-MuiFormHelperText-root"[39m
    [33mid[39m=[32m"_r_l0_-helper-text"[39m
  [36m/>[39m

  Name "":
  [36m<p[39m
    [33mclass[39m=[32m"MuiFormHelperText-root MuiFormHelperText-sizeMedium MuiFormHelperText-contained MuiFormHelperText-filled Mui-required css-er619e-MuiFormHelperText-root"[39m
    [33mid[39m=[32m"_r_l1_-helper-text"[39m
  [36m/>[39m

  Name "":
  [36m<p[39m
    [33mclass[39m=[32m"MuiFormHelperText-root MuiFormHelperText-sizeMedium MuiFormHelperText-contained MuiFormHelperText-filled Mui-required css-er619e-MuiFormHelperText-root"[39m
    [33mid[39m=[32m"_r_l3_-helper-text"[39m
  [36m/>[39m

  Name "":
  [36m<p[39m
    [33mclass[39m=[32m"MuiFormHelperText-root MuiFormHelperText-sizeMedium MuiFormHelperText-contained MuiFormHelperText-filled Mui-required css-er619e-MuiFormHelperText-root"[39m
    [33mid[39m=[32m"_r_l4_-helper-text"[39m
  [36m/>[39m

  Name "":
  [36m<p[39m
    [33mclass[39m=[32m"MuiFormHelperText-root MuiFormHelperText-sizeMedium MuiFormHelperText-contained MuiFormHelperText-filled Mui-required css-er619e-MuiFormHelperText-root"[39m
    [33mid[39m=[32m"_r_l6_-helper-text"[39m
  [36m/>[39m

  Name "":
  [36m<p[39m
    [33mclass[39m=[32m"MuiFormHelperText-root MuiFormHelperText-sizeMedium MuiFormHelperText-contained MuiFormHelperText-filled Mui-required css-er619e-MuiFormHelperText-root"[39m
    [33mid[39m=[32m"_r_l7_-helper-text"[39m
  [36m/>[39m

  Name "":
  [36m<p[39m
    [33mclass[39m=[32m"MuiFormHelperText-root MuiFormHelperText-sizeMedium MuiFormHelperText-contained MuiFormHelperText-filled Mui-required css-er619e-MuiFormHelperText-root"[39m
    [33mid[39m=[32m"_r_l9_-helper-text"[39m
  [36m/>[39m

  Name "":
  [36m<p[39m
    [33mclass[39m=[32m"MuiFormHelperText-root MuiFormHelperText-sizeMedium MuiFormHelperText-contained MuiFormHelperText-filled Mui-required css-er619e-MuiFormHelperText-root"[39m
    [33mid[39m=[32m"_r_la_-helper-text"[39m
  [36m/>[39m

  Name "":
  [36m<p[39m
    [33mclass[39m=[32m"MuiFormHelperText-root MuiFormHelperText-sizeMedium MuiFormHelperText-contained MuiFormHelperText-filled Mui-required css-er619e-MuiFormHelperText-root"[39m
    [33mid[39m=[32m"_r_lc_-helper-text"[39m
  [36m/>[39m

  Name "":
  [36m<p[39m
    [33mclass[39m=[32m"MuiFormHelperText-root MuiFormHelperText-sizeMedium MuiFormHelperText-contained MuiFormHelperText-filled Mui-required css-er619e-MuiFormHelperText-root"[39m
    [33mid[39m=[32m"_r_ld_-helper-text"[39m
  [36m/>[39m

  Name "":
  [36m<p[39m
    [33mclass[39m=[32m"MuiFormHelperText-root MuiFormHelperText-sizeMedium MuiFormHelperText-contained MuiFormHelperText-filled Mui-required css-er619e-MuiFormHelperText-root"[39m
    [33mid[39m=[32m"_r_lf_-helper-text"[39m
  [36m/>[39m

  Name "":
  [36m<p[39m
    [33mclass[39m=[32m"MuiFormHelperText-root MuiFormHelperText-sizeMedium MuiFormHelperText-contained MuiFormHelperText-filled Mui-required css-er619e-MuiFormHelperText-root"[39m
    [33mid[39m=[32m"_r_lg_-helper-text"[39m
  [36m/>[39m

  Name "":
  [36m<p[39m
    [33mclass[39m=[32m"MuiFormHelperText-root MuiFormHelperText-sizeMedium MuiFormHelperText-contained MuiFormHelperText-filled Mui-required css-er619e-MuiFormHelperText-root"[39m
    [33mid[39m=[32m"_r_li_-helper-text"[39m
  [36m/>[39m

  Name "":
  [36m<p[39m
    [33mclass[39m=[32m"MuiFormHelperText-root MuiFormHelperText-sizeMedium MuiFormHelperText-contained MuiFormHelperText-filled Mui-required css-er619e-MuiFormHelperText-root"[39m
    [33mid[39m=[32m"_r_lj_-helper-text"[39m
  [36m/>[39m

  Name "":
  [36m<p[39m
    [33mclass[39m=[32m"MuiFormHelperText-root MuiFormHelperText-sizeMedium MuiFormHelperText-contained MuiFormHelperText-filled Mui-required css-er619e-MuiFormHelperText-root"[39m
    [33mid[39m=[32m"_r_ll_-helper-text"[39m
  [36m/>[39m

  Name "":
  [36m<p[39m
    [33mclass[39m=[32m"MuiFormHelperText-root MuiFormHelperText-sizeMedium MuiFormHelperText-contained MuiFormHelperText-filled Mui-required css-er619e-MuiFormHelperText-root"[39m
    [33mid[39m=[32m"_r_lm_-helper-text"[39m
  [36m/>[39m

  Name "":
  [36m<p[39m
    [33mclass[39m=[32m"MuiFormHelperText-root MuiFormHelperText-sizeMedium MuiFormHelperText-contained MuiFormHelperText-filled Mui-required css-er619e-MuiFormHelperText-root"[39m
    [33mid[39m=[32m"_r_lo_-helper-text"[39m
  [36m/>[39m

  Name "":
  [36m<p[39m
    [33mclass[39m=[32m"MuiFormHelperText-root MuiFormHelperText-sizeMedium MuiFormHelperText-contained MuiFormHelperText-filled Mui-required css-er619e-MuiFormHelperText-root"[39m
    [33mid[39m=[32m"_r_lp_-helper-text"[39m
  [36m/>[39m

  Name "":
  [36m<p[39m
    [33mclass[39m=[32m"MuiFormHelperText-root MuiFormHelperText-sizeMedium MuiFormHelperText-contained MuiFormHelperText-filled Mui-required css-er619e-MuiFormHelperText-root"[39m
    [33mid[39m=[32m"_r_lr_-helper-text"[39m
  [36m/>[39m

  Name "":
  [36m<p[39m
    [33mclass[39m=[32m"MuiFormHelperText-root MuiFormHelperText-sizeMedium MuiFormHelperText-contained MuiFormHelperText-filled Mui-required css-er619e-MuiFormHelperText-root"[39m
    [33mid[39m=[32m"_r_ls_-helper-text"[39m
  [36m/>[39m

  Name "":
  [36m<p[39m
    [33mclass[39m=[32m"MuiFormHelperText-root MuiFormHelperText-sizeMedium MuiFormHelperText-contained MuiFormHelperText-filled Mui-required css-er619e-MuiFormHelperText-root"[39m
    [33mid[39m=[32m"_r_lu_-helper-text"[39m
  [36m/>[39m

  Name "":
  [36m<p[39m
    [33mclass[39m=[32m"MuiFormHelperText-root MuiFormHelperText-sizeMedium MuiFormHelperText-contained MuiFormHelperText-filled Mui-required css-er619e-MuiFormHelperText-root"[39m
    [33mid[39m=[32m"_r_lv_-helper-text"[39m
  [36m/>[39m

  Name "":
  [36m<p[39m
    [33mclass[39m=[32m"MuiFormHelperText-root MuiFormHelperText-sizeMedium MuiFormHelperText-contained MuiFormHelperText-filled Mui-required css-er619e-MuiFormHelperText-root"[39m
    [33mid[39m=[32m"_r_m1_-helper-text"[39m
  [36m/>[39m

  Name "":
  [36m<p[39m
    [33mclass[39m=[32m"MuiFormHelperText-root MuiFormHelperText-sizeMedium MuiFormHelperText-contained MuiFormHelperText-filled Mui-required css-er619e-MuiFormHelperText-root"[39m
    [33mid[39m=[32m"_r_m2_-helper-text"[39m
  [36m/>[39m

  Name "":
  [36m<p[39m
    [33mclass[39m=[32m"MuiFormHelperText-root MuiFormHelperText-sizeMedium MuiFormHelperText-contained MuiFormHelperText-filled Mui-required css-er619e-MuiFormHelperText-root"[39m
    [33mid[39m=[32m"_r_m4_-helper-text"[39m
  [36m/>[39m

  Name "":
  [36m<p[39m
    [33mclass[39m=[32m"MuiFormHelperText-root MuiFormHelperText-sizeMedium MuiFormHelperText-contained MuiFormHelperText-filled Mui-required css-er619e-MuiFormHelperText-root"[39m
    [33mid[39m=[32m"_r_m5_-helper-text"[39m
  [36m/>[39m

  Name "":
  [36m<p[39m
    [33mclass[39m=[32m"MuiFormHelperText-root MuiFormHelperText-sizeMedium MuiFormHelperText-contained MuiFormHelperText-filled Mui-required css-er619e-MuiFormHelperText-root"[39m
    [33mid[39m=[32m"_r_m7_-helper-text"[39m
  [36m/>[39m

  Name "":
  [36m<p[39m
    [33mclass[39m=[32m"MuiFormHelperText-root MuiFormHelperText-sizeMedium MuiFormHelperText-contained MuiFormHelperText-filled Mui-required css-er619e-MuiFormHelperText-root"[39m
    [33mid[39m=[32m"_r_m8_-helper-text"[39m
  [36m/>[39m

  Name "":
  [36m<p[39m
    [33mclass[39m=[32m"MuiFormHelperText-root MuiFormHelperText-sizeMedium MuiFormHelperText-contained MuiFormHelperText-filled Mui-required css-er619e-MuiFormHelperText-root"[39m
    [33mid[39m=[32m"_r_ma_-helper-text"[39m
  [36m/>[39m

  Name "":
  [36m<p[39m
    [33mclass[39m=[32m"MuiFormHelperText-root MuiFormHelperText-sizeMedium MuiFormHelperText-contained MuiFormHelperText-filled Mui-required css-er619e-MuiFormHelperText-root"[39m
    [33mid[39m=[32m"_r_mb_-helper-text"[39m
  [36m/>[39m

  Name "":
  [36m<p[39m
    [33mclass[39m=[32m"MuiFormHelperText-root MuiFormHelperText-sizeMedium MuiFormHelperText-contained MuiFormHelperText-filled Mui-required css-er619e-MuiFormHelperText-root"[39m
    [33mid[39m=[32m"_r_md_-helper-text"[39m
  [36m/>[39m

  Name "":
  [36m<p[39m
    [33mclass[39m=[32m"MuiFormHelperText-root MuiFormHelperText-sizeMedium MuiFormHelperText-contained MuiFormHelperText-filled Mui-required css-er619e-MuiFormHelperText-root"[39m
    [33mid[39m=[32m"_r_me_-helper-text"[39m
  [36m/>[39m

  Name "":
  [36m<p[39m
    [33mclass[39m=[32m"MuiFormHelperText-root MuiFormHelperText-sizeMedium MuiFormHelperText-contained MuiFormHelperText-filled Mui-required css-er619e-MuiFormHelperText-root"[39m
    [33mid[39m=[32m"_r_mg_-helper-text"[39m
  [36m/>[39m

  Name "":
  [36m<p[39m
    [33mclass[39m=[32m"MuiFormHelperText-root MuiFormHelperText-sizeMedium MuiFormHelperText-contained MuiFormHelperText-filled Mui-required css-er619e-MuiFormHelperText-root"[39m
    [33mid[39m=[32m"_r_mh_-helper-text"[39m
  [36m/>[39m

  Name "":
  [36m<p[39m
    [33mclass[39m=[32m"MuiFormHelperText-root MuiFormHelperText-sizeMedium MuiFormHelperText-contained MuiFormHelperText-filled Mui-required css-er619e-MuiFormHelperText-root"[39m
    [33mid[39m=[32m"_r_mj_-helper-text"[39m
  [36m/>[39m

  Name "":
  [36m<p[39m
    [33mclass[39m=[32m"MuiFormHelperText-root MuiFormHelperText-sizeMedium MuiFormHelperText-contained MuiFormHelperText-filled Mui-required css-er619e-MuiFormHelperText-root"[39m
    [33mid[39m=[32m"_r_mk_-helper-text"[39m
  [36m/>[39m

  Name "":
  [36m<p[39m
    [33mclass[39m=[32m"MuiFormHelperText-root MuiFormHelperText-sizeMedium MuiFormHelperText-contained MuiFormHelperText-filled Mui-required css-er619e-MuiFormHelperText-root"[39m
    [33mid[39m=[32m"_r_mm_-helper-text"[39m
  [36m/>[39m

  Name "":
  [36m<p[39m
    [33mclass[39m=[32m"MuiFormHelperText-root MuiFormHelperText-sizeMedium MuiFormHelperText-contained MuiFormHelperText-filled Mui-required css-er619e-MuiFormHelperText-root"[39m
    [33mid[39m=[32m"_r_mn_-helper-text"[39m
  [36m/>[39m

  Name "":
  [36m<p[39m
    [33mclass[39m=[32m"MuiFormHelperText-root MuiFormHelperText-sizeMedium MuiFormHelperText-contained MuiFormHelperText-filled Mui-required css-er619e-MuiFormHelperText-root"[39m
    [33mid[39m=[32m"_r_mp_-helper-text"[39m
  [36m/>[39m

  Name "":
  [36m<p[39m
    [33mclass[39m=[32m"MuiFormHelperText-root MuiFormHelperText-sizeMedium MuiFormHelperText-contained MuiFormHelperText-filled Mui-required css-er619e-MuiFormHelperText-root"[39m
    [33mid[39m=[32m"_r_mq_-helper-text"[39m
  [36m/>[39m

  Name "":
  [36m<p[39m
    [33mclass[39m=[32m"MuiFormHelperText-root MuiFormHelperText-sizeMedium MuiFormHelperText-contained MuiFormHelperText-filled Mui-required css-er619e-MuiFormHelperText-root"[39m
    [33mid[39m=[32m"_r_ms_-helper-text"[39m
  [36m/>[39m

  Name "":
  [36m<p[39m
    [33mclass[39m=[32m"MuiFormHelperText-root MuiFormHelperText-sizeMedium MuiFormHelperText-contained MuiFormHelperText-filled Mui-required css-er619e-MuiFormHelperText-root"[39m
    [33mid[39m=[32m"_r_mt_-helper-text"[39m
  [36m/>[39m

  Name "":
  [36m<p[39m
    [33mclass[39m=[32m"MuiFormHelperText-root MuiFormHelperText-sizeMedium MuiFormHelperText-contained MuiFormHelperText-filled Mui-required css-er619e-MuiFormHelperText-root"[39m
    [33mid[39m=[32m"_r_mv_-helper-text"[39m
  [36m/>[39m

  Name "":
  [36m<p[39m
    [33mclass[39m=[32m"MuiFormHelperText-root MuiFormHelperText-sizeMedium MuiFormHelperText-contained MuiFormHelperText-filled Mui-required css-er619e-MuiFormHelperText-root"[39m
    [33mid[39m=[32m"_r_n0_-helper-text"[39m
  [36m/>[39m

  Name "":
  [36m<p[39m
    [33mclass[39m=[32m"MuiFormHelperText-root MuiFormHelperText-sizeMedium MuiFormHelperText-contained MuiFormHelperText-filled Mui-required css-er619e-MuiFormHelperText-root"[39m
    [33mid[39m=[32m"_r_n2_-helper-text"[39m
  [36m/>[39m

  Name "":
  [36m<p[39m
    [33mclass[39m=[32m"MuiFormHelperText-root MuiFormHelperText-sizeMedium MuiFormHelperText-contained MuiFormHelperText-filled Mui-required css-er619e-MuiFormHelperText-root"[39m
    [33mid[39m=[32m"_r_n3_-helper-text"[39m
  [36m/>[39m

  Name "":
  [36m<p[39m
    [33mclass[39m=[32m"MuiFormHelperText-root MuiFormHelperText-sizeMedium MuiFormHelperText-contained MuiFormHelperText-filled Mui-required css-er619e-MuiFormHelperText-root"[39m
    [33mid[39m=[32m"_r_n5_-helper-text"[39m
  [36m/>[39m

  Name "":
  [36m<p[39m
    [33mclass[39m=[32m"MuiFormHelperText-root MuiFormHelperText-sizeMedium MuiFormHelperText-contained MuiFormHelperText-filled Mui-required css-er619e-MuiFormHelperText-root"[39m
    [33mid[39m=[32m"_r_n6_-helper-text"[39m
  [36m/>[39m

  Name "":
  [36m<p[39m
    [33mclass[39m=[32m"MuiFormHelperText-root MuiFormHelperText-sizeMedium MuiFormHelperText-contained MuiFormHelperText-filled Mui-required css-er619e-MuiFormHelperText-root"[39m
    [33mid[39m=[32m"_r_n8_-helper-text"[39m
  [36m/>[39m

  Name "":
  [36m<p[39m
    [33mclass[39m=[32m"MuiFormHelperText-root MuiFormHelperText-sizeMedium MuiFormHelperText-contained MuiFormHelperText-filled Mui-required css-er619e-MuiFormHelperText-root"[39m
    [33mid[39m=[32m"_r_n9_-helper-text"[39m
  [36m/>[39m

  Name "":
  [36m<p[39m
    [33mclass[39m=[32m"MuiFormHelperText-root MuiFormHelperText-sizeMedium MuiFormHelperText-contained MuiFormHelperText-filled Mui-required css-er619e-MuiFormHelperText-root"[39m
    [33mid[39m=[32m"_r_nb_-helper-text"[39m
  [36m/>[39m

  Name "":
  [36m<p[39m
    [33mclass[39m=[32m"MuiFormHelperText-root MuiFormHelperText-sizeMedium MuiFormHelperText-contained MuiFormHelperText-filled Mui-required css-er619e-MuiFormHelperText-root"[39m
    [33mid[39m=[32m"_r_nc_-helper-text"[39m
  [36m/>[39m

  Name "":
  [36m<p[39m
    [33mclass[39m=[32m"MuiFormHelperText-root MuiFormHelperText-sizeMedium MuiFormHelperText-contained MuiFormHelperText-filled Mui-required css-er619e-MuiFormHelperText-root"[39m
    [33mid[39m=[32m"_r_ne_-helper-text"[39m
  [36m/>[39m

  Name "":
  [36m<p[39m
    [33mclass[39m=[32m"MuiFormHelperText-root MuiFormHelperText-sizeMedium MuiFormHelperText-contained MuiFormHelperText-filled Mui-required css-er619e-MuiFormHelperText-root"[39m
    [33mid[39m=[32m"_r_nf_-helper-text"[39m
  [36m/>[39m

  Name "":
  [36m<p[39m
    [33mclass[39m=[32m"MuiFormHelperText-root MuiFormHelperText-sizeMedium MuiFormHelperText-contained MuiFormHelperText-filled Mui-required css-er619e-MuiFormHelperText-root"[39m
    [33mid[39m=[32m"_r_nh_-helper-text"[39m
  [36m/>[39m

  Name "":
  [36m<p[39m
    [33mclass[39m=[32m"MuiFormHelperText-root MuiFormHelperText-sizeMedium MuiFormHelperText-contained MuiFormHelperText-filled Mui-required css-er619e-MuiFormHelperText-root"[39m
    [33mid[39m=[32m"_r_ni_-helper-text"[39m
  [36m/>[39m

  Name "":
  [36m<p[39m
    [33mclass[39m=[32m"MuiFormHelperText-root MuiFormHelperText-sizeMedium MuiFormHelperText-contained MuiFormHelperText-filled Mui-required css-er619e-MuiFormHelperText-root"[39m
    [33mid[39m=[32m"_r_nk_-helper-text"[39m
  [36m/>[39m

  Name "":
  [36m<p[39m
    [33mclass[39m=[32m"MuiFormHelperText-root MuiFormHelperText-sizeMedium MuiFormHelperText-contained MuiFormHelperText-filled Mui-required css-er619e-MuiFormHelperText-root"[39m
    [33mid[39m=[32m"_r_nl_-helper-text"[39m
  [36m/>[39m

  Name "":
  [36m<p[39m
    [33mclass[39m=[32m"MuiFormHelperText-root MuiFormHelperText-sizeMedium MuiFormHelperText-contained MuiFormHelperText-filled Mui-required css-er619e-MuiFormHelperText-root"[39m
    [33mid[39m=[32m"_r_nn_-helper-text"[39m
  [36m/>[39m

  Name "":
  [36m<p[39m
    [33mclass[39m=[32m"MuiFormHelperText-root MuiFormHelperText-sizeMedium MuiFormHelperText-contained MuiFormHelperText-filled Mui-required css-er619e-MuiFormHelperText-root"[39m
    [33mid[39m=[32m"_r_no_-helper-text"[39m
  [36m/>[39m

  Name "":
  [36m<p[39m
    [33mclass[39m=[32m"MuiFormHelperText-root MuiFormHelperText-sizeMedium MuiFormHelperText-contained MuiFormHelperText-filled Mui-required css-er619e-MuiFormHelperText-root"[39m
    [33mid[39m=[32m"_r_nq_-helper-text"[39m
  [36m/>[39m

  Name "":
  [36m<p[39m
    [33mclass[39m=[32m"MuiFormHelperText-root MuiFormHelperText-sizeMedium MuiFormHelperText-contained MuiFormHelperText-filled Mui-required css-er619e-MuiFormHelperText-root"[39m
    [33mid[39m=[32m"_r_nr_-helper-text"[39m
  [36m/>[39m

  Name "":
  [36m<p[39m
    [33mclass[39m=[32m"MuiFormHelperText-root MuiFormHelperText-sizeMedium MuiFormHelperText-contained MuiFormHelperText-filled Mui-required css-er619e-MuiFormHelperText-root"[39m
    [33mid[39m=[32m"_r_nt_-helper-text"[39m
  [36m/>[39m

  Name "":
  [36m<p[39m
    [33mclass[39m=[32m"MuiFormHelperText-root MuiFormHelperText-sizeMedium MuiFormHelperText-contained MuiFormHelperText-filled Mui-required css-er619e-MuiFormHelperText-root"[39m
    [33mid[39m=[32m"_r_nu_-helper-text"[39m
  [36m/>[39m

  Name "":
  [36m<p[39m
    [33mclass[39m=[32m"MuiFormHelperText-root MuiFormHelperText-sizeMedium MuiFormHelperText-contained MuiFormHelperText-filled Mui-required css-er619e-MuiFormHelperText-root"[39m
    [33mid[39m=[32m"_r_o0_-helper-text"[39m
  [36m/>[39m

  Name "":
  [36m<p[39m
    [33mclass[39m=[32m"MuiFormHelperText-root MuiFormHelperText-sizeMedium MuiFormHelperText-contained MuiFormHelperText-filled Mui-required css-er619e-MuiFormHelperText-root"[39m
    [33mid[39m=[32m"_r_o1_-helper-text"[39m
  [36m/>[39m

  Name "":
  [36m<p[39m
    [33mclass[39m=[32m"MuiFormHelperText-root MuiFormHelperText-sizeMedium MuiFormHelperText-contained MuiFormHelperText-filled Mui-required css-er619e-MuiFormHelperText-root"[39m
    [33mid[39m=[32m"_r_o3_-helper-text"[39m
  [36m/>[39m

  Name "":
  [36m<p[39m
    [33mclass[39m=[32m"MuiFormHelperText-root MuiFormHelperText-sizeMedium MuiFormHelperText-contained MuiFormHelperText-filled Mui-required css-er619e-MuiFormHelperText-root"[39m
    [33mid[39m=[32m"_r_o4_-helper-text"[39m
  [36m/>[39m

  Name "":
  [36m<p[39m
    [33mclass[39m=[32m"MuiFormHelperText-root MuiFormHelperText-sizeMedium MuiFormHelperText-contained MuiFormHelperText-filled Mui-required css-er619e-MuiFormHelperText-root"[39m
    [33mid[39m=[32m"_r_o6_-helper-text"[39m
  [36m/>[39m

  Name "":
  [36m<p[39m
    [33mclass[39m=[32m"MuiFormHelperText-root MuiFormHelperText-sizeMedium MuiFormHelperText-contained MuiFormHelperText-filled Mui-required css-er619e-MuiFormHelperText-root"[39m
    [33mid[39m=[32m"_r_o7_-helper-text"[39m
  [36m/>[39m

  Name "":
  [36m<p[39m
    [33mclass[39m=[32m"MuiFormHelperText-root MuiFormHelperText-sizeMedium MuiFormHelperText-contained MuiFormHelperText-filled Mui-required css-er619e-MuiFormHelperText-root"[39m
    [33mid[39m=[32m"_r_o9_-helper-text"[39m
  [36m/>[39m

  Name "":
  [36m<p[39m
    [33mclass[39m=[32m"MuiFormHelperText-root MuiFormHelperText-sizeMedium MuiFormHelperText-contained MuiFormHelperText-filled Mui-required css-er619e-MuiFormHelperText-root"[39m
    [33mid[39m=[32m"_r_oa_-helper-text"[39m
  [36m/>[39m

  Name "":
  [36m<p[39m
    [33mclass[39m=[32m"MuiFormHelperText-root MuiFormHelperText-sizeMedium MuiFormHelperText-contained MuiFormHelperText-filled Mui-required css-er619e-MuiFormHelperText-root"[39m
    [33mid[39m=[32m"_r_oc_-helper-text"[39m
  [36m/>[39m

  Name "":
  [36m<p[39m
    [33mclass[39m=[32m"MuiFormHelperText-root MuiFormHelperText-sizeMedium MuiFormHelperText-contained MuiFormHelperText-filled Mui-required css-er619e-MuiFormHelperText-root"[39m
    [33mid[39m=[32m"_r_od_-helper-text"[39m
  [36m/>[39m

  Name "":
  [36m<p[39m
    [33mclass[39m=[32m"MuiFormHelperText-root MuiFormHelperText-sizeMedium MuiFormHelperText-contained MuiFormHelperText-filled Mui-required css-er619e-MuiFormHelperText-root"[39m
    [33mid[39m=[32m"_r_of_-helper-text"[39m
  [36m/>[39m

  Name "":
  [36m<p[39m
    [33mclass[39m=[32m"MuiFormHelperText-root MuiFormHelperText-sizeMedium MuiFormHelperText-contained MuiFormHelperText-filled Mui-required css-er619e-MuiFormHelperText-root"[39m
    [33mid[39m=[32m"_r_og_-helper-text"[39m
  [36m/>[39m

  Name "":
  [36m<p[39m
    [33mclass[39m=[32m"MuiFormHelperText-root MuiFormHelperText-sizeMedium MuiFormHelperText-contained MuiFormHelperText-filled Mui-required css-er619e-MuiFormHelperText-root"[39m
    [33mid[39m=[32m"_r_oi_-helper-text"[39m
  [36m/>[39m

  Name "":
  [36m<p[39m
    [33mclass[39m=[32m"MuiFormHelperText-root MuiFormHelperText-sizeMedium MuiFormHelperText-contained MuiFormHelperText-filled Mui-required css-er619e-MuiFormHelperText-root"[39m
    [33mid[39m=[32m"_r_oj_-helper-text"[39m
  [36m/>[39m

  Name "":
  [36m<p[39m
    [33mclass[39m=[32m"MuiFormHelperText-root MuiFormHelperText-sizeMedium MuiFormHelperText-contained MuiFormHelperText-filled Mui-required css-er619e-MuiFormHelperText-root"[39m
    [33mid[39m=[32m"_r_ol_-helper-text"[39m
  [36m/>[39m

  Name "":
  [36m<p[39m
    [33mclass[39m=[32m"MuiFormHelperText-root MuiFormHelperText-sizeMedium MuiFormHelperText-contained MuiFormHelperText-filled Mui-required css-er619e-MuiFormHelperText-root"[39m
    [33mid[39m=[32m"_r_om_-helper-text"[39m
  [36m/>[39m

  Name "":
  [36m<p[39m
    [33mclass[39m=[32m"MuiFormHelperText-root MuiFormHelperText-sizeMedium MuiFormHelperText-contained MuiFormHelperText-filled Mui-required css-er619e-MuiFormHelperText-root"[39m
    [33mid[39m=[32m"_r_oo_-helper-text"[39m
  [36m/>[39m

  Name "":
  [36m<p[39m
    [33mclass[39m=[32m"MuiFormHelperText-root MuiFormHelperText-sizeMedium MuiFormHelperText-contained MuiFormHelperText-filled Mui-required css-er619e-MuiFormHelperText-root"[39m
    [33mid[39m=[32m"_r_op_-helper-text"[39m
  [36m/>[39m

  Name "":
  [36m<p[39m
    [33mclass[39m=[32m"MuiFormHelperText-root MuiFormHelperText-sizeMedium MuiFormHelperText-contained MuiFormHelperText-filled Mui-required css-er619e-MuiFormHelperText-root"[39m
    [33mid[39m=[32m"_r_or_-helper-text"[39m
  [36m/>[39m

  Name "":
  [36m<p[39m
    [33mclass[39m=[32m"MuiFormHelperText-root MuiFormHelperText-sizeMedium MuiFormHelperText-contained MuiFormHelperText-filled Mui-required css-er619e-MuiFormHelperText-root"[39m
    [33mid[39m=[32m"_r_os_-helper-text"[39m
  [36m/>[39m

  Name "":
  [36m<p[39m
    [33mclass[39m=[32m"MuiFormHelperText-root MuiFormHelperText-sizeMedium MuiFormHelperText-contained MuiFormHelperText-filled Mui-required css-er619e-MuiFormHelperText-root"[39m
    [33mid[39m=[32m"_r_ou_-helper-text"[39m
  [36m/>[39m

  Name "":
  [36m<p[39m
    [33mclass[39m=[32m"MuiFormHelperText-root MuiFormHelperText-sizeMedium MuiFormHelperText-contained MuiFormHelperText-filled Mui-required css-er619e-MuiFormHelperText-root"[39m
    [33mid[39m=[32m"_r_ov_-helper-text"[39m
  [36m/>[39m

  Name "":
  [36m<p[39m
    [33mclass[39m=[32m"MuiFormHelperText-root MuiFormHelperText-sizeMedium MuiFormHelperText-contained MuiFormHelperText-filled Mui-required css-er619e-MuiFormHelperText-root"[39m
    [33mid[39m=[32m"_r_p1_-helper-text"[39m
  [36m/>[39m

  Name "":
  [36m<p[39m
    [33mclass[39m=[32m"MuiFormHelperText-root MuiFormHelperText-sizeMedium MuiFormHelperText-contained MuiFormHelperText-filled Mui-required css-er619e-MuiFormHelperText-root"[39m
    [33mid[39m=[32m"_r_p2_-helper-text"[39m
  [36m/>[39m

  Name "":
  [36m<p[39m
    [33mclass[39m=[32m"MuiFormHelperText-root MuiFormHelperText-sizeMedium MuiFormHelperText-contained MuiFormHelperText-filled Mui-required css-er619e-MuiFormHelperText-root"[39m
    [33mid[39m=[32m"_r_p4_-helper-text"[39m
  [36m/>[39m

  Name "":
  [36m<p[39m
    [33mclass[39m=[32m"MuiFormHelperText-root MuiFormHelperText-sizeMedium MuiFormHelperText-contained MuiFormHelperText-filled Mui-required css-er619e-MuiFormHelperText-root"[39m
    [33mid[39m=[32m"_r_p5_-helper-text"[39m
  [36m/>[39m

  Name "":
  [36m<p[39m
    [33mclass[39m=[32m"MuiFormHelperText-root MuiFormHelperText-sizeMedium MuiFormHelperText-contained MuiFormHelperText-filled Mui-required css-er619e-MuiFormHelperText-root"[39m
    [33mid[39m=[32m"_r_p7_-helper-text"[39m
  [36m/>[39m

  Name "":
  [36m<p[39m
    [33mclass[39m=[32m"MuiFormHelperText-root MuiFormHelperText-sizeMedium MuiFormHelperText-contained MuiFormHelperText-filled Mui-required css-er619e-MuiFormHelperText-root"[39m
    [33mid[39m=[32m"_r_p8_-helper-text"[39m
  [36m/>[39m

  Name "":
  [36m<p[39m
    [33mclass[39m=[32m"MuiFormHelperText-root MuiFormHelperText-sizeMedium MuiFormHelperText-contained MuiFormHelperText-filled Mui-required css-er619e-MuiFormHelperText-root"[39m
    [33mid[39m=[32m"_r_pa_-helper-text"[39m
  [36m/>[39m

  Name "":
  [36m<p[39m
    [33mclass[39m=[32m"MuiFormHelperText-root MuiFormHelperText-sizeMedium MuiFormHelperText-contained MuiFormHelperText-filled Mui-required css-er619e-MuiFormHelperText-root"[39m
    [33mid[39m=[32m"_r_pb_-helper-text"[39m
  [36m/>[39m

  Name "":
  [36m<p[39m
    [33mclass[39m=[32m"MuiFormHelperText-root MuiFormHelperText-sizeMedium MuiFormHelperText-contained MuiFormHelperText-filled Mui-required css-er619e-MuiFormHelperText-root"[39m
    [33mid[39m=[32m"_r_pd_-helper-text"[39m
  [36m/>[39m

  Name "":
  [36m<p[39m
    [33mclass[39m=[32m"MuiFormHelperText-root MuiFormHelperText-sizeMedium MuiFormHelperText-contained MuiFormHelperText-filled Mui-required css-er619e-MuiFormHelperText-root"[39m
    [33mid[39m=[32m"_r_pe_-helper-text"[39m
  [36m/>[39m

  Name "":
  [36m<p[39m
    [33mclass[39m=[32m"MuiFormHelperText-root MuiFormHelperText-sizeMedium MuiFormHelperText-contained MuiFormHelperText-filled Mui-required css-er619e-MuiFormHelperText-root"[39m
    [33mid[39m=[32m"_r_pg_-helper-text"[39m
  [36m/>[39m

  Name "":
  [36m<p[39m
    [33mclass[39m=[32m"MuiFormHelperText-root MuiFormHelperText-sizeMedium MuiFormHelperText-contained MuiFormHelperText-filled Mui-required css-er619e-MuiFormHelperText-root"[39m
    [33mid[39m=[32m"_r_ph_-helper-text"[39m
  [36m/>[39m

  Name "":
  [36m<p[39m
    [33mclass[39m=[32m"MuiFormHelperText-root MuiFormHelperText-sizeMedium MuiFormHelperText-contained MuiFormHelperText-filled Mui-required css-er619e-MuiFormHelperText-root"[39m
    [33mid[39m=[32m"_r_pj_-helper-text"[39m
  [36m/>[39m

  Name "":
  [36m<p[39m
    [33mclass[39m=[32m"MuiFormHelperText-root MuiFormHelperText-sizeMedium MuiFormHelperText-contained MuiFormHelperText-filled Mui-required css-er619e-MuiFormHelperText-root"[39m
    [33mid[39m=[32m"_r_pk_-helper-text"[39m
  [36m/>[39m

  Name "":
  [36m<p[39m
    [33mclass[39m=[32m"MuiFormHelperText-root MuiFormHelperText-sizeMedium MuiFormHelperText-contained MuiFormHelperText-filled Mui-required css-er619e-MuiFormHelperText-root"[39m
    [33mid[39m=[32m"_r_pm_-helper-text"[39m
  [36m/>[39m

  Name "":
  [36m<p[39m
    [33mclass[39m=[32m"MuiFormHelperText-root MuiFormHelperText-sizeMedium MuiFormHelperText-contained MuiFormHelperText-filled Mui-required css-er619e-MuiFormHelperText-root"[39m
    [33mid[39m=[32m"_r_pn_-helper-text"[39m
  [36m/>[39m

  Name "":
  [36m<p[39m
    [33mclass[39m=[32m"MuiFormHelperText-root MuiFormHelperText-sizeMedium MuiFormHelperText-contained MuiFormHelperText-filled Mui-required css-er619e-MuiFormHelperText-root"[39m
    [33mid[39m=[32m"_r_pp_-helper-text"[39m
  [36m/>[39m

  Name "":
  [36m<p[39m
    [33mclass[39m=[32m"MuiFormHelperText-root MuiFormHelperText-sizeMedium MuiFormHelperText-contained MuiFormHelperText-filled Mui-required css-er619e-MuiFormHelperText-root"[39m
    [33mid[39m=[32m"_r_pq_-helper-text"[39m
  [36m/>[39m

  Name "":
  [36m<p[39m
    [33mclass[39m=[32m"MuiFormHelperText-root MuiFormHelperText-sizeMedium MuiFormHelperText-contained MuiFormHelperText-filled Mui-required css-er619e-MuiFormHelperText-root"[39m
    [33mid[39m=[32m"_r_ps_-helper-text"[39m
  [36m/>[39m

  Name "":
  [36m<p[39m
    [33mclass[39m=[32m"MuiFormHelperText-root MuiFormHelperText-sizeMedium MuiFormHelperText-contained MuiFormHelperText-filled Mui-required css-er619e-MuiFormHelperText-root"[39m
    [33mid[39m=[32m"_r_pt_-helper-text"[39m
  [36m/>[39m

  Name "":
  [36m<p[39m
    [33mclass[39m=[32m"MuiFormHelperText-root MuiFormHelperText-sizeMedium MuiFormHelperText-contained MuiFormHelperText-filled Mui-required css-er619e-MuiFormHelperText-root"[39m
    [33mid[39m=[32m"_r_pv_-helper-text"[39m
  [36m/>[39m

  Name "":
  [36m<p[39m
    [33mclass[39m=[32m"MuiFormHelperText-root MuiFormHelperText-sizeMedium MuiFormHelperText-contained MuiFormHelperText-filled Mui-required css-er619e-MuiFormHelperText-root"[39m
    [33mid[39m=[32m"_r_q0_-helper-text"[39m
  [36m/>[39m

  Name "":
  [36m<p[39m
    [33mclass[39m=[32m"MuiFormHelperText-root MuiFormHelperText-sizeMedium MuiFormHelperText-contained MuiFormHelperText-filled Mui-required css-er619e-MuiFormHelperText-root"[39m
    [33mid[39m=[32m"_r_q2_-helper-text"[39m
  [36m/>[39m

  Name "":
  [36m<p[39m
    [33mclass[39m=[32m"MuiFormHelperText-root MuiFormHelperText-sizeMedium MuiFormHelperText-contained MuiFormHelperText-filled Mui-required css-er619e-MuiFormHelperText-root"[39m
    [33mid[39m=[32m"_r_q3_-helper-text"[39m
  [36m/>[39m

  Name "":
  [36m<p[39m
    [33mclass[39m=[32m"MuiFormHelperText-root MuiFormHelperText-sizeMedium MuiFormHelperText-contained MuiFormHelperText-filled Mui-required css-er619e-MuiFormHelperText-root"[39m
    [33mid[39m=[32m"_r_q5_-helper-text"[39m
  [36m/>[39m

  Name "":
  [36m<p[39m
    [33mclass[39m=[32m"MuiFormHelperText-root MuiFormHelperText-sizeMedium MuiFormHelperText-contained MuiFormHelperText-filled Mui-required css-er619e-MuiFormHelperText-root"[39m
    [33mid[39m=[32m"_r_q6_-helper-text"[39m
  [36m/>[39m

  Name "":
  [36m<p[39m
    [33mclass[39m=[32m"MuiFormHelperText-root MuiFormHelperText-sizeMedium MuiFormHelperText-contained MuiFormHelperText-filled Mui-required css-er619e-MuiFormHelperText-root"[39m
    [33mid[39m=[32m"_r_q8_-helper-text"[39m
  [36m/>[39m

  Name "":
  [36m<p[39m
    [33mclass[39m=[32m"MuiFormHelperText-root MuiFormHelperText-sizeMedium MuiFormHelperText-contained MuiFormHelperText-filled Mui-required css-er619e-MuiFormHelperText-root"[39m
    [33mid[39m=[32m"_r_q9_-helper-text"[39m
  [36m/>[39m

  Name "":
  [36m<p[39m
    [33mclass[39m=[32m"MuiFormHelperText-root MuiFormHelperText-sizeMedium MuiFormHelperText-contained MuiFormHelperText-filled Mui-required css-er619e-MuiFormHelperText-root"[39m
    [33mid[39m=[32m"_r_qb_-helper-text"[39m
  [36m/>[39m

  Name "":
  [36m<p[39m
    [33mclass[39m=[32m"MuiFormHelperText-root MuiFormHelperText-sizeMedium MuiFormHelperText-contained MuiFormHelperText-filled Mui-required css-er619e-MuiFormHelperText-root"[39m
    [33mid[39m=[32m"_r_qc_-helper-text"[39m
  [36m/>[39m

  Name "":
  [36m<p[39m
    [33mclass[39m=[32m"MuiFormHelperText-root MuiFormHelperText-sizeMedium MuiFormHelperText-contained MuiFormHelperText-filled Mui-required css-er619e-MuiFormHelperText-root"[39m
    [33mid[39m=[32m"_r_qe_-helper-text"[39m
  [36m/>[39m

  Name "":
  [36m<p[39m
    [33mclass[39m=[32m"MuiFormHelperText-root MuiFormHelperText-sizeMedium MuiFormHelperText-contained MuiFormHelperText-filled Mui-required css-er619e-MuiFormHelperText-root"[39m
    [33mid[39m=[32m"_r_qf_-helper-text"[39m
  [36m/>[39m

  Name "":
  [36m<p[39m
    [33mclass[39m=[32m"MuiFormHelperText-root MuiFormHelperText-sizeMedium MuiFormHelperText-contained MuiFormHelperText-filled Mui-required css-er619e-MuiFormHelperText-root"[39m
    [33mid[39m=[32m"_r_qh_-helper-text"[39m
  [36m/>[39m

  Name "":
  [36m<p[39m
    [33mclass[39m=[32m"MuiFormHelperText-root MuiFormHelperText-sizeMedium MuiFormHelperText-contained MuiFormHelperText-filled Mui-required css-er619e-MuiFormHelperText-root"[39m
    [33mid[39m=[32m"_r_qi_-helper-text"[39m
  [36m/>[39m

  Name "":
  [36m<p[39m
    [33mclass[39m=[32m"MuiFormHelperText-root MuiFormHelperText-sizeMedium MuiFormHelperText-contained MuiFormHelperText-filled Mui-required css-er619e-MuiFormHelperText-root"[39m
    [33mid[39m=[32m"_r_qk_-helper-text"[39m
  [36m/>[39m

  Name "":
  [36m<p[39m
    [33mclass[39m=[32m"MuiFormHelperText-root MuiFormHelperText-sizeMedium MuiFormHelperText-contained MuiFormHelperText-filled Mui-required css-er619e-MuiFormHelperText-root"[39m
    [33mid[39m=[32m"_r_ql_-helper-text"[39m
  [36m/>[39m

  Name "":
  [36m<p[39m
    [33mclass[39m=[32m"MuiFormHelperText-root MuiFormHelperText-sizeMedium MuiFormHelperText-contained MuiFormHelperText-filled Mui-required css-er619e-MuiFormHelperText-root"[39m
    [33mid[39m=[32m"_r_qn_-helper-text"[39m
  [36m/>[39m

  Name "":
  [36m<p[39m
    [33mclass[39m=[32m"MuiFormHelperText-root MuiFormHelperText-sizeMedium MuiFormHelperText-contained MuiFormHelperText-filled Mui-required css-er619e-MuiFormHelperText-root"[39m
    [33mid[39m=[32m"_r_qo_-helper-text"[39m
  [36m/>[39m

  Name "":
  [36m<p[39m
    [33mclass[39m=[32m"MuiFormHelperText-root MuiFormHelperText-sizeMedium MuiFormHelperText-contained MuiFormHelperText-filled Mui-required css-er619e-MuiFormHelperText-root"[39m
    [33mid[39m=[32m"_r_qq_-helper-text"[39m
  [36m/>[39m

  Name "":
  [36m<p[39m
    [33mclass[39m=[32m"MuiFormHelperText-root MuiFormHelperText-sizeMedium MuiFormHelperText-contained MuiFormHelperText-filled Mui-required css-er619e-MuiFormHelperText-root"[39m
    [33mid[39m=[32m"_r_qr_-helper-text"[39m
  [36m/>[39m

  Name "":
  [36m<p[39m
    [33mclass[39m=[32m"MuiFormHelperText-root MuiFormHelperText-sizeMedium MuiFormHelperText-contained MuiFormHelperText-filled Mui-required css-er619e-MuiFormHelperText-root"[39m
    [33mid[39m=[32m"_r_qt_-helper-text"[39m
  [36m/>[39m

  Name "":
  [36m<p[39m
    [33mclass[39m=[32m"MuiFormHelperText-root MuiFormHelperText-sizeMedium MuiFormHelperText-contained MuiFormHelperText-filled Mui-required css-er619e-MuiFormHelperText-root"[39m
    [33mid[39m=[32m"_r_qu_-helper-text"[39m
  [36m/>[39m

  Name "":
  [36m<p[39m
    [33mclass[39m=[32m"MuiFormHelperText-root MuiFormHelperText-sizeMedium MuiFormHelperText-contained MuiFormHelperText-filled Mui-required css-er619e-MuiFormHelperText-root"[39m
    [33mid[39m=[32m"_r_r0_-helper-text"[39m
  [36m/>[39m

  Name "":
  [36m<p[39m
    [33mclass[39m=[32m"MuiFormHelperText-root MuiFormHelperText-sizeMedium MuiFormHelperText-contained MuiFormHelperText-filled Mui-required css-er619e-MuiFormHelperText-root"[39m
    [33mid[39m=[32m"_r_r1_-helper-text"[39m
  [36m/>[39m

  Name "":
  [36m<p[39m
    [33mclass[39m=[32m"MuiFormHelperText-root MuiFormHelperText-sizeMedium MuiFormHelperText-contained MuiFormHelperText-filled Mui-required css-er619e-MuiFormHelperText-root"[39m
    [33mid[39m=[32m"_r_r3_-helper-text"[39m
  [36m/>[39m

  Name "":
  [36m<p[39m
    [33mclass[39m=[32m"MuiFormHelperText-root MuiFormHelperText-sizeMedium MuiFormHelperText-contained MuiFormHelperText-filled Mui-required css-er619e-MuiFormHelperText-root"[39m
    [33mid[39m=[32m"_r_r4_-helper-text"[39m
  [36m/>[39m

  Name "":
  [36m<p[39m
    [33mclass[39m=[32m"MuiFormHelperText-root MuiFormHelperText-sizeMedium MuiFormHelperText-contained MuiFormHelperText-filled Mui-required css-er619e-MuiFormHelperText-root"[39m
    [33mid[39m=[32m"_r_r6_-helper-text"[39m
  [36m/>[39m

  Name "":
  [36m<p[39m
    [33mclass[39m=[32m"MuiFormHelperText-root MuiFormHelperText-sizeMedium MuiFormHelperText-contained MuiFormHelperText-filled Mui-required css-er619e-MuiFormHelperText-root"[39m
    [33mid[39m=[32m"_r_r7_-helper-text"[39m
  [36m/>[39m

  Name "":
  [36m<p[39m
    [33mclass[39m=[32m"MuiFormHelperText-root MuiFormHelperText-sizeMedium MuiFormHelperText-contained MuiFormHelperText-filled Mui-required css-er619e-MuiFormHelperText-root"[39m
    [33mid[39m=[32m"_r_r9_-helper-text"[39m
  [36m/>[39m

  Name "":
  [36m<p[39m
    [33mclass[39m=[32m"MuiFormHelperText-root MuiFormHelperText-sizeMedium MuiFormHelperText-contained MuiFormHelperText-filled Mui-required css-er619e-MuiFormHelperText-root"[39m
    [33mid[39m=[32m"_r_ra_-helper-text"[39m
  [36m/>[39m

  Name "":
  [36m<p[39m
    [33mclass[39m=[32m"MuiFormHelperText-root MuiFormHelperText-sizeMedium MuiFormHelperText-contained MuiFormHelperText-filled Mui-required css-er619e-MuiFormHelperText-root"[39m
    [33mid[39m=[32m"_r_rc_-helper-text"[39m
  [36m/>[39m

  Name "":
  [36m<p[39m
    [33mclass[39m=[32m"MuiFormHelperText-root MuiFormHelperText-sizeMedium MuiFormHelperText-contained MuiFormHelperText-filled Mui-required css-er619e-MuiFormHelperText-root"[39m
    [33mid[39m=[32m"_r_rd_-helper-text"[39m
  [36m/>[39m

  Name "":
  [36m<p[39m
    [33mclass[39m=[32m"MuiFormHelperText-root MuiFormHelperText-sizeMedium MuiFormHelperText-contained MuiFormHelperText-filled Mui-required css-er619e-MuiFormHelperText-root"[39m
    [33mid[39m=[32m"_r_rf_-helper-text"[39m
  [36m/>[39m

  Name "":
  [36m<p[39m
    [33mclass[39m=[32m"MuiFormHelperText-root MuiFormHelperText-sizeMedium MuiFormHelperText-contained MuiFormHelperText-filled Mui-required css-er619e-MuiFormHelperText-root"[39m
    [33mid[39m=[32m"_r_rg_-helper-text"[39m
  [36m/>[39m

  Name "":
  [36m<p[39m
    [33mclass[39m=[32m"MuiFormHelperText-root MuiFormHelperText-sizeMedium MuiFormHelperText-contained MuiFormHelperText-filled Mui-required css-er619e-MuiFormHelperText-root"[39m
    [33mid[39m=[32m"_r_ri_-helper-text"[39m
  [36m/>[39m

  Name "":
  [36m<p[39m
    [33mclass[39m=[32m"MuiFormHelperText-root MuiFormHelperText-sizeMedium MuiFormHelperText-contained MuiFormHelperText-filled Mui-required css-er619e-MuiFormHelperText-root"[39m
    [33mid[39m=[32m"_r_rj_-helper-text"[39m
  [36m/>[39m

  Name "":
  [36m<p[39m
    [33mclass[39m=[32m"MuiFormHelperText-root MuiFormHelperText-sizeMedium MuiFormHelperText-contained MuiFormHelperText-filled Mui-required css-er619e-MuiFormHelperText-root"[39m
    [33mid[39m=[32m"_r_rl_-helper-text"[39m
  [36m/>[39m

  Name "":
  [36m<p[39m
    [33mclass[39m=[32m"MuiFormHelperText-root MuiFormHelperText-sizeMedium MuiFormHelperText-contained MuiFormHelperText-filled Mui-required css-er619e-MuiFormHelperText-root"[39m
    [33mid[39m=[32m"_r_rm_-helper-text"[39m
  [36m/>[39m

  Name "":
  [36m<p[39m
    [33mclass[39m=[32m"MuiFormHelperText-root MuiFormHelperText-sizeMedium MuiFormHelperText-contained MuiFormHelperText-filled Mui-required css-er619e-MuiFormHelperText-root"[39m
    [33mid[39m=[32m"_r_ro_-helper-text"[39m
  [36m/>[39m

  Name "":
  [36m<p[39m
    [33mclass[39m=[32m"MuiFormHelperText-root MuiFormHelperText-sizeMedium MuiFormHelperText-contained MuiFormHelperText-filled Mui-required css-er619e-MuiFormHelperText-root"[39m
    [33mid[39m=[32m"_r_rp_-helper-text"[39m
  [36m/>[39m

  Name "":
  [36m<p[39m
    [33mclass[39m=[32m"MuiFormHelperText-root MuiFormHelperText-sizeMedium MuiFormHelperText-contained MuiFormHelperText-filled Mui-required css-er619e-MuiFormHelperText-root"[39m
    [33mid[39m=[32m"_r_rr_-helper-text"[39m
  [36m/>[39m

  Name "":
  [36m<p[39m
    [33mclass[39m=[32m"MuiFormHelperText-root MuiFormHelperText-sizeMedium MuiFormHelperText-contained MuiFormHelperText-filled Mui-required css-er619e-MuiFormHelperText-root"[39m
    [33mid[39m=[32m"_r_rs_-helper-text"[39m
  [36m/>[39m

  Name "":
  [36m<p[39m
    [33mclass[39m=[32m"MuiFormHelperText-root MuiFormHelperText-sizeMedium MuiFormHelperText-contained MuiFormHelperText-filled Mui-required css-er619e-MuiFormHelperText-root"[39m
    [33mid[39m=[32m"_r_ru_-helper-text"[39m
  [36m/>[39m

  Name "":
  [36m<p[39m
    [33mclass[39m=[32m"MuiFormHelperText-root MuiFormHelperText-sizeMedium MuiFormHelperText-contained MuiFormHelperText-filled Mui-required css-er619e-MuiFormHelperText-root"[39m
    [33mid[39m=[32m"_r_rv_-helper-text"[39m
  [36m/>[39m

  Name "":
  [36m<p[39m
    [33mclass[39m=[32m"MuiFormHelperText-root MuiFormHelperText-sizeMedium MuiFormHelperText-contained MuiFormHelperText-filled Mui-required css-er619e-MuiFormHelperText-root"[39m
    [33mid[39m=[32m"_r_s1_-helper-text"[39m
  [36m/>[39m

  Name "":
  [36m<p[39m
    [33mclass[39m=[32m"MuiFormHelperText-root MuiFormHelperText-sizeMedium MuiFormHelperText-contained MuiFormHelperText-filled Mui-required css-er619e-MuiFormHelperText-root"[39m
    [33mid[39m=[32m"_r_s2_-helper-text"[39m
  [36m/>[39m

  Name "":
  [36m<p[39m
    [33mclass[39m=[32m"MuiFormHelperText-root MuiFormHelperText-sizeMedium MuiFormHelperText-contained MuiFormHelperText-filled Mui-required css-er619e-MuiFormHelperText-root"[39m
    [33mid[39m=[32m"_r_s4_-helper-text"[39m
  [36m/>[39m

  Name "":
  [36m<p[39m
    [33mclass[39m=[32m"MuiFormHelperText-root MuiFormHelperText-sizeMedium MuiFormHelperText-contained MuiFormHelperText-filled Mui-required css-er619e-MuiFormHelperText-root"[39m
    [33mid[39m=[32m"_r_s5_-helper-text"[39m
  [36m/>[39m

  Name "":
  [36m<p[39m
    [33mclass[39m=[32m"MuiFormHelperText-root MuiFormHelperText-sizeMedium MuiFormHelperText-contained MuiFormHelperText-filled Mui-required css-er619e-MuiFormHelperText-root"[39m
    [33mid[39m=[32m"_r_s7_-helper-text"[39m
  [36m/>[39m

  Name "":
  [36m<p[39m
    [33mclass[39m=[32m"MuiFormHelperText-root MuiFormHelperText-sizeMedium MuiFormHelperText-contained MuiFormHelperText-filled Mui-required css-er619e-MuiFormHelperText-root"[39m
    [33mid[39m=[32m"_r_s8_-helper-text"[39m
  [36m/>[39m

  Name "":
  [36m<p[39m
    [33mclass[39m=[32m"MuiFormHelperText-root MuiFormHelperText-sizeMedium MuiFormHelperText-contained MuiFormHelperText-filled Mui-required css-er619e-MuiFormHelperText-root"[39m
    [33mid[39m=[32m"_r_sa_-helper-text"[39m
  [36m/>[39m

  Name "":
  [36m<p[39m
    [33mclass[39m=[32m"MuiFormHelperText-root MuiFormHelperText-sizeMedium MuiFormHelperText-contained MuiFormHelperText-filled Mui-required css-er619e-MuiFormHelperText-root"[39m
    [33mid[39m=[32m"_r_sb_-helper-text"[39m
  [36m/>[39m

  Name "":
  [36m<p[39m
    [33mclass[39m=[32m"MuiFormHelperText-root MuiFormHelperText-sizeMedium MuiFormHelperText-contained MuiFormHelperText-filled Mui-required css-er619e-MuiFormHelperText-root"[39m
    [33mid[39m=[32m"_r_sd_-helper-text"[39m
  [36m/>[39m

  Name "":
  [36m<p[39m
    [33mclass[39m=[32m"MuiFormHelperText-root MuiFormHelperText-sizeMedium MuiFormHelperText-contained MuiFormHelperText-filled Mui-required css-er619e-MuiFormHelperText-root"[39m
    [33mid[39m=[32m"_r_se_-helper-text"[39m
  [36m/>[39m

  Name "":
  [36m<p[39m
    [33mclass[39m=[32m"MuiFormHelperText-root MuiFormHelperText-sizeMedium MuiFormHelperText-contained MuiFormHelperText-filled Mui-required css-er619e-MuiFormHelperText-root"[39m
    [33mid[39m=[32m"_r_sg_-helper-text"[39m
  [36m/>[39m

  Name "":
  [36m<p[39m
    [33mclass[39m=[32m"MuiFormHelperText-root MuiFormHelperText-sizeMedium MuiFormHelperText-contained MuiFormHelperText-filled Mui-required css-er619e-MuiFormHelperText-root"[39m
    [33mid[39m=[32m"_r_sh_-helper-text"[39m
  [36m/>[39m

  Name "":
  [36m<p[39m
    [33mclass[39m=[32m"MuiFormHelperText-root MuiFormHelperText-sizeMedium MuiFormHelperText-contained MuiFormHelperText-filled Mui-required css-er619e-MuiFormHelperText-root"[39m
    [33mid[39m=[32m"_r_sj_-helper-text"[39m
  [36m/>[39m

  Name "":
  [36m<p[39m
    [33mclass[39m=[32m"MuiFormHelperText-root MuiFormHelperText-sizeMedium MuiFormHelperText-contained MuiFormHelperText-filled Mui-required css-er619e-MuiFormHelperText-root"[39m
    [33mid[39m=[32m"_r_sk_-helper-text"[39m
  [36m/>[39m

  Name "":
  [36m<p[39m
    [33mclass[39m=[32m"MuiFormHelperText-root MuiFormHelperText-sizeMedium MuiFormHelperText-contained MuiFormHelperText-filled Mui-required css-er619e-MuiFormHelperText-root"[39m
    [33mid[39m=[32m"_r_sm_-helper-text"[39m
  [36m/>[39m

  Name "":
  [36m<p[39m
    [33mclass[39m=[32m"MuiFormHelperText-root MuiFormHelperText-sizeMedium MuiFormHelperText-contained MuiFormHelperText-filled Mui-required css-er619e-MuiFormHelperText-root"[39m
    [33mid[39m=[32m"_r_sn_-helper-text"[39m
  [36m/>[39m

  Name "":
  [36m<p[39m
    [33mclass[39m=[32m"MuiFormHelperText-root MuiFormHelperText-sizeMedium MuiFormHelperText-contained MuiFormHelperText-filled Mui-required css-er619e-MuiFormHelperText-root"[39m
    [33mid[39m=[32m"_r_sp_-helper-text"[39m
  [36m/>[39m

  Name "":
  [36m<p[39m
    [33mclass[39m=[32m"MuiFormHelperText-root MuiFormHelperText-sizeMedium MuiFormHelperText-contained MuiFormHelperText-filled Mui-required css-er619e-MuiFormHelperText-root"[39m
    [33mid[39m=[32m"_r_sq_-helper-text"[39m
  [36m/>[39m

  Name "":
  [36m<p[39m
    [33mclass[39m=[32m"MuiFormHelperText-root MuiFormHelperText-sizeMedium MuiFormHelperText-contained MuiFormHelperText-filled Mui-required css-er619e-MuiFormHelperText-root"[39m
    [33mid[39m=[32m"_r_ss_-helper-text"[39m
  [36m/>[39m

  Name "":
  [36m<p[39m
    [33mclass[39m=[32m"MuiFormHelperText-root MuiFormHelperText-sizeMedium MuiFormHelperText-contained MuiFormHelperText-filled Mui-required css-er619e-MuiFormHelperText-root"[39m
    [33mid[39m=[32m"_r_st_-helper-text"[39m
  [36m/>[39m

  Name "":
  [36m<p[39m
    [33mclass[39m=[32m"MuiFormHelperText-root MuiFormHelperText-sizeMedium MuiFormHelperText-contained MuiFormHelperText-filled Mui-required css-er619e-MuiFormHelperText-root"[39m
    [33mid[39m=[32m"_r_sv_-helper-text"[39m
  [36m/>[39m

  Name "":
  [36m<p[39m
    [33mclass[39m=[32m"MuiFormHelperText-root MuiFormHelperText-sizeMedium MuiFormHelperText-contained MuiFormHelperText-filled Mui-required css-er619e-MuiFormHelperText-root"[39m
    [33mid[39m=[32m"_r_t0_-helper-text"[39m
  [36m/>[39m

  Name "":
  [36m<p[39m
    [33mclass[39m=[32m"MuiFormHelperText-root MuiFormHelperText-sizeMedium MuiFormHelperText-contained MuiFormHelperText-filled Mui-required css-er619e-MuiFormHelperText-root"[39m
    [33mid[39m=[32m"_r_t2_-helper-text"[39m
  [36m/>[39m

  Name "":
  [36m<p[39m
    [33mclass[39m=[32m"MuiFormHelperText-root MuiFormHelperText-sizeMedium MuiFormHelperText-contained MuiFormHelperText-filled Mui-required css-er619e-MuiFormHelperText-root"[39m
    [33mid[39m=[32m"_r_t3_-helper-text"[39m
  [36m/>[39m

  Name "":
  [36m<p[39m
    [33mclass[39m=[32m"MuiFormHelperText-root MuiFormHelperText-sizeMedium MuiFormHelperText-contained MuiFormHelperText-filled Mui-required css-er619e-MuiFormHelperText-root"[39m
    [33mid[39m=[32m"_r_t5_-helper-text"[39m
  [36m/>[39m

  Name "":
  [36m<p[39m
    [33mclass[39m=[32m"MuiFormHelperText-root MuiFormHelperText-sizeMedium MuiFormHelperText-contained MuiFormHelperText-filled Mui-required css-er619e-MuiFormHelperText-root"[39m
    [33mid[39m=[32m"_r_t6_-helper-text"[39m
  [36m/>[39m

  Name "":
  [36m<p[39m
    [33mclass[39m=[32m"MuiFormHelperText-root MuiFormHelperText-sizeMedium MuiFormHelperText-contained MuiFormHelperText-filled Mui-required css-er619e-MuiFormHelperText-root"[39m
    [33mid[39m=[32m"_r_t8_-helper-text"[39m
  [36m/>[39m

  Name "":
  [36m<p[39m
    [33mclass[39m=[32m"MuiFormHelperText-root MuiFormHelperText-sizeMedium MuiFormHelperText-contained MuiFormHelperText-filled Mui-required css-er619e-MuiFormHelperText-root"[39m
    [33mid[39m=[32m"_r_t9_-helper-text"[39m
  [36m/>[39m

  Name "":
  [36m<p[39m
    [33mclass[39m=[32m"MuiFormHelperText-root MuiFormHelperText-sizeMedium MuiFormHelperText-contained MuiFormHelperText-filled Mui-required css-er619e-MuiFormHelperText-root"[39m
    [33mid[39m=[32m"_r_tb_-helper-text"[39m
  [36m/>[39m

  Name "":
  [36m<p[39m
    [33mclass[39m=[32m"MuiFormHelperText-root MuiFormHelperText-sizeMedium MuiFormHelperText-contained MuiFormHelperText-filled Mui-required css-er619e-MuiFormHelperText-root"[39m
    [33mid[39m=[32m"_r_tc_-helper-text"[39m
  [36m/>[39m

  Name "":
  [36m<p[39m
    [33mclass[39m=[32m"MuiFormHelperText-root MuiFormHelperText-sizeMedium MuiFormHelperText-contained MuiFormHelperText-filled Mui-required css-er619e-MuiFormHelperText-root"[39m
    [33mid[39m=[32m"_r_te_-helper-text"[39m
  [36m/>[39m

  Name "":
  [36m<p[39m
    [33mclass[39m=[32m"MuiFormHelperText-root MuiFormHelperText-sizeMedium MuiFormHelperText-contained MuiFormHelperText-filled Mui-required css-er619e-MuiFormHelperText-root"[39m
    [33mid[39m=[32m"_r_tf_-helper-text"[39m
  [36m/>[39m

  Name "":
  [36m<p[39m
    [33mclass[39m=[32m"MuiFormHelperText-root MuiFormHelperText-sizeMedium MuiFormHelperText-contained MuiFormHelperText-filled Mui-required css-er619e-MuiFormHelperText-root"[39m
    [33mid[39m=[32m"_r_th_-helper-text"[39m
  [36m/>[39m

  Name "":
  [36m<p[39m
    [33mclass[39m=[32m"MuiFormHelperText-root MuiFormHelperText-sizeMedium MuiFormHelperText-contained MuiFormHelperText-filled Mui-required css-er619e-MuiFormHelperText-root"[39m
    [33mid[39m=[32m"_r_ti_-helper-text"[39m
  [36m/>[39m

  Name "":
  [36m<p[39m
    [33mclass[39m=[32m"MuiFormHelperText-root MuiFormHelperText-sizeMedium MuiFormHelperText-contained MuiFormHelperText-filled Mui-required css-er619e-MuiFormHelperText-root"[39m
    [33mid[39m=[32m"_r_tk_-helper-text"[39m
  [36m/>[39m

  Name "":
  [36m<p[39m
    [33mclass[39m=[32m"MuiFormHelperText-root MuiFormHelperText-sizeMedium MuiFormHelperText-contained MuiFormHelperText-filled Mui-required css-er619e-MuiFormHelperText-root"[39m
    [33mid[39m=[32m"_r_tl_-helper-text"[39m
  [36m/>[39m

  Name "":
  [36m<p[39m
    [33mclass[39m=[32m"MuiFormHelperText-root MuiFormHelperText-sizeMedium MuiFormHelperText-contained MuiFormHelperText-filled Mui-required css-er619e-MuiFormHelperText-root"[39m
    [33mid[39m=[32m"_r_tn_-helper-text"[39m
  [36m/>[39m

  Name "":
  [36m<p[39m
    [33mclass[39m=[32m"MuiFormHelperText-root MuiFormHelperText-sizeMedium MuiFormHelperText-contained MuiFormHelperText-filled Mui-required css-er619e-MuiFormHelperText-root"[39m
    [33mid[39m=[32m"_r_to_-helper-text"[39m
  [36m/>[39m

  Name "":
  [36m<p[39m
    [33mclass[39m=[32m"MuiFormHelperText-root MuiFormHelperText-sizeMedium MuiFormHelperText-contained MuiFormHelperText-filled Mui-required css-er619e-MuiFormHelperText-root"[39m
    [33mid[39m=[32m"_r_tq_-helper-text"[39m
  [36m/>[39m

  Name "":
  [36m<p[39m
    [33mclass[39m=[32m"MuiFormHelperText-root MuiFormHelperText-sizeMedium MuiFormHelperText-contained MuiFormHelperText-filled Mui-required css-er619e-MuiFormHelperText-root"[39m
    [33mid[39m=[32m"_r_tr_-helper-text"[39m
  [36m/>[39m

  Name "":
  [36m<p[39m
    [33mclass[39m=[32m"MuiFormHelperText-root MuiFormHelperText-sizeMedium MuiFormHelperText-contained MuiFormHelperText-filled Mui-required css-er619e-MuiFormHelperText-root"[39m
    [33mid[39m=[32m"_r_tt_-helper-text"[39m
  [36m/>[39m

  Name "":
  [36m<p[39m
    [33mclass[39m=[32m"MuiFormHelperText-root MuiFormHelperText-sizeMedium MuiFormHelperText-contained MuiFormHelperText-filled Mui-required css-er619e-MuiFormHelperText-root"[39m
    [33mid[39m=[32m"_r_tu_-helper-text"[39m
  [36m/>[39m

  Name "":
  [36m<p[39m
    [33mclass[39m=[32m"MuiFormHelperText-root MuiFormHelperText-sizeMedium MuiFormHelperText-contained MuiFormHelperText-filled Mui-required css-er619e-MuiFormHelperText-root"[39m
    [33mid[39m=[32m"_r_u0_-helper-text"[39m
  [36m/>[39m

  Name "":
  [36m<p[39m
    [33mclass[39m=[32m"MuiFormHelperText-root MuiFormHelperText-sizeMedium MuiFormHelperText-contained MuiFormHelperText-filled Mui-required css-er619e-MuiFormHelperText-root"[39m
    [33mid[39m=[32m"_r_u1_-helper-text"[39m
  [36m/>[39m

  Name "":
  [36m<p[39m
    [33mclass[39m=[32m"MuiFormHelperText-root MuiFormHelperText-sizeMedium MuiFormHelperText-contained MuiFormHelperText-filled Mui-required css-er619e-MuiFormHelperText-root"[39m
    [33mid[39m=[32m"_r_u3_-helper-text"[39m
  [36m/>[39m

  Name "":
  [36m<p[39m
    [33mclass[39m=[32m"MuiFormHelperText-root MuiFormHelperText-sizeMedium MuiFormHelperText-contained MuiFormHelperText-filled Mui-required css-er619e-MuiFormHelperText-root"[39m
    [33mid[39m=[32m"_r_u4_-helper-text"[39m
  [36m/>[39m

  Name "":
  [36m<p[39m
    [33mclass[39m=[32m"MuiFormHelperText-root MuiFormHelperText-sizeMedium MuiFormHelperText-contained MuiFormHelperText-filled Mui-required css-er619e-MuiFormHelperText-root"[39m
    [33mid[39m=[32m"_r_u6_-helper-text"[39m
  [36m/>[39m

  Name "":
  [36m<p[39m
    [33mclass[39m=[32m"MuiFormHelperText-root MuiFormHelperText-sizeMedium MuiFormHelperText-contained MuiFormHelperText-filled Mui-required css-er619e-MuiFormHelperText-root"[39m
    [33mid[39m=[32m"_r_u7_-helper-text"[39m
  [36m/>[39m

  Name "":
  [36m<p[39m
    [33mclass[39m=[32m"MuiFormHelperText-root MuiFormHelperText-sizeMedium MuiFormHelperText-contained MuiFormHelperText-filled Mui-required css-er619e-MuiFormHelperText-root"[39m
    [33mid[39m=[32m"_r_u9_-helper-text"[39m
  [36m/>[39m

  Name "":
  [36m<p[39m
    [33mclass[39m=[32m"MuiFormHelperText-root MuiFormHelperText-sizeMedium MuiFormHelperText-contained MuiFormHelperText-filled Mui-required css-er619e-MuiFormHelperText-root"[39m
    [33mid[39m=[32m"_r_ua_-helper-text"[39m
  [36m/>[39m

  Name "":
  [36m<p[39m
    [33mclass[39m=[32m"MuiFormHelperText-root MuiFormHelperText-sizeMedium MuiFormHelperText-contained MuiFormHelperText-filled Mui-required css-er619e-MuiFormHelperText-root"[39m
    [33mid[39m=[32m"_r_uc_-helper-text"[39m
  [36m/>[39m

  Name "":
  [36m<p[39m
    [33mclass[39m=[32m"MuiFormHelperText-root MuiFormHelperText-sizeMedium MuiFormHelperText-contained MuiFormHelperText-filled Mui-required css-er619e-MuiFormHelperText-root"[39m
    [33mid[39m=[32m"_r_ud_-helper-text"[39m
  [36m/>[39m

  Name "":
  [36m<p[39m
    [33mclass[39m=[32m"MuiFormHelperText-root MuiFormHelperText-sizeMedium MuiFormHelperText-contained MuiFormHelperText-filled Mui-required css-er619e-MuiFormHelperText-root"[39m
    [33mid[39m=[32m"_r_uf_-helper-text"[39m
  [36m/>[39m

  Name "":
  [36m<p[39m
    [33mclass[39m=[32m"MuiFormHelperText-root MuiFormHelperText-sizeMedium MuiFormHelperText-contained MuiFormHelperText-filled Mui-required css-er619e-MuiFormHelperText-root"[39m
    [33mid[39m=[32m"_r_ug_-helper-text"[39m
  [36m/>[39m

  Name "":
  [36m<p[39m
    [33mclass[39m=[32m"MuiFormHelperText-root MuiFormHelperText-sizeMedium MuiFormHelperText-contained MuiFormHelperText-filled Mui-required css-er619e-MuiFormHelperText-root"[39m
    [33mid[39m=[32m"_r_ui_-helper-text"[39m
  [36m/>[39m

  Name "":
  [36m<p[39m
    [33mclass[39m=[32m"MuiFormHelperText-root MuiFormHelperText-sizeMedium MuiFormHelperText-contained MuiFormHelperText-filled Mui-required css-er619e-MuiFormHelperText-root"[39m
    [33mid[39m=[32m"_r_uj_-helper-text"[39m
  [36m/>[39m

  Name "":
  [36m<p[39m
    [33mclass[39m=[32m"MuiFormHelperText-root MuiFormHelperText-sizeMedium MuiFormHelperText-contained MuiFormHelperText-filled Mui-required css-er619e-MuiFormHelperText-root"[39m
    [33mid[39m=[32m"_r_ul_-helper-text"[39m
  [36m/>[39m

  Name "":
  [36m<p[39m
    [33mclass[39m=[32m"MuiFormHelperText-root MuiFormHelperText-sizeMedium MuiFormHelperText-contained MuiFormHelperText-filled Mui-required css-er619e-MuiFormHelperText-root"[39m
    [33mid[39m=[32m"_r_um_-helper-text"[39m
  [36m/>[39m

  Name "":
  [36m<p[39m
    [33mclass[39m=[32m"MuiFormHelperText-root MuiFormHelperText-sizeMedium MuiFormHelperText-contained MuiFormHelperText-filled Mui-required css-er619e-MuiFormHelperText-root"[39m
    [33mid[39m=[32m"_r_uo_-helper-text"[39m
  [36m/>[39m

  Name "":
  [36m<p[39m
    [33mclass[39m=[32m"MuiFormHelperText-root MuiFormHelperText-sizeMedium MuiFormHelperText-contained MuiFormHelperText-filled Mui-required css-er619e-MuiFormHelperText-root"[39m
    [33mid[39m=[32m"_r_up_-helper-text"[39m
  [36m/>[39m

  Name "":
  [36m<p[39m
    [33mclass[39m=[32m"MuiFormHelperText-root MuiFormHelperText-sizeMedium MuiFormHelperText-contained MuiFormHelperText-filled Mui-required css-er619e-MuiFormHelperText-root"[39m
    [33mid[39m=[32m"_r_ur_-helper-text"[39m
  [36m/>[39m

  Name "":
  [36m<p[39m
    [33mclass[39m=[32m"MuiFormHelperText-root MuiFormHelperText-sizeMedium MuiFormHelperText-contained MuiFormHelperText-filled Mui-required css-er619e-MuiFormHelperText-root"[39m
    [33mid[39m=[32m"_r_us_-helper-text"[39m
  [36m/>[39m

  Name "":
  [36m<p[39m
    [33mclass[39m=[32m"MuiFormHelperText-root MuiFormHelperText-sizeMedium MuiFormHelperText-contained MuiFormHelperText-filled Mui-required css-er619e-MuiFormHelperText-root"[39m
    [33mid[39m=[32m"_r_uu_-helper-text"[39m
  [36m/>[39m

  Name "":
  [36m<p[39m
    [33mclass[39m=[32m"MuiFormHelperText-root MuiFormHelperText-sizeMedium MuiFormHelperText-contained MuiFormHelperText-filled Mui-required css-er619e-MuiFormHelperText-root"[39m
    [33mid[39m=[32m"_r_uv_-helper-text"[39m
  [36m/>[39m

  Name "":
  [36m<p[39m
    [33mclass[39m=[32m"MuiFormHelperText-root MuiFormHelperText-sizeMedium MuiFormHelperText-contained MuiFormHelperText-filled Mui-required css-er619e-MuiFormHelperText-root"[39m
    [33mid[39m=[32m"_r_v1_-helper-text"[39m
  [36m/>[39m

  Name "":
  [36m<p[39m
    [33mclass[39m=[32m"MuiFormHelperText-root MuiFormHelperText-sizeMedium MuiFormHelperText-contained MuiFormHelperText-filled Mui-required css-er619e-MuiFormHelperText-root"[39m
    [33mid[39m=[32m"_r_v2_-helper-text"[39m
  [36m/>[39m

  Name "":
  [36m<p[39m
    [33mclass[39m=[32m"MuiFormHelperText-root MuiFormHelperText-sizeMedium MuiFormHelperText-contained MuiFormHelperText-filled Mui-required css-er619e-MuiFormHelperText-root"[39m
    [33mid[39m=[32m"_r_v4_-helper-text"[39m
  [36m/>[39m

  Name "":
  [36m<p[39m
    [33mclass[39m=[32m"MuiFormHelperText-root MuiFormHelperText-sizeMedium MuiFormHelperText-contained MuiFormHelperText-filled Mui-required css-er619e-MuiFormHelperText-root"[39m
    [33mid[39m=[32m"_r_v5_-helper-text"[39m
  [36m/>[39m

  Name "":
  [36m<p[39m
    [33mclass[39m=[32m"MuiFormHelperText-root MuiFormHelperText-sizeMedium MuiFormHelperText-contained MuiFormHelperText-filled Mui-required css-er619e-MuiFormHelperText-root"[39m
    [33mid[39m=[32m"_r_v7_-helper-text"[39m
  [36m/>[39m

  Name "":
  [36m<p[39m
    [33mclass[39m=[32m"MuiFormHelperText-root MuiFormHelperText-sizeMedium MuiFormHelperText-contained MuiFormHelperText-filled Mui-required css-er619e-MuiFormHelperText-root"[39m
    [33mid[39m=[32m"_r_v8_-helper-text"[39m
  [36m/>[39m

  Name "":
  [36m<p[39m
    [33mclass[39m=[32m"MuiFormHelperText-root MuiFormHelperText-sizeMedium MuiFormHelperText-contained MuiFormHelperText-filled Mui-required css-er619e-MuiFormHelperText-root"[39m
    [33mid[39m=[32m"_r_va_-helper-text"[39m
  [36m/>[39m

  Name "":
  [36m<p[39m
    [33mclass[39m=[32m"MuiFormHelperText-root MuiFormHelperText-sizeMedium MuiFormHelperText-contained MuiFormHelperText-filled Mui-required css-er619e-MuiFormHelperText-root"[39m
    [33mid[39m=[32m"_r_vb_-helper-text"[39m
  [36m/>[39m

  Name "":
  [36m<p[39m
    [33mclass[39m=[32m"MuiFormHelperText-root MuiFormHelperText-sizeMedium MuiFormHelperText-contained MuiFormHelperText-filled Mui-required css-er619e-MuiFormHelperText-root"[39m
    [33mid[39m=[32m"_r_vd_-helper-text"[39m
  [36m/>[39m

  Name "":
  [36m<p[39m
    [33mclass[39m=[32m"MuiFormHelperText-root MuiFormHelperText-sizeMedium MuiFormHelperText-contained MuiFormHelperText-filled Mui-required css-er619e-MuiFormHelperText-root"[39m
    [33mid[39m=[32m"_r_ve_-helper-text"[39m
  [36m/>[39m

  Name "":
  [36m<p[39m
    [33mclass[39m=[32m"MuiFormHelperText-root MuiFormHelperText-sizeMedium MuiFormHelperText-contained MuiFormHelperText-filled Mui-required css-er619e-MuiFormHelperText-root"[39m
    [33mid[39m=[32m"_r_vg_-helper-text"[39m
  [36m/>[39m

  Name "":
  [36m<p[39m
    [33mclass[39m=[32m"MuiFormHelperText-root MuiFormHelperText-sizeMedium MuiFormHelperText-contained MuiFormHelperText-filled Mui-required css-er619e-MuiFormHelperText-root"[39m
    [33mid[39m=[32m"_r_vh_-helper-text"[39m
  [36m/>[39m

  Name "":
  [36m<p[39m
    [33mclass[39m=[32m"MuiFormHelperText-root MuiFormHelperText-sizeMedium MuiFormHelperText-contained MuiFormHelperText-filled Mui-required css-er619e-MuiFormHelperText-root"[39m
    [33mid[39m=[32m"_r_vj_-helper-text"[39m
  [36m/>[39m

  Name "":
  [36m<p[39m
    [33mclass[39m=[32m"MuiFormHelperText-root MuiFormHelperText-sizeMedium MuiFormHelperText-contained MuiFormHelperText-filled Mui-required css-er619e-MuiFormHelperText-root"[39m
    [33mid[39m=[32m"_r_vk_-helper-text"[39m
  [36m/>[39m

  Name "":
  [36m<p[39m
    [33mclass[39m=[32m"MuiFormHelperText-root MuiFormHelperText-sizeMedium MuiFormHelperText-contained MuiFormHelperText-filled Mui-required css-er619e-MuiFormHelperText-root"[39m
    [33mid[39m=[32m"_r_vm_-helper-text"[39m
  [36m/>[39m

  Name "":
  [36m<p[39m
    [33mclass[39m=[32m"MuiFormHelperText-root MuiFormHelperText-sizeMedium MuiFormHelperText-contained MuiFormHelperText-filled Mui-required css-er619e-MuiFormHelperText-root"[39m
    [33mid[39m=[32m"_r_vn_-helper-text"[39m
  [36m/>[39m

  Name "":
  [36m<p[39m
    [33mclass[39m=[32m"MuiFormHelperText-root MuiFormHelperText-sizeMedium MuiFormHelperText-contained MuiFormHelperText-filled Mui-required css-er619e-MuiFormHelperText-root"[39m
    [33mid[39m=[32m"_r_vp_-helper-text"[39m
  [36m/>[39m

  Name "":
  [36m<p[39m
    [33mclass[39m=[32m"MuiFormHelperText-root MuiFormHelperText-sizeMedium MuiFormHelperText-contained MuiFormHelperText-filled Mui-required css-er619e-MuiFormHelperText-root"[39m
    [33mid[39m=[32m"_r_vq_-helper-text"[39m
  [36m/>[39m

  Name "":
  [36m<p[39m
    [33mclass[39m=[32m"MuiFormHelperText-root MuiFormHelperText-sizeMedium MuiFormHelperText-contained MuiFormHelperText-filled Mui-required css-er619e-MuiFormHelperText-root"[39m
    [33mid[39m=[32m"_r_vs_-helper-text"[39m
  [36m/>[39m

  Name "":
  [36m<p[39m
    [33mclass[39m=[32m"MuiFormHelperText-root MuiFormHelperText-sizeMedium MuiFormHelperText-contained MuiFormHelperText-filled Mui-required css-er619e-MuiFormHelperText-root"[39m
    [33mid[39m=[32m"_r_vt_-helper-text"[39m
  [36m/>[39m

  Name "":
  [36m<p[39m
    [33mclass[39m=[32m"MuiFormHelperText-root MuiFormHelperText-sizeMedium MuiFormHelperText-contained MuiFormHelperText-filled Mui-required css-er619e-MuiFormHelperText-root"[39m
    [33mid[39m=[32m"_r_vv_-helper-text"[39m
  [36m/>[39m

  Name "":
  [36m<p[39m
    [33mclass[39m=[32m"MuiFormHelperText-root MuiFormHelperText-sizeMedium MuiFormHelperText-contained MuiFormHelperText-filled Mui-required css-er619e-MuiFormHelperText-root"[39m
    [33mid[39m=[32m"_r_100_-helper-text"[39m
  [36m/>[39m

  Name "":
  [36m<p[39m
    [33mclass[39m=[32m"MuiFormHelperText-root MuiFormHelperText-sizeMedium MuiFormHelperText-contained MuiFormHelperText-filled Mui-required css-er619e-MuiFormHelperText-root"[39m
    [33mid[39m=[32m"_r_102_-helper-text"[39m
  [36m/>[39m

  Name "":
  [36m<p[39m
    [33mclass[39m=[32m"MuiFormHelperText-root MuiFormHelperText-sizeMedium MuiFormHelperText-contained MuiFormHelperText-filled Mui-required css-er619e-MuiFormHelperText-root"[39m
    [33mid[39m=[32m"_r_103_-helper-text"[39m
  [36m/>[39m

  Name "":
  [36m<p[39m
    [33mclass[39m=[32m"MuiFormHelperText-root MuiFormHelperText-sizeMedium MuiFormHelperText-contained MuiFormHelperText-filled Mui-required css-er619e-MuiFormHelperText-root"[39m
    [33mid[39m=[32m"_r_105_-helper-text"[39m
  [36m/>[39m

  Name "":
  [36m<p[39m
    [33mclass[39m=[32m"MuiFormHelperText-root MuiFormHelperText-sizeMedium MuiFormHelperText-contained MuiFormHelperText-filled Mui-required css-er619e-MuiFormHelperText-root"[39m
    [33mid[39m=[32m"_r_106_-helper-text"[39m
  [36m/>[39m

  Name "":
  [36m<p[39m
    [33mclass[39m=[32m"MuiFormHelperText-root MuiFormHelperText-sizeMedium MuiFormHelperText-contained MuiFormHelperText-filled Mui-required css-er619e-MuiFormHelperText-root"[39m
    [33mid[39m=[32m"_r_108_-helper-text"[39m
  [36m/>[39m

  Name "":
  [36m<p[39m
    [33mclass[39m=[32m"MuiFormHelperText-root MuiFormHelperText-sizeMedium MuiFormHelperText-contained MuiFormHelperText-filled Mui-required css-er619e-MuiFormHelperText-root"[39m
    [33mid[39m=[32m"_r_109_-helper-text"[39m
  [36m/>[39m

  Name "":
  [36m<p[39m
    [33mclass[39m=[32m"MuiFormHelperText-root MuiFormHelperText-sizeMedium MuiFormHelperText-contained MuiFormHelperText-filled Mui-required css-er619e-MuiFormHelperText-root"[39m
    [33mid[39m=[32m"_r_10b_-helper-text"[39m
  [36m/>[39m

  Name "":
  [36m<p[39m
    [33mclass[39m=[32m"MuiFormHelperText-root MuiFormHelperText-sizeMedium MuiFormHelperText-contained MuiFormHelperText-filled Mui-required css-er619e-MuiFormHelperText-root"[39m
    [33mid[39m=[32m"_r_10c_-helper-text"[39m
  [36m/>[39m

  Name "":
  [36m<p[39m
    [33mclass[39m=[32m"MuiFormHelperText-root MuiFormHelperText-sizeMedium MuiFormHelperText-contained MuiFormHelperText-filled Mui-required css-er619e-MuiFormHelperText-root"[39m
    [33mid[39m=[32m"_r_10e_-helper-text"[39m
  [36m/>[39m

  Name "":
  [36m<p[39m
    [33mclass[39m=[32m"MuiFormHelperText-root MuiFormHelperText-sizeMedium MuiFormHelperText-contained MuiFormHelperText-filled Mui-required css-er619e-MuiFormHelperText-root"[39m
    [33mid[39m=[32m"_r_10f_-helper-text"[39m
  [36m/>[39m

  Name "":
  [36m<p[39m
    [33mclass[39m=[32m"MuiFormHelperText-root MuiFormHelperText-sizeMedium MuiFormHelperText-contained MuiFormHelperText-filled Mui-required css-er619e-MuiFormHelperText-root"[39m
    [33mid[39m=[32m"_r_10h_-helper-text"[39m
  [36m/>[39m

  Name "":
  [36m<p[39m
    [33mclass[39m=[32m"MuiFormHelperText-root MuiFormHelperText-sizeMedium MuiFormHelperText-contained MuiFormHelperText-filled Mui-required css-er619e-MuiFormHelperText-root"[39m
    [33mid[39m=[32m"_r_10i_-helper-text"[39m
  [36m/>[39m

  Name "":
  [36m<p[39m
    [33mclass[39m=[32m"MuiFormHelperText-root MuiFormHelperText-sizeMedium MuiFormHelperText-contained MuiFormHelperText-filled Mui-required css-er619e-MuiFormHelperText-root"[39m
    [33mid[39m=[32m"_r_10k_-helper-text"[39m
  [36m/>[39m

  Name "":
  [36m<p[39m
    [33mclass[39m=[32m"MuiFormHelperText-root MuiFormHelperText-sizeMedium MuiFormHelperText-contained MuiFormHelperText-filled Mui-required css-er619e-MuiFormHelperText-root"[39m
    [33mid[39m=[32m"_r_10l_-helper-text"[39m
  [36m/>[39m

  Name "":
  [36m<p[39m
    [33mclass[39m=[32m"MuiFormHelperText-root MuiFormHelperText-sizeMedium MuiFormHelperText-contained MuiFormHelperText-filled Mui-required css-er619e-MuiFormHelperText-root"[39m
    [33mid[39m=[32m"_r_10n_-helper-text"[39m
  [36m/>[39m

  Name "":
  [36m<p[39m
    [33mclass[39m=[32m"MuiFormHelperText-root MuiFormHelperText-sizeMedium MuiFormHelperText-contained MuiFormHelperText-filled Mui-required css-er619e-MuiFormHelperText-root"[39m
    [33mid[39m=[32m"_r_10o_-helper-text"[39m
  [36m/>[39m

  Name "":
  [36m<p[39m
    [33mclass[39m=[32m"MuiFormHelperText-root MuiFormHelperText-sizeMedium MuiFormHelperText-contained MuiFormHelperText-filled Mui-required css-er619e-MuiFormHelperText-root"[39m
    [33mid[39m=[32m"_r_10q_-helper-text"[39m
  [36m/>[39m

  Name "":
  [36m<p[39m
    [33mclass[39m=[32m"MuiFormHelperText-root MuiFormHelperText-sizeMedium MuiFormHelperText-contained MuiFormHelperText-filled Mui-required css-er619e-MuiFormHelperText-root"[39m
    [33mid[39m=[32m"_r_10r_-helper-text"[39m
  [36m/>[39m

  Name "":
  [36m<p[39m
    [33mclass[39m=[32m"MuiFormHelperText-root MuiFormHelperText-sizeMedium MuiFormHelperText-contained MuiFormHelperText-filled Mui-required css-er619e-MuiFormHelperText-root"[39m
    [33mid[39m=[32m"_r_10t_-helper-text"[39m
  [36m/>[39m

  Name "":
  [36m<p[39m
    [33mclass[39m=[32m"MuiFormHelperText-root MuiFormHelperText-sizeMedium MuiFormHelperText-contained MuiFormHelperText-filled Mui-required css-er619e-MuiFormHelperText-root"[39m
    [33mid[39m=[32m"_r_10u_-helper-text"[39m
  [36m/>[39m

  Name "":
  [36m<p[39m
    [33mclass[39m=[32m"MuiFormHelperText-root MuiFormHelperText-sizeMedium MuiFormHelperText-contained MuiFormHelperText-filled Mui-required css-er619e-MuiFormHelperText-root"[39m
    [33mid[39m=[32m"_r_110_-helper-text"[39m
  [36m/>[39m

  Name "":
  [36m<p[39m
    [33mclass[39m=[32m"MuiFormHelperText-root MuiFormHelperText-sizeMedium MuiFormHelperText-contained MuiFormHelperText-filled Mui-required css-er619e-MuiFormHelperText-root"[39m
    [33mid[39m=[32m"_r_111_-helper-text"[39m
  [36m/>[39m

  Name "":
  [36m<p[39m
    [33mclass[39m=[32m"MuiFormHelperText-root MuiFormHelperText-sizeMedium MuiFormHelperText-contained MuiFormHelperText-filled Mui-required css-er619e-MuiFormHelperText-root"[39m
    [33mid[39m=[32m"_r_113_-helper-text"[39m
  [36m/>[39m

  Name "":
  [36m<p[39m
    [33mclass[39m=[32m"MuiFormHelperText-root MuiFormHelperText-sizeMedium MuiFormHelperText-contained MuiFormHelperText-filled Mui-required css-er619e-MuiFormHelperText-root"[39m
    [33mid[39m=[32m"_r_114_-helper-text"[39m
  [36m/>[39m

  Name "":
  [36m<p[39m
    [33mclass[39m=[32m"MuiFormHelperText-root MuiFormHelperText-sizeMedium MuiFormHelperText-contained MuiFormHelperText-filled Mui-required css-er619e-MuiFormHelperText-root"[39m
    [33mid[39m=[32m"_r_116_-helper-text"[39m
  [36m/>[39m

  Name "":
  [36m<p[39m
    [33mclass[39m=[32m"MuiFormHelperText-root MuiFormHelperText-sizeMedium MuiFormHelperText-contained MuiFormHelperText-filled Mui-required css-er619e-MuiFormHelperText-root"[39m
    [33mid[39m=[32m"_r_117_-helper-text"[39m
  [36m/>[39m

  Name "":
  [36m<p[39m
    [33mclass[39m=[32m"MuiFormHelperText-root MuiFormHelperText-sizeMedium MuiFormHelperText-contained MuiFormHelperText-filled Mui-required css-er619e-MuiFormHelperText-root"[39m
    [33mid[39m=[32m"_r_119_-helper-text"[39m
  [36m/>[39m

  Name "":
  [36m<p[39m
    [33mclass[39m=[32m"MuiFormHelperText-root MuiFormHelperText-sizeMedium MuiFormHelperText-contained MuiFormHelperText-filled Mui-required css-er619e-MuiFormHelperText-root"[39m
    [33mid[39m=[32m"_r_11a_-helper-text"[39m
  [36m/>[39m

  Name "":
  [36m<p[39m
    [33mclass[39m=[32m"MuiFormHelperText-root MuiFormHelperText-sizeMedium MuiFormHelperText-contained MuiFormHelperText-filled Mui-required css-er619e-MuiFormHelperText-root"[39m
    [33mid[39m=[32m"_r_11c_-helper-text"[39m
  [36m/>[39m

  Name "":
  [36m<p[39m
    [33mclass[39m=[32m"MuiFormHelperText-root MuiFormHelperText-sizeMedium MuiFormHelperText-contained MuiFormHelperText-filled Mui-required css-er619e-MuiFormHelperText-root"[39m
    [33mid[39m=[32m"_r_11d_-helper-text"[39m
  [36m/>[39m

  Name "":
  [36m<p[39m
    [33mclass[39m=[32m"MuiFormHelperText-root MuiFormHelperText-sizeMedium MuiFormHelperText-contained MuiFormHelperText-filled Mui-required css-er619e-MuiFormHelperText-root"[39m
    [33mid[39m=[32m"_r_11f_-helper-text"[39m
  [36m/>[39m

  Name "":
  [36m<p[39m
    [33mclass[39m=[32m"MuiFormHelperText-root MuiFormHelperText-sizeMedium MuiFormHelperText-contained MuiFormHelperText-filled Mui-required css-er619e-MuiFormHelperText-root"[39m
    [33mid[39m=[32m"_r_11g_-helper-text"[39m
  [36m/>[39m

  Name "":
  [36m<p[39m
    [33mclass[39m=[32m"MuiFormHelperText-root MuiFormHelperText-sizeMedium MuiFormHelperText-contained MuiFormHelperText-filled Mui-required css-er619e-MuiFormHelperText-root"[39m
    [33mid[39m=[32m"_r_11i_-helper-text"[39m
  [36m/>[39m

  Name "":
  [36m<p[39m
    [33mclass[39m=[32m"MuiFormHelperText-root MuiFormHelperText-sizeMedium MuiFormHelperText-contained MuiFormHelperText-filled Mui-required css-er619e-MuiFormHelperText-root"[39m
    [33mid[39m=[32m"_r_11j_-helper-text"[39m
  [36m/>[39m

  Name "":
  [36m<p[39m
    [33mclass[39m=[32m"MuiFormHelperText-root MuiFormHelperText-sizeMedium MuiFormHelperText-contained MuiFormHelperText-filled Mui-required css-er619e-MuiFormHelperText-root"[39m
    [33mid[39m=[32m"_r_11l_-helper-text"[39m
  [36m/>[39m

  Name "":
  [36m<p[39m
    [33mclass[39m=[32m"MuiFormHelperText-root MuiFormHelperText-sizeMedium MuiFormHelperText-contained MuiFormHelperText-filled Mui-required css-er619e-MuiFormHelperText-root"[39m
    [33mid[39m=[32m"_r_11m_-helper-text"[39m
  [36m/>[39m

  Name "":
  [36m<p[39m
    [33mclass[39m=[32m"MuiFormHelperText-root MuiFormHelperText-sizeMedium MuiFormHelperText-contained MuiFormHelperText-filled Mui-required css-er619e-MuiFormHelperText-root"[39m
    [33mid[39m=[32m"_r_11o_-helper-text"[39m
  [36m/>[39m

  Name "":
  [36m<p[39m
    [33mclass[39m=[32m"MuiFormHelperText-root MuiFormHelperText-sizeMedium MuiFormHelperText-contained MuiFormHelperText-filled Mui-required css-er619e-MuiFormHelperText-root"[39m
    [33mid[39m=[32m"_r_11p_-helper-text"[39m
  [36m/>[39m

  Name "":
  [36m<p[39m
    [33mclass[39m=[32m"MuiFormHelperText-root MuiFormHelperText-sizeMedium MuiFormHelperText-contained MuiFormHelperText-filled Mui-required css-er619e-MuiFormHelperText-root"[39m
    [33mid[39m=[32m"_r_11r_-helper-text"[39m
  [36m/>[39m

  Name "":
  [36m<p[39m
    [33mclass[39m=[32m"MuiFormHelperText-root MuiFormHelperText-sizeMedium MuiFormHelperText-contained MuiFormHelperText-filled Mui-required css-er619e-MuiFormHelperText-root"[39m
    [33mid[39m=[32m"_r_11s_-helper-text"[39m
  [36m/>[39m

  Name "":
  [36m<p[39m
    [33mclass[39m=[32m"MuiFormHelperText-root MuiFormHelperText-sizeMedium MuiFormHelperText-contained MuiFormHelperText-filled Mui-required css-er619e-MuiFormHelperText-root"[39m
    [33mid[39m=[32m"_r_11u_-helper-text"[39m
  [36m/>[39m

  Name "":
  [36m<p[39m
    [33mclass[39m=[32m"MuiFormHelperText-root MuiFormHelperText-sizeMedium MuiFormHelperText-contained MuiFormHelperText-filled Mui-required css-er619e-MuiFormHelperText-root"[39m
    [33mid[39m=[32m"_r_11v_-helper-text"[39m
  [36m/>[39m

  Name "":
  [36m<p[39m
    [33mclass[39m=[32m"MuiFormHelperText-root MuiFormHelperText-sizeMedium MuiFormHelperText-contained MuiFormHelperText-filled Mui-required css-er619e-MuiFormHelperText-root"[39m
    [33mid[39m=[32m"_r_121_-helper-text"[39m
  [36m/>[39m

  Name "":
  [36m<p[39m
    [33mclass[39m=[32m"MuiFormHelperText-root MuiFormHelperText-sizeMedium MuiFormHelperText-contained MuiFormHelperText-filled Mui-required css-er619e-MuiFormHelperText-root"[39m
    [33mid[39m=[32m"_r_122_-helper-text"[39m
  [36m/>[39m

  Name "":
  [36m<p[39m
    [33mclass[39m=[32m"MuiFormHelperText-root MuiFormHelperText-sizeMedium MuiFormHelperText-contained MuiFormHelperText-filled Mui-required css-er619e-MuiFormHelperText-root"[39m
    [33mid[39m=[32m"_r_124_-helper-text"[39m
  [36m/>[39m

  Name "":
  [36m<p[39m
    [33mclass[39m=[32m"MuiFormHelperText-root MuiFormHelperText-sizeMedium MuiFormHelperText-contained MuiFormHelperText-filled Mui-required css-er619e-MuiFormHelperText-root"[39m
    [33mid[39m=[32m"_r_125_-helper-text"[39m
  [36m/>[39m

  Name "":
  [36m<p[39m
    [33mclass[39m=[32m"MuiFormHelperText-root MuiFormHelperText-sizeMedium MuiFormHelperText-contained MuiFormHelperText-filled Mui-required css-er619e-MuiFormHelperText-root"[39m
    [33mid[39m=[32m"_r_127_-helper-text"[39m
  [36m/>[39m

  Name "":
  [36m<p[39m
    [33mclass[39m=[32m"MuiFormHelperText-root MuiFormHelperText-sizeMedium MuiFormHelperText-contained MuiFormHelperText-filled Mui-required css-er619e-MuiFormHelperText-root"[39m
    [33mid[39m=[32m"_r_128_-helper-text"[39m
  [36m/>[39m

  Name "":
  [36m<p[39m
    [33mclass[39m=[32m"MuiFormHelperText-root MuiFormHelperText-sizeMedium MuiFormHelperText-contained MuiFormHelperText-filled Mui-required css-er619e-MuiFormHelperText-root"[39m
    [33mid[39m=[32m"_r_12a_-helper-text"[39m
  [36m/>[39m

  Name "":
  [36m<p[39m
    [33mclass[39m=[32m"MuiFormHelperText-root MuiFormHelperText-sizeMedium MuiFormHelperText-contained MuiFormHelperText-filled Mui-required css-er619e-MuiFormHelperText-root"[39m
    [33mid[39m=[32m"_r_12b_-helper-text"[39m
  [36m/>[39m

  Name "":
  [36m<p[39m
    [33mclass[39m=[32m"MuiFormHelperText-root MuiFormHelperText-sizeMedium MuiFormHelperText-contained MuiFormHelperText-filled Mui-required css-er619e-MuiFormHelperText-root"[39m
    [33mid[39m=[32m"_r_12d_-helper-text"[39m
  [36m/>[39m

  Name "":
  [36m<p[39m
    [33mclass[39m=[32m"MuiFormHelperText-root MuiFormHelperText-sizeMedium MuiFormHelperText-contained MuiFormHelperText-filled Mui-required css-er619e-MuiFormHelperText-root"[39m
    [33mid[39m=[32m"_r_12e_-helper-text"[39m
  [36m/>[39m

  Name "":
  [36m<p[39m
    [33mclass[39m=[32m"MuiFormHelperText-root MuiFormHelperText-sizeMedium MuiFormHelperText-contained MuiFormHelperText-filled Mui-required css-er619e-MuiFormHelperText-root"[39m
    [33mid[39m=[32m"_r_12g_-helper-text"[39m
  [36m/>[39m

  Name "":
  [36m<p[39m
    [33mclass[39m=[32m"MuiFormHelperText-root MuiFormHelperText-sizeMedium MuiFormHelperText-contained MuiFormHelperText-filled Mui-required css-er619e-MuiFormHelperText-root"[39m
    [33mid[39m=[32m"_r_12h_-helper-text"[39m
  [36m/>[39m

  Name "":
  [36m<p[39m
    [33mclass[39m=[32m"MuiFormHelperText-root MuiFormHelperText-sizeMedium MuiFormHelperText-contained MuiFormHelperText-filled Mui-required css-er619e-MuiFormHelperText-root"[39m
    [33mid[39m=[32m"_r_12j_-helper-text"[39m
  [36m/>[39m

  Name "":
  [36m<p[39m
    [33mclass[39m=[32m"MuiFormHelperText-root MuiFormHelperText-sizeMedium MuiFormHelperText-contained MuiFormHelperText-filled Mui-required css-er619e-MuiFormHelperText-root"[39m
    [33mid[39m=[32m"_r_12k_-helper-text"[39m
  [36m/>[39m

  Name "":
  [36m<p[39m
    [33mclass[39m=[32m"MuiFormHelperText-root MuiFormHelperText-sizeMedium MuiFormHelperText-contained MuiFormHelperText-filled Mui-required css-er619e-MuiFormHelperText-root"[39m
    [33mid[39m=[32m"_r_12m_-helper-text"[39m
  [36m/>[39m

  Name "":
  [36m<p[39m
    [33mclass[39m=[32m"MuiFormHelperText-root MuiFormHelperText-sizeMedium MuiFormHelperText-contained MuiFormHelperText-filled Mui-required css-er619e-MuiFormHelperText-root"[39m
    [33mid[39m=[32m"_r_12n_-helper-text"[39m
  [36m/>[39m

  Name "":
  [36m<p[39m
    [33mclass[39m=[32m"MuiFormHelperText-root MuiFormHelperText-sizeMedium MuiFormHelperText-contained MuiFormHelperText-filled Mui-required css-er619e-MuiFormHelperText-root"[39m
    [33mid[39m=[32m"_r_12p_-helper-text"[39m
  [36m/>[39m

  Name "":
  [36m<p[39m
    [33mclass[39m=[32m"MuiFormHelperText-root MuiFormHelperText-sizeMedium MuiFormHelperText-contained MuiFormHelperText-filled Mui-required css-er619e-MuiFormHelperText-root"[39m
    [33mid[39m=[32m"_r_12q_-helper-text"[39m
  [36m/>[39m

  Name "":
  [36m<p[39m
    [33mclass[39m=[32m"MuiFormHelperText-root MuiFormHelperText-sizeMedium MuiFormHelperText-contained MuiFormHelperText-filled Mui-required css-er619e-MuiFormHelperText-root"[39m
    [33mid[39m=[32m"_r_12s_-helper-text"[39m
  [36m/>[39m

  Name "":
  [36m<p[39m
    [33mclass[39m=[32m"MuiFormHelperText-root MuiFormHelperText-sizeMedium MuiFormHelperText-contained MuiFormHelperText-filled Mui-required css-er619e-MuiFormHelperText-root"[39m
    [33mid[39m=[32m"_r_12t_-helper-text"[39m
  [36m/>[39m

  Name "":
  [36m<p[39m
    [33mclass[39m=[32m"MuiFormHelperText-root MuiFormHelperText-sizeMedium MuiFormHelperText-contained MuiFormHelperText-filled Mui-required css-er619e-MuiFormHelperText-root"[39m
    [33mid[39m=[32m"_r_12v_-helper-text"[39m
  [36m/>[39m

  Name "":
  [36m<p[39m
    [33mclass[39m=[32m"MuiFormHelperText-root MuiFormHelperText-sizeMedium MuiFormHelperText-contained MuiFormHelperText-filled Mui-required css-er619e-MuiFormHelperText-root"[39m
    [33mid[39m=[32m"_r_130_-helper-text"[39m
  [36m/>[39m

  Name "":
  [36m<p[39m
    [33mclass[39m=[32m"MuiFormHelperText-root MuiFormHelperText-sizeMedium MuiFormHelperText-contained MuiFormHelperText-filled Mui-required css-er619e-MuiFormHelperText-root"[39m
    [33mid[39m=[32m"_r_132_-helper-text"[39m
  [36m/>[39m

  Name "":
  [36m<p[39m
    [33mclass[39m=[32m"MuiFormHelperText-root MuiFormHelperText-sizeMedium MuiFormHelperText-contained MuiFormHelperText-filled Mui-required css-er619e-MuiFormHelperText-root"[39m
    [33mid[39m=[32m"_r_133_-helper-text"[39m
  [36m/>[39m

  Name "":
  [36m<p[39m
    [33mclass[39m=[32m"MuiFormHelperText-root MuiFormHelperText-sizeMedium MuiFormHelperText-contained MuiFormHelperText-filled Mui-required css-er619e-MuiFormHelperText-root"[39m
    [33mid[39m=[32m"_r_135_-helper-text"[39m
  [36m/>[39m

  Name "":
  [36m<p[39m
    [33mclass[39m=[32m"MuiFormHelperText-root MuiFormHelperText-sizeMedium MuiFormHelperText-contained MuiFormHelperText-filled Mui-required css-er619e-MuiFormHelperText-root"[39m
    [33mid[39m=[32m"_r_136_-helper-text"[39m
  [36m/>[39m

  Name "":
  [36m<p[39m
    [33mclass[39m=[32m"MuiFormHelperText-root MuiFormHelperText-sizeMedium MuiFormHelperText-contained MuiFormHelperText-filled Mui-required css-er619e-MuiFormHelperText-root"[39m
    [33mid[39m=[32m"_r_138_-helper-text"[39m
  [36m/>[39m

  Name "":
  [36m<p[39m
    [33mclass[39m=[32m"MuiFormHelperText-root MuiFormHelperText-sizeMedium MuiFormHelperText-contained MuiFormHelperText-filled Mui-required css-er619e-MuiFormHelperText-root"[39m
    [33mid[39m=[32m"_r_139_-helper-text"[39m
  [36m/>[39m

  Name "":
  [36m<p[39m
    [33mclass[39m=[32m"MuiFormHelperText-root MuiFormHelperText-sizeMedium MuiFormHelperText-contained MuiFormHelperText-filled Mui-required css-er619e-MuiFormHelperText-root"[39m
    [33mid[39m=[32m"_r_13b_-helper-text"[39m
  [36m/>[39m

  Name "":
  [36m<p[39m
    [33mclass[39m=[32m"MuiFormHelperText-root MuiFormHelperText-sizeMedium MuiFormHelperText-contained MuiFormHelperText-filled Mui-required css-er619e-MuiFormHelperText-root"[39m
    [33mid[39m=[32m"_r_13c_-helper-text"[39m
  [36m/>[39m

  Name "":
  [36m<p[39m
    [33mclass[39m=[32m"MuiFormHelperText-root MuiFormHelperText-sizeMedium MuiFormHelperText-contained MuiFormHelperText-filled Mui-required css-er619e-MuiFormHelperText-root"[39m
    [33mid[39m=[32m"_r_13e_-helper-text"[39m
  [36m/>[39m

  Name "":
  [36m<p[39m
    [33mclass[39m=[32m"MuiFormHelperText-root MuiFormHelperText-sizeMedium MuiFormHelperText-contained MuiFormHelperText-filled Mui-required css-er619e-MuiFormHelperText-root"[39m
    [33mid[39m=[32m"_r_13f_-helper-text"[39m
  [36m/>[39m

  Name "":
  [36m<p[39m
    [33mclass[39m=[32m"MuiFormHelperText-root MuiFormHelperText-sizeMedium MuiFormHelperText-contained MuiFormHelperText-filled Mui-required css-er619e-MuiFormHelperText-root"[39m
    [33mid[39m=[32m"_r_13h_-helper-text"[39m
  [36m/>[39m

  Name "":
  [36m<p[39m
    [33mclass[39m=[32m"MuiFormHelperText-root MuiFormHelperText-sizeMedium MuiFormHelperText-contained MuiFormHelperText-filled Mui-required css-er619e-MuiFormHelperText-root"[39m
    [33mid[39m=[32m"_r_13i_-helper-text"[39m
  [36m/>[39m

  Name "":
  [36m<p[39m
    [33mclass[39m=[32m"MuiFormHelperText-root MuiFormHelperText-sizeMedium MuiFormHelperText-contained MuiFormHelperText-filled Mui-required css-er619e-MuiFormHelperText-root"[39m
    [33mid[39m=[32m"_r_13k_-helper-text"[39m
  [36m/>[39m

  Name "":
  [36m<p[39m
    [33mclass[39m=[32m"MuiFormHelperText-root MuiFormHelperText-sizeMedium MuiFormHelperText-contained MuiFormHelperText-filled Mui-required css-er619e-MuiFormHelperText-root"[39m
    [33mid[39m=[32m"_r_13l_-helper-text"[39m
  [36m/>[39m

  Name "":
  [36m<p[39m
    [33mclass[39m=[32m"MuiFormHelperText-root MuiFormHelperText-sizeMedium MuiFormHelperText-contained MuiFormHelperText-filled Mui-required css-er619e-MuiFormHelperText-root"[39m
    [33mid[39m=[32m"_r_13n_-helper-text"[39m
  [36m/>[39m

  Name "":
  [36m<p[39m
    [33mclass[39m=[32m"MuiFormHelperText-root MuiFormHelperText-sizeMedium MuiFormHelperText-contained MuiFormHelperText-filled Mui-required css-er619e-MuiFormHelperText-root"[39m
    [33mid[39m=[32m"_r_13o_-helper-text"[39m
  [36m/>[39m

  Name "":
  [36m<p[39m
    [33mclass[39m=[32m"MuiFormHelperText-root MuiFormHelperText-sizeMedium MuiFormHelperText-contained MuiFormHelperText-filled Mui-required css-er619e-MuiFormHelperText-root"[39m
    [33mid[39m=[32m"_r_13q_-helper-text"[39m
  [36m/>[39m

  Name "":
  [36m<p[39m
    [33mclass[39m=[32m"MuiFormHelperText-root MuiFormHelperText-sizeMedium MuiFormHelperText-contained MuiFormHelperText-filled Mui-required css-er619e-MuiFormHelperText-root"[39m
    [33mid[39m=[32m"_r_13r_-helper-text"[39m
  [36m/>[39m

  Name "":
  [36m<p[39m
    [33mclass[39m=[32m"MuiFormHelperText-root MuiFormHelperText-sizeMedium MuiFormHelperText-contained MuiFormHelperText-filled Mui-required css-er619e-MuiFormHelperText-root"[39m
    [33mid[39m=[32m"_r_13t_-helper-text"[39m
  [36m/>[39m

  Name "":
  [36m<p[39m
    [33mclass[39m=[32m"MuiFormHelperText-root MuiFormHelperText-sizeMedium MuiFormHelperText-contained MuiFormHelperText-filled Mui-required css-er619e-MuiFormHelperText-root"[39m
    [33mid[39m=[32m"_r_13u_-helper-text"[39m
  [36m/>[39m

  Name "":
  [36m<p[39m
    [33mclass[39m=[32m"MuiFormHelperText-root MuiFormHelperText-sizeMedium MuiFormHelperText-contained MuiFormHelperText-filled Mui-required css-er619e-MuiFormHelperText-root"[39m
    [33mid[39m=[32m"_r_140_-helper-text"[39m
  [36m/>[39m

  Name "":
  [36m<p[39m
    [33mclass[39m=[32m"MuiFormHelperText-root MuiFormHelperText-sizeMedium MuiFormHelperText-contained MuiFormHelperText-filled Mui-required css-er619e-MuiFormHelperText-root"[39m
    [33mid[39m=[32m"_r_141_-helper-text"[39m
  [36m/>[39m

  Name "":
  [36m<p[39m
    [33mclass[39m=[32m"MuiFormHelperText-root MuiFormHelperText-sizeMedium MuiFormHelperText-contained MuiFormHelperText-filled Mui-required css-er619e-MuiFormHelperText-root"[39m
    [33mid[39m=[32m"_r_143_-helper-text"[39m
  [36m/>[39m

  Name "":
  [36m<p[39m
    [33mclass[39m=[32m"MuiFormHelperText-root MuiFormHelperText-sizeMedium MuiFormHelperText-contained MuiFormHelperText-filled Mui-required css-er619e-MuiFormHelperText-root"[39m
    [33mid[39m=[32m"_r_144_-helper-text"[39m
  [36m/>[39m

  Name "":
  [36m<p[39m
    [33mclass[39m=[32m"MuiFormHelperText-root MuiFormHelperText-sizeMedium MuiFormHelperText-contained MuiFormHelperText-filled Mui-required css-er619e-MuiFormHelperText-root"[39m
    [33mid[39m=[32m"_r_146_-helper-text"[39m
  [36m/>[39m

  Name "":
  [36m<p[39m
    [33mclass[39m=[32m"MuiFormHelperText-root MuiFormHelperText-sizeMedium MuiFormHelperText-contained MuiFormHelperText-filled Mui-required css-er619e-MuiFormHelperText-root"[39m
    [33mid[39m=[32m"_r_147_-helper-text"[39m
  [36m/>[39m

  Name "":
  [36m<p[39m
    [33mclass[39m=[32m"MuiFormHelperText-root MuiFormHelperText-sizeMedium MuiFormHelperText-contained MuiFormHelperText-filled Mui-required css-er619e-MuiFormHelperText-root"[39m
    [33mid[39m=[32m"_r_149_-helper-text"[39m
  [36m/>[39m

  Name "":
  [36m<p[39m
    [33mclass[39m=[32m"MuiFormHelperText-root MuiFormHelperText-sizeMedium MuiFormHelperText-contained MuiFormHelperText-filled Mui-required css-er619e-MuiFormHelperText-root"[39m
    [33mid[39m=[32m"_r_14a_-helper-text"[39m
  [36m/>[39m

  Name "":
  [36m<p[39m
    [33mclass[39m=[32m"MuiFormHelperText-root MuiFormHelperText-sizeMedium MuiFormHelperText-contained MuiFormHelperText-filled Mui-required css-er619e-MuiFormHelperText-root"[39m
    [33mid[39m=[32m"_r_14c_-helper-text"[39m
  [36m/>[39m

  Name "":
  [36m<p[39m
    [33mclass[39m=[32m"MuiFormHelperText-root MuiFormHelperText-sizeMedium MuiFormHelperText-contained MuiFormHelperText-filled Mui-required css-er619e-MuiFormHelperText-root"[39m
    [33mid[39m=[32m"_r_14d_-helper-text"[39m
  [36m/>[39m

  Name "":
  [36m<p[39m
    [33mclass[39m=[32m"MuiFormHelperText-root MuiFormHelperText-sizeMedium MuiFormHelperText-contained MuiFormHelperText-filled Mui-required css-er619e-MuiFormHelperText-root"[39m
    [33mid[39m=[32m"_r_14f_-helper-text"[39m
  [36m/>[39m

  Name "":
  [36m<p[39m
    [33mclass[39m=[32m"MuiFormHelperText-root MuiFormHelperText-sizeMedium MuiFormHelperText-contained MuiFormHelperText-filled Mui-required css-er619e-MuiFormHelperText-root"[39m
    [33mid[39m=[32m"_r_14g_-helper-text"[39m
  [36m/>[39m

  Name "":
  [36m<p[39m
    [33mclass[39m=[32m"MuiFormHelperText-root MuiFormHelperText-sizeMedium MuiFormHelperText-contained MuiFormHelperText-filled Mui-required css-er619e-MuiFormHelperText-root"[39m
    [33mid[39m=[32m"_r_14i_-helper-text"[39m
  [36m/>[39m

  Name "":
  [36m<p[39m
    [33mclass[39m=[32m"MuiFormHelperText-root MuiFormHelperText-sizeMedium MuiFormHelperText-contained MuiFormHelperText-filled Mui-required css-er619e-MuiFormHelperText-root"[39m
    [33mid[39m=[32m"_r_14j_-helper-text"[39m
  [36m/>[39m

  Name "":
  [36m<p[39m
    [33mclass[39m=[32m"MuiFormHelperText-root MuiFormHelperText-sizeMedium MuiFormHelperText-contained MuiFormHelperText-filled Mui-required css-er619e-MuiFormHelperText-root"[39m
    [33mid[39m=[32m"_r_14l_-helper-text"[39m
  [36m/>[39m

  Name "":
  [36m<p[39m
    [33mclass[39m=[32m"MuiFormHelperText-root MuiFormHelperText-sizeMedium MuiFormHelperText-contained MuiFormHelperText-filled Mui-required css-er619e-MuiFormHelperText-root"[39m
    [33mid[39m=[32m"_r_14m_-helper-text"[39m
  [36m/>[39m

  Name "":
  [36m<p[39m
    [33mclass[39m=[32m"MuiFormHelperText-root MuiFormHelperText-sizeMedium MuiFormHelperText-contained MuiFormHelperText-filled Mui-required css-er619e-MuiFormHelperText-root"[39m
    [33mid[39m=[32m"_r_14o_-helper-text"[39m
  [36m/>[39m

  Name "":
  [36m<p[39m
    [33mclass[39m=[32m"MuiFormHelperText-root MuiFormHelperText-sizeMedium MuiFormHelperText-contained MuiFormHelperText-filled Mui-required css-er619e-MuiFormHelperText-root"[39m
    [33mid[39m=[32m"_r_14p_-helper-text"[39m
  [36m/>[39m

  Name "":
  [36m<p[39m
    [33mclass[39m=[32m"MuiFormHelperText-root MuiFormHelperText-sizeMedium MuiFormHelperText-contained MuiFormHelperText-filled Mui-required css-er619e-MuiFormHelperText-root"[39m
    [33mid[39m=[32m"_r_14r_-helper-text"[39m
  [36m/>[39m

  Name "":
  [36m<p[39m
    [33mclass[39m=[32m"MuiFormHelperText-root MuiFormHelperText-sizeMedium MuiFormHelperText-contained MuiFormHelperText-filled Mui-required css-er619e-MuiFormHelperText-root"[39m
    [33mid[39m=[32m"_r_14s_-helper-text"[39m
  [36m/>[39m

  Name "":
  [36m<p[39m
    [33mclass[39m=[32m"MuiFormHelperText-root MuiFormHelperText-sizeMedium MuiFormHelperText-contained MuiFormHelperText-filled Mui-required css-er619e-MuiFormHelperText-root"[39m
    [33mid[39m=[32m"_r_14u_-helper-text"[39m
  [36m/>[39m

  Name "":
  [36m<p[39m
    [33mclass[39m=[32m"MuiFormHelperText-root MuiFormHelperText-sizeMedium MuiFormHelperText-contained MuiFormHelperText-filled Mui-required css-er619e-MuiFormHelperText-root"[39m
    [33mid[39m=[32m"_r_14v_-helper-text"[39m
  [36m/>[39m

  Name "":
  [36m<p[39m
    [33mclass[39m=[32m"MuiFormHelperText-root MuiFormHelperText-sizeMedium MuiFormHelperText-contained MuiFormHelperText-filled Mui-required css-er619e-MuiFormHelperText-root"[39m
    [33mid[39m=[32m"_r_151_-helper-text"[39m
  [36m/>[39m

  Name "":
  [36m<p[39m
    [33mclass[39m=[32m"MuiFormHelperText-root MuiFormHelperText-sizeMedium MuiFormHelperText-contained MuiFormHelperText-filled Mui-required css-er619e-MuiFormHelperText-root"[39m
    [33mid[39m=[32m"_r_152_-helper-text"[39m
  [36m/>[39m

  Name "":
  [36m<p[39m
    [33mclass[39m=[32m"MuiFormHelperText-root MuiFormHelperText-sizeMedium MuiFormHelperText-contained MuiFormHelperText-filled Mui-required css-er619e-MuiFormHelperText-root"[39m
    [33mid[39m=[32m"_r_154_-helper-text"[39m
  [36m/>[39m

  Name "":
  [36m<p[39m
    [33mclass[39m=[32m"MuiFormHelperText-root MuiFormHelperText-sizeMedium MuiFormHelperText-contained MuiFormHelperText-filled Mui-required css-er619e-MuiFormHelperText-root"[39m
    [33mid[39m=[32m"_r_155_-helper-text"[39m
  [36m/>[39m

  Name "":
  [36m<p[39m
    [33mclass[39m=[32m"MuiFormHelperText-root MuiFormHelperText-sizeMedium MuiFormHelperText-contained MuiFormHelperText-filled Mui-required css-er619e-MuiFormHelperText-root"[39m
    [33mid[39m=[32m"_r_157_-helper-text"[39m
  [36m/>[39m

  Name "":
  [36m<p[39m
    [33mclass[39m=[32m"MuiFormHelperText-root MuiFormHelperText-sizeMedium MuiFormHelperText-contained MuiFormHelperText-filled Mui-required css-er619e-MuiFormHelperText-root"[39m
    [33mid[39m=[32m"_r_158_-helper-text"[39m
  [36m/>[39m

  Name "":
  [36m<p[39m
    [33mclass[39m=[32m"MuiFormHelperText-root MuiFormHelperText-sizeMedium MuiFormHelperText-contained MuiFormHelperText-filled Mui-required css-er619e-MuiFormHelperText-root"[39m
    [33mid[39m=[32m"_r_15a_-helper-text"[39m
  [36m/>[39m

  Name "":
  [36m<p[39m
    [33mclass[39m=[32m"MuiFormHelperText-root MuiFormHelperText-sizeMedium MuiFormHelperText-contained MuiFormHelperText-filled Mui-required css-er619e-MuiFormHelperText-root"[39m
    [33mid[39m=[32m"_r_15b_-helper-text"[39m
  [36m/>[39m

  Name "":
  [36m<p[39m
    [33mclass[39m=[32m"MuiFormHelperText-root MuiFormHelperText-sizeMedium MuiFormHelperText-contained MuiFormHelperText-filled Mui-required css-er619e-MuiFormHelperText-root"[39m
    [33mid[39m=[32m"_r_15d_-helper-text"[39m
  [36m/>[39m

  Name "":
  [36m<p[39m
    [33mclass[39m=[32m"MuiFormHelperText-root MuiFormHelperText-sizeMedium MuiFormHelperText-contained MuiFormHelperText-filled Mui-required css-er619e-MuiFormHelperText-root"[39m
    [33mid[39m=[32m"_r_15e_-helper-text"[39m
  [36m/>[39m

  Name "":
  [36m<p[39m
    [33mclass[39m=[32m"MuiFormHelperText-root MuiFormHelperText-sizeMedium MuiFormHelperText-contained MuiFormHelperText-filled Mui-required css-er619e-MuiFormHelperText-root"[39m
    [33mid[39m=[32m"_r_15g_-helper-text"[39m
  [36m/>[39m

  Name "":
  [36m<p[39m
    [33mclass[39m=[32m"MuiFormHelperText-root MuiFormHelperText-sizeMedium MuiFormHelperText-contained MuiFormHelperText-filled Mui-required css-er619e-MuiFormHelperText-root"[39m
    [33mid[39m=[32m"_r_15h_-helper-text"[39m
  [36m/>[39m

  Name "":
  [36m<p[39m
    [33mclass[39m=[32m"MuiFormHelperText-root MuiFormHelperText-sizeMedium MuiFormHelperText-contained MuiFormHelperText-filled Mui-required css-er619e-MuiFormHelperText-root"[39m
    [33mid[39m=[32m"_r_15j_-helper-text"[39m
  [36m/>[39m

  Name "":
  [36m<p[39m
    [33mclass[39m=[32m"MuiFormHelperText-root MuiFormHelperText-sizeMedium MuiFormHelperText-contained MuiFormHelperText-filled Mui-required css-er619e-MuiFormHelperText-root"[39m
    [33mid[39m=[32m"_r_15k_-helper-text"[39m
  [36m/>[39m

  Name "":
  [36m<p[39m
    [33mclass[39m=[32m"MuiFormHelperText-root MuiFormHelperText-sizeMedium MuiFormHelperText-contained MuiFormHelperText-filled Mui-required css-er619e-MuiFormHelperText-root"[39m
    [33mid[39m=[32m"_r_15m_-helper-text"[39m
  [36m/>[39m

  Name "":
  [36m<p[39m
    [33mclass[39m=[32m"MuiFormHelperText-root MuiFormHelperText-sizeMedium MuiFormHelperText-contained MuiFormHelperText-filled Mui-required css-er619e-MuiFormHelperText-root"[39m
    [33mid[39m=[32m"_r_15n_-helper-text"[39m
  [36m/>[39m

  Name "":
  [36m<p[39m
    [33mclass[39m=[32m"MuiFormHelperText-root MuiFormHelperText-sizeMedium MuiFormHelperText-contained MuiFormHelperText-filled Mui-required css-er619e-MuiFormHelperText-root"[39m
    [33mid[39m=[32m"_r_15p_-helper-text"[39m
  [36m/>[39m

  Name "":
  [36m<p[39m
    [33mclass[39m=[32m"MuiFormHelperText-root MuiFormHelperText-sizeMedium MuiFormHelperText-contained MuiFormHelperText-filled Mui-required css-er619e-MuiFormHelperText-root"[39m
    [33mid[39m=[32m"_r_15q_-helper-text"[39m
  [36m/>[39m

  Name "":
  [36m<p[39m
    [33mclass[39m=[32m"MuiFormHelperText-root MuiFormHelperText-sizeMedium MuiFormHelperText-contained MuiFormHelperText-filled Mui-required css-er619e-MuiFormHelperText-root"[39m
    [33mid[39m=[32m"_r_15s_-helper-text"[39m
  [36m/>[39m

  Name "":
  [36m<p[39m
    [33mclass[39m=[32m"MuiFormHelperText-root MuiFormHelperText-sizeMedium MuiFormHelperText-contained MuiFormHelperText-filled Mui-required css-er619e-MuiFormHelperText-root"[39m
    [33mid[39m=[32m"_r_15t_-helper-text"[39m
  [36m/>[39m

  Name "":
  [36m<p[39m
    [33mclass[39m=[32m"MuiFormHelperText-root MuiFormHelperText-sizeMedium MuiFormHelperText-contained MuiFormHelperText-filled Mui-required css-er619e-MuiFormHelperText-root"[39m
    [33mid[39m=[32m"_r_15v_-helper-text"[39m
  [36m/>[39m

  Name "":
  [36m<p[39m
    [33mclass[39m=[32m"MuiFormHelperText-root MuiFormHelperText-sizeMedium MuiFormHelperText-contained MuiFormHelperText-filled Mui-required css-er619e-MuiFormHelperText-root"[39m
    [33mid[39m=[32m"_r_160_-helper-text"[39m
  [36m/>[39m

  Name "":
  [36m<p[39m
    [33mclass[39m=[32m"MuiFormHelperText-root MuiFormHelperText-sizeMedium MuiFormHelperText-contained MuiFormHelperText-filled Mui-required css-er619e-MuiFormHelperText-root"[39m
    [33mid[39m=[32m"_r_162_-helper-text"[39m
  [36m/>[39m

  Name "":
  [36m<p[39m
    [33mclass[39m=[32m"MuiFormHelperText-root MuiFormHelperText-sizeMedium MuiFormHelperText-contained MuiFormHelperText-filled Mui-required css-er619e-MuiFormHelperText-root"[39m
    [33mid[39m=[32m"_r_163_-helper-text"[39m
  [36m/>[39m

  Name "":
  [36m<p[39m
    [33mclass[39m=[32m"MuiFormHelperText-root MuiFormHelperText-sizeMedium MuiFormHelperText-contained MuiFormHelperText-filled Mui-required css-er619e-MuiFormHelperText-root"[39m
    [33mid[39m=[32m"_r_165_-helper-text"[39m
  [36m/>[39m

  Name "":
  [36m<p[39m
    [33mclass[39m=[32m"MuiFormHelperText-root MuiFormHelperText-sizeMedium MuiFormHelperText-contained MuiFormHelperText-filled Mui-required css-er619e-MuiFormHelperText-root"[39m
    [33mid[39m=[32m"_r_166_-helper-text"[39m
  [36m/>[39m

  Name "":
  [36m<p[39m
    [33mclass[39m=[32m"MuiFormHelperText-root MuiFormHelperText-sizeMedium MuiFormHelperText-contained MuiFormHelperText-filled Mui-required css-er619e-MuiFormHelperText-root"[39m
    [33mid[39m=[32m"_r_168_-helper-text"[39m
  [36m/>[39m

  Name "":
  [36m<p[39m
    [33mclass[39m=[32m"MuiFormHelperText-root MuiFormHelperText-sizeMedium MuiFormHelperText-contained MuiFormHelperText-filled Mui-required css-er619e-MuiFormHelperText-root"[39m
    [33mid[39m=[32m"_r_169_-helper-text"[39m
  [36m/>[39m

  Name "":
  [36m<p[39m
    [33mclass[39m=[32m"MuiFormHelperText-root MuiFormHelperText-sizeMedium MuiFormHelperText-contained MuiFormHelperText-filled Mui-required css-er619e-MuiFormHelperText-root"[39m
    [33mid[39m=[32m"_r_16b_-helper-text"[39m
  [36m/>[39m

  Name "":
  [36m<p[39m
    [33mclass[39m=[32m"MuiFormHelperText-root MuiFormHelperText-sizeMedium MuiFormHelperText-contained MuiFormHelperText-filled Mui-required css-er619e-MuiFormHelperText-root"[39m
    [33mid[39m=[32m"_r_16c_-helper-text"[39m
  [36m/>[39m

  Name "":
  [36m<p[39m
    [33mclass[39m=[32m"MuiFormHelperText-root MuiFormHelperText-sizeMedium MuiFormHelperText-contained MuiFormHelperText-filled Mui-required css-er619e-MuiFormHelperText-root"[39m
    [33mid[39m=[32m"_r_16e_-helper-text"[39m
  [36m/>[39m

  Name "":
  [36m<p[39m
    [33mclass[39m=[32m"MuiFormHelperText-root MuiFormHelperText-sizeMedium MuiFormHelperText-contained MuiFormHelperText-filled Mui-required css-er619e-MuiFormHelperText-root"[39m
    [33mid[39m=[32m"_r_16f_-helper-text"[39m
  [36m/>[39m

  Name "":
  [36m<p[39m
    [33mclass[39m=[32m"MuiFormHelperText-root MuiFormHelperText-sizeMedium MuiFormHelperText-contained MuiFormHelperText-filled Mui-required css-er619e-MuiFormHelperText-root"[39m
    [33mid[39m=[32m"_r_16h_-helper-text"[39m
  [36m/>[39m

  Name "":
  [36m<p[39m
    [33mclass[39m=[32m"MuiFormHelperText-root MuiFormHelperText-sizeMedium MuiFormHelperText-contained MuiFormHelperText-filled Mui-required css-er619e-MuiFormHelperText-root"[39m
    [33mid[39m=[32m"_r_16i_-helper-text"[39m
  [36m/>[39m

  Name "":
  [36m<p[39m
    [33mclass[39m=[32m"MuiFormHelperText-root MuiFormHelperText-sizeMedium MuiFormHelperText-contained MuiFormHelperText-filled Mui-required css-er619e-MuiFormHelperText-root"[39m
    [33mid[39m=[32m"_r_16k_-helper-text"[39m
  [36m/>[39m

  Name "":
  [36m<p[39m
    [33mclass[39m=[32m"MuiFormHelperText-root MuiFormHelperText-sizeMedium MuiFormHelperText-contained MuiFormHelperText-filled Mui-required css-er619e-MuiFormHelperText-root"[39m
    [33mid[39m=[32m"_r_16l_-helper-text"[39m
  [36m/>[39m

  Name "":
  [36m<p[39m
    [33mclass[39m=[32m"MuiFormHelperText-root MuiFormHelperText-sizeMedium MuiFormHelperText-contained MuiFormHelperText-filled Mui-required css-er619e-MuiFormHelperText-root"[39m
    [33mid[39m=[32m"_r_16n_-helper-text"[39m
  [36m/>[39m

  Name "":
  [36m<p[39m
    [33mclass[39m=[32m"MuiFormHelperText-root MuiFormHelperText-sizeMedium MuiFormHelperText-contained MuiFormHelperText-filled Mui-required css-er619e-MuiFormHelperText-root"[39m
    [33mid[39m=[32m"_r_16o_-helper-text"[39m
  [36m/>[39m

  Name "":
  [36m<p[39m
    [33mclass[39m=[32m"MuiFormHelperText-root MuiFormHelperText-sizeMedium MuiFormHelperText-contained MuiFormHelperText-filled Mui-required css-er619e-MuiFormHelperText-root"[39m
    [33mid[39m=[32m"_r_16q_-helper-text"[39m
  [36m/>[39m

  Name "":
  [36m<p[39m
    [33mclass[39m=[32m"MuiFormHelperText-root MuiFormHelperText-sizeMedium MuiFormHelperText-contained MuiFormHelperText-filled Mui-required css-er619e-MuiFormHelperText-root"[39m
    [33mid[39m=[32m"_r_16r_-helper-text"[39m
  [36m/>[39m

  Name "":
  [36m<p[39m
    [33mclass[39m=[32m"MuiFormHelperText-root MuiFormHelperText-sizeMedium MuiFormHelperText-contained MuiFormHelperText-filled Mui-required css-er619e-MuiFormHelperText-root"[39m
    [33mid[39m=[32m"_r_16t_-helper-text"[39m
  [36m/>[39m

  Name "":
  [36m<p[39m
    [33mclass[39m=[32m"MuiFormHelperText-root MuiFormHelperText-sizeMedium MuiFormHelperText-contained MuiFormHelperText-filled Mui-required css-er619e-MuiFormHelperText-root"[39m
    [33mid[39m=[32m"_r_16u_-helper-text"[39m
  [36m/>[39m

  Name "":
  [36m<p[39m
    [33mclass[39m=[32m"MuiFormHelperText-root MuiFormHelperText-sizeMedium MuiFormHelperText-contained MuiFormHelperText-filled Mui-required css-er619e-MuiFormHelperText-root"[39m
    [33mid[39m=[32m"_r_170_-helper-text"[39m
  [36m/>[39m

  Name "":
  [36m<p[39m
    [33mclass[39m=[32m"MuiFormHelperText-root MuiFormHelperText-sizeMedium MuiFormHelperText-contained MuiFormHelperText-filled Mui-required css-er619e-MuiFormHelperText-root"[39m
    [33mid[39m=[32m"_r_171_-helper-text"[39m
  [36m/>[39m

  Name "":
  [36m<p[39m
    [33mclass[39m=[32m"MuiFormHelperText-root MuiFormHelperText-sizeMedium MuiFormHelperText-contained MuiFormHelperText-filled Mui-required css-er619e-MuiFormHelperText-root"[39m
    [33mid[39m=[32m"_r_173_-helper-text"[39m
  [36m/>[39m

  Name "":
  [36m<p[39m
    [33mclass[39m=[32m"MuiFormHelperText-root MuiFormHelperText-sizeMedium MuiFormHelperText-contained MuiFormHelperText-filled Mui-required css-er619e-MuiFormHelperText-root"[39m
    [33mid[39m=[32m"_r_174_-helper-text"[39m
  [36m/>[39m

  Name "":
  [36m<p[39m
    [33mclass[39m=[32m"MuiFormHelperText-root MuiFormHelperText-sizeMedium MuiFormHelperText-contained MuiFormHelperText-filled Mui-required css-er619e-MuiFormHelperText-root"[39m
    [33mid[39m=[32m"_r_176_-helper-text"[39m
  [36m/>[39m

  Name "":
  [36m<p[39m
    [33mclass[39m=[32m"MuiFormHelperText-root MuiFormHelperText-sizeMedium MuiFormHelperText-contained MuiFormHelperText-filled Mui-required css-er619e-MuiFormHelperText-root"[39m
    [33mid[39m=[32m"_r_177_-helper-text"[39m
  [36m/>[39m

  Name "":
  [36m<p[39m
    [33mclass[39m=[32m"MuiFormHelperText-root MuiFormHelperText-sizeMedium MuiFormHelperText-contained MuiFormHelperText-filled Mui-required css-er619e-MuiFormHelperText-root"[39m
    [33mid[39m=[32m"_r_179_-helper-text"[39m
  [36m/>[39m

  Name "":
  [36m<p[39m
    [33mclass[39m=[32m"MuiFormHelperText-root MuiFormHelperText-sizeMedium MuiFormHelperText-contained MuiFormHelperText-filled Mui-required css-er619e-MuiFormHelperText-root"[39m
    [33mid[39m=[32m"_r_17a_-helper-text"[39m
  [36m/>[39m

  Name "":
  [36m<p[39m
    [33mclass[39m=[32m"MuiFormHelperText-root MuiFormHelperText-sizeMedium MuiFormHelperText-contained MuiFormHelperText-filled Mui-required css-er619e-MuiFormHelperText-root"[39m
    [33mid[39m=[32m"_r_17c_-helper-text"[39m
  [36m/>[39m

  Name "":
  [36m<p[39m
    [33mclass[39m=[32m"MuiFormHelperText-root MuiFormHelperText-sizeMedium MuiFormHelperText-contained MuiFormHelperText-filled Mui-required css-er619e-MuiFormHelperText-root"[39m
    [33mid[39m=[32m"_r_17d_-helper-text"[39m
  [36m/>[39m

  Name "":
  [36m<p[39m
    [33mclass[39m=[32m"MuiFormHelperText-root MuiFormHelperText-sizeMedium MuiFormHelperText-contained MuiFormHelperText-filled Mui-required css-er619e-MuiFormHelperText-root"[39m
    [33mid[39m=[32m"_r_17f_-helper-text"[39m
  [36m/>[39m

  Name "":
  [36m<p[39m
    [33mclass[39m=[32m"MuiFormHelperText-root MuiFormHelperText-sizeMedium MuiFormHelperText-contained MuiFormHelperText-filled Mui-required css-er619e-MuiFormHelperText-root"[39m
    [33mid[39m=[32m"_r_17g_-helper-text"[39m
  [36m/>[39m

  Name "":
  [36m<p[39m
    [33mclass[39m=[32m"MuiFormHelperText-root MuiFormHelperText-sizeMedium MuiFormHelperText-contained MuiFormHelperText-filled Mui-required css-er619e-MuiFormHelperText-root"[39m
    [33mid[39m=[32m"_r_17i_-helper-text"[39m
  [36m/>[39m

  Name "":
  [36m<p[39m
    [33mclass[39m=[32m"MuiFormHelperText-root MuiFormHelperText-sizeMedium MuiFormHelperText-contained MuiFormHelperText-filled Mui-required css-er619e-MuiFormHelperText-root"[39m
    [33mid[39m=[32m"_r_17j_-helper-text"[39m
  [36m/>[39m

  Name "":
  [36m<p[39m
    [33mclass[39m=[32m"MuiFormHelperText-root MuiFormHelperText-sizeMedium MuiFormHelperText-contained MuiFormHelperText-filled Mui-required css-er619e-MuiFormHelperText-root"[39m
    [33mid[39m=[32m"_r_17l_-helper-text"[39m
  [36m/>[39m

  Name "":
  [36m<p[39m
    [33mclass[39m=[32m"MuiFormHelperText-root MuiFormHelperText-sizeMedium MuiFormHelperText-contained MuiFormHelperText-filled Mui-required css-er619e-MuiFormHelperText-root"[39m
    [33mid[39m=[32m"_r_17m_-helper-text"[39m
  [36m/>[39m

  Name "":
  [36m<p[39m
    [33mclass[39m=[32m"MuiFormHelperText-root MuiFormHelperText-sizeMedium MuiFormHelperText-contained MuiFormHelperText-filled Mui-required css-er619e-MuiFormHelperText-root"[39m
    [33mid[39m=[32m"_r_17o_-helper-text"[39m
  [36m/>[39m

  Name "":
  [36m<p[39m
    [33mclass[39m=[32m"MuiFormHelperText-root MuiFormHelperText-sizeMedium MuiFormHelperText-contained MuiFormHelperText-filled Mui-required css-er619e-MuiFormHelperText-root"[39m
    [33mid[39m=[32m"_r_17p_-helper-text"[39m
  [36m/>[39m

  Name "":
  [36m<p[39m
    [33mclass[39m=[32m"MuiFormHelperText-root MuiFormHelperText-sizeMedium MuiFormHelperText-contained MuiFormHelperText-filled Mui-required css-er619e-MuiFormHelperText-root"[39m
    [33mid[39m=[32m"_r_17r_-helper-text"[39m
  [36m/>[39m

  Name "":
  [36m<p[39m
    [33mclass[39m=[32m"MuiFormHelperText-root MuiFormHelperText-sizeMedium MuiFormHelperText-contained MuiFormHelperText-filled Mui-required css-er619e-MuiFormHelperText-root"[39m
    [33mid[39m=[32m"_r_17s_-helper-text"[39m
  [36m/>[39m

  Name "":
  [36m<p[39m
    [33mclass[39m=[32m"MuiFormHelperText-root MuiFormHelperText-sizeMedium MuiFormHelperText-contained MuiFormHelperText-filled Mui-required css-er619e-MuiFormHelperText-root"[39m
    [33mid[39m=[32m"_r_17u_-helper-text"[39m
  [36m/>[39m

  Name "":
  [36m<p[39m
    [33mclass[39m=[32m"MuiFormHelperText-root MuiFormHelperText-sizeMedium MuiFormHelperText-contained MuiFormHelperText-filled Mui-required css-er619e-MuiFormHelperText-root"[39m
    [33mid[39m=[32m"_r_17v_-helper-text"[39m
  [36m/>[39m

  Name "":
  [36m<p[39m
    [33mclass[39m=[32m"MuiFormHelperText-root MuiFormHelperText-sizeMedium MuiFormHelperText-contained MuiFormHelperText-filled Mui-required css-er619e-MuiFormHelperText-root"[39m
    [33mid[39m=[32m"_r_181_-helper-text"[39m
  [36m/>[39m

  Name "":
  [36m<p[39m
    [33mclass[39m=[32m"MuiFormHelperText-root MuiFormHelperText-sizeMedium MuiFormHelperText-contained MuiFormHelperText-filled Mui-required css-er619e-MuiFormHelperText-root"[39m
    [33mid[39m=[32m"_r_182_-helper-text"[39m
  [36m/>[39m

  Name "":
  [36m<p[39m
    [33mclass[39m=[32m"MuiFormHelperText-root MuiFormHelperText-sizeMedium MuiFormHelperText-contained MuiFormHelperText-filled Mui-required css-er619e-MuiFormHelperText-root"[39m
    [33mid[39m=[32m"_r_184_-helper-text"[39m
  [36m/>[39m

  Name "":
  [36m<p[39m
    [33mclass[39m=[32m"MuiFormHelperText-root MuiFormHelperText-sizeMedium MuiFormHelperText-contained MuiFormHelperText-filled Mui-required css-er619e-MuiFormHelperText-root"[39m
    [33mid[39m=[32m"_r_185_-helper-text"[39m
  [36m/>[39m

  Name "":
  [36m<p[39m
    [33mclass[39m=[32m"MuiFormHelperText-root MuiFormHelperText-sizeMedium MuiFormHelperText-contained MuiFormHelperText-filled Mui-required css-er619e-MuiFormHelperText-root"[39m
    [33mid[39m=[32m"_r_187_-helper-text"[39m
  [36m/>[39m

  Name "":
  [36m<p[39m
    [33mclass[39m=[32m"MuiFormHelperText-root MuiFormHelperText-sizeMedium MuiFormHelperText-contained MuiFormHelperText-filled Mui-required css-er619e-MuiFormHelperText-root"[39m
    [33mid[39m=[32m"_r_188_-helper-text"[39m
  [36m/>[39m

  Name "":
  [36m<p[39m
    [33mclass[39m=[32m"MuiFormHelperText-root MuiFormHelperText-sizeMedium MuiFormHelperText-contained MuiFormHelperText-filled Mui-required css-er619e-MuiFormHelperText-root"[39m
    [33mid[39m=[32m"_r_18a_-helper-text"[39m
  [36m/>[39m

  Name "":
  [36m<p[39m
    [33mclass[39m=[32m"MuiFormHelperText-root MuiFormHelperText-sizeMedium MuiFormHelperText-contained MuiFormHelperText-filled Mui-required css-er619e-MuiFormHelperText-root"[39m
    [33mid[39m=[32m"_r_18b_-helper-text"[39m
  [36m/>[39m

  Name "":
  [36m<p[39m
    [33mclass[39m=[32m"MuiFormHelperText-root MuiFormHelperText-sizeMedium MuiFormHelperText-contained MuiFormHelperText-filled Mui-required css-er619e-MuiFormHelperText-root"[39m
    [33mid[39m=[32m"_r_18d_-helper-text"[39m
  [36m/>[39m

  Name "":
  [36m<p[39m
    [33mclass[39m=[32m"MuiFormHelperText-root MuiFormHelperText-sizeMedium MuiFormHelperText-contained MuiFormHelperText-filled Mui-required css-er619e-MuiFormHelperText-root"[39m
    [33mid[39m=[32m"_r_18e_-helper-text"[39m
  [36m/>[39m

  Name "":
  [36m<p[39m
    [33mclass[39m=[32m"MuiFormHelperText-root MuiFormHelperText-sizeMedium MuiFormHelperText-contained MuiFormHelperText-filled Mui-required css-er619e-MuiFormHelperText-root"[39m
    [33mid[39m=[32m"_r_18g_-helper-text"[39m
  [36m/>[39m

  Name "":
  [36m<p[39m
    [33mclass[39m=[32m"MuiFormHelperText-root MuiFormHelperText-sizeMedium MuiFormHelperText-contained MuiFormHelperText-filled Mui-required css-er619e-MuiFormHelperText-root"[39m
    [33mid[39m=[32m"_r_18h_-helper-text"[39m
  [36m/>[39m

  Name "":
  [36m<p[39m
    [33mclass[39m=[32m"MuiFormHelperText-root MuiFormHelperText-sizeMedium MuiFormHelperText-contained MuiFormHelperText-filled Mui-required css-er619e-MuiFormHelperText-root"[39m
    [33mid[39m=[32m"_r_18j_-helper-text"[39m
  [36m/>[39m

  Name "":
  [36m<p[39m
    [33mclass[39m=[32m"MuiFormHelperText-root MuiFormHelperText-sizeMedium MuiFormHelperText-contained MuiFormHelperText-filled Mui-required css-er619e-MuiFormHelperText-root"[39m
    [33mid[39m=[32m"_r_18k_-helper-text"[39m
  [36m/>[39m

  Name "":
  [36m<p[39m
    [33mclass[39m=[32m"MuiFormHelperText-root MuiFormHelperText-sizeMedium MuiFormHelperText-contained MuiFormHelperText-filled Mui-required css-er619e-MuiFormHelperText-root"[39m
    [33mid[39m=[32m"_r_18m_-helper-text"[39m
  [36m/>[39m

  Name "":
  [36m<p[39m
    [33mclass[39m=[32m"MuiFormHelperText-root MuiFormHelperText-sizeMedium MuiFormHelperText-contained MuiFormHelperText-filled Mui-required css-er619e-MuiFormHelperText-root"[39m
    [33mid[39m=[32m"_r_18n_-helper-text"[39m
  [36m/>[39m

  Name "":
  [36m<p[39m
    [33mclass[39m=[32m"MuiFormHelperText-root MuiFormHelperText-sizeMedium MuiFormHelperText-contained MuiFormHelperText-filled Mui-required css-er619e-MuiFormHelperText-root"[39m
    [33mid[39m=[32m"_r_18p_-helper-text"[39m
  [36m/>[39m

  Name "":
  [36m<p[39m
    [33mclass[39m=[32m"MuiFormHelperText-root MuiFormHelperText-sizeMedium MuiFormHelperText-contained MuiFormHelperText-filled Mui-required css-er619e-MuiFormHelperText-root"[39m
    [33mid[39m=[32m"_r_18q_-helper-text"[39m
  [36m/>[39m

  Name "":
  [36m<p[39m
    [33mclass[39m=[32m"MuiFormHelperText-root MuiFormHelperText-sizeMedium MuiFormHelperText-contained MuiFormHelperText-filled Mui-required css-er619e-MuiFormHelperText-root"[39m
    [33mid[39m=[32m"_r_18s_-helper-text"[39m
  [36m/>[39m

  Name "":
  [36m<p[39m
    [33mclass[39m=[32m"MuiFormHelperText-root MuiFormHelperText-sizeMedium MuiFormHelperText-contained MuiFormHelperText-filled Mui-required css-er619e-MuiFormHelperText-root"[39m
    [33mid[39m=[32m"_r_18t_-helper-text"[39m
  [36m/>[39m

  Name "":
  [36m<p[39m
    [33mclass[39m=[32m"MuiFormHelperText-root MuiFormHelperText-sizeMedium MuiFormHelperText-contained MuiFormHelperText-filled Mui-required css-er619e-MuiFormHelperText-root"[39m
    [33mid[39m=[32m"_r_18v_-helper-text"[39m
  [36m/>[39m

  Name "":
  [36m<p[39m
    [33mclass[39m=[32m"MuiFormHelperText-root MuiFormHelperText-sizeMedium MuiFormHelperText-contained MuiFormHelperText-filled Mui-required css-er619e-MuiFormHelperText-root"[39m
    [33mid[39m=[32m"_r_190_-helper-text"[39m
  [36m/>[39m

  Name "":
  [36m<p[39m
    [33mclass[39m=[32m"MuiFormHelperText-root MuiFormHelperText-sizeMedium MuiFormHelperText-contained MuiFormHelperText-filled Mui-required css-er619e-MuiFormHelperText-root"[39m
    [33mid[39m=[32m"_r_192_-helper-text"[39m
  [36m/>[39m

  Name "":
  [36m<p[39m
    [33mclass[39m=[32m"MuiFormHelperText-root MuiFormHelperText-sizeMedium MuiFormHelperText-contained MuiFormHelperText-filled Mui-required css-er619e-MuiFormHelperText-root"[39m
    [33mid[39m=[32m"_r_193_-helper-text"[39m
  [36m/>[39m

  Name "":
  [36m<p[39m
    [33mclass[39m=[32m"MuiFormHelperText-root MuiFormHelperText-sizeMedium MuiFormHelperText-contained MuiFormHelperText-filled Mui-required css-er619e-MuiFormHelperText-root"[39m
    [33mid[39m=[32m"_r_195_-helper-text"[39m
  [36m/>[39m

  Name "":
  [36m<p[39m
    [33mclass[39m=[32m"MuiFormHelperText-root MuiFormHelperText-sizeMedium MuiFormHelperText-contained MuiFormHelperText-filled Mui-required css-er619e-MuiFormHelperText-root"[39m
    [33mid[39m=[32m"_r_196_-helper-text"[39m
  [36m/>[39m

  Name "":
  [36m<p[39m
    [33mclass[39m=[32m"MuiFormHelperText-root MuiFormHelperText-sizeMedium MuiFormHelperText-contained MuiFormHelperText-filled Mui-required css-er619e-MuiFormHelperText-root"[39m
    [33mid[39m=[32m"_r_198_-helper-text"[39m
  [36m/>[39m

  Name "":
  [36m<p[39m
    [33mclass[39m=[32m"MuiFormHelperText-root MuiFormHelperText-sizeMedium MuiFormHelperText-contained MuiFormHelperText-filled Mui-required css-er619e-MuiFormHelperText-root"[39m
    [33mid[39m=[32m"_r_199_-helper-text"[39m
  [36m/>[39m

  Name "":
  [36m<p[39m
    [33mclass[39m=[32m"MuiFormHelperText-root MuiFormHelperText-sizeMedium MuiFormHelperText-contained MuiFormHelperText-filled Mui-required css-er619e-MuiFormHelperText-root"[39m
    [33mid[39m=[32m"_r_19b_-helper-text"[39m
  [36m/>[39m

  Name "":
  [36m<p[39m
    [33mclass[39m=[32m"MuiFormHelperText-root MuiFormHelperText-sizeMedium MuiFormHelperText-contained MuiFormHelperText-filled Mui-required css-er619e-MuiFormHelperText-root"[39m
    [33mid[39m=[32m"_r_19c_-helper-text"[39m
  [36m/>[39m

  Name "":
  [36m<p[39m
    [33mclass[39m=[32m"MuiFormHelperText-root MuiFormHelperText-sizeMedium MuiFormHelperText-contained MuiFormHelperText-filled Mui-required css-er619e-MuiFormHelperText-root"[39m
    [33mid[39m=[32m"_r_19e_-helper-text"[39m
  [36m/>[39m

  Name "":
  [36m<p[39m
    [33mclass[39m=[32m"MuiFormHelperText-root MuiFormHelperText-sizeMedium MuiFormHelperText-contained MuiFormHelperText-filled Mui-required css-er619e-MuiFormHelperText-root"[39m
    [33mid[39m=[32m"_r_19f_-helper-text"[39m
  [36m/>[39m

  Name "":
  [36m<p[39m
    [33mclass[39m=[32m"MuiFormHelperText-root MuiFormHelperText-sizeMedium MuiFormHelperText-contained MuiFormHelperText-filled Mui-required css-er619e-MuiFormHelperText-root"[39m
    [33mid[39m=[32m"_r_19h_-helper-text"[39m
  [36m/>[39m

  Name "":
  [36m<p[39m
    [33mclass[39m=[32m"MuiFormHelperText-root MuiFormHelperText-sizeMedium MuiFormHelperText-contained MuiFormHelperText-filled Mui-required css-er619e-MuiFormHelperText-root"[39m
    [33mid[39m=[32m"_r_19i_-helper-text"[39m
  [36m/>[39m

  Name "":
  [36m<p[39m
    [33mclass[39m=[32m"MuiFormHelperText-root MuiFormHelperText-sizeMedium MuiFormHelperText-contained MuiFormHelperText-filled Mui-required css-er619e-MuiFormHelperText-root"[39m
    [33mid[39m=[32m"_r_19k_-helper-text"[39m
  [36m/>[39m

  Name "":
  [36m<p[39m
    [33mclass[39m=[32m"MuiFormHelperText-root MuiFormHelperText-sizeMedium MuiFormHelperText-contained MuiFormHelperText-filled Mui-required css-er619e-MuiFormHelperText-root"[39m
    [33mid[39m=[32m"_r_19l_-helper-text"[39m
  [36m/>[39m

  Name "":
  [36m<p[39m
    [33mclass[39m=[32m"MuiFormHelperText-root MuiFormHelperText-sizeMedium MuiFormHelperText-contained MuiFormHelperText-filled Mui-required css-er619e-MuiFormHelperText-root"[39m
    [33mid[39m=[32m"_r_19n_-helper-text"[39m
  [36m/>[39m

  Name "":
  [36m<p[39m
    [33mclass[39m=[32m"MuiFormHelperText-root MuiFormHelperText-sizeMedium MuiFormHelperText-contained MuiFormHelperText-filled Mui-required css-er619e-MuiFormHelperText-root"[39m
    [33mid[39m=[32m"_r_19o_-helper-text"[39m
  [36m/>[39m

  Name "":
  [36m<p[39m
    [33mclass[39m=[32m"MuiFormHelperText-root MuiFormHelperText-sizeMedium MuiFormHelperText-contained MuiFormHelperText-filled Mui-required css-er619e-MuiFormHelperText-root"[39m
    [33mid[39m=[32m"_r_19q_-helper-text"[39m
  [36m/>[39m

  Name "":
  [36m<p[39m
    [33mclass[39m=[32m"MuiFormHelperText-root MuiFormHelperText-sizeMedium MuiFormHelperText-contained MuiFormHelperText-filled Mui-required css-er619e-MuiFormHelperText-root"[39m
    [33mid[39m=[32m"_r_19r_-helper-text"[39m
  [36m/>[39m

  Name "":
  [36m<p[39m
    [33mclass[39m=[32m"MuiFormHelperText-root MuiFormHelperText-sizeMedium MuiFormHelperText-contained MuiFormHelperText-filled Mui-required css-er619e-MuiFormHelperText-root"[39m
    [33mid[39m=[32m"_r_19t_-helper-text"[39m
  [36m/>[39m

  Name "":
  [36m<p[39m
    [33mclass[39m=[32m"MuiFormHelperText-root MuiFormHelperText-sizeMedium MuiFormHelperText-contained MuiFormHelperText-filled Mui-required css-er619e-MuiFormHelperText-root"[39m
    [33mid[39m=[32m"_r_19u_-helper-text"[39m
  [36m/>[39m

  Name "":
  [36m<p[39m
    [33mclass[39m=[32m"MuiFormHelperText-root MuiFormHelperText-sizeMedium MuiFormHelperText-contained MuiFormHelperText-filled Mui-required css-er619e-MuiFormHelperText-root"[39m
    [33mid[39m=[32m"_r_1a0_-helper-text"[39m
  [36m/>[39m

  Name "":
  [36m<p[39m
    [33mclass[39m=[32m"MuiFormHelperText-root MuiFormHelperText-sizeMedium MuiFormHelperText-contained MuiFormHelperText-filled Mui-required css-er619e-MuiFormHelperText-root"[39m
    [33mid[39m=[32m"_r_1a1_-helper-text"[39m
  [36m/>[39m

  Name "":
  [36m<p[39m
    [33mclass[39m=[32m"MuiFormHelperText-root MuiFormHelperText-sizeMedium MuiFormHelperText-contained MuiFormHelperText-filled Mui-required css-er619e-MuiFormHelperText-root"[39m
    [33mid[39m=[32m"_r_1a3_-helper-text"[39m
  [36m/>[39m

  Name "":
  [36m<p[39m
    [33mclass[39m=[32m"MuiFormHelperText-root MuiFormHelperText-sizeMedium MuiFormHelperText-contained MuiFormHelperText-filled Mui-required css-er619e-MuiFormHelperText-root"[39m
    [33mid[39m=[32m"_r_1a4_-helper-text"[39m
  [36m/>[39m

  Name "":
  [36m<p[39m
    [33mclass[39m=[32m"MuiFormHelperText-root MuiFormHelperText-sizeMedium MuiFormHelperText-contained MuiFormHelperText-filled Mui-required css-er619e-MuiFormHelperText-root"[39m
    [33mid[39m=[32m"_r_1a6_-helper-text"[39m
  [36m/>[39m

  Name "":
  [36m<p[39m
    [33mclass[39m=[32m"MuiFormHelperText-root MuiFormHelperText-sizeMedium MuiFormHelperText-contained MuiFormHelperText-filled Mui-required css-er619e-MuiFormHelperText-root"[39m
    [33mid[39m=[32m"_r_1a7_-helper-text"[39m
  [36m/>[39m

  Name "":
  [36m<p[39m
    [33mclass[39m=[32m"MuiFormHelperText-root MuiFormHelperText-sizeMedium MuiFormHelperText-contained MuiFormHelperText-filled Mui-required css-er619e-MuiFormHelperText-root"[39m
    [33mid[39m=[32m"_r_1a9_-helper-text"[39m
  [36m/>[39m

  Name "":
  [36m<p[39m
    [33mclass[39m=[32m"MuiFormHelperText-root MuiFormHelperText-sizeMedium MuiFormHelperText-contained MuiFormHelperText-filled Mui-required css-er619e-MuiFormHelperText-root"[39m
    [33mid[39m=[32m"_r_1aa_-helper-text"[39m
  [36m/>[39m

  Name "":
  [36m<p[39m
    [33mclass[39m=[32m"MuiFormHelperText-root MuiFormHelperText-sizeMedium MuiFormHelperText-contained MuiFormHelperText-filled Mui-required css-er619e-MuiFormHelperText-root"[39m
    [33mid[39m=[32m"_r_1ac_-helper-text"[39m
  [36m/>[39m

  Name "":
  [36m<p[39m
    [33mclass[39m=[32m"MuiFormHelperText-root MuiFormHelperText-sizeMedium MuiFormHelperText-contained MuiFormHelperText-filled Mui-required css-er619e-MuiFormHelperText-root"[39m
    [33mid[39m=[32m"_r_1ad_-helper-text"[39m
  [36m/>[39m

  Name "":
  [36m<p[39m
    [33mclass[39m=[32m"MuiFormHelperText-root MuiFormHelperText-sizeMedium MuiFormHelperText-contained MuiFormHelperText-filled Mui-required css-er619e-MuiFormHelperText-root"[39m
    [33mid[39m=[32m"_r_1af_-helper-text"[39m
  [36m/>[39m

  Name "":
  [36m<p[39m
    [33mclass[39m=[32m"MuiFormHelperText-root MuiFormHelperText-sizeMedium MuiFormHelperText-contained MuiFormHelperText-filled Mui-required css-er619e-MuiFormHelperText-root"[39m
    [33mid[39m=[32m"_r_1ag_-helper-text"[39m
  [36m/>[39m

  Name "":
  [36m<p[39m
    [33mclass[39m=[32m"MuiFormHelperText-root MuiFormHelperText-sizeMedium MuiFormHelperText-contained MuiFormHelperText-filled Mui-required css-er619e-MuiFormHelperText-root"[39m
    [33mid[39m=[32m"_r_1ai_-helper-text"[39m
  [36m/>[39m

  Name "":
  [36m<p[39m
    [33mclass[39m=[32m"MuiFormHelperText-root MuiFormHelperText-sizeMedium MuiFormHelperText-contained MuiFormHelperText-filled Mui-required css-er619e-MuiFormHelperText-root"[39m
    [33mid[39m=[32m"_r_1aj_-helper-text"[39m
  [36m/>[39m

  Name "":
  [36m<p[39m
    [33mclass[39m=[32m"MuiFormHelperText-root MuiFormHelperText-sizeMedium MuiFormHelperText-contained MuiFormHelperText-filled Mui-required css-er619e-MuiFormHelperText-root"[39m
    [33mid[39m=[32m"_r_1al_-helper-text"[39m
  [36m/>[39m

  Name "":
  [36m<p[39m
    [33mclass[39m=[32m"MuiFormHelperText-root MuiFormHelperText-sizeMedium MuiFormHelperText-contained MuiFormHelperText-filled Mui-required css-er619e-MuiFormHelperText-root"[39m
    [33mid[39m=[32m"_r_1am_-helper-text"[39m
  [36m/>[39m

  Name "":
  [36m<p[39m
    [33mclass[39m=[32m"MuiFormHelperText-root MuiFormHelperText-sizeMedium MuiFormHelperText-contained MuiFormHelperText-filled Mui-required css-er619e-MuiFormHelperText-root"[39m
    [33mid[39m=[32m"_r_1ao_-helper-text"[39m
  [36m/>[39m

  Name "":
  [36m<p[39m
    [33mclass[39m=[32m"MuiFormHelperText-root MuiFormHelperText-sizeMedium MuiFormHelperText-contained MuiFormHelperText-filled Mui-required css-er619e-MuiFormHelperText-root"[39m
    [33mid[39m=[32m"_r_1ap_-helper-text"[39m
  [36m/>[39m

  Name "":
  [36m<p[39m
    [33mclass[39m=[32m"MuiFormHelperText-root MuiFormHelperText-sizeMedium MuiFormHelperText-contained MuiFormHelperText-filled Mui-required css-er619e-MuiFormHelperText-root"[39m
    [33mid[39m=[32m"_r_1ar_-helper-text"[39m
  [36m/>[39m

  Name "":
  [36m<p[39m
    [33mclass[39m=[32m"MuiFormHelperText-root MuiFormHelperText-sizeMedium MuiFormHelperText-contained MuiFormHelperText-filled Mui-required css-er619e-MuiFormHelperText-root"[39m
    [33mid[39m=[32m"_r_1as_-helper-text"[39m
  [36m/>[39m

  Name "":
  [36m<p[39m
    [33mclass[39m=[32m"MuiFormHelperText-root MuiFormHelperText-sizeMedium MuiFormHelperText-contained MuiFormHelperText-filled Mui-required css-er619e-MuiFormHelperText-root"[39m
    [33mid[39m=[32m"_r_1au_-helper-text"[39m
  [36m/>[39m

  Name "":
  [36m<p[39m
    [33mclass[39m=[32m"MuiFormHelperText-root MuiFormHelperText-sizeMedium MuiFormHelperText-contained MuiFormHelperText-filled Mui-required css-er619e-MuiFormHelperText-root"[39m
    [33mid[39m=[32m"_r_1av_-helper-text"[39m
  [36m/>[39m

  Name "":
  [36m<p[39m
    [33mclass[39m=[32m"MuiFormHelperText-root MuiFormHelperText-sizeMedium MuiFormHelperText-contained MuiFormHelperText-filled Mui-required css-er619e-MuiFormHelperText-root"[39m
    [33mid[39m=[32m"_r_1b1_-helper-text"[39m
  [36m/>[39m

  Name "":
  [36m<p[39m
    [33mclass[39m=[32m"MuiFormHelperText-root MuiFormHelperText-sizeMedium MuiFormHelperText-contained MuiFormHelperText-filled Mui-required css-er619e-MuiFormHelperText-root"[39m
    [33mid[39m=[32m"_r_1b2_-helper-text"[39m
  [36m/>[39m

  Name "":
  [36m<p[39m
    [33mclass[39m=[32m"MuiFormHelperText-root MuiFormHelperText-sizeMedium MuiFormHelperText-contained MuiFormHelperText-filled Mui-required css-er619e-MuiFormHelperText-root"[39m
    [33mid[39m=[32m"_r_1b4_-helper-text"[39m
  [36m/>[39m

  Name "":
  [36m<p[39m
    [33mclass[39m=[32m"MuiFormHelperText-root MuiFormHelperText-sizeMedium MuiFormHelperText-contained MuiFormHelperText-filled Mui-required css-er619e-MuiFormHelperText-root"[39m
    [33mid[39m=[32m"_r_1b5_-helper-text"[39m
  [36m/>[39m

  Name "":
  [36m<p[39m
    [33mclass[39m=[32m"MuiFormHelperText-root MuiFormHelperText-sizeMedium MuiFormHelperText-contained MuiFormHelperText-filled Mui-required css-er619e-MuiFormHelperText-root"[39m
    [33mid[39m=[32m"_r_1b7_-helper-text"[39m
  [36m/>[39m

  Name "":
  [36m<p[39m
    [33mclass[39m=[32m"MuiFormHelperText-root MuiFormHelperText-sizeMedium MuiFormHelperText-contained MuiFormHelperText-filled Mui-required css-er619e-MuiFormHelperText-root"[39m
    [33mid[39m=[32m"_r_1b8_-helper-text"[39m
  [36m/>[39m

  Name "":
  [36m<p[39m
    [33mclass[39m=[32m"MuiFormHelperText-root MuiFormHelperText-sizeMedium MuiFormHelperText-contained MuiFormHelperText-filled Mui-required css-er619e-MuiFormHelperText-root"[39m
    [33mid[39m=[32m"_r_1ba_-helper-text"[39m
  [36m/>[39m

  Name "":
  [36m<p[39m
    [33mclass[39m=[32m"MuiFormHelperText-root MuiFormHelperText-sizeMedium MuiFormHelperText-contained MuiFormHelperText-filled Mui-required css-er619e-MuiFormHelperText-root"[39m
    [33mid[39m=[32m"_r_1bb_-helper-text"[39m
  [36m/>[39m

  Name "":
  [36m<p[39m
    [33mclass[39m=[32m"MuiFormHelperText-root MuiFormHelperText-sizeMedium MuiFormHelperText-contained MuiFormHelperText-filled Mui-required css-er619e-MuiFormHelperText-root"[39m
    [33mid[39m=[32m"_r_1bd_-helper-text"[39m
  [36m/>[39m

  Name "":
  [36m<p[39m
    [33mclass[39m=[32m"MuiFormHelperText-root MuiFormHelperText-sizeMedium MuiFormHelperText-contained MuiFormHelperText-filled Mui-required css-er619e-MuiFormHelperText-root"[39m
    [33mid[39m=[32m"_r_1be_-helper-text"[39m
  [36m/>[39m

  Name "":
  [36m<p[39m
    [33mclass[39m=[32m"MuiFormHelperText-root MuiFormHelperText-sizeMedium MuiFormHelperText-contained MuiFormHelperText-filled Mui-required css-er619e-MuiFormHelperText-root"[39m
    [33mid[39m=[32m"_r_1bg_-helper-text"[39m
  [36m/>[39m

  Name "":
  [36m<p[39m
    [33mclass[39m=[32m"MuiFormHelperText-root MuiFormHelperText-sizeMedium MuiFormHelperText-contained MuiFormHelperText-filled Mui-required css-er619e-MuiFormHelperText-root"[39m
    [33mid[39m=[32m"_r_1bh_-helper-text"[39m
  [36m/>[39m

  Name "":
  [36m<p[39m
    [33mclass[39m=[32m"MuiFormHelperText-root MuiFormHelperText-sizeMedium MuiFormHelperText-contained MuiFormHelperText-filled Mui-required css-er619e-MuiFormHelperText-root"[39m
    [33mid[39m=[32m"_r_1bj_-helper-text"[39m
  [36m/>[39m

  Name "":
  [36m<p[39m
    [33mclass[39m=[32m"MuiFormHelperText-root MuiFormHelperText-sizeMedium MuiFormHelperText-contained MuiFormHelperText-filled Mui-required css-er619e-MuiFormHelperText-root"[39m
    [33mid[39m=[32m"_r_1bk_-helper-text"[39m
  [36m/>[39m

  Name "":
  [36m<p[39m
    [33mclass[39m=[32m"MuiFormHelperText-root MuiFormHelperText-sizeMedium MuiFormHelperText-contained MuiFormHelperText-filled Mui-required css-er619e-MuiFormHelperText-root"[39m
    [33mid[39m=[32m"_r_1bm_-helper-text"[39m
  [36m/>[39m

  Name "":
  [36m<p[39m
    [33mclass[39m=[32m"MuiFormHelperText-root MuiFormHelperText-sizeMedium MuiFormHelperText-contained MuiFormHelperText-filled Mui-required css-er619e-MuiFormHelperText-root"[39m
    [33mid[39m=[32m"_r_1bn_-helper-text"[39m
  [36m/>[39m

  Name "":
  [36m<p[39m
    [33mclass[39m=[32m"MuiFormHelperText-root MuiFormHelperText-sizeMedium MuiFormHelperText-contained MuiFormHelperText-filled Mui-required css-er619e-MuiFormHelperText-root"[39m
    [33mid[39m=[32m"_r_1bp_-helper-text"[39m
  [36m/>[39m

  Name "":
  [36m<p[39m
    [33mclass[39m=[32m"MuiFormHelperText-root MuiFormHelperText-sizeMedium MuiFormHelperText-contained MuiFormHelperText-filled Mui-required css-er619e-MuiFormHelperText-root"[39m
    [33mid[39m=[32m"_r_1bq_-helper-text"[39m
  [36m/>[39m

  Name "":
  [36m<p[39m
    [33mclass[39m=[32m"MuiFormHelperText-root MuiFormHelperText-sizeMedium MuiFormHelperText-contained MuiFormHelperText-filled Mui-required css-er619e-MuiFormHelperText-root"[39m
    [33mid[39m=[32m"_r_1bs_-helper-text"[39m
  [36m/>[39m

  Name "":
  [36m<p[39m
    [33mclass[39m=[32m"MuiFormHelperText-root MuiFormHelperText-sizeMedium MuiFormHelperText-contained MuiFormHelperText-filled Mui-required css-er619e-MuiFormHelperText-root"[39m
    [33mid[39m=[32m"_r_1bt_-helper-text"[39m
  [36m/>[39m

  Name "":
  [36m<p[39m
    [33mclass[39m=[32m"MuiFormHelperText-root MuiFormHelperText-sizeMedium MuiFormHelperText-contained MuiFormHelperText-filled Mui-required css-er619e-MuiFormHelperText-root"[39m
    [33mid[39m=[32m"_r_1bv_-helper-text"[39m
  [36m/>[39m

  Name "":
  [36m<p[39m
    [33mclass[39m=[32m"MuiFormHelperText-root MuiFormHelperText-sizeMedium MuiFormHelperText-contained MuiFormHelperText-filled Mui-required css-er619e-MuiFormHelperText-root"[39m
    [33mid[39m=[32m"_r_1c0_-helper-text"[39m
  [36m/>[39m

  Name "":
  [36m<p[39m
    [33mclass[39m=[32m"MuiFormHelperText-root MuiFormHelperText-sizeMedium MuiFormHelperText-contained MuiFormHelperText-filled Mui-required css-er619e-MuiFormHelperText-root"[39m
    [33mid[39m=[32m"_r_1c2_-helper-text"[39m
  [36m/>[39m

  Name "":
  [36m<p[39m
    [33mclass[39m=[32m"MuiFormHelperText-root MuiFormHelperText-sizeMedium MuiFormHelperText-contained MuiFormHelperText-filled Mui-required css-er619e-MuiFormHelperText-root"[39m
    [33mid[39m=[32m"_r_1c3_-helper-text"[39m
  [36m/>[39m

  Name "":
  [36m<p[39m
    [33mclass[39m=[32m"MuiFormHelperText-root MuiFormHelperText-sizeMedium MuiFormHelperText-contained MuiFormHelperText-filled Mui-required css-er619e-MuiFormHelperText-root"[39m
    [33mid[39m=[32m"_r_1c5_-helper-text"[39m
  [36m/>[39m

  Name "":
  [36m<p[39m
    [33mclass[39m=[32m"MuiFormHelperText-root MuiFormHelperText-sizeMedium MuiFormHelperText-contained MuiFormHelperText-filled Mui-required css-er619e-MuiFormHelperText-root"[39m
    [33mid[39m=[32m"_r_1c6_-helper-text"[39m
  [36m/>[39m

  Name "":
  [36m<p[39m
    [33mclass[39m=[32m"MuiFormHelperText-root MuiFormHelperText-sizeMedium MuiFormHelperText-contained MuiFormHelperText-filled Mui-required css-er619e-MuiFormHelperText-root"[39m
    [33mid[39m=[32m"_r_1c8_-helper-text"[39m
  [36m/>[39m

  Name "":
  [36m<p[39m
    [33mclass[39m=[32m"MuiFormHelperText-root MuiFormHelperText-sizeMedium MuiFormHelperText-contained MuiFormHelperText-filled Mui-required css-er619e-MuiFormHelperText-root"[39m
    [33mid[39m=[32m"_r_1c9_-helper-text"[39m
  [36m/>[39m

  Name "":
  [36m<p[39m
    [33mclass[39m=[32m"MuiFormHelperText-root MuiFormHelperText-sizeMedium MuiFormHelperText-contained MuiFormHelperText-filled Mui-required css-er619e-MuiFormHelperText-root"[39m
    [33mid[39m=[32m"_r_1cb_-helper-text"[39m
  [36m/>[39m

  Name "":
  [36m<p[39m
    [33mclass[39m=[32m"MuiFormHelperText-root MuiFormHelperText-sizeMedium MuiFormHelperText-contained MuiFormHelperText-filled Mui-required css-er619e-MuiFormHelperText-root"[39m
    [33mid[39m=[32m"_r_1cc_-helper-text"[39m
  [36m/>[39m

  Name "":
  [36m<p[39m
    [33mclass[39m=[32m"MuiFormHelperText-root MuiFormHelperText-sizeMedium MuiFormHelperText-contained MuiFormHelperText-filled Mui-required css-er619e-MuiFormHelperText-root"[39m
    [33mid[39m=[32m"_r_1ce_-helper-text"[39m
  [36m/>[39m

  Name "":
  [36m<p[39m
    [33mclass[39m=[32m"MuiFormHelperText-root MuiFormHelperText-sizeMedium MuiFormHelperText-contained MuiFormHelperText-filled Mui-required css-er619e-MuiFormHelperText-root"[39m
    [33mid[39m=[32m"_r_1cf_-helper-text"[39m
  [36m/>[39m

  Name "":
  [36m<p[39m
    [33mclass[39m=[32m"MuiFormHelperText-root MuiFormHelperText-sizeMedium MuiFormHelperText-contained MuiFormHelperText-filled Mui-required css-er619e-MuiFormHelperText-root"[39m
    [33mid[39m=[32m"_r_1ch_-helper-text"[39m
  [36m/>[39m

  Name "":
  [36m<p[39m
    [33mclass[39m=[32m"MuiFormHelperText-root MuiFormHelperText-sizeMedium MuiFormHelperText-contained MuiFormHelperText-filled Mui-required css-er619e-MuiFormHelperText-root"[39m
    [33mid[39m=[32m"_r_1ci_-helper-text"[39m
  [36m/>[39m

  Name "":
  [36m<p[39m
    [33mclass[39m=[32m"MuiFormHelperText-root MuiFormHelperText-sizeMedium MuiFormHelperText-contained MuiFormHelperText-filled Mui-required css-er619e-MuiFormHelperText-root"[39m
    [33mid[39m=[32m"_r_1ck_-helper-text"[39m
  [36m/>[39m

  Name "":
  [36m<p[39m
    [33mclass[39m=[32m"MuiFormHelperText-root MuiFormHelperText-sizeMedium MuiFormHelperText-contained MuiFormHelperText-filled Mui-required css-er619e-MuiFormHelperText-root"[39m
    [33mid[39m=[32m"_r_1cl_-helper-text"[39m
  [36m/>[39m

  Name "":
  [36m<p[39m
    [33mclass[39m=[32m"MuiFormHelperText-root MuiFormHelperText-sizeMedium MuiFormHelperText-contained MuiFormHelperText-filled Mui-required css-er619e-MuiFormHelperText-root"[39m
    [33mid[39m=[32m"_r_1cn_-helper-text"[39m
  [36m/>[39m

  Name "":
  [36m<p[39m
    [33mclass[39m=[32m"MuiFormHelperText-root MuiFormHelperText-sizeMedium MuiFormHelperText-contained MuiFormHelperText-filled Mui-required css-er619e-MuiFormHelperText-root"[39m
    [33mid[39m=[32m"_r_1co_-helper-text"[39m
  [36m/>[39m

  Name "":
  [36m<p[39m
    [33mclass[39m=[32m"MuiFormHelperText-root MuiFormHelperText-sizeMedium MuiFormHelperText-contained MuiFormHelperText-filled Mui-required css-er619e-MuiFormHelperText-root"[39m
    [33mid[39m=[32m"_r_1cq_-helper-text"[39m
  [36m/>[39m

  Name "":
  [36m<p[39m
    [33mclass[39m=[32m"MuiFormHelperText-root MuiFormHelperText-sizeMedium MuiFormHelperText-contained MuiFormHelperText-filled Mui-required css-er619e-MuiFormHelperText-root"[39m
    [33mid[39m=[32m"_r_1cr_-helper-text"[39m
  [36m/>[39m

  Name "":
  [36m<p[39m
    [33mclass[39m=[32m"MuiFormHelperText-root MuiFormHelperText-sizeMedium MuiFormHelperText-contained MuiFormHelperText-filled Mui-required css-er619e-MuiFormHelperText-root"[39m
    [33mid[39m=[32m"_r_1ct_-helper-text"[39m
  [36m/>[39m

  Name "":
  [36m<p[39m
    [33mclass[39m=[32m"MuiFormHelperText-root MuiFormHelperText-sizeMedium MuiFormHelperText-contained MuiFormHelperText-filled Mui-required css-er619e-MuiFormHelperText-root"[39m
    [33mid[39m=[32m"_r_1cu_-helper-text"[39m
  [36m/>[39m

  Name "":
  [36m<p[39m
    [33mclass[39m=[32m"MuiFormHelperText-root MuiFormHelperText-sizeMedium MuiFormHelperText-contained MuiFormHelperText-filled Mui-required css-er619e-MuiFormHelperText-root"[39m
    [33mid[39m=[32m"_r_1d0_-helper-text"[39m
  [36m/>[39m

  Name "":
  [36m<p[39m
    [33mclass[39m=[32m"MuiFormHelperText-root MuiFormHelperText-sizeMedium MuiFormHelperText-contained MuiFormHelperText-filled Mui-required css-er619e-MuiFormHelperText-root"[39m
    [33mid[39m=[32m"_r_1d1_-helper-text"[39m
  [36m/>[39m

  Name "":
  [36m<p[39m
    [33mclass[39m=[32m"MuiFormHelperText-root MuiFormHelperText-sizeMedium MuiFormHelperText-contained MuiFormHelperText-filled Mui-required css-er619e-MuiFormHelperText-root"[39m
    [33mid[39m=[32m"_r_1d3_-helper-text"[39m
  [36m/>[39m

  Name "":
  [36m<p[39m
    [33mclass[39m=[32m"MuiFormHelperText-root MuiFormHelperText-sizeMedium MuiFormHelperText-contained MuiFormHelperText-filled Mui-required css-er619e-MuiFormHelperText-root"[39m
    [33mid[39m=[32m"_r_1d4_-helper-text"[39m
  [36m/>[39m

  Name "":
  [36m<p[39m
    [33mclass[39m=[32m"MuiFormHelperText-root MuiFormHelperText-sizeMedium MuiFormHelperText-contained MuiFormHelperText-filled Mui-required css-er619e-MuiFormHelperText-root"[39m
    [33mid[39m=[32m"_r_1d6_-helper-text"[39m
  [36m/>[39m

  Name "":
  [36m<p[39m
    [33mclass[39m=[32m"MuiFormHelperText-root MuiFormHelperText-sizeMedium MuiFormHelperText-contained MuiFormHelperText-filled Mui-required css-er619e-MuiFormHelperText-root"[39m
    [33mid[39m=[32m"_r_1d7_-helper-text"[39m
  [36m/>[39m

  Name "":
  [36m<p[39m
    [33mclass[39m=[32m"MuiFormHelperText-root MuiFormHelperText-sizeMedium MuiFormHelperText-contained MuiFormHelperText-filled Mui-required css-er619e-MuiFormHelperText-root"[39m
    [33mid[39m=[32m"_r_1d9_-helper-text"[39m
  [36m/>[39m

  Name "":
  [36m<p[39m
    [33mclass[39m=[32m"MuiFormHelperText-root MuiFormHelperText-sizeMedium MuiFormHelperText-contained MuiFormHelperText-filled Mui-required css-er619e-MuiFormHelperText-root"[39m
    [33mid[39m=[32m"_r_1da_-helper-text"[39m
  [36m/>[39m

  Name "":
  [36m<p[39m
    [33mclass[39m=[32m"MuiFormHelperText-root MuiFormHelperText-sizeMedium MuiFormHelperText-contained MuiFormHelperText-filled Mui-required css-er619e-MuiFormHelperText-root"[39m
    [33mid[39m=[32m"_r_1dc_-helper-text"[39m
  [36m/>[39m

  Name "":
  [36m<p[39m
    [33mclass[39m=[32m"MuiFormHelperText-root MuiFormHelperText-sizeMedium MuiFormHelperText-contained MuiFormHelperText-filled Mui-required css-er619e-MuiFormHelperText-root"[39m
    [33mid[39m=[32m"_r_1dd_-helper-text"[39m
  [36m/>[39m

  Name "":
  [36m<p[39m
    [33mclass[39m=[32m"MuiFormHelperText-root MuiFormHelperText-sizeMedium MuiFormHelperText-contained MuiFormHelperText-filled Mui-required css-er619e-MuiFormHelperText-root"[39m
    [33mid[39m=[32m"_r_1df_-helper-text"[39m
  [36m/>[39m

  Name "":
  [36m<p[39m
    [33mclass[39m=[32m"MuiFormHelperText-root MuiFormHelperText-sizeMedium MuiFormHelperText-contained MuiFormHelperText-filled Mui-required css-er619e-MuiFormHelperText-root"[39m
    [33mid[39m=[32m"_r_1dg_-helper-text"[39m
  [36m/>[39m

  Name "":
  [36m<p[39m
    [33mclass[39m=[32m"MuiFormHelperText-root MuiFormHelperText-sizeMedium MuiFormHelperText-contained MuiFormHelperText-filled Mui-required css-er619e-MuiFormHelperText-root"[39m
    [33mid[39m=[32m"_r_1di_-helper-text"[39m
  [36m/>[39m

  Name "":
  [36m<p[39m
    [33mclass[39m=[32m"MuiFormHelperText-root MuiFormHelperText-sizeMedium MuiFormHelperText-contained MuiFormHelperText-filled Mui-required css-er619e-MuiFormHelperText-root"[39m
    [33mid[39m=[32m"_r_1dj_-helper-text"[39m
  [36m/>[39m

  Name "":
  [36m<p[39m
    [33mclass[39m=[32m"MuiFormHelperText-root MuiFormHelperText-sizeMedium MuiFormHelperText-contained MuiFormHelperText-filled Mui-required css-er619e-MuiFormHelperText-root"[39m
    [33mid[39m=[32m"_r_1dl_-helper-text"[39m
  [36m/>[39m

  Name "":
  [36m<p[39m
    [33mclass[39m=[32m"MuiFormHelperText-root MuiFormHelperText-sizeMedium MuiFormHelperText-contained MuiFormHelperText-filled Mui-required css-er619e-MuiFormHelperText-root"[39m
    [33mid[39m=[32m"_r_1dm_-helper-text"[39m
  [36m/>[39m

  Name "":
  [36m<p[39m
    [33mclass[39m=[32m"MuiFormHelperText-root MuiFormHelperText-sizeMedium MuiFormHelperText-contained MuiFormHelperText-filled Mui-required css-er619e-MuiFormHelperText-root"[39m
    [33mid[39m=[32m"_r_1do_-helper-text"[39m
  [36m/>[39m

  Name "":
  [36m<p[39m
    [33mclass[39m=[32m"MuiFormHelperText-root MuiFormHelperText-sizeMedium MuiFormHelperText-contained MuiFormHelperText-filled Mui-required css-er619e-MuiFormHelperText-root"[39m
    [33mid[39m=[32m"_r_1dp_-helper-text"[39m
  [36m/>[39m

  Name "":
  [36m<p[39m
    [33mclass[39m=[32m"MuiFormHelperText-root MuiFormHelperText-sizeMedium MuiFormHelperText-contained MuiFormHelperText-filled Mui-required css-er619e-MuiFormHelperText-root"[39m
    [33mid[39m=[32m"_r_1dr_-helper-text"[39m
  [36m/>[39m

  Name "":
  [36m<p[39m
    [33mclass[39m=[32m"MuiFormHelperText-root MuiFormHelperText-sizeMedium MuiFormHelperText-contained MuiFormHelperText-filled Mui-required css-er619e-MuiFormHelperText-root"[39m
    [33mid[39m=[32m"_r_1ds_-helper-text"[39m
  [36m/>[39m

  Name "":
  [36m<p[39m
    [33mclass[39m=[32m"MuiFormHelperText-root MuiFormHelperText-sizeMedium MuiFormHelperText-contained MuiFormHelperText-filled Mui-required css-er619e-MuiFormHelperText-root"[39m
    [33mid[39m=[32m"_r_1du_-helper-text"[39m
  [36m/>[39m

  Name "":
  [36m<p[39m
    [33mclass[39m=[32m"MuiFormHelperText-root MuiFormHelperText-sizeMedium MuiFormHelperText-contained MuiFormHelperText-filled Mui-required css-er619e-MuiFormHelperText-root"[39m
    [33mid[39m=[32m"_r_1dv_-helper-text"[39m
  [36m/>[39m

  Name "":
  [36m<p[39m
    [33mclass[39m=[32m"MuiFormHelperText-root MuiFormHelperText-sizeMedium MuiFormHelperText-contained MuiFormHelperText-filled Mui-required css-er619e-MuiFormHelperText-root"[39m
    [33mid[39m=[32m"_r_1e1_-helper-text"[39m
  [36m/>[39m

  Name "":
  [36m<p[39m
    [33mclass[39m=[32m"MuiFormHelperText-root MuiFormHelperText-sizeMedium MuiFormHelperText-contained MuiFormHelperText-filled Mui-required css-er619e-MuiFormHelperText-root"[39m
    [33mid[39m=[32m"_r_1e2_-helper-text"[39m
  [36m/>[39m

  Name "":
  [36m<p[39m
    [33mclass[39m=[32m"MuiFormHelperText-root MuiFormHelperText-sizeMedium MuiFormHelperText-contained MuiFormHelperText-filled Mui-required css-er619e-MuiFormHelperText-root"[39m
    [33mid[39m=[32m"_r_1e4_-helper-text"[39m
  [36m/>[39m

  Name "":
  [36m<p[39m
    [33mclass[39m=[32m"MuiFormHelperText-root MuiFormHelperText-sizeMedium MuiFormHelperText-contained MuiFormHelperText-filled Mui-required css-er619e-MuiFormHelperText-root"[39m
    [33mid[39m=[32m"_r_1e5_-helper-text"[39m
  [36m/>[39m

  Name "":
  [36m<p[39m
    [33mclass[39m=[32m"MuiFormHelperText-root MuiFormHelperText-sizeMedium MuiFormHelperText-contained MuiFormHelperText-filled Mui-required css-er619e-MuiFormHelperText-root"[39m
    [33mid[39m=[32m"_r_1e7_-helper-text"[39m
  [36m/>[39m

  Name "":
  [36m<p[39m
    [33mclass[39m=[32m"MuiFormHelperText-root MuiFormHelperText-sizeMedium MuiFormHelperText-contained MuiFormHelperText-filled Mui-required css-er619e-MuiFormHelperText-root"[39m
    [33mid[39m=[32m"_r_1e8_-helper-text"[39m
  [36m/>[39m

  Name "":
  [36m<p[39m
    [33mclass[39m=[32m"MuiFormHelperText-root MuiFormHelperText-sizeMedium MuiFormHelperText-contained MuiFormHelperText-filled Mui-required css-er619e-MuiFormHelperText-root"[39m
    [33mid[39m=[32m"_r_1ea_-helper-text"[39m
  [36m/>[39m

  Name "":
  [36m<p[39m
    [33mclass[39m=[32m"MuiFormHelperText-root MuiFormHelperText-sizeMedium MuiFormHelperText-contained MuiFormHelperText-filled Mui-required css-er619e-MuiFormHelperText-root"[39m
    [33mid[39m=[32m"_r_1eb_-helper-text"[39m
  [36m/>[39m

  Name "":
  [36m<p[39m
    [33mclass[39m=[32m"MuiFormHelperText-root MuiFormHelperText-sizeMedium MuiFormHelperText-contained MuiFormHelperText-filled Mui-required css-er619e-MuiFormHelperText-root"[39m
    [33mid[39m=[32m"_r_1ed_-helper-text"[39m
  [36m/>[39m

  Name "":
  [36m<p[39m
    [33mclass[39m=[32m"MuiFormHelperText-root MuiFormHelperText-sizeMedium MuiFormHelperText-contained MuiFormHelperText-filled Mui-required css-er619e-MuiFormHelperText-root"[39m
    [33mid[39m=[32m"_r_1ee_-helper-text"[39m
  [36m/>[39m

  Name "":
  [36m<p[39m
    [33mclass[39m=[32m"MuiFormHelperText-root MuiFormHelperText-sizeMedium MuiFormHelperText-contained MuiFormHelperText-filled Mui-required css-er619e-MuiFormHelperText-root"[39m
    [33mid[39m=[32m"_r_1eg_-helper-text"[39m
  [36m/>[39m

  Name "":
  [36m<p[39m
    [33mclass[39m=[32m"MuiFormHelperText-root MuiFormHelperText-sizeMedium MuiFormHelperText-contained MuiFormHelperText-filled Mui-required css-er619e-MuiFormHelperText-root"[39m
    [33mid[39m=[32m"_r_1eh_-helper-text"[39m
  [36m/>[39m

  Name "":
  [36m<p[39m
    [33mclass[39m=[32m"MuiFormHelperText-root MuiFormHelperText-sizeMedium MuiFormHelperText-contained MuiFormHelperText-filled Mui-required css-er619e-MuiFormHelperText-root"[39m
    [33mid[39m=[32m"_r_1ej_-helper-text"[39m
  [36m/>[39m

  Name "":
  [36m<p[39m
    [33mclass[39m=[32m"MuiFormHelperText-root MuiFormHelperText-sizeMedium MuiFormHelperText-contained MuiFormHelperText-filled Mui-required css-er619e-MuiFormHelperText-root"[39m
    [33mid[39m=[32m"_r_1ek_-helper-text"[39m
  [36m/>[39m

  Name "":
  [36m<p[39m
    [33mclass[39m=[32m"MuiFormHelperText-root MuiFormHelperText-sizeMedium MuiFormHelperText-contained MuiFormHelperText-filled Mui-required css-er619e-MuiFormHelperText-root"[39m
    [33mid[39m=[32m"_r_1em_-helper-text"[39m
  [36m/>[39m

  Name "":
  [36m<p[39m
    [33mclass[39m=[32m"MuiFormHelperText-root MuiFormHelperText-sizeMedium MuiFormHelperText-contained MuiFormHelperText-filled Mui-required css-er619e-MuiFormHelperText-root"[39m
    [33mid[39m=[32m"_r_1en_-helper-text"[39m
  [36m/>[39m

  Name "":
  [36m<p[39m
    [33mclass[39m=[32m"MuiFormHelperText-root MuiFormHelperText-sizeMedium MuiFormHelperText-contained MuiFormHelperText-filled Mui-required css-er619e-MuiFormHelperText-root"[39m
    [33mid[39m=[32m"_r_1ep_-helper-text"[39m
  [36m/>[39m

  Name "":
  [36m<p[39m
    [33mclass[39m=[32m"MuiFormHelperText-root MuiFormHelperText-sizeMedium MuiFormHelperText-contained MuiFormHelperText-filled Mui-required css-er619e-MuiFormHelperText-root"[39m
    [33mid[39m=[32m"_r_1eq_-helper-text"[39m
  [36m/>[39m

  Name "":
  [36m<p[39m
    [33mclass[39m=[32m"MuiFormHelperText-root MuiFormHelperText-sizeMedium MuiFormHelperText-contained MuiFormHelperText-filled Mui-required css-er619e-MuiFormHelperText-root"[39m
    [33mid[39m=[32m"_r_1es_-helper-text"[39m
  [36m/>[39m

  Name "":
  [36m<p[39m
    [33mclass[39m=[32m"MuiFormHelperText-root MuiFormHelperText-sizeMedium MuiFormHelperText-contained MuiFormHelperText-filled Mui-required css-er619e-MuiFormHelperText-root"[39m
    [33mid[39m=[32m"_r_1et_-helper-text"[39m
  [36m/>[39m

  Name "":
  [36m<p[39m
    [33mclass[39m=[32m"MuiFormHelperText-root MuiFormHelperText-sizeMedium MuiFormHelperText-contained MuiFormHelperText-filled Mui-required css-er619e-MuiFormHelperText-root"[39m
    [33mid[39m=[32m"_r_1ev_-helper-text"[39m
  [36m/>[39m

  Name "":
  [36m<p[39m
    [33mclass[39m=[32m"MuiFormHelperText-root MuiFormHelperText-sizeMedium MuiFormHelperText-contained MuiFormHelperText-filled Mui-required css-er619e-MuiFormHelperText-root"[39m
    [33mid[39m=[32m"_r_1f0_-helper-text"[39m
  [36m/>[39m

  Name "":
  [36m<p[39m
    [33mclass[39m=[32m"MuiFormHelperText-root MuiFormHelperText-sizeMedium MuiFormHelperText-contained MuiFormHelperText-filled Mui-required css-er619e-MuiFormHelperText-root"[39m
    [33mid[39m=[32m"_r_1f2_-helper-text"[39m
  [36m/>[39m

  Name "":
  [36m<p[39m
    [33mclass[39m=[32m"MuiFormHelperText-root MuiFormHelperText-sizeMedium MuiFormHelperText-contained MuiFormHelperText-filled Mui-required css-er619e-MuiFormHelperText-root"[39m
    [33mid[39m=[32m"_r_1f3_-helper-text"[39m
  [36m/>[39m

  Name "":
  [36m<p[39m
    [33mclass[39m=[32m"MuiFormHelperText-root MuiFormHelperText-sizeMedium MuiFormHelperText-contained MuiFormHelperText-filled Mui-required css-er619e-MuiFormHelperText-root"[39m
    [33mid[39m=[32m"_r_1f5_-helper-text"[39m
  [36m/>[39m

  Name "":
  [36m<p[39m
    [33mclass[39m=[32m"MuiFormHelperText-root MuiFormHelperText-sizeMedium MuiFormHelperText-contained MuiFormHelperText-filled Mui-required css-er619e-MuiFormHelperText-root"[39m
    [33mid[39m=[32m"_r_1f6_-helper-text"[39m
  [36m/>[39m

  Name "":
  [36m<p[39m
    [33mclass[39m=[32m"MuiFormHelperText-root MuiFormHelperText-sizeMedium MuiFormHelperText-contained MuiFormHelperText-filled Mui-required css-er619e-MuiFormHelperText-root"[39m
    [33mid[39m=[32m"_r_1f8_-helper-text"[39m
  [36m/>[39m

  Name "":
  [36m<p[39m
    [33mclass[39m=[32m"MuiFormHelperText-root MuiFormHelperText-sizeMedium MuiFormHelperText-contained MuiFormHelperText-filled Mui-required css-er619e-MuiFormHelperText-root"[39m
    [33mid[39m=[32m"_r_1f9_-helper-text"[39m
  [36m/>[39m

  Name "":
  [36m<p[39m
    [33mclass[39m=[32m"MuiFormHelperText-root MuiFormHelperText-sizeMedium MuiFormHelperText-contained MuiFormHelperText-filled Mui-required css-er619e-MuiFormHelperText-root"[39m
    [33mid[39m=[32m"_r_1fb_-helper-text"[39m
  [36m/>[39m

  Name "":
  [36m<p[39m
    [33mclass[39m=[32m"MuiFormHelperText-root MuiFormHelperText-sizeMedium MuiFormHelperText-contained MuiFormHelperText-filled Mui-required css-er619e-MuiFormHelperText-root"[39m
    [33mid[39m=[32m"_r_1fc_-helper-text"[39m
  [36m/>[39m

  Name "":
  [36m<p[39m
    [33mclass[39m=[32m"MuiFormHelperText-root MuiFormHelperText-sizeMedium MuiFormHelperText-contained MuiFormHelperText-filled Mui-required css-er619e-MuiFormHelperText-root"[39m
    [33mid[39m=[32m"_r_1fe_-helper-text"[39m
  [36m/>[39m

  Name "":
  [36m<p[39m
    [33mclass[39m=[32m"MuiFormHelperText-root MuiFormHelperText-sizeMedium MuiFormHelperText-contained MuiFormHelperText-filled Mui-required css-er619e-MuiFormHelperText-root"[39m
    [33mid[39m=[32m"_r_1ff_-helper-text"[39m
  [36m/>[39m

  Name "":
  [36m<p[39m
    [33mclass[39m=[32m"MuiFormHelperText-root MuiFormHelperText-sizeMedium MuiFormHelperText-contained MuiFormHelperText-filled Mui-required css-er619e-MuiFormHelperText-root"[39m
    [33mid[39m=[32m"_r_1fh_-helper-text"[39m
  [36m/>[39m

  Name "":
  [36m<p[39m
    [33mclass[39m=[32m"MuiFormHelperText-root MuiFormHelperText-sizeMedium MuiFormHelperText-contained MuiFormHelperText-filled Mui-required css-er619e-MuiFormHelperText-root"[39m
    [33mid[39m=[32m"_r_1fi_-helper-text"[39m
  [36m/>[39m

  Name "":
  [36m<p[39m
    [33mclass[39m=[32m"MuiFormHelperText-root MuiFormHelperText-sizeMedium MuiFormHelperText-contained MuiFormHelperText-filled Mui-required css-er619e-MuiFormHelperText-root"[39m
    [33mid[39m=[32m"_r_1fk_-helper-text"[39m
  [36m/>[39m

  Name "":
  [36m<p[39m
    [33mclass[39m=[32m"MuiFormHelperText-root MuiFormHelperText-sizeMedium MuiFormHelperText-contained MuiFormHelperText-filled Mui-required css-er619e-MuiFormHelperText-root"[39m
    [33mid[39m=[32m"_r_1fl_-helper-text"[39m
  [36m/>[39m

  Name "":
  [36m<p[39m
    [33mclass[39m=[32m"MuiFormHelperText-root MuiFormHelperText-sizeMedium MuiFormHelperText-contained MuiFormHelperText-filled Mui-required css-er619e-MuiFormHelperText-root"[39m
    [33mid[39m=[32m"_r_1fn_-helper-text"[39m
  [36m/>[39m

  Name "":
  [36m<p[39m
    [33mclass[39m=[32m"MuiFormHelperText-root MuiFormHelperText-sizeMedium MuiFormHelperText-contained MuiFormHelperText-filled Mui-required css-er619e-MuiFormHelperText-root"[39m
    [33mid[39m=[32m"_r_1fo_-helper-text"[39m
  [36m/>[39m

  Name "":
  [36m<p[39m
    [33mclass[39m=[32m"MuiFormHelperText-root MuiFormHelperText-sizeMedium MuiFormHelperText-contained MuiFormHelperText-filled Mui-required css-er619e-MuiFormHelperText-root"[39m
    [33mid[39m=[32m"_r_1fq_-helper-text"[39m
  [36m/>[39m

  Name "":
  [36m<p[39m
    [33mclass[39m=[32m"MuiFormHelperText-root MuiFormHelperText-sizeMedium MuiFormHelperText-contained MuiFormHelperText-filled Mui-required css-er619e-MuiFormHelperText-root"[39m
    [33mid[39m=[32m"_r_1fr_-helper-text"[39m
  [36m/>[39m

  Name "":
  [36m<p[39m
    [33mclass[39m=[32m"MuiFormHelperText-root MuiFormHelperText-sizeMedium MuiFormHelperText-contained MuiFormHelperText-filled Mui-required css-er619e-MuiFormHelperText-root"[39m
    [33mid[39m=[32m"_r_1ft_-helper-text"[39m
  [36m/>[39m

  Name "":
  [36m<p[39m
    [33mclass[39m=[32m"MuiFormHelperText-root MuiFormHelperText-sizeMedium MuiFormHelperText-contained MuiFormHelperText-filled Mui-required css-er619e-MuiFormHelperText-root"[39m
    [33mid[39m=[32m"_r_1fu_-helper-text"[39m
  [36m/>[39m

  Name "":
  [36m<p[39m
    [33mclass[39m=[32m"MuiFormHelperText-root MuiFormHelperText-sizeMedium MuiFormHelperText-contained MuiFormHelperText-filled Mui-required css-er619e-MuiFormHelperText-root"[39m
    [33mid[39m=[32m"_r_1g0_-helper-text"[39m
  [36m/>[39m

  Name "":
  [36m<p[39m
    [33mclass[39m=[32m"MuiFormHelperText-root MuiFormHelperText-sizeMedium MuiFormHelperText-contained MuiFormHelperText-filled Mui-required css-er619e-MuiFormHelperText-root"[39m
    [33mid[39m=[32m"_r_1g1_-helper-text"[39m
  [36m/>[39m

  Name "":
  [36m<p[39m
    [33mclass[39m=[32m"MuiFormHelperText-root MuiFormHelperText-sizeMedium MuiFormHelperText-contained MuiFormHelperText-filled Mui-required css-er619e-MuiFormHelperText-root"[39m
    [33mid[39m=[32m"_r_1g3_-helper-text"[39m
  [36m/>[39m

  Name "":
  [36m<p[39m
    [33mclass[39m=[32m"MuiFormHelperText-root MuiFormHelperText-sizeMedium MuiFormHelperText-contained MuiFormHelperText-filled Mui-required css-er619e-MuiFormHelperText-root"[39m
    [33mid[39m=[32m"_r_1g4_-helper-text"[39m
  [36m/>[39m

  Name "":
  [36m<p[39m
    [33mclass[39m=[32m"MuiFormHelperText-root MuiFormHelperText-sizeMedium MuiFormHelperText-contained MuiFormHelperText-filled Mui-required css-er619e-MuiFormHelperText-root"[39m
    [33mid[39m=[32m"_r_1g6_-helper-text"[39m
  [36m/>[39m

  Name "":
  [36m<p[39m
    [33mclass[39m=[32m"MuiFormHelperText-root MuiFormHelperText-sizeMedium MuiFormHelperText-contained MuiFormHelperText-filled Mui-required css-er619e-MuiFormHelperText-root"[39m
    [33mid[39m=[32m"_r_1g7_-helper-text"[39m
  [36m/>[39m

  Name "":
  [36m<p[39m
    [33mclass[39m=[32m"MuiFormHelperText-root MuiFormHelperText-sizeMedium MuiFormHelperText-contained MuiFormHelperText-filled Mui-required css-er619e-MuiFormHelperText-root"[39m
    [33mid[39m=[32m"_r_1g9_-helper-text"[39m
  [36m/>[39m

  Name "":
  [36m<p[39m
    [33mclass[39m=[32m"MuiFormHelperText-root MuiFormHelperText-sizeMedium MuiFormHelperText-contained MuiFormHelperText-filled Mui-required css-er619e-MuiFormHelperText-root"[39m
    [33mid[39m=[32m"_r_1ga_-helper-text"[39m
  [36m/>[39m

  Name "":
  [36m<p[39m
    [33mclass[39m=[32m"MuiFormHelperText-root MuiFormHelperText-sizeMedium MuiFormHelperText-contained MuiFormHelperText-filled Mui-required css-er619e-MuiFormHelperText-root"[39m
    [33mid[39m=[32m"_r_1gc_-helper-text"[39m
  [36m/>[39m

  Name "":
  [36m<p[39m
    [33mclass[39m=[32m"MuiFormHelperText-root MuiFormHelperText-sizeMedium MuiFormHelperText-contained MuiFormHelperText-filled Mui-required css-er619e-MuiFormHelperText-root"[39m
    [33mid[39m=[32m"_r_1gd_-helper-text"[39m
  [36m/>[39m

  Name "":
  [36m<p[39m
    [33mclass[39m=[32m"MuiFormHelperText-root MuiFormHelperText-sizeMedium MuiFormHelperText-contained MuiFormHelperText-filled Mui-required css-er619e-MuiFormHelperText-root"[39m
    [33mid[39m=[32m"_r_1gf_-helper-text"[39m
  [36m/>[39m

  Name "":
  [36m<p[39m
    [33mclass[39m=[32m"MuiFormHelperText-root MuiFormHelperText-sizeMedium MuiFormHelperText-contained MuiFormHelperText-filled Mui-required css-er619e-MuiFormHelperText-root"[39m
    [33mid[39m=[32m"_r_1gg_-helper-text"[39m
  [36m/>[39m

  Name "":
  [36m<p[39m
    [33mclass[39m=[32m"MuiFormHelperText-root MuiFormHelperText-sizeMedium MuiFormHelperText-contained MuiFormHelperText-filled Mui-required css-er619e-MuiFormHelperText-root"[39m
    [33mid[39m=[32m"_r_1gi_-helper-text"[39m
  [36m/>[39m

  Name "":
  [36m<p[39m
    [33mclass[39m=[32m"MuiFormHelperText-root MuiFormHelperText-sizeMedium MuiFormHelperText-contained MuiFormHelperText-filled Mui-required css-er619e-MuiFormHelperText-root"[39m
    [33mid[39m=[32m"_r_1gj_-helper-text"[39m
  [36m/>[39m

  Name "":
  [36m<p[39m
    [33mclass[39m=[32m"MuiFormHelperText-root MuiFormHelperText-sizeMedium MuiFormHelperText-contained MuiFormHelperText-filled Mui-required css-er619e-MuiFormHelperText-root"[39m
    [33mid[39m=[32m"_r_1gl_-helper-text"[39m
  [36m/>[39m

  Name "":
  [36m<p[39m
    [33mclass[39m=[32m"MuiFormHelperText-root MuiFormHelperText-sizeMedium MuiFormHelperText-contained MuiFormHelperText-filled Mui-required css-er619e-MuiFormHelperText-root"[39m
    [33mid[39m=[32m"_r_1gm_-helper-text"[39m
  [36m/>[39m

  Name "":
  [36m<p[39m
    [33mclass[39m=[32m"MuiFormHelperText-root MuiFormHelperText-sizeMedium MuiFormHelperText-contained MuiFormHelperText-filled Mui-required css-er619e-MuiFormHelperText-root"[39m
    [33mid[39m=[32m"_r_1go_-helper-text"[39m
  [36m/>[39m

  Name "":
  [36m<p[39m
    [33mclass[39m=[32m"MuiFormHelperText-root MuiFormHelperText-sizeMedium MuiFormHelperText-contained MuiFormHelperText-filled Mui-required css-er619e-MuiFormHelperText-root"[39m
    [33mid[39m=[32m"_r_1gp_-helper-text"[39m
  [36m/>[39m

  Name "":
  [36m<p[39m
    [33mclass[39m=[32m"MuiFormHelperText-root MuiFormHelperText-sizeMedium MuiFormHelperText-contained MuiFormHelperText-filled Mui-required css-er619e-MuiFormHelperText-root"[39m
    [33mid[39m=[32m"_r_1gr_-helper-text"[39m
  [36m/>[39m

  Name "":
  [36m<p[39m
    [33mclass[39m=[32m"MuiFormHelperText-root MuiFormHelperText-sizeMedium MuiFormHelperText-contained MuiFormHelperText-filled Mui-required css-er619e-MuiFormHelperText-root"[39m
    [33mid[39m=[32m"_r_1gs_-helper-text"[39m
  [36m/>[39m

  Name "":
  [36m<p[39m
    [33mclass[39m=[32m"MuiFormHelperText-root MuiFormHelperText-sizeMedium MuiFormHelperText-contained MuiFormHelperText-filled Mui-required css-er619e-MuiFormHelperText-root"[39m
    [33mid[39m=[32m"_r_1gu_-helper-text"[39m
  [36m/>[39m

  Name "":
  [36m<p[39m
    [33mclass[39m=[32m"MuiFormHelperText-root MuiFormHelperText-sizeMedium MuiFormHelperText-contained MuiFormHelperText-filled Mui-required css-er619e-MuiFormHelperText-root"[39m
    [33mid[39m=[32m"_r_1gv_-helper-text"[39m
  [36m/>[39m

  Name "":
  [36m<p[39m
    [33mclass[39m=[32m"MuiFormHelperText-root MuiFormHelperText-sizeMedium MuiFormHelperText-contained MuiFormHelperText-filled Mui-required css-er619e-MuiFormHelperText-root"[39m
    [33mid[39m=[32m"_r_1h1_-helper-text"[39m
  [36m/>[39m

  Name "":
  [36m<p[39m
    [33mclass[39m=[32m"MuiFormHelperText-root MuiFormHelperText-sizeMedium MuiFormHelperText-contained MuiFormHelperText-filled Mui-required css-er619e-MuiFormHelperText-root"[39m
    [33mid[39m=[32m"_r_1h2_-helper-text"[39m
  [36m/>[39m

  Name "":
  [36m<p[39m
    [33mclass[39m=[32m"MuiFormHelperText-root MuiFormHelperText-sizeMedium MuiFormHelperText-contained MuiFormHelperText-filled Mui-required css-er619e-MuiFormHelperText-root"[39m
    [33mid[39m=[32m"_r_1h4_-helper-text"[39m
  [36m/>[39m

  Name "":
  [36m<p[39m
    [33mclass[39m=[32m"MuiFormHelperText-root MuiFormHelperText-sizeMedium MuiFormHelperText-contained MuiFormHelperText-filled Mui-required css-er619e-MuiFormHelperText-root"[39m
    [33mid[39m=[32m"_r_1h5_-helper-text"[39m
  [36m/>[39m

  Name "":
  [36m<p[39m
    [33mclass[39m=[32m"MuiFormHelperText-root MuiFormHelperText-sizeMedium MuiFormHelperText-contained MuiFormHelperText-filled Mui-required css-er619e-MuiFormHelperText-root"[39m
    [33mid[39m=[32m"_r_1h7_-helper-text"[39m
  [36m/>[39m

  Name "":
  [36m<p[39m
    [33mclass[39m=[32m"MuiFormHelperText-root MuiFormHelperText-sizeMedium MuiFormHelperText-contained MuiFormHelperText-filled Mui-required css-er619e-MuiFormHelperText-root"[39m
    [33mid[39m=[32m"_r_1h8_-helper-text"[39m
  [36m/>[39m

  Name "":
  [36m<p[39m
    [33mclass[39m=[32m"MuiFormHelperText-root MuiFormHelperText-sizeMedium MuiFormHelperText-contained MuiFormHelperText-filled Mui-required css-er619e-MuiFormHelperText-root"[39m
    [33mid[39m=[32m"_r_1ha_-helper-text"[39m
  [36m/>[39m

  Name "":
  [36m<p[39m
    [33mclass[39m=[32m"MuiFormHelperText-root MuiFormHelperText-sizeMedium MuiFormHelperText-contained MuiFormHelperText-filled Mui-required css-er619e-MuiFormHelperText-root"[39m
    [33mid[39m=[32m"_r_1hb_-helper-text"[39m
  [36m/>[39m

  Name "":
  [36m<p[39m
    [33mclass[39m=[32m"MuiFormHelperText-root MuiFormHelperText-sizeMedium MuiFormHelperText-contained MuiFormHelperText-filled Mui-required css-er619e-MuiFormHelperText-root"[39m
    [33mid[39m=[32m"_r_1hd_-helper-text"[39m
  [36m/>[39m

  Name "":
  [36m<p[39m
    [33mclass[39m=[32m"MuiFormHelperText-root MuiFormHelperText-sizeMedium MuiFormHelperText-contained MuiFormHelperText-filled Mui-required css-er619e-MuiFormHelperText-root"[39m
    [33mid[39m=[32m"_r_1he_-helper-text"[39m
  [36m/>[39m

  Name "":
  [36m<p[39m
    [33mclass[39m=[32m"MuiFormHelperText-root MuiFormHelperText-sizeMedium MuiFormHelperText-contained MuiFormHelperText-filled Mui-required css-er619e-MuiFormHelperText-root"[39m
    [33mid[39m=[32m"_r_1hg_-helper-text"[39m
  [36m/>[39m

  Name "":
  [36m<p[39m
    [33mclass[39m=[32m"MuiFormHelperText-root MuiFormHelperText-sizeMedium MuiFormHelperText-contained MuiFormHelperText-filled Mui-required css-er619e-MuiFormHelperText-root"[39m
    [33mid[39m=[32m"_r_1hh_-helper-text"[39m
  [36m/>[39m

  Name "":
  [36m<p[39m
    [33mclass[39m=[32m"MuiFormHelperText-root MuiFormHelperText-sizeMedium MuiFormHelperText-contained MuiFormHelperText-filled Mui-required css-er619e-MuiFormHelperText-root"[39m
    [33mid[39m=[32m"_r_1hj_-helper-text"[39m
  [36m/>[39m

  Name "":
  [36m<p[39m
    [33mclass[39m=[32m"MuiFormHelperText-root MuiFormHelperText-sizeMedium MuiFormHelperText-contained MuiFormHelperText-filled Mui-required css-er619e-MuiFormHelperText-root"[39m
    [33mid[39m=[32m"_r_1hk_-helper-text"[39m
  [36m/>[39m

  Name "":
  [36m<p[39m
    [33mclass[39m=[32m"MuiFormHelperText-root MuiFormHelperText-sizeMedium MuiFormHelperText-contained MuiFormHelperText-filled Mui-required css-er619e-MuiFormHelperText-root"[39m
    [33mid[39m=[32m"_r_1hm_-helper-text"[39m
  [36m/>[39m

  Name "":
  [36m<p[39m
    [33mclass[39m=[32m"MuiFormHelperText-root MuiFormHelperText-sizeMedium MuiFormHelperText-contained MuiFormHelperText-filled Mui-required css-er619e-MuiFormHelperText-root"[39m
    [33mid[39m=[32m"_r_1hn_-helper-text"[39m
  [36m/>[39m

  Name "":
  [36m<p[39m
    [33mclass[39m=[32m"MuiFormHelperText-root MuiFormHelperText-sizeMedium MuiFormHelperText-contained MuiFormHelperText-filled Mui-required css-er619e-MuiFormHelperText-root"[39m
    [33mid[39m=[32m"_r_1hp_-helper-text"[39m
  [36m/>[39m

  Name "":
  [36m<p[39m
    [33mclass[39m=[32m"MuiFormHelperText-root MuiFormHelperText-sizeMedium MuiFormHelperText-contained MuiFormHelperText-filled Mui-required css-er619e-MuiFormHelperText-root"[39m
    [33mid[39m=[32m"_r_1hq_-helper-text"[39m
  [36m/>[39m

  Name "":
  [36m<p[39m
    [33mclass[39m=[32m"MuiFormHelperText-root MuiFormHelperText-sizeMedium MuiFormHelperText-contained MuiFormHelperText-filled Mui-required css-er619e-MuiFormHelperText-root"[39m
    [33mid[39m=[32m"_r_1hs_-helper-text"[39m
  [36m/>[39m

  Name "":
  [36m<p[39m
    [33mclass[39m=[32m"MuiFormHelperText-root MuiFormHelperText-sizeMedium MuiFormHelperText-contained MuiFormHelperText-filled Mui-required css-er619e-MuiFormHelperText-root"[39m
    [33mid[39m=[32m"_r_1ht_-helper-text"[39m
  [36m/>[39m

  Name "":
  [36m<p[39m
    [33mclass[39m=[32m"MuiFormHelperText-root MuiFormHelperText-sizeMedium MuiFormHelperText-contained MuiFormHelperText-filled Mui-required css-er619e-MuiFormHelperText-root"[39m
    [33mid[39m=[32m"_r_1hv_-helper-text"[39m
  [36m/>[39m

  Name "":
  [36m<p[39m
    [33mclass[39m=[32m"MuiFormHelperText-root MuiFormHelperText-sizeMedium MuiFormHelperText-contained MuiFormHelperText-filled Mui-required css-er619e-MuiFormHelperText-root"[39m
    [33mid[39m=[32m"_r_1i0_-helper-text"[39m
  [36m/>[39m

  Name "":
  [36m<p[39m
    [33mclass[39m=[32m"MuiFormHelperText-root MuiFormHelperText-sizeMedium MuiFormHelperText-contained MuiFormHelperText-filled Mui-required css-er619e-MuiFormHelperText-root"[39m
    [33mid[39m=[32m"_r_1i2_-helper-text"[39m
  [36m/>[39m

  Name "":
  [36m<p[39m
    [33mclass[39m=[32m"MuiFormHelperText-root MuiFormHelperText-sizeMedium MuiFormHelperText-contained MuiFormHelperText-filled Mui-required css-er619e-MuiFormHelperText-root"[39m
    [33mid[39m=[32m"_r_1i3_-helper-text"[39m
  [36m/>[39m

  Name "":
  [36m<p[39m
    [33mclass[39m=[32m"MuiFormHelperText-root MuiFormHelperText-sizeMedium MuiFormHelperText-contained MuiFormHelperText-filled Mui-required css-er619e-MuiFormHelperText-root"[39m
    [33mid[39m=[32m"_r_1i5_-helper-text"[39m
  [36m/>[39m

  Name "":
  [36m<p[39m
    [33mclass[39m=[32m"MuiFormHelperText-root MuiFormHelperText-sizeMedium MuiFormHelperText-contained MuiFormHelperText-filled Mui-required css-er619e-MuiFormHelperText-root"[39m
    [33mid[39m=[32m"_r_1i6_-helper-text"[39m
  [36m/>[39m

  Name "":
  [36m<p[39m
    [33mclass[39m=[32m"MuiFormHelperText-root MuiFormHelperText-sizeMedium MuiFormHelperText-contained MuiFormHelperText-filled Mui-required css-er619e-MuiFormHelperText-root"[39m
    [33mid[39m=[32m"_r_1i8_-helper-text"[39m
  [36m/>[39m

  Name "":
  [36m<p[39m
    [33mclass[39m=[32m"MuiFormHelperText-root MuiFormHelperText-sizeMedium MuiFormHelperText-contained MuiFormHelperText-filled Mui-required css-er619e-MuiFormHelperText-root"[39m
    [33mid[39m=[32m"_r_1i9_-helper-text"[39m
  [36m/>[39m

  Name "":
  [36m<p[39m
    [33mclass[39m=[32m"MuiFormHelperText-root MuiFormHelperText-sizeMedium MuiFormHelperText-contained MuiFormHelperText-filled Mui-required css-er619e-MuiFormHelperText-root"[39m
    [33mid[39m=[32m"_r_1ib_-helper-text"[39m
  [36m/>[39m

  Name "":
  [36m<p[39m
    [33mclass[39m=[32m"MuiFormHelperText-root MuiFormHelperText-sizeMedium MuiFormHelperText-contained MuiFormHelperText-filled Mui-required css-er619e-MuiFormHelperText-root"[39m
    [33mid[39m=[32m"_r_1ic_-helper-text"[39m
  [36m/>[39m

  Name "":
  [36m<p[39m
    [33mclass[39m=[32m"MuiFormHelperText-root MuiFormHelperText-sizeMedium MuiFormHelperText-contained MuiFormHelperText-filled Mui-required css-er619e-MuiFormHelperText-root"[39m
    [33mid[39m=[32m"_r_1ie_-helper-text"[39m
  [36m/>[39m

  Name "":
  [36m<p[39m
    [33mclass[39m=[32m"MuiFormHelperText-root MuiFormHelperText-sizeMedium MuiFormHelperText-contained MuiFormHelperText-filled Mui-required css-er619e-MuiFormHelperText-root"[39m
    [33mid[39m=[32m"_r_1if_-helper-text"[39m
  [36m/>[39m

  Name "":
  [36m<p[39m
    [33mclass[39m=[32m"MuiFormHelperText-root MuiFormHelperText-sizeMedium MuiFormHelperText-contained MuiFormHelperText-filled Mui-required css-er619e-MuiFormHelperText-root"[39m
    [33mid[39m=[32m"_r_1ih_-helper-text"[39m
  [36m/>[39m

  Name "":
  [36m<p[39m
    [33mclass[39m=[32m"MuiFormHelperText-root MuiFormHelperText-sizeMedium MuiFormHelperText-contained MuiFormHelperText-filled Mui-required css-er619e-MuiFormHelperText-root"[39m
    [33mid[39m=[32m"_r_1ii_-helper-text"[39m
  [36m/>[39m

  Name "":
  [36m<p[39m
    [33mclass[39m=[32m"MuiFormHelperText-root MuiFormHelperText-sizeMedium MuiFormHelperText-contained MuiFormHelperText-filled Mui-required css-er619e-MuiFormHelperText-root"[39m
    [33mid[39m=[32m"_r_1ik_-helper-text"[39m
  [36m/>[39m

  Name "":
  [36m<p[39m
    [33mclass[39m=[32m"MuiFormHelperText-root MuiFormHelperText-sizeMedium MuiFormHelperText-contained MuiFormHelperText-filled Mui-required css-er619e-MuiFormHelperText-root"[39m
    [33mid[39m=[32m"_r_1il_-helper-text"[39m
  [36m/>[39m

  Name "":
  [36m<p[39m
    [33mclass[39m=[32m"MuiFormHelperText-root MuiFormHelperText-sizeMedium MuiFormHelperText-contained MuiFormHelperText-filled Mui-required css-er619e-MuiFormHelperText-root"[39m
    [33mid[39m=[32m"_r_1in_-helper-text"[39m
  [36m/>[39m

  Name "":
  [36m<p[39m
    [33mclass[39m=[32m"MuiFormHelperText-root MuiFormHelperText-sizeMedium MuiFormHelperText-contained MuiFormHelperText-filled Mui-required css-er619e-MuiFormHelperText-root"[39m
    [33mid[39m=[32m"_r_1io_-helper-text"[39m
  [36m/>[39m

  Name "":
  [36m<p[39m
    [33mclass[39m=[32m"MuiFormHelperText-root MuiFormHelperText-sizeMedium MuiFormHelperText-contained MuiFormHelperText-filled Mui-required css-er619e-MuiFormHelperText-root"[39m
    [33mid[39m=[32m"_r_1iq_-helper-text"[39m
  [36m/>[39m

  Name "":
  [36m<p[39m
    [33mclass[39m=[32m"MuiFormHelperText-root MuiFormHelperText-sizeMedium MuiFormHelperText-contained MuiFormHelperText-filled Mui-required css-er619e-MuiFormHelperText-root"[39m
    [33mid[39m=[32m"_r_1ir_-helper-text"[39m
  [36m/>[39m

  Name "":
  [36m<p[39m
    [33mclass[39m=[32m"MuiFormHelperText-root MuiFormHelperText-sizeMedium MuiFormHelperText-contained MuiFormHelperText-filled Mui-required css-er619e-MuiFormHelperText-root"[39m
    [33mid[39m=[32m"_r_1it_-helper-text"[39m
  [36m/>[39m

  Name "":
  [36m<p[39m
    [33mclass[39m=[32m"MuiFormHelperText-root MuiFormHelperText-sizeMedium MuiFormHelperText-contained MuiFormHelperText-filled Mui-required css-er619e-MuiFormHelperText-root"[39m
    [33mid[39m=[32m"_r_1iu_-helper-text"[39m
  [36m/>[39m

  Name "":
  [36m<p[39m
    [33mclass[39m=[32m"MuiFormHelperText-root MuiFormHelperText-sizeMedium MuiFormHelperText-contained MuiFormHelperText-filled Mui-required css-er619e-MuiFormHelperText-root"[39m
    [33mid[39m=[32m"_r_1j0_-helper-text"[39m
  [36m/>[39m

  Name "":
  [36m<p[39m
    [33mclass[39m=[32m"MuiFormHelperText-root MuiFormHelperText-sizeMedium MuiFormHelperText-contained MuiFormHelperText-filled Mui-required css-er619e-MuiFormHelperText-root"[39m
    [33mid[39m=[32m"_r_1j1_-helper-text"[39m
  [36m/>[39m

  Name "":
  [36m<p[39m
    [33mclass[39m=[32m"MuiFormHelperText-root MuiFormHelperText-sizeMedium MuiFormHelperText-contained MuiFormHelperText-filled Mui-required css-er619e-MuiFormHelperText-root"[39m
    [33mid[39m=[32m"_r_1j3_-helper-text"[39m
  [36m/>[39m

  Name "":
  [36m<p[39m
    [33mclass[39m=[32m"MuiFormHelperText-root MuiFormHelperText-sizeMedium MuiFormHelperText-contained MuiFormHelperText-filled Mui-required css-er619e-MuiFormHelperText-root"[39m
    [33mid[39m=[32m"_r_1j4_-helper-text"[39m
  [36m/>[39m

  Name "":
  [36m<p[39m
    [33mclass[39m=[32m"MuiFormHelperText-root MuiFormHelperText-sizeMedium MuiFormHelperText-contained MuiFormHelperText-filled Mui-required css-er619e-MuiFormHelperText-root"[39m
    [33mid[39m=[32m"_r_1j6_-helper-text"[39m
  [36m/>[39m

  Name "":
  [36m<p[39m
    [33mclass[39m=[32m"MuiFormHelperText-root MuiFormHelperText-sizeMedium MuiFormHelperText-contained MuiFormHelperText-filled Mui-required css-er619e-MuiFormHelperText-root"[39m
    [33mid[39m=[32m"_r_1j7_-helper-text"[39m
  [36m/>[39m

  Name "":
  [36m<p[39m
    [33mclass[39m=[32m"MuiFormHelperText-root MuiFormHelperText-sizeMedium MuiFormHelperText-contained MuiFormHelperText-filled Mui-required css-er619e-MuiFormHelperText-root"[39m
    [33mid[39m=[32m"_r_1j9_-helper-text"[39m
  [36m/>[39m

  Name "":
  [36m<p[39m
    [33mclass[39m=[32m"MuiFormHelperText-root MuiFormHelperText-sizeMedium MuiFormHelperText-contained MuiFormHelperText-filled Mui-required css-er619e-MuiFormHelperText-root"[39m
    [33mid[39m=[32m"_r_1ja_-helper-text"[39m
  [36m/>[39m

  Name "":
  [36m<p[39m
    [33mclass[39m=[32m"MuiFormHelperText-root MuiFormHelperText-sizeMedium MuiFormHelperText-contained MuiFormHelperText-filled Mui-required css-er619e-MuiFormHelperText-root"[39m
    [33mid[39m=[32m"_r_1jc_-helper-text"[39m
  [36m/>[39m

  Name "":
  [36m<p[39m
    [33mclass[39m=[32m"MuiFormHelperText-root MuiFormHelperText-sizeMedium MuiFormHelperText-contained MuiFormHelperText-filled Mui-required css-er619e-MuiFormHelperText-root"[39m
    [33mid[39m=[32m"_r_1jd_-helper-text"[39m
  [36m/>[39m

  Name "":
  [36m<p[39m
    [33mclass[39m=[32m"MuiFormHelperText-root MuiFormHelperText-sizeMedium MuiFormHelperText-contained MuiFormHelperText-filled Mui-required css-er619e-MuiFormHelperText-root"[39m
    [33mid[39m=[32m"_r_1jf_-helper-text"[39m
  [36m/>[39m

  Name "":
  [36m<p[39m
    [33mclass[39m=[32m"MuiFormHelperText-root MuiFormHelperText-sizeMedium MuiFormHelperText-contained MuiFormHelperText-filled Mui-required css-er619e-MuiFormHelperText-root"[39m
    [33mid[39m=[32m"_r_1jg_-helper-text"[39m
  [36m/>[39m

  Name "":
  [36m<p[39m
    [33mclass[39m=[32m"MuiFormHelperText-root MuiFormHelperText-sizeMedium MuiFormHelperText-contained MuiFormHelperText-filled Mui-required css-er619e-MuiFormHelperText-root"[39m
    [33mid[39m=[32m"_r_1ji_-helper-text"[39m
  [36m/>[39m

  Name "":
  [36m<p[39m
    [33mclass[39m=[32m"MuiFormHelperText-root MuiFormHelperText-sizeMedium MuiFormHelperText-contained MuiFormHelperText-filled Mui-required css-er619e-MuiFormHelperText-root"[39m
    [33mid[39m=[32m"_r_1jj_-helper-text"[39m
  [36m/>[39m

  Name "":
  [36m<p[39m
    [33mclass[39m=[32m"MuiFormHelperText-root MuiFormHelperText-sizeMedium MuiFormHelperText-contained MuiFormHelperText-filled Mui-required css-er619e-MuiFormHelperText-root"[39m
    [33mid[39m=[32m"_r_1jl_-helper-text"[39m
  [36m/>[39m

  Name "":
  [36m<p[39m
    [33mclass[39m=[32m"MuiFormHelperText-root MuiFormHelperText-sizeMedium MuiFormHelperText-contained MuiFormHelperText-filled Mui-required css-er619e-MuiFormHelperText-root"[39m
    [33mid[39m=[32m"_r_1jm_-helper-text"[39m
  [36m/>[39m

  Name "":
  [36m<p[39m
    [33mclass[39m=[32m"MuiFormHelperText-root MuiFormHelperText-sizeMedium MuiFormHelperText-contained MuiFormHelperText-filled Mui-required css-er619e-MuiFormHelperText-root"[39m
    [33mid[39m=[32m"_r_1jo_-helper-text"[39m
  [36m/>[39m

  Name "":
  [36m<p[39m
    [33mclass[39m=[32m"MuiFormHelperText-root MuiFormHelperText-sizeMedium MuiFormHelperText-contained MuiFormHelperText-filled Mui-required css-er619e-MuiFormHelperText-root"[39m
    [33mid[39m=[32m"_r_1jp_-helper-text"[39m
  [36m/>[39m

  Name "":
  [36m<p[39m
    [33mclass[39m=[32m"MuiFormHelperText-root MuiFormHelperText-sizeMedium MuiFormHelperText-contained MuiFormHelperText-filled Mui-required css-er619e-MuiFormHelperText-root"[39m
    [33mid[39m=[32m"_r_1jr_-helper-text"[39m
  [36m/>[39m

  Name "":
  [36m<p[39m
    [33mclass[39m=[32m"MuiFormHelperText-root MuiFormHelperText-sizeMedium MuiFormHelperText-contained MuiFormHelperText-filled Mui-required css-er619e-MuiFormHelperText-root"[39m
    [33mid[39m=[32m"_r_1js_-helper-text"[39m
  [36m/>[39m

  Name "":
  [36m<p[39m
    [33mclass[39m=[32m"MuiFormHelperText-root MuiFormHelperText-sizeMedium MuiFormHelperText-contained MuiFormHelperText-filled Mui-required css-er619e-MuiFormHelperText-root"[39m
    [33mid[39m=[32m"_r_1ju_-helper-text"[39m
  [36m/>[39m

  Name "":
  [36m<p[39m
    [33mclass[39m=[32m"MuiFormHelperText-root MuiFormHelperText-sizeMedium MuiFormHelperText-contained MuiFormHelperText-filled Mui-required css-er619e-MuiFormHelperText-root"[39m
    [33mid[39m=[32m"_r_1jv_-helper-text"[39m
  [36m/>[39m

  Name "":
  [36m<p[39m
    [33mclass[39m=[32m"MuiFormHelperText-root MuiFormHelperText-sizeMedium MuiFormHelperText-contained MuiFormHelperText-filled Mui-required css-er619e-MuiFormHelperText-root"[39m
    [33mid[39m=[32m"_r_1k1_-helper-text"[39m
  [36m/>[39m

  Name "":
  [36m<p[39m
    [33mclass[39m=[32m"MuiFormHelperText-root MuiFormHelperText-sizeMedium MuiFormHelperText-contained MuiFormHelperText-filled Mui-required css-er619e-MuiFormHelperText-root"[39m
    [33mid[39m=[32m"_r_1k2_-helper-text"[39m
  [36m/>[39m

  Name "":
  [36m<p[39m
    [33mclass[39m=[32m"MuiFormHelperText-root MuiFormHelperText-sizeMedium MuiFormHelperText-contained MuiFormHelperText-filled Mui-required css-er619e-MuiFormHelperText-root"[39m
    [33mid[39m=[32m"_r_1k4_-helper-text"[39m
  [36m/>[39m

  Name "":
  [36m<p[39m
    [33mclass[39m=[32m"MuiFormHelperText-root MuiFormHelperText-sizeMedium MuiFormHelperText-contained MuiFormHelperText-filled Mui-required css-er619e-MuiFormHelperText-root"[39m
    [33mid[39m=[32m"_r_1k5_-helper-text"[39m
  [36m/>[39m

  Name "":
  [36m<p[39m
    [33mclass[39m=[32m"MuiFormHelperText-root MuiFormHelperText-sizeMedium MuiFormHelperText-contained MuiFormHelperText-filled Mui-required css-er619e-MuiFormHelperText-root"[39m
    [33mid[39m=[32m"_r_1k7_-helper-text"[39m
  [36m/>[39m

  Name "":
  [36m<p[39m
    [33mclass[39m=[32m"MuiFormHelperText-root MuiFormHelperText-sizeMedium MuiFormHelperText-contained MuiFormHelperText-filled Mui-required css-er619e-MuiFormHelperText-root"[39m
    [33mid[39m=[32m"_r_1k8_-helper-text"[39m
  [36m/>[39m

  Name "":
  [36m<p[39m
    [33mclass[39m=[32m"MuiFormHelperText-root MuiFormHelperText-sizeMedium MuiFormHelperText-contained MuiFormHelperText-filled Mui-required css-er619e-MuiFormHelperText-root"[39m
    [33mid[39m=[32m"_r_1ka_-helper-text"[39m
  [36m/>[39m

  Name "":
  [36m<p[39m
    [33mclass[39m=[32m"MuiFormHelperText-root MuiFormHelperText-sizeMedium MuiFormHelperText-contained MuiFormHelperText-filled Mui-required css-er619e-MuiFormHelperText-root"[39m
    [33mid[39m=[32m"_r_1kb_-helper-text"[39m
  [36m/>[39m

  Name "":
  [36m<p[39m
    [33mclass[39m=[32m"MuiFormHelperText-root MuiFormHelperText-sizeMedium MuiFormHelperText-contained MuiFormHelperText-filled Mui-required css-er619e-MuiFormHelperText-root"[39m
    [33mid[39m=[32m"_r_1kd_-helper-text"[39m
  [36m/>[39m

  Name "":
  [36m<p[39m
    [33mclass[39m=[32m"MuiFormHelperText-root MuiFormHelperText-sizeMedium MuiFormHelperText-contained MuiFormHelperText-filled Mui-required css-er619e-MuiFormHelperText-root"[39m
    [33mid[39m=[32m"_r_1ke_-helper-text"[39m
  [36m/>[39m

  Name "":
  [36m<p[39m
    [33mclass[39m=[32m"MuiFormHelperText-root MuiFormHelperText-sizeMedium MuiFormHelperText-contained MuiFormHelperText-filled Mui-required css-er619e-MuiFormHelperText-root"[39m
    [33mid[39m=[32m"_r_1kg_-helper-text"[39m
  [36m/>[39m

  Name "":
  [36m<p[39m
    [33mclass[39m=[32m"MuiFormHelperText-root MuiFormHelperText-sizeMedium MuiFormHelperText-contained MuiFormHelperText-filled Mui-required css-er619e-MuiFormHelperText-root"[39m
    [33mid[39m=[32m"_r_1kh_-helper-text"[39m
  [36m/>[39m

  Name "":
  [36m<p[39m
    [33mclass[39m=[32m"MuiFormHelperText-root MuiFormHelperText-sizeMedium MuiFormHelperText-contained MuiFormHelperText-filled Mui-required css-er619e-MuiFormHelperText-root"[39m
    [33mid[39m=[32m"_r_1kj_-helper-text"[39m
  [36m/>[39m

  Name "":
  [36m<p[39m
    [33mclass[39m=[32m"MuiFormHelperText-root MuiFormHelperText-sizeMedium MuiFormHelperText-contained MuiFormHelperText-filled Mui-required css-er619e-MuiFormHelperText-root"[39m
    [33mid[39m=[32m"_r_1kk_-helper-text"[39m
  [36m/>[39m

  Name "":
  [36m<p[39m
    [33mclass[39m=[32m"MuiFormHelperText-root MuiFormHelperText-sizeMedium MuiFormHelperText-contained MuiFormHelperText-filled Mui-required css-er619e-MuiFormHelperText-root"[39m
    [33mid[39m=[32m"_r_1km_-helper-text"[39m
  [36m/>[39m

  Name "":
  [36m<p[39m
    [33mclass[39m=[32m"MuiFormHelperText-root MuiFormHelperText-sizeMedium MuiFormHelperText-contained MuiFormHelperText-filled Mui-required css-er619e-MuiFormHelperText-root"[39m
    [33mid[39m=[32m"_r_1kn_-helper-text"[39m
  [36m/>[39m

  Name "":
  [36m<p[39m
    [33mclass[39m=[32m"MuiFormHelperText-root MuiFormHelperText-sizeMedium MuiFormHelperText-contained MuiFormHelperText-filled Mui-required css-er619e-MuiFormHelperText-root"[39m
    [33mid[39m=[32m"_r_1kp_-helper-text"[39m
  [36m/>[39m

  Name "":
  [36m<p[39m
    [33mclass[39m=[32m"MuiFormHelperText-root MuiFormHelperText-sizeMedium MuiFormHelperText-contained MuiFormHelperText-filled Mui-required css-er619e-MuiFormHelperText-root"[39m
    [33mid[39m=[32m"_r_1kq_-helper-text"[39m
  [36m/>[39m

  Name "":
  [36m<p[39m
    [33mclass[39m=[32m"MuiFormHelperText-root MuiFormHelperText-sizeMedium MuiFormHelperText-contained MuiFormHelperText-filled Mui-required css-er619e-MuiFormHelperText-root"[39m
    [33mid[39m=[32m"_r_1ks_-helper-text"[39m
  [36m/>[39m

  Name "":
  [36m<p[39m
    [33mclass[39m=[32m"MuiFormHelperText-root MuiFormHelperText-sizeMedium MuiFormHelperText-contained MuiFormHelperText-filled Mui-required css-er619e-MuiFormHelperText-root"[39m
    [33mid[39m=[32m"_r_1kt_-helper-text"[39m
  [36m/>[39m

  Name "":
  [36m<p[39m
    [33mclass[39m=[32m"MuiFormHelperText-root MuiFormHelperText-sizeMedium MuiFormHelperText-contained MuiFormHelperText-filled Mui-required css-er619e-MuiFormHelperText-root"[39m
    [33mid[39m=[32m"_r_1kv_-helper-text"[39m
  [36m/>[39m

  Name "":
  [36m<p[39m
    [33mclass[39m=[32m"MuiFormHelperText-root MuiFormHelperText-sizeMedium MuiFormHelperText-contained MuiFormHelperText-filled Mui-required css-er619e-MuiFormHelperText-root"[39m
    [33mid[39m=[32m"_r_1l0_-helper-text"[39m
  [36m/>[39m

  Name "":
  [36m<p[39m
    [33mclass[39m=[32m"MuiFormHelperText-root MuiFormHelperText-sizeMedium MuiFormHelperText-contained MuiFormHelperText-filled Mui-required css-er619e-MuiFormHelperText-root"[39m
    [33mid[39m=[32m"_r_1l2_-helper-text"[39m
  [36m/>[39m

  Name "":
  [36m<p[39m
    [33mclass[39m=[32m"MuiFormHelperText-root MuiFormHelperText-sizeMedium MuiFormHelperText-contained MuiFormHelperText-filled Mui-required css-er619e-MuiFormHelperText-root"[39m
    [33mid[39m=[32m"_r_1l3_-helper-text"[39m
  [36m/>[39m

  Name "":
  [36m<p[39m
    [33mclass[39m=[32m"MuiFormHelperText-root MuiFormHelperText-sizeMedium MuiFormHelperText-contained MuiFormHelperText-filled Mui-required css-er619e-MuiFormHelperText-root"[39m
    [33mid[39m=[32m"_r_1l5_-helper-text"[39m
  [36m/>[39m

  Name "":
  [36m<p[39m
    [33mclass[39m=[32m"MuiFormHelperText-root MuiFormHelperText-sizeMedium MuiFormHelperText-contained MuiFormHelperText-filled Mui-required css-er619e-MuiFormHelperText-root"[39m
    [33mid[39m=[32m"_r_1l6_-helper-text"[39m
  [36m/>[39m

  Name "":
  [36m<p[39m
    [33mclass[39m=[32m"MuiFormHelperText-root MuiFormHelperText-sizeMedium MuiFormHelperText-contained MuiFormHelperText-filled Mui-required css-er619e-MuiFormHelperText-root"[39m
    [33mid[39m=[32m"_r_1l8_-helper-text"[39m
  [36m/>[39m

  Name "":
  [36m<p[39m
    [33mclass[39m=[32m"MuiFormHelperText-root MuiFormHelperText-sizeMedium MuiFormHelperText-contained MuiFormHelperText-filled Mui-required css-er619e-MuiFormHelperText-root"[39m
    [33mid[39m=[32m"_r_1l9_-helper-text"[39m
  [36m/>[39m

  Name "":
  [36m<p[39m
    [33mclass[39m=[32m"MuiFormHelperText-root MuiFormHelperText-sizeMedium MuiFormHelperText-contained MuiFormHelperText-filled Mui-required css-er619e-MuiFormHelperText-root"[39m
    [33mid[39m=[32m"_r_1lb_-helper-text"[39m
  [36m/>[39m

  Name "":
  [36m<p[39m
    [33mclass[39m=[32m"MuiFormHelperText-root MuiFormHelperText-sizeMedium MuiFormHelperText-contained MuiFormHelperText-filled Mui-required css-er619e-MuiFormHelperText-root"[39m
    [33mid[39m=[32m"_r_1lc_-helper-text"[39m
  [36m/>[39m

  Name "":
  [36m<p[39m
    [33mclass[39m=[32m"MuiFormHelperText-root MuiFormHelperText-sizeMedium MuiFormHelperText-contained MuiFormHelperText-filled Mui-required css-er619e-MuiFormHelperText-root"[39m
    [33mid[39m=[32m"_r_1le_-helper-text"[39m
  [36m/>[39m

  Name "":
  [36m<p[39m
    [33mclass[39m=[32m"MuiFormHelperText-root MuiFormHelperText-sizeMedium MuiFormHelperText-contained MuiFormHelperText-filled Mui-required css-er619e-MuiFormHelperText-root"[39m
    [33mid[39m=[32m"_r_1lf_-helper-text"[39m
  [36m/>[39m

  Name "":
  [36m<p[39m
    [33mclass[39m=[32m"MuiFormHelperText-root MuiFormHelperText-sizeMedium MuiFormHelperText-contained MuiFormHelperText-filled Mui-required css-er619e-MuiFormHelperText-root"[39m
    [33mid[39m=[32m"_r_1lh_-helper-text"[39m
  [36m/>[39m

  Name "":
  [36m<p[39m
    [33mclass[39m=[32m"MuiFormHelperText-root MuiFormHelperText-sizeMedium MuiFormHelperText-contained MuiFormHelperText-filled Mui-required css-er619e-MuiFormHelperText-root"[39m
    [33mid[39m=[32m"_r_1li_-helper-text"[39m
  [36m/>[39m

  Name "":
  [36m<p[39m
    [33mclass[39m=[32m"MuiFormHelperText-root MuiFormHelperText-sizeMedium MuiFormHelperText-contained MuiFormHelperText-filled Mui-required css-er619e-MuiFormHelperText-root"[39m
    [33mid[39m=[32m"_r_1lk_-helper-text"[39m
  [36m/>[39m

  Name "":
  [36m<p[39m
    [33mclass[39m=[32m"MuiFormHelperText-root MuiFormHelperText-sizeMedium MuiFormHelperText-contained MuiFormHelperText-filled Mui-required css-er619e-MuiFormHelperText-root"[39m
    [33mid[39m=[32m"_r_1ll_-helper-text"[39m
  [36m/>[39m

  Name "":
  [36m<p[39m
    [33mclass[39m=[32m"MuiFormHelperText-root MuiFormHelperText-sizeMedium MuiFormHelperText-contained MuiFormHelperText-filled Mui-required css-er619e-MuiFormHelperText-root"[39m
    [33mid[39m=[32m"_r_1ln_-helper-text"[39m
  [36m/>[39m

  Name "":
  [36m<p[39m
    [33mclass[39m=[32m"MuiFormHelperText-root MuiFormHelperText-sizeMedium MuiFormHelperText-contained MuiFormHelperText-filled Mui-required css-er619e-MuiFormHelperText-root"[39m
    [33mid[39m=[32m"_r_1lo_-helper-text"[39m
  [36m/>[39m

  Name "":
  [36m<p[39m
    [33mclass[39m=[32m"MuiFormHelperText-root MuiFormHelperText-sizeMedium MuiFormHelperText-contained MuiFormHelperText-filled Mui-required css-er619e-MuiFormHelperText-root"[39m
    [33mid[39m=[32m"_r_1lq_-helper-text"[39m
  [36m/>[39m

  Name "":
  [36m<p[39m
    [33mclass[39m=[32m"MuiFormHelperText-root MuiFormHelperText-sizeMedium MuiFormHelperText-contained MuiFormHelperText-filled Mui-required css-er619e-MuiFormHelperText-root"[39m
    [33mid[39m=[32m"_r_1lr_-helper-text"[39m
  [36m/>[39m

  Name "":
  [36m<p[39m
    [33mclass[39m=[32m"MuiFormHelperText-root MuiFormHelperText-sizeMedium MuiFormHelperText-contained MuiFormHelperText-filled Mui-required css-er619e-MuiFormHelperText-root"[39m
    [33mid[39m=[32m"_r_1lt_-helper-text"[39m
  [36m/>[39m

  Name "":
  [36m<p[39m
    [33mclass[39m=[32m"MuiFormHelperText-root MuiFormHelperText-sizeMedium MuiFormHelperText-contained MuiFormHelperText-filled Mui-required css-er619e-MuiFormHelperText-root"[39m
    [33mid[39m=[32m"_r_1lu_-helper-text"[39m
  [36m/>[39m

  Name "":
  [36m<p[39m
    [33mclass[39m=[32m"MuiFormHelperText-root MuiFormHelperText-sizeMedium MuiFormHelperText-contained MuiFormHelperText-filled Mui-required css-er619e-MuiFormHelperText-root"[39m
    [33mid[39m=[32m"_r_1m0_-helper-text"[39m
  [36m/>[39m

  Name "":
  [36m<p[39m
    [33mclass[39m=[32m"MuiFormHelperText-root MuiFormHelperText-sizeMedium MuiFormHelperText-contained MuiFormHelperText-filled Mui-required css-er619e-MuiFormHelperText-root"[39m
    [33mid[39m=[32m"_r_1m1_-helper-text"[39m
  [36m/>[39m

  Name "":
  [36m<p[39m
    [33mclass[39m=[32m"MuiFormHelperText-root MuiFormHelperText-sizeMedium MuiFormHelperText-contained MuiFormHelperText-filled Mui-required css-er619e-MuiFormHelperText-root"[39m
    [33mid[39m=[32m"_r_1m3_-helper-text"[39m
  [36m/>[39m

  Name "":
  [36m<p[39m
    [33mclass[39m=[32m"MuiFormHelperText-root MuiFormHelperText-sizeMedium MuiFormHelperText-contained MuiFormHelperText-filled Mui-required css-er619e-MuiFormHelperText-root"[39m
    [33mid[39m=[32m"_r_1m4_-helper-text"[39m
  [36m/>[39m

  Name "":
  [36m<p[39m
    [33mclass[39m=[32m"MuiFormHelperText-root MuiFormHelperText-sizeMedium MuiFormHelperText-contained MuiFormHelperText-filled Mui-required css-er619e-MuiFormHelperText-root"[39m
    [33mid[39m=[32m"_r_1m6_-helper-text"[39m
  [36m/>[39m

  Name "":
  [36m<p[39m
    [33mclass[39m=[32m"MuiFormHelperText-root MuiFormHelperText-sizeMedium MuiFormHelperText-contained MuiFormHelperText-filled Mui-required css-er619e-MuiFormHelperText-root"[39m
    [33mid[39m=[32m"_r_1m7_-helper-text"[39m
  [36m/>[39m

  Name "":
  [36m<p[39m
    [33mclass[39m=[32m"MuiFormHelperText-root MuiFormHelperText-sizeMedium MuiFormHelperText-contained MuiFormHelperText-filled Mui-required css-er619e-MuiFormHelperText-root"[39m
    [33mid[39m=[32m"_r_1m9_-helper-text"[39m
  [36m/>[39m

  Name "":
  [36m<p[39m
    [33mclass[39m=[32m"MuiFormHelperText-root MuiFormHelperText-sizeMedium MuiFormHelperText-contained MuiFormHelperText-filled Mui-required css-er619e-MuiFormHelperText-root"[39m
    [33mid[39m=[32m"_r_1ma_-helper-text"[39m
  [36m/>[39m

  Name "":
  [36m<p[39m
    [33mclass[39m=[32m"MuiFormHelperText-root MuiFormHelperText-sizeMedium MuiFormHelperText-contained MuiFormHelperText-filled Mui-required css-er619e-MuiFormHelperText-root"[39m
    [33mid[39m=[32m"_r_1mc_-helper-text"[39m
  [36m/>[39m

  Name "":
  [36m<p[39m
    [33mclass[39m=[32m"MuiFormHelperText-root MuiFormHelperText-sizeMedium MuiFormHelperText-contained MuiFormHelperText-filled Mui-required css-er619e-MuiFormHelperText-root"[39m
    [33mid[39m=[32m"_r_1md_-helper-text"[39m
  [36m/>[39m

  Name "":
  [36m<p[39m
    [33mclass[39m=[32m"MuiFormHelperText-root MuiFormHelperText-sizeMedium MuiFormHelperText-contained MuiFormHelperText-filled Mui-required css-er619e-MuiFormHelperText-root"[39m
    [33mid[39m=[32m"_r_1mf_-helper-text"[39m
  [36m/>[39m

  Name "":
  [36m<p[39m
    [33mclass[39m=[32m"MuiFormHelperText-root MuiFormHelperText-sizeMedium MuiFormHelperText-contained MuiFormHelperText-filled Mui-required css-er619e-MuiFormHelperText-root"[39m
    [33mid[39m=[32m"_r_1mg_-helper-text"[39m
  [36m/>[39m

  Name "":
  [36m<p[39m
    [33mclass[39m=[32m"MuiFormHelperText-root MuiFormHelperText-sizeMedium MuiFormHelperText-contained MuiFormHelperText-filled Mui-required css-er619e-MuiFormHelperText-root"[39m
    [33mid[39m=[32m"_r_1mi_-helper-text"[39m
  [36m/>[39m

  Name "":
  [36m<p[39m
    [33mclass[39m=[32m"MuiFormHelperText-root MuiFormHelperText-sizeMedium MuiFormHelperText-contained MuiFormHelperText-filled Mui-required css-er619e-MuiFormHelperText-root"[39m
    [33mid[39m=[32m"_r_1mj_-helper-text"[39m
  [36m/>[39m

  Name "":
  [36m<p[39m
    [33mclass[39m=[32m"MuiFormHelperText-root MuiFormHelperText-sizeMedium MuiFormHelperText-contained MuiFormHelperText-filled Mui-required css-er619e-MuiFormHelperText-root"[39m
    [33mid[39m=[32m"_r_1ml_-helper-text"[39m
  [36m/>[39m

  Name "":
  [36m<p[39m
    [33mclass[39m=[32m"MuiFormHelperText-root MuiFormHelperText-sizeMedium MuiFormHelperText-contained MuiFormHelperText-filled Mui-required css-er619e-MuiFormHelperText-root"[39m
    [33mid[39m=[32m"_r_1mm_-helper-text"[39m
  [36m/>[39m

  Name "":
  [36m<p[39m
    [33mclass[39m=[32m"MuiFormHelperText-root MuiFormHelperText-sizeMedium MuiFormHelperText-contained MuiFormHelperText-filled Mui-required css-er619e-MuiFormHelperText-root"[39m
    [33mid[39m=[32m"_r_1mo_-helper-text"[39m
  [36m/>[39m

  Name "":
  [36m<p[39m
    [33mclass[39m=[32m"MuiFormHelperText-root MuiFormHelperText-sizeMedium MuiFormHelperText-contained MuiFormHelperText-filled Mui-required css-er619e-MuiFormHelperText-root"[39m
    [33mid[39m=[32m"_r_1mp_-helper-text"[39m
  [36m/>[39m

  Name "":
  [36m<p[39m
    [33mclass[39m=[32m"MuiFormHelperText-root MuiFormHelperText-sizeMedium MuiFormHelperText-contained MuiFormHelperText-filled Mui-required css-er619e-MuiFormHelperText-root"[39m
    [33mid[39m=[32m"_r_1mr_-helper-text"[39m
  [36m/>[39m

  Name "":
  [36m<p[39m
    [33mclass[39m=[32m"MuiFormHelperText-root MuiFormHelperText-sizeMedium MuiFormHelperText-contained MuiFormHelperText-filled Mui-required css-er619e-MuiFormHelperText-root"[39m
    [33mid[39m=[32m"_r_1ms_-helper-text"[39m
  [36m/>[39m

  Name "":
  [36m<p[39m
    [33mclass[39m=[32m"MuiFormHelperText-root MuiFormHelperText-sizeMedium MuiFormHelperText-contained MuiFormHelperText-filled Mui-required css-er619e-MuiFormHelperText-root"[39m
    [33mid[39m=[32m"_r_1mu_-helper-text"[39m
  [36m/>[39m

  Name "":
  [36m<p[39m
    [33mclass[39m=[32m"MuiFormHelperText-root MuiFormHelperText-sizeMedium MuiFormHelperText-contained MuiFormHelperText-filled Mui-required css-er619e-MuiFormHelperText-root"[39m
    [33mid[39m=[32m"_r_1mv_-helper-text"[39m
  [36m/>[39m

  Name "":
  [36m<p[39m
    [33mclass[39m=[32m"MuiFormHelperText-root MuiFormHelperText-sizeMedium MuiFormHelperText-contained MuiFormHelperText-filled Mui-required css-er619e-MuiFormHelperText-root"[39m
    [33mid[39m=[32m"_r_1n1_-helper-text"[39m
  [36m/>[39m

  Name "":
  [36m<p[39m
    [33mclass[39m=[32m"MuiFormHelperText-root MuiFormHelperText-sizeMedium MuiFormHelperText-contained MuiFormHelperText-filled Mui-required css-er619e-MuiFormHelperText-root"[39m
    [33mid[39m=[32m"_r_1n2_-helper-text"[39m
  [36m/>[39m

  Name "":
  [36m<p[39m
    [33mclass[39m=[32m"MuiFormHelperText-root MuiFormHelperText-sizeMedium MuiFormHelperText-contained MuiFormHelperText-filled Mui-required css-er619e-MuiFormHelperText-root"[39m
    [33mid[39m=[32m"_r_1n4_-helper-text"[39m
  [36m/>[39m

  Name "":
  [36m<p[39m
    [33mclass[39m=[32m"MuiFormHelperText-root MuiFormHelperText-sizeMedium MuiFormHelperText-contained MuiFormHelperText-filled Mui-required css-er619e-MuiFormHelperText-root"[39m
    [33mid[39m=[32m"_r_1n5_-helper-text"[39m
  [36m/>[39m

  Name "":
  [36m<p[39m
    [33mclass[39m=[32m"MuiFormHelperText-root MuiFormHelperText-sizeMedium MuiFormHelperText-contained MuiFormHelperText-filled Mui-required css-er619e-MuiFormHelperText-root"[39m
    [33mid[39m=[32m"_r_1n7_-helper-text"[39m
  [36m/>[39m

  Name "":
  [36m<p[39m
    [33mclass[39m=[32m"MuiFormHelperText-root MuiFormHelperText-sizeMedium MuiFormHelperText-contained MuiFormHelperText-filled Mui-required css-er619e-MuiFormHelperText-root"[39m
    [33mid[39m=[32m"_r_1n8_-helper-text"[39m
  [36m/>[39m

  Name "":
  [36m<p[39m
    [33mclass[39m=[32m"MuiFormHelperText-root MuiFormHelperText-sizeMedium MuiFormHelperText-contained MuiFormHelperText-filled Mui-required css-er619e-MuiFormHelperText-root"[39m
    [33mid[39m=[32m"_r_1na_-helper-text"[39m
  [36m/>[39m

  Name "":
  [36m<p[39m
    [33mclass[39m=[32m"MuiFormHelperText-root MuiFormHelperText-sizeMedium MuiFormHelperText-contained MuiFormHelperText-filled Mui-required css-er619e-MuiFormHelperText-root"[39m
    [33mid[39m=[32m"_r_1nb_-helper-text"[39m
  [36m/>[39m

  Name "":
  [36m<p[39m
    [33mclass[39m=[32m"MuiFormHelperText-root MuiFormHelperText-sizeMedium MuiFormHelperText-contained MuiFormHelperText-filled Mui-required css-er619e-MuiFormHelperText-root"[39m
    [33mid[39m=[32m"_r_1nd_-helper-text"[39m
  [36m/>[39m

  Name "":
  [36m<p[39m
    [33mclass[39m=[32m"MuiFormHelperText-root MuiFormHelperText-sizeMedium MuiFormHelperText-contained MuiFormHelperText-filled Mui-required css-er619e-MuiFormHelperText-root"[39m
    [33mid[39m=[32m"_r_1ne_-helper-text"[39m
  [36m/>[39m

  Name "":
  [36m<p[39m
    [33mclass[39m=[32m"MuiFormHelperText-root MuiFormHelperText-sizeMedium MuiFormHelperText-contained MuiFormHelperText-filled Mui-required css-er619e-MuiFormHelperText-root"[39m
    [33mid[39m=[32m"_r_1ng_-helper-text"[39m
  [36m/>[39m

  Name "":
  [36m<p[39m
    [33mclass[39m=[32m"MuiFormHelperText-root MuiFormHelperText-sizeMedium MuiFormHelperText-contained MuiFormHelperText-filled Mui-required css-er619e-MuiFormHelperText-root"[39m
    [33mid[39m=[32m"_r_1nh_-helper-text"[39m
  [36m/>[39m

  Name "":
  [36m<p[39m
    [33mclass[39m=[32m"MuiFormHelperText-root MuiFormHelperText-sizeMedium MuiFormHelperText-contained MuiFormHelperText-filled Mui-required css-er619e-MuiFormHelperText-root"[39m
    [33mid[39m=[32m"_r_1nj_-helper-text"[39m
  [36m/>[39m

  Name "":
  [36m<p[39m
    [33mclass[39m=[32m"MuiFormHelperText-root MuiFormHelperText-sizeMedium MuiFormHelperText-contained MuiFormHelperText-filled Mui-required css-er619e-MuiFormHelperText-root"[39m
    [33mid[39m=[32m"_r_1nk_-helper-text"[39m
  [36m/>[39m

  Name "":
  [36m<p[39m
    [33mclass[39m=[32m"MuiFormHelperText-root MuiFormHelperText-sizeMedium MuiFormHelperText-contained MuiFormHelperText-filled Mui-required css-er619e-MuiFormHelperText-root"[39m
    [33mid[39m=[32m"_r_1nm_-helper-text"[39m
  [36m/>[39m

  Name "":
  [36m<p[39m
    [33mclass[39m=[32m"MuiFormHelperText-root MuiFormHelperText-sizeMedium MuiFormHelperText-contained MuiFormHelperText-filled Mui-required css-er619e-MuiFormHelperText-root"[39m
    [33mid[39m=[32m"_r_1nn_-helper-text"[39m
  [36m/>[39m

  Name "":
  [36m<p[39m
    [33mclass[39m=[32m"MuiFormHelperText-root MuiFormHelperText-sizeMedium MuiFormHelperText-contained MuiFormHelperText-filled Mui-required css-er619e-MuiFormHelperText-root"[39m
    [33mid[39m=[32m"_r_1np_-helper-text"[39m
  [36m/>[39m

  Name "":
  [36m<p[39m
    [33mclass[39m=[32m"MuiFormHelperText-root MuiFormHelperText-sizeMedium MuiFormHelperText-contained MuiFormHelperText-filled Mui-required css-er619e-MuiFormHelperText-root"[39m
    [33mid[39m=[32m"_r_1nq_-helper-text"[39m
  [36m/>[39m

  Name "":
  [36m<p[39m
    [33mclass[39m=[32m"MuiFormHelperText-root MuiFormHelperText-sizeMedium MuiFormHelperText-contained MuiFormHelperText-filled Mui-required css-er619e-MuiFormHelperText-root"[39m
    [33mid[39m=[32m"_r_1ns_-helper-text"[39m
  [36m/>[39m

  Name "":
  [36m<p[39m
    [33mclass[39m=[32m"MuiFormHelperText-root MuiFormHelperText-sizeMedium MuiFormHelperText-contained MuiFormHelperText-filled Mui-required css-er619e-MuiFormHelperText-root"[39m
    [33mid[39m=[32m"_r_1nt_-helper-text"[39m
  [36m/>[39m

  Name "":
  [36m<p[39m
    [33mclass[39m=[32m"MuiFormHelperText-root MuiFormHelperText-sizeMedium MuiFormHelperText-contained MuiFormHelperText-filled Mui-required css-er619e-MuiFormHelperText-root"[39m
    [33mid[39m=[32m"_r_1nv_-helper-text"[39m
  [36m/>[39m

  Name "":
  [36m<p[39m
    [33mclass[39m=[32m"MuiFormHelperText-root MuiFormHelperText-sizeMedium MuiFormHelperText-contained MuiFormHelperText-filled Mui-required css-er619e-MuiFormHelperText-root"[39m
    [33mid[39m=[32m"_r_1o0_-helper-text"[39m
  [36m/>[39m

  Name "":
  [36m<p[39m
    [33mclass[39m=[32m"MuiFormHelperText-root MuiFormHelperText-sizeMedium MuiFormHelperText-contained MuiFormHelperText-filled Mui-required css-er619e-MuiFormHelperText-root"[39m
    [33mid[39m=[32m"_r_1o2_-helper-text"[39m
  [36m/>[39m

  Name "":
  [36m<p[39m
    [33mclass[39m=[32m"MuiFormHelperText-root MuiFormHelperText-sizeMedium MuiFormHelperText-contained MuiFormHelperText-filled Mui-required css-er619e-MuiFormHelperText-root"[39m
    [33mid[39m=[32m"_r_1o3_-helper-text"[39m
  [36m/>[39m

  Name "":
  [36m<p[39m
    [33mclass[39m=[32m"MuiFormHelperText-root MuiFormHelperText-sizeMedium MuiFormHelperText-contained MuiFormHelperText-filled Mui-required css-er619e-MuiFormHelperText-root"[39m
    [33mid[39m=[32m"_r_1o5_-helper-text"[39m
  [36m/>[39m

  Name "":
  [36m<p[39m
    [33mclass[39m=[32m"MuiFormHelperText-root MuiFormHelperText-sizeMedium MuiFormHelperText-contained MuiFormHelperText-filled Mui-required css-er619e-MuiFormHelperText-root"[39m
    [33mid[39m=[32m"_r_1o6_-helper-text"[39m
  [36m/>[39m

  Name "":
  [36m<p[39m
    [33mclass[39m=[32m"MuiFormHelperText-root MuiFormHelperText-sizeMedium MuiFormHelperText-contained MuiFormHelperText-filled Mui-required css-er619e-MuiFormHelperText-root"[39m
    [33mid[39m=[32m"_r_1o8_-helper-text"[39m
  [36m/>[39m

  Name "":
  [36m<p[39m
    [33mclass[39m=[32m"MuiFormHelperText-root MuiFormHelperText-sizeMedium MuiFormHelperText-contained MuiFormHelperText-filled Mui-required css-er619e-MuiFormHelperText-root"[39m
    [33mid[39m=[32m"_r_1o9_-helper-text"[39m
  [36m/>[39m

  Name "":
  [36m<p[39m
    [33mclass[39m=[32m"MuiFormHelperText-root MuiFormHelperText-sizeMedium MuiFormHelperText-contained MuiFormHelperText-filled Mui-required css-er619e-MuiFormHelperText-root"[39m
    [33mid[39m=[32m"_r_1ob_-helper-text"[39m
  [36m/>[39m

  Name "":
  [36m<p[39m
    [33mclass[39m=[32m"MuiFormHelperText-root MuiFormHelperText-sizeMedium MuiFormHelperText-contained MuiFormHelperText-filled Mui-required css-er619e-MuiFormHelperText-root"[39m
    [33mid[39m=[32m"_r_1oc_-helper-text"[39m
  [36m/>[39m

  Name "":
  [36m<p[39m
    [33mclass[39m=[32m"MuiFormHelperText-root MuiFormHelperText-sizeMedium MuiFormHelperText-contained MuiFormHelperText-filled Mui-required css-er619e-MuiFormHelperText-root"[39m
    [33mid[39m=[32m"_r_1oe_-helper-text"[39m
  [36m/>[39m

  Name "":
  [36m<p[39m
    [33mclass[39m=[32m"MuiFormHelperText-root MuiFormHelperText-sizeMedium MuiFormHelperText-contained MuiFormHelperText-filled Mui-required css-er619e-MuiFormHelperText-root"[39m
    [33mid[39m=[32m"_r_1of_-helper-text"[39m
  [36m/>[39m

  Name "":
  [36m<p[39m
    [33mclass[39m=[32m"MuiFormHelperText-root MuiFormHelperText-sizeMedium MuiFormHelperText-contained MuiFormHelperText-filled Mui-required css-er619e-MuiFormHelperText-root"[39m
    [33mid[39m=[32m"_r_1oh_-helper-text"[39m
  [36m/>[39m

  Name "":
  [36m<p[39m
    [33mclass[39m=[32m"MuiFormHelperText-root MuiFormHelperText-sizeMedium MuiFormHelperText-contained MuiFormHelperText-filled Mui-required css-er619e-MuiFormHelperText-root"[39m
    [33mid[39m=[32m"_r_1oi_-helper-text"[39m
  [36m/>[39m

  Name "":
  [36m<p[39m
    [33mclass[39m=[32m"MuiFormHelperText-root MuiFormHelperText-sizeMedium MuiFormHelperText-contained MuiFormHelperText-filled Mui-required css-er619e-MuiFormHelperText-root"[39m
    [33mid[39m=[32m"_r_1ok_-helper-text"[39m
  [36m/>[39m

  Name "":
  [36m<p[39m
    [33mclass[39m=[32m"MuiFormHelperText-root MuiFormHelperText-sizeMedium MuiFormHelperText-contained MuiFormHelperText-filled Mui-required css-er619e-MuiFormHelperText-root"[39m
    [33mid[39m=[32m"_r_1ol_-helper-text"[39m
  [36m/>[39m

  Name "":
  [36m<p[39m
    [33mclass[39m=[32m"MuiFormHelperText-root MuiFormHelperText-sizeMedium MuiFormHelperText-contained MuiFormHelperText-filled Mui-required css-er619e-MuiFormHelperText-root"[39m
    [33mid[39m=[32m"_r_1on_-helper-text"[39m
  [36m/>[39m

  Name "":
  [36m<p[39m
    [33mclass[39m=[32m"MuiFormHelperText-root MuiFormHelperText-sizeMedium MuiFormHelperText-contained MuiFormHelperText-filled Mui-required css-er619e-MuiFormHelperText-root"[39m
    [33mid[39m=[32m"_r_1oo_-helper-text"[39m
  [36m/>[39m

  Name "":
  [36m<p[39m
    [33mclass[39m=[32m"MuiFormHelperText-root MuiFormHelperText-sizeMedium MuiFormHelperText-contained MuiFormHelperText-filled Mui-required css-er619e-MuiFormHelperText-root"[39m
    [33mid[39m=[32m"_r_1oq_-helper-text"[39m
  [36m/>[39m

  Name "":
  [36m<p[39m
    [33mclass[39m=[32m"MuiFormHelperText-root MuiFormHelperText-sizeMedium MuiFormHelperText-contained MuiFormHelperText-filled Mui-required css-er619e-MuiFormHelperText-root"[39m
    [33mid[39m=[32m"_r_1or_-helper-text"[39m
  [36m/>[39m

  Name "":
  [36m<p[39m
    [33mclass[39m=[32m"MuiFormHelperText-root MuiFormHelperText-sizeMedium MuiFormHelperText-contained MuiFormHelperText-filled Mui-required css-er619e-MuiFormHelperText-root"[39m
    [33mid[39m=[32m"_r_1ot_-helper-text"[39m
  [36m/>[39m

  Name "":
  [36m<p[39m
    [33mclass[39m=[32m"MuiFormHelperText-root MuiFormHelperText-sizeMedium MuiFormHelperText-contained MuiFormHelperText-filled Mui-required css-er619e-MuiFormHelperText-root"[39m
    [33mid[39m=[32m"_r_1ou_-helper-text"[39m
  [36m/>[39m

  Name "":
  [36m<p[39m
    [33mclass[39m=[32m"MuiFormHelperText-root MuiFormHelperText-sizeMedium MuiFormHelperText-contained MuiFormHelperText-filled Mui-required css-er619e-MuiFormHelperText-root"[39m
    [33mid[39m=[32m"_r_1p0_-helper-text"[39m
  [36m/>[39m

  Name "":
  [36m<p[39m
    [33mclass[39m=[32m"MuiFormHelperText-root MuiFormHelperText-sizeMedium MuiFormHelperText-contained MuiFormHelperText-filled Mui-required css-er619e-MuiFormHelperText-root"[39m
    [33mid[39m=[32m"_r_1p1_-helper-text"[39m
  [36m/>[39m

  Name "":
  [36m<p[39m
    [33mclass[39m=[32m"MuiFormHelperText-root MuiFormHelperText-sizeMedium MuiFormHelperText-contained MuiFormHelperText-filled Mui-required css-er619e-MuiFormHelperText-root"[39m
    [33mid[39m=[32m"_r_1p3_-helper-text"[39m
  [36m/>[39m

  Name "":
  [36m<p[39m
    [33mclass[39m=[32m"MuiFormHelperText-root MuiFormHelperText-sizeMedium MuiFormHelperText-contained MuiFormHelperText-filled Mui-required css-er619e-MuiFormHelperText-root"[39m
    [33mid[39m=[32m"_r_1p4_-helper-text"[39m
  [36m/>[39m

  Name "":
  [36m<p[39m
    [33mclass[39m=[32m"MuiFormHelperText-root MuiFormHelperText-sizeMedium MuiFormHelperText-contained MuiFormHelperText-filled Mui-required css-er619e-MuiFormHelperText-root"[39m
    [33mid[39m=[32m"_r_1p6_-helper-text"[39m
  [36m/>[39m

  Name "":
  [36m<p[39m
    [33mclass[39m=[32m"MuiFormHelperText-root MuiFormHelperText-sizeMedium MuiFormHelperText-contained MuiFormHelperText-filled Mui-required css-er619e-MuiFormHelperText-root"[39m
    [33mid[39m=[32m"_r_1p7_-helper-text"[39m
  [36m/>[39m

  Name "":
  [36m<p[39m
    [33mclass[39m=[32m"MuiFormHelperText-root MuiFormHelperText-sizeMedium MuiFormHelperText-contained MuiFormHelperText-filled Mui-required css-er619e-MuiFormHelperText-root"[39m
    [33mid[39m=[32m"_r_1p9_-helper-text"[39m
  [36m/>[39m

  Name "":
  [36m<p[39m
    [33mclass[39m=[32m"MuiFormHelperText-root MuiFormHelperText-sizeMedium MuiFormHelperText-contained MuiFormHelperText-filled Mui-required css-er619e-MuiFormHelperText-root"[39m
    [33mid[39m=[32m"_r_1pa_-helper-text"[39m
  [36m/>[39m

  Name "":
  [36m<p[39m
    [33mclass[39m=[32m"MuiFormHelperText-root MuiFormHelperText-sizeMedium MuiFormHelperText-contained MuiFormHelperText-filled Mui-required css-er619e-MuiFormHelperText-root"[39m
    [33mid[39m=[32m"_r_1pc_-helper-text"[39m
  [36m/>[39m

  Name "":
  [36m<p[39m
    [33mclass[39m=[32m"MuiFormHelperText-root MuiFormHelperText-sizeMedium MuiFormHelperText-contained MuiFormHelperText-filled Mui-required css-er619e-MuiFormHelperText-root"[39m
    [33mid[39m=[32m"_r_1pd_-helper-text"[39m
  [36m/>[39m

  Name "":
  [36m<p[39m
    [33mclass[39m=[32m"MuiFormHelperText-root MuiFormHelperText-sizeMedium MuiFormHelperText-contained MuiFormHelperText-filled Mui-required css-er619e-MuiFormHelperText-root"[39m
    [33mid[39m=[32m"_r_1pf_-helper-text"[39m
  [36m/>[39m

  Name "":
  [36m<p[39m
    [33mclass[39m=[32m"MuiFormHelperText-root MuiFormHelperText-sizeMedium MuiFormHelperText-contained MuiFormHelperText-filled Mui-required css-er619e-MuiFormHelperText-root"[39m
    [33mid[39m=[32m"_r_1pg_-helper-text"[39m
  [36m/>[39m

  Name "":
  [36m<p[39m
    [33mclass[39m=[32m"MuiFormHelperText-root MuiFormHelperText-sizeMedium MuiFormHelperText-contained MuiFormHelperText-filled Mui-required css-er619e-MuiFormHelperText-root"[39m
    [33mid[39m=[32m"_r_1pi_-helper-text"[39m
  [36m/>[39m

  Name "":
  [36m<p[39m
    [33mclass[39m=[32m"MuiFormHelperText-root MuiFormHelperText-sizeMedium MuiFormHelperText-contained MuiFormHelperText-filled Mui-required css-er619e-MuiFormHelperText-root"[39m
    [33mid[39m=[32m"_r_1pj_-helper-text"[39m
  [36m/>[39m

  Name "":
  [36m<p[39m
    [33mclass[39m=[32m"MuiFormHelperText-root MuiFormHelperText-sizeMedium MuiFormHelperText-contained MuiFormHelperText-filled Mui-required css-er619e-MuiFormHelperText-root"[39m
    [33mid[39m=[32m"_r_1pl_-helper-text"[39m
  [36m/>[39m

  Name "":
  [36m<p[39m
    [33mclass[39m=[32m"MuiFormHelperText-root MuiFormHelperText-sizeMedium MuiFormHelperText-contained MuiFormHelperText-filled Mui-required css-er619e-MuiFormHelperText-root"[39m
    [33mid[39m=[32m"_r_1pm_-helper-text"[39m
  [36m/>[39m

  Name "":
  [36m<p[39m
    [33mclass[39m=[32m"MuiFormHelperText-root MuiFormHelperText-sizeMedium MuiFormHelperText-contained MuiFormHelperText-filled Mui-required css-er619e-MuiFormHelperText-root"[39m
    [33mid[39m=[32m"_r_1po_-helper-text"[39m
  [36m/>[39m

  Name "":
  [36m<p[39m
    [33mclass[39m=[32m"MuiFormHelperText-root MuiFormHelperText-sizeMedium MuiFormHelperText-contained MuiFormHelperText-filled Mui-required css-er619e-MuiFormHelperText-root"[39m
    [33mid[39m=[32m"_r_1pp_-helper-text"[39m
  [36m/>[39m

  Name "":
  [36m<p[39m
    [33mclass[39m=[32m"MuiFormHelperText-root MuiFormHelperText-sizeMedium MuiFormHelperText-contained MuiFormHelperText-filled Mui-required css-er619e-MuiFormHelperText-root"[39m
    [33mid[39m=[32m"_r_1pr_-helper-text"[39m
  [36m/>[39m

  Name "":
  [36m<p[39m
    [33mclass[39m=[32m"MuiFormHelperText-root MuiFormHelperText-sizeMedium MuiFormHelperText-contained MuiFormHelperText-filled Mui-required css-er619e-MuiFormHelperText-root"[39m
    [33mid[39m=[32m"_r_1ps_-helper-text"[39m
  [36m/>[39m

  Name "":
  [36m<p[39m
    [33mclass[39m=[32m"MuiFormHelperText-root MuiFormHelperText-sizeMedium MuiFormHelperText-contained MuiFormHelperText-filled Mui-required css-er619e-MuiFormHelperText-root"[39m
    [33mid[39m=[32m"_r_1pu_-helper-text"[39m
  [36m/>[39m

  Name "":
  [36m<p[39m
    [33mclass[39m=[32m"MuiFormHelperText-root MuiFormHelperText-sizeMedium MuiFormHelperText-contained MuiFormHelperText-filled Mui-required css-er619e-MuiFormHelperText-root"[39m
    [33mid[39m=[32m"_r_1pv_-helper-text"[39m
  [36m/>[39m

  Name "":
  [36m<p[39m
    [33mclass[39m=[32m"MuiFormHelperText-root MuiFormHelperText-sizeMedium MuiFormHelperText-contained MuiFormHelperText-filled Mui-required css-er619e-MuiFormHelperText-root"[39m
    [33mid[39m=[32m"_r_1q1_-helper-text"[39m
  [36m/>[39m

  Name "":
  [36m<p[39m
    [33mclass[39m=[32m"MuiFormHelperText-root MuiFormHelperText-sizeMedium MuiFormHelperText-contained MuiFormHelperText-filled Mui-required css-er619e-MuiFormHelperText-root"[39m
    [33mid[39m=[32m"_r_1q2_-helper-text"[39m
  [36m/>[39m

  Name "":
  [36m<p[39m
    [33mclass[39m=[32m"MuiFormHelperText-root MuiFormHelperText-sizeMedium MuiFormHelperText-contained MuiFormHelperText-filled Mui-required css-er619e-MuiFormHelperText-root"[39m
    [33mid[39m=[32m"_r_1q4_-helper-text"[39m
  [36m/>[39m

  Name "":
  [36m<p[39m
    [33mclass[39m=[32m"MuiFormHelperText-root MuiFormHelperText-sizeMedium MuiFormHelperText-contained MuiFormHelperText-filled Mui-required css-er619e-MuiFormHelperText-root"[39m
    [33mid[39m=[32m"_r_1q5_-helper-text"[39m
  [36m/>[39m

  Name "":
  [36m<p[39m
    [33mclass[39m=[32m"MuiFormHelperText-root MuiFormHelperText-sizeMedium MuiFormHelperText-contained MuiFormHelperText-filled Mui-required css-er619e-MuiFormHelperText-root"[39m
    [33mid[39m=[32m"_r_1q7_-helper-text"[39m
  [36m/>[39m

  Name "":
  [36m<p[39m
    [33mclass[39m=[32m"MuiFormHelperText-root MuiFormHelperText-sizeMedium MuiFormHelperText-contained MuiFormHelperText-filled Mui-required css-er619e-MuiFormHelperText-root"[39m
    [33mid[39m=[32m"_r_1q8_-helper-text"[39m
  [36m/>[39m

  Name "":
  [36m<p[39m
    [33mclass[39m=[32m"MuiFormHelperText-root MuiFormHelperText-sizeMedium MuiFormHelperText-contained MuiFormHelperText-filled Mui-required css-er619e-MuiFormHelperText-root"[39m
    [33mid[39m=[32m"_r_1qa_-helper-text"[39m
  [36m/>[39m

  Name "":
  [36m<p[39m
    [33mclass[39m=[32m"MuiFormHelperText-root MuiFormHelperText-sizeMedium MuiFormHelperText-contained MuiFormHelperText-filled Mui-required css-er619e-MuiFormHelperText-root"[39m
    [33mid[39m=[32m"_r_1qb_-helper-text"[39m
  [36m/>[39m

  Name "":
  [36m<p[39m
    [33mclass[39m=[32m"MuiFormHelperText-root MuiFormHelperText-sizeMedium MuiFormHelperText-contained MuiFormHelperText-filled Mui-required css-er619e-MuiFormHelperText-root"[39m
    [33mid[39m=[32m"_r_1qd_-helper-text"[39m
  [36m/>[39m

  Name "":
  [36m<p[39m
    [33mclass[39m=[32m"MuiFormHelperText-root MuiFormHelperText-sizeMedium MuiFormHelperText-contained MuiFormHelperText-filled Mui-required css-er619e-MuiFormHelperText-root"[39m
    [33mid[39m=[32m"_r_1qe_-helper-text"[39m
  [36m/>[39m

  Name "":
  [36m<p[39m
    [33mclass[39m=[32m"MuiFormHelperText-root MuiFormHelperText-sizeMedium MuiFormHelperText-contained MuiFormHelperText-filled Mui-required css-er619e-MuiFormHelperText-root"[39m
    [33mid[39m=[32m"_r_1qg_-helper-text"[39m
  [36m/>[39m

  Name "":
  [36m<p[39m
    [33mclass[39m=[32m"MuiFormHelperText-root MuiFormHelperText-sizeMedium MuiFormHelperText-contained MuiFormHelperText-filled Mui-required css-er619e-MuiFormHelperText-root"[39m
    [33mid[39m=[32m"_r_1qh_-helper-text"[39m
  [36m/>[39m

  Name "":
  [36m<p[39m
    [33mclass[39m=[32m"MuiFormHelperText-root MuiFormHelperText-sizeMedium MuiFormHelperText-contained MuiFormHelperText-filled Mui-required css-er619e-MuiFormHelperText-root"[39m
    [33mid[39m=[32m"_r_1qj_-helper-text"[39m
  [36m/>[39m

  Name "":
  [36m<p[39m
    [33mclass[39m=[32m"MuiFormHelperText-root MuiFormHelperText-sizeMedium MuiFormHelperText-contained MuiFormHelperText-filled Mui-required css-er619e-MuiFormHelperText-root"[39m
    [33mid[39m=[32m"_r_1qk_-helper-text"[39m
  [36m/>[39m

  Name "":
  [36m<p[39m
    [33mclass[39m=[32m"MuiFormHelperText-root MuiFormHelperText-sizeMedium MuiFormHelperText-contained MuiFormHelperText-filled Mui-required css-er619e-MuiFormHelperText-root"[39m
    [33mid[39m=[32m"_r_1qm_-helper-text"[39m
  [36m/>[39m

  Name "":
  [36m<p[39m
    [33mclass[39m=[32m"MuiFormHelperText-root MuiFormHelperText-sizeMedium MuiFormHelperText-contained MuiFormHelperText-filled Mui-required css-er619e-MuiFormHelperText-root"[39m
    [33mid[39m=[32m"_r_1qn_-helper-text"[39m
  [36m/>[39m

  Name "":
  [36m<p[39m
    [33mclass[39m=[32m"MuiFormHelperText-root MuiFormHelperText-sizeMedium MuiFormHelperText-contained MuiFormHelperText-filled Mui-required css-er619e-MuiFormHelperText-root"[39m
    [33mid[39m=[32m"_r_1qp_-helper-text"[39m
  [36m/>[39m

  Name "":
  [36m<p[39m
    [33mclass[39m=[32m"MuiFormHelperText-root MuiFormHelperText-sizeMedium MuiFormHelperText-contained MuiFormHelperText-filled Mui-required css-er619e-MuiFormHelperText-root"[39m
    [33mid[39m=[32m"_r_1qq_-helper-text"[39m
  [36m/>[39m

  Name "":
  [36m<p[39m
    [33mclass[39m=[32m"MuiFormHelperText-root MuiFormHelperText-sizeMedium MuiFormHelperText-contained MuiFormHelperText-filled Mui-required css-er619e-MuiFormHelperText-root"[39m
    [33mid[39m=[32m"_r_1qs_-helper-text"[39m
  [36m/>[39m

  Name "":
  [36m<p[39m
    [33mclass[39m=[32m"MuiFormHelperText-root MuiFormHelperText-sizeMedium MuiFormHelperText-contained MuiFormHelperText-filled Mui-required css-er619e-MuiFormHelperText-root"[39m
    [33mid[39m=[32m"_r_1qt_-helper-text"[39m
  [36m/>[39m

  Name "":
  [36m<p[39m
    [33mclass[39m=[32m"MuiFormHelperText-root MuiFormHelperText-sizeMedium MuiFormHelperText-contained MuiFormHelperText-filled Mui-required css-er619e-MuiFormHelperText-root"[39m
    [33mid[39m=[32m"_r_1qv_-helper-text"[39m
  [36m/>[39m

  Name "":
  [36m<p[39m
    [33mclass[39m=[32m"MuiFormHelperText-root MuiFormHelperText-sizeMedium MuiFormHelperText-contained MuiFormHelperText-filled Mui-required css-er619e-MuiFormHelperText-root"[39m
    [33mid[39m=[32m"_r_1r0_-helper-text"[39m
  [36m/>[39m

  Name "":
  [36m<p[39m
    [33mclass[39m=[32m"MuiFormHelperText-root MuiFormHelperText-sizeMedium MuiFormHelperText-contained MuiFormHelperText-filled Mui-required css-er619e-MuiFormHelperText-root"[39m
    [33mid[39m=[32m"_r_1r2_-helper-text"[39m
  [36m/>[39m

  Name "":
  [36m<p[39m
    [33mclass[39m=[32m"MuiFormHelperText-root MuiFormHelperText-sizeMedium MuiFormHelperText-contained MuiFormHelperText-filled Mui-required css-er619e-MuiFormHelperText-root"[39m
    [33mid[39m=[32m"_r_1r3_-helper-text"[39m
  [36m/>[39m

  Name "":
  [36m<p[39m
    [33mclass[39m=[32m"MuiFormHelperText-root MuiFormHelperText-sizeMedium MuiFormHelperText-contained MuiFormHelperText-filled Mui-required css-er619e-MuiFormHelperText-root"[39m
    [33mid[39m=[32m"_r_1r5_-helper-text"[39m
  [36m/>[39m

  Name "":
  [36m<p[39m
    [33mclass[39m=[32m"MuiFormHelperText-root MuiFormHelperText-sizeMedium MuiFormHelperText-contained MuiFormHelperText-filled Mui-required css-er619e-MuiFormHelperText-root"[39m
    [33mid[39m=[32m"_r_1r6_-helper-text"[39m
  [36m/>[39m

  Name "":
  [36m<p[39m
    [33mclass[39m=[32m"MuiFormHelperText-root MuiFormHelperText-sizeMedium MuiFormHelperText-contained MuiFormHelperText-filled Mui-required css-er619e-MuiFormHelperText-root"[39m
    [33mid[39m=[32m"_r_1r8_-helper-text"[39m
  [36m/>[39m

  Name "":
  [36m<p[39m
    [33mclass[39m=[32m"MuiFormHelperText-root MuiFormHelperText-sizeMedium MuiFormHelperText-contained MuiFormHelperText-filled Mui-required css-er619e-MuiFormHelperText-root"[39m
    [33mid[39m=[32m"_r_1r9_-helper-text"[39m
  [36m/>[39m

  Name "":
  [36m<p[39m
    [33mclass[39m=[32m"MuiFormHelperText-root MuiFormHelperText-sizeMedium MuiFormHelperText-contained MuiFormHelperText-filled Mui-required css-er619e-MuiFormHelperText-root"[39m
    [33mid[39m=[32m"_r_1rb_-helper-text"[39m
  [36m/>[39m

  Name "":
  [36m<p[39m
    [33mclass[39m=[32m"MuiFormHelperText-root MuiFormHelperText-sizeMedium MuiFormHelperText-contained MuiFormHelperText-filled Mui-required css-er619e-MuiFormHelperText-root"[39m
    [33mid[39m=[32m"_r_1rc_-helper-text"[39m
  [36m/>[39m

  Name "":
  [36m<p[39m
    [33mclass[39m=[32m"MuiFormHelperText-root MuiFormHelperText-sizeMedium MuiFormHelperText-contained MuiFormHelperText-filled Mui-required css-er619e-MuiFormHelperText-root"[39m
    [33mid[39m=[32m"_r_1re_-helper-text"[39m
  [36m/>[39m

  Name "":
  [36m<p[39m
    [33mclass[39m=[32m"MuiFormHelperText-root MuiFormHelperText-sizeMedium MuiFormHelperText-contained MuiFormHelperText-filled Mui-required css-er619e-MuiFormHelperText-root"[39m
    [33mid[39m=[32m"_r_1rf_-helper-text"[39m
  [36m/>[39m

  Name "":
  [36m<p[39m
    [33mclass[39m=[32m"MuiFormHelperText-root MuiFormHelperText-sizeMedium MuiFormHelperText-contained MuiFormHelperText-filled Mui-required css-er619e-MuiFormHelperText-root"[39m
    [33mid[39m=[32m"_r_1rh_-helper-text"[39m
  [36m/>[39m

  Name "":
  [36m<p[39m
    [33mclass[39m=[32m"MuiFormHelperText-root MuiFormHelperText-sizeMedium MuiFormHelperText-contained MuiFormHelperText-filled Mui-required css-er619e-MuiFormHelperText-root"[39m
    [33mid[39m=[32m"_r_1ri_-helper-text"[39m
  [36m/>[39m

  Name "":
  [36m<p[39m
    [33mclass[39m=[32m"MuiFormHelperText-root MuiFormHelperText-sizeMedium MuiFormHelperText-contained MuiFormHelperText-filled Mui-required css-er619e-MuiFormHelperText-root"[39m
    [33mid[39m=[32m"_r_1rk_-helper-text"[39m
  [36m/>[39m

  Name "":
  [36m<p[39m
    [33mclass[39m=[32m"MuiFormHelperText-root MuiFormHelperText-sizeMedium MuiFormHelperText-contained MuiFormHelperText-filled Mui-required css-er619e-MuiFormHelperText-root"[39m
    [33mid[39m=[32m"_r_1rl_-helper-text"[39m
  [36m/>[39m

  Name "":
  [36m<p[39m
    [33mclass[39m=[32m"MuiFormHelperText-root MuiFormHelperText-sizeMedium MuiFormHelperText-contained MuiFormHelperText-filled Mui-required css-er619e-MuiFormHelperText-root"[39m
    [33mid[39m=[32m"_r_1rn_-helper-text"[39m
  [36m/>[39m

  Name "":
  [36m<p[39m
    [33mclass[39m=[32m"MuiFormHelperText-root MuiFormHelperText-sizeMedium MuiFormHelperText-contained MuiFormHelperText-filled Mui-required css-er619e-MuiFormHelperText-root"[39m
    [33mid[39m=[32m"_r_1ro_-helper-text"[39m
  [36m/>[39m

  Name "":
  [36m<p[39m
    [33mclass[39m=[32m"MuiFormHelperText-root MuiFormHelperText-sizeMedium MuiFormHelperText-contained MuiFormHelperText-filled Mui-required css-er619e-MuiFormHelperText-root"[39m
    [33mid[39m=[32m"_r_1rq_-helper-text"[39m
  [36m/>[39m

  Name "":
  [36m<p[39m
    [33mclass[39m=[32m"MuiFormHelperText-root MuiFormHelperText-sizeMedium MuiFormHelperText-contained MuiFormHelperText-filled Mui-required css-er619e-MuiFormHelperText-root"[39m
    [33mid[39m=[32m"_r_1rr_-helper-text"[39m
  [36m/>[39m

  Name "":
  [36m<p[39m
    [33mclass[39m=[32m"MuiFormHelperText-root MuiFormHelperText-sizeMedium MuiFormHelperText-contained MuiFormHelperText-filled Mui-required css-er619e-MuiFormHelperText-root"[39m
    [33mid[39m=[32m"_r_1rt_-helper-text"[39m
  [36m/>[39m

  Name "":
  [36m<p[39m
    [33mclass[39m=[32m"MuiFormHelperText-root MuiFormHelperText-sizeMedium MuiFormHelperText-contained MuiFormHelperText-filled Mui-required css-er619e-MuiFormHelperText-root"[39m
    [33mid[39m=[32m"_r_1ru_-helper-text"[39m
  [36m/>[39m

  Name "":
  [36m<p[39m
    [33mclass[39m=[32m"MuiFormHelperText-root MuiFormHelperText-sizeMedium MuiFormHelperText-contained MuiFormHelperText-filled Mui-required css-er619e-MuiFormHelperText-root"[39m
    [33mid[39m=[32m"_r_1s0_-helper-text"[39m
  [36m/>[39m

  Name "":
  [36m<p[39m
    [33mclass[39m=[32m"MuiFormHelperText-root MuiFormHelperText-sizeMedium MuiFormHelperText-contained MuiFormHelperText-filled Mui-required css-er619e-MuiFormHelperText-root"[39m
    [33mid[39m=[32m"_r_1s1_-helper-text"[39m
  [36m/>[39m

  Name "":
  [36m<p[39m
    [33mclass[39m=[32m"MuiFormHelperText-root MuiFormHelperText-sizeMedium MuiFormHelperText-contained MuiFormHelperText-filled Mui-required css-er619e-MuiFormHelperText-root"[39m
    [33mid[39m=[32m"_r_1s3_-helper-text"[39m
  [36m/>[39m

  Name "":
  [36m<p[39m
    [33mclass[39m=[32m"MuiFormHelperText-root MuiFormHelperText-sizeMedium MuiFormHelperText-contained MuiFormHelperText-filled Mui-required css-er619e-MuiFormHelperText-root"[39m
    [33mid[39m=[32m"_r_1s4_-helper-text"[39m
  [36m/>[39m

  Name "":
  [36m<p[39m
    [33mclass[39m=[32m"MuiFormHelperText-root MuiFormHelperText-sizeMedium MuiFormHelperText-contained MuiFormHelperText-filled Mui-required css-er619e-MuiFormHelperText-root"[39m
    [33mid[39m=[32m"_r_1s6_-helper-text"[39m
  [36m/>[39m

  Name "":
  [36m<p[39m
    [33mclass[39m=[32m"MuiFormHelperText-root MuiFormHelperText-sizeMedium MuiFormHelperText-contained MuiFormHelperText-filled Mui-required css-er619e-MuiFormHelperText-root"[39m
    [33mid[39m=[32m"_r_1s7_-helper-text"[39m
  [36m/>[39m

  Name "":
  [36m<p[39m
    [33mclass[39m=[32m"MuiFormHelperText-root MuiFormHelperText-sizeMedium MuiFormHelperText-contained MuiFormHelperText-filled Mui-required css-er619e-MuiFormHelperText-root"[39m
    [33mid[39m=[32m"_r_1s9_-helper-text"[39m
  [36m/>[39m

  Name "":
  [36m<p[39m
    [33mclass[39m=[32m"MuiFormHelperText-root MuiFormHelperText-sizeMedium MuiFormHelperText-contained MuiFormHelperText-filled Mui-required css-er619e-MuiFormHelperText-root"[39m
    [33mid[39m=[32m"_r_1sa_-helper-text"[39m
  [36m/>[39m

  Name "":
  [36m<p[39m
    [33mclass[39m=[32m"MuiFormHelperText-root MuiFormHelperText-sizeMedium MuiFormHelperText-contained MuiFormHelperText-filled Mui-required css-er619e-MuiFormHelperText-root"[39m
    [33mid[39m=[32m"_r_1sc_-helper-text"[39m
  [36m/>[39m

  Name "":
  [36m<p[39m
    [33mclass[39m=[32m"MuiFormHelperText-root MuiFormHelperText-sizeMedium MuiFormHelperText-contained MuiFormHelperText-filled Mui-required css-er619e-MuiFormHelperText-root"[39m
    [33mid[39m=[32m"_r_1sd_-helper-text"[39m
  [36m/>[39m

  Name "":
  [36m<p[39m
    [33mclass[39m=[32m"MuiFormHelperText-root MuiFormHelperText-sizeMedium MuiFormHelperText-contained MuiFormHelperText-filled Mui-required css-er619e-MuiFormHelperText-root"[39m
    [33mid[39m=[32m"_r_1sf_-helper-text"[39m
  [36m/>[39m

  Name "":
  [36m<p[39m
    [33mclass[39m=[32m"MuiFormHelperText-root MuiFormHelperText-sizeMedium MuiFormHelperText-contained MuiFormHelperText-filled Mui-required css-er619e-MuiFormHelperText-root"[39m
    [33mid[39m=[32m"_r_1sg_-helper-text"[39m
  [36m/>[39m

  Name "":
  [36m<p[39m
    [33mclass[39m=[32m"MuiFormHelperText-root MuiFormHelperText-sizeMedium MuiFormHelperText-contained MuiFormHelperText-filled Mui-required css-er619e-MuiFormHelperText-root"[39m
    [33mid[39m=[32m"_r_1si_-helper-text"[39m
  [36m/>[39m

  Name "":
  [36m<p[39m
    [33mclass[39m=[32m"MuiFormHelperText-root MuiFormHelperText-sizeMedium MuiFormHelperText-contained MuiFormHelperText-filled Mui-required css-er619e-MuiFormHelperText-root"[39m
    [33mid[39m=[32m"_r_1sj_-helper-text"[39m
  [36m/>[39m

  Name "":
  [36m<p[39m
    [33mclass[39m=[32m"MuiFormHelperText-root MuiFormHelperText-sizeMedium MuiFormHelperText-contained MuiFormHelperText-filled Mui-required css-er619e-MuiFormHelperText-root"[39m
    [33mid[39m=[32m"_r_1sl_-helper-text"[39m
  [36m/>[39m

  Name "":
  [36m<p[39m
    [33mclass[39m=[32m"MuiFormHelperText-root MuiFormHelperText-sizeMedium MuiFormHelperText-contained MuiFormHelperText-filled Mui-required css-er619e-MuiFormHelperText-root"[39m
    [33mid[39m=[32m"_r_1sm_-helper-text"[39m
  [36m/>[39m

  Name "":
  [36m<p[39m
    [33mclass[39m=[32m"MuiFormHelperText-root MuiFormHelperText-sizeMedium MuiFormHelperText-contained MuiFormHelperText-filled Mui-required css-er619e-MuiFormHelperText-root"[39m
    [33mid[39m=[32m"_r_1so_-helper-text"[39m
  [36m/>[39m

  Name "":
  [36m<p[39m
    [33mclass[39m=[32m"MuiFormHelperText-root MuiFormHelperText-sizeMedium MuiFormHelperText-contained MuiFormHelperText-filled Mui-required css-er619e-MuiFormHelperText-root"[39m
    [33mid[39m=[32m"_r_1sp_-helper-text"[39m
  [36m/>[39m

  Name "":
  [36m<p[39m
    [33mclass[39m=[32m"MuiFormHelperText-root MuiFormHelperText-sizeMedium MuiFormHelperText-contained MuiFormHelperText-filled Mui-required css-er619e-MuiFormHelperText-root"[39m
    [33mid[39m=[32m"_r_1sr_-helper-text"[39m
  [36m/>[39m

  Name "":
  [36m<p[39m
    [33mclass[39m=[32m"MuiFormHelperText-root MuiFormHelperText-sizeMedium MuiFormHelperText-contained MuiFormHelperText-filled Mui-required css-er619e-MuiFormHelperText-root"[39m
    [33mid[39m=[32m"_r_1ss_-helper-text"[39m
  [36m/>[39m

  Name "":
  [36m<p[39m
    [33mclass[39m=[32m"MuiFormHelperText-root MuiFormHelperText-sizeMedium MuiFormHelperText-contained MuiFormHelperText-filled Mui-required css-er619e-MuiFormHelperText-root"[39m
    [33mid[39m=[32m"_r_1su_-helper-text"[39m
  [36m/>[39m

  Name "":
  [36m<p[39m
    [33mclass[39m=[32m"MuiFormHelperText-root MuiFormHelperText-sizeMedium MuiFormHelperText-contained MuiFormHelperText-filled Mui-required css-er619e-MuiFormHelperText-root"[39m
    [33mid[39m=[32m"_r_1sv_-helper-text"[39m
  [36m/>[39m

  Name "":
  [36m<p[39m
    [33mclass[39m=[32m"MuiFormHelperText-root MuiFormHelperText-sizeMedium MuiFormHelperText-contained MuiFormHelperText-filled Mui-required css-er619e-MuiFormHelperText-root"[39m
    [33mid[39m=[32m"_r_1t1_-helper-text"[39m
  [36m/>[39m

  Name "":
  [36m<p[39m
    [33mclass[39m=[32m"MuiFormHelperText-root MuiFormHelperText-sizeMedium MuiFormHelperText-contained MuiFormHelperText-filled Mui-required css-er619e-MuiFormHelperText-root"[39m
    [33mid[39m=[32m"_r_1t2_-helper-text"[39m
  [36m/>[39m

  Name "":
  [36m<p[39m
    [33mclass[39m=[32m"MuiFormHelperText-root MuiFormHelperText-sizeMedium MuiFormHelperText-contained MuiFormHelperText-filled Mui-required css-er619e-MuiFormHelperText-root"[39m
    [33mid[39m=[32m"_r_1t4_-helper-text"[39m
  [36m/>[39m

  Name "":
  [36m<p[39m
    [33mclass[39m=[32m"MuiFormHelperText-root MuiFormHelperText-sizeMedium MuiFormHelperText-contained MuiFormHelperText-filled Mui-required css-er619e-MuiFormHelperText-root"[39m
    [33mid[39m=[32m"_r_1t5_-helper-text"[39m
  [36m/>[39m

  Name "":
  [36m<p[39m
    [33mclass[39m=[32m"MuiFormHelperText-root MuiFormHelperText-sizeMedium MuiFormHelperText-contained MuiFormHelperText-filled Mui-required css-er619e-MuiFormHelperText-root"[39m
    [33mid[39m=[32m"_r_1t7_-helper-text"[39m
  [36m/>[39m

  Name "":
  [36m<p[39m
    [33mclass[39m=[32m"MuiFormHelperText-root MuiFormHelperText-sizeMedium MuiFormHelperText-contained MuiFormHelperText-filled Mui-required css-er619e-MuiFormHelperText-root"[39m
    [33mid[39m=[32m"_r_1t8_-helper-text"[39m
  [36m/>[39m

  Name "":
  [36m<p[39m
    [33mclass[39m=[32m"MuiFormHelperText-root MuiFormHelperText-sizeMedium MuiFormHelperText-contained MuiFormHelperText-filled Mui-required css-er619e-MuiFormHelperText-root"[39m
    [33mid[39m=[32m"_r_1ta_-helper-text"[39m
  [36m/>[39m

  Name "":
  [36m<p[39m
    [33mclass[39m=[32m"MuiFormHelperText-root MuiFormHelperText-sizeMedium MuiFormHelperText-contained MuiFormHelperText-filled Mui-required css-er619e-MuiFormHelperText-root"[39m
    [33mid[39m=[32m"_r_1tb_-helper-text"[39m
  [36m/>[39m

  Name "":
  [36m<p[39m
    [33mclass[39m=[32m"MuiFormHelperText-root MuiFormHelperText-sizeMedium MuiFormHelperText-contained MuiFormHelperText-filled Mui-required css-er619e-MuiFormHelperText-root"[39m
    [33mid[39m=[32m"_r_1td_-helper-text"[39m
  [36m/>[39m

  Name "":
  [36m<p[39m
    [33mclass[39m=[32m"MuiFormHelperText-root MuiFormHelperText-sizeMedium MuiFormHelperText-contained MuiFormHelperText-filled Mui-required css-er619e-MuiFormHelperText-root"[39m
    [33mid[39m=[32m"_r_1te_-helper-text"[39m
  [36m/>[39m

  Name "":
  [36m<p[39m
    [33mclass[39m=[32m"MuiFormHelperText-root MuiFormHelperText-sizeMedium MuiFormHelperText-contained MuiFormHelperText-filled Mui-required css-er619e-MuiFormHelperText-root"[39m
    [33mid[39m=[32m"_r_1tg_-helper-text"[39m
  [36m/>[39m

  Name "":
  [36m<p[39m
    [33mclass[39m=[32m"MuiFormHelperText-root MuiFormHelperText-sizeMedium MuiFormHelperText-contained MuiFormHelperText-filled Mui-required css-er619e-MuiFormHelperText-root"[39m
    [33mid[39m=[32m"_r_1th_-helper-text"[39m
  [36m/>[39m

  Name "":
  [36m<p[39m
    [33mclass[39m=[32m"MuiFormHelperText-root MuiFormHelperText-sizeMedium MuiFormHelperText-contained MuiFormHelperText-filled Mui-required css-er619e-MuiFormHelperText-root"[39m
    [33mid[39m=[32m"_r_1tj_-helper-text"[39m
  [36m/>[39m

  Name "":
  [36m<p[39m
    [33mclass[39m=[32m"MuiFormHelperText-root MuiFormHelperText-sizeMedium MuiFormHelperText-contained MuiFormHelperText-filled Mui-required css-er619e-MuiFormHelperText-root"[39m
    [33mid[39m=[32m"_r_1tk_-helper-text"[39m
  [36m/>[39m

  Name "":
  [36m<p[39m
    [33mclass[39m=[32m"MuiFormHelperText-root MuiFormHelperText-sizeMedium MuiFormHelperText-contained MuiFormHelperText-filled Mui-required css-er619e-MuiFormHelperText-root"[39m
    [33mid[39m=[32m"_r_1tm_-helper-text"[39m
  [36m/>[39m

  Name "":
  [36m<p[39m
    [33mclass[39m=[32m"MuiFormHelperText-root MuiFormHelperText-sizeMedium MuiFormHelperText-contained MuiFormHelperText-filled Mui-required css-er619e-MuiFormHelperText-root"[39m
    [33mid[39m=[32m"_r_1tn_-helper-text"[39m
  [36m/>[39m

  Name "":
  [36m<p[39m
    [33mclass[39m=[32m"MuiFormHelperText-root MuiFormHelperText-sizeMedium MuiFormHelperText-contained MuiFormHelperText-filled Mui-required css-er619e-MuiFormHelperText-root"[39m
    [33mid[39m=[32m"_r_1tp_-helper-text"[39m
  [36m/>[39m

  Name "":
  [36m<p[39m
    [33mclass[39m=[32m"MuiFormHelperText-root MuiFormHelperText-sizeMedium MuiFormHelperText-contained MuiFormHelperText-filled Mui-required css-er619e-MuiFormHelperText-root"[39m
    [33mid[39m=[32m"_r_1tq_-helper-text"[39m
  [36m/>[39m

  Name "":
  [36m<p[39m
    [33mclass[39m=[32m"MuiFormHelperText-root MuiFormHelperText-sizeMedium MuiFormHelperText-contained MuiFormHelperText-filled Mui-required css-er619e-MuiFormHelperText-root"[39m
    [33mid[39m=[32m"_r_1ts_-helper-text"[39m
  [36m/>[39m

  Name "":
  [36m<p[39m
    [33mclass[39m=[32m"MuiFormHelperText-root MuiFormHelperText-sizeMedium MuiFormHelperText-contained MuiFormHelperText-filled Mui-required css-er619e-MuiFormHelperText-root"[39m
    [33mid[39m=[32m"_r_1tt_-helper-text"[39m
  [36m/>[39m

  Name "":
  [36m<p[39m
    [33mclass[39m=[32m"MuiFormHelperText-root MuiFormHelperText-sizeMedium MuiFormHelperText-contained MuiFormHelperText-filled Mui-required css-er619e-MuiFormHelperText-root"[39m
    [33mid[39m=[32m"_r_1tv_-helper-text"[39m
  [36m/>[39m

  Name "":
  [36m<p[39m
    [33mclass[39m=[32m"MuiFormHelperText-root MuiFormHelperText-sizeMedium MuiFormHelperText-contained MuiFormHelperText-filled Mui-required css-er619e-MuiFormHelperText-root"[39m
    [33mid[39m=[32m"_r_1u0_-helper-text"[39m
  [36m/>[39m

  Name "":
  [36m<p[39m
    [33mclass[39m=[32m"MuiFormHelperText-root MuiFormHelperText-sizeMedium MuiFormHelperText-contained MuiFormHelperText-filled Mui-required css-er619e-MuiFormHelperText-root"[39m
    [33mid[39m=[32m"_r_1u2_-helper-text"[39m
  [36m/>[39m

  Name "":
  [36m<p[39m
    [33mclass[39m=[32m"MuiFormHelperText-root MuiFormHelperText-sizeMedium MuiFormHelperText-contained MuiFormHelperText-filled Mui-required css-er619e-MuiFormHelperText-root"[39m
    [33mid[39m=[32m"_r_1u3_-helper-text"[39m
  [36m/>[39m

  Name "":
  [36m<p[39m
    [33mclass[39m=[32m"MuiFormHelperText-root MuiFormHelperText-sizeMedium MuiFormHelperText-contained MuiFormHelperText-filled Mui-required css-er619e-MuiFormHelperText-root"[39m
    [33mid[39m=[32m"_r_1u5_-helper-text"[39m
  [36m/>[39m

  Name "":
  [36m<p[39m
    [33mclass[39m=[32m"MuiFormHelperText-root MuiFormHelperText-sizeMedium MuiFormHelperText-contained MuiFormHelperText-filled Mui-required css-er619e-MuiFormHelperText-root"[39m
    [33mid[39m=[32m"_r_1u6_-helper-text"[39m
  [36m/>[39m

  Name "":
  [36m<p[39m
    [33mclass[39m=[32m"MuiFormHelperText-root MuiFormHelperText-sizeMedium MuiFormHelperText-contained MuiFormHelperText-filled Mui-required css-er619e-MuiFormHelperText-root"[39m
    [33mid[39m=[32m"_r_1u8_-helper-text"[39m
  [36m/>[39m

  Name "":
  [36m<p[39m
    [33mclass[39m=[32m"MuiFormHelperText-root MuiFormHelperText-sizeMedium MuiFormHelperText-contained MuiFormHelperText-filled Mui-required css-er619e-MuiFormHelperText-root"[39m
    [33mid[39m=[32m"_r_1u9_-helper-text"[39m
  [36m/>[39m

  Name "":
  [36m<p[39m
    [33mclass[39m=[32m"MuiFormHelperText-root MuiFormHelperText-sizeMedium MuiFormHelperText-contained MuiFormHelperText-filled Mui-required css-er619e-MuiFormHelperText-root"[39m
    [33mid[39m=[32m"_r_1ub_-helper-text"[39m
  [36m/>[39m

  Name "":
  [36m<p[39m
    [33mclass[39m=[32m"MuiFormHelperText-root MuiFormHelperText-sizeMedium MuiFormHelperText-contained MuiFormHelperText-filled Mui-required css-er619e-MuiFormHelperText-root"[39m
    [33mid[39m=[32m"_r_1uc_-helper-text"[39m
  [36m/>[39m

  Name "":
  [36m<p[39m
    [33mclass[39m=[32m"MuiFormHelperText-root MuiFormHelperText-sizeMedium MuiFormHelperText-contained MuiFormHelperText-filled Mui-required css-er619e-MuiFormHelperText-root"[39m
    [33mid[39m=[32m"_r_1ue_-helper-text"[39m
  [36m/>[39m

  Name "":
  [36m<p[39m
    [33mclass[39m=[32m"MuiFormHelperText-root MuiFormHelperText-sizeMedium MuiFormHelperText-contained MuiFormHelperText-filled Mui-required css-er619e-MuiFormHelperText-root"[39m
    [33mid[39m=[32m"_r_1uf_-helper-text"[39m
  [36m/>[39m

  Name "":
  [36m<p[39m
    [33mclass[39m=[32m"MuiFormHelperText-root MuiFormHelperText-sizeMedium MuiFormHelperText-contained MuiFormHelperText-filled Mui-required css-er619e-MuiFormHelperText-root"[39m
    [33mid[39m=[32m"_r_1uh_-helper-text"[39m
  [36m/>[39m

  Name "":
  [36m<p[39m
    [33mclass[39m=[32m"MuiFormHelperText-root MuiFormHelperText-sizeMedium MuiFormHelperText-contained MuiFormHelperText-filled Mui-required css-er619e-MuiFormHelperText-root"[39m
    [33mid[39m=[32m"_r_1ui_-helper-text"[39m
  [36m/>[39m

  Name "":
  [36m<p[39m
    [33mclass[39m=[32m"MuiFormHelperText-root MuiFormHelperText-sizeMedium MuiFormHelperText-contained MuiFormHelperText-filled Mui-required css-er619e-MuiFormHelperText-root"[39m
    [33mid[39m=[32m"_r_1uk_-helper-text"[39m
  [36m/>[39m

  Name "":
  [36m<p[39m
    [33mclass[39m=[32m"MuiFormHelperText-root MuiFormHelperText-sizeMedium MuiFormHelperText-contained MuiFormHelperText-filled Mui-required css-er619e-MuiFormHelperText-root"[39m
    [33mid[39m=[32m"_r_1ul_-helper-text"[39m
  [36m/>[39m

  Name "":
  [36m<p[39m
    [33mclass[39m=[32m"MuiFormHelperText-root MuiFormHelperText-sizeMedium MuiFormHelperText-contained MuiFormHelperText-filled Mui-required css-er619e-MuiFormHelperText-root"[39m
    [33mid[39m=[32m"_r_1un_-helper-text"[39m
  [36m/>[39m

  Name "":
  [36m<p[39m
    [33mclass[39m=[32m"MuiFormHelperText-root MuiFormHelperText-sizeMedium MuiFormHelperText-contained MuiFormHelperText-filled Mui-required css-er619e-MuiFormHelperText-root"[39m
    [33mid[39m=[32m"_r_1uo_-helper-text"[39m
  [36m/>[39m

  Name "":
  [36m<p[39m
    [33mclass[39m=[32m"MuiFormHelperText-root MuiFormHelperText-sizeMedium MuiFormHelperText-contained MuiFormHelperText-filled Mui-required css-er619e-MuiFormHelperText-root"[39m
    [33mid[39m=[32m"_r_1uq_-helper-text"[39m
  [36m/>[39m

  Name "":
  [36m<p[39m
    [33mclass[39m=[32m"MuiFormHelperText-root MuiFormHelperText-sizeMedium MuiFormHelperText-contained MuiFormHelperText-filled Mui-required css-er619e-MuiFormHelperText-root"[39m
    [33mid[39m=[32m"_r_1ur_-helper-text"[39m
  [36m/>[39m

  Name "":
  [36m<p[39m
    [33mclass[39m=[32m"MuiFormHelperText-root MuiFormHelperText-sizeMedium MuiFormHelperText-contained MuiFormHelperText-filled Mui-required css-er619e-MuiFormHelperText-root"[39m
    [33mid[39m=[32m"_r_1ut_-helper-text"[39m
  [36m/>[39m

  Name "":
  [36m<p[39m
    [33mclass[39m=[32m"MuiFormHelperText-root MuiFormHelperText-sizeMedium MuiFormHelperText-contained MuiFormHelperText-filled Mui-required css-er619e-MuiFormHelperText-root"[39m
    [33mid[39m=[32m"_r_1uu_-helper-text"[39m
  [36m/>[39m

  Name "":
  [36m<p[39m
    [33mclass[39m=[32m"MuiFormHelperText-root MuiFormHelperText-sizeMedium MuiFormHelperText-contained MuiFormHelperText-filled Mui-required css-er619e-MuiFormHelperText-root"[39m
    [33mid[39m=[32m"_r_1v0_-helper-text"[39m
  [36m/>[39m

  Name "":
  [36m<p[39m
    [33mclass[39m=[32m"MuiFormHelperText-root MuiFormHelperText-sizeMedium MuiFormHelperText-contained MuiFormHelperText-filled Mui-required css-er619e-MuiFormHelperText-root"[39m
    [33mid[39m=[32m"_r_1v1_-helper-text"[39m
  [36m/>[39m

  Name "":
  [36m<p[39m
    [33mclass[39m=[32m"MuiFormHelperText-root MuiFormHelperText-sizeMedium MuiFormHelperText-contained MuiFormHelperText-filled Mui-required css-er619e-MuiFormHelperText-root"[39m
    [33mid[39m=[32m"_r_1v3_-helper-text"[39m
  [36m/>[39m

  Name "":
  [36m<p[39m
    [33mclass[39m=[32m"MuiFormHelperText-root MuiFormHelperText-sizeMedium MuiFormHelperText-contained MuiFormHelperText-filled Mui-required css-er619e-MuiFormHelperText-root"[39m
    [33mid[39m=[32m"_r_1v4_-helper-text"[39m
  [36m/>[39m

  Name "":
  [36m<p[39m
    [33mclass[39m=[32m"MuiFormHelperText-root MuiFormHelperText-sizeMedium MuiFormHelperText-contained MuiFormHelperText-filled Mui-required css-er619e-MuiFormHelperText-root"[39m
    [33mid[39m=[32m"_r_1v6_-helper-text"[39m
  [36m/>[39m

  Name "":
  [36m<p[39m
    [33mclass[39m=[32m"MuiFormHelperText-root MuiFormHelperText-sizeMedium MuiFormHelperText-contained MuiFormHelperText-filled Mui-required css-er619e-MuiFormHelperText-root"[39m
    [33mid[39m=[32m"_r_1v7_-helper-text"[39m
  [36m/>[39m

  Name "":
  [36m<p[39m
    [33mclass[39m=[32m"MuiFormHelperText-root MuiFormHelperText-sizeMedium MuiFormHelperText-contained MuiFormHelperText-filled Mui-required css-er619e-MuiFormHelperText-root"[39m
    [33mid[39m=[32m"_r_1v9_-helper-text"[39m
  [36m/>[39m

  Name "":
  [36m<p[39m
    [33mclass[39m=[32m"MuiFormHelperText-root MuiFormHelperText-sizeMedium MuiFormHelperText-contained MuiFormHelperText-filled Mui-required css-er619e-MuiFormHelperText-root"[39m
    [33mid[39m=[32m"_r_1va_-helper-text"[39m
  [36m/>[39m

  Name "":
  [36m<p[39m
    [33mclass[39m=[32m"MuiFormHelperText-root MuiFormHelperText-sizeMedium MuiFormHelperText-contained MuiFormHelperText-filled Mui-required css-er619e-MuiFormHelperText-root"[39m
    [33mid[39m=[32m"_r_1vc_-helper-text"[39m
  [36m/>[39m

  Name "":
  [36m<p[39m
    [33mclass[39m=[32m"MuiFormHelperText-root MuiFormHelperText-sizeMedium MuiFormHelperText-contained MuiFormHelperText-filled Mui-required css-er619e-MuiFormHelperText-root"[39m
    [33mid[39m=[32m"_r_1vd_-helper-text"[39m
  [36m/>[39m

  Name "":
  [36m<p[39m
    [33mclass[39m=[32m"MuiFormHelperText-root MuiFormHelperText-sizeMedium MuiFormHelperText-contained MuiFormHelperText-filled Mui-required css-er619e-MuiFormHelperText-root"[39m
    [33mid[39m=[32m"_r_1vf_-helper-text"[39m
  [36m/>[39m

  Name "":
  [36m<p[39m
    [33mclass[39m=[32m"MuiFormHelperText-root MuiFormHelperText-sizeMedium MuiFormHelperText-contained MuiFormHelperText-filled Mui-required css-er619e-MuiFormHelperText-root"[39m
    [33mid[39m=[32m"_r_1vg_-helper-text"[39m
  [36m/>[39m

  Name "":
  [36m<p[39m
    [33mclass[39m=[32m"MuiFormHelperText-root MuiFormHelperText-sizeMedium MuiFormHelperText-contained MuiFormHelperText-filled Mui-required css-er619e-MuiFormHelperText-root"[39m
    [33mid[39m=[32m"_r_1vi_-helper-text"[39m
  [36m/>[39m

  Name "":
  [36m<p[39m
    [33mclass[39m=[32m"MuiFormHelperText-root MuiFormHelperText-sizeMedium MuiFormHelperText-contained MuiFormHelperText-filled Mui-required css-er619e-MuiFormHelperText-root"[39m
    [33mid[39m=[32m"_r_1vj_-helper-text"[39m
  [36m/>[39m

  Name "":
  [36m<p[39m
    [33mclass[39m=[32m"MuiFormHelperText-root MuiFormHelperText-sizeMedium MuiFormHelperText-contained MuiFormHelperText-filled Mui-required css-er619e-MuiFormHelperText-root"[39m
    [33mid[39m=[32m"_r_1vl_-helper-text"[39m
  [36m/>[39m

  Name "":
  [36m<p[39m
    [33mclass[39m=[32m"MuiFormHelperText-root MuiFormHelperText-sizeMedium MuiFormHelperText-contained MuiFormHelperText-filled Mui-required css-er619e-MuiFormHelperText-root"[39m
    [33mid[39m=[32m"_r_1vm_-helper-text"[39m
  [36m/>[39m

  Name "":
  [36m<p[39m
    [33mclass[39m=[32m"MuiFormHelperText-root MuiFormHelperText-sizeMedium MuiFormHelperText-contained MuiFormHelperText-filled Mui-required css-er619e-MuiFormHelperText-root"[39m
    [33mid[39m=[32m"_r_1vo_-helper-text"[39m
  [36m/>[39m

  Name "":
  [36m<p[39m
    [33mclass[39m=[32m"MuiFormHelperText-root MuiFormHelperText-sizeMedium MuiFormHelperText-contained MuiFormHelperText-filled Mui-required css-er619e-MuiFormHelperText-root"[39m
    [33mid[39m=[32m"_r_1vp_-helper-text"[39m
  [36m/>[39m

  Name "":
  [36m<p[39m
    [33mclass[39m=[32m"MuiFormHelperText-root MuiFormHelperText-sizeMedium MuiFormHelperText-contained MuiFormHelperText-filled Mui-required css-er619e-MuiFormHelperText-root"[39m
    [33mid[39m=[32m"_r_1vr_-helper-text"[39m
  [36m/>[39m

  Name "":
  [36m<p[39m
    [33mclass[39m=[32m"MuiFormHelperText-root MuiFormHelperText-sizeMedium MuiFormHelperText-contained MuiFormHelperText-filled Mui-required css-er619e-MuiFormHelperText-root"[39m
    [33mid[39m=[32m"_r_1vs_-helper-text"[39m
  [36m/>[39m

  Name "":
  [36m<p[39m
    [33mclass[39m=[32m"MuiFormHelperText-root MuiFormHelperText-sizeMedium MuiFormHelperText-contained MuiFormHelperText-filled Mui-required css-er619e-MuiFormHelperText-root"[39m
    [33mid[39m=[32m"_r_1vu_-helper-text"[39m
  [36m/>[39m

  Name "":
  [36m<p[39m
    [33mclass[39m=[32m"MuiFormHelperText-root MuiFormHelperText-sizeMedium MuiFormHelperText-contained MuiFormHelperText-filled Mui-required css-er619e-MuiFormHelperText-root"[39m
    [33mid[39m=[32m"_r_1vv_-helper-text"[39m
  [36m/>[39m

  Name "":
  [36m<p[39m
    [33mclass[39m=[32m"MuiFormHelperText-root MuiFormHelperText-sizeMedium MuiFormHelperText-contained MuiFormHelperText-filled Mui-required css-er619e-MuiFormHelperText-root"[39m
    [33mid[39m=[32m"_r_201_-helper-text"[39m
  [36m/>[39m

  Name "":
  [36m<p[39m
    [33mclass[39m=[32m"MuiFormHelperText-root MuiFormHelperText-sizeMedium MuiFormHelperText-contained MuiFormHelperText-filled Mui-required css-er619e-MuiFormHelperText-root"[39m
    [33mid[39m=[32m"_r_202_-helper-text"[39m
  [36m/>[39m

  Name "":
  [36m<p[39m
    [33mclass[39m=[32m"MuiFormHelperText-root MuiFormHelperText-sizeMedium MuiFormHelperText-contained MuiFormHelperText-filled Mui-required css-er619e-MuiFormHelperText-root"[39m
    [33mid[39m=[32m"_r_204_-helper-text"[39m
  [36m/>[39m

  Name "":
  [36m<p[39m
    [33mclass[39m=[32m"MuiFormHelperText-root MuiFormHelperText-sizeMedium MuiFormHelperText-contained MuiFormHelperText-filled Mui-required css-er619e-MuiFormHelperText-root"[39m
    [33mid[39m=[32m"_r_205_-helper-text"[39m
  [36m/>[39m

  Name "":
  [36m<p[39m
    [33mclass[39m=[32m"MuiFormHelperText-root MuiFormHelperText-sizeMedium MuiFormHelperText-contained MuiFormHelperText-filled Mui-required css-er619e-MuiFormHelperText-root"[39m
    [33mid[39m=[32m"_r_207_-helper-text"[39m
  [36m/>[39m

  Name "":
  [36m<p[39m
    [33mclass[39m=[32m"MuiFormHelperText-root MuiFormHelperText-sizeMedium MuiFormHelperText-contained MuiFormHelperText-filled Mui-required css-er619e-MuiFormHelperText-root"[39m
    [33mid[39m=[32m"_r_208_-helper-text"[39m
  [36m/>[39m

  Name "":
  [36m<p[39m
    [33mclass[39m=[32m"MuiFormHelperText-root MuiFormHelperText-sizeMedium MuiFormHelperText-contained MuiFormHelperText-filled Mui-required css-er619e-MuiFormHelperText-root"[39m
    [33mid[39m=[32m"_r_20a_-helper-text"[39m
  [36m/>[39m

  Name "":
  [36m<p[39m
    [33mclass[39m=[32m"MuiFormHelperText-root MuiFormHelperText-sizeMedium MuiFormHelperText-contained MuiFormHelperText-filled Mui-required css-er619e-MuiFormHelperText-root"[39m
    [33mid[39m=[32m"_r_20b_-helper-text"[39m
  [36m/>[39m

  Name "":
  [36m<p[39m
    [33mclass[39m=[32m"MuiFormHelperText-root MuiFormHelperText-sizeMedium MuiFormHelperText-contained MuiFormHelperText-filled Mui-required css-er619e-MuiFormHelperText-root"[39m
    [33mid[39m=[32m"_r_20d_-helper-text"[39m
  [36m/>[39m

  Name "":
  [36m<p[39m
    [33mclass[39m=[32m"MuiFormHelperText-root MuiFormHelperText-sizeMedium MuiFormHelperText-contained MuiFormHelperText-filled Mui-required css-er619e-MuiFormHelperText-root"[39m
    [33mid[39m=[32m"_r_20e_-helper-text"[39m
  [36m/>[39m

  Name "":
  [36m<p[39m
    [33mclass[39m=[32m"MuiFormHelperText-root MuiFormHelperText-sizeMedium MuiFormHelperText-contained MuiFormHelperText-filled Mui-required css-er619e-MuiFormHelperText-root"[39m
    [33mid[39m=[32m"_r_20g_-helper-text"[39m
  [36m/>[39m

  Name "":
  [36m<p[39m
    [33mclass[39m=[32m"MuiFormHelperText-root MuiFormHelperText-sizeMedium MuiFormHelperText-contained MuiFormHelperText-filled Mui-required css-er619e-MuiFormHelperText-root"[39m
    [33mid[39m=[32m"_r_20h_-helper-text"[39m
  [36m/>[39m

  Name "":
  [36m<p[39m
    [33mclass[39m=[32m"MuiFormHelperText-root MuiFormHelperText-sizeMedium MuiFormHelperText-contained MuiFormHelperText-filled Mui-required css-er619e-MuiFormHelperText-root"[39m
    [33mid[39m=[32m"_r_20j_-helper-text"[39m
  [36m/>[39m

  Name "":
  [36m<p[39m
    [33mclass[39m=[32m"MuiFormHelperText-root MuiFormHelperText-sizeMedium MuiFormHelperText-contained MuiFormHelperText-filled Mui-required css-er619e-MuiFormHelperText-root"[39m
    [33mid[39m=[32m"_r_20k_-helper-text"[39m
  [36m/>[39m

  Name "":
  [36m<p[39m
    [33mclass[39m=[32m"MuiFormHelperText-root MuiFormHelperText-sizeMedium MuiFormHelperText-contained MuiFormHelperText-filled Mui-required css-er619e-MuiFormHelperText-root"[39m
    [33mid[39m=[32m"_r_20m_-helper-text"[39m
  [36m/>[39m

  Name "":
  [36m<p[39m
    [33mclass[39m=[32m"MuiFormHelperText-root MuiFormHelperText-sizeMedium MuiFormHelperText-contained MuiFormHelperText-filled Mui-required css-er619e-MuiFormHelperText-root"[39m
    [33mid[39m=[32m"_r_20n_-helper-text"[39m
  [36m/>[39m

  Name "":
  [36m<p[39m
    [33mclass[39m=[32m"MuiFormHelperText-root MuiFormHelperText-sizeMedium MuiFormHelperText-contained MuiFormHelperText-filled Mui-required css-er619e-MuiFormHelperText-root"[39m
    [33mid[39m=[32m"_r_20p_-helper-text"[39m
  [36m/>[39m

  Name "":
  [36m<p[39m
    [33mclass[39m=[32m"MuiFormHelperText-root MuiFormHelperText-sizeMedium MuiFormHelperText-contained MuiFormHelperText-filled Mui-required css-er619e-MuiFormHelperText-root"[39m
    [33mid[39m=[32m"_r_20q_-helper-text"[39m
  [36m/>[39m

  Name "":
  [36m<p[39m
    [33mclass[39m=[32m"MuiFormHelperText-root MuiFormHelperText-sizeMedium MuiFormHelperText-contained MuiFormHelperText-filled Mui-required css-er619e-MuiFormHelperText-root"[39m
    [33mid[39m=[32m"_r_20s_-helper-text"[39m
  [36m/>[39m

  Name "":
  [36m<p[39m
    [33mclass[39m=[32m"MuiFormHelperText-root MuiFormHelperText-sizeMedium MuiFormHelperText-contained MuiFormHelperText-filled Mui-required css-er619e-MuiFormHelperText-root"[39m
    [33mid[39m=[32m"_r_20t_-helper-text"[39m
  [36m/>[39m

  Name "":
  [36m<p[39m
    [33mclass[39m=[32m"MuiFormHelperText-root MuiFormHelperText-sizeMedium MuiFormHelperText-contained MuiFormHelperText-filled Mui-required css-er619e-MuiFormHelperText-root"[39m
    [33mid[39m=[32m"_r_20v_-helper-text"[39m
  [36m/>[39m

  Name "":
  [36m<p[39m
    [33mclass[39m=[32m"MuiFormHelperText-root MuiFormHelperText-sizeMedium MuiFormHelperText-contained MuiFormHelperText-filled Mui-required css-er619e-MuiFormHelperText-root"[39m
    [33mid[39m=[32m"_r_210_-helper-text"[39m
  [36m/>[39m

  Name "":
  [36m<p[39m
    [33mclass[39m=[32m"MuiFormHelperText-root MuiFormHelperText-sizeMedium MuiFormHelperText-contained MuiFormHelperText-filled Mui-required css-er619e-MuiFormHelperText-root"[39m
    [33mid[39m=[32m"_r_212_-helper-text"[39m
  [36m/>[39m

  Name "":
  [36m<p[39m
    [33mclass[39m=[32m"MuiFormHelperText-root MuiFormHelperText-sizeMedium MuiFormHelperText-contained MuiFormHelperText-filled Mui-required css-er619e-MuiFormHelperText-root"[39m
    [33mid[39m=[32m"_r_213_-helper-text"[39m
  [36m/>[39m

  Name "":
  [36m<p[39m
    [33mclass[39m=[32m"MuiFormHelperText-root MuiFormHelperText-sizeMedium MuiFormHelperText-contained MuiFormHelperText-filled Mui-required css-er619e-MuiFormHelperText-root"[39m
    [33mid[39m=[32m"_r_215_-helper-text"[39m
  [36m/>[39m

  Name "":
  [36m<p[39m
    [33mclass[39m=[32m"MuiFormHelperText-root MuiFormHelperText-sizeMedium MuiFormHelperText-contained MuiFormHelperText-filled Mui-required css-er619e-MuiFormHelperText-root"[39m
    [33mid[39m=[32m"_r_216_-helper-text"[39m
  [36m/>[39m

  Name "":
  [36m<p[39m
    [33mclass[39m=[32m"MuiFormHelperText-root MuiFormHelperText-sizeMedium MuiFormHelperText-contained MuiFormHelperText-filled Mui-required css-er619e-MuiFormHelperText-root"[39m
    [33mid[39m=[32m"_r_218_-helper-text"[39m
  [36m/>[39m

  Name "":
  [36m<p[39m
    [33mclass[39m=[32m"MuiFormHelperText-root MuiFormHelperText-sizeMedium MuiFormHelperText-contained MuiFormHelperText-filled Mui-required css-er619e-MuiFormHelperText-root"[39m
    [33mid[39m=[32m"_r_219_-helper-text"[39m
  [36m/>[39m

  Name "":
  [36m<p[39m
    [33mclass[39m=[32m"MuiFormHelperText-root MuiFormHelperText-sizeMedium MuiFormHelperText-contained MuiFormHelperText-filled Mui-required css-er619e-MuiFormHelperText-root"[39m
    [33mid[39m=[32m"_r_21b_-helper-text"[39m
  [36m/>[39m

  Name "":
  [36m<p[39m
    [33mclass[39m=[32m"MuiFormHelperText-root MuiFormHelperText-sizeMedium MuiFormHelperText-contained MuiFormHelperText-filled Mui-required css-er619e-MuiFormHelperText-root"[39m
    [33mid[39m=[32m"_r_21c_-helper-text"[39m
  [36m/>[39m

  Name "":
  [36m<p[39m
    [33mclass[39m=[32m"MuiFormHelperText-root MuiFormHelperText-sizeMedium MuiFormHelperText-contained MuiFormHelperText-filled Mui-required css-er619e-MuiFormHelperText-root"[39m
    [33mid[39m=[32m"_r_21e_-helper-text"[39m
  [36m/>[39m

  Name "":
  [36m<p[39m
    [33mclass[39m=[32m"MuiFormHelperText-root MuiFormHelperText-sizeMedium MuiFormHelperText-contained MuiFormHelperText-filled Mui-required css-er619e-MuiFormHelperText-root"[39m
    [33mid[39m=[32m"_r_21f_-helper-text"[39m
  [36m/>[39m

  Name "":
  [36m<p[39m
    [33mclass[39m=[32m"MuiFormHelperText-root MuiFormHelperText-sizeMedium MuiFormHelperText-contained MuiFormHelperText-filled Mui-required css-er619e-MuiFormHelperText-root"[39m
    [33mid[39m=[32m"_r_21h_-helper-text"[39m
  [36m/>[39m

  Name "":
  [36m<p[39m
    [33mclass[39m=[32m"MuiFormHelperText-root MuiFormHelperText-sizeMedium MuiFormHelperText-contained MuiFormHelperText-filled Mui-required css-er619e-MuiFormHelperText-root"[39m
    [33mid[39m=[32m"_r_21i_-helper-text"[39m
  [36m/>[39m

  Name "":
  [36m<p[39m
    [33mclass[39m=[32m"MuiFormHelperText-root MuiFormHelperText-sizeMedium MuiFormHelperText-contained MuiFormHelperText-filled Mui-required css-er619e-MuiFormHelperText-root"[39m
    [33mid[39m=[32m"_r_21k_-helper-text"[39m
  [36m/>[39m

  Name "":
  [36m<p[39m
    [33mclass[39m=[32m"MuiFormHelperText-root MuiFormHelperText-sizeMedium MuiFormHelperText-contained MuiFormHelperText-filled Mui-required css-er619e-MuiFormHelperText-root"[39m
    [33mid[39m=[32m"_r_21l_-helper-text"[39m
  [36m/>[39m

  Name "":
  [36m<p[39m
    [33mclass[39m=[32m"MuiFormHelperText-root MuiFormHelperText-sizeMedium MuiFormHelperText-contained MuiFormHelperText-filled Mui-required css-er619e-MuiFormHelperText-root"[39m
    [33mid[39m=[32m"_r_21n_-helper-text"[39m
  [36m/>[39m

  Name "":
  [36m<p[39m
    [33mclass[39m=[32m"MuiFormHelperText-root MuiFormHelperText-sizeMedium MuiFormHelperText-contained MuiFormHelperText-filled Mui-required css-er619e-MuiFormHelperText-root"[39m
    [33mid[39m=[32m"_r_21o_-helper-text"[39m
  [36m/>[39m

  Name "":
  [36m<p[39m
    [33mclass[39m=[32m"MuiFormHelperText-root MuiFormHelperText-sizeMedium MuiFormHelperText-contained MuiFormHelperText-filled Mui-required css-er619e-MuiFormHelperText-root"[39m
    [33mid[39m=[32m"_r_21q_-helper-text"[39m
  [36m/>[39m

  Name "":
  [36m<p[39m
    [33mclass[39m=[32m"MuiFormHelperText-root MuiFormHelperText-sizeMedium MuiFormHelperText-contained MuiFormHelperText-filled Mui-required css-er619e-MuiFormHelperText-root"[39m
    [33mid[39m=[32m"_r_21r_-helper-text"[39m
  [36m/>[39m

  Name "":
  [36m<p[39m
    [33mclass[39m=[32m"MuiFormHelperText-root MuiFormHelperText-sizeMedium MuiFormHelperText-contained MuiFormHelperText-filled Mui-required css-er619e-MuiFormHelperText-root"[39m
    [33mid[39m=[32m"_r_21t_-helper-text"[39m
  [36m/>[39m

  Name "":
  [36m<p[39m
    [33mclass[39m=[32m"MuiFormHelperText-root MuiFormHelperText-sizeMedium MuiFormHelperText-contained MuiFormHelperText-filled Mui-required css-er619e-MuiFormHelperText-root"[39m
    [33mid[39m=[32m"_r_21u_-helper-text"[39m
  [36m/>[39m

  Name "":
  [36m<p[39m
    [33mclass[39m=[32m"MuiFormHelperText-root MuiFormHelperText-sizeMedium MuiFormHelperText-contained MuiFormHelperText-filled Mui-required css-er619e-MuiFormHelperText-root"[39m
    [33mid[39m=[32m"_r_220_-helper-text"[39m
  [36m/>[39m

  Name "":
  [36m<p[39m
    [33mclass[39m=[32m"MuiFormHelperText-root MuiFormHelperText-sizeMedium MuiFormHelperText-contained MuiFormHelperText-filled Mui-required css-er619e-MuiFormHelperText-root"[39m
    [33mid[39m=[32m"_r_221_-helper-text"[39m
  [36m/>[39m

  Name "":
  [36m<p[39m
    [33mclass[39m=[32m"MuiFormHelperText-root MuiFormHelperText-sizeMedium MuiFormHelperText-contained MuiFormHelperText-filled Mui-required css-er619e-MuiFormHelperText-root"[39m
    [33mid[39m=[32m"_r_223_-helper-text"[39m
  [36m/>[39m

  Name "":
  [36m<p[39m
    [33mclass[39m=[32m"MuiFormHelperText-root MuiFormHelperText-sizeMedium MuiFormHelperText-contained MuiFormHelperText-filled Mui-required css-er619e-MuiFormHelperText-root"[39m
    [33mid[39m=[32m"_r_224_-helper-text"[39m
  [36m/>[39m

  Name "":
  [36m<p[39m
    [33mclass[39m=[32m"MuiFormHelperText-root MuiFormHelperText-sizeMedium MuiFormHelperText-contained MuiFormHelperText-filled Mui-required css-er619e-MuiFormHelperText-root"[39m
    [33mid[39m=[32m"_r_226_-helper-text"[39m
  [36m/>[39m

  Name "":
  [36m<p[39m
    [33mclass[39m=[32m"MuiFormHelperText-root MuiFormHelperText-sizeMedium MuiFormHelperText-contained MuiFormHelperText-filled Mui-required css-er619e-MuiFormHelperText-root"[39m
    [33mid[39m=[32m"_r_227_-helper-text"[39m
  [36m/>[39m

  Name "":
  [36m<p[39m
    [33mclass[39m=[32m"MuiFormHelperText-root MuiFormHelperText-sizeMedium MuiFormHelperText-contained MuiFormHelperText-filled Mui-required css-er619e-MuiFormHelperText-root"[39m
    [33mid[39m=[32m"_r_229_-helper-text"[39m
  [36m/>[39m

  Name "":
  [36m<p[39m
    [33mclass[39m=[32m"MuiFormHelperText-root MuiFormHelperText-sizeMedium MuiFormHelperText-contained MuiFormHelperText-filled Mui-required css-er619e-MuiFormHelperText-root"[39m
    [33mid[39m=[32m"_r_22a_-helper-text"[39m
  [36m/>[39m

  Name "":
  [36m<p[39m
    [33mclass[39m=[32m"MuiFormHelperText-root MuiFormHelperText-sizeMedium MuiFormHelperText-contained MuiFormHelperText-filled Mui-required css-er619e-MuiFormHelperText-root"[39m
    [33mid[39m=[32m"_r_22c_-helper-text"[39m
  [36m/>[39m

  Name "":
  [36m<p[39m
    [33mclass[39m=[32m"MuiFormHelperText-root MuiFormHelperText-sizeMedium MuiFormHelperText-contained MuiFormHelperText-filled Mui-required css-er619e-MuiFormHelperText-root"[39m
    [33mid[39m=[32m"_r_22d_-helper-text"[39m
  [36m/>[39m

  Name "":
  [36m<p[39m
    [33mclass[39m=[32m"MuiFormHelperText-root MuiFormHelperText-sizeMedium MuiFormHelperText-contained MuiFormHelperText-filled Mui-required css-er619e-MuiFormHelperText-root"[39m
    [33mid[39m=[32m"_r_22f_-helper-text"[39m
  [36m/>[39m

  Name "":
  [36m<p[39m
    [33mclass[39m=[32m"MuiFormHelperText-root MuiFormHelperText-sizeMedium MuiFormHelperText-contained MuiFormHelperText-filled Mui-required css-er619e-MuiFormHelperText-root"[39m
    [33mid[39m=[32m"_r_22g_-helper-text"[39m
  [36m/>[39m

  Name "":
  [36m<p[39m
    [33mclass[39m=[32m"MuiFormHelperText-root MuiFormHelperText-sizeMedium MuiFormHelperText-contained MuiFormHelperText-filled Mui-required css-er619e-MuiFormHelperText-root"[39m
    [33mid[39m=[32m"_r_22i_-helper-text"[39m
  [36m/>[39m

  Name "":
  [36m<p[39m
    [33mclass[39m=[32m"MuiFormHelperText-root MuiFormHelperText-sizeMedium MuiFormHelperText-contained MuiFormHelperText-filled Mui-required css-er619e-MuiFormHelperText-root"[39m
    [33mid[39m=[32m"_r_22j_-helper-text"[39m
  [36m/>[39m

  Name "":
  [36m<p[39m
    [33mclass[39m=[32m"MuiFormHelperText-root MuiFormHelperText-sizeMedium MuiFormHelperText-contained MuiFormHelperText-filled Mui-required css-er619e-MuiFormHelperText-root"[39m
    [33mid[39m=[32m"_r_22l_-helper-text"[39m
  [36m/>[39m

  Name "":
  [36m<p[39m
    [33mclass[39m=[32m"MuiFormHelperText-root MuiFormHelperText-sizeMedium MuiFormHelperText-contained MuiFormHelperText-filled Mui-required css-er619e-MuiFormHelperText-root"[39m
    [33mid[39m=[32m"_r_22m_-helper-text"[39m
  [36m/>[39m

  Name "":
  [36m<p[39m
    [33mclass[39m=[32m"MuiFormHelperText-root MuiFormHelperText-sizeMedium MuiFormHelperText-contained MuiFormHelperText-filled Mui-required css-er619e-MuiFormHelperText-root"[39m
    [33mid[39m=[32m"_r_22o_-helper-text"[39m
  [36m/>[39m

  Name "":
  [36m<p[39m
    [33mclass[39m=[32m"MuiFormHelperText-root MuiFormHelperText-sizeMedium MuiFormHelperText-contained MuiFormHelperText-filled Mui-required css-er619e-MuiFormHelperText-root"[39m
    [33mid[39m=[32m"_r_22p_-helper-text"[39m
  [36m/>[39m

  Name "":
  [36m<p[39m
    [33mclass[39m=[32m"MuiFormHelperText-root MuiFormHelperText-sizeMedium MuiFormHelperText-contained MuiFormHelperText-filled Mui-required css-er619e-MuiFormHelperText-root"[39m
    [33mid[39m=[32m"_r_22r_-helper-text"[39m
  [36m/>[39m

  Name "":
  [36m<p[39m
    [33mclass[39m=[32m"MuiFormHelperText-root MuiFormHelperText-sizeMedium MuiFormHelperText-contained MuiFormHelperText-filled Mui-required css-er619e-MuiFormHelperText-root"[39m
    [33mid[39m=[32m"_r_22s_-helper-text"[39m
  [36m/>[39m

  Name "":
  [36m<p[39m
    [33mclass[39m=[32m"MuiFormHelperText-root MuiFormHelperText-sizeMedium MuiFormHelperText-contained MuiFormHelperText-filled Mui-required css-er619e-MuiFormHelperText-root"[39m
    [33mid[39m=[32m"_r_22u_-helper-text"[39m
  [36m/>[39m

  Name "":
  [36m<p[39m
    [33mclass[39m=[32m"MuiFormHelperText-root MuiFormHelperText-sizeMedium MuiFormHelperText-contained MuiFormHelperText-filled Mui-required css-er619e-MuiFormHelperText-root"[39m
    [33mid[39m=[32m"_r_22v_-helper-text"[39m
  [36m/>[39m

  Name "":
  [36m<p[39m
    [33mclass[39m=[32m"MuiFormHelperText-root MuiFormHelperText-sizeMedium MuiFormHelperText-contained MuiFormHelperText-filled Mui-required css-er619e-MuiFormHelperText-root"[39m
    [33mid[39m=[32m"_r_231_-helper-text"[39m
  [36m/>[39m

  Name "":
  [36m<p[39m
    [33mclass[39m=[32m"MuiFormHelperText-root MuiFormHelperText-sizeMedium MuiFormHelperText-contained MuiFormHelperText-filled Mui-required css-er619e-MuiFormHelperText-root"[39m
    [33mid[39m=[32m"_r_232_-helper-text"[39m
  [36m/>[39m

  Name "":
  [36m<p[39m
    [33mclass[39m=[32m"MuiFormHelperText-root MuiFormHelperText-sizeMedium MuiFormHelperText-contained MuiFormHelperText-filled Mui-required css-er619e-MuiFormHelperText-root"[39m
    [33mid[39m=[32m"_r_234_-helper-text"[39m
  [36m/>[39m

  Name "":
  [36m<p[39m
    [33mclass[39m=[32m"MuiFormHelperText-root MuiFormHelperText-sizeMedium MuiFormHelperText-contained MuiFormHelperText-filled Mui-required css-er619e-MuiFormHelperText-root"[39m
    [33mid[39m=[32m"_r_235_-helper-text"[39m
  [36m/>[39m

  Name "":
  [36m<p[39m
    [33mclass[39m=[32m"MuiFormHelperText-root MuiFormHelperText-sizeMedium MuiFormHelperText-contained MuiFormHelperText-filled Mui-required css-er619e-MuiFormHelperText-root"[39m
    [33mid[39m=[32m"_r_237_-helper-text"[39m
  [36m/>[39m

  Name "":
  [36m<p[39m
    [33mclass[39m=[32m"MuiFormHelperText-root MuiFormHelperText-sizeMedium MuiFormHelperText-contained MuiFormHelperText-filled Mui-required css-er619e-MuiFormHelperText-root"[39m
    [33mid[39m=[32m"_r_238_-helper-text"[39m
  [36m/>[39m

  Name "":
  [36m<p[39m
    [33mclass[39m=[32m"MuiFormHelperText-root MuiFormHelperText-sizeMedium MuiFormHelperText-contained MuiFormHelperText-filled Mui-required css-er619e-MuiFormHelperText-root"[39m
    [33mid[39m=[32m"_r_23a_-helper-text"[39m
  [36m/>[39m

  Name "":
  [36m<p[39m
    [33mclass[39m=[32m"MuiFormHelperText-root MuiFormHelperText-sizeMedium MuiFormHelperText-contained MuiFormHelperText-filled Mui-required css-er619e-MuiFormHelperText-root"[39m
    [33mid[39m=[32m"_r_23b_-helper-text"[39m
  [36m/>[39m

  Name "":
  [36m<p[39m
    [33mclass[39m=[32m"MuiFormHelperText-root MuiFormHelperText-sizeMedium MuiFormHelperText-contained MuiFormHelperText-filled Mui-required css-er619e-MuiFormHelperText-root"[39m
    [33mid[39m=[32m"_r_23d_-helper-text"[39m
  [36m/>[39m

  Name "":
  [36m<p[39m
    [33mclass[39m=[32m"MuiFormHelperText-root MuiFormHelperText-sizeMedium MuiFormHelperText-contained MuiFormHelperText-filled Mui-required css-er619e-MuiFormHelperText-root"[39m
    [33mid[39m=[32m"_r_23e_-helper-text"[39m
  [36m/>[39m

  Name "":
  [36m<p[39m
    [33mclass[39m=[32m"MuiFormHelperText-root MuiFormHelperText-sizeMedium MuiFormHelperText-contained MuiFormHelperText-filled Mui-required css-er619e-MuiFormHelperText-root"[39m
    [33mid[39m=[32m"_r_23g_-helper-text"[39m
  [36m/>[39m

  Name "":
  [36m<p[39m
    [33mclass[39m=[32m"MuiFormHelperText-root MuiFormHelperText-sizeMedium MuiFormHelperText-contained MuiFormHelperText-filled Mui-required css-er619e-MuiFormHelperText-root"[39m
    [33mid[39m=[32m"_r_23h_-helper-text"[39m
  [36m/>[39m

  Name "":
  [36m<p[39m
    [33mclass[39m=[32m"MuiFormHelperText-root MuiFormHelperText-sizeMedium MuiFormHelperText-contained MuiFormHelperText-filled Mui-required css-er619e-MuiFormHelperText-root"[39m
    [33mid[39m=[32m"_r_23j_-helper-text"[39m
  [36m/>[39m

  Name "":
  [36m<p[39m
    [33mclass[39m=[32m"MuiFormHelperText-root MuiFormHelperText-sizeMedium MuiFormHelperText-contained MuiFormHelperText-filled Mui-required css-er619e-MuiFormHelperText-root"[39m
    [33mid[39m=[32m"_r_23k_-helper-text"[39m
  [36m/>[39m

  Name "":
  [36m<p[39m
    [33mclass[39m=[32m"MuiFormHelperText-root MuiFormHelperText-sizeMedium MuiFormHelperText-contained MuiFormHelperText-filled Mui-required css-er619e-MuiFormHelperText-root"[39m
    [33mid[39m=[32m"_r_23m_-helper-text"[39m
  [36m/>[39m

  Name "":
  [36m<p[39m
    [33mclass[39m=[32m"MuiFormHelperText-root MuiFormHelperText-sizeMedium MuiFormHelperText-contained MuiFormHelperText-filled Mui-required css-er619e-MuiFormHelperText-root"[39m
    [33mid[39m=[32m"_r_23n_-helper-text"[39m
  [36m/>[39m

  Name "":
  [36m<p[39m
    [33mclass[39m=[32m"MuiFormHelperText-root MuiFormHelperText-sizeMedium MuiFormHelperText-contained MuiFormHelperText-filled Mui-required css-er619e-MuiFormHelperText-root"[39m
    [33mid[39m=[32m"_r_23p_-helper-text"[39m
  [36m/>[39m

  Name "":
  [36m<p[39m
    [33mclass[39m=[32m"MuiFormHelperText-root MuiFormHelperText-sizeMedium MuiFormHelperText-contained MuiFormHelperText-filled Mui-required css-er619e-MuiFormHelperText-root"[39m
    [33mid[39m=[32m"_r_23q_-helper-text"[39m
  [36m/>[39m

  Name "":
  [36m<p[39m
    [33mclass[39m=[32m"MuiFormHelperText-root MuiFormHelperText-sizeMedium MuiFormHelperText-contained MuiFormHelperText-filled Mui-required css-er619e-MuiFormHelperText-root"[39m
    [33mid[39m=[32m"_r_23s_-helper-text"[39m
  [36m/>[39m

  Name "":
  [36m<p[39m
    [33mclass[39m=[32m"MuiFormHelperText-root MuiFormHelperText-sizeMedium MuiFormHelperText-contained MuiFormHelperText-filled Mui-required css-er619e-MuiFormHelperText-root"[39m
    [33mid[39m=[32m"_r_23t_-helper-text"[39m
  [36m/>[39m

  Name "":
  [36m<p[39m
    [33mclass[39m=[32m"MuiFormHelperText-root MuiFormHelperText-sizeMedium MuiFormHelperText-contained MuiFormHelperText-filled Mui-required css-er619e-MuiFormHelperText-root"[39m
    [33mid[39m=[32m"_r_23v_-helper-text"[39m
  [36m/>[39m

  Name "":
  [36m<p[39m
    [33mclass[39m=[32m"MuiFormHelperText-root MuiFormHelperText-sizeMedium MuiFormHelperText-contained MuiFormHelperText-filled Mui-required css-er619e-MuiFormHelperText-root"[39m
    [33mid[39m=[32m"_r_240_-helper-text"[39m
  [36m/>[39m

  Name "":
  [36m<p[39m
    [33mclass[39m=[32m"MuiFormHelperText-root MuiFormHelperText-sizeMedium MuiFormHelperText-contained MuiFormHelperText-filled Mui-required css-er619e-MuiFormHelperText-root"[39m
    [33mid[39m=[32m"_r_242_-helper-text"[39m
  [36m/>[39m

  Name "":
  [36m<p[39m
    [33mclass[39m=[32m"MuiFormHelperText-root MuiFormHelperText-sizeMedium MuiFormHelperText-contained MuiFormHelperText-filled Mui-required css-er619e-MuiFormHelperText-root"[39m
    [33mid[39m=[32m"_r_243_-helper-text"[39m
  [36m/>[39m

  Name "":
  [36m<p[39m
    [33mclass[39m=[32m"MuiFormHelperText-root MuiFormHelperText-sizeMedium MuiFormHelperText-contained MuiFormHelperText-filled Mui-required css-er619e-MuiFormHelperText-root"[39m
    [33mid[39m=[32m"_r_245_-helper-text"[39m
  [36m/>[39m

  Name "":
  [36m<p[39m
    [33mclass[39m=[32m"MuiFormHelperText-root MuiFormHelperText-sizeMedium MuiFormHelperText-contained MuiFormHelperText-filled Mui-required css-er619e-MuiFormHelperText-root"[39m
    [33mid[39m=[32m"_r_246_-helper-text"[39m
  [36m/>[39m

  Name "":
  [36m<p[39m
    [33mclass[39m=[32m"MuiFormHelperText-root MuiFormHelperText-sizeMedium MuiFormHelperText-contained MuiFormHelperText-filled Mui-required css-er619e-MuiFormHelperText-root"[39m
    [33mid[39m=[32m"_r_248_-helper-text"[39m
  [36m/>[39m

  Name "":
  [36m<p[39m
    [33mclass[39m=[32m"MuiFormHelperText-root MuiFormHelperText-sizeMedium MuiFormHelperText-contained MuiFormHelperText-filled Mui-required css-er619e-MuiFormHelperText-root"[39m
    [33mid[39m=[32m"_r_249_-helper-text"[39m
  [36m/>[39m

  Name "":
  [36m<p[39m
    [33mclass[39m=[32m"MuiFormHelperText-root MuiFormHelperText-sizeMedium MuiFormHelperText-contained MuiFormHelperText-filled Mui-required css-er619e-MuiFormHelperText-root"[39m
    [33mid[39m=[32m"_r_24b_-helper-text"[39m
  [36m/>[39m

  Name "":
  [36m<p[39m
    [33mclass[39m=[32m"MuiFormHelperText-root MuiFormHelperText-sizeMedium MuiFormHelperText-contained MuiFormHelperText-filled Mui-required css-er619e-MuiFormHelperText-root"[39m
    [33mid[39m=[32m"_r_24c_-helper-text"[39m
  [36m/>[39m

  Name "":
  [36m<p[39m
    [33mclass[39m=[32m"MuiFormHelperText-root MuiFormHelperText-sizeMedium MuiFormHelperText-contained MuiFormHelperText-filled Mui-required css-er619e-MuiFormHelperText-root"[39m
    [33mid[39m=[32m"_r_24e_-helper-text"[39m
  [36m/>[39m

  Name "":
  [36m<p[39m
    [33mclass[39m=[32m"MuiFormHelperText-root MuiFormHelperText-sizeMedium MuiFormHelperText-contained MuiFormHelperText-filled Mui-required css-er619e-MuiFormHelperText-root"[39m
    [33mid[39m=[32m"_r_24f_-helper-text"[39m
  [36m/>[39m

  Name "":
  [36m<p[39m
    [33mclass[39m=[32m"MuiFormHelperText-root MuiFormHelperText-sizeMedium MuiFormHelperText-contained MuiFormHelperText-filled Mui-required css-er619e-MuiFormHelperText-root"[39m
    [33mid[39m=[32m"_r_24h_-helper-text"[39m
  [36m/>[39m

  Name "":
  [36m<p[39m
    [33mclass[39m=[32m"MuiFormHelperText-root MuiFormHelperText-sizeMedium MuiFormHelperText-contained MuiFormHelperText-filled Mui-required css-er619e-MuiFormHelperText-root"[39m
    [33mid[39m=[32m"_r_24i_-helper-text"[39m
  [36m/>[39m

  Name "":
  [36m<p[39m
    [33mclass[39m=[32m"MuiFormHelperText-root MuiFormHelperText-sizeMedium MuiFormHelperText-contained MuiFormHelperText-filled Mui-required css-er619e-MuiFormHelperText-root"[39m
    [33mid[39m=[32m"_r_24k_-helper-text"[39m
  [36m/>[39m

  Name "":
  [36m<p[39m
    [33mclass[39m=[32m"MuiFormHelperText-root MuiFormHelperText-sizeMedium MuiFormHelperText-contained MuiFormHelperText-filled Mui-required css-er619e-MuiFormHelperText-root"[39m
    [33mid[39m=[32m"_r_24l_-helper-text"[39m
  [36m/>[39m

  Name "":
  [36m<p[39m
    [33mclass[39m=[32m"MuiFormHelperText-root MuiFormHelperText-sizeMedium MuiFormHelperText-contained MuiFormHelperText-filled Mui-required css-er619e-MuiFormHelperText-root"[39m
    [33mid[39m=[32m"_r_24n_-helper-text"[39m
  [36m/>[39m

  Name "":
  [36m<p[39m
    [33mclass[39m=[32m"MuiFormHelperText-root MuiFormHelperText-sizeMedium MuiFormHelperText-contained MuiFormHelperText-filled Mui-required css-er619e-MuiFormHelperText-root"[39m
    [33mid[39m=[32m"_r_24o_-helper-text"[39m
  [36m/>[39m

  Name "":
  [36m<p[39m
    [33mclass[39m=[32m"MuiFormHelperText-root MuiFormHelperText-sizeMedium MuiFormHelperText-contained MuiFormHelperText-filled Mui-required css-er619e-MuiFormHelperText-root"[39m
    [33mid[39m=[32m"_r_24q_-helper-text"[39m
  [36m/>[39m

  Name "":
  [36m<p[39m
    [33mclass[39m=[32m"MuiFormHelperText-root MuiFormHelperText-sizeMedium MuiFormHelperText-contained MuiFormHelperText-filled Mui-required css-er619e-MuiFormHelperText-root"[39m
    [33mid[39m=[32m"_r_24r_-helper-text"[39m
  [36m/>[39m

  Name "":
  [36m<p[39m
    [33mclass[39m=[32m"MuiFormHelperText-root MuiFormHelperText-sizeMedium MuiFormHelperText-contained MuiFormHelperText-filled Mui-required css-er619e-MuiFormHelperText-root"[39m
    [33mid[39m=[32m"_r_24t_-helper-text"[39m
  [36m/>[39m

  Name "":
  [36m<p[39m
    [33mclass[39m=[32m"MuiFormHelperText-root MuiFormHelperText-sizeMedium MuiFormHelperText-contained MuiFormHelperText-filled Mui-required css-er619e-MuiFormHelperText-root"[39m
    [33mid[39m=[32m"_r_24u_-helper-text"[39m
  [36m/>[39m

  Name "":
  [36m<p[39m
    [33mclass[39m=[32m"MuiFormHelperText-root MuiFormHelperText-sizeMedium MuiFormHelperText-contained MuiFormHelperText-filled Mui-required css-er619e-MuiFormHelperText-root"[39m
    [33mid[39m=[32m"_r_250_-helper-text"[39m
  [36m/>[39m

  Name "":
  [36m<p[39m
    [33mclass[39m=[32m"MuiFormHelperText-root MuiFormHelperText-sizeMedium MuiFormHelperText-contained MuiFormHelperText-filled Mui-required css-er619e-MuiFormHelperText-root"[39m
    [33mid[39m=[32m"_r_251_-helper-text"[39m
  [36m/>[39m

  Name "":
  [36m<p[39m
    [33mclass[39m=[32m"MuiFormHelperText-root MuiFormHelperText-sizeMedium MuiFormHelperText-contained MuiFormHelperText-filled Mui-required css-er619e-MuiFormHelperText-root"[39m
    [33mid[39m=[32m"_r_253_-helper-text"[39m
  [36m/>[39m

  Name "":
  [36m<p[39m
    [33mclass[39m=[32m"MuiFormHelperText-root MuiFormHelperText-sizeMedium MuiFormHelperText-contained MuiFormHelperText-filled Mui-required css-er619e-MuiFormHelperText-root"[39m
    [33mid[39m=[32m"_r_254_-helper-text"[39m
  [36m/>[39m

  Name "":
  [36m<p[39m
    [33mclass[39m=[32m"MuiFormHelperText-root MuiFormHelperText-sizeMedium MuiFormHelperText-contained MuiFormHelperText-filled Mui-required css-er619e-MuiFormHelperText-root"[39m
    [33mid[39m=[32m"_r_256_-helper-text"[39m
  [36m/>[39m

  Name "":
  [36m<p[39m
    [33mclass[39m=[32m"MuiFormHelperText-root MuiFormHelperText-sizeMedium MuiFormHelperText-contained MuiFormHelperText-filled Mui-required css-er619e-MuiFormHelperText-root"[39m
    [33mid[39m=[32m"_r_257_-helper-text"[39m
  [36m/>[39m

  Name "":
  [36m<p[39m
    [33mclass[39m=[32m"MuiFormHelperText-root MuiFormHelperText-sizeMedium MuiFormHelperText-contained MuiFormHelperText-filled Mui-required css-er619e-MuiFormHelperText-root"[39m
    [33mid[39m=[32m"_r_259_-helper-text"[39m
  [36m/>[39m

  Name "":
  [36m<p[39m
    [33mclass[39m=[32m"MuiFormHelperText-root MuiFormHelperText-sizeMedium MuiFormHelperText-contained MuiFormHelperText-filled Mui-required css-er619e-MuiFormHelperText-root"[39m
    [33mid[39m=[32m"_r_25a_-helper-text"[39m
  [36m/>[39m

  Name "":
  [36m<p[39m
    [33mclass[39m=[32m"MuiFormHelperText-root MuiFormHelperText-sizeMedium MuiFormHelperText-contained MuiFormHelperText-filled Mui-required css-er619e-MuiFormHelperText-root"[39m
    [33mid[39m=[32m"_r_25c_-helper-text"[39m
  [36m/>[39m

  Name "":
  [36m<p[39m
    [33mclass[39m=[32m"MuiFormHelperText-root MuiFormHelperText-sizeMedium MuiFormHelperText-contained MuiFormHelperText-filled Mui-required css-er619e-MuiFormHelperText-root"[39m
    [33mid[39m=[32m"_r_25d_-helper-text"[39m
  [36m/>[39m

  Name "":
  [36m<p[39m
    [33mclass[39m=[32m"MuiFormHelperText-root MuiFormHelperText-sizeMedium MuiFormHelperText-contained MuiFormHelperText-filled Mui-required css-er619e-MuiFormHelperText-root"[39m
    [33mid[39m=[32m"_r_25f_-helper-text"[39m
  [36m/>[39m

  Name "":
  [36m<p[39m
    [33mclass[39m=[32m"MuiFormHelperText-root MuiFormHelperText-sizeMedium MuiFormHelperText-contained MuiFormHelperText-filled Mui-required css-er619e-MuiFormHelperText-root"[39m
    [33mid[39m=[32m"_r_25g_-helper-text"[39m
  [36m/>[39m

  Name "":
  [36m<p[39m
    [33mclass[39m=[32m"MuiFormHelperText-root MuiFormHelperText-sizeMedium MuiFormHelperText-contained MuiFormHelperText-filled Mui-required css-er619e-MuiFormHelperText-root"[39m
    [33mid[39m=[32m"_r_25i_-helper-text"[39m
  [36m/>[39m

  Name "":
  [36m<p[39m
    [33mclass[39m=[32m"MuiFormHelperText-root MuiFormHelperText-sizeMedium MuiFormHelperText-contained MuiFormHelperText-filled Mui-required css-er619e-MuiFormHelperText-root"[39m
    [33mid[39m=[32m"_r_25j_-helper-text"[39m
  [36m/>[39m

  Name "":
  [36m<p[39m
    [33mclass[39m=[32m"MuiFormHelperText-root MuiFormHelperText-sizeMedium MuiFormHelperText-contained MuiFormHelperText-filled Mui-required css-er619e-MuiFormHelperText-root"[39m
    [33mid[39m=[32m"_r_25l_-helper-text"[39m
  [36m/>[39m

  Name "":
  [36m<p[39m
    [33mclass[39m=[32m"MuiFormHelperText-root MuiFormHelperText-sizeMedium MuiFormHelperText-contained MuiFormHelperText-filled Mui-required css-er619e-MuiFormHelperText-root"[39m
    [33mid[39m=[32m"_r_25m_-helper-text"[39m
  [36m/>[39m

  Name "":
  [36m<p[39m
    [33mclass[39m=[32m"MuiFormHelperText-root MuiFormHelperText-sizeMedium MuiFormHelperText-contained MuiFormHelperText-filled Mui-required css-er619e-MuiFormHelperText-root"[39m
    [33mid[39m=[32m"_r_25o_-helper-text"[39m
  [36m/>[39m

  Name "":
  [36m<p[39m
    [33mclass[39m=[32m"MuiFormHelperText-root MuiFormHelperText-sizeMedium MuiFormHelperText-contained MuiFormHelperText-filled Mui-required css-er619e-MuiFormHelperText-root"[39m
    [33mid[39m=[32m"_r_25p_-helper-text"[39m
  [36m/>[39m

  Name "":
  [36m<p[39m
    [33mclass[39m=[32m"MuiFormHelperText-root MuiFormHelperText-sizeMedium MuiFormHelperText-contained MuiFormHelperText-filled Mui-required css-er619e-MuiFormHelperText-root"[39m
    [33mid[39m=[32m"_r_25r_-helper-text"[39m
  [36m/>[39m

  Name "":
  [36m<p[39m
    [33mclass[39m=[32m"MuiFormHelperText-root MuiFormHelperText-sizeMedium MuiFormHelperText-contained MuiFormHelperText-filled Mui-required css-er619e-MuiFormHelperText-root"[39m
    [33mid[39m=[32m"_r_25s_-helper-text"[39m
  [36m/>[39m

  Name "":
  [36m<p[39m
    [33mclass[39m=[32m"MuiFormHelperText-root MuiFormHelperText-sizeMedium MuiFormHelperText-contained MuiFormHelperText-filled Mui-required css-er619e-MuiFormHelperText-root"[39m
    [33mid[39m=[32m"_r_25u_-helper-text"[39m
  [36m/>[39m

  Name "":
  [36m<p[39m
    [33mclass[39m=[32m"MuiFormHelperText-root MuiFormHelperText-sizeMedium MuiFormHelperText-contained MuiFormHelperText-filled Mui-required css-er619e-MuiFormHelperText-root"[39m
    [33mid[39m=[32m"_r_25v_-helper-text"[39m
  [36m/>[39m

  Name "":
  [36m<p[39m
    [33mclass[39m=[32m"MuiFormHelperText-root MuiFormHelperText-sizeMedium MuiFormHelperText-contained MuiFormHelperText-filled Mui-required css-er619e-MuiFormHelperText-root"[39m
    [33mid[39m=[32m"_r_261_-helper-text"[39m
  [36m/>[39m

  Name "":
  [36m<p[39m
    [33mclass[39m=[32m"MuiFormHelperText-root MuiFormHelperText-sizeMedium MuiFormHelperText-contained MuiFormHelperText-filled Mui-required css-er619e-MuiFormHelperText-root"[39m
    [33mid[39m=[32m"_r_262_-helper-text"[39m
  [36m/>[39m

  Name "":
  [36m<p[39m
    [33mclass[39m=[32m"MuiFormHelperText-root MuiFormHelperText-sizeMedium MuiFormHelperText-contained MuiFormHelperText-filled Mui-required css-er619e-MuiFormHelperText-root"[39m
    [33mid[39m=[32m"_r_264_-helper-text"[39m
  [36m/>[39m

  Name "":
  [36m<p[39m
    [33mclass[39m=[32m"MuiFormHelperText-root MuiFormHelperText-sizeMedium MuiFormHelperText-contained MuiFormHelperText-filled Mui-required css-er619e-MuiFormHelperText-root"[39m
    [33mid[39m=[32m"_r_265_-helper-text"[39m
  [36m/>[39m

  Name "":
  [36m<p[39m
    [33mclass[39m=[32m"MuiFormHelperText-root MuiFormHelperText-sizeMedium MuiFormHelperText-contained MuiFormHelperText-filled Mui-required css-er619e-MuiFormHelperText-root"[39m
    [33mid[39m=[32m"_r_267_-helper-text"[39m
  [36m/>[39m

  Name "":
  [36m<p[39m
    [33mclass[39m=[32m"MuiFormHelperText-root MuiFormHelperText-sizeMedium MuiFormHelperText-contained MuiFormHelperText-filled Mui-required css-er619e-MuiFormHelperText-root"[39m
    [33mid[39m=[32m"_r_268_-helper-text"[39m
  [36m/>[39m

  Name "":
  [36m<p[39m
    [33mclass[39m=[32m"MuiFormHelperText-root MuiFormHelperText-sizeMedium MuiFormHelperText-contained MuiFormHelperText-filled Mui-required css-er619e-MuiFormHelperText-root"[39m
    [33mid[39m=[32m"_r_26a_-helper-text"[39m
  [36m/>[39m

  Name "":
  [36m<p[39m
    [33mclass[39m=[32m"MuiFormHelperText-root MuiFormHelperText-sizeMedium MuiFormHelperText-contained MuiFormHelperText-filled Mui-required css-er619e-MuiFormHelperText-root"[39m
    [33mid[39m=[32m"_r_26b_-helper-text"[39m
  [36m/>[39m

  Name "":
  [36m<p[39m
    [33mclass[39m=[32m"MuiFormHelperText-root MuiFormHelperText-sizeMedium MuiFormHelperText-contained MuiFormHelperText-filled Mui-required css-er619e-MuiFormHelperText-root"[39m
    [33mid[39m=[32m"_r_26d_-helper-text"[39m
  [36m/>[39m

  Name "":
  [36m<p[39m
    [33mclass[39m=[32m"MuiFormHelperText-root MuiFormHelperText-sizeMedium MuiFormHelperText-contained MuiFormHelperText-filled Mui-required css-er619e-MuiFormHelperText-root"[39m
    [33mid[39m=[32m"_r_26e_-helper-text"[39m
  [36m/>[39m

  Name "":
  [36m<p[39m
    [33mclass[39m=[32m"MuiFormHelperText-root MuiFormHelperText-sizeMedium MuiFormHelperText-contained MuiFormHelperText-filled Mui-required css-er619e-MuiFormHelperText-root"[39m
    [33mid[39m=[32m"_r_26g_-helper-text"[39m
  [36m/>[39m

  Name "":
  [36m<p[39m
    [33mclass[39m=[32m"MuiFormHelperText-root MuiFormHelperText-sizeMedium MuiFormHelperText-contained MuiFormHelperText-filled Mui-required css-er619e-MuiFormHelperText-root"[39m
    [33mid[39m=[32m"_r_26h_-helper-text"[39m
  [36m/>[39m

  Name "":
  [36m<p[39m
    [33mclass[39m=[32m"MuiFormHelperText-root MuiFormHelperText-sizeMedium MuiFormHelperText-contained MuiFormHelperText-filled Mui-required css-er619e-MuiFormHelperText-root"[39m
    [33mid[39m=[32m"_r_26j_-helper-text"[39m
  [36m/>[39m

  Name "":
  [36m<p[39m
    [33mclass[39m=[32m"MuiFormHelperText-root MuiFormHelperText-sizeMedium MuiFormHelperText-contained MuiFormHelperText-filled Mui-required css-er619e-MuiFormHelperText-root"[39m
    [33mid[39m=[32m"_r_26k_-helper-text"[39m
  [36m/>[39m

  Name "":
  [36m<p[39m
    [33mclass[39m=[32m"MuiFormHelperText-root MuiFormHelperText-sizeMedium MuiFormHelperText-contained MuiFormHelperText-filled Mui-required css-er619e-MuiFormHelperText-root"[39m
    [33mid[39m=[32m"_r_26m_-helper-text"[39m
  [36m/>[39m

  Name "":
  [36m<p[39m
    [33mclass[39m=[32m"MuiFormHelperText-root MuiFormHelperText-sizeMedium MuiFormHelperText-contained MuiFormHelperText-filled Mui-required css-er619e-MuiFormHelperText-root"[39m
    [33mid[39m=[32m"_r_26n_-helper-text"[39m
  [36m/>[39m

  Name "":
  [36m<p[39m
    [33mclass[39m=[32m"MuiFormHelperText-root MuiFormHelperText-sizeMedium MuiFormHelperText-contained MuiFormHelperText-filled Mui-required css-er619e-MuiFormHelperText-root"[39m
    [33mid[39m=[32m"_r_26p_-helper-text"[39m
  [36m/>[39m

  Name "":
  [36m<p[39m
    [33mclass[39m=[32m"MuiFormHelperText-root MuiFormHelperText-sizeMedium MuiFormHelperText-contained MuiFormHelperText-filled Mui-required css-er619e-MuiFormHelperText-root"[39m
    [33mid[39m=[32m"_r_26q_-helper-text"[39m
  [36m/>[39m

  Name "":
  [36m<p[39m
    [33mclass[39m=[32m"MuiFormHelperText-root MuiFormHelperText-sizeMedium MuiFormHelperText-contained MuiFormHelperText-filled Mui-required css-er619e-MuiFormHelperText-root"[39m
    [33mid[39m=[32m"_r_26s_-helper-text"[39m
  [36m/>[39m

  Name "":
  [36m<p[39m
    [33mclass[39m=[32m"MuiFormHelperText-root MuiFormHelperText-sizeMedium MuiFormHelperText-contained MuiFormHelperText-filled Mui-required css-er619e-MuiFormHelperText-root"[39m
    [33mid[39m=[32m"_r_26t_-helper-text"[39m
  [36m/>[39m

  Name "":
  [36m<p[39m
    [33mclass[39m=[32m"MuiFormHelperText-root MuiFormHelperText-sizeMedium MuiFormHelperText-contained MuiFormHelperText-filled Mui-required css-er619e-MuiFormHelperText-root"[39m
    [33mid[39m=[32m"_r_26v_-helper-text"[39m
  [36m/>[39m

  Name "":
  [36m<p[39m
    [33mclass[39m=[32m"MuiFormHelperText-root MuiFormHelperText-sizeMedium MuiFormHelperText-contained MuiFormHelperText-filled Mui-required css-er619e-MuiFormHelperText-root"[39m
    [33mid[39m=[32m"_r_270_-helper-text"[39m
  [36m/>[39m

  Name "":
  [36m<p[39m
    [33mclass[39m=[32m"MuiFormHelperText-root MuiFormHelperText-sizeMedium MuiFormHelperText-contained MuiFormHelperText-filled Mui-required css-er619e-MuiFormHelperText-root"[39m
    [33mid[39m=[32m"_r_272_-helper-text"[39m
  [36m/>[39m

  Name "":
  [36m<p[39m
    [33mclass[39m=[32m"MuiFormHelperText-root MuiFormHelperText-sizeMedium MuiFormHelperText-contained MuiFormHelperText-filled Mui-required css-er619e-MuiFormHelperText-root"[39m
    [33mid[39m=[32m"_r_273_-helper-text"[39m
  [36m/>[39m

  Name "":
  [36m<p[39m
    [33mclass[39m=[32m"MuiFormHelperText-root MuiFormHelperText-sizeMedium MuiFormHelperText-contained MuiFormHelperText-filled Mui-required css-er619e-MuiFormHelperText-root"[39m
    [33mid[39m=[32m"_r_275_-helper-text"[39m
  [36m/>[39m

  Name "":
  [36m<p[39m
    [33mclass[39m=[32m"MuiFormHelperText-root MuiFormHelperText-sizeMedium MuiFormHelperText-contained MuiFormHelperText-filled Mui-required css-er619e-MuiFormHelperText-root"[39m
    [33mid[39m=[32m"_r_276_-helper-text"[39m
  [36m/>[39m

  Name "":
  [36m<p[39m
    [33mclass[39m=[32m"MuiFormHelperText-root MuiFormHelperText-sizeMedium MuiFormHelperText-contained MuiFormHelperText-filled Mui-required css-er619e-MuiFormHelperText-root"[39m
    [33mid[39m=[32m"_r_278_-helper-text"[39m
  [36m/>[39m

  Name "":
  [36m<p[39m
    [33mclass[39m=[32m"MuiFormHelperText-root MuiFormHelperText-sizeMedium MuiFormHelperText-contained MuiFormHelperText-filled Mui-required css-er619e-MuiFormHelperText-root"[39m
    [33mid[39m=[32m"_r_279_-helper-text"[39m
  [36m/>[39m

  Name "":
  [36m<p[39m
    [33mclass[39m=[32m"MuiFormHelperText-root MuiFormHelperText-sizeMedium MuiFormHelperText-contained MuiFormHelperText-filled Mui-required css-er619e-MuiFormHelperText-root"[39m
    [33mid[39m=[32m"_r_27b_-helper-text"[39m
  [36m/>[39m

  Name "":
  [36m<p[39m
    [33mclass[39m=[32m"MuiFormHelperText-root MuiFormHelperText-sizeMedium MuiFormHelperText-contained MuiFormHelperText-filled Mui-required css-er619e-MuiFormHelperText-root"[39m
    [33mid[39m=[32m"_r_27c_-helper-text"[39m
  [36m/>[39m

  Name "":
  [36m<p[39m
    [33mclass[39m=[32m"MuiFormHelperText-root MuiFormHelperText-sizeMedium MuiFormHelperText-contained MuiFormHelperText-filled Mui-required css-er619e-MuiFormHelperText-root"[39m
    [33mid[39m=[32m"_r_27e_-helper-text"[39m
  [36m/>[39m

  Name "":
  [36m<p[39m
    [33mclass[39m=[32m"MuiFormHelperText-root MuiFormHelperText-sizeMedium MuiFormHelperText-contained MuiFormHelperText-filled Mui-required css-er619e-MuiFormHelperText-root"[39m
    [33mid[39m=[32m"_r_27f_-helper-text"[39m
  [36m/>[39m

  Name "":
  [36m<p[39m
    [33mclass[39m=[32m"MuiFormHelperText-root MuiFormHelperText-sizeMedium MuiFormHelperText-contained MuiFormHelperText-filled Mui-required css-er619e-MuiFormHelperText-root"[39m
    [33mid[39m=[32m"_r_27h_-helper-text"[39m
  [36m/>[39m

  Name "":
  [36m<p[39m
    [33mclass[39m=[32m"MuiFormHelperText-root MuiFormHelperText-sizeMedium MuiFormHelperText-contained MuiFormHelperText-filled Mui-required css-er619e-MuiFormHelperText-root"[39m
    [33mid[39m=[32m"_r_27i_-helper-text"[39m
  [36m/>[39m

  Name "":
  [36m<p[39m
    [33mclass[39m=[32m"MuiFormHelperText-root MuiFormHelperText-sizeMedium MuiFormHelperText-contained MuiFormHelperText-filled Mui-required css-er619e-MuiFormHelperText-root"[39m
    [33mid[39m=[32m"_r_27k_-helper-text"[39m
  [36m/>[39m

  Name "":
  [36m<p[39m
    [33mclass[39m=[32m"MuiFormHelperText-root MuiFormHelperText-sizeMedium MuiFormHelperText-contained MuiFormHelperText-filled Mui-required css-er619e-MuiFormHelperText-root"[39m
    [33mid[39m=[32m"_r_27l_-helper-text"[39m
  [36m/>[39m

  Name "":
  [36m<p[39m
    [33mclass[39m=[32m"MuiFormHelperText-root MuiFormHelperText-sizeMedium MuiFormHelperText-contained MuiFormHelperText-filled Mui-required css-er619e-MuiFormHelperText-root"[39m
    [33mid[39m=[32m"_r_27n_-helper-text"[39m
  [36m/>[39m

  Name "":
  [36m<p[39m
    [33mclass[39m=[32m"MuiFormHelperText-root MuiFormHelperText-sizeMedium MuiFormHelperText-contained MuiFormHelperText-filled Mui-required css-er619e-MuiFormHelperText-root"[39m
    [33mid[39m=[32m"_r_27o_-helper-text"[39m
  [36m/>[39m

  Name "":
  [36m<p[39m
    [33mclass[39m=[32m"MuiFormHelperText-root MuiFormHelperText-sizeMedium MuiFormHelperText-contained MuiFormHelperText-filled Mui-required css-er619e-MuiFormHelperText-root"[39m
    [33mid[39m=[32m"_r_27q_-helper-text"[39m
  [36m/>[39m

  Name "":
  [36m<p[39m
    [33mclass[39m=[32m"MuiFormHelperText-root MuiFormHelperText-sizeMedium MuiFormHelperText-contained MuiFormHelperText-filled Mui-required css-er619e-MuiFormHelperText-root"[39m
    [33mid[39m=[32m"_r_27r_-helper-text"[39m
  [36m/>[39m

  Name "":
  [36m<p[39m
    [33mclass[39m=[32m"MuiFormHelperText-root MuiFormHelperText-sizeMedium MuiFormHelperText-contained MuiFormHelperText-filled Mui-required css-er619e-MuiFormHelperText-root"[39m
    [33mid[39m=[32m"_r_27t_-helper-text"[39m
  [36m/>[39m

  Name "":
  [36m<p[39m
    [33mclass[39m=[32m"MuiFormHelperText-root MuiFormHelperText-sizeMedium MuiFormHelperText-contained MuiFormHelperText-filled Mui-required css-er619e-MuiFormHelperText-root"[39m
    [33mid[39m=[32m"_r_27u_-helper-text"[39m
  [36m/>[39m

  Name "":
  [36m<p[39m
    [33mclass[39m=[32m"MuiFormHelperText-root MuiFormHelperText-sizeMedium MuiFormHelperText-contained MuiFormHelperText-filled Mui-required css-er619e-MuiFormHelperText-root"[39m
    [33mid[39m=[32m"_r_280_-helper-text"[39m
  [36m/>[39m

  Name "":
  [36m<p[39m
    [33mclass[39m=[32m"MuiFormHelperText-root MuiFormHelperText-sizeMedium MuiFormHelperText-contained MuiFormHelperText-filled Mui-required css-er619e-MuiFormHelperText-root"[39m
    [33mid[39m=[32m"_r_281_-helper-text"[39m
  [36m/>[39m

  Name "":
  [36m<p[39m
    [33mclass[39m=[32m"MuiFormHelperText-root MuiFormHelperText-sizeMedium MuiFormHelperText-contained MuiFormHelperText-filled Mui-required css-er619e-MuiFormHelperText-root"[39m
    [33mid[39m=[32m"_r_283_-helper-text"[39m
  [36m/>[39m

  Name "":
  [36m<p[39m
    [33mclass[39m=[32m"MuiFormHelperText-root MuiFormHelperText-sizeMedium MuiFormHelperText-contained MuiFormHelperText-filled Mui-required css-er619e-MuiFormHelperText-root"[39m
    [33mid[39m=[32m"_r_284_-helper-text"[39m
  [36m/>[39m

  Name "":
  [36m<p[39m
    [33mclass[39m=[32m"MuiFormHelperText-root MuiFormHelperText-sizeMedium MuiFormHelperText-contained MuiFormHelperText-filled Mui-required css-er619e-MuiFormHelperText-root"[39m
    [33mid[39m=[32m"_r_286_-helper-text"[39m
  [36m/>[39m

  Name "":
  [36m<p[39m
    [33mclass[39m=[32m"MuiFormHelperText-root MuiFormHelperText-sizeMedium MuiFormHelperText-contained MuiFormHelperText-filled Mui-required css-er619e-MuiFormHelperText-root"[39m
    [33mid[39m=[32m"_r_287_-helper-text"[39m
  [36m/>[39m

  Name "":
  [36m<p[39m
    [33mclass[39m=[32m"MuiFormHelperText-root MuiFormHelperText-sizeMedium MuiFormHelperText-contained MuiFormHelperText-filled Mui-required css-er619e-MuiFormHelperText-root"[39m
    [33mid[39m=[32m"_r_289_-helper-text"[39m
  [36m/>[39m

  Name "":
  [36m<p[39m
    [33mclass[39m=[32m"MuiFormHelperText-root MuiFormHelperText-sizeMedium MuiFormHelperText-contained MuiFormHelperText-filled Mui-required css-er619e-MuiFormHelperText-root"[39m
    [33mid[39m=[32m"_r_28a_-helper-text"[39m
  [36m/>[39m

  Name "":
  [36m<p[39m
    [33mclass[39m=[32m"MuiFormHelperText-root MuiFormHelperText-sizeMedium MuiFormHelperText-contained MuiFormHelperText-filled Mui-required css-er619e-MuiFormHelperText-root"[39m
    [33mid[39m=[32m"_r_28c_-helper-text"[39m
  [36m/>[39m

  Name "":
  [36m<p[39m
    [33mclass[39m=[32m"MuiFormHelperText-root MuiFormHelperText-sizeMedium MuiFormHelperText-contained MuiFormHelperText-filled Mui-required css-er619e-MuiFormHelperText-root"[39m
    [33mid[39m=[32m"_r_28d_-helper-text"[39m
  [36m/>[39m

  Name "":
  [36m<p[39m
    [33mclass[39m=[32m"MuiFormHelperText-root MuiFormHelperText-sizeMedium MuiFormHelperText-contained MuiFormHelperText-filled Mui-required css-er619e-MuiFormHelperText-root"[39m
    [33mid[39m=[32m"_r_28f_-helper-text"[39m
  [36m/>[39m

  Name "":
  [36m<p[39m
    [33mclass[39m=[32m"MuiFormHelperText-root MuiFormHelperText-sizeMedium MuiFormHelperText-contained MuiFormHelperText-filled Mui-required css-er619e-MuiFormHelperText-root"[39m
    [33mid[39m=[32m"_r_28g_-helper-text"[39m
  [36m/>[39m

  Name "":
  [36m<p[39m
    [33mclass[39m=[32m"MuiFormHelperText-root MuiFormHelperText-sizeMedium MuiFormHelperText-contained MuiFormHelperText-filled Mui-required css-er619e-MuiFormHelperText-root"[39m
    [33mid[39m=[32m"_r_28i_-helper-text"[39m
  [36m/>[39m

  Name "":
  [36m<p[39m
    [33mclass[39m=[32m"MuiFormHelperText-root MuiFormHelperText-sizeMedium MuiFormHelperText-contained MuiFormHelperText-filled Mui-required css-er619e-MuiFormHelperText-root"[39m
    [33mid[39m=[32m"_r_28j_-helper-text"[39m
  [36m/>[39m

  Name "":
  [36m<p[39m
    [33mclass[39m=[32m"MuiFormHelperText-root MuiFormHelperText-sizeMedium MuiFormHelperText-contained MuiFormHelperText-filled Mui-required css-er619e-MuiFormHelperText-root"[39m
    [33mid[39m=[32m"_r_28l_-helper-text"[39m
  [36m/>[39m

  Name "":
  [36m<p[39m
    [33mclass[39m=[32m"MuiFormHelperText-root MuiFormHelperText-sizeMedium MuiFormHelperText-contained MuiFormHelperText-filled Mui-required css-er619e-MuiFormHelperText-root"[39m
    [33mid[39m=[32m"_r_28m_-helper-text"[39m
  [36m/>[39m

  Name "":
  [36m<p[39m
    [33mclass[39m=[32m"MuiFormHelperText-root MuiFormHelperText-sizeMedium MuiFormHelperText-contained MuiFormHelperText-filled Mui-required css-er619e-MuiFormHelperText-root"[39m
    [33mid[39m=[32m"_r_28o_-helper-text"[39m
  [36m/>[39m

  Name "":
  [36m<p[39m
    [33mclass[39m=[32m"MuiFormHelperText-root MuiFormHelperText-sizeMedium MuiFormHelperText-contained MuiFormHelperText-filled Mui-required css-er619e-MuiFormHelperText-root"[39m
    [33mid[39m=[32m"_r_28p_-helper-text"[39m
  [36m/>[39m

  Name "":
  [36m<p[39m
    [33mclass[39m=[32m"MuiFormHelperText-root MuiFormHelperText-sizeMedium MuiFormHelperText-contained MuiFormHelperText-filled Mui-required css-er619e-MuiFormHelperText-root"[39m
    [33mid[39m=[32m"_r_28r_-helper-text"[39m
  [36m/>[39m

  Name "":
  [36m<p[39m
    [33mclass[39m=[32m"MuiFormHelperText-root MuiFormHelperText-sizeMedium MuiFormHelperText-contained MuiFormHelperText-filled Mui-required css-er619e-MuiFormHelperText-root"[39m
    [33mid[39m=[32m"_r_28s_-helper-text"[39m
  [36m/>[39m

  Name "":
  [36m<p[39m
    [33mclass[39m=[32m"MuiFormHelperText-root MuiFormHelperText-sizeMedium MuiFormHelperText-contained MuiFormHelperText-filled Mui-required css-er619e-MuiFormHelperText-root"[39m
    [33mid[39m=[32m"_r_28u_-helper-text"[39m
  [36m/>[39m

  Name "":
  [36m<p[39m
    [33mclass[39m=[32m"MuiFormHelperText-root MuiFormHelperText-sizeMedium MuiFormHelperText-contained MuiFormHelperText-filled Mui-required css-er619e-MuiFormHelperText-root"[39m
    [33mid[39m=[32m"_r_28v_-helper-text"[39m
  [36m/>[39m

  Name "":
  [36m<p[39m
    [33mclass[39m=[32m"MuiFormHelperText-root MuiFormHelperText-sizeMedium MuiFormHelperText-contained MuiFormHelperText-filled Mui-required css-er619e-MuiFormHelperText-root"[39m
    [33mid[39m=[32m"_r_291_-helper-text"[39m
  [36m/>[39m

  Name "":
  [36m<p[39m
    [33mclass[39m=[32m"MuiFormHelperText-root MuiFormHelperText-sizeMedium MuiFormHelperText-contained MuiFormHelperText-filled Mui-required css-er619e-MuiFormHelperText-root"[39m
    [33mid[39m=[32m"_r_292_-helper-text"[39m
  [36m/>[39m

  Name "":
  [36m<p[39m
    [33mclass[39m=[32m"MuiFormHelperText-root MuiFormHelperText-sizeMedium MuiFormHelperText-contained MuiFormHelperText-filled Mui-required css-er619e-MuiFormHelperText-root"[39m
    [33mid[39m=[32m"_r_294_-helper-text"[39m
  [36m/>[39m

  Name "":
  [36m<p[39m
    [33mclass[39m=[32m"MuiFormHelperText-root MuiFormHelperText-sizeMedium MuiFormHelperText-contained MuiFormHelperText-filled Mui-required css-er619e-MuiFormHelperText-root"[39m
    [33mid[39m=[32m"_r_295_-helper-text"[39m
  [36m/>[39m

  Name "":
  [36m<p[39m
    [33mclass[39m=[32m"MuiFormHelperText-root MuiFormHelperText-sizeMedium MuiFormHelperText-contained MuiFormHelperText-filled Mui-required css-er619e-MuiFormHelperText-root"[39m
    [33mid[39m=[32m"_r_297_-helper-text"[39m
  [36m/>[39m

  Name "":
  [36m<p[39m
    [33mclass[39m=[32m"MuiFormHelperText-root MuiFormHelperText-sizeMedium MuiFormHelperText-contained MuiFormHelperText-filled Mui-required css-er619e-MuiFormHelperText-root"[39m
    [33mid[39m=[32m"_r_298_-helper-text"[39m
  [36m/>[39m

  Name "":
  [36m<p[39m
    [33mclass[39m=[32m"MuiFormHelperText-root MuiFormHelperText-sizeMedium MuiFormHelperText-contained MuiFormHelperText-filled Mui-required css-er619e-MuiFormHelperText-root"[39m
    [33mid[39m=[32m"_r_29a_-helper-text"[39m
  [36m/>[39m

  Name "":
  [36m<p[39m
    [33mclass[39m=[32m"MuiFormHelperText-root MuiFormHelperText-sizeMedium MuiFormHelperText-contained MuiFormHelperText-filled Mui-required css-er619e-MuiFormHelperText-root"[39m
    [33mid[39m=[32m"_r_29b_-helper-text"[39m
  [36m/>[39m

  Name "":
  [36m<p[39m
    [33mclass[39m=[32m"MuiFormHelperText-root MuiFormHelperText-sizeMedium MuiFormHelperText-contained MuiFormHelperText-filled Mui-required css-er619e-MuiFormHelperText-root"[39m
    [33mid[39m=[32m"_r_29d_-helper-text"[39m
  [36m/>[39m

  Name "":
  [36m<p[39m
    [33mclass[39m=[32m"MuiFormHelperText-root MuiFormHelperText-sizeMedium MuiFormHelperText-contained MuiFormHelperText-filled Mui-required css-er619e-MuiFormHelperText-root"[39m
    [33mid[39m=[32m"_r_29e_-helper-text"[39m
  [36m/>[39m

  Name "":
  [36m<p[39m
    [33mclass[39m=[32m"MuiFormHelperText-root MuiFormHelperText-sizeMedium MuiFormHelperText-contained MuiFormHelperText-filled Mui-required css-er619e-MuiFormHelperText-root"[39m
    [33mid[39m=[32m"_r_29g_-helper-text"[39m
  [36m/>[39m

  Name "":
  [36m<p[39m
    [33mclass[39m=[32m"MuiFormHelperText-root MuiFormHelperText-sizeMedium MuiFormHelperText-contained MuiFormHelperText-filled Mui-required css-er619e-MuiFormHelperText-root"[39m
    [33mid[39m=[32m"_r_29h_-helper-text"[39m
  [36m/>[39m

  Name "":
  [36m<p[39m
    [33mclass[39m=[32m"MuiFormHelperText-root MuiFormHelperText-sizeMedium MuiFormHelperText-contained MuiFormHelperText-filled Mui-required css-er619e-MuiFormHelperText-root"[39m
    [33mid[39m=[32m"_r_29j_-helper-text"[39m
  [36m/>[39m

  Name "":
  [36m<p[39m
    [33mclass[39m=[32m"MuiFormHelperText-root MuiFormHelperText-sizeMedium MuiFormHelperText-contained MuiFormHelperText-filled Mui-required css-er619e-MuiFormHelperText-root"[39m
    [33mid[39m=[32m"_r_29k_-helper-text"[39m
  [36m/>[39m

  Name "":
  [36m<p[39m
    [33mclass[39m=[32m"MuiFormHelperText-root MuiFormHelperText-sizeMedium MuiFormHelperText-contained MuiFormHelperText-filled Mui-required css-er619e-MuiFormHelperText-root"[39m
    [33mid[39m=[32m"_r_29m_-helper-text"[39m
  [36m/>[39m

  Name "":
  [36m<p[39m
    [33mclass[39m=[32m"MuiFormHelperText-root MuiFormHelperText-sizeMedium MuiFormHelperText-contained MuiFormHelperText-filled Mui-required css-er619e-MuiFormHelperText-root"[39m
    [33mid[39m=[32m"_r_29n_-helper-text"[39m
  [36m/>[39m

  Name "":
  [36m<p[39m
    [33mclass[39m=[32m"MuiFormHelperText-root MuiFormHelperText-sizeMedium MuiFormHelperText-contained MuiFormHelperText-filled Mui-required css-er619e-MuiFormHelperText-root"[39m
    [33mid[39m=[32m"_r_29p_-helper-text"[39m
  [36m/>[39m

  Name "":
  [36m<p[39m
    [33mclass[39m=[32m"MuiFormHelperText-root MuiFormHelperText-sizeMedium MuiFormHelperText-contained MuiFormHelperText-filled Mui-required css-er619e-MuiFormHelperText-root"[39m
    [33mid[39m=[32m"_r_29q_-helper-text"[39m
  [36m/>[39m

  Name "":
  [36m<p[39m
    [33mclass[39m=[32m"MuiFormHelperText-root MuiFormHelperText-sizeMedium MuiFormHelperText-contained MuiFormHelperText-filled Mui-required css-er619e-MuiFormHelperText-root"[39m
    [33mid[39m=[32m"_r_29s_-helper-text"[39m
  [36m/>[39m

  Name "":
  [36m<p[39m
    [33mclass[39m=[32m"MuiFormHelperText-root MuiFormHelperText-sizeMedium MuiFormHelperText-contained MuiFormHelperText-filled Mui-required css-er619e-MuiFormHelperText-root"[39m
    [33mid[39m=[32m"_r_29t_-helper-text"[39m
  [36m/>[39m

  Name "":
  [36m<p[39m
    [33mclass[39m=[32m"MuiFormHelperText-root MuiFormHelperText-sizeMedium MuiFormHelperText-contained MuiFormHelperText-filled Mui-required css-er619e-MuiFormHelperText-root"[39m
    [33mid[39m=[32m"_r_29v_-helper-text"[39m
  [36m/>[39m

  Name "":
  [36m<p[39m
    [33mclass[39m=[32m"MuiFormHelperText-root MuiFormHelperText-sizeMedium MuiFormHelperText-contained MuiFormHelperText-filled Mui-required css-er619e-MuiFormHelperText-root"[39m
    [33mid[39m=[32m"_r_2a0_-helper-text"[39m
  [36m/>[39m

  Name "":
  [36m<p[39m
    [33mclass[39m=[32m"MuiFormHelperText-root MuiFormHelperText-sizeMedium MuiFormHelperText-contained MuiFormHelperText-filled Mui-required css-er619e-MuiFormHelperText-root"[39m
    [33mid[39m=[32m"_r_2a2_-helper-text"[39m
  [36m/>[39m

  Name "":
  [36m<p[39m
    [33mclass[39m=[32m"MuiFormHelperText-root MuiFormHelperText-sizeMedium MuiFormHelperText-contained MuiFormHelperText-filled Mui-required css-er619e-MuiFormHelperText-root"[39m
    [33mid[39m=[32m"_r_2a3_-helper-text"[39m
  [36m/>[39m

  Name "":
  [36m<p[39m
    [33mclass[39m=[32m"MuiFormHelperText-root MuiFormHelperText-sizeMedium MuiFormHelperText-contained MuiFormHelperText-filled Mui-required css-er619e-MuiFormHelperText-root"[39m
    [33mid[39m=[32m"_r_2a5_-helper-text"[39m
  [36m/>[39m

  Name "":
  [36m<p[39m
    [33mclass[39m=[32m"MuiFormHelperText-root MuiFormHelperText-sizeMedium MuiFormHelperText-contained MuiFormHelperText-filled Mui-required css-er619e-MuiFormHelperText-root"[39m
    [33mid[39m=[32m"_r_2a6_-helper-text"[39m
  [36m/>[39m

  Name "":
  [36m<p[39m
    [33mclass[39m=[32m"MuiFormHelperText-root MuiFormHelperText-sizeMedium MuiFormHelperText-contained MuiFormHelperText-filled Mui-required css-er619e-MuiFormHelperText-root"[39m
    [33mid[39m=[32m"_r_2a8_-helper-text"[39m
  [36m/>[39m

  Name "":
  [36m<p[39m
    [33mclass[39m=[32m"MuiFormHelperText-root MuiFormHelperText-sizeMedium MuiFormHelperText-contained MuiFormHelperText-filled Mui-required css-er619e-MuiFormHelperText-root"[39m
    [33mid[39m=[32m"_r_2a9_-helper-text"[39m
  [36m/>[39m

  Name "":
  [36m<p[39m
    [33mclass[39m=[32m"MuiFormHelperText-root MuiFormHelperText-sizeMedium MuiFormHelperText-contained MuiFormHelperText-filled Mui-required css-er619e-MuiFormHelperText-root"[39m
    [33mid[39m=[32m"_r_2ab_-helper-text"[39m
  [36m/>[39m

  Name "":
  [36m<p[39m
    [33mclass[39m=[32m"MuiFormHelperText-root MuiFormHelperText-sizeMedium MuiFormHelperText-contained MuiFormHelperText-filled Mui-required css-er619e-MuiFormHelperText-root"[39m
    [33mid[39m=[32m"_r_2ac_-helper-text"[39m
  [36m/>[39m

  Name "":
  [36m<p[39m
    [33mclass[39m=[32m"MuiFormHelperText-root MuiFormHelperText-sizeMedium MuiFormHelperText-contained MuiFormHelperText-filled Mui-required css-er619e-MuiFormHelperText-root"[39m
    [33mid[39m=[32m"_r_2ae_-helper-text"[39m
  [36m/>[39m

  Name "":
  [36m<p[39m
    [33mclass[39m=[32m"MuiFormHelperText-root MuiFormHelperText-sizeMedium MuiFormHelperText-contained MuiFormHelperText-filled Mui-required css-er619e-MuiFormHelperText-root"[39m
    [33mid[39m=[32m"_r_2af_-helper-text"[39m
  [36m/>[39m

  Name "":
  [36m<p[39m
    [33mclass[39m=[32m"MuiFormHelperText-root MuiFormHelperText-sizeMedium MuiFormHelperText-contained MuiFormHelperText-filled Mui-required css-er619e-MuiFormHelperText-root"[39m
    [33mid[39m=[32m"_r_2ah_-helper-text"[39m
  [36m/>[39m

  Name "":
  [36m<p[39m
    [33mclass[39m=[32m"MuiFormHelperText-root MuiFormHelperText-sizeMedium MuiFormHelperText-contained MuiFormHelperText-filled Mui-required css-er619e-MuiFormHelperText-root"[39m
    [33mid[39m=[32m"_r_2ai_-helper-text"[39m
  [36m/>[39m

  Name "":
  [36m<p[39m
    [33mclass[39m=[32m"MuiFormHelperText-root MuiFormHelperText-sizeMedium MuiFormHelperText-contained MuiFormHelperText-filled Mui-required css-er619e-MuiFormHelperText-root"[39m
    [33mid[39m=[32m"_r_2ak_-helper-text"[39m
  [36m/>[39m

  Name "":
  [36m<p[39m
    [33mclass[39m=[32m"MuiFormHelperText-root MuiFormHelperText-sizeMedium MuiFormHelperText-contained MuiFormHelperText-filled Mui-required css-er619e-MuiFormHelperText-root"[39m
    [33mid[39m=[32m"_r_2al_-helper-text"[39m
  [36m/>[39m

  Name "":
  [36m<p[39m
    [33mclass[39m=[32m"MuiFormHelperText-root MuiFormHelperText-sizeMedium MuiFormHelperText-contained MuiFormHelperText-filled Mui-required css-er619e-MuiFormHelperText-root"[39m
    [33mid[39m=[32m"_r_2an_-helper-text"[39m
  [36m/>[39m

  Name "":
  [36m<p[39m
    [33mclass[39m=[32m"MuiFormHelperText-root MuiFormHelperText-sizeMedium MuiFormHelperText-contained MuiFormHelperText-filled Mui-required css-er619e-MuiFormHelperText-root"[39m
    [33mid[39m=[32m"_r_2ao_-helper-text"[39m
  [36m/>[39m

  Name "":
  [36m<p[39m
    [33mclass[39m=[32m"MuiFormHelperText-root MuiFormHelperText-sizeMedium MuiFormHelperText-contained MuiFormHelperText-filled Mui-required css-er619e-MuiFormHelperText-root"[39m
    [33mid[39m=[32m"_r_2aq_-helper-text"[39m
  [36m/>[39m

  Name "":
  [36m<p[39m
    [33mclass[39m=[32m"MuiFormHelperText-root MuiFormHelperText-sizeMedium MuiFormHelperText-contained MuiFormHelperText-filled Mui-required css-er619e-MuiFormHelperText-root"[39m
    [33mid[39m=[32m"_r_2ar_-helper-text"[39m
  [36m/>[39m

  Name "":
  [36m<p[39m
    [33mclass[39m=[32m"MuiFormHelperText-root MuiFormHelperText-sizeMedium MuiFormHelperText-contained MuiFormHelperText-filled Mui-required css-er619e-MuiFormHelperText-root"[39m
    [33mid[39m=[32m"_r_2at_-helper-text"[39m
  [36m/>[39m

  Name "":
  [36m<p[39m
    [33mclass[39m=[32m"MuiFormHelperText-root MuiFormHelperText-sizeMedium MuiFormHelperText-contained MuiFormHelperText-filled Mui-required css-er619e-MuiFormHelperText-root"[39m
    [33mid[39m=[32m"_r_2au_-helper-text"[39m
  [36m/>[39m

  Name "":
  [36m<p[39m
    [33mclass[39m=[32m"MuiFormHelperText-root MuiFormHelperText-sizeMedium MuiFormHelperText-contained MuiFormHelperText-filled Mui-required css-er619e-MuiFormHelperText-root"[39m
    [33mid[39m=[32m"_r_2b0_-helper-text"[39m
  [36m/>[39m

  Name "":
  [36m<p[39m
    [33mclass[39m=[32m"MuiFormHelperText-root MuiFormHelperText-sizeMedium MuiFormHelperText-contained MuiFormHelperText-filled Mui-required css-er619e-MuiFormHelperText-root"[39m
    [33mid[39m=[32m"_r_2b1_-helper-text"[39m
  [36m/>[39m

  Name "":
  [36m<p[39m
    [33mclass[39m=[32m"MuiFormHelperText-root MuiFormHelperText-sizeMedium MuiFormHelperText-contained MuiFormHelperText-filled Mui-required css-er619e-MuiFormHelperText-root"[39m
    [33mid[39m=[32m"_r_2b3_-helper-text"[39m
  [36m/>[39m

  Name "":
  [36m<p[39m
    [33mclass[39m=[32m"MuiFormHelperText-root MuiFormHelperText-sizeMedium MuiFormHelperText-contained MuiFormHelperText-filled Mui-required css-er619e-MuiFormHelperText-root"[39m
    [33mid[39m=[32m"_r_2b4_-helper-text"[39m
  [36m/>[39m

  Name "":
  [36m<p[39m
    [33mclass[39m=[32m"MuiFormHelperText-root MuiFormHelperText-sizeMedium MuiFormHelperText-contained MuiFormHelperText-filled Mui-required css-er619e-MuiFormHelperText-root"[39m
    [33mid[39m=[32m"_r_2b6_-helper-text"[39m
  [36m/>[39m

  Name "":
  [36m<p[39m
    [33mclass[39m=[32m"MuiFormHelperText-root MuiFormHelperText-sizeMedium MuiFormHelperText-contained MuiFormHelperText-filled Mui-required css-er619e-MuiFormHelperText-root"[39m
    [33mid[39m=[32m"_r_2b7_-helper-text"[39m
  [36m/>[39m

  Name "":
  [36m<p[39m
    [33mclass[39m=[32m"MuiFormHelperText-root MuiFormHelperText-sizeMedium MuiFormHelperText-contained MuiFormHelperText-filled Mui-required css-er619e-MuiFormHelperText-root"[39m
    [33mid[39m=[32m"_r_2b9_-helper-text"[39m
  [36m/>[39m

  Name "":
  [36m<p[39m
    [33mclass[39m=[32m"MuiFormHelperText-root MuiFormHelperText-sizeMedium MuiFormHelperText-contained MuiFormHelperText-filled Mui-required css-er619e-MuiFormHelperText-root"[39m
    [33mid[39m=[32m"_r_2ba_-helper-text"[39m
  [36m/>[39m

  Name "":
  [36m<p[39m
    [33mclass[39m=[32m"MuiFormHelperText-root MuiFormHelperText-sizeMedium MuiFormHelperText-contained MuiFormHelperText-filled Mui-required css-er619e-MuiFormHelperText-root"[39m
    [33mid[39m=[32m"_r_2bc_-helper-text"[39m
  [36m/>[39m

  Name "":
  [36m<p[39m
    [33mclass[39m=[32m"MuiFormHelperText-root MuiFormHelperText-sizeMedium MuiFormHelperText-contained MuiFormHelperText-filled Mui-required css-er619e-MuiFormHelperText-root"[39m
    [33mid[39m=[32m"_r_2bd_-helper-text"[39m
  [36m/>[39m

  Name "":
  [36m<p[39m
    [33mclass[39m=[32m"MuiFormHelperText-root MuiFormHelperText-sizeMedium MuiFormHelperText-contained MuiFormHelperText-filled Mui-required css-er619e-MuiFormHelperText-root"[39m
    [33mid[39m=[32m"_r_2bf_-helper-text"[39m
  [36m/>[39m

  Name "":
  [36m<p[39m
    [33mclass[39m=[32m"MuiFormHelperText-root MuiFormHelperText-sizeMedium MuiFormHelperText-contained MuiFormHelperText-filled Mui-required css-er619e-MuiFormHelperText-root"[39m
    [33mid[39m=[32m"_r_2bg_-helper-text"[39m
  [36m/>[39m

  Name "":
  [36m<p[39m
    [33mclass[39m=[32m"MuiFormHelperText-root MuiFormHelperText-sizeMedium MuiFormHelperText-contained MuiFormHelperText-filled Mui-required css-er619e-MuiFormHelperText-root"[39m
    [33mid[39m=[32m"_r_2bi_-helper-text"[39m
  [36m/>[39m

  Name "":
  [36m<p[39m
    [33mclass[39m=[32m"MuiFormHelperText-root MuiFormHelperText-sizeMedium MuiFormHelperText-contained MuiFormHelperText-filled Mui-required css-er619e-MuiFormHelperText-root"[39m
    [33mid[39m=[32m"_r_2bj_-helper-text"[39m
  [36m/>[39m

  Name "":
  [36m<p[39m
    [33mclass[39m=[32m"MuiFormHelperText-root MuiFormHelperText-sizeMedium MuiFormHelperText-contained MuiFormHelperText-filled Mui-required css-er619e-MuiFormHelperText-root"[39m
    [33mid[39m=[32m"_r_2bl_-helper-text"[39m
  [36m/>[39m

  Name "":
  [36m<p[39m
    [33mclass[39m=[32m"MuiFormHelperText-root MuiFormHelperText-sizeMedium MuiFormHelperText-contained MuiFormHelperText-filled Mui-required css-er619e-MuiFormHelperText-root"[39m
    [33mid[39m=[32m"_r_2bm_-helper-text"[39m
  [36m/>[39m

  Name "":
  [36m<p[39m
    [33mclass[39m=[32m"MuiFormHelperText-root MuiFormHelperText-sizeMedium MuiFormHelperText-contained MuiFormHelperText-filled Mui-required css-er619e-MuiFormHelperText-root"[39m
    [33mid[39m=[32m"_r_2bo_-helper-text"[39m
  [36m/>[39m

  Name "":
  [36m<p[39m
    [33mclass[39m=[32m"MuiFormHelperText-root MuiFormHelperText-sizeMedium MuiFormHelperText-contained MuiFormHelperText-filled Mui-required css-er619e-MuiFormHelperText-root"[39m
    [33mid[39m=[32m"_r_2bp_-helper-text"[39m
  [36m/>[39m

  Name "":
  [36m<p[39m
    [33mclass[39m=[32m"MuiFormHelperText-root MuiFormHelperText-sizeMedium MuiFormHelperText-contained MuiFormHelperText-filled Mui-required css-er619e-MuiFormHelperText-root"[39m
    [33mid[39m=[32m"_r_2br_-helper-text"[39m
  [36m/>[39m

  Name "":
  [36m<p[39m
    [33mclass[39m=[32m"MuiFormHelperText-root MuiFormHelperText-sizeMedium MuiFormHelperText-contained MuiFormHelperText-filled Mui-required css-er619e-MuiFormHelperText-root"[39m
    [33mid[39m=[32m"_r_2bs_-helper-text"[39m
  [36m/>[39m

  Name "":
  [36m<p[39m
    [33mclass[39m=[32m"MuiFormHelperText-root MuiFormHelperText-sizeMedium MuiFormHelperText-contained MuiFormHelperText-filled Mui-required css-er619e-MuiFormHelperText-root"[39m
    [33mid[39m=[32m"_r_2bu_-helper-text"[39m
  [36m/>[39m

  Name "":
  [36m<p[39m
    [33mclass[39m=[32m"MuiFormHelperText-root MuiFormHelperText-sizeMedium MuiFormHelperText-contained MuiFormHelperText-filled Mui-required css-er619e-MuiFormHelperText-root"[39m
    [33mid[39m=[32m"_r_2bv_-helper-text"[39m
  [36m/>[39m

  Name "":
  [36m<p[39m
    [33mclass[39m=[32m"MuiFormHelperText-root MuiFormHelperText-sizeMedium MuiFormHelperText-contained MuiFormHelperText-filled Mui-required css-er619e-MuiFormHelperText-root"[39m
    [33mid[39m=[32m"_r_2c1_-helper-text"[39m
  [36m/>[39m

  Name "":
  [36m<p[39m
    [33mclass[39m=[32m"MuiFormHelperText-root MuiFormHelperText-sizeMedium MuiFormHelperText-contained MuiFormHelperText-filled Mui-required css-er619e-MuiFormHelperText-root"[39m
    [33mid[39m=[32m"_r_2c2_-helper-text"[39m
  [36m/>[39m

  Name "":
  [36m<p[39m
    [33mclass[39m=[32m"MuiFormHelperText-root MuiFormHelperText-sizeMedium MuiFormHelperText-contained MuiFormHelperText-filled Mui-required css-er619e-MuiFormHelperText-root"[39m
    [33mid[39m=[32m"_r_2c4_-helper-text"[39m
  [36m/>[39m

  Name "":
  [36m<p[39m
    [33mclass[39m=[32m"MuiFormHelperText-root MuiFormHelperText-sizeMedium MuiFormHelperText-contained MuiFormHelperText-filled Mui-required css-er619e-MuiFormHelperText-root"[39m
    [33mid[39m=[32m"_r_2c5_-helper-text"[39m
  [36m/>[39m

  Name "":
  [36m<p[39m
    [33mclass[39m=[32m"MuiFormHelperText-root MuiFormHelperText-sizeMedium MuiFormHelperText-contained MuiFormHelperText-filled Mui-required css-er619e-MuiFormHelperText-root"[39m
    [33mid[39m=[32m"_r_2c7_-helper-text"[39m
  [36m/>[39m

  Name "":
  [36m<p[39m
    [33mclass[39m=[32m"MuiFormHelperText-root MuiFormHelperText-sizeMedium MuiFormHelperText-contained MuiFormHelperText-filled Mui-required css-er619e-MuiFormHelperText-root"[39m
    [33mid[39m=[32m"_r_2c8_-helper-text"[39m
  [36m/>[39m

  Name "":
  [36m<p[39m
    [33mclass[39m=[32m"MuiFormHelperText-root MuiFormHelperText-sizeMedium MuiFormHelperText-contained MuiFormHelperText-filled Mui-required css-er619e-MuiFormHelperText-root"[39m
    [33mid[39m=[32m"_r_2ca_-helper-text"[39m
  [36m/>[39m

  Name "":
  [36m<p[39m
    [33mclass[39m=[32m"MuiFormHelperText-root MuiFormHelperText-sizeMedium MuiFormHelperText-contained MuiFormHelperText-filled Mui-required css-er619e-MuiFormHelperText-root"[39m
    [33mid[39m=[32m"_r_2cb_-helper-text"[39m
  [36m/>[39m

  Name "":
  [36m<p[39m
    [33mclass[39m=[32m"MuiFormHelperText-root MuiFormHelperText-sizeMedium MuiFormHelperText-contained MuiFormHelperText-filled Mui-required css-er619e-MuiFormHelperText-root"[39m
    [33mid[39m=[32m"_r_2cd_-helper-text"[39m
  [36m/>[39m

  Name "":
  [36m<p[39m
    [33mclass[39m=[32m"MuiFormHelperText-root MuiFormHelperText-sizeMedium MuiFormHelperText-contained MuiFormHelperText-filled Mui-required css-er619e-MuiFormHelperText-root"[39m
    [33mid[39m=[32m"_r_2ce_-helper-text"[39m
  [36m/>[39m

  Name "":
  [36m<p[39m
    [33mclass[39m=[32m"MuiFormHelperText-root MuiFormHelperText-sizeMedium MuiFormHelperText-contained MuiFormHelperText-filled Mui-required css-er619e-MuiFormHelperText-root"[39m
    [33mid[39m=[32m"_r_2cg_-helper-text"[39m
  [36m/>[39m

  Name "":
  [36m<p[39m
    [33mclass[39m=[32m"MuiFormHelperText-root MuiFormHelperText-sizeMedium MuiFormHelperText-contained MuiFormHelperText-filled Mui-required css-er619e-MuiFormHelperText-root"[39m
    [33mid[39m=[32m"_r_2ch_-helper-text"[39m
  [36m/>[39m

  Name "":
  [36m<p[39m
    [33mclass[39m=[32m"MuiFormHelperText-root MuiFormHelperText-sizeMedium MuiFormHelperText-contained MuiFormHelperText-filled Mui-required css-er619e-MuiFormHelperText-root"[39m
    [33mid[39m=[32m"_r_2cj_-helper-text"[39m
  [36m/>[39m

  Name "":
  [36m<p[39m
    [33mclass[39m=[32m"MuiFormHelperText-root MuiFormHelperText-sizeMedium MuiFormHelperText-contained MuiFormHelperText-filled Mui-required css-er619e-MuiFormHelperText-root"[39m
    [33mid[39m=[32m"_r_2ck_-helper-text"[39m
  [36m/>[39m

  Name "":
  [36m<p[39m
    [33mclass[39m=[32m"MuiFormHelperText-root MuiFormHelperText-sizeMedium MuiFormHelperText-contained MuiFormHelperText-filled Mui-required css-er619e-MuiFormHelperText-root"[39m
    [33mid[39m=[32m"_r_2cm_-helper-text"[39m
  [36m/>[39m

  Name "":
  [36m<p[39m
    [33mclass[39m=[32m"MuiFormHelperText-root MuiFormHelperText-sizeMedium MuiFormHelperText-contained MuiFormHelperText-filled Mui-required css-er619e-MuiFormHelperText-root"[39m
    [33mid[39m=[32m"_r_2cn_-helper-text"[39m
  [36m/>[39m

  Name "":
  [36m<p[39m
    [33mclass[39m=[32m"MuiFormHelperText-root MuiFormHelperText-sizeMedium MuiFormHelperText-contained MuiFormHelperText-filled Mui-required css-er619e-MuiFormHelperText-root"[39m
    [33mid[39m=[32m"_r_2cp_-helper-text"[39m
  [36m/>[39m

  Name "":
  [36m<p[39m
    [33mclass[39m=[32m"MuiFormHelperText-root MuiFormHelperText-sizeMedium MuiFormHelperText-contained MuiFormHelperText-filled Mui-required css-er619e-MuiFormHelperText-root"[39m
    [33mid[39m=[32m"_r_2cq_-helper-text"[39m
  [36m/>[39m

  Name "":
  [36m<p[39m
    [33mclass[39m=[32m"MuiFormHelperText-root MuiFormHelperText-sizeMedium MuiFormHelperText-contained MuiFormHelperText-filled Mui-required css-er619e-MuiFormHelperText-root"[39m
    [33mid[39m=[32m"_r_2cs_-helper-text"[39m
  [36m/>[39m

  Name "":
  [36m<p[39m
    [33mclass[39m=[32m"MuiFormHelperText-root MuiFormHelperText-sizeMedium MuiFormHelperText-contained MuiFormHelperText-filled Mui-required css-er619e-MuiFormHelperText-root"[39m
    [33mid[39m=[32m"_r_2ct_-helper-text"[39m
  [36m/>[39m

  Name "":
  [36m<p[39m
    [33mclass[39m=[32m"MuiFormHelperText-root MuiFormHelperText-sizeMedium MuiFormHelperText-contained MuiFormHelperText-filled Mui-required css-er619e-MuiFormHelperText-root"[39m
    [33mid[39m=[32m"_r_2cv_-helper-text"[39m
  [36m/>[39m

  Name "":
  [36m<p[39m
    [33mclass[39m=[32m"MuiFormHelperText-root MuiFormHelperText-sizeMedium MuiFormHelperText-contained MuiFormHelperText-filled Mui-required css-er619e-MuiFormHelperText-root"[39m
    [33mid[39m=[32m"_r_2d0_-helper-text"[39m
  [36m/>[39m

  Name "":
  [36m<p[39m
    [33mclass[39m=[32m"MuiFormHelperText-root MuiFormHelperText-sizeMedium MuiFormHelperText-contained MuiFormHelperText-filled Mui-required css-er619e-MuiFormHelperText-root"[39m
    [33mid[39m=[32m"_r_2d2_-helper-text"[39m
  [36m/>[39m

  Name "":
  [36m<p[39m
    [33mclass[39m=[32m"MuiFormHelperText-root MuiFormHelperText-sizeMedium MuiFormHelperText-contained MuiFormHelperText-filled Mui-required css-er619e-MuiFormHelperText-root"[39m
    [33mid[39m=[32m"_r_2d3_-helper-text"[39m
  [36m/>[39m

  Name "":
  [36m<p[39m
    [33mclass[39m=[32m"MuiFormHelperText-root MuiFormHelperText-sizeMedium MuiFormHelperText-contained MuiFormHelperText-filled Mui-required css-er619e-MuiFormHelperText-root"[39m
    [33mid[39m=[32m"_r_2d5_-helper-text"[39m
  [36m/>[39m

  Name "":
  [36m<p[39m
    [33mclass[39m=[32m"MuiFormHelperText-root MuiFormHelperText-sizeMedium MuiFormHelperText-contained MuiFormHelperText-filled Mui-required css-er619e-MuiFormHelperText-root"[39m
    [33mid[39m=[32m"_r_2d6_-helper-text"[39m
  [36m/>[39m

  Name "":
  [36m<p[39m
    [33mclass[39m=[32m"MuiFormHelperText-root MuiFormHelperText-sizeMedium MuiFormHelperText-contained MuiFormHelperText-filled Mui-required css-er619e-MuiFormHelperText-root"[39m
    [33mid[39m=[32m"_r_2d8_-helper-text"[39m
  [36m/>[39m

  Name "":
  [36m<p[39m
    [33mclass[39m=[32m"MuiFormHelperText-root MuiFormHelperText-sizeMedium MuiFormHelperText-contained MuiFormHelperText-filled Mui-required css-er619e-MuiFormHelperText-root"[39m
    [33mid[39m=[32m"_r_2d9_-helper-text"[39m
  [36m/>[39m

  Name "":
  [36m<p[39m
    [33mclass[39m=[32m"MuiFormHelperText-root MuiFormHelperText-sizeMedium MuiFormHelperText-contained MuiFormHelperText-filled Mui-required css-er619e-MuiFormHelperText-root"[39m
    [33mid[39m=[32m"_r_2db_-helper-text"[39m
  [36m/>[39m

  Name "":
  [36m<p[39m
    [33mclass[39m=[32m"MuiFormHelperText-root MuiFormHelperText-sizeMedium MuiFormHelperText-contained MuiFormHelperText-filled Mui-required css-er619e-MuiFormHelperText-root"[39m
    [33mid[39m=[32m"_r_2dc_-helper-text"[39m
  [36m/>[39m

  Name "":
  [36m<p[39m
    [33mclass[39m=[32m"MuiFormHelperText-root MuiFormHelperText-sizeMedium MuiFormHelperText-contained MuiFormHelperText-filled Mui-required css-er619e-MuiFormHelperText-root"[39m
    [33mid[39m=[32m"_r_2de_-helper-text"[39m
  [36m/>[39m

  Name "":
  [36m<p[39m
    [33mclass[39m=[32m"MuiFormHelperText-root MuiFormHelperText-sizeMedium MuiFormHelperText-contained MuiFormHelperText-filled Mui-required css-er619e-MuiFormHelperText-root"[39m
    [33mid[39m=[32m"_r_2df_-helper-text"[39m
  [36m/>[39m

  Name "":
  [36m<p[39m
    [33mclass[39m=[32m"MuiFormHelperText-root MuiFormHelperText-sizeMedium MuiFormHelperText-contained MuiFormHelperText-filled Mui-required css-er619e-MuiFormHelperText-root"[39m
    [33mid[39m=[32m"_r_2dh_-helper-text"[39m
  [36m/>[39m

  Name "":
  [36m<p[39m
    [33mclass[39m=[32m"MuiFormHelperText-root MuiFormHelperText-sizeMedium MuiFormHelperText-contained MuiFormHelperText-filled Mui-required css-er619e-MuiFormHelperText-root"[39m
    [33mid[39m=[32m"_r_2di_-helper-text"[39m
  [36m/>[39m

  Name "":
  [36m<p[39m
    [33mclass[39m=[32m"MuiFormHelperText-root MuiFormHelperText-sizeMedium MuiFormHelperText-contained MuiFormHelperText-filled Mui-required css-er619e-MuiFormHelperText-root"[39m
    [33mid[39m=[32m"_r_2dk_-helper-text"[39m
  [36m/>[39m

  Name "":
  [36m<p[39m
    [33mclass[39m=[32m"MuiFormHelperText-root MuiFormHelperText-sizeMedium MuiFormHelperText-contained MuiFormHelperText-filled Mui-required css-er619e-MuiFormHelperText-root"[39m
    [33mid[39m=[32m"_r_2dl_-helper-text"[39m
  [36m/>[39m

  Name "":
  [36m<p[39m
    [33mclass[39m=[32m"MuiFormHelperText-root MuiFormHelperText-sizeMedium MuiFormHelperText-contained MuiFormHelperText-filled Mui-required css-er619e-MuiFormHelperText-root"[39m
    [33mid[39m=[32m"_r_2dn_-helper-text"[39m
  [36m/>[39m

  Name "":
  [36m<p[39m
    [33mclass[39m=[32m"MuiFormHelperText-root MuiFormHelperText-sizeMedium MuiFormHelperText-contained MuiFormHelperText-filled Mui-required css-er619e-MuiFormHelperText-root"[39m
    [33mid[39m=[32m"_r_2do_-helper-text"[39m
  [36m/>[39m

  Name "":
  [36m<p[39m
    [33mclass[39m=[32m"MuiFormHelperText-root MuiFormHelperText-sizeMedium MuiFormHelperText-contained MuiFormHelperText-filled Mui-required css-er619e-MuiFormHelperText-root"[39m
    [33mid[39m=[32m"_r_2dq_-helper-text"[39m
  [36m/>[39m

  Name "":
  [36m<p[39m
    [33mclass[39m=[32m"MuiFormHelperText-root MuiFormHelperText-sizeMedium MuiFormHelperText-contained MuiFormHelperText-filled Mui-required css-er619e-MuiFormHelperText-root"[39m
    [33mid[39m=[32m"_r_2dr_-helper-text"[39m
  [36m/>[39m

  Name "":
  [36m<p[39m
    [33mclass[39m=[32m"MuiFormHelperText-root MuiFormHelperText-sizeMedium MuiFormHelperText-contained MuiFormHelperText-filled Mui-required css-er619e-MuiFormHelperText-root"[39m
    [33mid[39m=[32m"_r_2dt_-helper-text"[39m
  [36m/>[39m

  Name "":
  [36m<p[39m
    [33mclass[39m=[32m"MuiFormHelperText-root MuiFormHelperText-sizeMedium MuiFormHelperText-contained MuiFormHelperText-filled Mui-required css-er619e-MuiFormHelperText-root"[39m
    [33mid[39m=[32m"_r_2du_-helper-text"[39m
  [36m/>[39m

  Name "":
  [36m<p[39m
    [33mclass[39m=[32m"MuiFormHelperText-root MuiFormHelperText-sizeMedium MuiFormHelperText-contained MuiFormHelperText-filled Mui-required css-er619e-MuiFormHelperText-root"[39m
    [33mid[39m=[32m"_r_2e0_-helper-text"[39m
  [36m/>[39m

  Name "":
  [36m<p[39m
    [33mclass[39m=[32m"MuiFormHelperText-root MuiFormHelperText-sizeMedium MuiFormHelperText-contained MuiFormHelperText-filled Mui-required css-er619e-MuiFormHelperText-root"[39m
    [33mid[39m=[32m"_r_2e1_-helper-text"[39m
  [36m/>[39m

  Name "":
  [36m<p[39m
    [33mclass[39m=[32m"MuiFormHelperText-root MuiFormHelperText-sizeMedium MuiFormHelperText-contained MuiFormHelperText-filled Mui-required css-er619e-MuiFormHelperText-root"[39m
    [33mid[39m=[32m"_r_2e3_-helper-text"[39m
  [36m/>[39m

  Name "":
  [36m<p[39m
    [33mclass[39m=[32m"MuiFormHelperText-root MuiFormHelperText-sizeMedium MuiFormHelperText-contained MuiFormHelperText-filled Mui-required css-er619e-MuiFormHelperText-root"[39m
    [33mid[39m=[32m"_r_2e4_-helper-text"[39m
  [36m/>[39m

  Name "":
  [36m<p[39m
    [33mclass[39m=[32m"MuiFormHelperText-root MuiFormHelperText-sizeMedium MuiFormHelperText-contained MuiFormHelperText-filled Mui-required css-er619e-MuiFormHelperText-root"[39m
    [33mid[39m=[32m"_r_2e6_-helper-text"[39m
  [36m/>[39m

  Name "":
  [36m<p[39m
    [33mclass[39m=[32m"MuiFormHelperText-root MuiFormHelperText-sizeMedium MuiFormHelperText-contained MuiFormHelperText-filled Mui-required css-er619e-MuiFormHelperText-root"[39m
    [33mid[39m=[32m"_r_2e7_-helper-text"[39m
  [36m/>[39m

  Name "":
  [36m<p[39m
    [33mclass[39m=[32m"MuiFormHelperText-root MuiFormHelperText-sizeMedium MuiFormHelperText-contained MuiFormHelperText-filled Mui-required css-er619e-MuiFormHelperText-root"[39m
    [33mid[39m=[32m"_r_2e9_-helper-text"[39m
  [36m/>[39m

  Name "":
  [36m<p[39m
    [33mclass[39m=[32m"MuiFormHelperText-root MuiFormHelperText-sizeMedium MuiFormHelperText-contained MuiFormHelperText-filled Mui-required css-er619e-MuiFormHelperText-root"[39m
    [33mid[39m=[32m"_r_2ea_-helper-text"[39m
  [36m/>[39m

  Name "":
  [36m<p[39m
    [33mclass[39m=[32m"MuiFormHelperText-root MuiFormHelperText-sizeMedium MuiFormHelperText-contained MuiFormHelperText-filled Mui-required css-er619e-MuiFormHelperText-root"[39m
    [33mid[39m=[32m"_r_2ec_-helper-text"[39m
  [36m/>[39m

  Name "":
  [36m<p[39m
    [33mclass[39m=[32m"MuiFormHelperText-root MuiFormHelperText-sizeMedium MuiFormHelperText-contained MuiFormHelperText-filled Mui-required css-er619e-MuiFormHelperText-root"[39m
    [33mid[39m=[32m"_r_2ed_-helper-text"[39m
  [36m/>[39m

  Name "":
  [36m<p[39m
    [33mclass[39m=[32m"MuiFormHelperText-root MuiFormHelperText-sizeMedium MuiFormHelperText-contained MuiFormHelperText-filled Mui-required css-er619e-MuiFormHelperText-root"[39m
    [33mid[39m=[32m"_r_2ef_-helper-text"[39m
  [36m/>[39m

  Name "":
  [36m<p[39m
    [33mclass[39m=[32m"MuiFormHelperText-root MuiFormHelperText-sizeMedium MuiFormHelperText-contained MuiFormHelperText-filled Mui-required css-er619e-MuiFormHelperText-root"[39m
    [33mid[39m=[32m"_r_2eg_-helper-text"[39m
  [36m/>[39m

  Name "":
  [36m<p[39m
    [33mclass[39m=[32m"MuiFormHelperText-root MuiFormHelperText-sizeMedium MuiFormHelperText-contained MuiFormHelperText-filled Mui-required css-er619e-MuiFormHelperText-root"[39m
    [33mid[39m=[32m"_r_2ei_-helper-text"[39m
  [36m/>[39m

  Name "":
  [36m<p[39m
    [33mclass[39m=[32m"MuiFormHelperText-root MuiFormHelperText-sizeMedium MuiFormHelperText-contained MuiFormHelperText-filled Mui-required css-er619e-MuiFormHelperText-root"[39m
    [33mid[39m=[32m"_r_2ej_-helper-text"[39m
  [36m/>[39m

  Name "":
  [36m<p[39m
    [33mclass[39m=[32m"MuiFormHelperText-root MuiFormHelperText-sizeMedium MuiFormHelperText-contained MuiFormHelperText-filled Mui-required css-er619e-MuiFormHelperText-root"[39m
    [33mid[39m=[32m"_r_2el_-helper-text"[39m
  [36m/>[39m

  Name "":
  [36m<p[39m
    [33mclass[39m=[32m"MuiFormHelperText-root MuiFormHelperText-sizeMedium MuiFormHelperText-contained MuiFormHelperText-filled Mui-required css-er619e-MuiFormHelperText-root"[39m
    [33mid[39m=[32m"_r_2em_-helper-text"[39m
  [36m/>[39m

  Name "":
  [36m<p[39m
    [33mclass[39m=[32m"MuiFormHelperText-root MuiFormHelperText-sizeMedium MuiFormHelperText-contained MuiFormHelperText-filled Mui-required css-er619e-MuiFormHelperText-root"[39m
    [33mid[39m=[32m"_r_2eo_-helper-text"[39m
  [36m/>[39m

  Name "":
  [36m<p[39m
    [33mclass[39m=[32m"MuiFormHelperText-root MuiFormHelperText-sizeMedium MuiFormHelperText-contained MuiFormHelperText-filled Mui-required css-er619e-MuiFormHelperText-root"[39m
    [33mid[39m=[32m"_r_2ep_-helper-text"[39m
  [36m/>[39m

  Name "":
  [36m<p[39m
    [33mclass[39m=[32m"MuiFormHelperText-root MuiFormHelperText-sizeMedium MuiFormHelperText-contained MuiFormHelperText-filled Mui-required css-er619e-MuiFormHelperText-root"[39m
    [33mid[39m=[32m"_r_2er_-helper-text"[39m
  [36m/>[39m

  Name "":
  [36m<p[39m
    [33mclass[39m=[32m"MuiFormHelperText-root MuiFormHelperText-sizeMedium MuiFormHelperText-contained MuiFormHelperText-filled Mui-required css-er619e-MuiFormHelperText-root"[39m
    [33mid[39m=[32m"_r_2es_-helper-text"[39m
  [36m/>[39m

  Name "":
  [36m<p[39m
    [33mclass[39m=[32m"MuiFormHelperText-root MuiFormHelperText-sizeMedium MuiFormHelperText-contained MuiFormHelperText-filled Mui-required css-er619e-MuiFormHelperText-root"[39m
    [33mid[39m=[32m"_r_2eu_-helper-text"[39m
  [36m/>[39m

  Name "":
  [36m<p[39m
    [33mclass[39m=[32m"MuiFormHelperText-root MuiFormHelperText-sizeMedium MuiFormHelperText-contained MuiFormHelperText-filled Mui-required css-er619e-MuiFormHelperText-root"[39m
    [33mid[39m=[32m"_r_2ev_-helper-text"[39m
  [36m/>[39m

  Name "":
  [36m<p[39m
    [33mclass[39m=[32m"MuiFormHelperText-root MuiFormHelperText-sizeMedium MuiFormHelperText-contained MuiFormHelperText-filled Mui-required css-er619e-MuiFormHelperText-root"[39m
    [33mid[39m=[32m"_r_2f1_-helper-text"[39m
  [36m/>[39m

  Name "":
  [36m<p[39m
    [33mclass[39m=[32m"MuiFormHelperText-root MuiFormHelperText-sizeMedium MuiFormHelperText-contained MuiFormHelperText-filled Mui-required css-er619e-MuiFormHelperText-root"[39m
    [33mid[39m=[32m"_r_2f2_-helper-text"[39m
  [36m/>[39m

  Name "":
  [36m<p[39m
    [33mclass[39m=[32m"MuiFormHelperText-root MuiFormHelperText-sizeMedium MuiFormHelperText-contained MuiFormHelperText-filled Mui-required css-er619e-MuiFormHelperText-root"[39m
    [33mid[39m=[32m"_r_2f4_-helper-text"[39m
  [36m/>[39m

  Name "":
  [36m<p[39m
    [33mclass[39m=[32m"MuiFormHelperText-root MuiFormHelperText-sizeMedium MuiFormHelperText-contained MuiFormHelperText-filled Mui-required css-er619e-MuiFormHelperText-root"[39m
    [33mid[39m=[32m"_r_2f5_-helper-text"[39m
  [36m/>[39m

  Name "":
  [36m<p[39m
    [33mclass[39m=[32m"MuiFormHelperText-root MuiFormHelperText-sizeMedium MuiFormHelperText-contained MuiFormHelperText-filled Mui-required css-er619e-MuiFormHelperText-root"[39m
    [33mid[39m=[32m"_r_2f7_-helper-text"[39m
  [36m/>[39m

  Name "":
  [36m<p[39m
    [33mclass[39m=[32m"MuiFormHelperText-root MuiFormHelperText-sizeMedium MuiFormHelperText-contained MuiFormHelperText-filled Mui-required css-er619e-MuiFormHelperText-root"[39m
    [33mid[39m=[32m"_r_2f8_-helper-text"[39m
  [36m/>[39m

  Name "":
  [36m<p[39m
    [33mclass[39m=[32m"MuiFormHelperText-root MuiFormHelperText-sizeMedium MuiFormHelperText-contained MuiFormHelperText-filled Mui-required css-er619e-MuiFormHelperText-root"[39m
    [33mid[39m=[32m"_r_2fa_-helper-text"[39m
  [36m/>[39m

  Name "":
  [36m<p[39m
    [33mclass[39m=[32m"MuiFormHelperText-root MuiFormHelperText-sizeMedium MuiFormHelperText-contained MuiFormHelperText-filled Mui-required css-er619e-MuiFormHelperText-root"[39m
    [33mid[39m=[32m"_r_2fb_-helper-text"[39m
  [36m/>[39m

  Name "":
  [36m<p[39m
    [33mclass[39m=[32m"MuiFormHelperText-root MuiFormHelperText-sizeMedium MuiFormHelperText-contained MuiFormHelperText-filled Mui-required css-er619e-MuiFormHelperText-root"[39m
    [33mid[39m=[32m"_r_2fd_-helper-text"[39m
  [36m/>[39m

  Name "":
  [36m<p[39m
    [33mclass[39m=[32m"MuiFormHelperText-root MuiFormHelperText-sizeMedium MuiFormHelperText-contained MuiFormHelperText-filled Mui-required css-er619e-MuiFormHelperText-root"[39m
    [33mid[39m=[32m"_r_2fe_-helper-text"[39m
  [36m/>[39m

  Name "":
  [36m<p[39m
    [33mclass[39m=[32m"MuiFormHelperText-root MuiFormHelperText-sizeMedium MuiFormHelperText-contained MuiFormHelperText-filled Mui-required css-er619e-MuiFormHelperText-root"[39m
    [33mid[39m=[32m"_r_2fg_-helper-text"[39m
  [36m/>[39m

  Name "":
  [36m<p[39m
    [33mclass[39m=[32m"MuiFormHelperText-root MuiFormHelperText-sizeMedium MuiFormHelperText-contained MuiFormHelperText-filled Mui-required css-er619e-MuiFormHelperText-root"[39m
    [33mid[39m=[32m"_r_2fh_-helper-text"[39m
  [36m/>[39m

  Name "":
  [36m<p[39m
    [33mclass[39m=[32m"MuiFormHelperText-root MuiFormHelperText-sizeMedium MuiFormHelperText-contained MuiFormHelperText-filled Mui-required css-er619e-MuiFormHelperText-root"[39m
    [33mid[39m=[32m"_r_2fj_-helper-text"[39m
  [36m/>[39m

  Name "":
  [36m<p[39m
    [33mclass[39m=[32m"MuiFormHelperText-root MuiFormHelperText-sizeMedium MuiFormHelperText-contained MuiFormHelperText-filled Mui-required css-er619e-MuiFormHelperText-root"[39m
    [33mid[39m=[32m"_r_2fk_-helper-text"[39m
  [36m/>[39m

  Name "":
  [36m<p[39m
    [33mclass[39m=[32m"MuiFormHelperText-root MuiFormHelperText-sizeMedium MuiFormHelperText-contained MuiFormHelperText-filled Mui-required css-er619e-MuiFormHelperText-root"[39m
    [33mid[39m=[32m"_r_2fm_-helper-text"[39m
  [36m/>[39m

  Name "":
  [36m<p[39m
    [33mclass[39m=[32m"MuiFormHelperText-root MuiFormHelperText-sizeMedium MuiFormHelperText-contained MuiFormHelperText-filled Mui-required css-er619e-MuiFormHelperText-root"[39m
    [33mid[39m=[32m"_r_2fn_-helper-text"[39m
  [36m/>[39m

  Name "":
  [36m<p[39m
    [33mclass[39m=[32m"MuiFormHelperText-root MuiFormHelperText-sizeMedium MuiFormHelperText-contained MuiFormHelperText-filled Mui-required css-er619e-MuiFormHelperText-root"[39m
    [33mid[39m=[32m"_r_2fp_-helper-text"[39m
  [36m/>[39m

  Name "":
  [36m<p[39m
    [33mclass[39m=[32m"MuiFormHelperText-root MuiFormHelperText-sizeMedium MuiFormHelperText-contained MuiFormHelperText-filled Mui-required css-er619e-MuiFormHelperText-root"[39m
    [33mid[39m=[32m"_r_2fq_-helper-text"[39m
  [36m/>[39m

  Name "":
  [36m<p[39m
    [33mclass[39m=[32m"MuiFormHelperText-root MuiFormHelperText-sizeMedium MuiFormHelperText-contained MuiFormHelperText-filled Mui-required css-er619e-MuiFormHelperText-root"[39m
    [33mid[39m=[32m"_r_2fs_-helper-text"[39m
  [36m/>[39m

  Name "":
  [36m<p[39m
    [33mclass[39m=[32m"MuiFormHelperText-root MuiFormHelperText-sizeMedium MuiFormHelperText-contained MuiFormHelperText-filled Mui-required css-er619e-MuiFormHelperText-root"[39m
    [33mid[39m=[32m"_r_2ft_-helper-text"[39m
  [36m/>[39m

  Name "":
  [36m<p[39m
    [33mclass[39m=[32m"MuiFormHelperText-root MuiFormHelperText-sizeMedium MuiFormHelperText-contained MuiFormHelperText-filled Mui-required css-er619e-MuiFormHelperText-root"[39m
    [33mid[39m=[32m"_r_2fv_-helper-text"[39m
  [36m/>[39m

  Name "":
  [36m<p[39m
    [33mclass[39m=[32m"MuiFormHelperText-root MuiFormHelperText-sizeMedium MuiFormHelperText-contained MuiFormHelperText-filled Mui-required css-er619e-MuiFormHelperText-root"[39m
    [33mid[39m=[32m"_r_2g0_-helper-text"[39m
  [36m/>[39m

  Name "":
  [36m<p[39m
    [33mclass[39m=[32m"MuiFormHelperText-root MuiFormHelperText-sizeMedium MuiFormHelperText-contained MuiFormHelperText-filled Mui-required css-er619e-MuiFormHelperText-root"[39m
    [33mid[39m=[32m"_r_2g2_-helper-text"[39m
  [36m/>[39m

  Name "":
  [36m<p[39m
    [33mclass[39m=[32m"MuiFormHelperText-root MuiFormHelperText-sizeMedium MuiFormHelperText-contained MuiFormHelperText-filled Mui-required css-er619e-MuiFormHelperText-root"[39m
    [33mid[39m=[32m"_r_2g3_-helper-text"[39m
  [36m/>[39m

  Name "":
  [36m<p[39m
    [33mclass[39m=[32m"MuiFormHelperText-root MuiFormHelperText-sizeMedium MuiFormHelperText-contained MuiFormHelperText-filled Mui-required css-er619e-MuiFormHelperText-root"[39m
    [33mid[39m=[32m"_r_2g5_-helper-text"[39m
  [36m/>[39m

  Name "":
  [36m<p[39m
    [33mclass[39m=[32m"MuiFormHelperText-root MuiFormHelperText-sizeMedium MuiFormHelperText-contained MuiFormHelperText-filled Mui-required css-er619e-MuiFormHelperText-root"[39m
    [33mid[39m=[32m"_r_2g6_-helper-text"[39m
  [36m/>[39m

  Name "":
  [36m<p[39m
    [33mclass[39m=[32m"MuiFormHelperText-root MuiFormHelperText-sizeMedium MuiFormHelperText-contained MuiFormHelperText-filled Mui-required css-er619e-MuiFormHelperText-root"[39m
    [33mid[39m=[32m"_r_2g8_-helper-text"[39m
  [36m/>[39m

  Name "":
  [36m<p[39m
    [33mclass[39m=[32m"MuiFormHelperText-root MuiFormHelperText-sizeMedium MuiFormHelperText-contained MuiFormHelperText-filled Mui-required css-er619e-MuiFormHelperText-root"[39m
    [33mid[39m=[32m"_r_2g9_-helper-text"[39m
  [36m/>[39m

  Name "":
  [36m<p[39m
    [33mclass[39m=[32m"MuiFormHelperText-root MuiFormHelperText-sizeMedium MuiFormHelperText-contained MuiFormHelperText-filled Mui-required css-er619e-MuiFormHelperText-root"[39m
    [33mid[39m=[32m"_r_2gb_-helper-text"[39m
  [36m/>[39m

  Name "":
  [36m<p[39m
    [33mclass[39m=[32m"MuiFormHelperText-root MuiFormHelperText-sizeMedium MuiFormHelperText-contained MuiFormHelperText-filled Mui-required css-er619e-MuiFormHelperText-root"[39m
    [33mid[39m=[32m"_r_2gc_-helper-text"[39m
  [36m/>[39m

  Name "":
  [36m<p[39m
    [33mclass[39m=[32m"MuiFormHelperText-root MuiFormHelperText-sizeMedium MuiFormHelperText-contained MuiFormHelperText-filled Mui-required css-er619e-MuiFormHelperText-root"[39m
    [33mid[39m=[32m"_r_2ge_-helper-text"[39m
  [36m/>[39m

  Name "":
  [36m<p[39m
    [33mclass[39m=[32m"MuiFormHelperText-root MuiFormHelperText-sizeMedium MuiFormHelperText-contained MuiFormHelperText-filled Mui-required css-er619e-MuiFormHelperText-root"[39m
    [33mid[39m=[32m"_r_2gf_-helper-text"[39m
  [36m/>[39m

  Name "":
  [36m<p[39m
    [33mclass[39m=[32m"MuiFormHelperText-root MuiFormHelperText-sizeMedium MuiFormHelperText-contained MuiFormHelperText-filled Mui-required css-er619e-MuiFormHelperText-root"[39m
    [33mid[39m=[32m"_r_2gh_-helper-text"[39m
  [36m/>[39m

  Name "":
  [36m<p[39m
    [33mclass[39m=[32m"MuiFormHelperText-root MuiFormHelperText-sizeMedium MuiFormHelperText-contained MuiFormHelperText-filled Mui-required css-er619e-MuiFormHelperText-root"[39m
    [33mid[39m=[32m"_r_2gi_-helper-text"[39m
  [36m/>[39m

  Name "":
  [36m<p[39m
    [33mclass[39m=[32m"MuiFormHelperText-root MuiFormHelperText-sizeMedium MuiFormHelperText-contained MuiFormHelperText-filled Mui-required css-er619e-MuiFormHelperText-root"[39m
    [33mid[39m=[32m"_r_2gk_-helper-text"[39m
  [36m/>[39m

  Name "":
  [36m<p[39m
    [33mclass[39m=[32m"MuiFormHelperText-root MuiFormHelperText-sizeMedium MuiFormHelperText-contained MuiFormHelperText-filled Mui-required css-er619e-MuiFormHelperText-root"[39m
    [33mid[39m=[32m"_r_2gl_-helper-text"[39m
  [36m/>[39m

  Name "":
  [36m<p[39m
    [33mclass[39m=[32m"MuiFormHelperText-root MuiFormHelperText-sizeMedium MuiFormHelperText-contained MuiFormHelperText-filled Mui-required css-er619e-MuiFormHelperText-root"[39m
    [33mid[39m=[32m"_r_2gn_-helper-text"[39m
  [36m/>[39m

  Name "":
  [36m<p[39m
    [33mclass[39m=[32m"MuiFormHelperText-root MuiFormHelperText-sizeMedium MuiFormHelperText-contained MuiFormHelperText-filled Mui-required css-er619e-MuiFormHelperText-root"[39m
    [33mid[39m=[32m"_r_2go_-helper-text"[39m
  [36m/>[39m

  Name "":
  [36m<p[39m
    [33mclass[39m=[32m"MuiFormHelperText-root MuiFormHelperText-sizeMedium MuiFormHelperText-contained MuiFormHelperText-filled Mui-required css-er619e-MuiFormHelperText-root"[39m
    [33mid[39m=[32m"_r_2gq_-helper-text"[39m
  [36m/>[39m

  Name "":
  [36m<p[39m
    [33mclass[39m=[32m"MuiFormHelperText-root MuiFormHelperText-sizeMedium MuiFormHelperText-contained MuiFormHelperText-filled Mui-required css-er619e-MuiFormHelperText-root"[39m
    [33mid[39m=[32m"_r_2gr_-helper-text"[39m
  [36m/>[39m

  Name "":
  [36m<p[39m
    [33mclass[39m=[32m"MuiFormHelperText-root MuiFormHelperText-sizeMedium MuiFormHelperText-contained MuiFormHelperText-filled Mui-required css-er619e-MuiFormHelperText-root"[39m
    [33mid[39m=[32m"_r_2gt_-helper-text"[39m
  [36m/>[39m

  Name "":
  [36m<p[39m
    [33mclass[39m=[32m"MuiFormHelperText-root MuiFormHelperText-sizeMedium MuiFormHelperText-contained MuiFormHelperText-filled Mui-required css-er619e-MuiFormHelperText-root"[39m
    [33mid[39m=[32m"_r_2gu_-helper-text"[39m
  [36m/>[39m

  Name "":
  [36m<p[39m
    [33mclass[39m=[32m"MuiFormHelperText-root MuiFormHelperText-sizeMedium MuiFormHelperText-contained MuiFormHelperText-filled Mui-required css-er619e-MuiFormHelperText-root"[39m
    [33mid[39m=[32m"_r_2h0_-helper-text"[39m
  [36m/>[39m

  Name "":
  [36m<p[39m
    [33mclass[39m=[32m"MuiFormHelperText-root MuiFormHelperText-sizeMedium MuiFormHelperText-contained MuiFormHelperText-filled Mui-required css-er619e-MuiFormHelperText-root"[39m
    [33mid[39m=[32m"_r_2h1_-helper-text"[39m
  [36m/>[39m

  Name "":
  [36m<p[39m
    [33mclass[39m=[32m"MuiFormHelperText-root MuiFormHelperText-sizeMedium MuiFormHelperText-contained MuiFormHelperText-filled Mui-required css-er619e-MuiFormHelperText-root"[39m
    [33mid[39m=[32m"_r_2h3_-helper-text"[39m
  [36m/>[39m

  Name "":
  [36m<p[39m
    [33mclass[39m=[32m"MuiFormHelperText-root MuiFormHelperText-sizeMedium MuiFormHelperText-contained MuiFormHelperText-filled Mui-required css-er619e-MuiFormHelperText-root"[39m
    [33mid[39m=[32m"_r_2h4_-helper-text"[39m
  [36m/>[39m

  Name "":
  [36m<p[39m
    [33mclass[39m=[32m"MuiFormHelperText-root MuiFormHelperText-sizeMedium MuiFormHelperText-contained MuiFormHelperText-filled Mui-required css-er619e-MuiFormHelperText-root"[39m
    [33mid[39m=[32m"_r_2h6_-helper-text"[39m
  [36m/>[39m

  Name "":
  [36m<p[39m
    [33mclass[39m=[32m"MuiFormHelperText-root MuiFormHelperText-sizeMedium MuiFormHelperText-contained MuiFormHelperText-filled Mui-required css-er619e-MuiFormHelperText-root"[39m
    [33mid[39m=[32m"_r_2h7_-helper-text"[39m
  [36m/>[39m

  Name "":
  [36m<p[39m
    [33mclass[39m=[32m"MuiFormHelperText-root MuiFormHelperText-sizeMedium MuiFormHelperText-contained MuiFormHelperText-filled Mui-required css-er619e-MuiFormHelperText-root"[39m
    [33mid[39m=[32m"_r_2h9_-helper-text"[39m
  [36m/>[39m

  Name "":
  [36m<p[39m
    [33mclass[39m=[32m"MuiFormHelperText-root MuiFormHelperText-sizeMedium MuiFormHelperText-contained MuiFormHelperText-filled Mui-required css-er619e-MuiFormHelperText-root"[39m
    [33mid[39m=[32m"_r_2ha_-helper-text"[39m
  [36m/>[39m

  Name "":
  [36m<p[39m
    [33mclass[39m=[32m"MuiFormHelperText-root MuiFormHelperText-sizeMedium MuiFormHelperText-contained MuiFormHelperText-filled Mui-required css-er619e-MuiFormHelperText-root"[39m
    [33mid[39m=[32m"_r_2hc_-helper-text"[39m
  [36m/>[39m

  Name "":
  [36m<p[39m
    [33mclass[39m=[32m"MuiFormHelperText-root MuiFormHelperText-sizeMedium MuiFormHelperText-contained MuiFormHelperText-filled Mui-required css-er619e-MuiFormHelperText-root"[39m
    [33mid[39m=[32m"_r_2hd_-helper-text"[39m
  [36m/>[39m

  Name "":
  [36m<p[39m
    [33mclass[39m=[32m"MuiFormHelperText-root MuiFormHelperText-sizeMedium MuiFormHelperText-contained MuiFormHelperText-filled Mui-required css-er619e-MuiFormHelperText-root"[39m
    [33mid[39m=[32m"_r_2hf_-helper-text"[39m
  [36m/>[39m

  Name "":
  [36m<p[39m
    [33mclass[39m=[32m"MuiFormHelperText-root MuiFormHelperText-sizeMedium MuiFormHelperText-contained MuiFormHelperText-filled Mui-required css-er619e-MuiFormHelperText-root"[39m
    [33mid[39m=[32m"_r_2hg_-helper-text"[39m
  [36m/>[39m

  Name "":
  [36m<p[39m
    [33mclass[39m=[32m"MuiFormHelperText-root MuiFormHelperText-sizeMedium MuiFormHelperText-contained MuiFormHelperText-filled Mui-required css-er619e-MuiFormHelperText-root"[39m
    [33mid[39m=[32m"_r_2hi_-helper-text"[39m
  [36m/>[39m

  Name "":
  [36m<p[39m
    [33mclass[39m=[32m"MuiFormHelperText-root MuiFormHelperText-sizeMedium MuiFormHelperText-contained MuiFormHelperText-filled Mui-required css-er619e-MuiFormHelperText-root"[39m
    [33mid[39m=[32m"_r_2hj_-helper-text"[39m
  [36m/>[39m

  Name "":
  [36m<p[39m
    [33mclass[39m=[32m"MuiFormHelperText-root MuiFormHelperText-sizeMedium MuiFormHelperText-contained MuiFormHelperText-filled Mui-required css-er619e-MuiFormHelperText-root"[39m
    [33mid[39m=[32m"_r_2hl_-helper-text"[39m
  [36m/>[39m

  Name "":
  [36m<p[39m
    [33mclass[39m=[32m"MuiFormHelperText-root MuiFormHelperText-sizeMedium MuiFormHelperText-contained MuiFormHelperText-filled Mui-required css-er619e-MuiFormHelperText-root"[39m
    [33mid[39m=[32m"_r_2hm_-helper-text"[39m
  [36m/>[39m

  Name "":
  [36m<p[39m
    [33mclass[39m=[32m"MuiFormHelperText-root MuiFormHelperText-sizeMedium MuiFormHelperText-contained MuiFormHelperText-filled Mui-required css-er619e-MuiFormHelperText-root"[39m
    [33mid[39m=[32m"_r_2ho_-helper-text"[39m
  [36m/>[39m

  Name "":
  [36m<p[39m
    [33mclass[39m=[32m"MuiFormHelperText-root MuiFormHelperText-sizeMedium MuiFormHelperText-contained MuiFormHelperText-filled Mui-required css-er619e-MuiFormHelperText-root"[39m
    [33mid[39m=[32m"_r_2hp_-helper-text"[39m
  [36m/>[39m

  Name "":
  [36m<p[39m
    [33mclass[39m=[32m"MuiFormHelperText-root MuiFormHelperText-sizeMedium MuiFormHelperText-contained MuiFormHelperText-filled Mui-required css-er619e-MuiFormHelperText-root"[39m
    [33mid[39m=[32m"_r_2hr_-helper-text"[39m
  [36m/>[39m

  Name "":
  [36m<p[39m
    [33mclass[39m=[32m"MuiFormHelperText-root MuiFormHelperText-sizeMedium MuiFormHelperText-contained MuiFormHelperText-filled Mui-required css-er619e-MuiFormHelperText-root"[39m
    [33mid[39m=[32m"_r_2hs_-helper-text"[39m
  [36m/>[39m

  Name "":
  [36m<p[39m
    [33mclass[39m=[32m"MuiFormHelperText-root MuiFormHelperText-sizeMedium MuiFormHelperText-contained MuiFormHelperText-filled Mui-required css-er619e-MuiFormHelperText-root"[39m
    [33mid[39m=[32m"_r_2hu_-helper-text"[39m
  [36m/>[39m

  Name "":
  [36m<p[39m
    [33mclass[39m=[32m"MuiFormHelperText-root MuiFormHelperText-sizeMedium MuiFormHelperText-contained MuiFormHelperText-filled Mui-required css-er619e-MuiFormHelperText-root"[39m
    [33mid[39m=[32m"_r_2hv_-helper-text"[39m
  [36m/>[39m

  Name "":
  [36m<p[39m
    [33mclass[39m=[32m"MuiFormHelperText-root MuiFormHelperText-sizeMedium MuiFormHelperText-contained MuiFormHelperText-filled Mui-required css-er619e-MuiFormHelperText-root"[39m
    [33mid[39m=[32m"_r_2i1_-helper-text"[39m
  [36m/>[39m

  Name "":
  [36m<p[39m
    [33mclass[39m=[32m"MuiFormHelperText-root MuiFormHelperText-sizeMedium MuiFormHelperText-contained MuiFormHelperText-filled Mui-required css-er619e-MuiFormHelperText-root"[39m
    [33mid[39m=[32m"_r_2i2_-helper-text"[39m
  [36m/>[39m

  Name "":
  [36m<p[39m
    [33mclass[39m=[32m"MuiFormHelperText-root MuiFormHelperText-sizeMedium MuiFormHelperText-contained MuiFormHelperText-filled Mui-required css-er619e-MuiFormHelperText-root"[39m
    [33mid[39m=[32m"_r_2i4_-helper-text"[39m
  [36m/>[39m

  Name "":
  [36m<p[39m
    [33mclass[39m=[32m"MuiFormHelperText-root MuiFormHelperText-sizeMedium MuiFormHelperText-contained MuiFormHelperText-filled Mui-required css-er619e-MuiFormHelperText-root"[39m
    [33mid[39m=[32m"_r_2i5_-helper-text"[39m
  [36m/>[39m

  Name "":
  [36m<p[39m
    [33mclass[39m=[32m"MuiFormHelperText-root MuiFormHelperText-sizeMedium MuiFormHelperText-contained MuiFormHelperText-filled Mui-required css-er619e-MuiFormHelperText-root"[39m
    [33mid[39m=[32m"_r_2i7_-helper-text"[39m
  [36m/>[39m

  Name "":
  [36m<p[39m
    [33mclass[39m=[32m"MuiFormHelperText-root MuiFormHelperText-sizeMedium MuiFormHelperText-contained MuiFormHelperText-filled Mui-required css-er619e-MuiFormHelperText-root"[39m
    [33mid[39m=[32m"_r_2i8_-helper-text"[39m
  [36m/>[39m

  Name "":
  [36m<p[39m
    [33mclass[39m=[32m"MuiFormHelperText-root MuiFormHelperText-sizeMedium MuiFormHelperText-contained MuiFormHelperText-filled Mui-required css-er619e-MuiFormHelperText-root"[39m
    [33mid[39m=[32m"_r_2ia_-helper-text"[39m
  [36m/>[39m

  Name "":
  [36m<p[39m
    [33mclass[39m=[32m"MuiFormHelperText-root MuiFormHelperText-sizeMedium MuiFormHelperText-contained MuiFormHelperText-filled Mui-required css-er619e-MuiFormHelperText-root"[39m
    [33mid[39m=[32m"_r_2ib_-helper-text"[39m
  [36m/>[39m

  Name "":
  [36m<p[39m
    [33mclass[39m=[32m"MuiFormHelperText-root MuiFormHelperText-sizeMedium MuiFormHelperText-contained MuiFormHelperText-filled Mui-required css-er619e-MuiFormHelperText-root"[39m
    [33mid[39m=[32m"_r_2id_-helper-text"[39m
  [36m/>[39m

  Name "":
  [36m<p[39m
    [33mclass[39m=[32m"MuiFormHelperText-root MuiFormHelperText-sizeMedium MuiFormHelperText-contained MuiFormHelperText-filled Mui-required css-er619e-MuiFormHelperText-root"[39m
    [33mid[39m=[32m"_r_2ie_-helper-text"[39m
  [36m/>[39m

  Name "":
  [36m<p[39m
    [33mclass[39m=[32m"MuiFormHelperText-root MuiFormHelperText-sizeMedium MuiFormHelperText-contained MuiFormHelperText-filled Mui-required css-er619e-MuiFormHelperText-root"[39m
    [33mid[39m=[32m"_r_2ig_-helper-text"[39m
  [36m/>[39m

  Name "":
  [36m<p[39m
    [33mclass[39m=[32m"MuiFormHelperText-root MuiFormHelperText-sizeMedium MuiFormHelperText-contained MuiFormHelperText-filled Mui-required css-er619e-MuiFormHelperText-root"[39m
    [33mid[39m=[32m"_r_2ih_-helper-text"[39m
  [36m/>[39m

  Name "":
  [36m<p[39m
    [33mclass[39m=[32m"MuiFormHelperText-root MuiFormHelperText-sizeMedium MuiFormHelperText-contained MuiFormHelperText-filled Mui-required css-er619e-MuiFormHelperText-root"[39m
    [33mid[39m=[32m"_r_2ij_-helper-text"[39m
  [36m/>[39m

  Name "":
  [36m<p[39m
    [33mclass[39m=[32m"MuiFormHelperText-root MuiFormHelperText-sizeMedium MuiFormHelperText-contained MuiFormHelperText-filled Mui-required css-er619e-MuiFormHelperText-root"[39m
    [33mid[39m=[32m"_r_2ik_-helper-text"[39m
  [36m/>[39m

  Name "":
  [36m<p[39m
    [33mclass[39m=[32m"MuiFormHelperText-root MuiFormHelperText-sizeMedium MuiFormHelperText-contained MuiFormHelperText-filled Mui-required css-er619e-MuiFormHelperText-root"[39m
    [33mid[39m=[32m"_r_2im_-helper-text"[39m
  [36m/>[39m

  Name "":
  [36m<p[39m
    [33mclass[39m=[32m"MuiFormHelperText-root MuiFormHelperText-sizeMedium MuiFormHelperText-contained MuiFormHelperText-filled Mui-required css-er619e-MuiFormHelperText-root"[39m
    [33mid[39m=[32m"_r_2in_-helper-text"[39m
  [36m/>[39m

  Name "":
  [36m<p[39m
    [33mclass[39m=[32m"MuiFormHelperText-root MuiFormHelperText-sizeMedium MuiFormHelperText-contained MuiFormHelperText-filled Mui-required css-er619e-MuiFormHelperText-root"[39m
    [33mid[39m=[32m"_r_2ip_-helper-text"[39m
  [36m/>[39m

  Name "":
  [36m<p[39m
    [33mclass[39m=[32m"MuiFormHelperText-root MuiFormHelperText-sizeMedium MuiFormHelperText-contained MuiFormHelperText-filled Mui-required css-er619e-MuiFormHelperText-root"[39m
    [33mid[39m=[32m"_r_2iq_-helper-text"[39m
  [36m/>[39m

  Name "":
  [36m<p[39m
    [33mclass[39m=[32m"MuiFormHelperText-root MuiFormHelperText-sizeMedium MuiFormHelperText-contained MuiFormHelperText-filled Mui-required css-er619e-MuiFormHelperText-root"[39m
    [33mid[39m=[32m"_r_2is_-helper-text"[39m
  [36m/>[39m

  Name "":
  [36m<p[39m
    [33mclass[39m=[32m"MuiFormHelperText-root MuiFormHelperText-sizeMedium MuiFormHelperText-contained MuiFormHelperText-filled Mui-required css-er619e-MuiFormHelperText-root"[39m
    [33mid[39m=[32m"_r_2it_-helper-text"[39m
  [36m/>[39m

  Name "":
  [36m<p[39m
    [33mclass[39m=[32m"MuiFormHelperText-root MuiFormHelperText-sizeMedium MuiFormHelperText-contained MuiFormHelperText-filled Mui-required css-er619e-MuiFormHelperText-root"[39m
    [33mid[39m=[32m"_r_2iv_-helper-text"[39m
  [36m/>[39m

  Name "":
  [36m<p[39m
    [33mclass[39m=[32m"MuiFormHelperText-root MuiFormHelperText-sizeMedium MuiFormHelperText-contained MuiFormHelperText-filled Mui-required css-er619e-MuiFormHelperText-root"[39m
    [33mid[39m=[32m"_r_2j0_-helper-text"[39m
  [36m/>[39m

  Name "":
  [36m<p[39m
    [33mclass[39m=[32m"MuiFormHelperText-root MuiFormHelperText-sizeMedium MuiFormHelperText-contained MuiFormHelperText-filled Mui-required css-er619e-MuiFormHelperText-root"[39m
    [33mid[39m=[32m"_r_2j2_-helper-text"[39m
  [36m/>[39m

  Name "":
  [36m<p[39m
    [33mclass[39m=[32m"MuiFormHelperText-root MuiFormHelperText-sizeMedium MuiFormHelperText-contained MuiFormHelperText-filled Mui-required css-er619e-MuiFormHelperText-root"[39m
    [33mid[39m=[32m"_r_2j3_-helper-text"[39m
  [36m/>[39m

  Name "":
  [36m<p[39m
    [33mclass[39m=[32m"MuiFormHelperText-root MuiFormHelperText-sizeMedium MuiFormHelperText-contained MuiFormHelperText-filled Mui-required css-er619e-MuiFormHelperText-root"[39m
    [33mid[39m=[32m"_r_2j5_-helper-text"[39m
  [36m/>[39m

  Name "":
  [36m<p[39m
    [33mclass[39m=[32m"MuiFormHelperText-root MuiFormHelperText-sizeMedium MuiFormHelperText-contained MuiFormHelperText-filled Mui-required css-er619e-MuiFormHelperText-root"[39m
    [33mid[39m=[32m"_r_2j6_-helper-text"[39m
  [36m/>[39m

  Name "":
  [36m<p[39m
    [33mclass[39m=[32m"MuiFormHelperText-root MuiFormHelperText-sizeMedium MuiFormHelperText-contained MuiFormHelperText-filled Mui-required css-er619e-MuiFormHelperText-root"[39m
    [33mid[39m=[32m"_r_2j8_-helper-text"[39m
  [36m/>[39m

  Name "":
  [36m<p[39m
    [33mclass[39m=[32m"MuiFormHelperText-root MuiFormHelperText-sizeMedium MuiFormHelperText-contained MuiFormHelperText-filled Mui-required css-er619e-MuiFormHelperText-root"[39m
    [33mid[39m=[32m"_r_2j9_-helper-text"[39m
  [36m/>[39m

  Name "":
  [36m<p[39m
    [33mclass[39m=[32m"MuiFormHelperText-root MuiFormHelperText-sizeMedium MuiFormHelperText-contained MuiFormHelperText-filled Mui-required css-er619e-MuiFormHelperText-root"[39m
    [33mid[39m=[32m"_r_2jb_-helper-text"[39m
  [36m/>[39m

  Name "":
  [36m<p[39m
    [33mclass[39m=[32m"MuiFormHelperText-root MuiFormHelperText-sizeMedium MuiFormHelperText-contained MuiFormHelperText-filled Mui-required css-er619e-MuiFormHelperText-root"[39m
    [33mid[39m=[32m"_r_2jc_-helper-text"[39m
  [36m/>[39m

  Name "":
  [36m<p[39m
    [33mclass[39m=[32m"MuiFormHelperText-root MuiFormHelperText-sizeMedium MuiFormHelperText-contained MuiFormHelperText-filled Mui-required css-er619e-MuiFormHelperText-root"[39m
    [33mid[39m=[32m"_r_2je_-helper-text"[39m
  [36m/>[39m

  Name "":
  [36m<p[39m
    [33mclass[39m=[32m"MuiFormHelperText-root MuiFormHelperText-sizeMedium MuiFormHelperText-contained MuiFormHelperText-filled Mui-required css-er619e-MuiFormHelperText-root"[39m
    [33mid[39m=[32m"_r_2jf_-helper-text"[39m
  [36m/>[39m

  Name "":
  [36m<p[39m
    [33mclass[39m=[32m"MuiFormHelperText-root MuiFormHelperText-sizeMedium MuiFormHelperText-contained MuiFormHelperText-filled Mui-required css-er619e-MuiFormHelperText-root"[39m
    [33mid[39m=[32m"_r_2jh_-helper-text"[39m
  [36m/>[39m

  Name "":
  [36m<p[39m
    [33mclass[39m=[32m"MuiFormHelperText-root MuiFormHelperText-sizeMedium MuiFormHelperText-contained MuiFormHelperText-filled Mui-required css-er619e-MuiFormHelperText-root"[39m
    [33mid[39m=[32m"_r_2ji_-helper-text"[39m
  [36m/>[39m

  Name "":
  [36m<p[39m
    [33mclass[39m=[32m"MuiFormHelperText-root MuiFormHelperText-sizeMedium MuiFormHelperText-contained MuiFormHelperText-filled Mui-required css-er619e-MuiFormHelperText-root"[39m
    [33mid[39m=[32m"_r_2jk_-helper-text"[39m
  [36m/>[39m

  Name "":
  [36m<p[39m
    [33mclass[39m=[32m"MuiFormHelperText-root MuiFormHelperText-sizeMedium MuiFormHelperText-contained MuiFormHelperText-filled Mui-required css-er619e-MuiFormHelperText-root"[39m
    [33mid[39m=[32m"_r_2jl_-helper-text"[39m
  [36m/>[39m

  Name "":
  [36m<p[39m
    [33mclass[39m=[32m"MuiFormHelperText-root MuiFormHelperText-sizeMedium MuiFormHelperText-contained MuiFormHelperText-filled Mui-required css-er619e-MuiFormHelperText-root"[39m
    [33mid[39m=[32m"_r_2jn_-helper-text"[39m
  [36m/>[39m

  Name "":
  [36m<p[39m
    [33mclass[39m=[32m"MuiFormHelperText-root MuiFormHelperText-sizeMedium MuiFormHelperText-contained MuiFormHelperText-filled Mui-required css-er619e-MuiFormHelperText-root"[39m
    [33mid[39m=[32m"_r_2jo_-helper-text"[39m
  [36m/>[39m

  Name "":
  [36m<p[39m
    [33mclass[39m=[32m"MuiFormHelperText-root MuiFormHelperText-sizeMedium MuiFormHelperText-contained MuiFormHelperText-filled Mui-required css-er619e-MuiFormHelperText-root"[39m
    [33mid[39m=[32m"_r_2jq_-helper-text"[39m
  [36m/>[39m

  Name "":
  [36m<p[39m
    [33mclass[39m=[32m"MuiFormHelperText-root MuiFormHelperText-sizeMedium MuiFormHelperText-contained MuiFormHelperText-filled Mui-required css-er619e-MuiFormHelperText-root"[39m
    [33mid[39m=[32m"_r_2jr_-helper-text"[39m
  [36m/>[39m

  Name "":
  [36m<p[39m
    [33mclass[39m=[32m"MuiFormHelperText-root MuiFormHelperText-sizeMedium MuiFormHelperText-contained MuiFormHelperText-filled Mui-required css-er619e-MuiFormHelperText-root"[39m
    [33mid[39m=[32m"_r_2jt_-helper-text"[39m
  [36m/>[39m

  Name "":
  [36m<p[39m
    [33mclass[39m=[32m"MuiFormHelperText-root MuiFormHelperText-sizeMedium MuiFormHelperText-contained MuiFormHelperText-filled Mui-required css-er619e-MuiFormHelperText-root"[39m
    [33mid[39m=[32m"_r_2ju_-helper-text"[39m
  [36m/>[39m

  Name "":
  [36m<p[39m
    [33mclass[39m=[32m"MuiFormHelperText-root MuiFormHelperText-sizeMedium MuiFormHelperText-contained MuiFormHelperText-filled Mui-required css-er619e-MuiFormHelperText-root"[39m
    [33mid[39m=[32m"_r_2k0_-helper-text"[39m
  [36m/>[39m

  Name "":
  [36m<p[39m
    [33mclass[39m=[32m"MuiFormHelperText-root MuiFormHelperText-sizeMedium MuiFormHelperText-contained MuiFormHelperText-filled Mui-required css-er619e-MuiFormHelperText-root"[39m
    [33mid[39m=[32m"_r_2k1_-helper-text"[39m
  [36m/>[39m

  Name "":
  [36m<p[39m
    [33mclass[39m=[32m"MuiFormHelperText-root MuiFormHelperText-sizeMedium MuiFormHelperText-contained MuiFormHelperText-filled Mui-required css-er619e-MuiFormHelperText-root"[39m
    [33mid[39m=[32m"_r_2k3_-helper-text"[39m
  [36m/>[39m

  Name "":
  [36m<p[39m
    [33mclass[39m=[32m"MuiFormHelperText-root MuiFormHelperText-sizeMedium MuiFormHelperText-contained MuiFormHelperText-filled Mui-required css-er619e-MuiFormHelperText-root"[39m
    [33mid[39m=[32m"_r_2k4_-helper-text"[39m
  [36m/>[39m

  Name "":
  [36m<p[39m
    [33mclass[39m=[32m"MuiFormHelperText-root MuiFormHelperText-sizeMedium MuiFormHelperText-contained MuiFormHelperText-filled Mui-required css-er619e-MuiFormHelperText-root"[39m
    [33mid[39m=[32m"_r_2k6_-helper-text"[39m
  [36m/>[39m

  Name "":
  [36m<p[39m
    [33mclass[39m=[32m"MuiFormHelperText-root MuiFormHelperText-sizeMedium MuiFormHelperText-contained MuiFormHelperText-filled Mui-required css-er619e-MuiFormHelperText-root"[39m
    [33mid[39m=[32m"_r_2k7_-helper-text"[39m
  [36m/>[39m

  Name "":
  [36m<p[39m
    [33mclass[39m=[32m"MuiFormHelperText-root MuiFormHelperText-sizeMedium MuiFormHelperText-contained MuiFormHelperText-filled Mui-required css-er619e-MuiFormHelperText-root"[39m
    [33mid[39m=[32m"_r_2k9_-helper-text"[39m
  [36m/>[39m

  Name "":
  [36m<p[39m
    [33mclass[39m=[32m"MuiFormHelperText-root MuiFormHelperText-sizeMedium MuiFormHelperText-contained MuiFormHelperText-filled Mui-required css-er619e-MuiFormHelperText-root"[39m
    [33mid[39m=[32m"_r_2ka_-helper-text"[39m
  [36m/>[39m

  Name "":
  [36m<p[39m
    [33mclass[39m=[32m"MuiFormHelperText-root MuiFormHelperText-sizeMedium MuiFormHelperText-contained MuiFormHelperText-filled Mui-required css-er619e-MuiFormHelperText-root"[39m
    [33mid[39m=[32m"_r_2kc_-helper-text"[39m
  [36m/>[39m

  Name "":
  [36m<p[39m
    [33mclass[39m=[32m"MuiFormHelperText-root MuiFormHelperText-sizeMedium MuiFormHelperText-contained MuiFormHelperText-filled Mui-required css-er619e-MuiFormHelperText-root"[39m
    [33mid[39m=[32m"_r_2kd_-helper-text"[39m
  [36m/>[39m

  Name "":
  [36m<p[39m
    [33mclass[39m=[32m"MuiFormHelperText-root MuiFormHelperText-sizeMedium MuiFormHelperText-contained MuiFormHelperText-filled Mui-required css-er619e-MuiFormHelperText-root"[39m
    [33mid[39m=[32m"_r_2kf_-helper-text"[39m
  [36m/>[39m

  Name "":
  [36m<p[39m
    [33mclass[39m=[32m"MuiFormHelperText-root MuiFormHelperText-sizeMedium MuiFormHelperText-contained MuiFormHelperText-filled Mui-required css-er619e-MuiFormHelperText-root"[39m
    [33mid[39m=[32m"_r_2kg_-helper-text"[39m
  [36m/>[39m

  Name "":
  [36m<p[39m
    [33mclass[39m=[32m"MuiFormHelperText-root MuiFormHelperText-sizeMedium MuiFormHelperText-contained MuiFormHelperText-filled Mui-required css-er619e-MuiFormHelperText-root"[39m
    [33mid[39m=[32m"_r_2ki_-helper-text"[39m
  [36m/>[39m

  Name "":
  [36m<p[39m
    [33mclass[39m=[32m"MuiFormHelperText-root MuiFormHelperText-sizeMedium MuiFormHelperText-contained MuiFormHelperText-filled Mui-required css-er619e-MuiFormHelperText-root"[39m
    [33mid[39m=[32m"_r_2kj_-helper-text"[39m
  [36m/>[39m

  Name "":
  [36m<p[39m
    [33mclass[39m=[32m"MuiFormHelperText-root MuiFormHelperText-sizeMedium MuiFormHelperText-contained MuiFormHelperText-filled Mui-required css-er619e-MuiFormHelperText-root"[39m
    [33mid[39m=[32m"_r_2kl_-helper-text"[39m
  [36m/>[39m

  Name "":
  [36m<p[39m
    [33mclass[39m=[32m"MuiFormHelperText-root MuiFormHelperText-sizeMedium MuiFormHelperText-contained MuiFormHelperText-filled Mui-required css-er619e-MuiFormHelperText-root"[39m
    [33mid[39m=[32m"_r_2km_-helper-text"[39m
  [36m/>[39m

  Name "":
  [36m<p[39m
    [33mclass[39m=[32m"MuiFormHelperText-root MuiFormHelperText-sizeMedium MuiFormHelperText-contained MuiFormHelperText-filled Mui-required css-er619e-MuiFormHelperText-root"[39m
    [33mid[39m=[32m"_r_2ko_-helper-text"[39m
  [36m/>[39m

  Name "":
  [36m<p[39m
    [33mclass[39m=[32m"MuiFormHelperText-root MuiFormHelperText-sizeMedium MuiFormHelperText-contained MuiFormHelperText-filled Mui-required css-er619e-MuiFormHelperText-root"[39m
    [33mid[39m=[32m"_r_2kp_-helper-text"[39m
  [36m/>[39m

  Name "":
  [36m<p[39m
    [33mclass[39m=[32m"MuiFormHelperText-root MuiFormHelperText-sizeMedium MuiFormHelperText-contained MuiFormHelperText-filled Mui-required css-er619e-MuiFormHelperText-root"[39m
    [33mid[39m=[32m"_r_2kr_-helper-text"[39m
  [36m/>[39m

  Name "":
  [36m<p[39m
    [33mclass[39m=[32m"MuiFormHelperText-root MuiFormHelperText-sizeMedium MuiFormHelperText-contained MuiFormHelperText-filled Mui-required css-er619e-MuiFormHelperText-root"[39m
    [33mid[39m=[32m"_r_2ks_-helper-text"[39m
  [36m/>[39m

  Name "":
  [36m<p[39m
    [33mclass[39m=[32m"MuiFormHelperText-root MuiFormHelperText-sizeMedium MuiFormHelperText-contained MuiFormHelperText-filled Mui-required css-er619e-MuiFormHelperText-root"[39m
    [33mid[39m=[32m"_r_2ku_-helper-text"[39m
  [36m/>[39m

  Name "":
  [36m<p[39m
    [33mclass[39m=[32m"MuiFormHelperText-root MuiFormHelperText-sizeMedium MuiFormHelperText-contained MuiFormHelperText-filled Mui-required css-er619e-MuiFormHelperText-root"[39m
    [33mid[39m=[32m"_r_2kv_-helper-text"[39m
  [36m/>[39m

  Name "":
  [36m<p[39m
    [33mclass[39m=[32m"MuiFormHelperText-root MuiFormHelperText-sizeMedium MuiFormHelperText-contained MuiFormHelperText-filled Mui-required css-er619e-MuiFormHelperText-root"[39m
    [33mid[39m=[32m"_r_2l1_-helper-text"[39m
  [36m/>[39m

  Name "":
  [36m<p[39m
    [33mclass[39m=[32m"MuiFormHelperText-root MuiFormHelperText-sizeMedium MuiFormHelperText-contained MuiFormHelperText-filled Mui-required css-er619e-MuiFormHelperText-root"[39m
    [33mid[39m=[32m"_r_2l2_-helper-text"[39m
  [36m/>[39m

  Name "":
  [36m<p[39m
    [33mclass[39m=[32m"MuiFormHelperText-root MuiFormHelperText-sizeMedium MuiFormHelperText-contained MuiFormHelperText-filled Mui-required css-er619e-MuiFormHelperText-root"[39m
    [33mid[39m=[32m"_r_2l4_-helper-text"[39m
  [36m/>[39m

  Name "":
  [36m<p[39m
    [33mclass[39m=[32m"MuiFormHelperText-root MuiFormHelperText-sizeMedium MuiFormHelperText-contained MuiFormHelperText-filled Mui-required css-er619e-MuiFormHelperText-root"[39m
    [33mid[39m=[32m"_r_2l5_-helper-text"[39m
  [36m/>[39m

  Name "":
  [36m<p[39m
    [33mclass[39m=[32m"MuiFormHelperText-root MuiFormHelperText-sizeMedium MuiFormHelperText-contained MuiFormHelperText-filled Mui-required css-er619e-MuiFormHelperText-root"[39m
    [33mid[39m=[32m"_r_2l7_-helper-text"[39m
  [36m/>[39m

  Name "":
  [36m<p[39m
    [33mclass[39m=[32m"MuiFormHelperText-root MuiFormHelperText-sizeMedium MuiFormHelperText-contained MuiFormHelperText-filled Mui-required css-er619e-MuiFormHelperText-root"[39m
    [33mid[39m=[32m"_r_2l8_-helper-text"[39m
  [36m/>[39m

  Name "":
  [36m<p[39m
    [33mclass[39m=[32m"MuiFormHelperText-root MuiFormHelperText-sizeMedium MuiFormHelperText-contained MuiFormHelperText-filled Mui-required css-er619e-MuiFormHelperText-root"[39m
    [33mid[39m=[32m"_r_2la_-helper-text"[39m
  [36m/>[39m

  Name "":
  [36m<p[39m
    [33mclass[39m=[32m"MuiFormHelperText-root MuiFormHelperText-sizeMedium MuiFormHelperText-contained MuiFormHelperText-filled Mui-required css-er619e-MuiFormHelperText-root"[39m
    [33mid[39m=[32m"_r_2lb_-helper-text"[39m
  [36m/>[39m

  Name "":
  [36m<p[39m
    [33mclass[39m=[32m"MuiFormHelperText-root MuiFormHelperText-sizeMedium MuiFormHelperText-contained MuiFormHelperText-filled Mui-required css-er619e-MuiFormHelperText-root"[39m
    [33mid[39m=[32m"_r_2ld_-helper-text"[39m
  [36m/>[39m

  Name "":
  [36m<p[39m
    [33mclass[39m=[32m"MuiFormHelperText-root MuiFormHelperText-sizeMedium MuiFormHelperText-contained MuiFormHelperText-filled Mui-required css-er619e-MuiFormHelperText-root"[39m
    [33mid[39m=[32m"_r_2le_-helper-text"[39m
  [36m/>[39m

  Name "":
  [36m<p[39m
    [33mclass[39m=[32m"MuiFormHelperText-root MuiFormHelperText-sizeMedium MuiFormHelperText-contained MuiFormHelperText-filled Mui-required css-er619e-MuiFormHelperText-root"[39m
    [33mid[39m=[32m"_r_2lg_-helper-text"[39m
  [36m/>[39m

  Name "":
  [36m<p[39m
    [33mclass[39m=[32m"MuiFormHelperText-root MuiFormHelperText-sizeMedium MuiFormHelperText-contained MuiFormHelperText-filled Mui-required css-er619e-MuiFormHelperText-root"[39m
    [33mid[39m=[32m"_r_2lh_-helper-text"[39m
  [36m/>[39m

  Name "":
  [36m<p[39m
    [33mclass[39m=[32m"MuiFormHelperText-root MuiFormHelperText-sizeMedium MuiFormHelperText-contained MuiFormHelperText-filled Mui-required css-er619e-MuiFormHelperText-root"[39m
    [33mid[39m=[32m"_r_2lj_-helper-text"[39m
  [36m/>[39m

  Name "":
  [36m<p[39m
    [33mclass[39m=[32m"MuiFormHelperText-root MuiFormHelperText-sizeMedium MuiFormHelperText-contained MuiFormHelperText-filled Mui-required css-er619e-MuiFormHelperText-root"[39m
    [33mid[39m=[32m"_r_2lk_-helper-text"[39m
  [36m/>[39m

  Name "":
  [36m<p[39m
    [33mclass[39m=[32m"MuiFormHelperText-root MuiFormHelperText-sizeMedium MuiFormHelperText-contained MuiFormHelperText-filled Mui-required css-er619e-MuiFormHelperText-root"[39m
    [33mid[39m=[32m"_r_2lm_-helper-text"[39m
  [36m/>[39m

  Name "":
  [36m<p[39m
    [33mclass[39m=[32m"MuiFormHelperText-root MuiFormHelperText-sizeMedium MuiFormHelperText-contained MuiFormHelperText-filled Mui-required css-er619e-MuiFormHelperText-root"[39m
    [33mid[39m=[32m"_r_2ln_-helper-text"[39m
  [36m/>[39m

  Name "":
  [36m<p[39m
    [33mclass[39m=[32m"MuiFormHelperText-root MuiFormHelperText-sizeMedium MuiFormHelperText-contained MuiFormHelperText-filled Mui-required css-er619e-MuiFormHelperText-root"[39m
    [33mid[39m=[32m"_r_2lp_-helper-text"[39m
  [36m/>[39m

  Name "":
  [36m<p[39m
    [33mclass[39m=[32m"MuiFormHelperText-root MuiFormHelperText-sizeMedium MuiFormHelperText-contained MuiFormHelperText-filled Mui-required css-er619e-MuiFormHelperText-root"[39m
    [33mid[39m=[32m"_r_2lq_-helper-text"[39m
  [36m/>[39m

  Name "":
  [36m<p[39m
    [33mclass[39m=[32m"MuiFormHelperText-root MuiFormHelperText-sizeMedium MuiFormHelperText-contained MuiFormHelperText-filled Mui-required css-er619e-MuiFormHelperText-root"[39m
    [33mid[39m=[32m"_r_2ls_-helper-text"[39m
  [36m/>[39m

  Name "":
  [36m<p[39m
    [33mclass[39m=[32m"MuiFormHelperText-root MuiFormHelperText-sizeMedium MuiFormHelperText-contained MuiFormHelperText-filled Mui-required css-er619e-MuiFormHelperText-root"[39m
    [33mid[39m=[32m"_r_2lt_-helper-text"[39m
  [36m/>[39m

  Name "":
  [36m<p[39m
    [33mclass[39m=[32m"MuiFormHelperText-root MuiFormHelperText-sizeMedium MuiFormHelperText-contained MuiFormHelperText-filled Mui-required css-er619e-MuiFormHelperText-root"[39m
    [33mid[39m=[32m"_r_2lv_-helper-text"[39m
  [36m/>[39m

  Name "":
  [36m<p[39m
    [33mclass[39m=[32m"MuiFormHelperText-root MuiFormHelperText-sizeMedium MuiFormHelperText-contained MuiFormHelperText-filled Mui-required css-er619e-MuiFormHelperText-root"[39m
    [33mid[39m=[32m"_r_2m0_-helper-text"[39m
  [36m/>[39m

  Name "":
  [36m<p[39m
    [33mclass[39m=[32m"MuiFormHelperText-root MuiFormHelperText-sizeMedium MuiFormHelperText-contained MuiFormHelperText-filled Mui-required css-er619e-MuiFormHelperText-root"[39m
    [33mid[39m=[32m"_r_2m2_-helper-text"[39m
  [36m/>[39m

  Name "":
  [36m<p[39m
    [33mclass[39m=[32m"MuiFormHelperText-root MuiFormHelperText-sizeMedium MuiFormHelperText-contained MuiFormHelperText-filled Mui-required css-er619e-MuiFormHelperText-root"[39m
    [33mid[39m=[32m"_r_2m3_-helper-text"[39m
  [36m/>[39m

  Name "":
  [36m<p[39m
    [33mclass[39m=[32m"MuiFormHelperText-root MuiFormHelperText-sizeMedium MuiFormHelperText-contained MuiFormHelperText-filled Mui-required css-er619e-MuiFormHelperText-root"[39m
    [33mid[39m=[32m"_r_2m5_-helper-text"[39m
  [36m/>[39m

  Name "":
  [36m<p[39m
    [33mclass[39m=[32m"MuiFormHelperText-root MuiFormHelperText-sizeMedium MuiFormHelperText-contained MuiFormHelperText-filled Mui-required css-er619e-MuiFormHelperText-root"[39m
    [33mid[39m=[32m"_r_2m6_-helper-text"[39m
  [36m/>[39m

  Name "":
  [36m<p[39m
    [33mclass[39m=[32m"MuiFormHelperText-root MuiFormHelperText-sizeMedium MuiFormHelperText-contained MuiFormHelperText-filled Mui-required css-er619e-MuiFormHelperText-root"[39m
    [33mid[39m=[32m"_r_2m8_-helper-text"[39m
  [36m/>[39m

  Name "":
  [36m<p[39m
    [33mclass[39m=[32m"MuiFormHelperText-root MuiFormHelperText-sizeMedium MuiFormHelperText-contained MuiFormHelperText-filled Mui-required css-er619e-MuiFormHelperText-root"[39m
    [33mid[39m=[32m"_r_2m9_-helper-text"[39m
  [36m/>[39m

  Name "":
  [36m<p[39m
    [33mclass[39m=[32m"MuiFormHelperText-root MuiFormHelperText-sizeMedium MuiFormHelperText-contained MuiFormHelperText-filled Mui-required css-er619e-MuiFormHelperText-root"[39m
    [33mid[39m=[32m"_r_2mb_-helper-text"[39m
  [36m/>[39m

  Name "":
  [36m<p[39m
    [33mclass[39m=[32m"MuiFormHelperText-root MuiFormHelperText-sizeMedium MuiFormHelperText-contained MuiFormHelperText-filled Mui-required css-er619e-MuiFormHelperText-root"[39m
    [33mid[39m=[32m"_r_2mc_-helper-text"[39m
  [36m/>[39m

  Name "":
  [36m<p[39m
    [33mclass[39m=[32m"MuiFormHelperText-root MuiFormHelperText-sizeMedium MuiFormHelperText-contained MuiFormHelperText-filled Mui-required css-er619e-MuiFormHelperText-root"[39m
    [33mid[39m=[32m"_r_2me_-helper-text"[39m
  [36m/>[39m

  Name "":
  [36m<p[39m
    [33mclass[39m=[32m"MuiFormHelperText-root MuiFormHelperText-sizeMedium MuiFormHelperText-contained MuiFormHelperText-filled Mui-required css-er619e-MuiFormHelperText-root"[39m
    [33mid[39m=[32m"_r_2mf_-helper-text"[39m
  [36m/>[39m

  Name "":
  [36m<p[39m
    [33mclass[39m=[32m"MuiFormHelperText-root MuiFormHelperText-sizeMedium MuiFormHelperText-contained MuiFormHelperText-filled Mui-required css-er619e-MuiFormHelperText-root"[39m
    [33mid[39m=[32m"_r_2mh_-helper-text"[39m
  [36m/>[39m

  Name "":
  [36m<p[39m
    [33mclass[39m=[32m"MuiFormHelperText-root MuiFormHelperText-sizeMedium MuiFormHelperText-contained MuiFormHelperText-filled Mui-required css-er619e-MuiFormHelperText-root"[39m
    [33mid[39m=[32m"_r_2mi_-helper-text"[39m
  [36m/>[39m

  Name "":
  [36m<p[39m
    [33mclass[39m=[32m"MuiFormHelperText-root MuiFormHelperText-sizeMedium MuiFormHelperText-contained MuiFormHelperText-filled Mui-required css-er619e-MuiFormHelperText-root"[39m
    [33mid[39m=[32m"_r_2mk_-helper-text"[39m
  [36m/>[39m

  Name "":
  [36m<p[39m
    [33mclass[39m=[32m"MuiFormHelperText-root MuiFormHelperText-sizeMedium MuiFormHelperText-contained MuiFormHelperText-filled Mui-required css-er619e-MuiFormHelperText-root"[39m
    [33mid[39m=[32m"_r_2ml_-helper-text"[39m
  [36m/>[39m

  Name "":
  [36m<p[39m
    [33mclass[39m=[32m"MuiFormHelperText-root MuiFormHelperText-sizeMedium MuiFormHelperText-contained MuiFormHelperText-filled Mui-required css-er619e-MuiFormHelperText-root"[39m
    [33mid[39m=[32m"_r_2mn_-helper-text"[39m
  [36m/>[39m

  Name "":
  [36m<p[39m
    [33mclass[39m=[32m"MuiFormHelperText-root MuiFormHelperText-sizeMedium MuiFormHelperText-contained MuiFormHelperText-filled Mui-required css-er619e-MuiFormHelperText-root"[39m
    [33mid[39m=[32m"_r_2mo_-helper-text"[39m
  [36m/>[39m

  Name "":
  [36m<p[39m
    [33mclass[39m=[32m"MuiFormHelperText-root MuiFormHelperText-sizeMedium MuiFormHelperText-contained MuiFormHelperText-filled Mui-required css-er619e-MuiFormHelperText-root"[39m
    [33mid[39m=[32m"_r_2mq_-helper-text"[39m
  [36m/>[39m

  Name "":
  [36m<p[39m
    [33mclass[39m=[32m"MuiFormHelperText-root MuiFormHelperText-sizeMedium MuiFormHelperText-contained MuiFormHelperText-filled Mui-required css-er619e-MuiFormHelperText-root"[39m
    [33mid[39m=[32m"_r_2mr_-helper-text"[39m
  [36m/>[39m

  Name "":
  [36m<p[39m
    [33mclass[39m=[32m"MuiFormHelperText-root MuiFormHelperText-sizeMedium MuiFormHelperText-contained MuiFormHelperText-filled Mui-required css-er619e-MuiFormHelperText-root"[39m
    [33mid[39m=[32m"_r_2mt_-helper-text"[39m
  [36m/>[39m

  Name "":
  [36m<p[39m
    [33mclass[39m=[32m"MuiFormHelperText-root MuiFormHelperText-sizeMedium MuiFormHelperText-contained MuiFormHelperText-filled Mui-required css-er619e-MuiFormHelperText-root"[39m
    [33mid[39m=[32m"_r_2mu_-helper-text"[39m
  [36m/>[39m

  Name "":
  [36m<p[39m
    [33mclass[39m=[32m"MuiFormHelperText-root MuiFormHelperText-sizeMedium MuiFormHelperText-contained MuiFormHelperText-filled Mui-required css-er619e-MuiFormHelperText-root"[39m
    [33mid[39m=[32m"_r_2n0_-helper-text"[39m
  [36m/>[39m

  Name "":
  [36m<p[39m
    [33mclass[39m=[32m"MuiFormHelperText-root MuiFormHelperText-sizeMedium MuiFormHelperText-contained MuiFormHelperText-filled Mui-required css-er619e-MuiFormHelperText-root"[39m
    [33mid[39m=[32m"_r_2n1_-helper-text"[39m
  [36m/>[39m

  Name "":
  [36m<p[39m
    [33mclass[39m=[32m"MuiFormHelperText-root MuiFormHelperText-sizeMedium MuiFormHelperText-contained MuiFormHelperText-filled Mui-required css-er619e-MuiFormHelperText-root"[39m
    [33mid[39m=[32m"_r_2n3_-helper-text"[39m
  [36m/>[39m

  Name "":
  [36m<p[39m
    [33mclass[39m=[32m"MuiFormHelperText-root MuiFormHelperText-sizeMedium MuiFormHelperText-contained MuiFormHelperText-filled Mui-required css-er619e-MuiFormHelperText-root"[39m
    [33mid[39m=[32m"_r_2n4_-helper-text"[39m
  [36m/>[39m

  Name "":
  [36m<p[39m
    [33mclass[39m=[32m"MuiFormHelperText-root MuiFormHelperText-sizeMedium MuiFormHelperText-contained MuiFormHelperText-filled Mui-required css-er619e-MuiFormHelperText-root"[39m
    [33mid[39m=[32m"_r_2n6_-helper-text"[39m
  [36m/>[39m

  Name "":
  [36m<p[39m
    [33mclass[39m=[32m"MuiFormHelperText-root MuiFormHelperText-sizeMedium MuiFormHelperText-contained MuiFormHelperText-filled Mui-required css-er619e-MuiFormHelperText-root"[39m
    [33mid[39m=[32m"_r_2n7_-helper-text"[39m
  [36m/>[39m

  Name "":
  [36m<p[39m
    [33mclass[39m=[32m"MuiFormHelperText-root MuiFormHelperText-sizeMedium MuiFormHelperText-contained MuiFormHelperText-filled Mui-required css-er619e-MuiFormHelperText-root"[39m
    [33mid[39m=[32m"_r_2n9_-helper-text"[39m
  [36m/>[39m

  Name "":
  [36m<p[39m
    [33mclass[39m=[32m"MuiFormHelperText-root MuiFormHelperText-sizeMedium MuiFormHelperText-contained MuiFormHelperText-filled Mui-required css-er619e-MuiFormHelperText-root"[39m
    [33mid[39m=[32m"_r_2na_-helper-text"[39m
  [36m/>[39m

  Name "":
  [36m<p[39m
    [33mclass[39m=[32m"MuiFormHelperText-root MuiFormHelperText-sizeMedium MuiFormHelperText-contained MuiFormHelperText-filled Mui-required css-er619e-MuiFormHelperText-root"[39m
    [33mid[39m=[32m"_r_2nc_-helper-text"[39m
  [36m/>[39m

  Name "":
  [36m<p[39m
    [33mclass[39m=[32m"MuiFormHelperText-root MuiFormHelperText-sizeMedium MuiFormHelperText-contained MuiFormHelperText-filled Mui-required css-er619e-MuiFormHelperText-root"[39m
    [33mid[39m=[32m"_r_2nd_-helper-text"[39m
  [36m/>[39m

  Name "":
  [36m<p[39m
    [33mclass[39m=[32m"MuiFormHelperText-root MuiFormHelperText-sizeMedium MuiFormHelperText-contained MuiFormHelperText-filled Mui-required css-er619e-MuiFormHelperText-root"[39m
    [33mid[39m=[32m"_r_2nf_-helper-text"[39m
  [36m/>[39m

  Name "":
  [36m<p[39m
    [33mclass[39m=[32m"MuiFormHelperText-root MuiFormHelperText-sizeMedium MuiFormHelperText-contained MuiFormHelperText-filled Mui-required css-er619e-MuiFormHelperText-root"[39m
    [33mid[39m=[32m"_r_2ng_-helper-text"[39m
  [36m/>[39m

  Name "":
  [36m<p[39m
    [33mclass[39m=[32m"MuiFormHelperText-root MuiFormHelperText-sizeMedium MuiFormHelperText-contained MuiFormHelperText-filled Mui-required css-er619e-MuiFormHelperText-root"[39m
    [33mid[39m=[32m"_r_2ni_-helper-text"[39m
  [36m/>[39m

  Name "":
  [36m<p[39m
    [33mclass[39m=[32m"MuiFormHelperText-root MuiFormHelperText-sizeMedium MuiFormHelperText-contained MuiFormHelperText-filled Mui-required css-er619e-MuiFormHelperText-root"[39m
    [33mid[39m=[32m"_r_2nj_-helper-text"[39m
  [36m/>[39m

  Name "":
  [36m<p[39m
    [33mclass[39m=[32m"MuiFormHelperText-root MuiFormHelperText-sizeMedium MuiFormHelperText-contained MuiFormHelperText-filled Mui-required css-er619e-MuiFormHelperText-root"[39m
    [33mid[39m=[32m"_r_2nl_-helper-text"[39m
  [36m/>[39m

  Name "":
  [36m<p[39m
    [33mclass[39m=[32m"MuiFormHelperText-root MuiFormHelperText-sizeMedium MuiFormHelperText-contained MuiFormHelperText-filled Mui-required css-er619e-MuiFormHelperText-root"[39m
    [33mid[39m=[32m"_r_2nm_-helper-text"[39m
  [36m/>[39m

  Name "":
  [36m<p[39m
    [33mclass[39m=[32m"MuiFormHelperText-root MuiFormHelperText-sizeMedium MuiFormHelperText-contained MuiFormHelperText-filled Mui-required css-er619e-MuiFormHelperText-root"[39m
    [33mid[39m=[32m"_r_2no_-helper-text"[39m
  [36m/>[39m

  Name "":
  [36m<p[39m
    [33mclass[39m=[32m"MuiFormHelperText-root MuiFormHelperText-sizeMedium MuiFormHelperText-contained MuiFormHelperText-filled Mui-required css-er619e-MuiFormHelperText-root"[39m
    [33mid[39m=[32m"_r_2np_-helper-text"[39m
  [36m/>[39m

  Name "":
  [36m<p[39m
    [33mclass[39m=[32m"MuiFormHelperText-root MuiFormHelperText-sizeMedium MuiFormHelperText-contained MuiFormHelperText-filled Mui-required css-er619e-MuiFormHelperText-root"[39m
    [33mid[39m=[32m"_r_2nr_-helper-text"[39m
  [36m/>[39m

  Name "":
  [36m<p[39m
    [33mclass[39m=[32m"MuiFormHelperText-root MuiFormHelperText-sizeMedium MuiFormHelperText-contained MuiFormHelperText-filled Mui-required css-er619e-MuiFormHelperText-root"[39m
    [33mid[39m=[32m"_r_2ns_-helper-text"[39m
  [36m/>[39m

  Name "":
  [36m<p[39m
    [33mclass[39m=[32m"MuiFormHelperText-root MuiFormHelperText-sizeMedium MuiFormHelperText-contained MuiFormHelperText-filled Mui-required css-er619e-MuiFormHelperText-root"[39m
    [33mid[39m=[32m"_r_2nu_-helper-text"[39m
  [36m/>[39m

  Name "":
  [36m<p[39m
    [33mclass[39m=[32m"MuiFormHelperText-root MuiFormHelperText-sizeMedium MuiFormHelperText-contained MuiFormHelperText-filled Mui-required css-er619e-MuiFormHelperText-root"[39m
    [33mid[39m=[32m"_r_2nv_-helper-text"[39m
  [36m/>[39m

  Name "":
  [36m<p[39m
    [33mclass[39m=[32m"MuiFormHelperText-root MuiFormHelperText-sizeMedium MuiFormHelperText-contained MuiFormHelperText-filled Mui-required css-er619e-MuiFormHelperText-root"[39m
    [33mid[39m=[32m"_r_2o1_-helper-text"[39m
  [36m/>[39m

  Name "":
  [36m<p[39m
    [33mclass[39m=[32m"MuiFormHelperText-root MuiFormHelperText-sizeMedium MuiFormHelperText-contained MuiFormHelperText-filled Mui-required css-er619e-MuiFormHelperText-root"[39m
    [33mid[39m=[32m"_r_2o2_-helper-text"[39m
  [36m/>[39m

  Name "":
  [36m<p[39m
    [33mclass[39m=[32m"MuiFormHelperText-root MuiFormHelperText-sizeMedium MuiFormHelperText-contained MuiFormHelperText-filled Mui-required css-er619e-MuiFormHelperText-root"[39m
    [33mid[39m=[32m"_r_2o4_-helper-text"[39m
  [36m/>[39m

  Name "":
  [36m<p[39m
    [33mclass[39m=[32m"MuiFormHelperText-root MuiFormHelperText-sizeMedium MuiFormHelperText-contained MuiFormHelperText-filled Mui-required css-er619e-MuiFormHelperText-root"[39m
    [33mid[39m=[32m"_r_2o5_-helper-text"[39m
  [36m/>[39m

  Name "":
  [36m<p[39m
    [33mclass[39m=[32m"MuiFormHelperText-root MuiFormHelperText-sizeMedium MuiFormHelperText-contained MuiFormHelperText-filled Mui-required css-er619e-MuiFormHelperText-root"[39m
    [33mid[39m=[32m"_r_2o7_-helper-text"[39m
  [36m/>[39m

  Name "":
  [36m<p[39m
    [33mclass[39m=[32m"MuiFormHelperText-root MuiFormHelperText-sizeMedium MuiFormHelperText-contained MuiFormHelperText-filled Mui-required css-er619e-MuiFormHelperText-root"[39m
    [33mid[39m=[32m"_r_2o8_-helper-text"[39m
  [36m/>[39m

  Name "":
  [36m<p[39m
    [33mclass[39m=[32m"MuiFormHelperText-root MuiFormHelperText-sizeMedium MuiFormHelperText-contained MuiFormHelperText-filled Mui-required css-er619e-MuiFormHelperText-root"[39m
    [33mid[39m=[32m"_r_2oa_-helper-text"[39m
  [36m/>[39m

  Name "":
  [36m<p[39m
    [33mclass[39m=[32m"MuiFormHelperText-root MuiFormHelperText-sizeMedium MuiFormHelperText-contained MuiFormHelperText-filled Mui-required css-er619e-MuiFormHelperText-root"[39m
    [33mid[39m=[32m"_r_2ob_-helper-text"[39m
  [36m/>[39m

  Name "":
  [36m<p[39m
    [33mclass[39m=[32m"MuiFormHelperText-root MuiFormHelperText-sizeMedium MuiFormHelperText-contained MuiFormHelperText-filled Mui-required css-er619e-MuiFormHelperText-root"[39m
    [33mid[39m=[32m"_r_2od_-helper-text"[39m
  [36m/>[39m

  Name "":
  [36m<p[39m
    [33mclass[39m=[32m"MuiFormHelperText-root MuiFormHelperText-sizeMedium MuiFormHelperText-contained MuiFormHelperText-filled Mui-required css-er619e-MuiFormHelperText-root"[39m
    [33mid[39m=[32m"_r_2oe_-helper-text"[39m
  [36m/>[39m

  Name "":
  [36m<p[39m
    [33mclass[39m=[32m"MuiFormHelperText-root MuiFormHelperText-sizeMedium MuiFormHelperText-contained MuiFormHelperText-filled Mui-required css-er619e-MuiFormHelperText-root"[39m
    [33mid[39m=[32m"_r_2og_-helper-text"[39m
  [36m/>[39m

  Name "":
  [36m<p[39m
    [33mclass[39m=[32m"MuiFormHelperText-root MuiFormHelperText-sizeMedium MuiFormHelperText-contained MuiFormHelperText-filled Mui-required css-er619e-MuiFormHelperText-root"[39m
    [33mid[39m=[32m"_r_2oh_-helper-text"[39m
  [36m/>[39m

  Name "":
  [36m<p[39m
    [33mclass[39m=[32m"MuiFormHelperText-root MuiFormHelperText-sizeMedium MuiFormHelperText-contained MuiFormHelperText-filled Mui-required css-er619e-MuiFormHelperText-root"[39m
    [33mid[39m=[32m"_r_2oj_-helper-text"[39m
  [36m/>[39m

  Name "":
  [36m<p[39m
    [33mclass[39m=[32m"MuiFormHelperText-root MuiFormHelperText-sizeMedium MuiFormHelperText-contained MuiFormHelperText-filled Mui-required css-er619e-MuiFormHelperText-root"[39m
    [33mid[39m=[32m"_r_2ok_-helper-text"[39m
  [36m/>[39m

  Name "":
  [36m<p[39m
    [33mclass[39m=[32m"MuiFormHelperText-root MuiFormHelperText-sizeMedium MuiFormHelperText-contained MuiFormHelperText-filled Mui-required css-er619e-MuiFormHelperText-root"[39m
    [33mid[39m=[32m"_r_2om_-helper-text"[39m
  [36m/>[39m

  Name "":
  [36m<p[39m
    [33mclass[39m=[32m"MuiFormHelperText-root MuiFormHelperText-sizeMedium MuiFormHelperText-contained MuiFormHelperText-filled Mui-required css-er619e-MuiFormHelperText-root"[39m
    [33mid[39m=[32m"_r_2on_-helper-text"[39m
  [36m/>[39m

  Name "":
  [36m<p[39m
    [33mclass[39m=[32m"MuiFormHelperText-root MuiFormHelperText-sizeMedium MuiFormHelperText-contained MuiFormHelperText-filled Mui-required css-er619e-MuiFormHelperText-root"[39m
    [33mid[39m=[32m"_r_2op_-helper-text"[39m
  [36m/>[39m

  Name "":
  [36m<p[39m
    [33mclass[39m=[32m"MuiFormHelperText-root MuiFormHelperText-sizeMedium MuiFormHelperText-contained MuiFormHelperText-filled Mui-required css-er619e-MuiFormHelperText-root"[39m
    [33mid[39m=[32m"_r_2oq_-helper-text"[39m
  [36m/>[39m

  Name "":
  [36m<p[39m
    [33mclass[39m=[32m"MuiFormHelperText-root MuiFormHelperText-sizeMedium MuiFormHelperText-contained MuiFormHelperText-filled Mui-required css-er619e-MuiFormHelperText-root"[39m
    [33mid[39m=[32m"_r_2os_-helper-text"[39m
  [36m/>[39m

  Name "":
  [36m<p[39m
    [33mclass[39m=[32m"MuiFormHelperText-root MuiFormHelperText-sizeMedium MuiFormHelperText-contained MuiFormHelperText-filled Mui-required css-er619e-MuiFormHelperText-root"[39m
    [33mid[39m=[32m"_r_2ot_-helper-text"[39m
  [36m/>[39m

  Name "":
  [36m<p[39m
    [33mclass[39m=[32m"MuiFormHelperText-root MuiFormHelperText-sizeMedium MuiFormHelperText-contained MuiFormHelperText-filled Mui-required css-er619e-MuiFormHelperText-root"[39m
    [33mid[39m=[32m"_r_2ov_-helper-text"[39m
  [36m/>[39m

  Name "":
  [36m<p[39m
    [33mclass[39m=[32m"MuiFormHelperText-root MuiFormHelperText-sizeMedium MuiFormHelperText-contained MuiFormHelperText-filled Mui-required css-er619e-MuiFormHelperText-root"[39m
    [33mid[39m=[32m"_r_2p0_-helper-text"[39m
  [36m/>[39m

  Name "":
  [36m<p[39m
    [33mclass[39m=[32m"MuiFormHelperText-root MuiFormHelperText-sizeMedium MuiFormHelperText-contained MuiFormHelperText-filled Mui-required css-er619e-MuiFormHelperText-root"[39m
    [33mid[39m=[32m"_r_2p2_-helper-text"[39m
  [36m/>[39m

  Name "":
  [36m<p[39m
    [33mclass[39m=[32m"MuiFormHelperText-root MuiFormHelperText-sizeMedium MuiFormHelperText-contained MuiFormHelperText-filled Mui-required css-er619e-MuiFormHelperText-root"[39m
    [33mid[39m=[32m"_r_2p3_-helper-text"[39m
  [36m/>[39m

  Name "":
  [36m<p[39m
    [33mclass[39m=[32m"MuiFormHelperText-root MuiFormHelperText-sizeMedium MuiFormHelperText-contained MuiFormHelperText-filled Mui-required css-er619e-MuiFormHelperText-root"[39m
    [33mid[39m=[32m"_r_2p5_-helper-text"[39m
  [36m/>[39m

  Name "":
  [36m<p[39m
    [33mclass[39m=[32m"MuiFormHelperText-root MuiFormHelperText-sizeMedium MuiFormHelperText-contained MuiFormHelperText-filled Mui-required css-er619e-MuiFormHelperText-root"[39m
    [33mid[39m=[32m"_r_2p6_-helper-text"[39m
  [36m/>[39m

  Name "":
  [36m<p[39m
    [33mclass[39m=[32m"MuiFormHelperText-root MuiFormHelperText-sizeMedium MuiFormHelperText-contained MuiFormHelperText-filled Mui-required css-er619e-MuiFormHelperText-root"[39m
    [33mid[39m=[32m"_r_2p8_-helper-text"[39m
  [36m/>[39m

  Name "":
  [36m<p[39m
    [33mclass[39m=[32m"MuiFormHelperText-root MuiFormHelperText-sizeMedium MuiFormHelperText-contained MuiFormHelperText-filled Mui-required css-er619e-MuiFormHelperText-root"[39m
    [33mid[39m=[32m"_r_2p9_-helper-text"[39m
  [36m/>[39m

  Name "":
  [36m<p[39m
    [33mclass[39m=[32m"MuiFormHelperText-root MuiFormHelperText-sizeMedium MuiFormHelperText-contained MuiFormHelperText-filled Mui-required css-er619e-MuiFormHelperText-root"[39m
    [33mid[39m=[32m"_r_2pb_-helper-text"[39m
  [36m/>[39m

  Name "":
  [36m<p[39m
    [33mclass[39m=[32m"MuiFormHelperText-root MuiFormHelperText-sizeMedium MuiFormHelperText-contained MuiFormHelperText-filled Mui-required css-er619e-MuiFormHelperText-root"[39m
    [33mid[39m=[32m"_r_2pc_-helper-text"[39m
  [36m/>[39m

  Name "":
  [36m<p[39m
    [33mclass[39m=[32m"MuiFormHelperText-root MuiFormHelperText-sizeMedium MuiFormHelperText-contained MuiFormHelperText-filled Mui-required css-er619e-MuiFormHelperText-root"[39m
    [33mid[39m=[32m"_r_2pe_-helper-text"[39m
  [36m/>[39m

  Name "":
  [36m<p[39m
    [33mclass[39m=[32m"MuiFormHelperText-root MuiFormHelperText-sizeMedium MuiFormHelperText-contained MuiFormHelperText-filled Mui-required css-er619e-MuiFormHelperText-root"[39m
    [33mid[39m=[32m"_r_2pf_-helper-text"[39m
  [36m/>[39m

  Name "":
  [36m<p[39m
    [33mclass[39m=[32m"MuiFormHelperText-root MuiFormHelperText-sizeMedium MuiFormHelperText-contained MuiFormHelperText-filled Mui-required css-er619e-MuiFormHelperText-root"[39m
    [33mid[39m=[32m"_r_2ph_-helper-text"[39m
  [36m/>[39m

  Name "":
  [36m<p[39m
    [33mclass[39m=[32m"MuiFormHelperText-root MuiFormHelperText-sizeMedium MuiFormHelperText-contained MuiFormHelperText-filled Mui-required css-er619e-MuiFormHelperText-root"[39m
    [33mid[39m=[32m"_r_2pi_-helper-text"[39m
  [36m/>[39m

  Name "":
  [36m<p[39m
    [33mclass[39m=[32m"MuiFormHelperText-root MuiFormHelperText-sizeMedium MuiFormHelperText-contained MuiFormHelperText-filled Mui-required css-er619e-MuiFormHelperText-root"[39m
    [33mid[39m=[32m"_r_2pk_-helper-text"[39m
  [36m/>[39m

  Name "":
  [36m<p[39m
    [33mclass[39m=[32m"MuiFormHelperText-root MuiFormHelperText-sizeMedium MuiFormHelperText-contained MuiFormHelperText-filled Mui-required css-er619e-MuiFormHelperText-root"[39m
    [33mid[39m=[32m"_r_2pl_-helper-text"[39m
  [36m/>[39m

  Name "":
  [36m<p[39m
    [33mclass[39m=[32m"MuiFormHelperText-root MuiFormHelperText-sizeMedium MuiFormHelperText-contained MuiFormHelperText-filled Mui-required css-er619e-MuiFormHelperText-root"[39m
    [33mid[39m=[32m"_r_2pn_-helper-text"[39m
  [36m/>[39m

  Name "":
  [36m<p[39m
    [33mclass[39m=[32m"MuiFormHelperText-root MuiFormHelperText-sizeMedium MuiFormHelperText-contained MuiFormHelperText-filled Mui-required css-er619e-MuiFormHelperText-root"[39m
    [33mid[39m=[32m"_r_2po_-helper-text"[39m
  [36m/>[39m

  Name "":
  [36m<p[39m
    [33mclass[39m=[32m"MuiFormHelperText-root MuiFormHelperText-sizeMedium MuiFormHelperText-contained MuiFormHelperText-filled Mui-required css-er619e-MuiFormHelperText-root"[39m
    [33mid[39m=[32m"_r_2pq_-helper-text"[39m
  [36m/>[39m

  Name "":
  [36m<p[39m
    [33mclass[39m=[32m"MuiFormHelperText-root MuiFormHelperText-sizeMedium MuiFormHelperText-contained MuiFormHelperText-filled Mui-required css-er619e-MuiFormHelperText-root"[39m
    [33mid[39m=[32m"_r_2pr_-helper-text"[39m
  [36m/>[39m

  Name "":
  [36m<p[39m
    [33mclass[39m=[32m"MuiFormHelperText-root MuiFormHelperText-sizeMedium MuiFormHelperText-contained MuiFormHelperText-filled Mui-required css-er619e-MuiFormHelperText-root"[39m
    [33mid[39m=[32m"_r_2pt_-helper-text"[39m
  [36m/>[39m

  Name "":
  [36m<p[39m
    [33mclass[39m=[32m"MuiFormHelperText-root MuiFormHelperText-sizeMedium MuiFormHelperText-contained MuiFormHelperText-filled Mui-required css-er619e-MuiFormHelperText-root"[39m
    [33mid[39m=[32m"_r_2pu_-helper-text"[39m
  [36m/>[39m

  Name "":
  [36m<p[39m
    [33mclass[39m=[32m"MuiFormHelperText-root MuiFormHelperText-sizeMedium MuiFormHelperText-contained MuiFormHelperText-filled Mui-required css-er619e-MuiFormHelperText-root"[39m
    [33mid[39m=[32m"_r_2q0_-helper-text"[39m
  [36m/>[39m

  Name "":
  [36m<p[39m
    [33mclass[39m=[32m"MuiFormHelperText-root MuiFormHelperText-sizeMedium MuiFormHelperText-contained MuiFormHelperText-filled Mui-required css-er619e-MuiFormHelperText-root"[39m
    [33mid[39m=[32m"_r_2q1_-helper-text"[39m
  [36m/>[39m

  Name "":
  [36m<p[39m
    [33mclass[39m=[32m"MuiFormHelperText-root MuiFormHelperText-sizeMedium MuiFormHelperText-contained MuiFormHelperText-filled Mui-required css-er619e-MuiFormHelperText-root"[39m
    [33mid[39m=[32m"_r_2q3_-helper-text"[39m
  [36m/>[39m

  Name "":
  [36m<p[39m
    [33mclass[39m=[32m"MuiFormHelperText-root MuiFormHelperText-sizeMedium MuiFormHelperText-contained MuiFormHelperText-filled Mui-required css-er619e-MuiFormHelperText-root"[39m
    [33mid[39m=[32m"_r_2q4_-helper-text"[39m
  [36m/>[39m

  Name "":
  [36m<p[39m
    [33mclass[39m=[32m"MuiFormHelperText-root MuiFormHelperText-sizeMedium MuiFormHelperText-contained MuiFormHelperText-filled Mui-required css-er619e-MuiFormHelperText-root"[39m
    [33mid[39m=[32m"_r_2q6_-helper-text"[39m
  [36m/>[39m

  Name "":
  [36m<p[39m
    [33mclass[39m=[32m"MuiFormHelperText-root MuiFormHelperText-sizeMedium MuiFormHelperText-contained MuiFormHelperText-filled Mui-required css-er619e-MuiFormHelperText-root"[39m
    [33mid[39m=[32m"_r_2q7_-helper-text"[39m
  [36m/>[39m

  Name "":
  [36m<p[39m
    [33mclass[39m=[32m"MuiFormHelperText-root MuiFormHelperText-sizeMedium MuiFormHelperText-contained MuiFormHelperText-filled Mui-required css-er619e-MuiFormHelperText-root"[39m
    [33mid[39m=[32m"_r_2q9_-helper-text"[39m
  [36m/>[39m

  Name "":
  [36m<p[39m
    [33mclass[39m=[32m"MuiFormHelperText-root MuiFormHelperText-sizeMedium MuiFormHelperText-contained MuiFormHelperText-filled Mui-required css-er619e-MuiFormHelperText-root"[39m
    [33mid[39m=[32m"_r_2qa_-helper-text"[39m
  [36m/>[39m

  Name "":
  [36m<p[39m
    [33mclass[39m=[32m"MuiFormHelperText-root MuiFormHelperText-sizeMedium MuiFormHelperText-contained MuiFormHelperText-filled Mui-required css-er619e-MuiFormHelperText-root"[39m
    [33mid[39m=[32m"_r_2qc_-helper-text"[39m
  [36m/>[39m

  Name "":
  [36m<p[39m
    [33mclass[39m=[32m"MuiFormHelperText-root MuiFormHelperText-sizeMedium MuiFormHelperText-contained MuiFormHelperText-filled Mui-required css-er619e-MuiFormHelperText-root"[39m
    [33mid[39m=[32m"_r_2qd_-helper-text"[39m
  [36m/>[39m

  Name "":
  [36m<p[39m
    [33mclass[39m=[32m"MuiFormHelperText-root MuiFormHelperText-sizeMedium MuiFormHelperText-contained MuiFormHelperText-filled Mui-required css-er619e-MuiFormHelperText-root"[39m
    [33mid[39m=[32m"_r_2qf_-helper-text"[39m
  [36m/>[39m

  Name "":
  [36m<p[39m
    [33mclass[39m=[32m"MuiFormHelperText-root MuiFormHelperText-sizeMedium MuiFormHelperText-contained MuiFormHelperText-filled Mui-required css-er619e-MuiFormHelperText-root"[39m
    [33mid[39m=[32m"_r_2qg_-helper-text"[39m
  [36m/>[39m

  Name "":
  [36m<p[39m
    [33mclass[39m=[32m"MuiFormHelperText-root MuiFormHelperText-sizeMedium MuiFormHelperText-contained MuiFormHelperText-filled Mui-required css-er619e-MuiFormHelperText-root"[39m
    [33mid[39m=[32m"_r_2qi_-helper-text"[39m
  [36m/>[39m

  Name "":
  [36m<p[39m
    [33mclass[39m=[32m"MuiFormHelperText-root MuiFormHelperText-sizeMedium MuiFormHelperText-contained MuiFormHelperText-filled Mui-required css-er619e-MuiFormHelperText-root"[39m
    [33mid[39m=[32m"_r_2qj_-helper-text"[39m
  [36m/>[39m

  Name "":
  [36m<p[39m
    [33mclass[39m=[32m"MuiFormHelperText-root MuiFormHelperText-sizeMedium MuiFormHelperText-contained MuiFormHelperText-filled Mui-required css-er619e-MuiFormHelperText-root"[39m
    [33mid[39m=[32m"_r_2ql_-helper-text"[39m
  [36m/>[39m

  Name "":
  [36m<p[39m
    [33mclass[39m=[32m"MuiFormHelperText-root MuiFormHelperText-sizeMedium MuiFormHelperText-contained MuiFormHelperText-filled Mui-required css-er619e-MuiFormHelperText-root"[39m
    [33mid[39m=[32m"_r_2qm_-helper-text"[39m
  [36m/>[39m

  Name "":
  [36m<p[39m
    [33mclass[39m=[32m"MuiFormHelperText-root MuiFormHelperText-sizeMedium MuiFormHelperText-contained MuiFormHelperText-filled Mui-required css-er619e-MuiFormHelperText-root"[39m
    [33mid[39m=[32m"_r_2qo_-helper-text"[39m
  [36m/>[39m

  Name "":
  [36m<p[39m
    [33mclass[39m=[32m"MuiFormHelperText-root MuiFormHelperText-sizeMedium MuiFormHelperText-contained MuiFormHelperText-filled Mui-required css-er619e-MuiFormHelperText-root"[39m
    [33mid[39m=[32m"_r_2qp_-helper-text"[39m
  [36m/>[39m

  Name "":
  [36m<p[39m
    [33mclass[39m=[32m"MuiFormHelperText-root MuiFormHelperText-sizeMedium MuiFormHelperText-contained MuiFormHelperText-filled Mui-required css-er619e-MuiFormHelperText-root"[39m
    [33mid[39m=[32m"_r_2qr_-helper-text"[39m
  [36m/>[39m

  Name "":
  [36m<p[39m
    [33mclass[39m=[32m"MuiFormHelperText-root MuiFormHelperText-sizeMedium MuiFormHelperText-contained MuiFormHelperText-filled Mui-required css-er619e-MuiFormHelperText-root"[39m
    [33mid[39m=[32m"_r_2qs_-helper-text"[39m
  [36m/>[39m

  Name "":
  [36m<p[39m
    [33mclass[39m=[32m"MuiFormHelperText-root MuiFormHelperText-sizeMedium MuiFormHelperText-contained MuiFormHelperText-filled Mui-required css-er619e-MuiFormHelperText-root"[39m
    [33mid[39m=[32m"_r_2qu_-helper-text"[39m
  [36m/>[39m

  Name "":
  [36m<p[39m
    [33mclass[39m=[32m"MuiFormHelperText-root MuiFormHelperText-sizeMedium MuiFormHelperText-contained MuiFormHelperText-filled Mui-required css-er619e-MuiFormHelperText-root"[39m
    [33mid[39m=[32m"_r_2qv_-helper-text"[39m
  [36m/>[39m

  Name "":
  [36m<p[39m
    [33mclass[39m=[32m"MuiFormHelperText-root MuiFormHelperText-sizeMedium MuiFormHelperText-contained MuiFormHelperText-filled Mui-required css-er619e-MuiFormHelperText-root"[39m
    [33mid[39m=[32m"_r_2r1_-helper-text"[39m
  [36m/>[39m

  Name "":
  [36m<p[39m
    [33mclass[39m=[32m"MuiFormHelperText-root MuiFormHelperText-sizeMedium MuiFormHelperText-contained MuiFormHelperText-filled Mui-required css-er619e-MuiFormHelperText-root"[39m
    [33mid[39m=[32m"_r_2r2_-helper-text"[39m
  [36m/>[39m

  Name "":
  [36m<p[39m
    [33mclass[39m=[32m"MuiFormHelperText-root MuiFormHelperText-sizeMedium MuiFormHelperText-contained MuiFormHelperText-filled Mui-required css-er619e-MuiFormHelperText-root"[39m
    [33mid[39m=[32m"_r_2r4_-helper-text"[39m
  [36m/>[39m

  Name "":
  [36m<p[39m
    [33mclass[39m=[32m"MuiFormHelperText-root MuiFormHelperText-sizeMedium MuiFormHelperText-contained MuiFormHelperText-filled Mui-required css-er619e-MuiFormHelperText-root"[39m
    [33mid[39m=[32m"_r_2r5_-helper-text"[39m
  [36m/>[39m

  Name "":
  [36m<p[39m
    [33mclass[39m=[32m"MuiFormHelperText-root MuiFormHelperText-sizeMedium MuiFormHelperText-contained MuiFormHelperText-filled Mui-required css-er619e-MuiFormHelperText-root"[39m
    [33mid[39m=[32m"_r_2r7_-helper-text"[39m
  [36m/>[39m

  Name "":
  [36m<p[39m
    [33mclass[39m=[32m"MuiFormHelperText-root MuiFormHelperText-sizeMedium MuiFormHelperText-contained MuiFormHelperText-filled Mui-required css-er619e-MuiFormHelperText-root"[39m
    [33mid[39m=[32m"_r_2r8_-helper-text"[39m
  [36m/>[39m

  Name "":
  [36m<p[39m
    [33mclass[39m=[32m"MuiFormHelperText-root MuiFormHelperText-sizeMedium MuiFormHelperText-contained MuiFormHelperText-filled Mui-required css-er619e-MuiFormHelperText-root"[39m
    [33mid[39m=[32m"_r_2ra_-helper-text"[39m
  [36m/>[39m

  Name "":
  [36m<p[39m
    [33mclass[39m=[32m"MuiFormHelperText-root MuiFormHelperText-sizeMedium MuiFormHelperText-contained MuiFormHelperText-filled Mui-required css-er619e-MuiFormHelperText-root"[39m
    [33mid[39m=[32m"_r_2rb_-helper-text"[39m
  [36m/>[39m

  Name "":
  [36m<p[39m
    [33mclass[39m=[32m"MuiFormHelperText-root MuiFormHelperText-sizeMedium MuiFormHelperText-contained MuiFormHelperText-filled Mui-required css-er619e-MuiFormHelperText-root"[39m
    [33mid[39m=[32m"_r_2rd_-helper-text"[39m
  [36m/>[39m

  Name "":
  [36m<p[39m
    [33mclass[39m=[32m"MuiFormHelperText-root MuiFormHelperText-sizeMedium MuiFormHelperText-contained MuiFormHelperText-filled Mui-required css-er619e-MuiFormHelperText-root"[39m
    [33mid[39m=[32m"_r_2re_-helper-text"[39m
  [36m/>[39m

  Name "":
  [36m<p[39m
    [33mclass[39m=[32m"MuiFormHelperText-root MuiFormHelperText-sizeMedium MuiFormHelperText-contained MuiFormHelperText-filled Mui-required css-er619e-MuiFormHelperText-root"[39m
    [33mid[39m=[32m"_r_2rg_-helper-text"[39m
  [36m/>[39m

  Name "":
  [36m<p[39m
    [33mclass[39m=[32m"MuiFormHelperText-root MuiFormHelperText-sizeMedium MuiFormHelperText-contained MuiFormHelperText-filled Mui-required css-er619e-MuiFormHelperText-root"[39m
    [33mid[39m=[32m"_r_2rh_-helper-text"[39m
  [36m/>[39m

  Name "":
  [36m<p[39m
    [33mclass[39m=[32m"MuiFormHelperText-root MuiFormHelperText-sizeMedium MuiFormHelperText-contained MuiFormHelperText-filled Mui-required css-er619e-MuiFormHelperText-root"[39m
    [33mid[39m=[32m"_r_2rj_-helper-text"[39m
  [36m/>[39m

  Name "":
  [36m<p[39m
    [33mclass[39m=[32m"MuiFormHelperText-root MuiFormHelperText-sizeMedium MuiFormHelperText-contained MuiFormHelperText-filled Mui-required css-er619e-MuiFormHelperText-root"[39m
    [33mid[39m=[32m"_r_2rk_-helper-text"[39m
  [36m/>[39m

  Name "":
  [36m<p[39m
    [33mclass[39m=[32m"MuiFormHelperText-root MuiFormHelperText-sizeMedium MuiFormHelperText-contained MuiFormHelperText-filled Mui-required css-er619e-MuiFormHelperText-root"[39m
    [33mid[39m=[32m"_r_2rm_-helper-text"[39m
  [36m/>[39m

  Name "":
  [36m<p[39m
    [33mclass[39m=[32m"MuiFormHelperText-root MuiFormHelperText-sizeMedium MuiFormHelperText-contained MuiFormHelperText-filled Mui-required css-er619e-MuiFormHelperText-root"[39m
    [33mid[39m=[32m"_r_2rn_-helper-text"[39m
  [36m/>[39m

  Name "":
  [36m<p[39m
    [33mclass[39m=[32m"MuiFormHelperText-root MuiFormHelperText-sizeMedium MuiFormHelperText-contained MuiFormHelperText-filled Mui-required css-er619e-MuiFormHelperText-root"[39m
    [33mid[39m=[32m"_r_2rp_-helper-text"[39m
  [36m/>[39m

  Name "":
  [36m<p[39m
    [33mclass[39m=[32m"MuiFormHelperText-root MuiFormHelperText-sizeMedium MuiFormHelperText-contained MuiFormHelperText-filled Mui-required css-er619e-MuiFormHelperText-root"[39m
    [33mid[39m=[32m"_r_2rq_-helper-text"[39m
  [36m/>[39m

  Name "":
  [36m<p[39m
    [33mclass[39m=[32m"MuiFormHelperText-root MuiFormHelperText-sizeMedium MuiFormHelperText-contained MuiFormHelperText-filled Mui-required css-er619e-MuiFormHelperText-root"[39m
    [33mid[39m=[32m"_r_2rs_-helper-text"[39m
  [36m/>[39m

  Name "":
  [36m<p[39m
    [33mclass[39m=[32m"MuiFormHelperText-root MuiFormHelperText-sizeMedium MuiFormHelperText-contained MuiFormHelperText-filled Mui-required css-er619e-MuiFormHelperText-root"[39m
    [33mid[39m=[32m"_r_2rt_-helper-text"[39m
  [36m/>[39m

  Name "":
  [36m<p[39m
    [33mclass[39m=[32m"MuiFormHelperText-root MuiFormHelperText-sizeMedium MuiFormHelperText-contained MuiFormHelperText-filled Mui-required css-er619e-MuiFormHelperText-root"[39m
    [33mid[39m=[32m"_r_2rv_-helper-text"[39m
  [36m/>[39m

  Name "":
  [36m<p[39m
    [33mclass[39m=[32m"MuiFormHelperText-root MuiFormHelperText-sizeMedium MuiFormHelperText-contained MuiFormHelperText-filled Mui-required css-er619e-MuiFormHelperText-root"[39m
    [33mid[39m=[32m"_r_2s0_-helper-text"[39m
  [36m/>[39m

  Name "":
  [36m<p[39m
    [33mclass[39m=[32m"MuiFormHelperText-root MuiFormHelperText-sizeMedium MuiFormHelperText-contained MuiFormHelperText-filled Mui-required css-er619e-MuiFormHelperText-root"[39m
    [33mid[39m=[32m"_r_2s2_-helper-text"[39m
  [36m/>[39m

  Name "":
  [36m<p[39m
    [33mclass[39m=[32m"MuiFormHelperText-root MuiFormHelperText-sizeMedium MuiFormHelperText-contained MuiFormHelperText-filled Mui-required css-er619e-MuiFormHelperText-root"[39m
    [33mid[39m=[32m"_r_2s3_-helper-text"[39m
  [36m/>[39m

  Name "":
  [36m<p[39m
    [33mclass[39m=[32m"MuiFormHelperText-root MuiFormHelperText-sizeMedium MuiFormHelperText-contained MuiFormHelperText-filled Mui-required css-er619e-MuiFormHelperText-root"[39m
    [33mid[39m=[32m"_r_2s5_-helper-text"[39m
  [36m/>[39m

  Name "":
  [36m<p[39m
    [33mclass[39m=[32m"MuiFormHelperText-root MuiFormHelperText-sizeMedium MuiFormHelperText-contained MuiFormHelperText-filled Mui-required css-er619e-MuiFormHelperText-root"[39m
    [33mid[39m=[32m"_r_2s6_-helper-text"[39m
  [36m/>[39m

  Name "":
  [36m<p[39m
    [33mclass[39m=[32m"MuiFormHelperText-root MuiFormHelperText-sizeMedium MuiFormHelperText-contained MuiFormHelperText-filled Mui-required css-er619e-MuiFormHelperText-root"[39m
    [33mid[39m=[32m"_r_2s8_-helper-text"[39m
  [36m/>[39m

  Name "":
  [36m<p[39m
    [33mclass[39m=[32m"MuiFormHelperText-root MuiFormHelperText-sizeMedium MuiFormHelperText-contained MuiFormHelperText-filled Mui-required css-er619e-MuiFormHelperText-root"[39m
    [33mid[39m=[32m"_r_2s9_-helper-text"[39m
  [36m/>[39m

  Name "":
  [36m<p[39m
    [33mclass[39m=[32m"MuiFormHelperText-root MuiFormHelperText-sizeMedium MuiFormHelperText-contained MuiFormHelperText-filled Mui-required css-er619e-MuiFormHelperText-root"[39m
    [33mid[39m=[32m"_r_2sb_-helper-text"[39m
  [36m/>[39m

  Name "":
  [36m<p[39m
    [33mclass[39m=[32m"MuiFormHelperText-root MuiFormHelperText-sizeMedium MuiFormHelperText-contained MuiFormHelperText-filled Mui-required css-er619e-MuiFormHelperText-root"[39m
    [33mid[39m=[32m"_r_2sc_-helper-text"[39m
  [36m/>[39m

  Name "":
  [36m<p[39m
    [33mclass[39m=[32m"MuiFormHelperText-root MuiFormHelperText-sizeMedium MuiFormHelperText-contained MuiFormHelperText-filled Mui-required css-er619e-MuiFormHelperText-root"[39m
    [33mid[39m=[32m"_r_2se_-helper-text"[39m
  [36m/>[39m

  Name "":
  [36m<p[39m
    [33mclass[39m=[32m"MuiFormHelperText-root MuiFormHelperText-sizeMedium MuiFormHelperText-contained MuiFormHelperText-filled Mui-required css-er619e-MuiFormHelperText-root"[39m
    [33mid[39m=[32m"_r_2sf_-helper-text"[39m
  [36m/>[39m

  Name "":
  [36m<p[39m
    [33mclass[39m=[32m"MuiFormHelperText-root MuiFormHelperText-sizeMedium MuiFormHelperText-contained MuiFormHelperText-filled Mui-required css-er619e-MuiFormHelperText-root"[39m
    [33mid[39m=[32m"_r_2sh_-helper-text"[39m
  [36m/>[39m

  Name "":
  [36m<p[39m
    [33mclass[39m=[32m"MuiFormHelperText-root MuiFormHelperText-sizeMedium MuiFormHelperText-contained MuiFormHelperText-filled Mui-required css-er619e-MuiFormHelperText-root"[39m
    [33mid[39m=[32m"_r_2si_-helper-text"[39m
  [36m/>[39m

  Name "":
  [36m<p[39m
    [33mclass[39m=[32m"MuiFormHelperText-root MuiFormHelperText-sizeMedium MuiFormHelperText-contained MuiFormHelperText-filled Mui-required css-er619e-MuiFormHelperText-root"[39m
    [33mid[39m=[32m"_r_2sk_-helper-text"[39m
  [36m/>[39m

  Name "":
  [36m<p[39m
    [33mclass[39m=[32m"MuiFormHelperText-root MuiFormHelperText-sizeMedium MuiFormHelperText-contained MuiFormHelperText-filled Mui-required css-er619e-MuiFormHelperText-root"[39m
    [33mid[39m=[32m"_r_2sl_-helper-text"[39m
  [36m/>[39m

  Name "":
  [36m<p[39m
    [33mclass[39m=[32m"MuiFormHelperText-root MuiFormHelperText-sizeMedium MuiFormHelperText-contained MuiFormHelperText-filled Mui-required css-er619e-MuiFormHelperText-root"[39m
    [33mid[39m=[32m"_r_2sn_-helper-text"[39m
  [36m/>[39m

  Name "":
  [36m<p[39m
    [33mclass[39m=[32m"MuiFormHelperText-root MuiFormHelperText-sizeMedium MuiFormHelperText-contained MuiFormHelperText-filled Mui-required css-er619e-MuiFormHelperText-root"[39m
    [33mid[39m=[32m"_r_2so_-helper-text"[39m
  [36m/>[39m

  Name "":
  [36m<p[39m
    [33mclass[39m=[32m"MuiFormHelperText-root MuiFormHelperText-sizeMedium MuiFormHelperText-contained MuiFormHelperText-filled Mui-required css-er619e-MuiFormHelperText-root"[39m
    [33mid[39m=[32m"_r_2sq_-helper-text"[39m
  [36m/>[39m

  Name "":
  [36m<p[39m
    [33mclass[39m=[32m"MuiFormHelperText-root MuiFormHelperText-sizeMedium MuiFormHelperText-contained MuiFormHelperText-filled Mui-required css-er619e-MuiFormHelperText-root"[39m
    [33mid[39m=[32m"_r_2sr_-helper-text"[39m
  [36m/>[39m

  Name "":
  [36m<p[39m
    [33mclass[39m=[32m"MuiFormHelperText-root MuiFormHelperText-sizeMedium MuiFormHelperText-contained MuiFormHelperText-filled Mui-required css-er619e-MuiFormHelperText-root"[39m
    [33mid[39m=[32m"_r_2st_-helper-text"[39m
  [36m/>[39m

  Name "":
  [36m<p[39m
    [33mclass[39m=[32m"MuiFormHelperText-root MuiFormHelperText-sizeMedium MuiFormHelperText-contained MuiFormHelperText-filled Mui-required css-er619e-MuiFormHelperText-root"[39m
    [33mid[39m=[32m"_r_2su_-helper-text"[39m
  [36m/>[39m

  Name "":
  [36m<p[39m
    [33mclass[39m=[32m"MuiFormHelperText-root MuiFormHelperText-sizeMedium MuiFormHelperText-contained MuiFormHelperText-filled Mui-required css-er619e-MuiFormHelperText-root"[39m
    [33mid[39m=[32m"_r_2t0_-helper-text"[39m
  [36m/>[39m

  Name "":
  [36m<p[39m
    [33mclass[39m=[32m"MuiFormHelperText-root MuiFormHelperText-sizeMedium MuiFormHelperText-contained MuiFormHelperText-filled Mui-required css-er619e-MuiFormHelperText-root"[39m
    [33mid[39m=[32m"_r_2t1_-helper-text"[39m
  [36m/>[39m

  Name "":
  [36m<p[39m
    [33mclass[39m=[32m"MuiFormHelperText-root MuiFormHelperText-sizeMedium MuiFormHelperText-contained MuiFormHelperText-filled Mui-required css-er619e-MuiFormHelperText-root"[39m
    [33mid[39m=[32m"_r_2t3_-helper-text"[39m
  [36m/>[39m

  Name "":
  [36m<p[39m
    [33mclass[39m=[32m"MuiFormHelperText-root MuiFormHelperText-sizeMedium MuiFormHelperText-contained MuiFormHelperText-filled Mui-required css-er619e-MuiFormHelperText-root"[39m
    [33mid[39m=[32m"_r_2t4_-helper-text"[39m
  [36m/>[39m

  Name "":
  [36m<p[39m
    [33mclass[39m=[32m"MuiFormHelperText-root MuiFormHelperText-sizeMedium MuiFormHelperText-contained MuiFormHelperText-filled Mui-required css-er619e-MuiFormHelperText-root"[39m
    [33mid[39m=[32m"_r_2t6_-helper-text"[39m
  [36m/>[39m

  Name "":
  [36m<p[39m
    [33mclass[39m=[32m"MuiFormHelperText-root MuiFormHelperText-sizeMedium MuiFormHelperText-contained MuiFormHelperText-filled Mui-required css-er619e-MuiFormHelperText-root"[39m
    [33mid[39m=[32m"_r_2t7_-helper-text"[39m
  [36m/>[39m

  Name "":
  [36m<p[39m
    [33mclass[39m=[32m"MuiFormHelperText-root MuiFormHelperText-sizeMedium MuiFormHelperText-contained MuiFormHelperText-filled Mui-required css-er619e-MuiFormHelperText-root"[39m
    [33mid[39m=[32m"_r_2t9_-helper-text"[39m
  [36m/>[39m

  Name "":
  [36m<p[39m
    [33mclass[39m=[32m"MuiFormHelperText-root MuiFormHelperText-sizeMedium MuiFormHelperText-contained MuiFormHelperText-filled Mui-required css-er619e-MuiFormHelperText-root"[39m
    [33mid[39m=[32m"_r_2ta_-helper-text"[39m
  [36m/>[39m

  Name "":
  [36m<p[39m
    [33mclass[39m=[32m"MuiFormHelperText-root MuiFormHelperText-sizeMedium MuiFormHelperText-contained MuiFormHelperText-filled Mui-required css-er619e-MuiFormHelperText-root"[39m
    [33mid[39m=[32m"_r_2tc_-helper-text"[39m
  [36m/>[39m

  Name "":
  [36m<p[39m
    [33mclass[39m=[32m"MuiFormHelperText-root MuiFormHelperText-sizeMedium MuiFormHelperText-contained MuiFormHelperText-filled Mui-required css-er619e-MuiFormHelperText-root"[39m
    [33mid[39m=[32m"_r_2td_-helper-text"[39m
  [36m/>[39m

  Name "":
  [36m<p[39m
    [33mclass[39m=[32m"MuiFormHelperText-root MuiFormHelperText-sizeMedium MuiFormHelperText-contained MuiFormHelperText-filled Mui-required css-er619e-MuiFormHelperText-root"[39m
    [33mid[39m=[32m"_r_2tf_-helper-text"[39m
  [36m/>[39m

  Name "":
  [36m<p[39m
    [33mclass[39m=[32m"MuiFormHelperText-root MuiFormHelperText-sizeMedium MuiFormHelperText-contained MuiFormHelperText-filled Mui-required css-er619e-MuiFormHelperText-root"[39m
    [33mid[39m=[32m"_r_2tg_-helper-text"[39m
  [36m/>[39m

  Name "":
  [36m<p[39m
    [33mclass[39m=[32m"MuiFormHelperText-root MuiFormHelperText-sizeMedium MuiFormHelperText-contained MuiFormHelperText-filled Mui-required css-er619e-MuiFormHelperText-root"[39m
    [33mid[39m=[32m"_r_2ti_-helper-text"[39m
  [36m/>[39m

  Name "":
  [36m<p[39m
    [33mclass[39m=[32m"MuiFormHelperText-root MuiFormHelperText-sizeMedium MuiFormHelperText-contained MuiFormHelperText-filled Mui-required css-er619e-MuiFormHelperText-root"[39m
    [33mid[39m=[32m"_r_2tj_-helper-text"[39m
  [36m/>[39m

  Name "":
  [36m<p[39m
    [33mclass[39m=[32m"MuiFormHelperText-root MuiFormHelperText-sizeMedium MuiFormHelperText-contained MuiFormHelperText-filled Mui-required css-er619e-MuiFormHelperText-root"[39m
    [33mid[39m=[32m"_r_2tl_-helper-text"[39m
  [36m/>[39m

  Name "":
  [36m<p[39m
    [33mclass[39m=[32m"MuiFormHelperText-root MuiFormHelperText-sizeMedium MuiFormHelperText-contained MuiFormHelperText-filled Mui-required css-er619e-MuiFormHelperText-root"[39m
    [33mid[39m=[32m"_r_2tm_-helper-text"[39m
  [36m/>[39m

  Name "":
  [36m<p[39m
    [33mclass[39m=[32m"MuiFormHelperText-root MuiFormHelperText-sizeMedium MuiFormHelperText-contained MuiFormHelperText-filled Mui-required css-er619e-MuiFormHelperText-root"[39m
    [33mid[39m=[32m"_r_2to_-helper-text"[39m
  [36m/>[39m

  Name "":
  [36m<p[39m
    [33mclass[39m=[32m"MuiFormHelperText-root MuiFormHelperText-sizeMedium MuiFormHelperText-contained MuiFormHelperText-filled Mui-required css-er619e-MuiFormHelperText-root"[39m
    [33mid[39m=[32m"_r_2tp_-helper-text"[39m
  [36m/>[39m

  Name "":
  [36m<p[39m
    [33mclass[39m=[32m"MuiFormHelperText-root MuiFormHelperText-sizeMedium MuiFormHelperText-contained MuiFormHelperText-filled Mui-required css-er619e-MuiFormHelperText-root"[39m
    [33mid[39m=[32m"_r_2tr_-helper-text"[39m
  [36m/>[39m

  Name "":
  [36m<p[39m
    [33mclass[39m=[32m"MuiFormHelperText-root MuiFormHelperText-sizeMedium MuiFormHelperText-contained MuiFormHelperText-filled Mui-required css-er619e-MuiFormHelperText-root"[39m
    [33mid[39m=[32m"_r_2ts_-helper-text"[39m
  [36m/>[39m

  Name "":
  [36m<p[39m
    [33mclass[39m=[32m"MuiFormHelperText-root MuiFormHelperText-sizeMedium MuiFormHelperText-contained MuiFormHelperText-filled Mui-required css-er619e-MuiFormHelperText-root"[39m
    [33mid[39m=[32m"_r_2tu_-helper-text"[39m
  [36m/>[39m

  Name "":
  [36m<p[39m
    [33mclass[39m=[32m"MuiFormHelperText-root MuiFormHelperText-sizeMedium MuiFormHelperText-contained MuiFormHelperText-filled Mui-required css-er619e-MuiFormHelperText-root"[39m
    [33mid[39m=[32m"_r_2tv_-helper-text"[39m
  [36m/>[39m

  Name "":
  [36m<p[39m
    [33mclass[39m=[32m"MuiFormHelperText-root MuiFormHelperText-sizeMedium MuiFormHelperText-contained MuiFormHelperText-filled Mui-required css-er619e-MuiFormHelperText-root"[39m
    [33mid[39m=[32m"_r_2u1_-helper-text"[39m
  [36m/>[39m

  Name "":
  [36m<p[39m
    [33mclass[39m=[32m"MuiFormHelperText-root MuiFormHelperText-sizeMedium MuiFormHelperText-contained MuiFormHelperText-filled Mui-required css-er619e-MuiFormHelperText-root"[39m
    [33mid[39m=[32m"_r_2u2_-helper-text"[39m
  [36m/>[39m

  Name "":
  [36m<p[39m
    [33mclass[39m=[32m"MuiFormHelperText-root MuiFormHelperText-sizeMedium MuiFormHelperText-contained MuiFormHelperText-filled Mui-required css-er619e-MuiFormHelperText-root"[39m
    [33mid[39m=[32m"_r_2u4_-helper-text"[39m
  [36m/>[39m

  Name "":
  [36m<p[39m
    [33mclass[39m=[32m"MuiFormHelperText-root MuiFormHelperText-sizeMedium MuiFormHelperText-contained MuiFormHelperText-filled Mui-required css-er619e-MuiFormHelperText-root"[39m
    [33mid[39m=[32m"_r_2u5_-helper-text"[39m
  [36m/>[39m

  Name "":
  [36m<p[39m
    [33mclass[39m=[32m"MuiFormHelperText-root MuiFormHelperText-sizeMedium MuiFormHelperText-contained MuiFormHelperText-filled Mui-required css-er619e-MuiFormHelperText-root"[39m
    [33mid[39m=[32m"_r_2u7_-helper-text"[39m
  [36m/>[39m

  Name "":
  [36m<p[39m
    [33mclass[39m=[32m"MuiFormHelperText-root MuiFormHelperText-sizeMedium MuiFormHelperText-contained MuiFormHelperText-filled Mui-required css-er619e-MuiFormHelperText-root"[39m
    [33mid[39m=[32m"_r_2u8_-helper-text"[39m
  [36m/>[39m

  Name "":
  [36m<p[39m
    [33mclass[39m=[32m"MuiFormHelperText-root MuiFormHelperText-sizeMedium MuiFormHelperText-contained MuiFormHelperText-filled Mui-required css-er619e-MuiFormHelperText-root"[39m
    [33mid[39m=[32m"_r_2ua_-helper-text"[39m
  [36m/>[39m

  Name "":
  [36m<p[39m
    [33mclass[39m=[32m"MuiFormHelperText-root MuiFormHelperText-sizeMedium MuiFormHelperText-contained MuiFormHelperText-filled Mui-required css-er619e-MuiFormHelperText-root"[39m
    [33mid[39m=[32m"_r_2ub_-helper-text"[39m
  [36m/>[39m

  Name "":
  [36m<p[39m
    [33mclass[39m=[32m"MuiFormHelperText-root MuiFormHelperText-sizeMedium MuiFormHelperText-contained MuiFormHelperText-filled Mui-required css-er619e-MuiFormHelperText-root"[39m
    [33mid[39m=[32m"_r_2ud_-helper-text"[39m
  [36m/>[39m

  Name "":
  [36m<p[39m
    [33mclass[39m=[32m"MuiFormHelperText-root MuiFormHelperText-sizeMedium MuiFormHelperText-contained MuiFormHelperText-filled Mui-required css-er619e-MuiFormHelperText-root"[39m
    [33mid[39m=[32m"_r_2ue_-helper-text"[39m
  [36m/>[39m

  Name "":
  [36m<p[39m
    [33mclass[39m=[32m"MuiFormHelperText-root MuiFormHelperText-sizeMedium MuiFormHelperText-contained MuiFormHelperText-filled Mui-required css-er619e-MuiFormHelperText-root"[39m
    [33mid[39m=[32m"_r_2ug_-helper-text"[39m
  [36m/>[39m

  Name "":
  [36m<p[39m
    [33mclass[39m=[32m"MuiFormHelperText-root MuiFormHelperText-sizeMedium MuiFormHelperText-contained MuiFormHelperText-filled Mui-required css-er619e-MuiFormHelperText-root"[39m
    [33mid[39m=[32m"_r_2uh_-helper-text"[39m
  [36m/>[39m

  Name "":
  [36m<p[39m
    [33mclass[39m=[32m"MuiFormHelperText-root MuiFormHelperText-sizeMedium MuiFormHelperText-contained MuiFormHelperText-filled Mui-required css-er619e-MuiFormHelperText-root"[39m
    [33mid[39m=[32m"_r_2uj_-helper-text"[39m
  [36m/>[39m

  Name "":
  [36m<p[39m
    [33mclass[39m=[32m"MuiFormHelperText-root MuiFormHelperText-sizeMedium MuiFormHelperText-contained MuiFormHelperText-filled Mui-required css-er619e-MuiFormHelperText-root"[39m
    [33mid[39m=[32m"_r_2uk_-helper-text"[39m
  [36m/>[39m

  Name "":
  [36m<p[39m
    [33mclass[39m=[32m"MuiFormHelperText-root MuiFormHelperText-sizeMedium MuiFormHelperText-contained MuiFormHelperText-filled Mui-required css-er619e-MuiFormHelperText-root"[39m
    [33mid[39m=[32m"_r_2um_-helper-text"[39m
  [36m/>[39m

  Name "":
  [36m<p[39m
    [33mclass[39m=[32m"MuiFormHelperText-root MuiFormHelperText-sizeMedium MuiFormHelperText-contained MuiFormHelperText-filled Mui-required css-er619e-MuiFormHelperText-root"[39m
    [33mid[39m=[32m"_r_2un_-helper-text"[39m
  [36m/>[39m

  Name "":
  [36m<p[39m
    [33mclass[39m=[32m"MuiFormHelperText-root MuiFormHelperText-sizeMedium MuiFormHelperText-contained MuiFormHelperText-filled Mui-required css-er619e-MuiFormHelperText-root"[39m
    [33mid[39m=[32m"_r_2up_-helper-text"[39m
  [36m/>[39m

  Name "":
  [36m<p[39m
    [33mclass[39m=[32m"MuiFormHelperText-root MuiFormHelperText-sizeMedium MuiFormHelperText-contained MuiFormHelperText-filled Mui-required css-er619e-MuiFormHelperText-root"[39m
    [33mid[39m=[32m"_r_2uq_-helper-text"[39m
  [36m/>[39m

  Name "":
  [36m<p[39m
    [33mclass[39m=[32m"MuiFormHelperText-root MuiFormHelperText-sizeMedium MuiFormHelperText-contained MuiFormHelperText-filled Mui-required css-er619e-MuiFormHelperText-root"[39m
    [33mid[39m=[32m"_r_2us_-helper-text"[39m
  [36m/>[39m

  Name "":
  [36m<p[39m
    [33mclass[39m=[32m"MuiFormHelperText-root MuiFormHelperText-sizeMedium MuiFormHelperText-contained MuiFormHelperText-filled Mui-required css-er619e-MuiFormHelperText-root"[39m
    [33mid[39m=[32m"_r_2ut_-helper-text"[39m
  [36m/>[39m

  Name "":
  [36m<p[39m
    [33mclass[39m=[32m"MuiFormHelperText-root MuiFormHelperText-sizeMedium MuiFormHelperText-contained MuiFormHelperText-filled Mui-required css-er619e-MuiFormHelperText-root"[39m
    [33mid[39m=[32m"_r_2uv_-helper-text"[39m
  [36m/>[39m

  Name "":
  [36m<p[39m
    [33mclass[39m=[32m"MuiFormHelperText-root MuiFormHelperText-sizeMedium MuiFormHelperText-contained MuiFormHelperText-filled Mui-required css-er619e-MuiFormHelperText-root"[39m
    [33mid[39m=[32m"_r_2v0_-helper-text"[39m
  [36m/>[39m

  Name "":
  [36m<p[39m
    [33mclass[39m=[32m"MuiFormHelperText-root MuiFormHelperText-sizeMedium MuiFormHelperText-contained MuiFormHelperText-filled Mui-required css-er619e-MuiFormHelperText-root"[39m
    [33mid[39m=[32m"_r_2v2_-helper-text"[39m
  [36m/>[39m

  Name "":
  [36m<p[39m
    [33mclass[39m=[32m"MuiFormHelperText-root MuiFormHelperText-sizeMedium MuiFormHelperText-contained MuiFormHelperText-filled Mui-required css-er619e-MuiFormHelperText-root"[39m
    [33mid[39m=[32m"_r_2v3_-helper-text"[39m
  [36m/>[39m

  Name "":
  [36m<p[39m
    [33mclass[39m=[32m"MuiFormHelperText-root MuiFormHelperText-sizeMedium MuiFormHelperText-contained MuiFormHelperText-filled Mui-required css-er619e-MuiFormHelperText-root"[39m
    [33mid[39m=[32m"_r_2v5_-helper-text"[39m
  [36m/>[39m

  Name "":
  [36m<p[39m
    [33mclass[39m=[32m"MuiFormHelperText-root MuiFormHelperText-sizeMedium MuiFormHelperText-contained MuiFormHelperText-filled Mui-required css-er619e-MuiFormHelperText-root"[39m
    [33mid[39m=[32m"_r_2v6_-helper-text"[39m
  [36m/>[39m

  Name "":
  [36m<p[39m
    [33mclass[39m=[32m"MuiFormHelperText-root MuiFormHelperText-sizeMedium MuiFormHelperText-contained MuiFormHelperText-filled Mui-required css-er619e-MuiFormHelperText-root"[39m
    [33mid[39m=[32m"_r_2v8_-helper-text"[39m
  [36m/>[39m

  Name "":
  [36m<p[39m
    [33mclass[39m=[32m"MuiFormHelperText-root MuiFormHelperText-sizeMedium MuiFormHelperText-contained MuiFormHelperText-filled Mui-required css-er619e-MuiFormHelperText-root"[39m
    [33mid[39m=[32m"_r_2v9_-helper-text"[39m
  [36m/>[39m

  Name "":
  [36m<p[39m
    [33mclass[39m=[32m"MuiFormHelperText-root MuiFormHelperText-sizeMedium MuiFormHelperText-contained MuiFormHelperText-filled Mui-required css-er619e-MuiFormHelperText-root"[39m
    [33mid[39m=[32m"_r_2vb_-helper-text"[39m
  [36m/>[39m

  Name "":
  [36m<p[39m
    [33mclass[39m=[32m"MuiFormHelperText-root MuiFormHelperText-sizeMedium MuiFormHelperText-contained MuiFormHelperText-filled Mui-required css-er619e-MuiFormHelperText-root"[39m
    [33mid[39m=[32m"_r_2vc_-helper-text"[39m
  [36m/>[39m

  Name "":
  [36m<p[39m
    [33mclass[39m=[32m"MuiFormHelperText-root MuiFormHelperText-sizeMedium MuiFormHelperText-contained MuiFormHelperText-filled Mui-required css-er619e-MuiFormHelperText-root"[39m
    [33mid[39m=[32m"_r_2ve_-helper-text"[39m
  [36m/>[39m

  Name "":
  [36m<p[39m
    [33mclass[39m=[32m"MuiFormHelperText-root MuiFormHelperText-sizeMedium MuiFormHelperText-contained MuiFormHelperText-filled Mui-required css-er619e-MuiFormHelperText-root"[39m
    [33mid[39m=[32m"_r_2vf_-helper-text"[39m
  [36m/>[39m

  Name "":
  [36m<p[39m
    [33mclass[39m=[32m"MuiFormHelperText-root MuiFormHelperText-sizeMedium MuiFormHelperText-contained MuiFormHelperText-filled Mui-required css-er619e-MuiFormHelperText-root"[39m
    [33mid[39m=[32m"_r_2vh_-helper-text"[39m
  [36m/>[39m

  Name "":
  [36m<p[39m
    [33mclass[39m=[32m"MuiFormHelperText-root MuiFormHelperText-sizeMedium MuiFormHelperText-contained MuiFormHelperText-filled Mui-required css-er619e-MuiFormHelperText-root"[39m
    [33mid[39m=[32m"_r_2vi_-helper-text"[39m
  [36m/>[39m

  Name "":
  [36m<p[39m
    [33mclass[39m=[32m"MuiFormHelperText-root MuiFormHelperText-sizeMedium MuiFormHelperText-contained MuiFormHelperText-filled Mui-required css-er619e-MuiFormHelperText-root"[39m
    [33mid[39m=[32m"_r_2vk_-helper-text"[39m
  [36m/>[39m

  Name "":
  [36m<p[39m
    [33mclass[39m=[32m"MuiFormHelperText-root MuiFormHelperText-sizeMedium MuiFormHelperText-contained MuiFormHelperText-filled Mui-required css-er619e-MuiFormHelperText-root"[39m
    [33mid[39m=[32m"_r_2vl_-helper-text"[39m
  [36m/>[39m

  Name "":
  [36m<p[39m
    [33mclass[39m=[32m"MuiFormHelperText-root MuiFormHelperText-sizeMedium MuiFormHelperText-contained MuiFormHelperText-filled Mui-required css-er619e-MuiFormHelperText-root"[39m
    [33mid[39m=[32m"_r_2vn_-helper-text"[39m
  [36m/>[39m

  Name "":
  [36m<p[39m
    [33mclass[39m=[32m"MuiFormHelperText-root MuiFormHelperText-sizeMedium MuiFormHelperText-contained MuiFormHelperText-filled Mui-required css-er619e-MuiFormHelperText-root"[39m
    [33mid[39m=[32m"_r_2vo_-helper-text"[39m
  [36m/>[39m

  Name "":
  [36m<p[39m
    [33mclass[39m=[32m"MuiFormHelperText-root MuiFormHelperText-sizeMedium MuiFormHelperText-contained MuiFormHelperText-filled Mui-required css-er619e-MuiFormHelperText-root"[39m
    [33mid[39m=[32m"_r_2vq_-helper-text"[39m
  [36m/>[39m

  Name "":
  [36m<p[39m
    [33mclass[39m=[32m"MuiFormHelperText-root MuiFormHelperText-sizeMedium MuiFormHelperText-contained MuiFormHelperText-filled Mui-required css-er619e-MuiFormHelperText-root"[39m
    [33mid[39m=[32m"_r_2vr_-helper-text"[39m
  [36m/>[39m

  Name "":
  [36m<p[39m
    [33mclass[39m=[32m"MuiFormHelperText-root MuiFormHelperText-sizeMedium MuiFormHelperText-contained MuiFormHelperText-filled Mui-required css-er619e-MuiFormHelperText-root"[39m
    [33mid[39m=[32m"_r_2vt_-helper-text"[39m
  [36m/>[39m

  Name "":
  [36m<p[39m
    [33mclass[39m=[32m"MuiFormHelperText-root MuiFormHelperText-sizeMedium MuiFormHelperText-contained MuiFormHelperText-filled Mui-required css-er619e-MuiFormHelperText-root"[39m
    [33mid[39m=[32m"_r_2vu_-helper-text"[39m
  [36m/>[39m

  Name "":
  [36m<p[39m
    [33mclass[39m=[32m"MuiFormHelperText-root MuiFormHelperText-sizeMedium MuiFormHelperText-contained MuiFormHelperText-filled Mui-required css-er619e-MuiFormHelperText-root"[39m
    [33mid[39m=[32m"_r_300_-helper-text"[39m
  [36m/>[39m

  Name "":
  [36m<p[39m
    [33mclass[39m=[32m"MuiFormHelperText-root MuiFormHelperText-sizeMedium MuiFormHelperText-contained MuiFormHelperText-filled Mui-required css-er619e-MuiFormHelperText-root"[39m
    [33mid[39m=[32m"_r_301_-helper-text"[39m
  [36m/>[39m

  Name "":
  [36m<p[39m
    [33mclass[39m=[32m"MuiFormHelperText-root MuiFormHelperText-sizeMedium MuiFormHelperText-contained MuiFormHelperText-filled Mui-required css-er619e-MuiFormHelperText-root"[39m
    [33mid[39m=[32m"_r_303_-helper-text"[39m
  [36m/>[39m

  Name "":
  [36m<p[39m
    [33mclass[39m=[32m"MuiFormHelperText-root MuiFormHelperText-sizeMedium MuiFormHelperText-contained MuiFormHelperText-filled Mui-required css-er619e-MuiFormHelperText-root"[39m
    [33mid[39m=[32m"_r_304_-helper-text"[39m
  [36m/>[39m

  Name "":
  [36m<p[39m
    [33mclass[39m=[32m"MuiFormHelperText-root MuiFormHelperText-sizeMedium MuiFormHelperText-contained MuiFormHelperText-filled Mui-required css-er619e-MuiFormHelperText-root"[39m
    [33mid[39m=[32m"_r_306_-helper-text"[39m
  [36m/>[39m

  Name "":
  [36m<p[39m
    [33mclass[39m=[32m"MuiFormHelperText-root MuiFormHelperText-sizeMedium MuiFormHelperText-contained MuiFormHelperText-filled Mui-required css-er619e-MuiFormHelperText-root"[39m
    [33mid[39m=[32m"_r_307_-helper-text"[39m
  [36m/>[39m

  Name "":
  [36m<p[39m
    [33mclass[39m=[32m"MuiFormHelperText-root MuiFormHelperText-sizeMedium MuiFormHelperText-contained MuiFormHelperText-filled Mui-required css-er619e-MuiFormHelperText-root"[39m
    [33mid[39m=[32m"_r_309_-helper-text"[39m
  [36m/>[39m

  Name "":
  [36m<p[39m
    [33mclass[39m=[32m"MuiFormHelperText-root MuiFormHelperText-sizeMedium MuiFormHelperText-contained MuiFormHelperText-filled Mui-required css-er619e-MuiFormHelperText-root"[39m
    [33mid[39m=[32m"_r_30a_-helper-text"[39m
  [36m/>[39m

  Name "":
  [36m<p[39m
    [33mclass[39m=[32m"MuiFormHelperText-root MuiFormHelperText-sizeMedium MuiFormHelperText-contained MuiFormHelperText-filled Mui-required css-er619e-MuiFormHelperText-root"[39m
    [33mid[39m=[32m"_r_30c_-helper-text"[39m
  [36m/>[39m

  Name "":
  [36m<p[39m
    [33mclass[39m=[32m"MuiFormHelperText-root MuiFormHelperText-sizeMedium MuiFormHelperText-contained MuiFormHelperText-filled Mui-required css-er619e-MuiFormHelperText-root"[39m
    [33mid[39m=[32m"_r_30d_-helper-text"[39m
  [36m/>[39m

  Name "":
  [36m<p[39m
    [33mclass[39m=[32m"MuiFormHelperText-root MuiFormHelperText-sizeMedium MuiFormHelperText-contained MuiFormHelperText-filled Mui-required css-er619e-MuiFormHelperText-root"[39m
    [33mid[39m=[32m"_r_30f_-helper-text"[39m
  [36m/>[39m

  Name "":
  [36m<p[39m
    [33mclass[39m=[32m"MuiFormHelperText-root MuiFormHelperText-sizeMedium MuiFormHelperText-contained MuiFormHelperText-filled Mui-required css-er619e-MuiFormHelperText-root"[39m
    [33mid[39m=[32m"_r_30g_-helper-text"[39m
  [36m/>[39m

  Name "":
  [36m<p[39m
    [33mclass[39m=[32m"MuiFormHelperText-root MuiFormHelperText-sizeMedium MuiFormHelperText-contained MuiFormHelperText-filled Mui-required css-er619e-MuiFormHelperText-root"[39m
    [33mid[39m=[32m"_r_30i_-helper-text"[39m
  [36m/>[39m

  Name "":
  [36m<p[39m
    [33mclass[39m=[32m"MuiFormHelperText-root MuiFormHelperText-sizeMedium MuiFormHelperText-contained MuiFormHelperText-filled Mui-required css-er619e-MuiFormHelperText-root"[39m
    [33mid[39m=[32m"_r_30j_-helper-text"[39m
  [36m/>[39m

  Name "":
  [36m<p[39m
    [33mclass[39m=[32m"MuiFormHelperText-root MuiFormHelperText-sizeMedium MuiFormHelperText-contained MuiFormHelperText-filled Mui-required css-er619e-MuiFormHelperText-root"[39m
    [33mid[39m=[32m"_r_30l_-helper-text"[39m
  [36m/>[39m

  Name "":
  [36m<p[39m
    [33mclass[39m=[32m"MuiFormHelperText-root MuiFormHelperText-sizeMedium MuiFormHelperText-contained MuiFormHelperText-filled Mui-required css-er619e-MuiFormHelperText-root"[39m
    [33mid[39m=[32m"_r_30m_-helper-text"[39m
  [36m/>[39m

  Name "":
  [36m<p[39m
    [33mclass[39m=[32m"MuiFormHelperText-root MuiFormHelperText-sizeMedium MuiFormHelperText-contained MuiFormHelperText-filled Mui-required css-er619e-MuiFormHelperText-root"[39m
    [33mid[39m=[32m"_r_30o_-helper-text"[39m
  [36m/>[39m

  Name "":
  [36m<p[39m
    [33mclass[39m=[32m"MuiFormHelperText-root MuiFormHelperText-sizeMedium MuiFormHelperText-contained MuiFormHelperText-filled Mui-required css-er619e-MuiFormHelperText-root"[39m
    [33mid[39m=[32m"_r_30p_-helper-text"[39m
  [36m/>[39m

  Name "":
  [36m<p[39m
    [33mclass[39m=[32m"MuiFormHelperText-root MuiFormHelperText-sizeMedium MuiFormHelperText-contained MuiFormHelperText-filled Mui-required css-er619e-MuiFormHelperText-root"[39m
    [33mid[39m=[32m"_r_30r_-helper-text"[39m
  [36m/>[39m

  Name "":
  [36m<p[39m
    [33mclass[39m=[32m"MuiFormHelperText-root MuiFormHelperText-sizeMedium MuiFormHelperText-contained MuiFormHelperText-filled Mui-required css-er619e-MuiFormHelperText-root"[39m
    [33mid[39m=[32m"_r_30s_-helper-text"[39m
  [36m/>[39m

  Name "":
  [36m<p[39m
    [33mclass[39m=[32m"MuiFormHelperText-root MuiFormHelperText-sizeMedium MuiFormHelperText-contained MuiFormHelperText-filled Mui-required css-er619e-MuiFormHelperText-root"[39m
    [33mid[39m=[32m"_r_30u_-helper-text"[39m
  [36m/>[39m

  Name "":
  [36m<p[39m
    [33mclass[39m=[32m"MuiFormHelperText-root MuiFormHelperText-sizeMedium MuiFormHelperText-contained MuiFormHelperText-filled Mui-required css-er619e-MuiFormHelperText-root"[39m
    [33mid[39m=[32m"_r_30v_-helper-text"[39m
  [36m/>[39m

  Name "":
  [36m<p[39m
    [33mclass[39m=[32m"MuiFormHelperText-root MuiFormHelperText-sizeMedium MuiFormHelperText-contained MuiFormHelperText-filled Mui-required css-er619e-MuiFormHelperText-root"[39m
    [33mid[39m=[32m"_r_311_-helper-text"[39m
  [36m/>[39m

  Name "":
  [36m<p[39m
    [33mclass[39m=[32m"MuiFormHelperText-root MuiFormHelperText-sizeMedium MuiFormHelperText-contained MuiFormHelperText-filled Mui-required css-er619e-MuiFormHelperText-root"[39m
    [33mid[39m=[32m"_r_312_-helper-text"[39m
  [36m/>[39m

  Name "":
  [36m<p[39m
    [33mclass[39m=[32m"MuiFormHelperText-root MuiFormHelperText-sizeMedium MuiFormHelperText-contained MuiFormHelperText-filled Mui-required css-er619e-MuiFormHelperText-root"[39m
    [33mid[39m=[32m"_r_314_-helper-text"[39m
  [36m/>[39m

  Name "":
  [36m<p[39m
    [33mclass[39m=[32m"MuiFormHelperText-root MuiFormHelperText-sizeMedium MuiFormHelperText-contained MuiFormHelperText-filled Mui-required css-er619e-MuiFormHelperText-root"[39m
    [33mid[39m=[32m"_r_315_-helper-text"[39m
  [36m/>[39m

  Name "":
  [36m<p[39m
    [33mclass[39m=[32m"MuiFormHelperText-root MuiFormHelperText-sizeMedium MuiFormHelperText-contained MuiFormHelperText-filled Mui-required css-er619e-MuiFormHelperText-root"[39m
    [33mid[39m=[32m"_r_317_-helper-text"[39m
  [36m/>[39m

  Name "":
  [36m<p[39m
    [33mclass[39m=[32m"MuiFormHelperText-root MuiFormHelperText-sizeMedium MuiFormHelperText-contained MuiFormHelperText-filled Mui-required css-er619e-MuiFormHelperText-root"[39m
    [33mid[39m=[32m"_r_318_-helper-text"[39m
  [36m/>[39m

  Name "":
  [36m<p[39m
    [33mclass[39m=[32m"MuiFormHelperText-root MuiFormHelperText-sizeMedium MuiFormHelperText-contained MuiFormHelperText-filled Mui-required css-er619e-MuiFormHelperText-root"[39m
    [33mid[39m=[32m"_r_31a_-helper-text"[39m
  [36m/>[39m

  Name "":
  [36m<p[39m
    [33mclass[39m=[32m"MuiFormHelperText-root MuiFormHelperText-sizeMedium MuiFormHelperText-contained MuiFormHelperText-filled Mui-required css-er619e-MuiFormHelperText-root"[39m
    [33mid[39m=[32m"_r_31b_-helper-text"[39m
  [36m/>[39m

  Name "":
  [36m<p[39m
    [33mclass[39m=[32m"MuiFormHelperText-root MuiFormHelperText-sizeMedium MuiFormHelperText-contained MuiFormHelperText-filled Mui-required css-er619e-MuiFormHelperText-root"[39m
    [33mid[39m=[32m"_r_31d_-helper-text"[39m
  [36m/>[39m

  Name "":
  [36m<p[39m
    [33mclass[39m=[32m"MuiFormHelperText-root MuiFormHelperText-sizeMedium MuiFormHelperText-contained MuiFormHelperText-filled Mui-required css-er619e-MuiFormHelperText-root"[39m
    [33mid[39m=[32m"_r_31e_-helper-text"[39m
  [36m/>[39m

  Name "":
  [36m<p[39m
    [33mclass[39m=[32m"MuiFormHelperText-root MuiFormHelperText-sizeMedium MuiFormHelperText-contained MuiFormHelperText-filled Mui-required css-er619e-MuiFormHelperText-root"[39m
    [33mid[39m=[32m"_r_31g_-helper-text"[39m
  [36m/>[39m

  Name "":
  [36m<p[39m
    [33mclass[39m=[32m"MuiFormHelperText-root MuiFormHelperText-sizeMedium MuiFormHelperText-contained MuiFormHelperText-filled Mui-required css-er619e-MuiFormHelperText-root"[39m
    [33mid[39m=[32m"_r_31h_-helper-text"[39m
  [36m/>[39m

  Name "":
  [36m<p[39m
    [33mclass[39m=[32m"MuiFormHelperText-root MuiFormHelperText-sizeMedium MuiFormHelperText-contained MuiFormHelperText-filled Mui-required css-er619e-MuiFormHelperText-root"[39m
    [33mid[39m=[32m"_r_31j_-helper-text"[39m
  [36m/>[39m

  Name "":
  [36m<p[39m
    [33mclass[39m=[32m"MuiFormHelperText-root MuiFormHelperText-sizeMedium MuiFormHelperText-contained MuiFormHelperText-filled Mui-required css-er619e-MuiFormHelperText-root"[39m
    [33mid[39m=[32m"_r_31k_-helper-text"[39m
  [36m/>[39m

  Name "":
  [36m<p[39m
    [33mclass[39m=[32m"MuiFormHelperText-root MuiFormHelperText-sizeMedium MuiFormHelperText-contained MuiFormHelperText-filled Mui-required css-er619e-MuiFormHelperText-root"[39m
    [33mid[39m=[32m"_r_31m_-helper-text"[39m
  [36m/>[39m

  Name "":
  [36m<p[39m
    [33mclass[39m=[32m"MuiFormHelperText-root MuiFormHelperText-sizeMedium MuiFormHelperText-contained MuiFormHelperText-filled Mui-required css-er619e-MuiFormHelperText-root"[39m
    [33mid[39m=[32m"_r_31n_-helper-text"[39m
  [36m/>[39m

  Name "":
  [36m<p[39m
    [33mclass[39m=[32m"MuiFormHelperText-root MuiFormHelperText-sizeMedium MuiFormHelperText-contained MuiFormHelperText-filled Mui-required css-er619e-MuiFormHelperText-root"[39m
    [33mid[39m=[32m"_r_31p_-helper-text"[39m
  [36m/>[39m

  Name "":
  [36m<p[39m
    [33mclass[39m=[32m"MuiFormHelperText-root MuiFormHelperText-sizeMedium MuiFormHelperText-contained MuiFormHelperText-filled Mui-required css-er619e-MuiFormHelperText-root"[39m
    [33mid[39m=[32m"_r_31q_-helper-text"[39m
  [36m/>[39m

  Name "":
  [36m<p[39m
    [33mclass[39m=[32m"MuiFormHelperText-root MuiFormHelperText-sizeMedium MuiFormHelperText-contained MuiFormHelperText-filled Mui-required css-er619e-MuiFormHelperText-root"[39m
    [33mid[39m=[32m"_r_31s_-helper-text"[39m
  [36m/>[39m

  Name "":
  [36m<p[39m
    [33mclass[39m=[32m"MuiFormHelperText-root MuiFormHelperText-sizeMedium MuiFormHelperText-contained MuiFormHelperText-filled Mui-required css-er619e-MuiFormHelperText-root"[39m
    [33mid[39m=[32m"_r_31t_-helper-text"[39m
  [36m/>[39m

  Name "":
  [36m<p[39m
    [33mclass[39m=[32m"MuiFormHelperText-root MuiFormHelperText-sizeMedium MuiFormHelperText-contained MuiFormHelperText-filled Mui-required css-er619e-MuiFormHelperText-root"[39m
    [33mid[39m=[32m"_r_31v_-helper-text"[39m
  [36m/>[39m

  Name "":
  [36m<p[39m
    [33mclass[39m=[32m"MuiFormHelperText-root MuiFormHelperText-sizeMedium MuiFormHelperText-contained MuiFormHelperText-filled Mui-required css-er619e-MuiFormHelperText-root"[39m
    [33mid[39m=[32m"_r_320_-helper-text"[39m
  [36m/>[39m

  Name "":
  [36m<p[39m
    [33mclass[39m=[32m"MuiFormHelperText-root MuiFormHelperText-sizeMedium MuiFormHelperText-contained MuiFormHelperText-filled Mui-required css-er619e-MuiFormHelperText-root"[39m
    [33mid[39m=[32m"_r_322_-helper-text"[39m
  [36m/>[39m

  Name "":
  [36m<p[39m
    [33mclass[39m=[32m"MuiFormHelperText-root MuiFormHelperText-sizeMedium MuiFormHelperText-contained MuiFormHelperText-filled Mui-required css-er619e-MuiFormHelperText-root"[39m
    [33mid[39m=[32m"_r_323_-helper-text"[39m
  [36m/>[39m

  Name "":
  [36m<p[39m
    [33mclass[39m=[32m"MuiFormHelperText-root MuiFormHelperText-sizeMedium MuiFormHelperText-contained MuiFormHelperText-filled Mui-required css-er619e-MuiFormHelperText-root"[39m
    [33mid[39m=[32m"_r_325_-helper-text"[39m
  [36m/>[39m

  Name "":
  [36m<p[39m
    [33mclass[39m=[32m"MuiFormHelperText-root MuiFormHelperText-sizeMedium MuiFormHelperText-contained MuiFormHelperText-filled Mui-required css-er619e-MuiFormHelperText-root"[39m
    [33mid[39m=[32m"_r_326_-helper-text"[39m
  [36m/>[39m

  Name "":
  [36m<p[39m
    [33mclass[39m=[32m"MuiFormHelperText-root MuiFormHelperText-sizeMedium MuiFormHelperText-contained MuiFormHelperText-filled Mui-required css-er619e-MuiFormHelperText-root"[39m
    [33mid[39m=[32m"_r_328_-helper-text"[39m
  [36m/>[39m

  Name "":
  [36m<p[39m
    [33mclass[39m=[32m"MuiFormHelperText-root MuiFormHelperText-sizeMedium MuiFormHelperText-contained MuiFormHelperText-filled Mui-required css-er619e-MuiFormHelperText-root"[39m
    [33mid[39m=[32m"_r_329_-helper-text"[39m
  [36m/>[39m

  Name "":
  [36m<p[39m
    [33mclass[39m=[32m"MuiFormHelperText-root MuiFormHelperText-sizeMedium MuiFormHelperText-contained MuiFormHelperText-filled Mui-required css-er619e-MuiFormHelperText-root"[39m
    [33mid[39m=[32m"_r_32b_-helper-text"[39m
  [36m/>[39m

  Name "":
  [36m<p[39m
    [33mclass[39m=[32m"MuiFormHelperText-root MuiFormHelperText-sizeMedium MuiFormHelperText-contained MuiFormHelperText-filled Mui-required css-er619e-MuiFormHelperText-root"[39m
    [33mid[39m=[32m"_r_32c_-helper-text"[39m
  [36m/>[39m

  Name "":
  [36m<p[39m
    [33mclass[39m=[32m"MuiFormHelperText-root MuiFormHelperText-sizeMedium MuiFormHelperText-contained MuiFormHelperText-filled Mui-required css-er619e-MuiFormHelperText-root"[39m
    [33mid[39m=[32m"_r_32e_-helper-text"[39m
  [36m/>[39m

  Name "":
  [36m<p[39m
    [33mclass[39m=[32m"MuiFormHelperText-root MuiFormHelperText-sizeMedium MuiFormHelperText-contained MuiFormHelperText-filled Mui-required css-er619e-MuiFormHelperText-root"[39m
    [33mid[39m=[32m"_r_32f_-helper-text"[39m
  [36m/>[39m

  Name "":
  [36m<p[39m
    [33mclass[39m=[32m"MuiFormHelperText-root MuiFormHelperText-sizeMedium MuiFormHelperText-contained MuiFormHelperText-filled Mui-required css-er619e-MuiFormHelperText-root"[39m
    [33mid[39m=[32m"_r_32h_-helper-text"[39m
  [36m/>[39m

  Name "":
  [36m<p[39m
    [33mclass[39m=[32m"MuiFormHelperText-root MuiFormHelperText-sizeMedium MuiFormHelperText-contained MuiFormHelperText-filled Mui-required css-er619e-MuiFormHelperText-root"[39m
    [33mid[39m=[32m"_r_32i_-helper-text"[39m
  [36m/>[39m

  Name "":
  [36m<p[39m
    [33mclass[39m=[32m"MuiFormHelperText-root MuiFormHelperText-sizeMedium MuiFormHelperText-contained MuiFormHelperText-filled Mui-required css-er619e-MuiFormHelperText-root"[39m
    [33mid[39m=[32m"_r_32k_-helper-text"[39m
  [36m/>[39m

  Name "":
  [36m<p[39m
    [33mclass[39m=[32m"MuiFormHelperText-root MuiFormHelperText-sizeMedium MuiFormHelperText-contained MuiFormHelperText-filled Mui-required css-er619e-MuiFormHelperText-root"[39m
    [33mid[39m=[32m"_r_32l_-helper-text"[39m
  [36m/>[39m

  Name "":
  [36m<p[39m
    [33mclass[39m=[32m"MuiFormHelperText-root MuiFormHelperText-sizeMedium MuiFormHelperText-contained MuiFormHelperText-filled Mui-required css-er619e-MuiFormHelperText-root"[39m
    [33mid[39m=[32m"_r_32n_-helper-text"[39m
  [36m/>[39m

  Name "":
  [36m<p[39m
    [33mclass[39m=[32m"MuiFormHelperText-root MuiFormHelperText-sizeMedium MuiFormHelperText-contained MuiFormHelperText-filled Mui-required css-er619e-MuiFormHelperText-root"[39m
    [33mid[39m=[32m"_r_32o_-helper-text"[39m
  [36m/>[39m

  Name "":
  [36m<p[39m
    [33mclass[39m=[32m"MuiFormHelperText-root MuiFormHelperText-sizeMedium MuiFormHelperText-contained MuiFormHelperText-filled Mui-required css-er619e-MuiFormHelperText-root"[39m
    [33mid[39m=[32m"_r_32q_-helper-text"[39m
  [36m/>[39m

  Name "":
  [36m<p[39m
    [33mclass[39m=[32m"MuiFormHelperText-root MuiFormHelperText-sizeMedium MuiFormHelperText-contained MuiFormHelperText-filled Mui-required css-er619e-MuiFormHelperText-root"[39m
    [33mid[39m=[32m"_r_32r_-helper-text"[39m
  [36m/>[39m

  Name "":
  [36m<p[39m
    [33mclass[39m=[32m"MuiFormHelperText-root MuiFormHelperText-sizeMedium MuiFormHelperText-contained MuiFormHelperText-filled Mui-required css-er619e-MuiFormHelperText-root"[39m
    [33mid[39m=[32m"_r_32t_-helper-text"[39m
  [36m/>[39m

  Name "":
  [36m<p[39m
    [33mclass[39m=[32m"MuiFormHelperText-root MuiFormHelperText-sizeMedium MuiFormHelperText-contained MuiFormHelperText-filled Mui-required css-er619e-MuiFormHelperText-root"[39m
    [33mid[39m=[32m"_r_32u_-helper-text"[39m
  [36m/>[39m

  Name "":
  [36m<p[39m
    [33mclass[39m=[32m"MuiFormHelperText-root MuiFormHelperText-sizeMedium MuiFormHelperText-contained MuiFormHelperText-filled Mui-required css-er619e-MuiFormHelperText-root"[39m
    [33mid[39m=[32m"_r_330_-helper-text"[39m
  [36m/>[39m

  Name "":
  [36m<p[39m
    [33mclass[39m=[32m"MuiFormHelperText-root MuiFormHelperText-sizeMedium MuiFormHelperText-contained MuiFormHelperText-filled Mui-required css-er619e-MuiFormHelperText-root"[39m
    [33mid[39m=[32m"_r_331_-helper-text"[39m
  [36m/>[39m

  Name "":
  [36m<p[39m
    [33mclass[39m=[32m"MuiFormHelperText-root MuiFormHelperText-sizeMedium MuiFormHelperText-contained MuiFormHelperText-filled Mui-required css-er619e-MuiFormHelperText-root"[39m
    [33mid[39m=[32m"_r_333_-helper-text"[39m
  [36m/>[39m

  Name "":
  [36m<p[39m
    [33mclass[39m=[32m"MuiFormHelperText-root MuiFormHelperText-sizeMedium MuiFormHelperText-contained MuiFormHelperText-filled Mui-required css-er619e-MuiFormHelperText-root"[39m
    [33mid[39m=[32m"_r_334_-helper-text"[39m
  [36m/>[39m

  Name "":
  [36m<p[39m
    [33mclass[39m=[32m"MuiFormHelperText-root MuiFormHelperText-sizeMedium MuiFormHelperText-contained MuiFormHelperText-filled Mui-required css-er619e-MuiFormHelperText-root"[39m
    [33mid[39m=[32m"_r_336_-helper-text"[39m
  [36m/>[39m

  Name "":
  [36m<p[39m
    [33mclass[39m=[32m"MuiFormHelperText-root MuiFormHelperText-sizeMedium MuiFormHelperText-contained MuiFormHelperText-filled Mui-required css-er619e-MuiFormHelperText-root"[39m
    [33mid[39m=[32m"_r_337_-helper-text"[39m
  [36m/>[39m

  Name "":
  [36m<p[39m
    [33mclass[39m=[32m"MuiFormHelperText-root MuiFormHelperText-sizeMedium MuiFormHelperText-contained MuiFormHelperText-filled Mui-required css-er619e-MuiFormHelperText-root"[39m
    [33mid[39m=[32m"_r_339_-helper-text"[39m
  [36m/>[39m

  Name "":
  [36m<p[39m
    [33mclass[39m=[32m"MuiFormHelperText-root MuiFormHelperText-sizeMedium MuiFormHelperText-contained MuiFormHelperText-filled Mui-required css-er619e-MuiFormHelperText-root"[39m
    [33mid[39m=[32m"_r_33a_-helper-text"[39m
  [36m/>[39m

  Name "":
  [36m<p[39m
    [33mclass[39m=[32m"MuiFormHelperText-root MuiFormHelperText-sizeMedium MuiFormHelperText-contained MuiFormHelperText-filled Mui-required css-er619e-MuiFormHelperText-root"[39m
    [33mid[39m=[32m"_r_33c_-helper-text"[39m
  [36m/>[39m

  Name "":
  [36m<p[39m
    [33mclass[39m=[32m"MuiFormHelperText-root MuiFormHelperText-sizeMedium MuiFormHelperText-contained MuiFormHelperText-filled Mui-required css-er619e-MuiFormHelperText-root"[39m
    [33mid[39m=[32m"_r_33d_-helper-text"[39m
  [36m/>[39m

  Name "":
  [36m<p[39m
    [33mclass[39m=[32m"MuiFormHelperText-root MuiFormHelperText-sizeMedium MuiFormHelperText-contained MuiFormHelperText-filled Mui-required css-er619e-MuiFormHelperText-root"[39m
    [33mid[39m=[32m"_r_33f_-helper-text"[39m
  [36m/>[39m

  Name "":
  [36m<p[39m
    [33mclass[39m=[32m"MuiFormHelperText-root MuiFormHelperText-sizeMedium MuiFormHelperText-contained MuiFormHelperText-filled Mui-required css-er619e-MuiFormHelperText-root"[39m
    [33mid[39m=[32m"_r_33g_-helper-text"[39m
  [36m/>[39m

  Name "":
  [36m<p[39m
    [33mclass[39m=[32m"MuiFormHelperText-root MuiFormHelperText-sizeMedium MuiFormHelperText-contained MuiFormHelperText-filled Mui-required css-er619e-MuiFormHelperText-root"[39m
    [33mid[39m=[32m"_r_33i_-helper-text"[39m
  [36m/>[39m

  Name "":
  [36m<p[39m
    [33mclass[39m=[32m"MuiFormHelperText-root MuiFormHelperText-sizeMedium MuiFormHelperText-contained MuiFormHelperText-filled Mui-required css-er619e-MuiFormHelperText-root"[39m
    [33mid[39m=[32m"_r_33j_-helper-text"[39m
  [36m/>[39m

  Name "":
  [36m<p[39m
    [33mclass[39m=[32m"MuiFormHelperText-root MuiFormHelperText-sizeMedium MuiFormHelperText-contained MuiFormHelperText-filled Mui-required css-er619e-MuiFormHelperText-root"[39m
    [33mid[39m=[32m"_r_33l_-helper-text"[39m
  [36m/>[39m

  Name "":
  [36m<p[39m
    [33mclass[39m=[32m"MuiFormHelperText-root MuiFormHelperText-sizeMedium MuiFormHelperText-contained MuiFormHelperText-filled Mui-required css-er619e-MuiFormHelperText-root"[39m
    [33mid[39m=[32m"_r_33m_-helper-text"[39m
  [36m/>[39m

  Name "":
  [36m<p[39m
    [33mclass[39m=[32m"MuiFormHelperText-root MuiFormHelperText-sizeMedium MuiFormHelperText-contained MuiFormHelperText-filled Mui-required css-er619e-MuiFormHelperText-root"[39m
    [33mid[39m=[32m"_r_33o_-helper-text"[39m
  [36m/>[39m

  Name "":
  [36m<p[39m
    [33mclass[39m=[32m"MuiFormHelperText-root MuiFormHelperText-sizeMedium MuiFormHelperText-contained MuiFormHelperText-filled Mui-required css-er619e-MuiFormHelperText-root"[39m
    [33mid[39m=[32m"_r_33p_-helper-text"[39m
  [36m/>[39m

  Name "":
  [36m<p[39m
    [33mclass[39m=[32m"MuiFormHelperText-root MuiFormHelperText-sizeMedium MuiFormHelperText-contained MuiFormHelperText-filled Mui-required css-er619e-MuiFormHelperText-root"[39m
    [33mid[39m=[32m"_r_33r_-helper-text"[39m
  [36m/>[39m

  Name "":
  [36m<p[39m
    [33mclass[39m=[32m"MuiFormHelperText-root MuiFormHelperText-sizeMedium MuiFormHelperText-contained MuiFormHelperText-filled Mui-required css-er619e-MuiFormHelperText-root"[39m
    [33mid[39m=[32m"_r_33s_-helper-text"[39m
  [36m/>[39m

  Name "":
  [36m<p[39m
    [33mclass[39m=[32m"MuiFormHelperText-root MuiFormHelperText-sizeMedium MuiFormHelperText-contained MuiFormHelperText-filled Mui-required css-er619e-MuiFormHelperText-root"[39m
    [33mid[39m=[32m"_r_33u_-helper-text"[39m
  [36m/>[39m

  Name "":
  [36m<p[39m
    [33mclass[39m=[32m"MuiFormHelperText-root MuiFormHelperText-sizeMedium MuiFormHelperText-contained MuiFormHelperText-filled Mui-required css-er619e-MuiFormHelperText-root"[39m
    [33mid[39m=[32m"_r_33v_-helper-text"[39m
  [36m/>[39m

  --------------------------------------------------
  status:

  Name "":
  [36m<div[39m
    [33maria-atomic[39m=[32m"true"[39m
    [33maria-live[39m=[32m"polite"[39m
    [33mclass[39m=[32m"sr-only"[39m
    [33mrole[39m=[32m"status"[39m
  [36m/>[39m

  --------------------------------------------------
  article:

  Name "Change Item 1":
  [36m<article[39m
    [33maria-labelledby[39m=[32m"change-item-0-heading"[39m
    [33mclass[39m=[32m"MuiPaper-root MuiPaper-elevation MuiPaper-rounded MuiPaper-elevation1 css-fw7llw-MuiPaper-root"[39m
    [33mstyle[39m=[32m"--Paper-shadow: 0px 2px 1px -1px rgba(0,0,0,0.2),0px 1px 1px 0px rgba(0,0,0,0.14),0px 1px 3px 0px rgba(0,0,0,0.12);"[39m
  [36m/>[39m

  Name "Change Item 2":
  [36m<article[39m
    [33maria-labelledby[39m=[32m"change-item-1-heading"[39m
    [33mclass[39m=[32m"MuiPaper-root MuiPaper-elevation MuiPaper-rounded MuiPaper-elevation1 css-fw7llw-MuiPaper-root"[39m
    [33mstyle[39m=[32m"--Paper-shadow: 0px 2px 1px -1px rgba(0,0,0,0.2),0px 1px 1px 0px rgba(0,0,0,0.14),0px 1px 3px 0px rgba(0,0,0,0.12);"[39m
  [36m/>[39m

  Name "Change Item 3":
  [36m<article[39m
    [33maria-labelledby[39m=[32m"change-item-2-heading"[39m
    [33mclass[39m=[32m"MuiPaper-root MuiPaper-elevation MuiPaper-rounded MuiPaper-elevation1 css-fw7llw-MuiPaper-root"[39m
    [33mstyle[39m=[32m"--Paper-shadow: 0px 2px 1px -1px rgba(0,0,0,0.2),0px 1px 1px 0px rgba(0,0,0,0.14),0px 1px 3px 0px rgba(0,0,0,0.12);"[39m
  [36m/>[39m

  Name "Change Item 4":
  [36m<article[39m
    [33maria-labelledby[39m=[32m"change-item-3-heading"[39m
    [33mclass[39m=[32m"MuiPaper-root MuiPaper-elevation MuiPaper-rounded MuiPaper-elevation1 css-fw7llw-MuiPaper-root"[39m
    [33mstyle[39m=[32m"--Paper-shadow: 0px 2px 1px -1px rgba(0,0,0,0.2),0px 1px 1px 0px rgba(0,0,0,0.14),0px 1px 3px 0px rgba(0,0,0,0.12);"[39m
  [36m/>[39m

  Name "Change Item 5":
  [36m<article[39m
    [33maria-labelledby[39m=[32m"change-item-4-heading"[39m
    [33mclass[39m=[32m"MuiPaper-root MuiPaper-elevation MuiPaper-rounded MuiPaper-elevation1 css-fw7llw-MuiPaper-root"[39m
    [33mstyle[39m=[32m"--Paper-shadow: 0px 2px 1px -1px rgba(0,0,0,0.2),0px 1px 1px 0px rgba(0,0,0,0.14),0px 1px 3px 0px rgba(0,0,0,0.12);"[39m
  [36m/>[39m

  Name "Change Item 6":
  [36m<article[39m
    [33maria-labelledby[39m=[32m"change-item-5-heading"[39m
    [33mclass[39m=[32m"MuiPaper-root MuiPaper-elevation MuiPaper-rounded MuiPaper-elevation1 css-fw7llw-MuiPaper-root"[39m
    [33mstyle[39m=[32m"--Paper-shadow: 0px 2px 1px -1px rgba(0,0,0,0.2),0px 1px 1px 0px rgba(0,0,0,0.14),0px 1px 3px 0px rgba(0,0,0,0.12);"[39m
  [36m/>[39m

  Name "Change Item 7":
  [36m<article[39m
    [33maria-labelledby[39m=[32m"change-item-6-heading"[39m
    [33mclass[39m=[32m"MuiPaper-root MuiPaper-elevation MuiPaper-rounded MuiPaper-elevation1 css-fw7llw-MuiPaper-root"[39m
    [33mstyle[39m=[32m"--Paper-shadow: 0px 2px 1px -1px rgba(0,0,0,0.2),0px 1px 1px 0px rgba(0,0,0,0.14),0px 1px 3px 0px rgba(0,0,0,0.12);"[39m
  [36m/>[39m

  Name "Change Item 8":
  [36m<article[39m
    [33maria-labelledby[39m=[32m"change-item-7-heading"[39m
    [33mclass[39m=[32m"MuiPaper-root MuiPaper-elevation MuiPaper-rounded MuiPaper-elevation1 css-fw7llw-MuiPaper-root"[39m
    [33mstyle[39m=[32m"--Paper-shadow: 0px 2px 1px -1px rgba(0,0,0,0.2),0px 1px 1px 0px rgba(0,0,0,0.14),0px 1px 3px 0px rgba(0,0,0,0.12);"[39m
  [36m/>[39m

  Name "Change Item 9":
  [36m<article[39m
    [33maria-labelledby[39m=[32m"change-item-8-heading"[39m
    [33mclass[39m=[32m"MuiPaper-root MuiPaper-elevation MuiPaper-rounded MuiPaper-elevation1 css-fw7llw-MuiPaper-root"[39m
    [33mstyle[39m=[32m"--Paper-shadow: 0px 2px 1px -1px rgba(0,0,0,0.2),0px 1px 1px 0px rgba(0,0,0,0.14),0px 1px 3px 0px rgba(0,0,0,0.12);"[39m
  [36m/>[39m

  Name "Change Item 10":
  [36m<article[39m
    [33maria-labelledby[39m=[32m"change-item-9-heading"[39m
    [33mclass[39m=[32m"MuiPaper-root MuiPaper-elevation MuiPaper-rounded MuiPaper-elevation1 css-fw7llw-MuiPaper-root"[39m
    [33mstyle[39m=[32m"--Paper-shadow: 0px 2px 1px -1px rgba(0,0,0,0.2),0px 1px 1px 0px rgba(0,0,0,0.14),0px 1px 3px 0px rgba(0,0,0,0.12);"[39m
  [36m/>[39m

  Name "Change Item 11":
  [36m<article[39m
    [33maria-labelledby[39m=[32m"change-item-10-heading"[39m
    [33mclass[39m=[32m"MuiPaper-root MuiPaper-elevation MuiPaper-rounded MuiPaper-elevation1 css-fw7llw-MuiPaper-root"[39m
    [33mstyle[39m=[32m"--Paper-shadow: 0px 2px 1px -1px rgba(0,0,0,0.2),0px 1px 1px 0px rgba(0,0,0,0.14),0px 1px 3px 0px rgba(0,0,0,0.12);"[39m
  [36m/>[39m

  Name "Change Item 12":
  [36m<article[39m
    [33maria-labelledby[39m=[32m"change-item-11-heading"[39m
    [33mclass[39m=[32m"MuiPaper-root MuiPaper-elevation MuiPaper-rounded MuiPaper-elevation1 css-fw7llw-MuiPaper-root"[39m
    [33mstyle[39m=[32m"--Paper-shadow: 0px 2px 1px -1px rgba(0,0,0,0.2),0px 1px 1px 0px rgba(0,0,0,0.14),0px 1px 3px 0px rgba(0,0,0,0.12);"[39m
  [36m/>[39m

  Name "Change Item 13":
  [36m<article[39m
    [33maria-labelledby[39m=[32m"change-item-12-heading"[39m
    [33mclass[39m=[32m"MuiPaper-root MuiPaper-elevation MuiPaper-rounded MuiPaper-elevation1 css-fw7llw-MuiPaper-root"[39m
    [33mstyle[39m=[32m"--Paper-shadow: 0px 2px 1px -1px rgba(0,0,0,0.2),0px 1px 1px 0px rgba(0,0,0,0.14),0px 1px 3px 0px rgba(0,0,0,0.12);"[39m
  [36m/>[39m

  Name "Change Item 14":
  [36m<article[39m
    [33maria-labelledby[39m=[32m"change-item-13-heading"[39m
    [33mclass[39m=[32m"MuiPaper-root MuiPaper-elevation MuiPaper-rounded MuiPaper-elevation1 css-fw7llw-MuiPaper-root"[39m
    [33mstyle[39m=[32m"--Paper-shadow: 0px 2px 1px -1px rgba(0,0,0,0.2),0px 1px 1px 0px rgba(0,0,0,0.14),0px 1px 3px 0px rgba(0,0,0,0.12);"[39m
  [36m/>[39m

  Name "Change Item 15":
  [36m<article[39m
    [33maria-labelledby[39m=[32m"change-item-14-heading"[39m
    [33mclass[39m=[32m"MuiPaper-root MuiPaper-elevation MuiPaper-rounded MuiPaper-elevation1 css-fw7llw-MuiPaper-root"[39m
    [33mstyle[39m=[32m"--Paper-shadow: 0px 2px 1px -1px rgba(0,0,0,0.2),0px 1px 1px 0px rgba(0,0,0,0.14),0px 1px 3px 0px rgba(0,0,0,0.12);"[39m
  [36m/>[39m

  Name "Change Item 16":
  [36m<article[39m
    [33maria-labelledby[39m=[32m"change-item-15-heading"[39m
    [33mclass[39m=[32m"MuiPaper-root MuiPaper-elevation MuiPaper-rounded MuiPaper-elevation1 css-fw7llw-MuiPaper-root"[39m
    [33mstyle[39m=[32m"--Paper-shadow: 0px 2px 1px -1px rgba(0,0,0,0.2),0px 1px 1px 0px rgba(0,0,0,0.14),0px 1px 3px 0px rgba(0,0,0,0.12);"[39m
  [36m/>[39m

  Name "Change Item 17":
  [36m<article[39m
    [33maria-labelledby[39m=[32m"change-item-16-heading"[39m
    [33mclass[39m=[32m"MuiPaper-root MuiPaper-elevation MuiPaper-rounded MuiPaper-elevation1 css-fw7llw-MuiPaper-root"[39m
    [33mstyle[39m=[32m"--Paper-shadow: 0px 2px 1px -1px rgba(0,0,0,0.2),0px 1px 1px 0px rgba(0,0,0,0.14),0px 1px 3px 0px rgba(0,0,0,0.12);"[39m
  [36m/>[39m

  Name "Change Item 18":
  [36m<article[39m
    [33maria-labelledby[39m=[32m"change-item-17-heading"[39m
    [33mclass[39m=[32m"MuiPaper-root MuiPaper-elevation MuiPaper-rounded MuiPaper-elevation1 css-fw7llw-MuiPaper-root"[39m
    [33mstyle[39m=[32m"--Paper-shadow: 0px 2px 1px -1px rgba(0,0,0,0.2),0px 1px 1px 0px rgba(0,0,0,0.14),0px 1px 3px 0px rgba(0,0,0,0.12);"[39m
  [36m/>[39m

  Name "Change Item 19":
  [36m<article[39m
    [33maria-labelledby[39m=[32m"change-item-18-heading"[39m
    [33mclass[39m=[32m"MuiPaper-root MuiPaper-elevation MuiPaper-rounded MuiPaper-elevation1 css-fw7llw-MuiPaper-root"[39m
    [33mstyle[39m=[32m"--Paper-shadow: 0px 2px 1px -1px rgba(0,0,0,0.2),0px 1px 1px 0px rgba(0,0,0,0.14),0px 1px 3px 0px rgba(0,0,0,0.12);"[39m
  [36m/>[39m

  Name "Change Item 20":
  [36m<article[39m
    [33maria-labelledby[39m=[32m"change-item-19-heading"[39m
    [33mclass[39m=[32m"MuiPaper-root MuiPaper-elevation MuiPaper-rounded MuiPaper-elevation1 css-fw7llw-MuiPaper-root"[39m
    [33mstyle[39m=[32m"--Paper-shadow: 0px 2px 1px -1px rgba(0,0,0,0.2),0px 1px 1px 0px rgba(0,0,0,0.14),0px 1px 3px 0px rgba(0,0,0,0.12);"[39m
  [36m/>[39m

  Name "Change Item 21":
  [36m<article[39m
    [33maria-labelledby[39m=[32m"change-item-20-heading"[39m
    [33mclass[39m=[32m"MuiPaper-root MuiPaper-elevation MuiPaper-rounded MuiPaper-elevation1 css-fw7llw-MuiPaper-root"[39m
    [33mstyle[39m=[32m"--Paper-shadow: 0px 2px 1px -1px rgba(0,0,0,0.2),0px 1px 1px 0px rgba(0,0,0,0.14),0px 1px 3px 0px rgba(0,0,0,0.12);"[39m
  [36m/>[39m

  Name "Change Item 22":
  [36m<article[39m
    [33maria-labelledby[39m=[32m"change-item-21-heading"[39m
    [33mclass[39m=[32m"MuiPaper-root MuiPaper-elevation MuiPaper-rounded MuiPaper-elevation1 css-fw7llw-MuiPaper-root"[39m
    [33mstyle[39m=[32m"--Paper-shadow: 0px 2px 1px -1px rgba(0,0,0,0.2),0px 1px 1px 0px rgba(0,0,0,0.14),0px 1px 3px 0px rgba(0,0,0,0.12);"[39m
  [36m/>[39m

  Name "Change Item 23":
  [36m<article[39m
    [33maria-labelledby[39m=[32m"change-item-22-heading"[39m
    [33mclass[39m=[32m"MuiPaper-root MuiPaper-elevation MuiPaper-rounded MuiPaper-elevation1 css-fw7llw-MuiPaper-root"[39m
    [33mstyle[39m=[32m"--Paper-shadow: 0px 2px 1px -1px rgba(0,0,0,0.2),0px 1px 1px 0px rgba(0,0,0,0.14),0px 1px 3px 0px rgba(0,0,0,0.12);"[39m
  [36m/>[39m

  Name "Change Item 24":
  [36m<article[39m
    [33maria-labelledby[39m=[32m"change-item-23-heading"[39m
    [33mclass[39m=[32m"MuiPaper-root MuiPaper-elevation MuiPaper-rounded MuiPaper-elevation1 css-fw7llw-MuiPaper-root"[39m
    [33mstyle[39m=[32m"--Paper-shadow: 0px 2px 1px -1px rgba(0,0,0,0.2),0px 1px 1px 0px rgba(0,0,0,0.14),0px 1px 3px 0px rgba(0,0,0,0.12);"[39m
  [36m/>[39m

  Name "Change Item 25":
  [36m<article[39m
    [33maria-labelledby[39m=[32m"change-item-24-heading"[39m
    [33mclass[39m=[32m"MuiPaper-root MuiPaper-elevation MuiPaper-rounded MuiPaper-elevation1 css-fw7llw-MuiPaper-root"[39m
    [33mstyle[39m=[32m"--Paper-shadow: 0px 2px 1px -1px rgba(0,0,0,0.2),0px 1px 1px 0px rgba(0,0,0,0.14),0px 1px 3px 0px rgba(0,0,0,0.12);"[39m
  [36m/>[39m

  Name "Change Item 26":
  [36m<article[39m
    [33maria-labelledby[39m=[32m"change-item-25-heading"[39m
    [33mclass[39m=[32m"MuiPaper-root MuiPaper-elevation MuiPaper-rounded MuiPaper-elevation1 css-fw7llw-MuiPaper-root"[39m
    [33mstyle[39m=[32m"--Paper-shadow: 0px 2px 1px -1px rgba(0,0,0,0.2),0px 1px 1px 0px rgba(0,0,0,0.14),0px 1px 3px 0px rgba(0,0,0,0.12);"[39m
  [36m/>[39m

  Name "Change Item 27":
  [36m<article[39m
    [33maria-labelledby[39m=[32m"change-item-26-heading"[39m
    [33mclass[39m=[32m"MuiPaper-root MuiPaper-elevation MuiPaper-rounded MuiPaper-elevation1 css-fw7llw-MuiPaper-root"[39m
    [33mstyle[39m=[32m"--Paper-shadow: 0px 2px 1px -1px rgba(0,0,0,0.2),0px 1px 1px 0px rgba(0,0,0,0.14),0px 1px 3px 0px rgba(0,0,0,0.12);"[39m
  [36m/>[39m

  Name "Change Item 28":
  [36m<article[39m
    [33maria-labelledby[39m=[32m"change-item-27-heading"[39m
    [33mclass[39m=[32m"MuiPaper-root MuiPaper-elevation MuiPaper-rounded MuiPaper-elevation1 css-fw7llw-MuiPaper-root"[39m
    [33mstyle[39m=[32m"--Paper-shadow: 0px 2px 1px -1px rgba(0,0,0,0.2),0px 1px 1px 0px rgba(0,0,0,0.14),0px 1px 3px 0px rgba(0,0,0,0.12);"[39m
  [36m/>[39m

  Name "Change Item 29":
  [36m<article[39m
    [33maria-labelledby[39m=[32m"change-item-28-heading"[39m
    [33mclass[39m=[32m"MuiPaper-root MuiPaper-elevation MuiPaper-rounded MuiPaper-elevation1 css-fw7llw-MuiPaper-root"[39m
    [33mstyle[39m=[32m"--Paper-shadow: 0px 2px 1px -1px rgba(0,0,0,0.2),0px 1px 1px 0px rgba(0,0,0,0.14),0px 1px 3px 0px rgba(0,0,0,0.12);"[39m
  [36m/>[39m

  Name "Change Item 30":
  [36m<article[39m
    [33maria-labelledby[39m=[32m"change-item-29-heading"[39m
    [33mclass[39m=[32m"MuiPaper-root MuiPaper-elevation MuiPaper-rounded MuiPaper-elevation1 css-fw7llw-MuiPaper-root"[39m
    [33mstyle[39m=[32m"--Paper-shadow: 0px 2px 1px -1px rgba(0,0,0,0.2),0px 1px 1px 0px rgba(0,0,0,0.14),0px 1px 3px 0px rgba(0,0,0,0.12);"[39m
  [36m/>[39m

  Name "Change Item 31":
  [36m<article[39m
    [33maria-labelledby[39m=[32m"change-item-30-heading"[39m
    [33mclass[39m=[32m"MuiPaper-root MuiPaper-elevation MuiPaper-rounded MuiPaper-elevation1 css-fw7llw-MuiPaper-root"[39m
    [33mstyle[39m=[32m"--Paper-shadow: 0px 2px 1px -1px rgba(0,0,0,0.2),0px 1px 1px 0px rgba(0,0,0,0.14),0px 1px 3px 0px rgba(0,0,0,0.12);"[39m
  [36m/>[39m

  Name "Change Item 32":
  [36m<article[39m
    [33maria-labelledby[39m=[32m"change-item-31-heading"[39m
    [33mclass[39m=[32m"MuiPaper-root MuiPaper-elevation MuiPaper-rounded MuiPaper-elevation1 css-fw7llw-MuiPaper-root"[39m
    [33mstyle[39m=[32m"--Paper-shadow: 0px 2px 1px -1px rgba(0,0,0,0.2),0px 1px 1px 0px rgba(0,0,0,0.14),0px 1px 3px 0px rgba(0,0,0,0.12);"[39m
  [36m/>[39m

  Name "Change Item 33":
  [36m<article[39m
    [33maria-labelledby[39m=[32m"change-item-32-heading"[39m
    [33mclass[39m=[32m"MuiPaper-root MuiPaper-elevation MuiPaper-rounded MuiPaper-elevation1 css-fw7llw-MuiPaper-root"[39m
    [33mstyle[39m=[32m"--Paper-shadow: 0px 2px 1px -1px rgba(0,0,0,0.2),0px 1px 1px 0px rgba(0,0,0,0.14),0px 1px 3px 0px rgba(0,0,0,0.12);"[39m
  [36m/>[39m

  Name "Change Item 34":
  [36m<article[39m
    [33maria-labelledby[39m=[32m"change-item-33-heading"[39m
    [33mclass[39m=[32m"MuiPaper-root MuiPaper-elevation MuiPaper-rounded MuiPaper-elevation1 css-fw7llw-MuiPaper-root"[39m
    [33mstyle[39m=[32m"--Paper-shadow: 0px 2px 1px -1px rgba(0,0,0,0.2),0px 1px 1px 0px rgba(0,0,0,0.14),0px 1px 3px 0px rgba(0,0,0,0.12);"[39m
  [36m/>[39m

  Name "Change Item 35":
  [36m<article[39m
    [33maria-labelledby[39m=[32m"change-item-34-heading"[39m
    [33mclass[39m=[32m"MuiPaper-root MuiPaper-elevation MuiPaper-rounded MuiPaper-elevation1 css-fw7llw-MuiPaper-root"[39m
    [33mstyle[39m=[32m"--Paper-shadow: 0px 2px 1px -1px rgba(0,0,0,0.2),0px 1px 1px 0px rgba(0,0,0,0.14),0px 1px 3px 0px rgba(0,0,0,0.12);"[39m
  [36m/>[39m

  Name "Change Item 36":
  [36m<article[39m
    [33maria-labelledby[39m=[32m"change-item-35-heading"[39m
    [33mclass[39m=[32m"MuiPaper-root MuiPaper-elevation MuiPaper-rounded MuiPaper-elevation1 css-fw7llw-MuiPaper-root"[39m
    [33mstyle[39m=[32m"--Paper-shadow: 0px 2px 1px -1px rgba(0,0,0,0.2),0px 1px 1px 0px rgba(0,0,0,0.14),0px 1px 3px 0px rgba(0,0,0,0.12);"[39m
  [36m/>[39m

  Name "Change Item 37":
  [36m<article[39m
    [33maria-labelledby[39m=[32m"change-item-36-heading"[39m
    [33mclass[39m=[32m"MuiPaper-root MuiPaper-elevation MuiPaper-rounded MuiPaper-elevation1 css-fw7llw-MuiPaper-root"[39m
    [33mstyle[39m=[32m"--Paper-shadow: 0px 2px 1px -1px rgba(0,0,0,0.2),0px 1px 1px 0px rgba(0,0,0,0.14),0px 1px 3px 0px rgba(0,0,0,0.12);"[39m
  [36m/>[39m

  Name "Change Item 38":
  [36m<article[39m
    [33maria-labelledby[39m=[32m"change-item-37-heading"[39m
    [33mclass[39m=[32m"MuiPaper-root MuiPaper-elevation MuiPaper-rounded MuiPaper-elevation1 css-fw7llw-MuiPaper-root"[39m
    [33mstyle[39m=[32m"--Paper-shadow: 0px 2px 1px -1px rgba(0,0,0,0.2),0px 1px 1px 0px rgba(0,0,0,0.14),0px 1px 3px 0px rgba(0,0,0,0.12);"[39m
  [36m/>[39m

  Name "Change Item 39":
  [36m<article[39m
    [33maria-labelledby[39m=[32m"change-item-38-heading"[39m
    [33mclass[39m=[32m"MuiPaper-root MuiPaper-elevation MuiPaper-rounded MuiPaper-elevation1 css-fw7llw-MuiPaper-root"[39m
    [33mstyle[39m=[32m"--Paper-shadow: 0px 2px 1px -1px rgba(0,0,0,0.2),0px 1px 1px 0px rgba(0,0,0,0.14),0px 1px 3px 0px rgba(0,0,0,0.12);"[39m
  [36m/>[39m

  Name "Change Item 40":
  [36m<article[39m
    [33maria-labelledby[39m=[32m"change-item-39-heading"[39m
    [33mclass[39m=[32m"MuiPaper-root MuiPaper-elevation MuiPaper-rounded MuiPaper-elevation1 css-fw7llw-MuiPaper-root"[39m
    [33mstyle[39m=[32m"--Paper-shadow: 0px 2px 1px -1px rgba(0,0,0,0.2),0px 1px 1px 0px rgba(0,0,0,0.14),0px 1px 3px 0px rgba(0,0,0,0.12);"[39m
  [36m/>[39m

  Name "Change Item 41":
  [36m<article[39m
    [33maria-labelledby[39m=[32m"change-item-40-heading"[39m
    [33mclass[39m=[32m"MuiPaper-root MuiPaper-elevation MuiPaper-rounded MuiPaper-elevation1 css-fw7llw-MuiPaper-root"[39m
    [33mstyle[39m=[32m"--Paper-shadow: 0px 2px 1px -1px rgba(0,0,0,0.2),0px 1px 1px 0px rgba(0,0,0,0.14),0px 1px 3px 0px rgba(0,0,0,0.12);"[39m
  [36m/>[39m

  Name "Change Item 42":
  [36m<article[39m
    [33maria-labelledby[39m=[32m"change-item-41-heading"[39m
    [33mclass[39m=[32m"MuiPaper-root MuiPaper-elevation MuiPaper-rounded MuiPaper-elevation1 css-fw7llw-MuiPaper-root"[39m
    [33mstyle[39m=[32m"--Paper-shadow: 0px 2px 1px -1px rgba(0,0,0,0.2),0px 1px 1px 0px rgba(0,0,0,0.14),0px 1px 3px 0px rgba(0,0,0,0.12);"[39m
  [36m/>[39m

  Name "Change Item 43":
  [36m<article[39m
    [33maria-labelledby[39m=[32m"change-item-42-heading"[39m
    [33mclass[39m=[32m"MuiPaper-root MuiPaper-elevation MuiPaper-rounded MuiPaper-elevation1 css-fw7llw-MuiPaper-root"[39m
    [33mstyle[39m=[32m"--Paper-shadow: 0px 2px 1px -1px rgba(0,0,0,0.2),0px 1px 1px 0px rgba(0,0,0,0.14),0px 1px 3px 0px rgba(0,0,0,0.12);"[39m
  [36m/>[39m

  Name "Change Item 44":
  [36m<article[39m
    [33maria-labelledby[39m=[32m"change-item-43-heading"[39m
    [33mclass[39m=[32m"MuiPaper-root MuiPaper-elevation MuiPaper-rounded MuiPaper-elevation1 css-fw7llw-MuiPaper-root"[39m
    [33mstyle[39m=[32m"--Paper-shadow: 0px 2px 1px -1px rgba(0,0,0,0.2),0px 1px 1px 0px rgba(0,0,0,0.14),0px 1px 3px 0px rgba(0,0,0,0.12);"[39m
  [36m/>[39m

  Name "Change Item 45":
  [36m<article[39m
    [33maria-labelledby[39m=[32m"change-item-44-heading"[39m
    [33mclass[39m=[32m"MuiPaper-root MuiPaper-elevation MuiPaper-rounded MuiPaper-elevation1 css-fw7llw-MuiPaper-root"[39m
    [33mstyle[39m=[32m"--Paper-shadow: 0px 2px 1px -1px rgba(0,0,0,0.2),0px 1px 1px 0px rgba(0,0,0,0.14),0px 1px 3px 0px rgba(0,0,0,0.12);"[39m
  [36m/>[39m

  Name "Change Item 46":
  [36m<article[39m
    [33maria-labelledby[39m=[32m"change-item-45-heading"[39m
    [33mclass[39m=[32m"MuiPaper-root MuiPaper-elevation MuiPaper-rounded MuiPaper-elevation1 css-fw7llw-MuiPaper-root"[39m
    [33mstyle[39m=[32m"--Paper-shadow: 0px 2px 1px -1px rgba(0,0,0,0.2),0px 1px 1px 0px rgba(0,0,0,0.14),0px 1px 3px 0px rgba(0,0,0,0.12);"[39m
  [36m/>[39m

  Name "Change Item 47":
  [36m<article[39m
    [33maria-labelledby[39m=[32m"change-item-46-heading"[39m
    [33mclass[39m=[32m"MuiPaper-root MuiPaper-elevation MuiPaper-rounded MuiPaper-elevation1 css-fw7llw-MuiPaper-root"[39m
    [33mstyle[39m=[32m"--Paper-shadow: 0px 2px 1px -1px rgba(0,0,0,0.2),0px 1px 1px 0px rgba(0,0,0,0.14),0px 1px 3px 0px rgba(0,0,0,0.12);"[39m
  [36m/>[39m

  Name "Change Item 48":
  [36m<article[39m
    [33maria-labelledby[39m=[32m"change-item-47-heading"[39m
    [33mclass[39m=[32m"MuiPaper-root MuiPaper-elevation MuiPaper-rounded MuiPaper-elevation1 css-fw7llw-MuiPaper-root"[39m
    [33mstyle[39m=[32m"--Paper-shadow: 0px 2px 1px -1px rgba(0,0,0,0.2),0px 1px 1px 0px rgba(0,0,0,0.14),0px 1px 3px 0px rgba(0,0,0,0.12);"[39m
  [36m/>[39m

  Name "Change Item 49":
  [36m<article[39m
    [33maria-labelledby[39m=[32m"change-item-48-heading"[39m
    [33mclass[39m=[32m"MuiPaper-root MuiPaper-elevation MuiPaper-rounded MuiPaper-elevation1 css-fw7llw-MuiPaper-root"[39m
    [33mstyle[39m=[32m"--Paper-shadow: 0px 2px 1px -1px rgba(0,0,0,0.2),0px 1px 1px 0px rgba(0,0,0,0.14),0px 1px 3px 0px rgba(0,0,0,0.12);"[39m
  [36m/>[39m

  Name "Change Item 50":
  [36m<article[39m
    [33maria-labelledby[39m=[32m"change-item-49-heading"[39m
    [33mclass[39m=[32m"MuiPaper-root MuiPaper-elevation MuiPaper-rounded MuiPaper-elevation1 css-fw7llw-MuiPaper-root"[39m
    [33mstyle[39m=[32m"--Paper-shadow: 0px 2px 1px -1px rgba(0,0,0,0.2),0px 1px 1px 0px rgba(0,0,0,0.14),0px 1px 3px 0px rgba(0,0,0,0.12);"[39m
  [36m/>[39m

  Name "Change Item 51":
  [36m<article[39m
    [33maria-labelledby[39m=[32m"change-item-50-heading"[39m
    [33mclass[39m=[32m"MuiPaper-root MuiPaper-elevation MuiPaper-rounded MuiPaper-elevation1 css-fw7llw-MuiPaper-root"[39m
    [33mstyle[39m=[32m"--Paper-shadow: 0px 2px 1px -1px rgba(0,0,0,0.2),0px 1px 1px 0px rgba(0,0,0,0.14),0px 1px 3px 0px rgba(0,0,0,0.12);"[39m
  [36m/>[39m

  Name "Change Item 52":
  [36m<article[39m
    [33maria-labelledby[39m=[32m"change-item-51-heading"[39m
    [33mclass[39m=[32m"MuiPaper-root MuiPaper-elevation MuiPaper-rounded MuiPaper-elevation1 css-fw7llw-MuiPaper-root"[39m
    [33mstyle[39m=[32m"--Paper-shadow: 0px 2px 1px -1px rgba(0,0,0,0.2),0px 1px 1px 0px rgba(0,0,0,0.14),0px 1px 3px 0px rgba(0,0,0,0.12);"[39m
  [36m/>[39m

  Name "Change Item 53":
  [36m<article[39m
    [33maria-labelledby[39m=[32m"change-item-52-heading"[39m
    [33mclass[39m=[32m"MuiPaper-root MuiPaper-elevation MuiPaper-rounded MuiPaper-elevation1 css-fw7llw-MuiPaper-root"[39m
    [33mstyle[39m=[32m"--Paper-shadow: 0px 2px 1px -1px rgba(0,0,0,0.2),0px 1px 1px 0px rgba(0,0,0,0.14),0px 1px 3px 0px rgba(0,0,0,0.12);"[39m
  [36m/>[39m

  Name "Change Item 54":
  [36m<article[39m
    [33maria-labelledby[39m=[32m"change-item-53-heading"[39m
    [33mclass[39m=[32m"MuiPaper-root MuiPaper-elevation MuiPaper-rounded MuiPaper-elevation1 css-fw7llw-MuiPaper-root"[39m
    [33mstyle[39m=[32m"--Paper-shadow: 0px 2px 1px -1px rgba(0,0,0,0.2),0px 1px 1px 0px rgba(0,0,0,0.14),0px 1px 3px 0px rgba(0,0,0,0.12);"[39m
  [36m/>[39m

  Name "Change Item 55":
  [36m<article[39m
    [33maria-labelledby[39m=[32m"change-item-54-heading"[39m
    [33mclass[39m=[32m"MuiPaper-root MuiPaper-elevation MuiPaper-rounded MuiPaper-elevation1 css-fw7llw-MuiPaper-root"[39m
    [33mstyle[39m=[32m"--Paper-shadow: 0px 2px 1px -1px rgba(0,0,0,0.2),0px 1px 1px 0px rgba(0,0,0,0.14),0px 1px 3px 0px rgba(0,0,0,0.12);"[39m
  [36m/>[39m

  Name "Change Item 56":
  [36m<article[39m
    [33maria-labelledby[39m=[32m"change-item-55-heading"[39m
    [33mclass[39m=[32m"MuiPaper-root MuiPaper-elevation MuiPaper-rounded MuiPaper-elevation1 css-fw7llw-MuiPaper-root"[39m
    [33mstyle[39m=[32m"--Paper-shadow: 0px 2px 1px -1px rgba(0,0,0,0.2),0px 1px 1px 0px rgba(0,0,0,0.14),0px 1px 3px 0px rgba(0,0,0,0.12);"[39m
  [36m/>[39m

  Name "Change Item 57":
  [36m<article[39m
    [33maria-labelledby[39m=[32m"change-item-56-heading"[39m
    [33mclass[39m=[32m"MuiPaper-root MuiPaper-elevation MuiPaper-rounded MuiPaper-elevation1 css-fw7llw-MuiPaper-root"[39m
    [33mstyle[39m=[32m"--Paper-shadow: 0px 2px 1px -1px rgba(0,0,0,0.2),0px 1px 1px 0px rgba(0,0,0,0.14),0px 1px 3px 0px rgba(0,0,0,0.12);"[39m
  [36m/>[39m

  Name "Change Item 58":
  [36m<article[39m
    [33maria-labelledby[39m=[32m"change-item-57-heading"[39m
    [33mclass[39m=[32m"MuiPaper-root MuiPaper-elevation MuiPaper-rounded MuiPaper-elevation1 css-fw7llw-MuiPaper-root"[39m
    [33mstyle[39m=[32m"--Paper-shadow: 0px 2px 1px -1px rgba(0,0,0,0.2),0px 1px 1px 0px rgba(0,0,0,0.14),0px 1px 3px 0px rgba(0,0,0,0.12);"[39m
  [36m/>[39m

  Name "Change Item 59":
  [36m<article[39m
    [33maria-labelledby[39m=[32m"change-item-58-heading"[39m
    [33mclass[39m=[32m"MuiPaper-root MuiPaper-elevation MuiPaper-rounded MuiPaper-elevation1 css-fw7llw-MuiPaper-root"[39m
    [33mstyle[39m=[32m"--Paper-shadow: 0px 2px 1px -1px rgba(0,0,0,0.2),0px 1px 1px 0px rgba(0,0,0,0.14),0px 1px 3px 0px rgba(0,0,0,0.12);"[39m
  [36m/>[39m

  Name "Change Item 60":
  [36m<article[39m
    [33maria-labelledby[39m=[32m"change-item-59-heading"[39m
    [33mclass[39m=[32m"MuiPaper-root MuiPaper-elevation MuiPaper-rounded MuiPaper-elevation1 css-fw7llw-MuiPaper-root"[39m
    [33mstyle[39m=[32m"--Paper-shadow: 0px 2px 1px -1px rgba(0,0,0,0.2),0px 1px 1px 0px rgba(0,0,0,0.14),0px 1px 3px 0px rgba(0,0,0,0.12);"[39m
  [36m/>[39m

  Name "Change Item 61":
  [36m<article[39m
    [33maria-labelledby[39m=[32m"change-item-60-heading"[39m
    [33mclass[39m=[32m"MuiPaper-root MuiPaper-elevation MuiPaper-rounded MuiPaper-elevation1 css-fw7llw-MuiPaper-root"[39m
    [33mstyle[39m=[32m"--Paper-shadow: 0px 2px 1px -1px rgba(0,0,0,0.2),0px 1px 1px 0px rgba(0,0,0,0.14),0px 1px 3px 0px rgba(0,0,0,0.12);"[39m
  [36m/>[39m

  Name "Change Item 62":
  [36m<article[39m
    [33maria-labelledby[39m=[32m"change-item-61-heading"[39m
    [33mclass[39m=[32m"MuiPaper-root MuiPaper-elevation MuiPaper-rounded MuiPaper-elevation1 css-fw7llw-MuiPaper-root"[39m
    [33mstyle[39m=[32m"--Paper-shadow: 0px 2px 1px -1px rgba(0,0,0,0.2),0px 1px 1px 0px rgba(0,0,0,0.14),0px 1px 3px 0px rgba(0,0,0,0.12);"[39m
  [36m/>[39m

  Name "Change Item 63":
  [36m<article[39m
    [33maria-labelledby[39m=[32m"change-item-62-heading"[39m
    [33mclass[39m=[32m"MuiPaper-root MuiPaper-elevation MuiPaper-rounded MuiPaper-elevation1 css-fw7llw-MuiPaper-root"[39m
    [33mstyle[39m=[32m"--Paper-shadow: 0px 2px 1px -1px rgba(0,0,0,0.2),0px 1px 1px 0px rgba(0,0,0,0.14),0px 1px 3px 0px rgba(0,0,0,0.12);"[39m
  [36m/>[39m

  Name "Change Item 64":
  [36m<article[39m
    [33maria-labelledby[39m=[32m"change-item-63-heading"[39m
    [33mclass[39m=[32m"MuiPaper-root MuiPaper-elevation MuiPaper-rounded MuiPaper-elevation1 css-fw7llw-MuiPaper-root"[39m
    [33mstyle[39m=[32m"--Paper-shadow: 0px 2px 1px -1px rgba(0,0,0,0.2),0px 1px 1px 0px rgba(0,0,0,0.14),0px 1px 3px 0px rgba(0,0,0,0.12);"[39m
  [36m/>[39m

  Name "Change Item 65":
  [36m<article[39m
    [33maria-labelledby[39m=[32m"change-item-64-heading"[39m
    [33mclass[39m=[32m"MuiPaper-root MuiPaper-elevation MuiPaper-rounded MuiPaper-elevation1 css-fw7llw-MuiPaper-root"[39m
    [33mstyle[39m=[32m"--Paper-shadow: 0px 2px 1px -1px rgba(0,0,0,0.2),0px 1px 1px 0px rgba(0,0,0,0.14),0px 1px 3px 0px rgba(0,0,0,0.12);"[39m
  [36m/>[39m

  Name "Change Item 66":
  [36m<article[39m
    [33maria-labelledby[39m=[32m"change-item-65-heading"[39m
    [33mclass[39m=[32m"MuiPaper-root MuiPaper-elevation MuiPaper-rounded MuiPaper-elevation1 css-fw7llw-MuiPaper-root"[39m
    [33mstyle[39m=[32m"--Paper-shadow: 0px 2px 1px -1px rgba(0,0,0,0.2),0px 1px 1px 0px rgba(0,0,0,0.14),0px 1px 3px 0px rgba(0,0,0,0.12);"[39m
  [36m/>[39m

  Name "Change Item 67":
  [36m<article[39m
    [33maria-labelledby[39m=[32m"change-item-66-heading"[39m
    [33mclass[39m=[32m"MuiPaper-root MuiPaper-elevation MuiPaper-rounded MuiPaper-elevation1 css-fw7llw-MuiPaper-root"[39m
    [33mstyle[39m=[32m"--Paper-shadow: 0px 2px 1px -1px rgba(0,0,0,0.2),0px 1px 1px 0px rgba(0,0,0,0.14),0px 1px 3px 0px rgba(0,0,0,0.12);"[39m
  [36m/>[39m

  Name "Change Item 68":
  [36m<article[39m
    [33maria-labelledby[39m=[32m"change-item-67-heading"[39m
    [33mclass[39m=[32m"MuiPaper-root MuiPaper-elevation MuiPaper-rounded MuiPaper-elevation1 css-fw7llw-MuiPaper-root"[39m
    [33mstyle[39m=[32m"--Paper-shadow: 0px 2px 1px -1px rgba(0,0,0,0.2),0px 1px 1px 0px rgba(0,0,0,0.14),0px 1px 3px 0px rgba(0,0,0,0.12);"[39m
  [36m/>[39m

  Name "Change Item 69":
  [36m<article[39m
    [33maria-labelledby[39m=[32m"change-item-68-heading"[39m
    [33mclass[39m=[32m"MuiPaper-root MuiPaper-elevation MuiPaper-rounded MuiPaper-elevation1 css-fw7llw-MuiPaper-root"[39m
    [33mstyle[39m=[32m"--Paper-shadow: 0px 2px 1px -1px rgba(0,0,0,0.2),0px 1px 1px 0px rgba(0,0,0,0.14),0px 1px 3px 0px rgba(0,0,0,0.12);"[39m
  [36m/>[39m

  Name "Change Item 70":
  [36m<article[39m
    [33maria-labelledby[39m=[32m"change-item-69-heading"[39m
    [33mclass[39m=[32m"MuiPaper-root MuiPaper-elevation MuiPaper-rounded MuiPaper-elevation1 css-fw7llw-MuiPaper-root"[39m
    [33mstyle[39m=[32m"--Paper-shadow: 0px 2px 1px -1px rgba(0,0,0,0.2),0px 1px 1px 0px rgba(0,0,0,0.14),0px 1px 3px 0px rgba(0,0,0,0.12);"[39m
  [36m/>[39m

  Name "Change Item 71":
  [36m<article[39m
    [33maria-labelledby[39m=[32m"change-item-70-heading"[39m
    [33mclass[39m=[32m"MuiPaper-root MuiPaper-elevation MuiPaper-rounded MuiPaper-elevation1 css-fw7llw-MuiPaper-root"[39m
    [33mstyle[39m=[32m"--Paper-shadow: 0px 2px 1px -1px rgba(0,0,0,0.2),0px 1px 1px 0px rgba(0,0,0,0.14),0px 1px 3px 0px rgba(0,0,0,0.12);"[39m
  [36m/>[39m

  Name "Change Item 72":
  [36m<article[39m
    [33maria-labelledby[39m=[32m"change-item-71-heading"[39m
    [33mclass[39m=[32m"MuiPaper-root MuiPaper-elevation MuiPaper-rounded MuiPaper-elevation1 css-fw7llw-MuiPaper-root"[39m
    [33mstyle[39m=[32m"--Paper-shadow: 0px 2px 1px -1px rgba(0,0,0,0.2),0px 1px 1px 0px rgba(0,0,0,0.14),0px 1px 3px 0px rgba(0,0,0,0.12);"[39m
  [36m/>[39m

  Name "Change Item 73":
  [36m<article[39m
    [33maria-labelledby[39m=[32m"change-item-72-heading"[39m
    [33mclass[39m=[32m"MuiPaper-root MuiPaper-elevation MuiPaper-rounded MuiPaper-elevation1 css-fw7llw-MuiPaper-root"[39m
    [33mstyle[39m=[32m"--Paper-shadow: 0px 2px 1px -1px rgba(0,0,0,0.2),0px 1px 1px 0px rgba(0,0,0,0.14),0px 1px 3px 0px rgba(0,0,0,0.12);"[39m
  [36m/>[39m

  Name "Change Item 74":
  [36m<article[39m
    [33maria-labelledby[39m=[32m"change-item-73-heading"[39m
    [33mclass[39m=[32m"MuiPaper-root MuiPaper-elevation MuiPaper-rounded MuiPaper-elevation1 css-fw7llw-MuiPaper-root"[39m
    [33mstyle[39m=[32m"--Paper-shadow: 0px 2px 1px -1px rgba(0,0,0,0.2),0px 1px 1px 0px rgba(0,0,0,0.14),0px 1px 3px 0px rgba(0,0,0,0.12);"[39m
  [36m/>[39m

  Name "Change Item 75":
  [36m<article[39m
    [33maria-labelledby[39m=[32m"change-item-74-heading"[39m
    [33mclass[39m=[32m"MuiPaper-root MuiPaper-elevation MuiPaper-rounded MuiPaper-elevation1 css-fw7llw-MuiPaper-root"[39m
    [33mstyle[39m=[32m"--Paper-shadow: 0px 2px 1px -1px rgba(0,0,0,0.2),0px 1px 1px 0px rgba(0,0,0,0.14),0px 1px 3px 0px rgba(0,0,0,0.12);"[39m
  [36m/>[39m

  Name "Change Item 76":
  [36m<article[39m
    [33maria-labelledby[39m=[32m"change-item-75-heading"[39m
    [33mclass[39m=[32m"MuiPaper-root MuiPaper-elevation MuiPaper-rounded MuiPaper-elevation1 css-fw7llw-MuiPaper-root"[39m
    [33mstyle[39m=[32m"--Paper-shadow: 0px 2px 1px -1px rgba(0,0,0,0.2),0px 1px 1px 0px rgba(0,0,0,0.14),0px 1px 3px 0px rgba(0,0,0,0.12);"[39m
  [36m/>[39m

  Name "Change Item 77":
  [36m<article[39m
    [33maria-labelledby[39m=[32m"change-item-76-heading"[39m
    [33mclass[39m=[32m"MuiPaper-root MuiPaper-elevation MuiPaper-rounded MuiPaper-elevation1 css-fw7llw-MuiPaper-root"[39m
    [33mstyle[39m=[32m"--Paper-shadow: 0px 2px 1px -1px rgba(0,0,0,0.2),0px 1px 1px 0px rgba(0,0,0,0.14),0px 1px 3px 0px rgba(0,0,0,0.12);"[39m
  [36m/>[39m

  Name "Change Item 78":
  [36m<article[39m
    [33maria-labelledby[39m=[32m"change-item-77-heading"[39m
    [33mclass[39m=[32m"MuiPaper-root MuiPaper-elevation MuiPaper-rounded MuiPaper-elevation1 css-fw7llw-MuiPaper-root"[39m
    [33mstyle[39m=[32m"--Paper-shadow: 0px 2px 1px -1px rgba(0,0,0,0.2),0px 1px 1px 0px rgba(0,0,0,0.14),0px 1px 3px 0px rgba(0,0,0,0.12);"[39m
  [36m/>[39m

  Name "Change Item 79":
  [36m<article[39m
    [33maria-labelledby[39m=[32m"change-item-78-heading"[39m
    [33mclass[39m=[32m"MuiPaper-root MuiPaper-elevation MuiPaper-rounded MuiPaper-elevation1 css-fw7llw-MuiPaper-root"[39m
    [33mstyle[39m=[32m"--Paper-shadow: 0px 2px 1px -1px rgba(0,0,0,0.2),0px 1px 1px 0px rgba(0,0,0,0.14),0px 1px 3px 0px rgba(0,0,0,0.12);"[39m
  [36m/>[39m

  Name "Change Item 80":
  [36m<article[39m
    [33maria-labelledby[39m=[32m"change-item-79-heading"[39m
    [33mclass[39m=[32m"MuiPaper-root MuiPaper-elevation MuiPaper-rounded MuiPaper-elevation1 css-fw7llw-MuiPaper-root"[39m
    [33mstyle[39m=[32m"--Paper-shadow: 0px 2px 1px -1px rgba(0,0,0,0.2),0px 1px 1px 0px rgba(0,0,0,0.14),0px 1px 3px 0px rgba(0,0,0,0.12);"[39m
  [36m/>[39m

  Name "Change Item 81":
  [36m<article[39m
    [33maria-labelledby[39m=[32m"change-item-80-heading"[39m
    [33mclass[39m=[32m"MuiPaper-root MuiPaper-elevation MuiPaper-rounded MuiPaper-elevation1 css-fw7llw-MuiPaper-root"[39m
    [33mstyle[39m=[32m"--Paper-shadow: 0px 2px 1px -1px rgba(0,0,0,0.2),0px 1px 1px 0px rgba(0,0,0,0.14),0px 1px 3px 0px rgba(0,0,0,0.12);"[39m
  [36m/>[39m

  Name "Change Item 82":
  [36m<article[39m
    [33maria-labelledby[39m=[32m"change-item-81-heading"[39m
    [33mclass[39m=[32m"MuiPaper-root MuiPaper-elevation MuiPaper-rounded MuiPaper-elevation1 css-fw7llw-MuiPaper-root"[39m
    [33mstyle[39m=[32m"--Paper-shadow: 0px 2px 1px -1px rgba(0,0,0,0.2),0px 1px 1px 0px rgba(0,0,0,0.14),0px 1px 3px 0px rgba(0,0,0,0.12);"[39m
  [36m/>[39m

  Name "Change Item 83":
  [36m<article[39m
    [33maria-labelledby[39m=[32m"change-item-82-heading"[39m
    [33mclass[39m=[32m"MuiPaper-root MuiPaper-elevation MuiPaper-rounded MuiPaper-elevation1 css-fw7llw-MuiPaper-root"[39m
    [33mstyle[39m=[32m"--Paper-shadow: 0px 2px 1px -1px rgba(0,0,0,0.2),0px 1px 1px 0px rgba(0,0,0,0.14),0px 1px 3px 0px rgba(0,0,0,0.12);"[39m
  [36m/>[39m

  Name "Change Item 84":
  [36m<article[39m
    [33maria-labelledby[39m=[32m"change-item-83-heading"[39m
    [33mclass[39m=[32m"MuiPaper-root MuiPaper-elevation MuiPaper-rounded MuiPaper-elevation1 css-fw7llw-MuiPaper-root"[39m
    [33mstyle[39m=[32m"--Paper-shadow: 0px 2px 1px -1px rgba(0,0,0,0.2),0px 1px 1px 0px rgba(0,0,0,0.14),0px 1px 3px 0px rgba(0,0,0,0.12);"[39m
  [36m/>[39m

  Name "Change Item 85":
  [36m<article[39m
    [33maria-labelledby[39m=[32m"change-item-84-heading"[39m
    [33mclass[39m=[32m"MuiPaper-root MuiPaper-elevation MuiPaper-rounded MuiPaper-elevation1 css-fw7llw-MuiPaper-root"[39m
    [33mstyle[39m=[32m"--Paper-shadow: 0px 2px 1px -1px rgba(0,0,0,0.2),0px 1px 1px 0px rgba(0,0,0,0.14),0px 1px 3px 0px rgba(0,0,0,0.12);"[39m
  [36m/>[39m

  Name "Change Item 86":
  [36m<article[39m
    [33maria-labelledby[39m=[32m"change-item-85-heading"[39m
    [33mclass[39m=[32m"MuiPaper-root MuiPaper-elevation MuiPaper-rounded MuiPaper-elevation1 css-fw7llw-MuiPaper-root"[39m
    [33mstyle[39m=[32m"--Paper-shadow: 0px 2px 1px -1px rgba(0,0,0,0.2),0px 1px 1px 0px rgba(0,0,0,0.14),0px 1px 3px 0px rgba(0,0,0,0.12);"[39m
  [36m/>[39m

  Name "Change Item 87":
  [36m<article[39m
    [33maria-labelledby[39m=[32m"change-item-86-heading"[39m
    [33mclass[39m=[32m"MuiPaper-root MuiPaper-elevation MuiPaper-rounded MuiPaper-elevation1 css-fw7llw-MuiPaper-root"[39m
    [33mstyle[39m=[32m"--Paper-shadow: 0px 2px 1px -1px rgba(0,0,0,0.2),0px 1px 1px 0px rgba(0,0,0,0.14),0px 1px 3px 0px rgba(0,0,0,0.12);"[39m
  [36m/>[39m

  Name "Change Item 88":
  [36m<article[39m
    [33maria-labelledby[39m=[32m"change-item-87-heading"[39m
    [33mclass[39m=[32m"MuiPaper-root MuiPaper-elevation MuiPaper-rounded MuiPaper-elevation1 css-fw7llw-MuiPaper-root"[39m
    [33mstyle[39m=[32m"--Paper-shadow: 0px 2px 1px -1px rgba(0,0,0,0.2),0px 1px 1px 0px rgba(0,0,0,0.14),0px 1px 3px 0px rgba(0,0,0,0.12);"[39m
  [36m/>[39m

  Name "Change Item 89":
  [36m<article[39m
    [33maria-labelledby[39m=[32m"change-item-88-heading"[39m
    [33mclass[39m=[32m"MuiPaper-root MuiPaper-elevation MuiPaper-rounded MuiPaper-elevation1 css-fw7llw-MuiPaper-root"[39m
    [33mstyle[39m=[32m"--Paper-shadow: 0px 2px 1px -1px rgba(0,0,0,0.2),0px 1px 1px 0px rgba(0,0,0,0.14),0px 1px 3px 0px rgba(0,0,0,0.12);"[39m
  [36m/>[39m

  Name "Change Item 90":
  [36m<article[39m
    [33maria-labelledby[39m=[32m"change-item-89-heading"[39m
    [33mclass[39m=[32m"MuiPaper-root MuiPaper-elevation MuiPaper-rounded MuiPaper-elevation1 css-fw7llw-MuiPaper-root"[39m
    [33mstyle[39m=[32m"--Paper-shadow: 0px 2px 1px -1px rgba(0,0,0,0.2),0px 1px 1px 0px rgba(0,0,0,0.14),0px 1px 3px 0px rgba(0,0,0,0.12);"[39m
  [36m/>[39m

  Name "Change Item 91":
  [36m<article[39m
    [33maria-labelledby[39m=[32m"change-item-90-heading"[39m
    [33mclass[39m=[32m"MuiPaper-root MuiPaper-elevation MuiPaper-rounded MuiPaper-elevation1 css-fw7llw-MuiPaper-root"[39m
    [33mstyle[39m=[32m"--Paper-shadow: 0px 2px 1px -1px rgba(0,0,0,0.2),0px 1px 1px 0px rgba(0,0,0,0.14),0px 1px 3px 0px rgba(0,0,0,0.12);"[39m
  [36m/>[39m

  Name "Change Item 92":
  [36m<article[39m
    [33maria-labelledby[39m=[32m"change-item-91-heading"[39m
    [33mclass[39m=[32m"MuiPaper-root MuiPaper-elevation MuiPaper-rounded MuiPaper-elevation1 css-fw7llw-MuiPaper-root"[39m
    [33mstyle[39m=[32m"--Paper-shadow: 0px 2px 1px -1px rgba(0,0,0,0.2),0px 1px 1px 0px rgba(0,0,0,0.14),0px 1px 3px 0px rgba(0,0,0,0.12);"[39m
  [36m/>[39m

  Name "Change Item 93":
  [36m<article[39m
    [33maria-labelledby[39m=[32m"change-item-92-heading"[39m
    [33mclass[39m=[32m"MuiPaper-root MuiPaper-elevation MuiPaper-rounded MuiPaper-elevation1 css-fw7llw-MuiPaper-root"[39m
    [33mstyle[39m=[32m"--Paper-shadow: 0px 2px 1px -1px rgba(0,0,0,0.2),0px 1px 1px 0px rgba(0,0,0,0.14),0px 1px 3px 0px rgba(0,0,0,0.12);"[39m
  [36m/>[39m

  Name "Change Item 94":
  [36m<article[39m
    [33maria-labelledby[39m=[32m"change-item-93-heading"[39m
    [33mclass[39m=[32m"MuiPaper-root MuiPaper-elevation MuiPaper-rounded MuiPaper-elevation1 css-fw7llw-MuiPaper-root"[39m
    [33mstyle[39m=[32m"--Paper-shadow: 0px 2px 1px -1px rgba(0,0,0,0.2),0px 1px 1px 0px rgba(0,0,0,0.14),0px 1px 3px 0px rgba(0,0,0,0.12);"[39m
  [36m/>[39m

  Name "Change Item 95":
  [36m<article[39m
    [33maria-labelledby[39m=[32m"change-item-94-heading"[39m
    [33mclass[39m=[32m"MuiPaper-root MuiPaper-elevation MuiPaper-rounded MuiPaper-elevation1 css-fw7llw-MuiPaper-root"[39m
    [33mstyle[39m=[32m"--Paper-shadow: 0px 2px 1px -1px rgba(0,0,0,0.2),0px 1px 1px 0px rgba(0,0,0,0.14),0px 1px 3px 0px rgba(0,0,0,0.12);"[39m
  [36m/>[39m

  Name "Change Item 96":
  [36m<article[39m
    [33maria-labelledby[39m=[32m"change-item-95-heading"[39m
    [33mclass[39m=[32m"MuiPaper-root MuiPaper-elevation MuiPaper-rounded MuiPaper-elevation1 css-fw7llw-MuiPaper-root"[39m
    [33mstyle[39m=[32m"--Paper-shadow: 0px 2px 1px -1px rgba(0,0,0,0.2),0px 1px 1px 0px rgba(0,0,0,0.14),0px 1px 3px 0px rgba(0,0,0,0.12);"[39m
  [36m/>[39m

  Name "Change Item 97":
  [36m<article[39m
    [33maria-labelledby[39m=[32m"change-item-96-heading"[39m
    [33mclass[39m=[32m"MuiPaper-root MuiPaper-elevation MuiPaper-rounded MuiPaper-elevation1 css-fw7llw-MuiPaper-root"[39m
    [33mstyle[39m=[32m"--Paper-shadow: 0px 2px 1px -1px rgba(0,0,0,0.2),0px 1px 1px 0px rgba(0,0,0,0.14),0px 1px 3px 0px rgba(0,0,0,0.12);"[39m
  [36m/>[39m

  Name "Change Item 98":
  [36m<article[39m
    [33maria-labelledby[39m=[32m"change-item-97-heading"[39m
    [33mclass[39m=[32m"MuiPaper-root MuiPaper-elevation MuiPaper-rounded MuiPaper-elevation1 css-fw7llw-MuiPaper-root"[39m
    [33mstyle[39m=[32m"--Paper-shadow: 0px 2px 1px -1px rgba(0,0,0,0.2),0px 1px 1px 0px rgba(0,0,0,0.14),0px 1px 3px 0px rgba(0,0,0,0.12);"[39m
  [36m/>[39m

  Name "Change Item 99":
  [36m<article[39m
    [33maria-labelledby[39m=[32m"change-item-98-heading"[39m
    [33mclass[39m=[32m"MuiPaper-root MuiPaper-elevation MuiPaper-rounded MuiPaper-elevation1 css-fw7llw-MuiPaper-root"[39m
    [33mstyle[39m=[32m"--Paper-shadow: 0px 2px 1px -1px rgba(0,0,0,0.2),0px 1px 1px 0px rgba(0,0,0,0.14),0px 1px 3px 0px rgba(0,0,0,0.12);"[39m
  [36m/>[39m

  Name "Change Item 100":
  [36m<article[39m
    [33maria-labelledby[39m=[32m"change-item-99-heading"[39m
    [33mclass[39m=[32m"MuiPaper-root MuiPaper-elevation MuiPaper-rounded MuiPaper-elevation1 css-fw7llw-MuiPaper-root"[39m
    [33mstyle[39m=[32m"--Paper-shadow: 0px 2px 1px -1px rgba(0,0,0,0.2),0px 1px 1px 0px rgba(0,0,0,0.14),0px 1px 3px 0px rgba(0,0,0,0.12);"[39m
  [36m/>[39m

  Name "Change Item 101":
  [36m<article[39m
    [33maria-labelledby[39m=[32m"change-item-100-heading"[39m
    [33mclass[39m=[32m"MuiPaper-root MuiPaper-elevation MuiPaper-rounded MuiPaper-elevation1 css-fw7llw-MuiPaper-root"[39m
    [33mstyle[39m=[32m"--Paper-shadow: 0px 2px 1px -1px rgba(0,0,0,0.2),0px 1px 1px 0px rgba(0,0,0,0.14),0px 1px 3px 0px rgba(0,0,0,0.12);"[39m
  [36m/>[39m

  Name "Change Item 102":
  [36m<article[39m
    [33maria-labelledby[39m=[32m"change-item-101-heading"[39m
    [33mclass[39m=[32m"MuiPaper-root MuiPaper-elevation MuiPaper-rounded MuiPaper-elevation1 css-fw7llw-MuiPaper-root"[39m
    [33mstyle[39m=[32m"--Paper-shadow: 0px 2px 1px -1px rgba(0,0,0,0.2),0px 1px 1px 0px rgba(0,0,0,0.14),0px 1px 3px 0px rgba(0,0,0,0.12);"[39m
  [36m/>[39m

  Name "Change Item 103":
  [36m<article[39m
    [33maria-labelledby[39m=[32m"change-item-102-heading"[39m
    [33mclass[39m=[32m"MuiPaper-root MuiPaper-elevation MuiPaper-rounded MuiPaper-elevation1 css-fw7llw-MuiPaper-root"[39m
    [33mstyle[39m=[32m"--Paper-shadow: 0px 2px 1px -1px rgba(0,0,0,0.2),0px 1px 1px 0px rgba(0,0,0,0.14),0px 1px 3px 0px rgba(0,0,0,0.12);"[39m
  [36m/>[39m

  Name "Change Item 104":
  [36m<article[39m
    [33maria-labelledby[39m=[32m"change-item-103-heading"[39m
    [33mclass[39m=[32m"MuiPaper-root MuiPaper-elevation MuiPaper-rounded MuiPaper-elevation1 css-fw7llw-MuiPaper-root"[39m
    [33mstyle[39m=[32m"--Paper-shadow: 0px 2px 1px -1px rgba(0,0,0,0.2),0px 1px 1px 0px rgba(0,0,0,0.14),0px 1px 3px 0px rgba(0,0,0,0.12);"[39m
  [36m/>[39m

  Name "Change Item 105":
  [36m<article[39m
    [33maria-labelledby[39m=[32m"change-item-104-heading"[39m
    [33mclass[39m=[32m"MuiPaper-root MuiPaper-elevation MuiPaper-rounded MuiPaper-elevation1 css-fw7llw-MuiPaper-root"[39m
    [33mstyle[39m=[32m"--Paper-shadow: 0px 2px 1px -1px rgba(0,0,0,0.2),0px 1px 1px 0px rgba(0,0,0,0.14),0px 1px 3px 0px rgba(0,0,0,0.12);"[39m
  [36m/>[39m

  Name "Change Item 106":
  [36m<article[39m
    [33maria-labelledby[39m=[32m"change-item-105-heading"[39m
    [33mclass[39m=[32m"MuiPaper-root MuiPaper-elevation MuiPaper-rounded MuiPaper-elevation1 css-fw7llw-MuiPaper-root"[39m
    [33mstyle[39m=[32m"--Paper-shadow: 0px 2px 1px -1px rgba(0,0,0,0.2),0px 1px 1px 0px rgba(0,0,0,0.14),0px 1px 3px 0px rgba(0,0,0,0.12);"[39m
  [36m/>[39m

  Name "Change Item 107":
  [36m<article[39m
    [33maria-labelledby[39m=[32m"change-item-106-heading"[39m
    [33mclass[39m=[32m"MuiPaper-root MuiPaper-elevation MuiPaper-rounded MuiPaper-elevation1 css-fw7llw-MuiPaper-root"[39m
    [33mstyle[39m=[32m"--Paper-shadow: 0px 2px 1px -1px rgba(0,0,0,0.2),0px 1px 1px 0px rgba(0,0,0,0.14),0px 1px 3px 0px rgba(0,0,0,0.12);"[39m
  [36m/>[39m

  Name "Change Item 108":
  [36m<article[39m
    [33maria-labelledby[39m=[32m"change-item-107-heading"[39m
    [33mclass[39m=[32m"MuiPaper-root MuiPaper-elevation MuiPaper-rounded MuiPaper-elevation1 css-fw7llw-MuiPaper-root"[39m
    [33mstyle[39m=[32m"--Paper-shadow: 0px 2px 1px -1px rgba(0,0,0,0.2),0px 1px 1px 0px rgba(0,0,0,0.14),0px 1px 3px 0px rgba(0,0,0,0.12);"[39m
  [36m/>[39m

  Name "Change Item 109":
  [36m<article[39m
    [33maria-labelledby[39m=[32m"change-item-108-heading"[39m
    [33mclass[39m=[32m"MuiPaper-root MuiPaper-elevation MuiPaper-rounded MuiPaper-elevation1 css-fw7llw-MuiPaper-root"[39m
    [33mstyle[39m=[32m"--Paper-shadow: 0px 2px 1px -1px rgba(0,0,0,0.2),0px 1px 1px 0px rgba(0,0,0,0.14),0px 1px 3px 0px rgba(0,0,0,0.12);"[39m
  [36m/>[39m

  Name "Change Item 110":
  [36m<article[39m
    [33maria-labelledby[39m=[32m"change-item-109-heading"[39m
    [33mclass[39m=[32m"MuiPaper-root MuiPaper-elevation MuiPaper-rounded MuiPaper-elevation1 css-fw7llw-MuiPaper-root"[39m
    [33mstyle[39m=[32m"--Paper-shadow: 0px 2px 1px -1px rgba(0,0,0,0.2),0px 1px 1px 0px rgba(0,0,0,0.14),0px 1px 3px 0px rgba(0,0,0,0.12);"[39m
  [36m/>[39m

  Name "Change Item 111":
  [36m<article[39m
    [33maria-labelledby[39m=[32m"change-item-110-heading"[39m
    [33mclass[39m=[32m"MuiPaper-root MuiPaper-elevation MuiPaper-rounded MuiPaper-elevation1 css-fw7llw-MuiPaper-root"[39m
    [33mstyle[39m=[32m"--Paper-shadow: 0px 2px 1px -1px rgba(0,0,0,0.2),0px 1px 1px 0px rgba(0,0,0,0.14),0px 1px 3px 0px rgba(0,0,0,0.12);"[39m
  [36m/>[39m

  Name "Change Item 112":
  [36m<article[39m
    [33maria-labelledby[39m=[32m"change-item-111-heading"[39m
    [33mclass[39m=[32m"MuiPaper-root MuiPaper-elevation MuiPaper-rounded MuiPaper-elevation1 css-fw7llw-MuiPaper-root"[39m
    [33mstyle[39m=[32m"--Paper-shadow: 0px 2px 1px -1px rgba(0,0,0,0.2),0px 1px 1px 0px rgba(0,0,0,0.14),0px 1px 3px 0px rgba(0,0,0,0.12);"[39m
  [36m/>[39m

  Name "Change Item 113":
  [36m<article[39m
    [33maria-labelledby[39m=[32m"change-item-112-heading"[39m
    [33mclass[39m=[32m"MuiPaper-root MuiPaper-elevation MuiPaper-rounded MuiPaper-elevation1 css-fw7llw-MuiPaper-root"[39m
    [33mstyle[39m=[32m"--Paper-shadow: 0px 2px 1px -1px rgba(0,0,0,0.2),0px 1px 1px 0px rgba(0,0,0,0.14),0px 1px 3px 0px rgba(0,0,0,0.12);"[39m
  [36m/>[39m

  Name "Change Item 114":
  [36m<article[39m
    [33maria-labelledby[39m=[32m"change-item-113-heading"[39m
    [33mclass[39m=[32m"MuiPaper-root MuiPaper-elevation MuiPaper-rounded MuiPaper-elevation1 css-fw7llw-MuiPaper-root"[39m
    [33mstyle[39m=[32m"--Paper-shadow: 0px 2px 1px -1px rgba(0,0,0,0.2),0px 1px 1px 0px rgba(0,0,0,0.14),0px 1px 3px 0px rgba(0,0,0,0.12);"[39m
  [36m/>[39m

  Name "Change Item 115":
  [36m<article[39m
    [33maria-labelledby[39m=[32m"change-item-114-heading"[39m
    [33mclass[39m=[32m"MuiPaper-root MuiPaper-elevation MuiPaper-rounded MuiPaper-elevation1 css-fw7llw-MuiPaper-root"[39m
    [33mstyle[39m=[32m"--Paper-shadow: 0px 2px 1px -1px rgba(0,0,0,0.2),0px 1px 1px 0px rgba(0,0,0,0.14),0px 1px 3px 0px rgba(0,0,0,0.12);"[39m
  [36m/>[39m

  Name "Change Item 116":
  [36m<article[39m
    [33maria-labelledby[39m=[32m"change-item-115-heading"[39m
    [33mclass[39m=[32m"MuiPaper-root MuiPaper-elevation MuiPaper-rounded MuiPaper-elevation1 css-fw7llw-MuiPaper-root"[39m
    [33mstyle[39m=[32m"--Paper-shadow: 0px 2px 1px -1px rgba(0,0,0,0.2),0px 1px 1px 0px rgba(0,0,0,0.14),0px 1px 3px 0px rgba(0,0,0,0.12);"[39m
  [36m/>[39m

  Name "Change Item 117":
  [36m<article[39m
    [33maria-labelledby[39m=[32m"change-item-116-heading"[39m
    [33mclass[39m=[32m"MuiPaper-root MuiPaper-elevation MuiPaper-rounded MuiPaper-elevation1 css-fw7llw-MuiPaper-root"[39m
    [33mstyle[39m=[32m"--Paper-shadow: 0px 2px 1px -1px rgba(0,0,0,0.2),0px 1px 1px 0px rgba(0,0,0,0.14),0px 1px 3px 0px rgba(0,0,0,0.12);"[39m
  [36m/>[39m

  Name "Change Item 118":
  [36m<article[39m
    [33maria-labelledby[39m=[32m"change-item-117-heading"[39m
    [33mclass[39m=[32m"MuiPaper-root MuiPaper-elevation MuiPaper-rounded MuiPaper-elevation1 css-fw7llw-MuiPaper-root"[39m
    [33mstyle[39m=[32m"--Paper-shadow: 0px 2px 1px -1px rgba(0,0,0,0.2),0px 1px 1px 0px rgba(0,0,0,0.14),0px 1px 3px 0px rgba(0,0,0,0.12);"[39m
  [36m/>[39m

  Name "Change Item 119":
  [36m<article[39m
    [33maria-labelledby[39m=[32m"change-item-118-heading"[39m
    [33mclass[39m=[32m"MuiPaper-root MuiPaper-elevation MuiPaper-rounded MuiPaper-elevation1 css-fw7llw-MuiPaper-root"[39m
    [33mstyle[39m=[32m"--Paper-shadow: 0px 2px 1px -1px rgba(0,0,0,0.2),0px 1px 1px 0px rgba(0,0,0,0.14),0px 1px 3px 0px rgba(0,0,0,0.12);"[39m
  [36m/>[39m

  Name "Change Item 120":
  [36m<article[39m
    [33maria-labelledby[39m=[32m"change-item-119-heading"[39m
    [33mclass[39m=[32m"MuiPaper-root MuiPaper-elevation MuiPaper-rounded MuiPaper-elevation1 css-fw7llw-MuiPaper-root"[39m
    [33mstyle[39m=[32m"--Paper-shadow: 0px 2px 1px -1px rgba(0,0,0,0.2),0px 1px 1px 0px rgba(0,0,0,0.14),0px 1px 3px 0px rgba(0,0,0,0.12);"[39m
  [36m/>[39m

  Name "Change Item 121":
  [36m<article[39m
    [33maria-labelledby[39m=[32m"change-item-120-heading"[39m
    [33mclass[39m=[32m"MuiPaper-root MuiPaper-elevation MuiPaper-rounded MuiPaper-elevation1 css-fw7llw-MuiPaper-root"[39m
    [33mstyle[39m=[32m"--Paper-shadow: 0px 2px 1px -1px rgba(0,0,0,0.2),0px 1px 1px 0px rgba(0,0,0,0.14),0px 1px 3px 0px rgba(0,0,0,0.12);"[39m
  [36m/>[39m

  Name "Change Item 122":
  [36m<article[39m
    [33maria-labelledby[39m=[32m"change-item-121-heading"[39m
    [33mclass[39m=[32m"MuiPaper-root MuiPaper-elevation MuiPaper-rounded MuiPaper-elevation1 css-fw7llw-MuiPaper-root"[39m
    [33mstyle[39m=[32m"--Paper-shadow: 0px 2px 1px -1px rgba(0,0,0,0.2),0px 1px 1px 0px rgba(0,0,0,0.14),0px 1px 3px 0px rgba(0,0,0,0.12);"[39m
  [36m/>[39m

  Name "Change Item 123":
  [36m<article[39m
    [33maria-labelledby[39m=[32m"change-item-122-heading"[39m
    [33mclass[39m=[32m"MuiPaper-root MuiPaper-elevation MuiPaper-rounded MuiPaper-elevation1 css-fw7llw-MuiPaper-root"[39m
    [33mstyle[39m=[32m"--Paper-shadow: 0px 2px 1px -1px rgba(0,0,0,0.2),0px 1px 1px 0px rgba(0,0,0,0.14),0px 1px 3px 0px rgba(0,0,0,0.12);"[39m
  [36m/>[39m

  Name "Change Item 124":
  [36m<article[39m
    [33maria-labelledby[39m=[32m"change-item-123-heading"[39m
    [33mclass[39m=[32m"MuiPaper-root MuiPaper-elevation MuiPaper-rounded MuiPaper-elevation1 css-fw7llw-MuiPaper-root"[39m
    [33mstyle[39m=[32m"--Paper-shadow: 0px 2px 1px -1px rgba(0,0,0,0.2),0px 1px 1px 0px rgba(0,0,0,0.14),0px 1px 3px 0px rgba(0,0,0,0.12);"[39m
  [36m/>[39m

  Name "Change Item 125":
  [36m<article[39m
    [33maria-labelledby[39m=[32m"change-item-124-heading"[39m
    [33mclass[39m=[32m"MuiPaper-root MuiPaper-elevation MuiPaper-rounded MuiPaper-elevation1 css-fw7llw-MuiPaper-root"[39m
    [33mstyle[39m=[32m"--Paper-shadow: 0px 2px 1px -1px rgba(0,0,0,0.2),0px 1px 1px 0px rgba(0,0,0,0.14),0px 1px 3px 0px rgba(0,0,0,0.12);"[39m
  [36m/>[39m

  Name "Change Item 126":
  [36m<article[39m
    [33maria-labelledby[39m=[32m"change-item-125-heading"[39m
    [33mclass[39m=[32m"MuiPaper-root MuiPaper-elevation MuiPaper-rounded MuiPaper-elevation1 css-fw7llw-MuiPaper-root"[39m
    [33mstyle[39m=[32m"--Paper-shadow: 0px 2px 1px -1px rgba(0,0,0,0.2),0px 1px 1px 0px rgba(0,0,0,0.14),0px 1px 3px 0px rgba(0,0,0,0.12);"[39m
  [36m/>[39m

  Name "Change Item 127":
  [36m<article[39m
    [33maria-labelledby[39m=[32m"change-item-126-heading"[39m
    [33mclass[39m=[32m"MuiPaper-root MuiPaper-elevation MuiPaper-rounded MuiPaper-elevation1 css-fw7llw-MuiPaper-root"[39m
    [33mstyle[39m=[32m"--Paper-shadow: 0px 2px 1px -1px rgba(0,0,0,0.2),0px 1px 1px 0px rgba(0,0,0,0.14),0px 1px 3px 0px rgba(0,0,0,0.12);"[39m
  [36m/>[39m

  Name "Change Item 128":
  [36m<article[39m
    [33maria-labelledby[39m=[32m"change-item-127-heading"[39m
    [33mclass[39m=[32m"MuiPaper-root MuiPaper-elevation MuiPaper-rounded MuiPaper-elevation1 css-fw7llw-MuiPaper-root"[39m
    [33mstyle[39m=[32m"--Paper-shadow: 0px 2px 1px -1px rgba(0,0,0,0.2),0px 1px 1px 0px rgba(0,0,0,0.14),0px 1px 3px 0px rgba(0,0,0,0.12);"[39m
  [36m/>[39m

  Name "Change Item 129":
  [36m<article[39m
    [33maria-labelledby[39m=[32m"change-item-128-heading"[39m
    [33mclass[39m=[32m"MuiPaper-root MuiPaper-elevation MuiPaper-rounded MuiPaper-elevation1 css-fw7llw-MuiPaper-root"[39m
    [33mstyle[39m=[32m"--Paper-shadow: 0px 2px 1px -1px rgba(0,0,0,0.2),0px 1px 1px 0px rgba(0,0,0,0.14),0px 1px 3px 0px rgba(0,0,0,0.12);"[39m
  [36m/>[39m

  Name "Change Item 130":
  [36m<article[39m
    [33maria-labelledby[39m=[32m"change-item-129-heading"[39m
    [33mclass[39m=[32m"MuiPaper-root MuiPaper-elevation MuiPaper-rounded MuiPaper-elevation1 css-fw7llw-MuiPaper-root"[39m
    [33mstyle[39m=[32m"--Paper-shadow: 0px 2px 1px -1px rgba(0,0,0,0.2),0px 1px 1px 0px rgba(0,0,0,0.14),0px 1px 3px 0px rgba(0,0,0,0.12);"[39m
  [36m/>[39m

  Name "Change Item 131":
  [36m<article[39m
    [33maria-labelledby[39m=[32m"change-item-130-heading"[39m
    [33mclass[39m=[32m"MuiPaper-root MuiPaper-elevation MuiPaper-rounded MuiPaper-elevation1 css-fw7llw-MuiPaper-root"[39m
    [33mstyle[39m=[32m"--Paper-shadow: 0px 2px 1px -1px rgba(0,0,0,0.2),0px 1px 1px 0px rgba(0,0,0,0.14),0px 1px 3px 0px rgba(0,0,0,0.12);"[39m
  [36m/>[39m

  Name "Change Item 132":
  [36m<article[39m
    [33maria-labelledby[39m=[32m"change-item-131-heading"[39m
    [33mclass[39m=[32m"MuiPaper-root MuiPaper-elevation MuiPaper-rounded MuiPaper-elevation1 css-fw7llw-MuiPaper-root"[39m
    [33mstyle[39m=[32m"--Paper-shadow: 0px 2px 1px -1px rgba(0,0,0,0.2),0px 1px 1px 0px rgba(0,0,0,0.14),0px 1px 3px 0px rgba(0,0,0,0.12);"[39m
  [36m/>[39m

  Name "Change Item 133":
  [36m<article[39m
    [33maria-labelledby[39m=[32m"change-item-132-heading"[39m
    [33mclass[39m=[32m"MuiPaper-root MuiPaper-elevation MuiPaper-rounded MuiPaper-elevation1 css-fw7llw-MuiPaper-root"[39m
    [33mstyle[39m=[32m"--Paper-shadow: 0px 2px 1px -1px rgba(0,0,0,0.2),0px 1px 1px 0px rgba(0,0,0,0.14),0px 1px 3px 0px rgba(0,0,0,0.12);"[39m
  [36m/>[39m

  Name "Change Item 134":
  [36m<article[39m
    [33maria-labelledby[39m=[32m"change-item-133-heading"[39m
    [33mclass[39m=[32m"MuiPaper-root MuiPaper-elevation MuiPaper-rounded MuiPaper-elevation1 css-fw7llw-MuiPaper-root"[39m
    [33mstyle[39m=[32m"--Paper-shadow: 0px 2px 1px -1px rgba(0,0,0,0.2),0px 1px 1px 0px rgba(0,0,0,0.14),0px 1px 3px 0px rgba(0,0,0,0.12);"[39m
  [36m/>[39m

  Name "Change Item 135":
  [36m<article[39m
    [33maria-labelledby[39m=[32m"change-item-134-heading"[39m
    [33mclass[39m=[32m"MuiPaper-root MuiPaper-elevation MuiPaper-rounded MuiPaper-elevation1 css-fw7llw-MuiPaper-root"[39m
    [33mstyle[39m=[32m"--Paper-shadow: 0px 2px 1px -1px rgba(0,0,0,0.2),0px 1px 1px 0px rgba(0,0,0,0.14),0px 1px 3px 0px rgba(0,0,0,0.12);"[39m
  [36m/>[39m

  Name "Change Item 136":
  [36m<article[39m
    [33maria-labelledby[39m=[32m"change-item-135-heading"[39m
    [33mclass[39m=[32m"MuiPaper-root MuiPaper-elevation MuiPaper-rounded MuiPaper-elevation1 css-fw7llw-MuiPaper-root"[39m
    [33mstyle[39m=[32m"--Paper-shadow: 0px 2px 1px -1px rgba(0,0,0,0.2),0px 1px 1px 0px rgba(0,0,0,0.14),0px 1px 3px 0px rgba(0,0,0,0.12);"[39m
  [36m/>[39m

  Name "Change Item 137":
  [36m<article[39m
    [33maria-labelledby[39m=[32m"change-item-136-heading"[39m
    [33mclass[39m=[32m"MuiPaper-root MuiPaper-elevation MuiPaper-rounded MuiPaper-elevation1 css-fw7llw-MuiPaper-root"[39m
    [33mstyle[39m=[32m"--Paper-shadow: 0px 2px 1px -1px rgba(0,0,0,0.2),0px 1px 1px 0px rgba(0,0,0,0.14),0px 1px 3px 0px rgba(0,0,0,0.12);"[39m
  [36m/>[39m

  Name "Change Item 138":
  [36m<article[39m
    [33maria-labelledby[39m=[32m"change-item-137-heading"[39m
    [33mclass[39m=[32m"MuiPaper-root MuiPaper-elevation MuiPaper-rounded MuiPaper-elevation1 css-fw7llw-MuiPaper-root"[39m
    [33mstyle[39m=[32m"--Paper-shadow: 0px 2px 1px -1px rgba(0,0,0,0.2),0px 1px 1px 0px rgba(0,0,0,0.14),0px 1px 3px 0px rgba(0,0,0,0.12);"[39m
  [36m/>[39m

  Name "Change Item 139":
  [36m<article[39m
    [33maria-labelledby[39m=[32m"change-item-138-heading"[39m
    [33mclass[39m=[32m"MuiPaper-root MuiPaper-elevation MuiPaper-rounded MuiPaper-elevation1 css-fw7llw-MuiPaper-root"[39m
    [33mstyle[39m=[32m"--Paper-shadow: 0px 2px 1px -1px rgba(0,0,0,0.2),0px 1px 1px 0px rgba(0,0,0,0.14),0px 1px 3px 0px rgba(0,0,0,0.12);"[39m
  [36m/>[39m

  Name "Change Item 140":
  [36m<article[39m
    [33maria-labelledby[39m=[32m"change-item-139-heading"[39m
    [33mclass[39m=[32m"MuiPaper-root MuiPaper-elevation MuiPaper-rounded MuiPaper-elevation1 css-fw7llw-MuiPaper-root"[39m
    [33mstyle[39m=[32m"--Paper-shadow: 0px 2px 1px -1px rgba(0,0,0,0.2),0px 1px 1px 0px rgba(0,0,0,0.14),0px 1px 3px 0px rgba(0,0,0,0.12);"[39m
  [36m/>[39m

  Name "Change Item 141":
  [36m<article[39m
    [33maria-labelledby[39m=[32m"change-item-140-heading"[39m
    [33mclass[39m=[32m"MuiPaper-root MuiPaper-elevation MuiPaper-rounded MuiPaper-elevation1 css-fw7llw-MuiPaper-root"[39m
    [33mstyle[39m=[32m"--Paper-shadow: 0px 2px 1px -1px rgba(0,0,0,0.2),0px 1px 1px 0px rgba(0,0,0,0.14),0px 1px 3px 0px rgba(0,0,0,0.12);"[39m
  [36m/>[39m

  Name "Change Item 142":
  [36m<article[39m
    [33maria-labelledby[39m=[32m"change-item-141-heading"[39m
    [33mclass[39m=[32m"MuiPaper-root MuiPaper-elevation MuiPaper-rounded MuiPaper-elevation1 css-fw7llw-MuiPaper-root"[39m
    [33mstyle[39m=[32m"--Paper-shadow: 0px 2px 1px -1px rgba(0,0,0,0.2),0px 1px 1px 0px rgba(0,0,0,0.14),0px 1px 3px 0px rgba(0,0,0,0.12);"[39m
  [36m/>[39m

  Name "Change Item 143":
  [36m<article[39m
    [33maria-labelledby[39m=[32m"change-item-142-heading"[39m
    [33mclass[39m=[32m"MuiPaper-root MuiPaper-elevation MuiPaper-rounded MuiPaper-elevation1 css-fw7llw-MuiPaper-root"[39m
    [33mstyle[39m=[32m"--Paper-shadow: 0px 2px 1px -1px rgba(0,0,0,0.2),0px 1px 1px 0px rgba(0,0,0,0.14),0px 1px 3px 0px rgba(0,0,0,0.12);"[39m
  [36m/>[39m

  Name "Change Item 144":
  [36m<article[39m
    [33maria-labelledby[39m=[32m"change-item-143-heading"[39m
    [33mclass[39m=[32m"MuiPaper-root MuiPaper-elevation MuiPaper-rounded MuiPaper-elevation1 css-fw7llw-MuiPaper-root"[39m
    [33mstyle[39m=[32m"--Paper-shadow: 0px 2px 1px -1px rgba(0,0,0,0.2),0px 1px 1px 0px rgba(0,0,0,0.14),0px 1px 3px 0px rgba(0,0,0,0.12);"[39m
  [36m/>[39m

  Name "Change Item 145":
  [36m<article[39m
    [33maria-labelledby[39m=[32m"change-item-144-heading"[39m
    [33mclass[39m=[32m"MuiPaper-root MuiPaper-elevation MuiPaper-rounded MuiPaper-elevation1 css-fw7llw-MuiPaper-root"[39m
    [33mstyle[39m=[32m"--Paper-shadow: 0px 2px 1px -1px rgba(0,0,0,0.2),0px 1px 1px 0px rgba(0,0,0,0.14),0px 1px 3px 0px rgba(0,0,0,0.12);"[39m
  [36m/>[39m

  Name "Change Item 146":
  [36m<article[39m
    [33maria-labelledby[39m=[32m"change-item-145-heading"[39m
    [33mclass[39m=[32m"MuiPaper-root MuiPaper-elevation MuiPaper-rounded MuiPaper-elevation1 css-fw7llw-MuiPaper-root"[39m
    [33mstyle[39m=[32m"--Paper-shadow: 0px 2px 1px -1px rgba(0,0,0,0.2),0px 1px 1px 0px rgba(0,0,0,0.14),0px 1px 3px 0px rgba(0,0,0,0.12);"[39m
  [36m/>[39m

  Name "Change Item 147":
  [36m<article[39m
    [33maria-labelledby[39m=[32m"change-item-146-heading"[39m
    [33mclass[39m=[32m"MuiPaper-root MuiPaper-elevation MuiPaper-rounded MuiPaper-elevation1 css-fw7llw-MuiPaper-root"[39m
    [33mstyle[39m=[32m"--Paper-shadow: 0px 2px 1px -1px rgba(0,0,0,0.2),0px 1px 1px 0px rgba(0,0,0,0.14),0px 1px 3px 0px rgba(0,0,0,0.12);"[39m
  [36m/>[39m

  Name "Change Item 148":
  [36m<article[39m
    [33maria-labelledby[39m=[32m"change-item-147-heading"[39m
    [33mclass[39m=[32m"MuiPaper-root MuiPaper-elevation MuiPaper-rounded MuiPaper-elevation1 css-fw7llw-MuiPaper-root"[39m
    [33mstyle[39m=[32m"--Paper-shadow: 0px 2px 1px -1px rgba(0,0,0,0.2),0px 1px 1px 0px rgba(0,0,0,0.14),0px 1px 3px 0px rgba(0,0,0,0.12);"[39m
  [36m/>[39m

  Name "Change Item 149":
  [36m<article[39m
    [33maria-labelledby[39m=[32m"change-item-148-heading"[39m
    [33mclass[39m=[32m"MuiPaper-root MuiPaper-elevation MuiPaper-rounded MuiPaper-elevation1 css-fw7llw-MuiPaper-root"[39m
    [33mstyle[39m=[32m"--Paper-shadow: 0px 2px 1px -1px rgba(0,0,0,0.2),0px 1px 1px 0px rgba(0,0,0,0.14),0px 1px 3px 0px rgba(0,0,0,0.12);"[39m
  [36m/>[39m

  Name "Change Item 150":
  [36m<article[39m
    [33maria-labelledby[39m=[32m"change-item-149-heading"[39m
    [33mclass[39m=[32m"MuiPaper-root MuiPaper-elevation MuiPaper-rounded MuiPaper-elevation1 css-fw7llw-MuiPaper-root"[39m
    [33mstyle[39m=[32m"--Paper-shadow: 0px 2px 1px -1px rgba(0,0,0,0.2),0px 1px 1px 0px rgba(0,0,0,0.14),0px 1px 3px 0px rgba(0,0,0,0.12);"[39m
  [36m/>[39m

  Name "Change Item 151":
  [36m<article[39m
    [33maria-labelledby[39m=[32m"change-item-150-heading"[39m
    [33mclass[39m=[32m"MuiPaper-root MuiPaper-elevation MuiPaper-rounded MuiPaper-elevation1 css-fw7llw-MuiPaper-root"[39m
    [33mstyle[39m=[32m"--Paper-shadow: 0px 2px 1px -1px rgba(0,0,0,0.2),0px 1px 1px 0px rgba(0,0,0,0.14),0px 1px 3px 0px rgba(0,0,0,0.12);"[39m
  [36m/>[39m

  Name "Change Item 152":
  [36m<article[39m
    [33maria-labelledby[39m=[32m"change-item-151-heading"[39m
    [33mclass[39m=[32m"MuiPaper-root MuiPaper-elevation MuiPaper-rounded MuiPaper-elevation1 css-fw7llw-MuiPaper-root"[39m
    [33mstyle[39m=[32m"--Paper-shadow: 0px 2px 1px -1px rgba(0,0,0,0.2),0px 1px 1px 0px rgba(0,0,0,0.14),0px 1px 3px 0px rgba(0,0,0,0.12);"[39m
  [36m/>[39m

  Name "Change Item 153":
  [36m<article[39m
    [33maria-labelledby[39m=[32m"change-item-152-heading"[39m
    [33mclass[39m=[32m"MuiPaper-root MuiPaper-elevation MuiPaper-rounded MuiPaper-elevation1 css-fw7llw-MuiPaper-root"[39m
    [33mstyle[39m=[32m"--Paper-shadow: 0px 2px 1px -1px rgba(0,0,0,0.2),0px 1px 1px 0px rgba(0,0,0,0.14),0px 1px 3px 0px rgba(0,0,0,0.12);"[39m
  [36m/>[39m

  Name "Change Item 154":
  [36m<article[39m
    [33maria-labelledby[39m=[32m"change-item-153-heading"[39m
    [33mclass[39m=[32m"MuiPaper-root MuiPaper-elevation MuiPaper-rounded MuiPaper-elevation1 css-fw7llw-MuiPaper-root"[39m
    [33mstyle[39m=[32m"--Paper-shadow: 0px 2px 1px -1px rgba(0,0,0,0.2),0px 1px 1px 0px rgba(0,0,0,0.14),0px 1px 3px 0px rgba(0,0,0,0.12);"[39m
  [36m/>[39m

  Name "Change Item 155":
  [36m<article[39m
    [33maria-labelledby[39m=[32m"change-item-154-heading"[39m
    [33mclass[39m=[32m"MuiPaper-root MuiPaper-elevation MuiPaper-rounded MuiPaper-elevation1 css-fw7llw-MuiPaper-root"[39m
    [33mstyle[39m=[32m"--Paper-shadow: 0px 2px 1px -1px rgba(0,0,0,0.2),0px 1px 1px 0px rgba(0,0,0,0.14),0px 1px 3px 0px rgba(0,0,0,0.12);"[39m
  [36m/>[39m

  Name "Change Item 156":
  [36m<article[39m
    [33maria-labelledby[39m=[32m"change-item-155-heading"[39m
    [33mclass[39m=[32m"MuiPaper-root MuiPaper-elevation MuiPaper-rounded MuiPaper-elevation1 css-fw7llw-MuiPaper-root"[39m
    [33mstyle[39m=[32m"--Paper-shadow: 0px 2px 1px -1px rgba(0,0,0,0.2),0px 1px 1px 0px rgba(0,0,0,0.14),0px 1px 3px 0px rgba(0,0,0,0.12);"[39m
  [36m/>[39m

  Name "Change Item 157":
  [36m<article[39m
    [33maria-labelledby[39m=[32m"change-item-156-heading"[39m
    [33mclass[39m=[32m"MuiPaper-root MuiPaper-elevation MuiPaper-rounded MuiPaper-elevation1 css-fw7llw-MuiPaper-root"[39m
    [33mstyle[39m=[32m"--Paper-shadow: 0px 2px 1px -1px rgba(0,0,0,0.2),0px 1px 1px 0px rgba(0,0,0,0.14),0px 1px 3px 0px rgba(0,0,0,0.12);"[39m
  [36m/>[39m

  Name "Change Item 158":
  [36m<article[39m
    [33maria-labelledby[39m=[32m"change-item-157-heading"[39m
    [33mclass[39m=[32m"MuiPaper-root MuiPaper-elevation MuiPaper-rounded MuiPaper-elevation1 css-fw7llw-MuiPaper-root"[39m
    [33mstyle[39m=[32m"--Paper-shadow: 0px 2px 1px -1px rgba(0,0,0,0.2),0px 1px 1px 0px rgba(0,0,0,0.14),0px 1px 3px 0px rgba(0,0,0,0.12);"[39m
  [36m/>[39m

  Name "Change Item 159":
  [36m<article[39m
    [33maria-labelledby[39m=[32m"change-item-158-heading"[39m
    [33mclass[39m=[32m"MuiPaper-root MuiPaper-elevation MuiPaper-rounded MuiPaper-elevation1 css-fw7llw-MuiPaper-root"[39m
    [33mstyle[39m=[32m"--Paper-shadow: 0px 2px 1px -1px rgba(0,0,0,0.2),0px 1px 1px 0px rgba(0,0,0,0.14),0px 1px 3px 0px rgba(0,0,0,0.12);"[39m
  [36m/>[39m

  Name "Change Item 160":
  [36m<article[39m
    [33maria-labelledby[39m=[32m"change-item-159-heading"[39m
    [33mclass[39m=[32m"MuiPaper-root MuiPaper-elevation MuiPaper-rounded MuiPaper-elevation1 css-fw7llw-MuiPaper-root"[39m
    [33mstyle[39m=[32m"--Paper-shadow: 0px 2px 1px -1px rgba(0,0,0,0.2),0px 1px 1px 0px rgba(0,0,0,0.14),0px 1px 3px 0px rgba(0,0,0,0.12);"[39m
  [36m/>[39m

  Name "Change Item 161":
  [36m<article[39m
    [33maria-labelledby[39m=[32m"change-item-160-heading"[39m
    [33mclass[39m=[32m"MuiPaper-root MuiPaper-elevation MuiPaper-rounded MuiPaper-elevation1 css-fw7llw-MuiPaper-root"[39m
    [33mstyle[39m=[32m"--Paper-shadow: 0px 2px 1px -1px rgba(0,0,0,0.2),0px 1px 1px 0px rgba(0,0,0,0.14),0px 1px 3px 0px rgba(0,0,0,0.12);"[39m
  [36m/>[39m

  Name "Change Item 162":
  [36m<article[39m
    [33maria-labelledby[39m=[32m"change-item-161-heading"[39m
    [33mclass[39m=[32m"MuiPaper-root MuiPaper-elevation MuiPaper-rounded MuiPaper-elevation1 css-fw7llw-MuiPaper-root"[39m
    [33mstyle[39m=[32m"--Paper-shadow: 0px 2px 1px -1px rgba(0,0,0,0.2),0px 1px 1px 0px rgba(0,0,0,0.14),0px 1px 3px 0px rgba(0,0,0,0.12);"[39m
  [36m/>[39m

  Name "Change Item 163":
  [36m<article[39m
    [33maria-labelledby[39m=[32m"change-item-162-heading"[39m
    [33mclass[39m=[32m"MuiPaper-root MuiPaper-elevation MuiPaper-rounded MuiPaper-elevation1 css-fw7llw-MuiPaper-root"[39m
    [33mstyle[39m=[32m"--Paper-shadow: 0px 2px 1px -1px rgba(0,0,0,0.2),0px 1px 1px 0px rgba(0,0,0,0.14),0px 1px 3px 0px rgba(0,0,0,0.12);"[39m
  [36m/>[39m

  Name "Change Item 164":
  [36m<article[39m
    [33maria-labelledby[39m=[32m"change-item-163-heading"[39m
    [33mclass[39m=[32m"MuiPaper-root MuiPaper-elevation MuiPaper-rounded MuiPaper-elevation1 css-fw7llw-MuiPaper-root"[39m
    [33mstyle[39m=[32m"--Paper-shadow: 0px 2px 1px -1px rgba(0,0,0,0.2),0px 1px 1px 0px rgba(0,0,0,0.14),0px 1px 3px 0px rgba(0,0,0,0.12);"[39m
  [36m/>[39m

  Name "Change Item 165":
  [36m<article[39m
    [33maria-labelledby[39m=[32m"change-item-164-heading"[39m
    [33mclass[39m=[32m"MuiPaper-root MuiPaper-elevation MuiPaper-rounded MuiPaper-elevation1 css-fw7llw-MuiPaper-root"[39m
    [33mstyle[39m=[32m"--Paper-shadow: 0px 2px 1px -1px rgba(0,0,0,0.2),0px 1px 1px 0px rgba(0,0,0,0.14),0px 1px 3px 0px rgba(0,0,0,0.12);"[39m
  [36m/>[39m

  Name "Change Item 166":
  [36m<article[39m
    [33maria-labelledby[39m=[32m"change-item-165-heading"[39m
    [33mclass[39m=[32m"MuiPaper-root MuiPaper-elevation MuiPaper-rounded MuiPaper-elevation1 css-fw7llw-MuiPaper-root"[39m
    [33mstyle[39m=[32m"--Paper-shadow: 0px 2px 1px -1px rgba(0,0,0,0.2),0px 1px 1px 0px rgba(0,0,0,0.14),0px 1px 3px 0px rgba(0,0,0,0.12);"[39m
  [36m/>[39m

  Name "Change Item 167":
  [36m<article[39m
    [33maria-labelledby[39m=[32m"change-item-166-heading"[39m
    [33mclass[39m=[32m"MuiPaper-root MuiPaper-elevation MuiPaper-rounded MuiPaper-elevation1 css-fw7llw-MuiPaper-root"[39m
    [33mstyle[39m=[32m"--Paper-shadow: 0px 2px 1px -1px rgba(0,0,0,0.2),0px 1px 1px 0px rgba(0,0,0,0.14),0px 1px 3px 0px rgba(0,0,0,0.12);"[39m
  [36m/>[39m

  Name "Change Item 168":
  [36m<article[39m
    [33maria-labelledby[39m=[32m"change-item-167-heading"[39m
    [33mclass[39m=[32m"MuiPaper-root MuiPaper-elevation MuiPaper-rounded MuiPaper-elevation1 css-fw7llw-MuiPaper-root"[39m
    [33mstyle[39m=[32m"--Paper-shadow: 0px 2px 1px -1px rgba(0,0,0,0.2),0px 1px 1px 0px rgba(0,0,0,0.14),0px 1px 3px 0px rgba(0,0,0,0.12);"[39m
  [36m/>[39m

  Name "Change Item 169":
  [36m<article[39m
    [33maria-labelledby[39m=[32m"change-item-168-heading"[39m
    [33mclass[39m=[32m"MuiPaper-root MuiPaper-elevation MuiPaper-rounded MuiPaper-elevation1 css-fw7llw-MuiPaper-root"[39m
    [33mstyle[39m=[32m"--Paper-shadow: 0px 2px 1px -1px rgba(0,0,0,0.2),0px 1px 1px 0px rgba(0,0,0,0.14),0px 1px 3px 0px rgba(0,0,0,0.12);"[39m
  [36m/>[39m

  Name "Change Item 170":
  [36m<article[39m
    [33maria-labelledby[39m=[32m"change-item-169-heading"[39m
    [33mclass[39m=[32m"MuiPaper-root MuiPaper-elevation MuiPaper-rounded MuiPaper-elevation1 css-fw7llw-MuiPaper-root"[39m
    [33mstyle[39m=[32m"--Paper-shadow: 0px 2px 1px -1px rgba(0,0,0,0.2),0px 1px 1px 0px rgba(0,0,0,0.14),0px 1px 3px 0px rgba(0,0,0,0.12);"[39m
  [36m/>[39m

  Name "Change Item 171":
  [36m<article[39m
    [33maria-labelledby[39m=[32m"change-item-170-heading"[39m
    [33mclass[39m=[32m"MuiPaper-root MuiPaper-elevation MuiPaper-rounded MuiPaper-elevation1 css-fw7llw-MuiPaper-root"[39m
    [33mstyle[39m=[32m"--Paper-shadow: 0px 2px 1px -1px rgba(0,0,0,0.2),0px 1px 1px 0px rgba(0,0,0,0.14),0px 1px 3px 0px rgba(0,0,0,0.12);"[39m
  [36m/>[39m

  Name "Change Item 172":
  [36m<article[39m
    [33maria-labelledby[39m=[32m"change-item-171-heading"[39m
    [33mclass[39m=[32m"MuiPaper-root MuiPaper-elevation MuiPaper-rounded MuiPaper-elevation1 css-fw7llw-MuiPaper-root"[39m
    [33mstyle[39m=[32m"--Paper-shadow: 0px 2px 1px -1px rgba(0,0,0,0.2),0px 1px 1px 0px rgba(0,0,0,0.14),0px 1px 3px 0px rgba(0,0,0,0.12);"[39m
  [36m/>[39m

  Name "Change Item 173":
  [36m<article[39m
    [33maria-labelledby[39m=[32m"change-item-172-heading"[39m
    [33mclass[39m=[32m"MuiPaper-root MuiPaper-elevation MuiPaper-rounded MuiPaper-elevation1 css-fw7llw-MuiPaper-root"[39m
    [33mstyle[39m=[32m"--Paper-shadow: 0px 2px 1px -1px rgba(0,0,0,0.2),0px 1px 1px 0px rgba(0,0,0,0.14),0px 1px 3px 0px rgba(0,0,0,0.12);"[39m
  [36m/>[39m

  Name "Change Item 174":
  [36m<article[39m
    [33maria-labelledby[39m=[32m"change-item-173-heading"[39m
    [33mclass[39m=[32m"MuiPaper-root MuiPaper-elevation MuiPaper-rounded MuiPaper-elevation1 css-fw7llw-MuiPaper-root"[39m
    [33mstyle[39m=[32m"--Paper-shadow: 0px 2px 1px -1px rgba(0,0,0,0.2),0px 1px 1px 0px rgba(0,0,0,0.14),0px 1px 3px 0px rgba(0,0,0,0.12);"[39m
  [36m/>[39m

  Name "Change Item 175":
  [36m<article[39m
    [33maria-labelledby[39m=[32m"change-item-174-heading"[39m
    [33mclass[39m=[32m"MuiPaper-root MuiPaper-elevation MuiPaper-rounded MuiPaper-elevation1 css-fw7llw-MuiPaper-root"[39m
    [33mstyle[39m=[32m"--Paper-shadow: 0px 2px 1px -1px rgba(0,0,0,0.2),0px 1px 1px 0px rgba(0,0,0,0.14),0px 1px 3px 0px rgba(0,0,0,0.12);"[39m
  [36m/>[39m

  Name "Change Item 176":
  [36m<article[39m
    [33maria-labelledby[39m=[32m"change-item-175-heading"[39m
    [33mclass[39m=[32m"MuiPaper-root MuiPaper-elevation MuiPaper-rounded MuiPaper-elevation1 css-fw7llw-MuiPaper-root"[39m
    [33mstyle[39m=[32m"--Paper-shadow: 0px 2px 1px -1px rgba(0,0,0,0.2),0px 1px 1px 0px rgba(0,0,0,0.14),0px 1px 3px 0px rgba(0,0,0,0.12);"[39m
  [36m/>[39m

  Name "Change Item 177":
  [36m<article[39m
    [33maria-labelledby[39m=[32m"change-item-176-heading"[39m
    [33mclass[39m=[32m"MuiPaper-root MuiPaper-elevation MuiPaper-rounded MuiPaper-elevation1 css-fw7llw-MuiPaper-root"[39m
    [33mstyle[39m=[32m"--Paper-shadow: 0px 2px 1px -1px rgba(0,0,0,0.2),0px 1px 1px 0px rgba(0,0,0,0.14),0px 1px 3px 0px rgba(0,0,0,0.12);"[39m
  [36m/>[39m

  Name "Change Item 178":
  [36m<article[39m
    [33maria-labelledby[39m=[32m"change-item-177-heading"[39m
    [33mclass[39m=[32m"MuiPaper-root MuiPaper-elevation MuiPaper-rounded MuiPaper-elevation1 css-fw7llw-MuiPaper-root"[39m
    [33mstyle[39m=[32m"--Paper-shadow: 0px 2px 1px -1px rgba(0,0,0,0.2),0px 1px 1px 0px rgba(0,0,0,0.14),0px 1px 3px 0px rgba(0,0,0,0.12);"[39m
  [36m/>[39m

  Name "Change Item 179":
  [36m<article[39m
    [33maria-labelledby[39m=[32m"change-item-178-heading"[39m
    [33mclass[39m=[32m"MuiPaper-root MuiPaper-elevation MuiPaper-rounded MuiPaper-elevation1 css-fw7llw-MuiPaper-root"[39m
    [33mstyle[39m=[32m"--Paper-shadow: 0px 2px 1px -1px rgba(0,0,0,0.2),0px 1px 1px 0px rgba(0,0,0,0.14),0px 1px 3px 0px rgba(0,0,0,0.12);"[39m
  [36m/>[39m

  Name "Change Item 180":
  [36m<article[39m
    [33maria-labelledby[39m=[32m"change-item-179-heading"[39m
    [33mclass[39m=[32m"MuiPaper-root MuiPaper-elevation MuiPaper-rounded MuiPaper-elevation1 css-fw7llw-MuiPaper-root"[39m
    [33mstyle[39m=[32m"--Paper-shadow: 0px 2px 1px -1px rgba(0,0,0,0.2),0px 1px 1px 0px rgba(0,0,0,0.14),0px 1px 3px 0px rgba(0,0,0,0.12);"[39m
  [36m/>[39m

  Name "Change Item 181":
  [36m<article[39m
    [33maria-labelledby[39m=[32m"change-item-180-heading"[39m
    [33mclass[39m=[32m"MuiPaper-root MuiPaper-elevation MuiPaper-rounded MuiPaper-elevation1 css-fw7llw-MuiPaper-root"[39m
    [33mstyle[39m=[32m"--Paper-shadow: 0px 2px 1px -1px rgba(0,0,0,0.2),0px 1px 1px 0px rgba(0,0,0,0.14),0px 1px 3px 0px rgba(0,0,0,0.12);"[39m
  [36m/>[39m

  Name "Change Item 182":
  [36m<article[39m
    [33maria-labelledby[39m=[32m"change-item-181-heading"[39m
    [33mclass[39m=[32m"MuiPaper-root MuiPaper-elevation MuiPaper-rounded MuiPaper-elevation1 css-fw7llw-MuiPaper-root"[39m
    [33mstyle[39m=[32m"--Paper-shadow: 0px 2px 1px -1px rgba(0,0,0,0.2),0px 1px 1px 0px rgba(0,0,0,0.14),0px 1px 3px 0px rgba(0,0,0,0.12);"[39m
  [36m/>[39m

  Name "Change Item 183":
  [36m<article[39m
    [33maria-labelledby[39m=[32m"change-item-182-heading"[39m
    [33mclass[39m=[32m"MuiPaper-root MuiPaper-elevation MuiPaper-rounded MuiPaper-elevation1 css-fw7llw-MuiPaper-root"[39m
    [33mstyle[39m=[32m"--Paper-shadow: 0px 2px 1px -1px rgba(0,0,0,0.2),0px 1px 1px 0px rgba(0,0,0,0.14),0px 1px 3px 0px rgba(0,0,0,0.12);"[39m
  [36m/>[39m

  Name "Change Item 184":
  [36m<article[39m
    [33maria-labelledby[39m=[32m"change-item-183-heading"[39m
    [33mclass[39m=[32m"MuiPaper-root MuiPaper-elevation MuiPaper-rounded MuiPaper-elevation1 css-fw7llw-MuiPaper-root"[39m
    [33mstyle[39m=[32m"--Paper-shadow: 0px 2px 1px -1px rgba(0,0,0,0.2),0px 1px 1px 0px rgba(0,0,0,0.14),0px 1px 3px 0px rgba(0,0,0,0.12);"[39m
  [36m/>[39m

  Name "Change Item 185":
  [36m<article[39m
    [33maria-labelledby[39m=[32m"change-item-184-heading"[39m
    [33mclass[39m=[32m"MuiPaper-root MuiPaper-elevation MuiPaper-rounded MuiPaper-elevation1 css-fw7llw-MuiPaper-root"[39m
    [33mstyle[39m=[32m"--Paper-shadow: 0px 2px 1px -1px rgba(0,0,0,0.2),0px 1px 1px 0px rgba(0,0,0,0.14),0px 1px 3px 0px rgba(0,0,0,0.12);"[39m
  [36m/>[39m

  Name "Change Item 186":
  [36m<article[39m
    [33maria-labelledby[39m=[32m"change-item-185-heading"[39m
    [33mclass[39m=[32m"MuiPaper-root MuiPaper-elevation MuiPaper-rounded MuiPaper-elevation1 css-fw7llw-MuiPaper-root"[39m
    [33mstyle[39m=[32m"--Paper-shadow: 0px 2px 1px -1px rgba(0,0,0,0.2),0px 1px 1px 0px rgba(0,0,0,0.14),0px 1px 3px 0px rgba(0,0,0,0.12);"[39m
  [36m/>[39m

  Name "Change Item 187":
  [36m<article[39m
    [33maria-labelledby[39m=[32m"change-item-186-heading"[39m
    [33mclass[39m=[32m"MuiPaper-root MuiPaper-elevation MuiPaper-rounded MuiPaper-elevation1 css-fw7llw-MuiPaper-root"[39m
    [33mstyle[39m=[32m"--Paper-shadow: 0px 2px 1px -1px rgba(0,0,0,0.2),0px 1px 1px 0px rgba(0,0,0,0.14),0px 1px 3px 0px rgba(0,0,0,0.12);"[39m
  [36m/>[39m

  Name "Change Item 188":
  [36m<article[39m
    [33maria-labelledby[39m=[32m"change-item-187-heading"[39m
    [33mclass[39m=[32m"MuiPaper-root MuiPaper-elevation MuiPaper-rounded MuiPaper-elevation1 css-fw7llw-MuiPaper-root"[39m
    [33mstyle[39m=[32m"--Paper-shadow: 0px 2px 1px -1px rgba(0,0,0,0.2),0px 1px 1px 0px rgba(0,0,0,0.14),0px 1px 3px 0px rgba(0,0,0,0.12);"[39m
  [36m/>[39m

  Name "Change Item 189":
  [36m<article[39m
    [33maria-labelledby[39m=[32m"change-item-188-heading"[39m
    [33mclass[39m=[32m"MuiPaper-root MuiPaper-elevation MuiPaper-rounded MuiPaper-elevation1 css-fw7llw-MuiPaper-root"[39m
    [33mstyle[39m=[32m"--Paper-shadow: 0px 2px 1px -1px rgba(0,0,0,0.2),0px 1px 1px 0px rgba(0,0,0,0.14),0px 1px 3px 0px rgba(0,0,0,0.12);"[39m
  [36m/>[39m

  Name "Change Item 190":
  [36m<article[39m
    [33maria-labelledby[39m=[32m"change-item-189-heading"[39m
    [33mclass[39m=[32m"MuiPaper-root MuiPaper-elevation MuiPaper-rounded MuiPaper-elevation1 css-fw7llw-MuiPaper-root"[39m
    [33mstyle[39m=[32m"--Paper-shadow: 0px 2px 1px -1px rgba(0,0,0,0.2),0px 1px 1px 0px rgba(0,0,0,0.14),0px 1px 3px 0px rgba(0,0,0,0.12);"[39m
  [36m/>[39m

  Name "Change Item 191":
  [36m<article[39m
    [33maria-labelledby[39m=[32m"change-item-190-heading"[39m
    [33mclass[39m=[32m"MuiPaper-root MuiPaper-elevation MuiPaper-rounded MuiPaper-elevation1 css-fw7llw-MuiPaper-root"[39m
    [33mstyle[39m=[32m"--Paper-shadow: 0px 2px 1px -1px rgba(0,0,0,0.2),0px 1px 1px 0px rgba(0,0,0,0.14),0px 1px 3px 0px rgba(0,0,0,0.12);"[39m
  [36m/>[39m

  Name "Change Item 192":
  [36m<article[39m
    [33maria-labelledby[39m=[32m"change-item-191-heading"[39m
    [33mclass[39m=[32m"MuiPaper-root MuiPaper-elevation MuiPaper-rounded MuiPaper-elevation1 css-fw7llw-MuiPaper-root"[39m
    [33mstyle[39m=[32m"--Paper-shadow: 0px 2px 1px -1px rgba(0,0,0,0.2),0px 1px 1px 0px rgba(0,0,0,0.14),0px 1px 3px 0px rgba(0,0,0,0.12);"[39m
  [36m/>[39m

  Name "Change Item 193":
  [36m<article[39m
    [33maria-labelledby[39m=[32m"change-item-192-heading"[39m
    [33mclass[39m=[32m"MuiPaper-root MuiPaper-elevation MuiPaper-rounded MuiPaper-elevation1 css-fw7llw-MuiPaper-root"[39m
    [33mstyle[39m=[32m"--Paper-shadow: 0px 2px 1px -1px rgba(0,0,0,0.2),0px 1px 1px 0px rgba(0,0,0,0.14),0px 1px 3px 0px rgba(0,0,0,0.12);"[39m
  [36m/>[39m

  Name "Change Item 194":
  [36m<article[39m
    [33maria-labelledby[39m=[32m"change-item-193-heading"[39m
    [33mclass[39m=[32m"MuiPaper-root MuiPaper-elevation MuiPaper-rounded MuiPaper-elevation1 css-fw7llw-MuiPaper-root"[39m
    [33mstyle[39m=[32m"--Paper-shadow: 0px 2px 1px -1px rgba(0,0,0,0.2),0px 1px 1px 0px rgba(0,0,0,0.14),0px 1px 3px 0px rgba(0,0,0,0.12);"[39m
  [36m/>[39m

  Name "Change Item 195":
  [36m<article[39m
    [33maria-labelledby[39m=[32m"change-item-194-heading"[39m
    [33mclass[39m=[32m"MuiPaper-root MuiPaper-elevation MuiPaper-rounded MuiPaper-elevation1 css-fw7llw-MuiPaper-root"[39m
    [33mstyle[39m=[32m"--Paper-shadow: 0px 2px 1px -1px rgba(0,0,0,0.2),0px 1px 1px 0px rgba(0,0,0,0.14),0px 1px 3px 0px rgba(0,0,0,0.12);"[39m
  [36m/>[39m

  Name "Change Item 196":
  [36m<article[39m
    [33maria-labelledby[39m=[32m"change-item-195-heading"[39m
    [33mclass[39m=[32m"MuiPaper-root MuiPaper-elevation MuiPaper-rounded MuiPaper-elevation1 css-fw7llw-MuiPaper-root"[39m
    [33mstyle[39m=[32m"--Paper-shadow: 0px 2px 1px -1px rgba(0,0,0,0.2),0px 1px 1px 0px rgba(0,0,0,0.14),0px 1px 3px 0px rgba(0,0,0,0.12);"[39m
  [36m/>[39m

  Name "Change Item 197":
  [36m<article[39m
    [33maria-labelledby[39m=[32m"change-item-196-heading"[39m
    [33mclass[39m=[32m"MuiPaper-root MuiPaper-elevation MuiPaper-rounded MuiPaper-elevation1 css-fw7llw-MuiPaper-root"[39m
    [33mstyle[39m=[32m"--Paper-shadow: 0px 2px 1px -1px rgba(0,0,0,0.2),0px 1px 1px 0px rgba(0,0,0,0.14),0px 1px 3px 0px rgba(0,0,0,0.12);"[39m
  [36m/>[39m

  Name "Change Item 198":
  [36m<article[39m
    [33maria-labelledby[39m=[32m"change-item-197-heading"[39m
    [33mclass[39m=[32m"MuiPaper-root MuiPaper-elevation MuiPaper-rounded MuiPaper-elevation1 css-fw7llw-MuiPaper-root"[39m
    [33mstyle[39m=[32m"--Paper-shadow: 0px 2px 1px -1px rgba(0,0,0,0.2),0px 1px 1px 0px rgba(0,0,0,0.14),0px 1px 3px 0px rgba(0,0,0,0.12);"[39m
  [36m/>[39m

  Name "Change Item 199":
  [36m<article[39m
    [33maria-labelledby[39m=[32m"change-item-198-heading"[39m
    [33mclass[39m=[32m"MuiPaper-root MuiPaper-elevation MuiPaper-rounded MuiPaper-elevation1 css-fw7llw-MuiPaper-root"[39m
    [33mstyle[39m=[32m"--Paper-shadow: 0px 2px 1px -1px rgba(0,0,0,0.2),0px 1px 1px 0px rgba(0,0,0,0.14),0px 1px 3px 0px rgba(0,0,0,0.12);"[39m
  [36m/>[39m

  Name "Change Item 200":
  [36m<article[39m
    [33maria-labelledby[39m=[32m"change-item-199-heading"[39m
    [33mclass[39m=[32m"MuiPaper-root MuiPaper-elevation MuiPaper-rounded MuiPaper-elevation1 css-fw7llw-MuiPaper-root"[39m
    [33mstyle[39m=[32m"--Paper-shadow: 0px 2px 1px -1px rgba(0,0,0,0.2),0px 1px 1px 0px rgba(0,0,0,0.14),0px 1px 3px 0px rgba(0,0,0,0.12);"[39m
  [36m/>[39m

  Name "Change Item 201":
  [36m<article[39m
    [33maria-labelledby[39m=[32m"change-item-200-heading"[39m
    [33mclass[39m=[32m"MuiPaper-root MuiPaper-elevation MuiPaper-rounded MuiPaper-elevation1 css-fw7llw-MuiPaper-root"[39m
    [33mstyle[39m=[32m"--Paper-shadow: 0px 2px 1px -1px rgba(0,0,0,0.2),0px 1px 1px 0px rgba(0,0,0,0.14),0px 1px 3px 0px rgba(0,0,0,0.12);"[39m
  [36m/>[39m

  Name "Change Item 202":
  [36m<article[39m
    [33maria-labelledby[39m=[32m"change-item-201-heading"[39m
    [33mclass[39m=[32m"MuiPaper-root MuiPaper-elevation MuiPaper-rounded MuiPaper-elevation1 css-fw7llw-MuiPaper-root"[39m
    [33mstyle[39m=[32m"--Paper-shadow: 0px 2px 1px -1px rgba(0,0,0,0.2),0px 1px 1px 0px rgba(0,0,0,0.14),0px 1px 3px 0px rgba(0,0,0,0.12);"[39m
  [36m/>[39m

  Name "Change Item 203":
  [36m<article[39m
    [33maria-labelledby[39m=[32m"change-item-202-heading"[39m
    [33mclass[39m=[32m"MuiPaper-root MuiPaper-elevation MuiPaper-rounded MuiPaper-elevation1 css-fw7llw-MuiPaper-root"[39m
    [33mstyle[39m=[32m"--Paper-shadow: 0px 2px 1px -1px rgba(0,0,0,0.2),0px 1px 1px 0px rgba(0,0,0,0.14),0px 1px 3px 0px rgba(0,0,0,0.12);"[39m
  [36m/>[39m

  Name "Change Item 204":
  [36m<article[39m
    [33maria-labelledby[39m=[32m"change-item-203-heading"[39m
    [33mclass[39m=[32m"MuiPaper-root MuiPaper-elevation MuiPaper-rounded MuiPaper-elevation1 css-fw7llw-MuiPaper-root"[39m
    [33mstyle[39m=[32m"--Paper-shadow: 0px 2px 1px -1px rgba(0,0,0,0.2),0px 1px 1px 0px rgba(0,0,0,0.14),0px 1px 3px 0px rgba(0,0,0,0.12);"[39m
  [36m/>[39m

  Name "Change Item 205":
  [36m<article[39m
    [33maria-labelledby[39m=[32m"change-item-204-heading"[39m
    [33mclass[39m=[32m"MuiPaper-root MuiPaper-elevation MuiPaper-rounded MuiPaper-elevation1 css-fw7llw-MuiPaper-root"[39m
    [33mstyle[39m=[32m"--Paper-shadow: 0px 2px 1px -1px rgba(0,0,0,0.2),0px 1px 1px 0px rgba(0,0,0,0.14),0px 1px 3px 0px rgba(0,0,0,0.12);"[39m
  [36m/>[39m

  Name "Change Item 206":
  [36m<article[39m
    [33maria-labelledby[39m=[32m"change-item-205-heading"[39m
    [33mclass[39m=[32m"MuiPaper-root MuiPaper-elevation MuiPaper-rounded MuiPaper-elevation1 css-fw7llw-MuiPaper-root"[39m
    [33mstyle[39m=[32m"--Paper-shadow: 0px 2px 1px -1px rgba(0,0,0,0.2),0px 1px 1px 0px rgba(0,0,0,0.14),0px 1px 3px 0px rgba(0,0,0,0.12);"[39m
  [36m/>[39m

  Name "Change Item 207":
  [36m<article[39m
    [33maria-labelledby[39m=[32m"change-item-206-heading"[39m
    [33mclass[39m=[32m"MuiPaper-root MuiPaper-elevation MuiPaper-rounded MuiPaper-elevation1 css-fw7llw-MuiPaper-root"[39m
    [33mstyle[39m=[32m"--Paper-shadow: 0px 2px 1px -1px rgba(0,0,0,0.2),0px 1px 1px 0px rgba(0,0,0,0.14),0px 1px 3px 0px rgba(0,0,0,0.12);"[39m
  [36m/>[39m

  Name "Change Item 208":
  [36m<article[39m
    [33maria-labelledby[39m=[32m"change-item-207-heading"[39m
    [33mclass[39m=[32m"MuiPaper-root MuiPaper-elevation MuiPaper-rounded MuiPaper-elevation1 css-fw7llw-MuiPaper-root"[39m
    [33mstyle[39m=[32m"--Paper-shadow: 0px 2px 1px -1px rgba(0,0,0,0.2),0px 1px 1px 0px rgba(0,0,0,0.14),0px 1px 3px 0px rgba(0,0,0,0.12);"[39m
  [36m/>[39m

  Name "Change Item 209":
  [36m<article[39m
    [33maria-labelledby[39m=[32m"change-item-208-heading"[39m
    [33mclass[39m=[32m"MuiPaper-root MuiPaper-elevation MuiPaper-rounded MuiPaper-elevation1 css-fw7llw-MuiPaper-root"[39m
    [33mstyle[39m=[32m"--Paper-shadow: 0px 2px 1px -1px rgba(0,0,0,0.2),0px 1px 1px 0px rgba(0,0,0,0.14),0px 1px 3px 0px rgba(0,0,0,0.12);"[39m
  [36m/>[39m

  Name "Change Item 210":
  [36m<article[39m
    [33maria-labelledby[39m=[32m"change-item-209-heading"[39m
    [33mclass[39m=[32m"MuiPaper-root MuiPaper-elevation MuiPaper-rounded MuiPaper-elevation1 css-fw7llw-MuiPaper-root"[39m
    [33mstyle[39m=[32m"--Paper-shadow: 0px 2px 1px -1px rgba(0,0,0,0.2),0px 1px 1px 0px rgba(0,0,0,0.14),0px 1px 3px 0px rgba(0,0,0,0.12);"[39m
  [36m/>[39m

  Name "Change Item 211":
  [36m<article[39m
    [33maria-labelledby[39m=[32m"change-item-210-heading"[39m
    [33mclass[39m=[32m"MuiPaper-root MuiPaper-elevation MuiPaper-rounded MuiPaper-elevation1 css-fw7llw-MuiPaper-root"[39m
    [33mstyle[39m=[32m"--Paper-shadow: 0px 2px 1px -1px rgba(0,0,0,0.2),0px 1px 1px 0px rgba(0,0,0,0.14),0px 1px 3px 0px rgba(0,0,0,0.12);"[39m
  [36m/>[39m

  Name "Change Item 212":
  [36m<article[39m
    [33maria-labelledby[39m=[32m"change-item-211-heading"[39m
    [33mclass[39m=[32m"MuiPaper-root MuiPaper-elevation MuiPaper-rounded MuiPaper-elevation1 css-fw7llw-MuiPaper-root"[39m
    [33mstyle[39m=[32m"--Paper-shadow: 0px 2px 1px -1px rgba(0,0,0,0.2),0px 1px 1px 0px rgba(0,0,0,0.14),0px 1px 3px 0px rgba(0,0,0,0.12);"[39m
  [36m/>[39m

  Name "Change Item 213":
  [36m<article[39m
    [33maria-labelledby[39m=[32m"change-item-212-heading"[39m
    [33mclass[39m=[32m"MuiPaper-root MuiPaper-elevation MuiPaper-rounded MuiPaper-elevation1 css-fw7llw-MuiPaper-root"[39m
    [33mstyle[39m=[32m"--Paper-shadow: 0px 2px 1px -1px rgba(0,0,0,0.2),0px 1px 1px 0px rgba(0,0,0,0.14),0px 1px 3px 0px rgba(0,0,0,0.12);"[39m
  [36m/>[39m

  Name "Change Item 214":
  [36m<article[39m
    [33maria-labelledby[39m=[32m"change-item-213-heading"[39m
    [33mclass[39m=[32m"MuiPaper-root MuiPaper-elevation MuiPaper-rounded MuiPaper-elevation1 css-fw7llw-MuiPaper-root"[39m
    [33mstyle[39m=[32m"--Paper-shadow: 0px 2px 1px -1px rgba(0,0,0,0.2),0px 1px 1px 0px rgba(0,0,0,0.14),0px 1px 3px 0px rgba(0,0,0,0.12);"[39m
  [36m/>[39m

  Name "Change Item 215":
  [36m<article[39m
    [33maria-labelledby[39m=[32m"change-item-214-heading"[39m
    [33mclass[39m=[32m"MuiPaper-root MuiPaper-elevation MuiPaper-rounded MuiPaper-elevation1 css-fw7llw-MuiPaper-root"[39m
    [33mstyle[39m=[32m"--Paper-shadow: 0px 2px 1px -1px rgba(0,0,0,0.2),0px 1px 1px 0px rgba(0,0,0,0.14),0px 1px 3px 0px rgba(0,0,0,0.12);"[39m
  [36m/>[39m

  Name "Change Item 216":
  [36m<article[39m
    [33maria-labelledby[39m=[32m"change-item-215-heading"[39m
    [33mclass[39m=[32m"MuiPaper-root MuiPaper-elevation MuiPaper-rounded MuiPaper-elevation1 css-fw7llw-MuiPaper-root"[39m
    [33mstyle[39m=[32m"--Paper-shadow: 0px 2px 1px -1px rgba(0,0,0,0.2),0px 1px 1px 0px rgba(0,0,0,0.14),0px 1px 3px 0px rgba(0,0,0,0.12);"[39m
  [36m/>[39m

  Name "Change Item 217":
  [36m<article[39m
    [33maria-labelledby[39m=[32m"change-item-216-heading"[39m
    [33mclass[39m=[32m"MuiPaper-root MuiPaper-elevation MuiPaper-rounded MuiPaper-elevation1 css-fw7llw-MuiPaper-root"[39m
    [33mstyle[39m=[32m"--Paper-shadow: 0px 2px 1px -1px rgba(0,0,0,0.2),0px 1px 1px 0px rgba(0,0,0,0.14),0px 1px 3px 0px rgba(0,0,0,0.12);"[39m
  [36m/>[39m

  Name "Change Item 218":
  [36m<article[39m
    [33maria-labelledby[39m=[32m"change-item-217-heading"[39m
    [33mclass[39m=[32m"MuiPaper-root MuiPaper-elevation MuiPaper-rounded MuiPaper-elevation1 css-fw7llw-MuiPaper-root"[39m
    [33mstyle[39m=[32m"--Paper-shadow: 0px 2px 1px -1px rgba(0,0,0,0.2),0px 1px 1px 0px rgba(0,0,0,0.14),0px 1px 3px 0px rgba(0,0,0,0.12);"[39m
  [36m/>[39m

  Name "Change Item 219":
  [36m<article[39m
    [33maria-labelledby[39m=[32m"change-item-218-heading"[39m
    [33mclass[39m=[32m"MuiPaper-root MuiPaper-elevation MuiPaper-rounded MuiPaper-elevation1 css-fw7llw-MuiPaper-root"[39m
    [33mstyle[39m=[32m"--Paper-shadow: 0px 2px 1px -1px rgba(0,0,0,0.2),0px 1px 1px 0px rgba(0,0,0,0.14),0px 1px 3px 0px rgba(0,0,0,0.12);"[39m
  [36m/>[39m

  Name "Change Item 220":
  [36m<article[39m
    [33maria-labelledby[39m=[32m"change-item-219-heading"[39m
    [33mclass[39m=[32m"MuiPaper-root MuiPaper-elevation MuiPaper-rounded MuiPaper-elevation1 css-fw7llw-MuiPaper-root"[39m
    [33mstyle[39m=[32m"--Paper-shadow: 0px 2px 1px -1px rgba(0,0,0,0.2),0px 1px 1px 0px rgba(0,0,0,0.14),0px 1px 3px 0px rgba(0,0,0,0.12);"[39m
  [36m/>[39m

  Name "Change Item 221":
  [36m<article[39m
    [33maria-labelledby[39m=[32m"change-item-220-heading"[39m
    [33mclass[39m=[32m"MuiPaper-root MuiPaper-elevation MuiPaper-rounded MuiPaper-elevation1 css-fw7llw-MuiPaper-root"[39m
    [33mstyle[39m=[32m"--Paper-shadow: 0px 2px 1px -1px rgba(0,0,0,0.2),0px 1px 1px 0px rgba(0,0,0,0.14),0px 1px 3px 0px rgba(0,0,0,0.12);"[39m
  [36m/>[39m

  Name "Change Item 222":
  [36m<article[39m
    [33maria-labelledby[39m=[32m"change-item-221-heading"[39m
    [33mclass[39m=[32m"MuiPaper-root MuiPaper-elevation MuiPaper-rounded MuiPaper-elevation1 css-fw7llw-MuiPaper-root"[39m
    [33mstyle[39m=[32m"--Paper-shadow: 0px 2px 1px -1px rgba(0,0,0,0.2),0px 1px 1px 0px rgba(0,0,0,0.14),0px 1px 3px 0px rgba(0,0,0,0.12);"[39m
  [36m/>[39m

  Name "Change Item 223":
  [36m<article[39m
    [33maria-labelledby[39m=[32m"change-item-222-heading"[39m
    [33mclass[39m=[32m"MuiPaper-root MuiPaper-elevation MuiPaper-rounded MuiPaper-elevation1 css-fw7llw-MuiPaper-root"[39m
    [33mstyle[39m=[32m"--Paper-shadow: 0px 2px 1px -1px rgba(0,0,0,0.2),0px 1px 1px 0px rgba(0,0,0,0.14),0px 1px 3px 0px rgba(0,0,0,0.12);"[39m
  [36m/>[39m

  Name "Change Item 224":
  [36m<article[39m
    [33maria-labelledby[39m=[32m"change-item-223-heading"[39m
    [33mclass[39m=[32m"MuiPaper-root MuiPaper-elevation MuiPaper-rounded MuiPaper-elevation1 css-fw7llw-MuiPaper-root"[39m
    [33mstyle[39m=[32m"--Paper-shadow: 0px 2px 1px -1px rgba(0,0,0,0.2),0px 1px 1px 0px rgba(0,0,0,0.14),0px 1px 3px 0px rgba(0,0,0,0.12);"[39m
  [36m/>[39m

  Name "Change Item 225":
  [36m<article[39m
    [33maria-labelledby[39m=[32m"change-item-224-heading"[39m
    [33mclass[39m=[32m"MuiPaper-root MuiPaper-elevation MuiPaper-rounded MuiPaper-elevation1 css-fw7llw-MuiPaper-root"[39m
    [33mstyle[39m=[32m"--Paper-shadow: 0px 2px 1px -1px rgba(0,0,0,0.2),0px 1px 1px 0px rgba(0,0,0,0.14),0px 1px 3px 0px rgba(0,0,0,0.12);"[39m
  [36m/>[39m

  Name "Change Item 226":
  [36m<article[39m
    [33maria-labelledby[39m=[32m"change-item-225-heading"[39m
    [33mclass[39m=[32m"MuiPaper-root MuiPaper-elevation MuiPaper-rounded MuiPaper-elevation1 css-fw7llw-MuiPaper-root"[39m
    [33mstyle[39m=[32m"--Paper-shadow: 0px 2px 1px -1px rgba(0,0,0,0.2),0px 1px 1px 0px rgba(0,0,0,0.14),0px 1px 3px 0px rgba(0,0,0,0.12);"[39m
  [36m/>[39m

  Name "Change Item 227":
  [36m<article[39m
    [33maria-labelledby[39m=[32m"change-item-226-heading"[39m
    [33mclass[39m=[32m"MuiPaper-root MuiPaper-elevation MuiPaper-rounded MuiPaper-elevation1 css-fw7llw-MuiPaper-root"[39m
    [33mstyle[39m=[32m"--Paper-shadow: 0px 2px 1px -1px rgba(0,0,0,0.2),0px 1px 1px 0px rgba(0,0,0,0.14),0px 1px 3px 0px rgba(0,0,0,0.12);"[39m
  [36m/>[39m

  Name "Change Item 228":
  [36m<article[39m
    [33maria-labelledby[39m=[32m"change-item-227-heading"[39m
    [33mclass[39m=[32m"MuiPaper-root MuiPaper-elevation MuiPaper-rounded MuiPaper-elevation1 css-fw7llw-MuiPaper-root"[39m
    [33mstyle[39m=[32m"--Paper-shadow: 0px 2px 1px -1px rgba(0,0,0,0.2),0px 1px 1px 0px rgba(0,0,0,0.14),0px 1px 3px 0px rgba(0,0,0,0.12);"[39m
  [36m/>[39m

  Name "Change Item 229":
  [36m<article[39m
    [33maria-labelledby[39m=[32m"change-item-228-heading"[39m
    [33mclass[39m=[32m"MuiPaper-root MuiPaper-elevation MuiPaper-rounded MuiPaper-elevation1 css-fw7llw-MuiPaper-root"[39m
    [33mstyle[39m=[32m"--Paper-shadow: 0px 2px 1px -1px rgba(0,0,0,0.2),0px 1px 1px 0px rgba(0,0,0,0.14),0px 1px 3px 0px rgba(0,0,0,0.12);"[39m
  [36m/>[39m

  Name "Change Item 230":
  [36m<article[39m
    [33maria-labelledby[39m=[32m"change-item-229-heading"[39m
    [33mclass[39m=[32m"MuiPaper-root MuiPaper-elevation MuiPaper-rounded MuiPaper-elevation1 css-fw7llw-MuiPaper-root"[39m
    [33mstyle[39m=[32m"--Paper-shadow: 0px 2px 1px -1px rgba(0,0,0,0.2),0px 1px 1px 0px rgba(0,0,0,0.14),0px 1px 3px 0px rgba(0,0,0,0.12);"[39m
  [36m/>[39m

  Name "Change Item 231":
  [36m<article[39m
    [33maria-labelledby[39m=[32m"change-item-230-heading"[39m
    [33mclass[39m=[32m"MuiPaper-root MuiPaper-elevation MuiPaper-rounded MuiPaper-elevation1 css-fw7llw-MuiPaper-root"[39m
    [33mstyle[39m=[32m"--Paper-shadow: 0px 2px 1px -1px rgba(0,0,0,0.2),0px 1px 1px 0px rgba(0,0,0,0.14),0px 1px 3px 0px rgba(0,0,0,0.12);"[39m
  [36m/>[39m

  Name "Change Item 232":
  [36m<article[39m
    [33maria-labelledby[39m=[32m"change-item-231-heading"[39m
    [33mclass[39m=[32m"MuiPaper-root MuiPaper-elevation MuiPaper-rounded MuiPaper-elevation1 css-fw7llw-MuiPaper-root"[39m
    [33mstyle[39m=[32m"--Paper-shadow: 0px 2px 1px -1px rgba(0,0,0,0.2),0px 1px 1px 0px rgba(0,0,0,0.14),0px 1px 3px 0px rgba(0,0,0,0.12);"[39m
  [36m/>[39m

  Name "Change Item 233":
  [36m<article[39m
    [33maria-labelledby[39m=[32m"change-item-232-heading"[39m
    [33mclass[39m=[32m"MuiPaper-root MuiPaper-elevation MuiPaper-rounded MuiPaper-elevation1 css-fw7llw-MuiPaper-root"[39m
    [33mstyle[39m=[32m"--Paper-shadow: 0px 2px 1px -1px rgba(0,0,0,0.2),0px 1px 1px 0px rgba(0,0,0,0.14),0px 1px 3px 0px rgba(0,0,0,0.12);"[39m
  [36m/>[39m

  Name "Change Item 234":
  [36m<article[39m
    [33maria-labelledby[39m=[32m"change-item-233-heading"[39m
    [33mclass[39m=[32m"MuiPaper-root MuiPaper-elevation MuiPaper-rounded MuiPaper-elevation1 css-fw7llw-MuiPaper-root"[39m
    [33mstyle[39m=[32m"--Paper-shadow: 0px 2px 1px -1px rgba(0,0,0,0.2),0px 1px 1px 0px rgba(0,0,0,0.14),0px 1px 3px 0px rgba(0,0,0,0.12);"[39m
  [36m/>[39m

  Name "Change Item 235":
  [36m<article[39m
    [33maria-labelledby[39m=[32m"change-item-234-heading"[39m
    [33mclass[39m=[32m"MuiPaper-root MuiPaper-elevation MuiPaper-rounded MuiPaper-elevation1 css-fw7llw-MuiPaper-root"[39m
    [33mstyle[39m=[32m"--Paper-shadow: 0px 2px 1px -1px rgba(0,0,0,0.2),0px 1px 1px 0px rgba(0,0,0,0.14),0px 1px 3px 0px rgba(0,0,0,0.12);"[39m
  [36m/>[39m

  Name "Change Item 236":
  [36m<article[39m
    [33maria-labelledby[39m=[32m"change-item-235-heading"[39m
    [33mclass[39m=[32m"MuiPaper-root MuiPaper-elevation MuiPaper-rounded MuiPaper-elevation1 css-fw7llw-MuiPaper-root"[39m
    [33mstyle[39m=[32m"--Paper-shadow: 0px 2px 1px -1px rgba(0,0,0,0.2),0px 1px 1px 0px rgba(0,0,0,0.14),0px 1px 3px 0px rgba(0,0,0,0.12);"[39m
  [36m/>[39m

  Name "Change Item 237":
  [36m<article[39m
    [33maria-labelledby[39m=[32m"change-item-236-heading"[39m
    [33mclass[39m=[32m"MuiPaper-root MuiPaper-elevation MuiPaper-rounded MuiPaper-elevation1 css-fw7llw-MuiPaper-root"[39m
    [33mstyle[39m=[32m"--Paper-shadow: 0px 2px 1px -1px rgba(0,0,0,0.2),0px 1px 1px 0px rgba(0,0,0,0.14),0px 1px 3px 0px rgba(0,0,0,0.12);"[39m
  [36m/>[39m

  Name "Change Item 238":
  [36m<article[39m
    [33maria-labelledby[39m=[32m"change-item-237-heading"[39m
    [33mclass[39m=[32m"MuiPaper-root MuiPaper-elevation MuiPaper-rounded MuiPaper-elevation1 css-fw7llw-MuiPaper-root"[39m
    [33mstyle[39m=[32m"--Paper-shadow: 0px 2px 1px -1px rgba(0,0,0,0.2),0px 1px 1px 0px rgba(0,0,0,0.14),0px 1px 3px 0px rgba(0,0,0,0.12);"[39m
  [36m/>[39m

  Name "Change Item 239":
  [36m<article[39m
    [33maria-labelledby[39m=[32m"change-item-238-heading"[39m
    [33mclass[39m=[32m"MuiPaper-root MuiPaper-elevation MuiPaper-rounded MuiPaper-elevation1 css-fw7llw-MuiPaper-root"[39m
    [33mstyle[39m=[32m"--Paper-shadow: 0px 2px 1px -1px rgba(0,0,0,0.2),0px 1px 1px 0px rgba(0,0,0,0.14),0px 1px 3px 0px rgba(0,0,0,0.12);"[39m
  [36m/>[39m

  Name "Change Item 240":
  [36m<article[39m
    [33maria-labelledby[39m=[32m"change-item-239-heading"[39m
    [33mclass[39m=[32m"MuiPaper-root MuiPaper-elevation MuiPaper-rounded MuiPaper-elevation1 css-fw7llw-MuiPaper-root"[39m
    [33mstyle[39m=[32m"--Paper-shadow: 0px 2px 1px -1px rgba(0,0,0,0.2),0px 1px 1px 0px rgba(0,0,0,0.14),0px 1px 3px 0px rgba(0,0,0,0.12);"[39m
  [36m/>[39m

  Name "Change Item 241":
  [36m<article[39m
    [33maria-labelledby[39m=[32m"change-item-240-heading"[39m
    [33mclass[39m=[32m"MuiPaper-root MuiPaper-elevation MuiPaper-rounded MuiPaper-elevation1 css-fw7llw-MuiPaper-root"[39m
    [33mstyle[39m=[32m"--Paper-shadow: 0px 2px 1px -1px rgba(0,0,0,0.2),0px 1px 1px 0px rgba(0,0,0,0.14),0px 1px 3px 0px rgba(0,0,0,0.12);"[39m
  [36m/>[39m

  Name "Change Item 242":
  [36m<article[39m
    [33maria-labelledby[39m=[32m"change-item-241-heading"[39m
    [33mclass[39m=[32m"MuiPaper-root MuiPaper-elevation MuiPaper-rounded MuiPaper-elevation1 css-fw7llw-MuiPaper-root"[39m
    [33mstyle[39m=[32m"--Paper-shadow: 0px 2px 1px -1px rgba(0,0,0,0.2),0px 1px 1px 0px rgba(0,0,0,0.14),0px 1px 3px 0px rgba(0,0,0,0.12);"[39m
  [36m/>[39m

  Name "Change Item 243":
  [36m<article[39m
    [33maria-labelledby[39m=[32m"change-item-242-heading"[39m
    [33mclass[39m=[32m"MuiPaper-root MuiPaper-elevation MuiPaper-rounded MuiPaper-elevation1 css-fw7llw-MuiPaper-root"[39m
    [33mstyle[39m=[32m"--Paper-shadow: 0px 2px 1px -1px rgba(0,0,0,0.2),0px 1px 1px 0px rgba(0,0,0,0.14),0px 1px 3px 0px rgba(0,0,0,0.12);"[39m
  [36m/>[39m

  Name "Change Item 244":
  [36m<article[39m
    [33maria-labelledby[39m=[32m"change-item-243-heading"[39m
    [33mclass[39m=[32m"MuiPaper-root MuiPaper-elevation MuiPaper-rounded MuiPaper-elevation1 css-fw7llw-MuiPaper-root"[39m
    [33mstyle[39m=[32m"--Paper-shadow: 0px 2px 1px -1px rgba(0,0,0,0.2),0px 1px 1px 0px rgba(0,0,0,0.14),0px 1px 3px 0px rgba(0,0,0,0.12);"[39m
  [36m/>[39m

  Name "Change Item 245":
  [36m<article[39m
    [33maria-labelledby[39m=[32m"change-item-244-heading"[39m
    [33mclass[39m=[32m"MuiPaper-root MuiPaper-elevation MuiPaper-rounded MuiPaper-elevation1 css-fw7llw-MuiPaper-root"[39m
    [33mstyle[39m=[32m"--Paper-shadow: 0px 2px 1px -1px rgba(0,0,0,0.2),0px 1px 1px 0px rgba(0,0,0,0.14),0px 1px 3px 0px rgba(0,0,0,0.12);"[39m
  [36m/>[39m

  Name "Change Item 246":
  [36m<article[39m
    [33maria-labelledby[39m=[32m"change-item-245-heading"[39m
    [33mclass[39m=[32m"MuiPaper-root MuiPaper-elevation MuiPaper-rounded MuiPaper-elevation1 css-fw7llw-MuiPaper-root"[39m
    [33mstyle[39m=[32m"--Paper-shadow: 0px 2px 1px -1px rgba(0,0,0,0.2),0px 1px 1px 0px rgba(0,0,0,0.14),0px 1px 3px 0px rgba(0,0,0,0.12);"[39m
  [36m/>[39m

  Name "Change Item 247":
  [36m<article[39m
    [33maria-labelledby[39m=[32m"change-item-246-heading"[39m
    [33mclass[39m=[32m"MuiPaper-root MuiPaper-elevation MuiPaper-rounded MuiPaper-elevation1 css-fw7llw-MuiPaper-root"[39m
    [33mstyle[39m=[32m"--Paper-shadow: 0px 2px 1px -1px rgba(0,0,0,0.2),0px 1px 1px 0px rgba(0,0,0,0.14),0px 1px 3px 0px rgba(0,0,0,0.12);"[39m
  [36m/>[39m

  Name "Change Item 248":
  [36m<article[39m
    [33maria-labelledby[39m=[32m"change-item-247-heading"[39m
    [33mclass[39m=[32m"MuiPaper-root MuiPaper-elevation MuiPaper-rounded MuiPaper-elevation1 css-fw7llw-MuiPaper-root"[39m
    [33mstyle[39m=[32m"--Paper-shadow: 0px 2px 1px -1px rgba(0,0,0,0.2),0px 1px 1px 0px rgba(0,0,0,0.14),0px 1px 3px 0px rgba(0,0,0,0.12);"[39m
  [36m/>[39m

  Name "Change Item 249":
  [36m<article[39m
    [33maria-labelledby[39m=[32m"change-item-248-heading"[39m
    [33mclass[39m=[32m"MuiPaper-root MuiPaper-elevation MuiPaper-rounded MuiPaper-elevation1 css-fw7llw-MuiPaper-root"[39m
    [33mstyle[39m=[32m"--Paper-shadow: 0px 2px 1px -1px rgba(0,0,0,0.2),0px 1px 1px 0px rgba(0,0,0,0.14),0px 1px 3px 0px rgba(0,0,0,0.12);"[39m
  [36m/>[39m

  Name "Change Item 250":
  [36m<article[39m
    [33maria-labelledby[39m=[32m"change-item-249-heading"[39m
    [33mclass[39m=[32m"MuiPaper-root MuiPaper-elevation MuiPaper-rounded MuiPaper-elevation1 css-fw7llw-MuiPaper-root"[39m
    [33mstyle[39m=[32m"--Paper-shadow: 0px 2px 1px -1px rgba(0,0,0,0.2),0px 1px 1px 0px rgba(0,0,0,0.14),0px 1px 3px 0px rgba(0,0,0,0.12);"[39m
  [36m/>[39m

  Name "Change Item 251":
  [36m<article[39m
    [33maria-labelledby[39m=[32m"change-item-250-heading"[39m
    [33mclass[39m=[32m"MuiPaper-root MuiPaper-elevation MuiPaper-rounded MuiPaper-elevation1 css-fw7llw-MuiPaper-root"[39m
    [33mstyle[39m=[32m"--Paper-shadow: 0px 2px 1px -1px rgba(0,0,0,0.2),0px 1px 1px 0px rgba(0,0,0,0.14),0px 1px 3px 0px rgba(0,0,0,0.12);"[39m
  [36m/>[39m

  Name "Change Item 252":
  [36m<article[39m
    [33maria-labelledby[39m=[32m"change-item-251-heading"[39m
    [33mclass[39m=[32m"MuiPaper-root MuiPaper-elevation MuiPaper-rounded MuiPaper-elevation1 css-fw7llw-MuiPaper-root"[39m
    [33mstyle[39m=[32m"--Paper-shadow: 0px 2px 1px -1px rgba(0,0,0,0.2),0px 1px 1px 0px rgba(0,0,0,0.14),0px 1px 3px 0px rgba(0,0,0,0.12);"[39m
  [36m/>[39m

  Name "Change Item 253":
  [36m<article[39m
    [33maria-labelledby[39m=[32m"change-item-252-heading"[39m
    [33mclass[39m=[32m"MuiPaper-root MuiPaper-elevation MuiPaper-rounded MuiPaper-elevation1 css-fw7llw-MuiPaper-root"[39m
    [33mstyle[39m=[32m"--Paper-shadow: 0px 2px 1px -1px rgba(0,0,0,0.2),0px 1px 1px 0px rgba(0,0,0,0.14),0px 1px 3px 0px rgba(0,0,0,0.12);"[39m
  [36m/>[39m

  Name "Change Item 254":
  [36m<article[39m
    [33maria-labelledby[39m=[32m"change-item-253-heading"[39m
    [33mclass[39m=[32m"MuiPaper-root MuiPaper-elevation MuiPaper-rounded MuiPaper-elevation1 css-fw7llw-MuiPaper-root"[39m
    [33mstyle[39m=[32m"--Paper-shadow: 0px 2px 1px -1px rgba(0,0,0,0.2),0px 1px 1px 0px rgba(0,0,0,0.14),0px 1px 3px 0px rgba(0,0,0,0.12);"[39m
  [36m/>[39m

  Name "Change Item 255":
  [36m<article[39m
    [33maria-labelledby[39m=[32m"change-item-254-heading"[39m
    [33mclass[39m=[32m"MuiPaper-root MuiPaper-elevation MuiPaper-rounded MuiPaper-elevation1 css-fw7llw-MuiPaper-root"[39m
    [33mstyle[39m=[32m"--Paper-shadow: 0px 2px 1px -1px rgba(0,0,0,0.2),0px 1px 1px 0px rgba(0,0,0,0.14),0px 1px 3px 0px rgba(0,0,0,0.12);"[39m
  [36m/>[39m

  Name "Change Item 256":
  [36m<article[39m
    [33maria-labelledby[39m=[32m"change-item-255-heading"[39m
    [33mclass[39m=[32m"MuiPaper-root MuiPaper-elevation MuiPaper-rounded MuiPaper-elevation1 css-fw7llw-MuiPaper-root"[39m
    [33mstyle[39m=[32m"--Paper-shadow: 0px 2px 1px -1px rgba(0,0,0,0.2),0px 1px 1px 0px rgba(0,0,0,0.14),0px 1px 3px 0px rgba(0,0,0,0.12);"[39m
  [36m/>[39m

  Name "Change Item 257":
  [36m<article[39m
    [33maria-labelledby[39m=[32m"change-item-256-heading"[39m
    [33mclass[39m=[32m"MuiPaper-root MuiPaper-elevation MuiPaper-rounded MuiPaper-elevation1 css-fw7llw-MuiPaper-root"[39m
    [33mstyle[39m=[32m"--Paper-shadow: 0px 2px 1px -1px rgba(0,0,0,0.2),0px 1px 1px 0px rgba(0,0,0,0.14),0px 1px 3px 0px rgba(0,0,0,0.12);"[39m
  [36m/>[39m

  Name "Change Item 258":
  [36m<article[39m
    [33maria-labelledby[39m=[32m"change-item-257-heading"[39m
    [33mclass[39m=[32m"MuiPaper-root MuiPaper-elevation MuiPaper-rounded MuiPaper-elevation1 css-fw7llw-MuiPaper-root"[39m
    [33mstyle[39m=[32m"--Paper-shadow: 0px 2px 1px -1px rgba(0,0,0,0.2),0px 1px 1px 0px rgba(0,0,0,0.14),0px 1px 3px 0px rgba(0,0,0,0.12);"[39m
  [36m/>[39m

  Name "Change Item 259":
  [36m<article[39m
    [33maria-labelledby[39m=[32m"change-item-258-heading"[39m
    [33mclass[39m=[32m"MuiPaper-root MuiPaper-elevation MuiPaper-rounded MuiPaper-elevation1 css-fw7llw-MuiPaper-root"[39m
    [33mstyle[39m=[32m"--Paper-shadow: 0px 2px 1px -1px rgba(0,0,0,0.2),0px 1px 1px 0px rgba(0,0,0,0.14),0px 1px 3px 0px rgba(0,0,0,0.12);"[39m
  [36m/>[39m

  Name "Change Item 260":
  [36m<article[39m
    [33maria-labelledby[39m=[32m"change-item-259-heading"[39m
    [33mclass[39m=[32m"MuiPaper-root MuiPaper-elevation MuiPaper-rounded MuiPaper-elevation1 css-fw7llw-MuiPaper-root"[39m
    [33mstyle[39m=[32m"--Paper-shadow: 0px 2px 1px -1px rgba(0,0,0,0.2),0px 1px 1px 0px rgba(0,0,0,0.14),0px 1px 3px 0px rgba(0,0,0,0.12);"[39m
  [36m/>[39m

  Name "Change Item 261":
  [36m<article[39m
    [33maria-labelledby[39m=[32m"change-item-260-heading"[39m
    [33mclass[39m=[32m"MuiPaper-root MuiPaper-elevation MuiPaper-rounded MuiPaper-elevation1 css-fw7llw-MuiPaper-root"[39m
    [33mstyle[39m=[32m"--Paper-shadow: 0px 2px 1px -1px rgba(0,0,0,0.2),0px 1px 1px 0px rgba(0,0,0,0.14),0px 1px 3px 0px rgba(0,0,0,0.12);"[39m
  [36m/>[39m

  Name "Change Item 262":
  [36m<article[39m
    [33maria-labelledby[39m=[32m"change-item-261-heading"[39m
    [33mclass[39m=[32m"MuiPaper-root MuiPaper-elevation MuiPaper-rounded MuiPaper-elevation1 css-fw7llw-MuiPaper-root"[39m
    [33mstyle[39m=[32m"--Paper-shadow: 0px 2px 1px -1px rgba(0,0,0,0.2),0px 1px 1px 0px rgba(0,0,0,0.14),0px 1px 3px 0px rgba(0,0,0,0.12);"[39m
  [36m/>[39m

  Name "Change Item 263":
  [36m<article[39m
    [33maria-labelledby[39m=[32m"change-item-262-heading"[39m
    [33mclass[39m=[32m"MuiPaper-root MuiPaper-elevation MuiPaper-rounded MuiPaper-elevation1 css-fw7llw-MuiPaper-root"[39m
    [33mstyle[39m=[32m"--Paper-shadow: 0px 2px 1px -1px rgba(0,0,0,0.2),0px 1px 1px 0px rgba(0,0,0,0.14),0px 1px 3px 0px rgba(0,0,0,0.12);"[39m
  [36m/>[39m

  Name "Change Item 264":
  [36m<article[39m
    [33maria-labelledby[39m=[32m"change-item-263-heading"[39m
    [33mclass[39m=[32m"MuiPaper-root MuiPaper-elevation MuiPaper-rounded MuiPaper-elevation1 css-fw7llw-MuiPaper-root"[39m
    [33mstyle[39m=[32m"--Paper-shadow: 0px 2px 1px -1px rgba(0,0,0,0.2),0px 1px 1px 0px rgba(0,0,0,0.14),0px 1px 3px 0px rgba(0,0,0,0.12);"[39m
  [36m/>[39m

  Name "Change Item 265":
  [36m<article[39m
    [33maria-labelledby[39m=[32m"change-item-264-heading"[39m
    [33mclass[39m=[32m"MuiPaper-root MuiPaper-elevation MuiPaper-rounded MuiPaper-elevation1 css-fw7llw-MuiPaper-root"[39m
    [33mstyle[39m=[32m"--Paper-shadow: 0px 2px 1px -1px rgba(0,0,0,0.2),0px 1px 1px 0px rgba(0,0,0,0.14),0px 1px 3px 0px rgba(0,0,0,0.12);"[39m
  [36m/>[39m

  Name "Change Item 266":
  [36m<article[39m
    [33maria-labelledby[39m=[32m"change-item-265-heading"[39m
    [33mclass[39m=[32m"MuiPaper-root MuiPaper-elevation MuiPaper-rounded MuiPaper-elevation1 css-fw7llw-MuiPaper-root"[39m
    [33mstyle[39m=[32m"--Paper-shadow: 0px 2px 1px -1px rgba(0,0,0,0.2),0px 1px 1px 0px rgba(0,0,0,0.14),0px 1px 3px 0px rgba(0,0,0,0.12);"[39m
  [36m/>[39m

  Name "Change Item 267":
  [36m<article[39m
    [33maria-labelledby[39m=[32m"change-item-266-heading"[39m
    [33mclass[39m=[32m"MuiPaper-root MuiPaper-elevation MuiPaper-rounded MuiPaper-elevation1 css-fw7llw-MuiPaper-root"[39m
    [33mstyle[39m=[32m"--Paper-shadow: 0px 2px 1px -1px rgba(0,0,0,0.2),0px 1px 1px 0px rgba(0,0,0,0.14),0px 1px 3px 0px rgba(0,0,0,0.12);"[39m
  [36m/>[39m

  Name "Change Item 268":
  [36m<article[39m
    [33maria-labelledby[39m=[32m"change-item-267-heading"[39m
    [33mclass[39m=[32m"MuiPaper-root MuiPaper-elevation MuiPaper-rounded MuiPaper-elevation1 css-fw7llw-MuiPaper-root"[39m
    [33mstyle[39m=[32m"--Paper-shadow: 0px 2px 1px -1px rgba(0,0,0,0.2),0px 1px 1px 0px rgba(0,0,0,0.14),0px 1px 3px 0px rgba(0,0,0,0.12);"[39m
  [36m/>[39m

  Name "Change Item 269":
  [36m<article[39m
    [33maria-labelledby[39m=[32m"change-item-268-heading"[39m
    [33mclass[39m=[32m"MuiPaper-root MuiPaper-elevation MuiPaper-rounded MuiPaper-elevation1 css-fw7llw-MuiPaper-root"[39m
    [33mstyle[39m=[32m"--Paper-shadow: 0px 2px 1px -1px rgba(0,0,0,0.2),0px 1px 1px 0px rgba(0,0,0,0.14),0px 1px 3px 0px rgba(0,0,0,0.12);"[39m
  [36m/>[39m

  Name "Change Item 270":
  [36m<article[39m
    [33maria-labelledby[39m=[32m"change-item-269-heading"[39m
    [33mclass[39m=[32m"MuiPaper-root MuiPaper-elevation MuiPaper-rounded MuiPaper-elevation1 css-fw7llw-MuiPaper-root"[39m
    [33mstyle[39m=[32m"--Paper-shadow: 0px 2px 1px -1px rgba(0,0,0,0.2),0px 1px 1px 0px rgba(0,0,0,0.14),0px 1px 3px 0px rgba(0,0,0,0.12);"[39m
  [36m/>[39m

  Name "Change Item 271":
  [36m<article[39m
    [33maria-labelledby[39m=[32m"change-item-270-heading"[39m
    [33mclass[39m=[32m"MuiPaper-root MuiPaper-elevation MuiPaper-rounded MuiPaper-elevation1 css-fw7llw-MuiPaper-root"[39m
    [33mstyle[39m=[32m"--Paper-shadow: 0px 2px 1px -1px rgba(0,0,0,0.2),0px 1px 1px 0px rgba(0,0,0,0.14),0px 1px 3px 0px rgba(0,0,0,0.12);"[39m
  [36m/>[39m

  Name "Change Item 272":
  [36m<article[39m
    [33maria-labelledby[39m=[32m"change-item-271-heading"[39m
    [33mclass[39m=[32m"MuiPaper-root MuiPaper-elevation MuiPaper-rounded MuiPaper-elevation1 css-fw7llw-MuiPaper-root"[39m
    [33mstyle[39m=[32m"--Paper-shadow: 0px 2px 1px -1px rgba(0,0,0,0.2),0px 1px 1px 0px rgba(0,0,0,0.14),0px 1px 3px 0px rgba(0,0,0,0.12);"[39m
  [36m/>[39m

  Name "Change Item 273":
  [36m<article[39m
    [33maria-labelledby[39m=[32m"change-item-272-heading"[39m
    [33mclass[39m=[32m"MuiPaper-root MuiPaper-elevation MuiPaper-rounded MuiPaper-elevation1 css-fw7llw-MuiPaper-root"[39m
    [33mstyle[39m=[32m"--Paper-shadow: 0px 2px 1px -1px rgba(0,0,0,0.2),0px 1px 1px 0px rgba(0,0,0,0.14),0px 1px 3px 0px rgba(0,0,0,0.12);"[39m
  [36m/>[39m

  Name "Change Item 274":
  [36m<article[39m
    [33maria-labelledby[39m=[32m"change-item-273-heading"[39m
    [33mclass[39m=[32m"MuiPaper-root MuiPaper-elevation MuiPaper-rounded MuiPaper-elevation1 css-fw7llw-MuiPaper-root"[39m
    [33mstyle[39m=[32m"--Paper-shadow: 0px 2px 1px -1px rgba(0,0,0,0.2),0px 1px 1px 0px rgba(0,0,0,0.14),0px 1px 3px 0px rgba(0,0,0,0.12);"[39m
  [36m/>[39m

  Name "Change Item 275":
  [36m<article[39m
    [33maria-labelledby[39m=[32m"change-item-274-heading"[39m
    [33mclass[39m=[32m"MuiPaper-root MuiPaper-elevation MuiPaper-rounded MuiPaper-elevation1 css-fw7llw-MuiPaper-root"[39m
    [33mstyle[39m=[32m"--Paper-shadow: 0px 2px 1px -1px rgba(0,0,0,0.2),0px 1px 1px 0px rgba(0,0,0,0.14),0px 1px 3px 0px rgba(0,0,0,0.12);"[39m
  [36m/>[39m

  Name "Change Item 276":
  [36m<article[39m
    [33maria-labelledby[39m=[32m"change-item-275-heading"[39m
    [33mclass[39m=[32m"MuiPaper-root MuiPaper-elevation MuiPaper-rounded MuiPaper-elevation1 css-fw7llw-MuiPaper-root"[39m
    [33mstyle[39m=[32m"--Paper-shadow: 0px 2px 1px -1px rgba(0,0,0,0.2),0px 1px 1px 0px rgba(0,0,0,0.14),0px 1px 3px 0px rgba(0,0,0,0.12);"[39m
  [36m/>[39m

  Name "Change Item 277":
  [36m<article[39m
    [33maria-labelledby[39m=[32m"change-item-276-heading"[39m
    [33mclass[39m=[32m"MuiPaper-root MuiPaper-elevation MuiPaper-rounded MuiPaper-elevation1 css-fw7llw-MuiPaper-root"[39m
    [33mstyle[39m=[32m"--Paper-shadow: 0px 2px 1px -1px rgba(0,0,0,0.2),0px 1px 1px 0px rgba(0,0,0,0.14),0px 1px 3px 0px rgba(0,0,0,0.12);"[39m
  [36m/>[39m

  Name "Change Item 278":
  [36m<article[39m
    [33maria-labelledby[39m=[32m"change-item-277-heading"[39m
    [33mclass[39m=[32m"MuiPaper-root MuiPaper-elevation MuiPaper-rounded MuiPaper-elevation1 css-fw7llw-MuiPaper-root"[39m
    [33mstyle[39m=[32m"--Paper-shadow: 0px 2px 1px -1px rgba(0,0,0,0.2),0px 1px 1px 0px rgba(0,0,0,0.14),0px 1px 3px 0px rgba(0,0,0,0.12);"[39m
  [36m/>[39m

  Name "Change Item 279":
  [36m<article[39m
    [33maria-labelledby[39m=[32m"change-item-278-heading"[39m
    [33mclass[39m=[32m"MuiPaper-root MuiPaper-elevation MuiPaper-rounded MuiPaper-elevation1 css-fw7llw-MuiPaper-root"[39m
    [33mstyle[39m=[32m"--Paper-shadow: 0px 2px 1px -1px rgba(0,0,0,0.2),0px 1px 1px 0px rgba(0,0,0,0.14),0px 1px 3px 0px rgba(0,0,0,0.12);"[39m
  [36m/>[39m

  Name "Change Item 280":
  [36m<article[39m
    [33maria-labelledby[39m=[32m"change-item-279-heading"[39m
    [33mclass[39m=[32m"MuiPaper-root MuiPaper-elevation MuiPaper-rounded MuiPaper-elevation1 css-fw7llw-MuiPaper-root"[39m
    [33mstyle[39m=[32m"--Paper-shadow: 0px 2px 1px -1px rgba(0,0,0,0.2),0px 1px 1px 0px rgba(0,0,0,0.14),0px 1px 3px 0px rgba(0,0,0,0.12);"[39m
  [36m/>[39m

  Name "Change Item 281":
  [36m<article[39m
    [33maria-labelledby[39m=[32m"change-item-280-heading"[39m
    [33mclass[39m=[32m"MuiPaper-root MuiPaper-elevation MuiPaper-rounded MuiPaper-elevation1 css-fw7llw-MuiPaper-root"[39m
    [33mstyle[39m=[32m"--Paper-shadow: 0px 2px 1px -1px rgba(0,0,0,0.2),0px 1px 1px 0px rgba(0,0,0,0.14),0px 1px 3px 0px rgba(0,0,0,0.12);"[39m
  [36m/>[39m

  Name "Change Item 282":
  [36m<article[39m
    [33maria-labelledby[39m=[32m"change-item-281-heading"[39m
    [33mclass[39m=[32m"MuiPaper-root MuiPaper-elevation MuiPaper-rounded MuiPaper-elevation1 css-fw7llw-MuiPaper-root"[39m
    [33mstyle[39m=[32m"--Paper-shadow: 0px 2px 1px -1px rgba(0,0,0,0.2),0px 1px 1px 0px rgba(0,0,0,0.14),0px 1px 3px 0px rgba(0,0,0,0.12);"[39m
  [36m/>[39m

  Name "Change Item 283":
  [36m<article[39m
    [33maria-labelledby[39m=[32m"change-item-282-heading"[39m
    [33mclass[39m=[32m"MuiPaper-root MuiPaper-elevation MuiPaper-rounded MuiPaper-elevation1 css-fw7llw-MuiPaper-root"[39m
    [33mstyle[39m=[32m"--Paper-shadow: 0px 2px 1px -1px rgba(0,0,0,0.2),0px 1px 1px 0px rgba(0,0,0,0.14),0px 1px 3px 0px rgba(0,0,0,0.12);"[39m
  [36m/>[39m

  Name "Change Item 284":
  [36m<article[39m
    [33maria-labelledby[39m=[32m"change-item-283-heading"[39m
    [33mclass[39m=[32m"MuiPaper-root MuiPaper-elevation MuiPaper-rounded MuiPaper-elevation1 css-fw7llw-MuiPaper-root"[39m
    [33mstyle[39m=[32m"--Paper-shadow: 0px 2px 1px -1px rgba(0,0,0,0.2),0px 1px 1px 0px rgba(0,0,0,0.14),0px 1px 3px 0px rgba(0,0,0,0.12);"[39m
  [36m/>[39m

  Name "Change Item 285":
  [36m<article[39m
    [33maria-labelledby[39m=[32m"change-item-284-heading"[39m
    [33mclass[39m=[32m"MuiPaper-root MuiPaper-elevation MuiPaper-rounded MuiPaper-elevation1 css-fw7llw-MuiPaper-root"[39m
    [33mstyle[39m=[32m"--Paper-shadow: 0px 2px 1px -1px rgba(0,0,0,0.2),0px 1px 1px 0px rgba(0,0,0,0.14),0px 1px 3px 0px rgba(0,0,0,0.12);"[39m
  [36m/>[39m

  Name "Change Item 286":
  [36m<article[39m
    [33maria-labelledby[39m=[32m"change-item-285-heading"[39m
    [33mclass[39m=[32m"MuiPaper-root MuiPaper-elevation MuiPaper-rounded MuiPaper-elevation1 css-fw7llw-MuiPaper-root"[39m
    [33mstyle[39m=[32m"--Paper-shadow: 0px 2px 1px -1px rgba(0,0,0,0.2),0px 1px 1px 0px rgba(0,0,0,0.14),0px 1px 3px 0px rgba(0,0,0,0.12);"[39m
  [36m/>[39m

  Name "Change Item 287":
  [36m<article[39m
    [33maria-labelledby[39m=[32m"change-item-286-heading"[39m
    [33mclass[39m=[32m"MuiPaper-root MuiPaper-elevation MuiPaper-rounded MuiPaper-elevation1 css-fw7llw-MuiPaper-root"[39m
    [33mstyle[39m=[32m"--Paper-shadow: 0px 2px 1px -1px rgba(0,0,0,0.2),0px 1px 1px 0px rgba(0,0,0,0.14),0px 1px 3px 0px rgba(0,0,0,0.12);"[39m
  [36m/>[39m

  Name "Change Item 288":
  [36m<article[39m
    [33maria-labelledby[39m=[32m"change-item-287-heading"[39m
    [33mclass[39m=[32m"MuiPaper-root MuiPaper-elevation MuiPaper-rounded MuiPaper-elevation1 css-fw7llw-MuiPaper-root"[39m
    [33mstyle[39m=[32m"--Paper-shadow: 0px 2px 1px -1px rgba(0,0,0,0.2),0px 1px 1px 0px rgba(0,0,0,0.14),0px 1px 3px 0px rgba(0,0,0,0.12);"[39m
  [36m/>[39m

  Name "Change Item 289":
  [36m<article[39m
    [33maria-labelledby[39m=[32m"change-item-288-heading"[39m
    [33mclass[39m=[32m"MuiPaper-root MuiPaper-elevation MuiPaper-rounded MuiPaper-elevation1 css-fw7llw-MuiPaper-root"[39m
    [33mstyle[39m=[32m"--Paper-shadow: 0px 2px 1px -1px rgba(0,0,0,0.2),0px 1px 1px 0px rgba(0,0,0,0.14),0px 1px 3px 0px rgba(0,0,0,0.12);"[39m
  [36m/>[39m

  Name "Change Item 290":
  [36m<article[39m
    [33maria-labelledby[39m=[32m"change-item-289-heading"[39m
    [33mclass[39m=[32m"MuiPaper-root MuiPaper-elevation MuiPaper-rounded MuiPaper-elevation1 css-fw7llw-MuiPaper-root"[39m
    [33mstyle[39m=[32m"--Paper-shadow: 0px 2px 1px -1px rgba(0,0,0,0.2),0px 1px 1px 0px rgba(0,0,0,0.14),0px 1px 3px 0px rgba(0,0,0,0.12);"[39m
  [36m/>[39m

  Name "Change Item 291":
  [36m<article[39m
    [33maria-labelledby[39m=[32m"change-item-290-heading"[39m
    [33mclass[39m=[32m"MuiPaper-root MuiPaper-elevation MuiPaper-rounded MuiPaper-elevation1 css-fw7llw-MuiPaper-root"[39m
    [33mstyle[39m=[32m"--Paper-shadow: 0px 2px 1px -1px rgba(0,0,0,0.2),0px 1px 1px 0px rgba(0,0,0,0.14),0px 1px 3px 0px rgba(0,0,0,0.12);"[39m
  [36m/>[39m

  Name "Change Item 292":
  [36m<article[39m
    [33maria-labelledby[39m=[32m"change-item-291-heading"[39m
    [33mclass[39m=[32m"MuiPaper-root MuiPaper-elevation MuiPaper-rounded MuiPaper-elevation1 css-fw7llw-MuiPaper-root"[39m
    [33mstyle[39m=[32m"--Paper-shadow: 0px 2px 1px -1px rgba(0,0,0,0.2),0px 1px 1px 0px rgba(0,0,0,0.14),0px 1px 3px 0px rgba(0,0,0,0.12);"[39m
  [36m/>[39m

  Name "Change Item 293":
  [36m<article[39m
    [33maria-labelledby[39m=[32m"change-item-292-heading"[39m
    [33mclass[39m=[32m"MuiPaper-root MuiPaper-elevation MuiPaper-rounded MuiPaper-elevation1 css-fw7llw-MuiPaper-root"[39m
    [33mstyle[39m=[32m"--Paper-shadow: 0px 2px 1px -1px rgba(0,0,0,0.2),0px 1px 1px 0px rgba(0,0,0,0.14),0px 1px 3px 0px rgba(0,0,0,0.12);"[39m
  [36m/>[39m

  Name "Change Item 294":
  [36m<article[39m
    [33maria-labelledby[39m=[32m"change-item-293-heading"[39m
    [33mclass[39m=[32m"MuiPaper-root MuiPaper-elevation MuiPaper-rounded MuiPaper-elevation1 css-fw7llw-MuiPaper-root"[39m
    [33mstyle[39m=[32m"--Paper-shadow: 0px 2px 1px -1px rgba(0,0,0,0.2),0px 1px 1px 0px rgba(0,0,0,0.14),0px 1px 3px 0px rgba(0,0,0,0.12);"[39m
  [36m/>[39m

  Name "Change Item 295":
  [36m<article[39m
    [33maria-labelledby[39m=[32m"change-item-294-heading"[39m
    [33mclass[39m=[32m"MuiPaper-root MuiPaper-elevation MuiPaper-rounded MuiPaper-elevation1 css-fw7llw-MuiPaper-root"[39m
    [33mstyle[39m=[32m"--Paper-shadow: 0px 2px 1px -1px rgba(0,0,0,0.2),0px 1px 1px 0px rgba(0,0,0,0.14),0px 1px 3px 0px rgba(0,0,0,0.12);"[39m
  [36m/>[39m

  Name "Change Item 296":
  [36m<article[39m
    [33maria-labelledby[39m=[32m"change-item-295-heading"[39m
    [33mclass[39m=[32m"MuiPaper-root MuiPaper-elevation MuiPaper-rounded MuiPaper-elevation1 css-fw7llw-MuiPaper-root"[39m
    [33mstyle[39m=[32m"--Paper-shadow: 0px 2px 1px -1px rgba(0,0,0,0.2),0px 1px 1px 0px rgba(0,0,0,0.14),0px 1px 3px 0px rgba(0,0,0,0.12);"[39m
  [36m/>[39m

  Name "Change Item 297":
  [36m<article[39m
    [33maria-labelledby[39m=[32m"change-item-296-heading"[39m
    [33mclass[39m=[32m"MuiPaper-root MuiPaper-elevation MuiPaper-rounded MuiPaper-elevation1 css-fw7llw-MuiPaper-root"[39m
    [33mstyle[39m=[32m"--Paper-shadow: 0px 2px 1px -1px rgba(0,0,0,0.2),0px 1px 1px 0px rgba(0,0,0,0.14),0px 1px 3px 0px rgba(0,0,0,0.12);"[39m
  [36m/>[39m

  Name "Change Item 298":
  [36m<article[39m
    [33maria-labelledby[39m=[32m"change-item-297-heading"[39m
    [33mclass[39m=[32m"MuiPaper-root MuiPaper-elevation MuiPaper-rounded MuiPaper-elevation1 css-fw7llw-MuiPaper-root"[39m
    [33mstyle[39m=[32m"--Paper-shadow: 0px 2px 1px -1px rgba(0,0,0,0.2),0px 1px 1px 0px rgba(0,0,0,0.14),0px 1px 3px 0px rgba(0,0,0,0.12);"[39m
  [36m/>[39m

  Name "Change Item 299":
  [36m<article[39m
    [33maria-labelledby[39m=[32m"change-item-298-heading"[39m
    [33mclass[39m=[32m"MuiPaper-root MuiPaper-elevation MuiPaper-rounded MuiPaper-elevation1 css-fw7llw-MuiPaper-root"[39m
    [33mstyle[39m=[32m"--Paper-shadow: 0px 2px 1px -1px rgba(0,0,0,0.2),0px 1px 1px 0px rgba(0,0,0,0.14),0px 1px 3px 0px rgba(0,0,0,0.12);"[39m
  [36m/>[39m

  Name "Change Item 300":
  [36m<article[39m
    [33maria-labelledby[39m=[32m"change-item-299-heading"[39m
    [33mclass[39m=[32m"MuiPaper-root MuiPaper-elevation MuiPaper-rounded MuiPaper-elevation1 css-fw7llw-MuiPaper-root"[39m
    [33mstyle[39m=[32m"--Paper-shadow: 0px 2px 1px -1px rgba(0,0,0,0.2),0px 1px 1px 0px rgba(0,0,0,0.14),0px 1px 3px 0px rgba(0,0,0,0.12);"[39m
  [36m/>[39m

  Name "Change Item 301":
  [36m<article[39m
    [33maria-labelledby[39m=[32m"change-item-300-heading"[39m
    [33mclass[39m=[32m"MuiPaper-root MuiPaper-elevation MuiPaper-rounded MuiPaper-elevation1 css-fw7llw-MuiPaper-root"[39m
    [33mstyle[39m=[32m"--Paper-shadow: 0px 2px 1px -1px rgba(0,0,0,0.2),0px 1px 1px 0px rgba(0,0,0,0.14),0px 1px 3px 0px rgba(0,0,0,0.12);"[39m
  [36m/>[39m

  Name "Change Item 302":
  [36m<article[39m
    [33maria-labelledby[39m=[32m"change-item-301-heading"[39m
    [33mclass[39m=[32m"MuiPaper-root MuiPaper-elevation MuiPaper-rounded MuiPaper-elevation1 css-fw7llw-MuiPaper-root"[39m
    [33mstyle[39m=[32m"--Paper-shadow: 0px 2px 1px -1px rgba(0,0,0,0.2),0px 1px 1px 0px rgba(0,0,0,0.14),0px 1px 3px 0px rgba(0,0,0,0.12);"[39m
  [36m/>[39m

  Name "Change Item 303":
  [36m<article[39m
    [33maria-labelledby[39m=[32m"change-item-302-heading"[39m
    [33mclass[39m=[32m"MuiPaper-root MuiPaper-elevation MuiPaper-rounded MuiPaper-elevation1 css-fw7llw-MuiPaper-root"[39m
    [33mstyle[39m=[32m"--Paper-shadow: 0px 2px 1px -1px rgba(0,0,0,0.2),0px 1px 1px 0px rgba(0,0,0,0.14),0px 1px 3px 0px rgba(0,0,0,0.12);"[39m
  [36m/>[39m

  Name "Change Item 304":
  [36m<article[39m
    [33maria-labelledby[39m=[32m"change-item-303-heading"[39m
    [33mclass[39m=[32m"MuiPaper-root MuiPaper-elevation MuiPaper-rounded MuiPaper-elevation1 css-fw7llw-MuiPaper-root"[39m
    [33mstyle[39m=[32m"--Paper-shadow: 0px 2px 1px -1px rgba(0,0,0,0.2),0px 1px 1px 0px rgba(0,0,0,0.14),0px 1px 3px 0px rgba(0,0,0,0.12);"[39m
  [36m/>[39m

  Name "Change Item 305":
  [36m<article[39m
    [33maria-labelledby[39m=[32m"change-item-304-heading"[39m
    [33mclass[39m=[32m"MuiPaper-root MuiPaper-elevation MuiPaper-rounded MuiPaper-elevation1 css-fw7llw-MuiPaper-root"[39m
    [33mstyle[39m=[32m"--Paper-shadow: 0px 2px 1px -1px rgba(0,0,0,0.2),0px 1px 1px 0px rgba(0,0,0,0.14),0px 1px 3px 0px rgba(0,0,0,0.12);"[39m
  [36m/>[39m

  Name "Change Item 306":
  [36m<article[39m
    [33maria-labelledby[39m=[32m"change-item-305-heading"[39m
    [33mclass[39m=[32m"MuiPaper-root MuiPaper-elevation MuiPaper-rounded MuiPaper-elevation1 css-fw7llw-MuiPaper-root"[39m
    [33mstyle[39m=[32m"--Paper-shadow: 0px 2px 1px -1px rgba(0,0,0,0.2),0px 1px 1px 0px rgba(0,0,0,0.14),0px 1px 3px 0px rgba(0,0,0,0.12);"[39m
  [36m/>[39m

  Name "Change Item 307":
  [36m<article[39m
    [33maria-labelledby[39m=[32m"change-item-306-heading"[39m
    [33mclass[39m=[32m"MuiPaper-root MuiPaper-elevation MuiPaper-rounded MuiPaper-elevation1 css-fw7llw-MuiPaper-root"[39m
    [33mstyle[39m=[32m"--Paper-shadow: 0px 2px 1px -1px rgba(0,0,0,0.2),0px 1px 1px 0px rgba(0,0,0,0.14),0px 1px 3px 0px rgba(0,0,0,0.12);"[39m
  [36m/>[39m

  Name "Change Item 308":
  [36m<article[39m
    [33maria-labelledby[39m=[32m"change-item-307-heading"[39m
    [33mclass[39m=[32m"MuiPaper-root MuiPaper-elevation MuiPaper-rounded MuiPaper-elevation1 css-fw7llw-MuiPaper-root"[39m
    [33mstyle[39m=[32m"--Paper-shadow: 0px 2px 1px -1px rgba(0,0,0,0.2),0px 1px 1px 0px rgba(0,0,0,0.14),0px 1px 3px 0px rgba(0,0,0,0.12);"[39m
  [36m/>[39m

  Name "Change Item 309":
  [36m<article[39m
    [33maria-labelledby[39m=[32m"change-item-308-heading"[39m
    [33mclass[39m=[32m"MuiPaper-root MuiPaper-elevation MuiPaper-rounded MuiPaper-elevation1 css-fw7llw-MuiPaper-root"[39m
    [33mstyle[39m=[32m"--Paper-shadow: 0px 2px 1px -1px rgba(0,0,0,0.2),0px 1px 1px 0px rgba(0,0,0,0.14),0px 1px 3px 0px rgba(0,0,0,0.12);"[39m
  [36m/>[39m

  Name "Change Item 310":
  [36m<article[39m
    [33maria-labelledby[39m=[32m"change-item-309-heading"[39m
    [33mclass[39m=[32m"MuiPaper-root MuiPaper-elevation MuiPaper-rounded MuiPaper-elevation1 css-fw7llw-MuiPaper-root"[39m
    [33mstyle[39m=[32m"--Paper-shadow: 0px 2px 1px -1px rgba(0,0,0,0.2),0px 1px 1px 0px rgba(0,0,0,0.14),0px 1px 3px 0px rgba(0,0,0,0.12);"[39m
  [36m/>[39m

  Name "Change Item 311":
  [36m<article[39m
    [33maria-labelledby[39m=[32m"change-item-310-heading"[39m
    [33mclass[39m=[32m"MuiPaper-root MuiPaper-elevation MuiPaper-rounded MuiPaper-elevation1 css-fw7llw-MuiPaper-root"[39m
    [33mstyle[39m=[32m"--Paper-shadow: 0px 2px 1px -1px rgba(0,0,0,0.2),0px 1px 1px 0px rgba(0,0,0,0.14),0px 1px 3px 0px rgba(0,0,0,0.12);"[39m
  [36m/>[39m

  Name "Change Item 312":
  [36m<article[39m
    [33maria-labelledby[39m=[32m"change-item-311-heading"[39m
    [33mclass[39m=[32m"MuiPaper-root MuiPaper-elevation MuiPaper-rounded MuiPaper-elevation1 css-fw7llw-MuiPaper-root"[39m
    [33mstyle[39m=[32m"--Paper-shadow: 0px 2px 1px -1px rgba(0,0,0,0.2),0px 1px 1px 0px rgba(0,0,0,0.14),0px 1px 3px 0px rgba(0,0,0,0.12);"[39m
  [36m/>[39m

  Name "Change Item 313":
  [36m<article[39m
    [33maria-labelledby[39m=[32m"change-item-312-heading"[39m
    [33mclass[39m=[32m"MuiPaper-root MuiPaper-elevation MuiPaper-rounded MuiPaper-elevation1 css-fw7llw-MuiPaper-root"[39m
    [33mstyle[39m=[32m"--Paper-shadow: 0px 2px 1px -1px rgba(0,0,0,0.2),0px 1px 1px 0px rgba(0,0,0,0.14),0px 1px 3px 0px rgba(0,0,0,0.12);"[39m
  [36m/>[39m

  Name "Change Item 314":
  [36m<article[39m
    [33maria-labelledby[39m=[32m"change-item-313-heading"[39m
    [33mclass[39m=[32m"MuiPaper-root MuiPaper-elevation MuiPaper-rounded MuiPaper-elevation1 css-fw7llw-MuiPaper-root"[39m
    [33mstyle[39m=[32m"--Paper-shadow: 0px 2px 1px -1px rgba(0,0,0,0.2),0px 1px 1px 0px rgba(0,0,0,0.14),0px 1px 3px 0px rgba(0,0,0,0.12);"[39m
  [36m/>[39m

  Name "Change Item 315":
  [36m<article[39m
    [33maria-labelledby[39m=[32m"change-item-314-heading"[39m
    [33mclass[39m=[32m"MuiPaper-root MuiPaper-elevation MuiPaper-rounded MuiPaper-elevation1 css-fw7llw-MuiPaper-root"[39m
    [33mstyle[39m=[32m"--Paper-shadow: 0px 2px 1px -1px rgba(0,0,0,0.2),0px 1px 1px 0px rgba(0,0,0,0.14),0px 1px 3px 0px rgba(0,0,0,0.12);"[39m
  [36m/>[39m

  Name "Change Item 316":
  [36m<article[39m
    [33maria-labelledby[39m=[32m"change-item-315-heading"[39m
    [33mclass[39m=[32m"MuiPaper-root MuiPaper-elevation MuiPaper-rounded MuiPaper-elevation1 css-fw7llw-MuiPaper-root"[39m
    [33mstyle[39m=[32m"--Paper-shadow: 0px 2px 1px -1px rgba(0,0,0,0.2),0px 1px 1px 0px rgba(0,0,0,0.14),0px 1px 3px 0px rgba(0,0,0,0.12);"[39m
  [36m/>[39m

  Name "Change Item 317":
  [36m<article[39m
    [33maria-labelledby[39m=[32m"change-item-316-heading"[39m
    [33mclass[39m=[32m"MuiPaper-root MuiPaper-elevation MuiPaper-rounded MuiPaper-elevation1 css-fw7llw-MuiPaper-root"[39m
    [33mstyle[39m=[32m"--Paper-shadow: 0px 2px 1px -1px rgba(0,0,0,0.2),0px 1px 1px 0px rgba(0,0,0,0.14),0px 1px 3px 0px rgba(0,0,0,0.12);"[39m
  [36m/>[39m

  Name "Change Item 318":
  [36m<article[39m
    [33maria-labelledby[39m=[32m"change-item-317-heading"[39m
    [33mclass[39m=[32m"MuiPaper-root MuiPaper-elevation MuiPaper-rounded MuiPaper-elevation1 css-fw7llw-MuiPaper-root"[39m
    [33mstyle[39m=[32m"--Paper-shadow: 0px 2px 1px -1px rgba(0,0,0,0.2),0px 1px 1px 0px rgba(0,0,0,0.14),0px 1px 3px 0px rgba(0,0,0,0.12);"[39m
  [36m/>[39m

  Name "Change Item 319":
  [36m<article[39m
    [33maria-labelledby[39m=[32m"change-item-318-heading"[39m
    [33mclass[39m=[32m"MuiPaper-root MuiPaper-elevation MuiPaper-rounded MuiPaper-elevation1 css-fw7llw-MuiPaper-root"[39m
    [33mstyle[39m=[32m"--Paper-shadow: 0px 2px 1px -1px rgba(0,0,0,0.2),0px 1px 1px 0px rgba(0,0,0,0.14),0px 1px 3px 0px rgba(0,0,0,0.12);"[39m
  [36m/>[39m

  Name "Change Item 320":
  [36m<article[39m
    [33maria-labelledby[39m=[32m"change-item-319-heading"[39m
    [33mclass[39m=[32m"MuiPaper-root MuiPaper-elevation MuiPaper-rounded MuiPaper-elevation1 css-fw7llw-MuiPaper-root"[39m
    [33mstyle[39m=[32m"--Paper-shadow: 0px 2px 1px -1px rgba(0,0,0,0.2),0px 1px 1px 0px rgba(0,0,0,0.14),0px 1px 3px 0px rgba(0,0,0,0.12);"[39m
  [36m/>[39m

  Name "Change Item 321":
  [36m<article[39m
    [33maria-labelledby[39m=[32m"change-item-320-heading"[39m
    [33mclass[39m=[32m"MuiPaper-root MuiPaper-elevation MuiPaper-rounded MuiPaper-elevation1 css-fw7llw-MuiPaper-root"[39m
    [33mstyle[39m=[32m"--Paper-shadow: 0px 2px 1px -1px rgba(0,0,0,0.2),0px 1px 1px 0px rgba(0,0,0,0.14),0px 1px 3px 0px rgba(0,0,0,0.12);"[39m
  [36m/>[39m

  Name "Change Item 322":
  [36m<article[39m
    [33maria-labelledby[39m=[32m"change-item-321-heading"[39m
    [33mclass[39m=[32m"MuiPaper-root MuiPaper-elevation MuiPaper-rounded MuiPaper-elevation1 css-fw7llw-MuiPaper-root"[39m
    [33mstyle[39m=[32m"--Paper-shadow: 0px 2px 1px -1px rgba(0,0,0,0.2),0px 1px 1px 0px rgba(0,0,0,0.14),0px 1px 3px 0px rgba(0,0,0,0.12);"[39m
  [36m/>[39m

  Name "Change Item 323":
  [36m<article[39m
    [33maria-labelledby[39m=[32m"change-item-322-heading"[39m
    [33mclass[39m=[32m"MuiPaper-root MuiPaper-elevation MuiPaper-rounded MuiPaper-elevation1 css-fw7llw-MuiPaper-root"[39m
    [33mstyle[39m=[32m"--Paper-shadow: 0px 2px 1px -1px rgba(0,0,0,0.2),0px 1px 1px 0px rgba(0,0,0,0.14),0px 1px 3px 0px rgba(0,0,0,0.12);"[39m
  [36m/>[39m

  Name "Change Item 324":
  [36m<article[39m
    [33maria-labelledby[39m=[32m"change-item-323-heading"[39m
    [33mclass[39m=[32m"MuiPaper-root MuiPaper-elevation MuiPaper-rounded MuiPaper-elevation1 css-fw7llw-MuiPaper-root"[39m
    [33mstyle[39m=[32m"--Paper-shadow: 0px 2px 1px -1px rgba(0,0,0,0.2),0px 1px 1px 0px rgba(0,0,0,0.14),0px 1px 3px 0px rgba(0,0,0,0.12);"[39m
  [36m/>[39m

  Name "Change Item 325":
  [36m<article[39m
    [33maria-labelledby[39m=[32m"change-item-324-heading"[39m
    [33mclass[39m=[32m"MuiPaper-root MuiPaper-elevation MuiPaper-rounded MuiPaper-elevation1 css-fw7llw-MuiPaper-root"[39m
    [33mstyle[39m=[32m"--Paper-shadow: 0px 2px 1px -1px rgba(0,0,0,0.2),0px 1px 1px 0px rgba(0,0,0,0.14),0px 1px 3px 0px rgba(0,0,0,0.12);"[39m
  [36m/>[39m

  Name "Change Item 326":
  [36m<article[39m
    [33maria-labelledby[39m=[32m"change-item-325-heading"[39m
    [33mclass[39m=[32m"MuiPaper-root MuiPaper-elevation MuiPaper-rounded MuiPaper-elevation1 css-fw7llw-MuiPaper-root"[39m
    [33mstyle[39m=[32m"--Paper-shadow: 0px 2px 1px -1px rgba(0,0,0,0.2),0px 1px 1px 0px rgba(0,0,0,0.14),0px 1px 3px 0px rgba(0,0,0,0.12);"[39m
  [36m/>[39m

  Name "Change Item 327":
  [36m<article[39m
    [33maria-labelledby[39m=[32m"change-item-326-heading"[39m
    [33mclass[39m=[32m"MuiPaper-root MuiPaper-elevation MuiPaper-rounded MuiPaper-elevation1 css-fw7llw-MuiPaper-root"[39m
    [33mstyle[39m=[32m"--Paper-shadow: 0px 2px 1px -1px rgba(0,0,0,0.2),0px 1px 1px 0px rgba(0,0,0,0.14),0px 1px 3px 0px rgba(0,0,0,0.12);"[39m
  [36m/>[39m

  Name "Change Item 328":
  [36m<article[39m
    [33maria-labelledby[39m=[32m"change-item-327-heading"[39m
    [33mclass[39m=[32m"MuiPaper-root MuiPaper-elevation MuiPaper-rounded MuiPaper-elevation1 css-fw7llw-MuiPaper-root"[39m
    [33mstyle[39m=[32m"--Paper-shadow: 0px 2px 1px -1px rgba(0,0,0,0.2),0px 1px 1px 0px rgba(0,0,0,0.14),0px 1px 3px 0px rgba(0,0,0,0.12);"[39m
  [36m/>[39m

  Name "Change Item 329":
  [36m<article[39m
    [33maria-labelledby[39m=[32m"change-item-328-heading"[39m
    [33mclass[39m=[32m"MuiPaper-root MuiPaper-elevation MuiPaper-rounded MuiPaper-elevation1 css-fw7llw-MuiPaper-root"[39m
    [33mstyle[39m=[32m"--Paper-shadow: 0px 2px 1px -1px rgba(0,0,0,0.2),0px 1px 1px 0px rgba(0,0,0,0.14),0px 1px 3px 0px rgba(0,0,0,0.12);"[39m
  [36m/>[39m

  Name "Change Item 330":
  [36m<article[39m
    [33maria-labelledby[39m=[32m"change-item-329-heading"[39m
    [33mclass[39m=[32m"MuiPaper-root MuiPaper-elevation MuiPaper-rounded MuiPaper-elevation1 css-fw7llw-MuiPaper-root"[39m
    [33mstyle[39m=[32m"--Paper-shadow: 0px 2px 1px -1px rgba(0,0,0,0.2),0px 1px 1px 0px rgba(0,0,0,0.14),0px 1px 3px 0px rgba(0,0,0,0.12);"[39m
  [36m/>[39m

  Name "Change Item 331":
  [36m<article[39m
    [33maria-labelledby[39m=[32m"change-item-330-heading"[39m
    [33mclass[39m=[32m"MuiPaper-root MuiPaper-elevation MuiPaper-rounded MuiPaper-elevation1 css-fw7llw-MuiPaper-root"[39m
    [33mstyle[39m=[32m"--Paper-shadow: 0px 2px 1px -1px rgba(0,0,0,0.2),0px 1px 1px 0px rgba(0,0,0,0.14),0px 1px 3px 0px rgba(0,0,0,0.12);"[39m
  [36m/>[39m

  Name "Change Item 332":
  [36m<article[39m
    [33maria-labelledby[39m=[32m"change-item-331-heading"[39m
    [33mclass[39m=[32m"MuiPaper-root MuiPaper-elevation MuiPaper-rounded MuiPaper-elevation1 css-fw7llw-MuiPaper-root"[39m
    [33mstyle[39m=[32m"--Paper-shadow: 0px 2px 1px -1px rgba(0,0,0,0.2),0px 1px 1px 0px rgba(0,0,0,0.14),0px 1px 3px 0px rgba(0,0,0,0.12);"[39m
  [36m/>[39m

  Name "Change Item 333":
  [36m<article[39m
    [33maria-labelledby[39m=[32m"change-item-332-heading"[39m
    [33mclass[39m=[32m"MuiPaper-root MuiPaper-elevation MuiPaper-rounded MuiPaper-elevation1 css-fw7llw-MuiPaper-root"[39m
    [33mstyle[39m=[32m"--Paper-shadow: 0px 2px 1px -1px rgba(0,0,0,0.2),0px 1px 1px 0px rgba(0,0,0,0.14),0px 1px 3px 0px rgba(0,0,0,0.12);"[39m
  [36m/>[39m

  Name "Change Item 334":
  [36m<article[39m
    [33maria-labelledby[39m=[32m"change-item-333-heading"[39m
    [33mclass[39m=[32m"MuiPaper-root MuiPaper-elevation MuiPaper-rounded MuiPaper-elevation1 css-fw7llw-MuiPaper-root"[39m
    [33mstyle[39m=[32m"--Paper-shadow: 0px 2px 1px -1px rgba(0,0,0,0.2),0px 1px 1px 0px rgba(0,0,0,0.14),0px 1px 3px 0px rgba(0,0,0,0.12);"[39m
  [36m/>[39m

  Name "Change Item 335":
  [36m<article[39m
    [33maria-labelledby[39m=[32m"change-item-334-heading"[39m
    [33mclass[39m=[32m"MuiPaper-root MuiPaper-elevation MuiPaper-rounded MuiPaper-elevation1 css-fw7llw-MuiPaper-root"[39m
    [33mstyle[39m=[32m"--Paper-shadow: 0px 2px 1px -1px rgba(0,0,0,0.2),0px 1px 1px 0px rgba(0,0,0,0.14),0px 1px 3px 0px rgba(0,0,0,0.12);"[39m
  [36m/>[39m

  Name "Change Item 336":
  [36m<article[39m
    [33maria-labelledby[39m=[32m"change-item-335-heading"[39m
    [33mclass[39m=[32m"MuiPaper-root MuiPaper-elevation MuiPaper-rounded MuiPaper-elevation1 css-fw7llw-MuiPaper-root"[39m
    [33mstyle[39m=[32m"--Paper-shadow: 0px 2px 1px -1px rgba(0,0,0,0.2),0px 1px 1px 0px rgba(0,0,0,0.14),0px 1px 3px 0px rgba(0,0,0,0.12);"[39m
  [36m/>[39m

  Name "Change Item 337":
  [36m<article[39m
    [33maria-labelledby[39m=[32m"change-item-336-heading"[39m
    [33mclass[39m=[32m"MuiPaper-root MuiPaper-elevation MuiPaper-rounded MuiPaper-elevation1 css-fw7llw-MuiPaper-root"[39m
    [33mstyle[39m=[32m"--Paper-shadow: 0px 2px 1px -1px rgba(0,0,0,0.2),0px 1px 1px 0px rgba(0,0,0,0.14),0px 1px 3px 0px rgba(0,0,0,0.12);"[39m
  [36m/>[39m

  Name "Change Item 338":
  [36m<article[39m
    [33maria-labelledby[39m=[32m"change-item-337-heading"[39m
    [33mclass[39m=[32m"MuiPaper-root MuiPaper-elevation MuiPaper-rounded MuiPaper-elevation1 css-fw7llw-MuiPaper-root"[39m
    [33mstyle[39m=[32m"--Paper-shadow: 0px 2px 1px -1px rgba(0,0,0,0.2),0px 1px 1px 0px rgba(0,0,0,0.14),0px 1px 3px 0px rgba(0,0,0,0.12);"[39m
  [36m/>[39m

  Name "Change Item 339":
  [36m<article[39m
    [33maria-labelledby[39m=[32m"change-item-338-heading"[39m
    [33mclass[39m=[32m"MuiPaper-root MuiPaper-elevation MuiPaper-rounded MuiPaper-elevation1 css-fw7llw-MuiPaper-root"[39m
    [33mstyle[39m=[32m"--Paper-shadow: 0px 2px 1px -1px rgba(0,0,0,0.2),0px 1px 1px 0px rgba(0,0,0,0.14),0px 1px 3px 0px rgba(0,0,0,0.12);"[39m
  [36m/>[39m

  Name "Change Item 340":
  [36m<article[39m
    [33maria-labelledby[39m=[32m"change-item-339-heading"[39m
    [33mclass[39m=[32m"MuiPaper-root MuiPaper-elevation MuiPaper-rounded MuiPaper-elevation1 css-fw7llw-MuiPaper-root"[39m
    [33mstyle[39m=[32m"--Paper-shadow: 0px 2px 1px -1px rgba(0,0,0,0.2),0px 1px 1px 0px rgba(0,0,0,0.14),0px 1px 3px 0px rgba(0,0,0,0.12);"[39m
  [36m/>[39m

  Name "Change Item 341":
  [36m<article[39m
    [33maria-labelledby[39m=[32m"change-item-340-heading"[39m
    [33mclass[39m=[32m"MuiPaper-root MuiPaper-elevation MuiPaper-rounded MuiPaper-elevation1 css-fw7llw-MuiPaper-root"[39m
    [33mstyle[39m=[32m"--Paper-shadow: 0px 2px 1px -1px rgba(0,0,0,0.2),0px 1px 1px 0px rgba(0,0,0,0.14),0px 1px 3px 0px rgba(0,0,0,0.12);"[39m
  [36m/>[39m

  Name "Change Item 342":
  [36m<article[39m
    [33maria-labelledby[39m=[32m"change-item-341-heading"[39m
    [33mclass[39m=[32m"MuiPaper-root MuiPaper-elevation MuiPaper-rounded MuiPaper-elevation1 css-fw7llw-MuiPaper-root"[39m
    [33mstyle[39m=[32m"--Paper-shadow: 0px 2px 1px -1px rgba(0,0,0,0.2),0px 1px 1px 0px rgba(0,0,0,0.14),0px 1px 3px 0px rgba(0,0,0,0.12);"[39m
  [36m/>[39m

  Name "Change Item 343":
  [36m<article[39m
    [33maria-labelledby[39m=[32m"change-item-342-heading"[39m
    [33mclass[39m=[32m"MuiPaper-root MuiPaper-elevation MuiPaper-rounded MuiPaper-elevation1 css-fw7llw-MuiPaper-root"[39m
    [33mstyle[39m=[32m"--Paper-shadow: 0px 2px 1px -1px rgba(0,0,0,0.2),0px 1px 1px 0px rgba(0,0,0,0.14),0px 1px 3px 0px rgba(0,0,0,0.12);"[39m
  [36m/>[39m

  Name "Change Item 344":
  [36m<article[39m
    [33maria-labelledby[39m=[32m"change-item-343-heading"[39m
    [33mclass[39m=[32m"MuiPaper-root MuiPaper-elevation MuiPaper-rounded MuiPaper-elevation1 css-fw7llw-MuiPaper-root"[39m
    [33mstyle[39m=[32m"--Paper-shadow: 0px 2px 1px -1px rgba(0,0,0,0.2),0px 1px 1px 0px rgba(0,0,0,0.14),0px 1px 3px 0px rgba(0,0,0,0.12);"[39m
  [36m/>[39m

  Name "Change Item 345":
  [36m<article[39m
    [33maria-labelledby[39m=[32m"change-item-344-heading"[39m
    [33mclass[39m=[32m"MuiPaper-root MuiPaper-elevation MuiPaper-rounded MuiPaper-elevation1 css-fw7llw-MuiPaper-root"[39m
    [33mstyle[39m=[32m"--Paper-shadow: 0px 2px 1px -1px rgba(0,0,0,0.2),0px 1px 1px 0px rgba(0,0,0,0.14),0px 1px 3px 0px rgba(0,0,0,0.12);"[39m
  [36m/>[39m

  Name "Change Item 346":
  [36m<article[39m
    [33maria-labelledby[39m=[32m"change-item-345-heading"[39m
    [33mclass[39m=[32m"MuiPaper-root MuiPaper-elevation MuiPaper-rounded MuiPaper-elevation1 css-fw7llw-MuiPaper-root"[39m
    [33mstyle[39m=[32m"--Paper-shadow: 0px 2px 1px -1px rgba(0,0,0,0.2),0px 1px 1px 0px rgba(0,0,0,0.14),0px 1px 3px 0px rgba(0,0,0,0.12);"[39m
  [36m/>[39m

  Name "Change Item 347":
  [36m<article[39m
    [33maria-labelledby[39m=[32m"change-item-346-heading"[39m
    [33mclass[39m=[32m"MuiPaper-root MuiPaper-elevation MuiPaper-rounded MuiPaper-elevation1 css-fw7llw-MuiPaper-root"[39m
    [33mstyle[39m=[32m"--Paper-shadow: 0px 2px 1px -1px rgba(0,0,0,0.2),0px 1px 1px 0px rgba(0,0,0,0.14),0px 1px 3px 0px rgba(0,0,0,0.12);"[39m
  [36m/>[39m

  Name "Change Item 348":
  [36m<article[39m
    [33maria-labelledby[39m=[32m"change-item-347-heading"[39m
    [33mclass[39m=[32m"MuiPaper-root MuiPaper-elevation MuiPaper-rounded MuiPaper-elevation1 css-fw7llw-MuiPaper-root"[39m
    [33mstyle[39m=[32m"--Paper-shadow: 0px 2px 1px -1px rgba(0,0,0,0.2),0px 1px 1px 0px rgba(0,0,0,0.14),0px 1px 3px 0px rgba(0,0,0,0.12);"[39m
  [36m/>[39m

  Name "Change Item 349":
  [36m<article[39m
    [33maria-labelledby[39m=[32m"change-item-348-heading"[39m
    [33mclass[39m=[32m"MuiPaper-root MuiPaper-elevation MuiPaper-rounded MuiPaper-elevation1 css-fw7llw-MuiPaper-root"[39m
    [33mstyle[39m=[32m"--Paper-shadow: 0px 2px 1px -1px rgba(0,0,0,0.2),0px 1px 1px 0px rgba(0,0,0,0.14),0px 1px 3px 0px rgba(0,0,0,0.12);"[39m
  [36m/>[39m

  Name "Change Item 350":
  [36m<article[39m
    [33maria-labelledby[39m=[32m"change-item-349-heading"[39m
    [33mclass[39m=[32m"MuiPaper-root MuiPaper-elevation MuiPaper-rounded MuiPaper-elevation1 css-fw7llw-MuiPaper-root"[39m
    [33mstyle[39m=[32m"--Paper-shadow: 0px 2px 1px -1px rgba(0,0,0,0.2),0px 1px 1px 0px rgba(0,0,0,0.14),0px 1px 3px 0px rgba(0,0,0,0.12);"[39m
  [36m/>[39m

  Name "Change Item 351":
  [36m<article[39m
    [33maria-labelledby[39m=[32m"change-item-350-heading"[39m
    [33mclass[39m=[32m"MuiPaper-root MuiPaper-elevation MuiPaper-rounded MuiPaper-elevation1 css-fw7llw-MuiPaper-root"[39m
    [33mstyle[39m=[32m"--Paper-shadow: 0px 2px 1px -1px rgba(0,0,0,0.2),0px 1px 1px 0px rgba(0,0,0,0.14),0px 1px 3px 0px rgba(0,0,0,0.12);"[39m
  [36m/>[39m

  Name "Change Item 352":
  [36m<article[39m
    [33maria-labelledby[39m=[32m"change-item-351-heading"[39m
    [33mclass[39m=[32m"MuiPaper-root MuiPaper-elevation MuiPaper-rounded MuiPaper-elevation1 css-fw7llw-MuiPaper-root"[39m
    [33mstyle[39m=[32m"--Paper-shadow: 0px 2px 1px -1px rgba(0,0,0,0.2),0px 1px 1px 0px rgba(0,0,0,0.14),0px 1px 3px 0px rgba(0,0,0,0.12);"[39m
  [36m/>[39m

  Name "Change Item 353":
  [36m<article[39m
    [33maria-labelledby[39m=[32m"change-item-352-heading"[39m
    [33mclass[39m=[32m"MuiPaper-root MuiPaper-elevation MuiPaper-rounded MuiPaper-elevation1 css-fw7llw-MuiPaper-root"[39m
    [33mstyle[39m=[32m"--Paper-shadow: 0px 2px 1px -1px rgba(0,0,0,0.2),0px 1px 1px 0px rgba(0,0,0,0.14),0px 1px 3px 0px rgba(0,0,0,0.12);"[39m
  [36m/>[39m

  Name "Change Item 354":
  [36m<article[39m
    [33maria-labelledby[39m=[32m"change-item-353-heading"[39m
    [33mclass[39m=[32m"MuiPaper-root MuiPaper-elevation MuiPaper-rounded MuiPaper-elevation1 css-fw7llw-MuiPaper-root"[39m
    [33mstyle[39m=[32m"--Paper-shadow: 0px 2px 1px -1px rgba(0,0,0,0.2),0px 1px 1px 0px rgba(0,0,0,0.14),0px 1px 3px 0px rgba(0,0,0,0.12);"[39m
  [36m/>[39m

  Name "Change Item 355":
  [36m<article[39m
    [33maria-labelledby[39m=[32m"change-item-354-heading"[39m
    [33mclass[39m=[32m"MuiPaper-root MuiPaper-elevation MuiPaper-rounded MuiPaper-elevation1 css-fw7llw-MuiPaper-root"[39m
    [33mstyle[39m=[32m"--Paper-shadow: 0px 2px 1px -1px rgba(0,0,0,0.2),0px 1px 1px 0px rgba(0,0,0,0.14),0px 1px 3px 0px rgba(0,0,0,0.12);"[39m
  [36m/>[39m

  Name "Change Item 356":
  [36m<article[39m
    [33maria-labelledby[39m=[32m"change-item-355-heading"[39m
    [33mclass[39m=[32m"MuiPaper-root MuiPaper-elevation MuiPaper-rounded MuiPaper-elevation1 css-fw7llw-MuiPaper-root"[39m
    [33mstyle[39m=[32m"--Paper-shadow: 0px 2px 1px -1px rgba(0,0,0,0.2),0px 1px 1px 0px rgba(0,0,0,0.14),0px 1px 3px 0px rgba(0,0,0,0.12);"[39m
  [36m/>[39m

  Name "Change Item 357":
  [36m<article[39m
    [33maria-labelledby[39m=[32m"change-item-356-heading"[39m
    [33mclass[39m=[32m"MuiPaper-root MuiPaper-elevation MuiPaper-rounded MuiPaper-elevation1 css-fw7llw-MuiPaper-root"[39m
    [33mstyle[39m=[32m"--Paper-shadow: 0px 2px 1px -1px rgba(0,0,0,0.2),0px 1px 1px 0px rgba(0,0,0,0.14),0px 1px 3px 0px rgba(0,0,0,0.12);"[39m
  [36m/>[39m

  Name "Change Item 358":
  [36m<article[39m
    [33maria-labelledby[39m=[32m"change-item-357-heading"[39m
    [33mclass[39m=[32m"MuiPaper-root MuiPaper-elevation MuiPaper-rounded MuiPaper-elevation1 css-fw7llw-MuiPaper-root"[39m
    [33mstyle[39m=[32m"--Paper-shadow: 0px 2px 1px -1px rgba(0,0,0,0.2),0px 1px 1px 0px rgba(0,0,0,0.14),0px 1px 3px 0px rgba(0,0,0,0.12);"[39m
  [36m/>[39m

  Name "Change Item 359":
  [36m<article[39m
    [33maria-labelledby[39m=[32m"change-item-358-heading"[39m
    [33mclass[39m=[32m"MuiPaper-root MuiPaper-elevation MuiPaper-rounded MuiPaper-elevation1 css-fw7llw-MuiPaper-root"[39m
    [33mstyle[39m=[32m"--Paper-shadow: 0px 2px 1px -1px rgba(0,0,0,0.2),0px 1px 1px 0px rgba(0,0,0,0.14),0px 1px 3px 0px rgba(0,0,0,0.12);"[39m
  [36m/>[39m

  Name "Change Item 360":
  [36m<article[39m
    [33maria-labelledby[39m=[32m"change-item-359-heading"[39m
    [33mclass[39m=[32m"MuiPaper-root MuiPaper-elevation MuiPaper-rounded MuiPaper-elevation1 css-fw7llw-MuiPaper-root"[39m
    [33mstyle[39m=[32m"--Paper-shadow: 0px 2px 1px -1px rgba(0,0,0,0.2),0px 1px 1px 0px rgba(0,0,0,0.14),0px 1px 3px 0px rgba(0,0,0,0.12);"[39m
  [36m/>[39m

  Name "Change Item 361":
  [36m<article[39m
    [33maria-labelledby[39m=[32m"change-item-360-heading"[39m
    [33mclass[39m=[32m"MuiPaper-root MuiPaper-elevation MuiPaper-rounded MuiPaper-elevation1 css-fw7llw-MuiPaper-root"[39m
    [33mstyle[39m=[32m"--Paper-shadow: 0px 2px 1px -1px rgba(0,0,0,0.2),0px 1px 1px 0px rgba(0,0,0,0.14),0px 1px 3px 0px rgba(0,0,0,0.12);"[39m
  [36m/>[39m

  Name "Change Item 362":
  [36m<article[39m
    [33maria-labelledby[39m=[32m"change-item-361-heading"[39m
    [33mclass[39m=[32m"MuiPaper-root MuiPaper-elevation MuiPaper-rounded MuiPaper-elevation1 css-fw7llw-MuiPaper-root"[39m
    [33mstyle[39m=[32m"--Paper-shadow: 0px 2px 1px -1px rgba(0,0,0,0.2),0px 1px 1px 0px rgba(0,0,0,0.14),0px 1px 3px 0px rgba(0,0,0,0.12);"[39m
  [36m/>[39m

  Name "Change Item 363":
  [36m<article[39m
    [33maria-labelledby[39m=[32m"change-item-362-heading"[39m
    [33mclass[39m=[32m"MuiPaper-root MuiPaper-elevation MuiPaper-rounded MuiPaper-elevation1 css-fw7llw-MuiPaper-root"[39m
    [33mstyle[39m=[32m"--Paper-shadow: 0px 2px 1px -1px rgba(0,0,0,0.2),0px 1px 1px 0px rgba(0,0,0,0.14),0px 1px 3px 0px rgba(0,0,0,0.12);"[39m
  [36m/>[39m

  Name "Change Item 364":
  [36m<article[39m
    [33maria-labelledby[39m=[32m"change-item-363-heading"[39m
    [33mclass[39m=[32m"MuiPaper-root MuiPaper-elevation MuiPaper-rounded MuiPaper-elevation1 css-fw7llw-MuiPaper-root"[39m
    [33mstyle[39m=[32m"--Paper-shadow: 0px 2px 1px -1px rgba(0,0,0,0.2),0px 1px 1px 0px rgba(0,0,0,0.14),0px 1px 3px 0px rgba(0,0,0,0.12);"[39m
  [36m/>[39m

  Name "Change Item 365":
  [36m<article[39m
    [33maria-labelledby[39m=[32m"change-item-364-heading"[39m
    [33mclass[39m=[32m"MuiPaper-root MuiPaper-elevation MuiPaper-rounded MuiPaper-elevation1 css-fw7llw-MuiPaper-root"[39m
    [33mstyle[39m=[32m"--Paper-shadow: 0px 2px 1px -1px rgba(0,0,0,0.2),0px 1px 1px 0px rgba(0,0,0,0.14),0px 1px 3px 0px rgba(0,0,0,0.12);"[39m
  [36m/>[39m

  Name "Change Item 366":
  [36m<article[39m
    [33maria-labelledby[39m=[32m"change-item-365-heading"[39m
    [33mclass[39m=[32m"MuiPaper-root MuiPaper-elevation MuiPaper-rounded MuiPaper-elevation1 css-fw7llw-MuiPaper-root"[39m
    [33mstyle[39m=[32m"--Paper-shadow: 0px 2px 1px -1px rgba(0,0,0,0.2),0px 1px 1px 0px rgba(0,0,0,0.14),0px 1px 3px 0px rgba(0,0,0,0.12);"[39m
  [36m/>[39m

  Name "Change Item 367":
  [36m<article[39m
    [33maria-labelledby[39m=[32m"change-item-366-heading"[39m
    [33mclass[39m=[32m"MuiPaper-root MuiPaper-elevation MuiPaper-rounded MuiPaper-elevation1 css-fw7llw-MuiPaper-root"[39m
    [33mstyle[39m=[32m"--Paper-shadow: 0px 2px 1px -1px rgba(0,0,0,0.2),0px 1px 1px 0px rgba(0,0,0,0.14),0px 1px 3px 0px rgba(0,0,0,0.12);"[39m
  [36m/>[39m

  Name "Change Item 368":
  [36m<article[39m
    [33maria-labelledby[39m=[32m"change-item-367-heading"[39m
    [33mclass[39m=[32m"MuiPaper-root MuiPaper-elevation MuiPaper-rounded MuiPaper-elevation1 css-fw7llw-MuiPaper-root"[39m
    [33mstyle[39m=[32m"--Paper-shadow: 0px 2px 1px -1px rgba(0,0,0,0.2),0px 1px 1px 0px rgba(0,0,0,0.14),0px 1px 3px 0px rgba(0,0,0,0.12);"[39m
  [36m/>[39m

  Name "Change Item 369":
  [36m<article[39m
    [33maria-labelledby[39m=[32m"change-item-368-heading"[39m
    [33mclass[39m=[32m"MuiPaper-root MuiPaper-elevation MuiPaper-rounded MuiPaper-elevation1 css-fw7llw-MuiPaper-root"[39m
    [33mstyle[39m=[32m"--Paper-shadow: 0px 2px 1px -1px rgba(0,0,0,0.2),0px 1px 1px 0px rgba(0,0,0,0.14),0px 1px 3px 0px rgba(0,0,0,0.12);"[39m
  [36m/>[39m

  Name "Change Item 370":
  [36m<article[39m
    [33maria-labelledby[39m=[32m"change-item-369-heading"[39m
    [33mclass[39m=[32m"MuiPaper-root MuiPaper-elevation MuiPaper-rounded MuiPaper-elevation1 css-fw7llw-MuiPaper-root"[39m
    [33mstyle[39m=[32m"--Paper-shadow: 0px 2px 1px -1px rgba(0,0,0,0.2),0px 1px 1px 0px rgba(0,0,0,0.14),0px 1px 3px 0px rgba(0,0,0,0.12);"[39m
  [36m/>[39m

  Name "Change Item 371":
  [36m<article[39m
    [33maria-labelledby[39m=[32m"change-item-370-heading"[39m
    [33mclass[39m=[32m"MuiPaper-root MuiPaper-elevation MuiPaper-rounded MuiPaper-elevation1 css-fw7llw-MuiPaper-root"[39m
    [33mstyle[39m=[32m"--Paper-shadow: 0px 2px 1px -1px rgba(0,0,0,0.2),0px 1px 1px 0px rgba(0,0,0,0.14),0px 1px 3px 0px rgba(0,0,0,0.12);"[39m
  [36m/>[39m

  Name "Change Item 372":
  [36m<article[39m
    [33maria-labelledby[39m=[32m"change-item-371-heading"[39m
    [33mclass[39m=[32m"MuiPaper-root MuiPaper-elevation MuiPaper-rounded MuiPaper-elevation1 css-fw7llw-MuiPaper-root"[39m
    [33mstyle[39m=[32m"--Paper-shadow: 0px 2px 1px -1px rgba(0,0,0,0.2),0px 1px 1px 0px rgba(0,0,0,0.14),0px 1px 3px 0px rgba(0,0,0,0.12);"[39m
  [36m/>[39m

  Name "Change Item 373":
  [36m<article[39m
    [33maria-labelledby[39m=[32m"change-item-372-heading"[39m
    [33mclass[39m=[32m"MuiPaper-root MuiPaper-elevation MuiPaper-rounded MuiPaper-elevation1 css-fw7llw-MuiPaper-root"[39m
    [33mstyle[39m=[32m"--Paper-shadow: 0px 2px 1px -1px rgba(0,0,0,0.2),0px 1px 1px 0px rgba(0,0,0,0.14),0px 1px 3px 0px rgba(0,0,0,0.12);"[39m
  [36m/>[39m

  Name "Change Item 374":
  [36m<article[39m
    [33maria-labelledby[39m=[32m"change-item-373-heading"[39m
    [33mclass[39m=[32m"MuiPaper-root MuiPaper-elevation MuiPaper-rounded MuiPaper-elevation1 css-fw7llw-MuiPaper-root"[39m
    [33mstyle[39m=[32m"--Paper-shadow: 0px 2px 1px -1px rgba(0,0,0,0.2),0px 1px 1px 0px rgba(0,0,0,0.14),0px 1px 3px 0px rgba(0,0,0,0.12);"[39m
  [36m/>[39m

  Name "Change Item 375":
  [36m<article[39m
    [33maria-labelledby[39m=[32m"change-item-374-heading"[39m
    [33mclass[39m=[32m"MuiPaper-root MuiPaper-elevation MuiPaper-rounded MuiPaper-elevation1 css-fw7llw-MuiPaper-root"[39m
    [33mstyle[39m=[32m"--Paper-shadow: 0px 2px 1px -1px rgba(0,0,0,0.2),0px 1px 1px 0px rgba(0,0,0,0.14),0px 1px 3px 0px rgba(0,0,0,0.12);"[39m
  [36m/>[39m

  Name "Change Item 376":
  [36m<article[39m
    [33maria-labelledby[39m=[32m"change-item-375-heading"[39m
    [33mclass[39m=[32m"MuiPaper-root MuiPaper-elevation MuiPaper-rounded MuiPaper-elevation1 css-fw7llw-MuiPaper-root"[39m
    [33mstyle[39m=[32m"--Paper-shadow: 0px 2px 1px -1px rgba(0,0,0,0.2),0px 1px 1px 0px rgba(0,0,0,0.14),0px 1px 3px 0px rgba(0,0,0,0.12);"[39m
  [36m/>[39m

  Name "Change Item 377":
  [36m<article[39m
    [33maria-labelledby[39m=[32m"change-item-376-heading"[39m
    [33mclass[39m=[32m"MuiPaper-root MuiPaper-elevation MuiPaper-rounded MuiPaper-elevation1 css-fw7llw-MuiPaper-root"[39m
    [33mstyle[39m=[32m"--Paper-shadow: 0px 2px 1px -1px rgba(0,0,0,0.2),0px 1px 1px 0px rgba(0,0,0,0.14),0px 1px 3px 0px rgba(0,0,0,0.12);"[39m
  [36m/>[39m

  Name "Change Item 378":
  [36m<article[39m
    [33maria-labelledby[39m=[32m"change-item-377-heading"[39m
    [33mclass[39m=[32m"MuiPaper-root MuiPaper-elevation MuiPaper-rounded MuiPaper-elevation1 css-fw7llw-MuiPaper-root"[39m
    [33mstyle[39m=[32m"--Paper-shadow: 0px 2px 1px -1px rgba(0,0,0,0.2),0px 1px 1px 0px rgba(0,0,0,0.14),0px 1px 3px 0px rgba(0,0,0,0.12);"[39m
  [36m/>[39m

  Name "Change Item 379":
  [36m<article[39m
    [33maria-labelledby[39m=[32m"change-item-378-heading"[39m
    [33mclass[39m=[32m"MuiPaper-root MuiPaper-elevation MuiPaper-rounded MuiPaper-elevation1 css-fw7llw-MuiPaper-root"[39m
    [33mstyle[39m=[32m"--Paper-shadow: 0px 2px 1px -1px rgba(0,0,0,0.2),0px 1px 1px 0px rgba(0,0,0,0.14),0px 1px 3px 0px rgba(0,0,0,0.12);"[39m
  [36m/>[39m

  Name "Change Item 380":
  [36m<article[39m
    [33maria-labelledby[39m=[32m"change-item-379-heading"[39m
    [33mclass[39m=[32m"MuiPaper-root MuiPaper-elevation MuiPaper-rounded MuiPaper-elevation1 css-fw7llw-MuiPaper-root"[39m
    [33mstyle[39m=[32m"--Paper-shadow: 0px 2px 1px -1px rgba(0,0,0,0.2),0px 1px 1px 0px rgba(0,0,0,0.14),0px 1px 3px 0px rgba(0,0,0,0.12);"[39m
  [36m/>[39m

  Name "Change Item 381":
  [36m<article[39m
    [33maria-labelledby[39m=[32m"change-item-380-heading"[39m
    [33mclass[39m=[32m"MuiPaper-root MuiPaper-elevation MuiPaper-rounded MuiPaper-elevation1 css-fw7llw-MuiPaper-root"[39m
    [33mstyle[39m=[32m"--Paper-shadow: 0px 2px 1px -1px rgba(0,0,0,0.2),0px 1px 1px 0px rgba(0,0,0,0.14),0px 1px 3px 0px rgba(0,0,0,0.12);"[39m
  [36m/>[39m

  Name "Change Item 382":
  [36m<article[39m
    [33maria-labelledby[39m=[32m"change-item-381-heading"[39m
    [33mclass[39m=[32m"MuiPaper-root MuiPaper-elevation MuiPaper-rounded MuiPaper-elevation1 css-fw7llw-MuiPaper-root"[39m
    [33mstyle[39m=[32m"--Paper-shadow: 0px 2px 1px -1px rgba(0,0,0,0.2),0px 1px 1px 0px rgba(0,0,0,0.14),0px 1px 3px 0px rgba(0,0,0,0.12);"[39m
  [36m/>[39m

  Name "Change Item 383":
  [36m<article[39m
    [33maria-labelledby[39m=[32m"change-item-382-heading"[39m
    [33mclass[39m=[32m"MuiPaper-root MuiPaper-elevation MuiPaper-rounded MuiPaper-elevation1 css-fw7llw-MuiPaper-root"[39m
    [33mstyle[39m=[32m"--Paper-shadow: 0px 2px 1px -1px rgba(0,0,0,0.2),0px 1px 1px 0px rgba(0,0,0,0.14),0px 1px 3px 0px rgba(0,0,0,0.12);"[39m
  [36m/>[39m

  Name "Change Item 384":
  [36m<article[39m
    [33maria-labelledby[39m=[32m"change-item-383-heading"[39m
    [33mclass[39m=[32m"MuiPaper-root MuiPaper-elevation MuiPaper-rounded MuiPaper-elevation1 css-fw7llw-MuiPaper-root"[39m
    [33mstyle[39m=[32m"--Paper-shadow: 0px 2px 1px -1px rgba(0,0,0,0.2),0px 1px 1px 0px rgba(0,0,0,0.14),0px 1px 3px 0px rgba(0,0,0,0.12);"[39m
  [36m/>[39m

  Name "Change Item 385":
  [36m<article[39m
    [33maria-labelledby[39m=[32m"change-item-384-heading"[39m
    [33mclass[39m=[32m"MuiPaper-root MuiPaper-elevation MuiPaper-rounded MuiPaper-elevation1 css-fw7llw-MuiPaper-root"[39m
    [33mstyle[39m=[32m"--Paper-shadow: 0px 2px 1px -1px rgba(0,0,0,0.2),0px 1px 1px 0px rgba(0,0,0,0.14),0px 1px 3px 0px rgba(0,0,0,0.12);"[39m
  [36m/>[39m

  Name "Change Item 386":
  [36m<article[39m
    [33maria-labelledby[39m=[32m"change-item-385-heading"[39m
    [33mclass[39m=[32m"MuiPaper-root MuiPaper-elevation MuiPaper-rounded MuiPaper-elevation1 css-fw7llw-MuiPaper-root"[39m
    [33mstyle[39m=[32m"--Paper-shadow: 0px 2px 1px -1px rgba(0,0,0,0.2),0px 1px 1px 0px rgba(0,0,0,0.14),0px 1px 3px 0px rgba(0,0,0,0.12);"[39m
  [36m/>[39m

  Name "Change Item 387":
  [36m<article[39m
    [33maria-labelledby[39m=[32m"change-item-386-heading"[39m
    [33mclass[39m=[32m"MuiPaper-root MuiPaper-elevation MuiPaper-rounded MuiPaper-elevation1 css-fw7llw-MuiPaper-root"[39m
    [33mstyle[39m=[32m"--Paper-shadow: 0px 2px 1px -1px rgba(0,0,0,0.2),0px 1px 1px 0px rgba(0,0,0,0.14),0px 1px 3px 0px rgba(0,0,0,0.12);"[39m
  [36m/>[39m

  Name "Change Item 388":
  [36m<article[39m
    [33maria-labelledby[39m=[32m"change-item-387-heading"[39m
    [33mclass[39m=[32m"MuiPaper-root MuiPaper-elevation MuiPaper-rounded MuiPaper-elevation1 css-fw7llw-MuiPaper-root"[39m
    [33mstyle[39m=[32m"--Paper-shadow: 0px 2px 1px -1px rgba(0,0,0,0.2),0px 1px 1px 0px rgba(0,0,0,0.14),0px 1px 3px 0px rgba(0,0,0,0.12);"[39m
  [36m/>[39m

  Name "Change Item 389":
  [36m<article[39m
    [33maria-labelledby[39m=[32m"change-item-388-heading"[39m
    [33mclass[39m=[32m"MuiPaper-root MuiPaper-elevation MuiPaper-rounded MuiPaper-elevation1 css-fw7llw-MuiPaper-root"[39m
    [33mstyle[39m=[32m"--Paper-shadow: 0px 2px 1px -1px rgba(0,0,0,0.2),0px 1px 1px 0px rgba(0,0,0,0.14),0px 1px 3px 0px rgba(0,0,0,0.12);"[39m
  [36m/>[39m

  Name "Change Item 390":
  [36m<article[39m
    [33maria-labelledby[39m=[32m"change-item-389-heading"[39m
    [33mclass[39m=[32m"MuiPaper-root MuiPaper-elevation MuiPaper-rounded MuiPaper-elevation1 css-fw7llw-MuiPaper-root"[39m
    [33mstyle[39m=[32m"--Paper-shadow: 0px 2px 1px -1px rgba(0,0,0,0.2),0px 1px 1px 0px rgba(0,0,0,0.14),0px 1px 3px 0px rgba(0,0,0,0.12);"[39m
  [36m/>[39m

  Name "Change Item 391":
  [36m<article[39m
    [33maria-labelledby[39m=[32m"change-item-390-heading"[39m
    [33mclass[39m=[32m"MuiPaper-root MuiPaper-elevation MuiPaper-rounded MuiPaper-elevation1 css-fw7llw-MuiPaper-root"[39m
    [33mstyle[39m=[32m"--Paper-shadow: 0px 2px 1px -1px rgba(0,0,0,0.2),0px 1px 1px 0px rgba(0,0,0,0.14),0px 1px 3px 0px rgba(0,0,0,0.12);"[39m
  [36m/>[39m

  Name "Change Item 392":
  [36m<article[39m
    [33maria-labelledby[39m=[32m"change-item-391-heading"[39m
    [33mclass[39m=[32m"MuiPaper-root MuiPaper-elevation MuiPaper-rounded MuiPaper-elevation1 css-fw7llw-MuiPaper-root"[39m
    [33mstyle[39m=[32m"--Paper-shadow: 0px 2px 1px -1px rgba(0,0,0,0.2),0px 1px 1px 0px rgba(0,0,0,0.14),0px 1px 3px 0px rgba(0,0,0,0.12);"[39m
  [36m/>[39m

  Name "Change Item 393":
  [36m<article[39m
    [33maria-labelledby[39m=[32m"change-item-392-heading"[39m
    [33mclass[39m=[32m"MuiPaper-root MuiPaper-elevation MuiPaper-rounded MuiPaper-elevation1 css-fw7llw-MuiPaper-root"[39m
    [33mstyle[39m=[32m"--Paper-shadow: 0px 2px 1px -1px rgba(0,0,0,0.2),0px 1px 1px 0px rgba(0,0,0,0.14),0px 1px 3px 0px rgba(0,0,0,0.12);"[39m
  [36m/>[39m

  Name "Change Item 394":
  [36m<article[39m
    [33maria-labelledby[39m=[32m"change-item-393-heading"[39m
    [33mclass[39m=[32m"MuiPaper-root MuiPaper-elevation MuiPaper-rounded MuiPaper-elevation1 css-fw7llw-MuiPaper-root"[39m
    [33mstyle[39m=[32m"--Paper-shadow: 0px 2px 1px -1px rgba(0,0,0,0.2),0px 1px 1px 0px rgba(0,0,0,0.14),0px 1px 3px 0px rgba(0,0,0,0.12);"[39m
  [36m/>[39m

  Name "Change Item 395":
  [36m<article[39m
    [33maria-labelledby[39m=[32m"change-item-394-heading"[39m
    [33mclass[39m=[32m"MuiPaper-root MuiPaper-elevation MuiPaper-rounded MuiPaper-elevation1 css-fw7llw-MuiPaper-root"[39m
    [33mstyle[39m=[32m"--Paper-shadow: 0px 2px 1px -1px rgba(0,0,0,0.2),0px 1px 1px 0px rgba(0,0,0,0.14),0px 1px 3px 0px rgba(0,0,0,0.12);"[39m
  [36m/>[39m

  Name "Change Item 396":
  [36m<article[39m
    [33maria-labelledby[39m=[32m"change-item-395-heading"[39m
    [33mclass[39m=[32m"MuiPaper-root MuiPaper-elevation MuiPaper-rounded MuiPaper-elevation1 css-fw7llw-MuiPaper-root"[39m
    [33mstyle[39m=[32m"--Paper-shadow: 0px 2px 1px -1px rgba(0,0,0,0.2),0px 1px 1px 0px rgba(0,0,0,0.14),0px 1px 3px 0px rgba(0,0,0,0.12);"[39m
  [36m/>[39m

  Name "Change Item 397":
  [36m<article[39m
    [33maria-labelledby[39m=[32m"change-item-396-heading"[39m
    [33mclass[39m=[32m"MuiPaper-root MuiPaper-elevation MuiPaper-rounded MuiPaper-elevation1 css-fw7llw-MuiPaper-root"[39m
    [33mstyle[39m=[32m"--Paper-shadow: 0px 2px 1px -1px rgba(0,0,0,0.2),0px 1px 1px 0px rgba(0,0,0,0.14),0px 1px 3px 0px rgba(0,0,0,0.12);"[39m
  [36m/>[39m

  Name "Change Item 398":
  [36m<article[39m
    [33maria-labelledby[39m=[32m"change-item-397-heading"[39m
    [33mclass[39m=[32m"MuiPaper-root MuiPaper-elevation MuiPaper-rounded MuiPaper-elevation1 css-fw7llw-MuiPaper-root"[39m
    [33mstyle[39m=[32m"--Paper-shadow: 0px 2px 1px -1px rgba(0,0,0,0.2),0px 1px 1px 0px rgba(0,0,0,0.14),0px 1px 3px 0px rgba(0,0,0,0.12);"[39m
  [36m/>[39m

  Name "Change Item 399":
  [36m<article[39m
    [33maria-labelledby[39m=[32m"change-item-398-heading"[39m
    [33mclass[39m=[32m"MuiPaper-root MuiPaper-elevation MuiPaper-rounded MuiPaper-elevation1 css-fw7llw-MuiPaper-root"[39m
    [33mstyle[39m=[32m"--Paper-shadow: 0px 2px 1px -1px rgba(0,0,0,0.2),0px 1px 1px 0px rgba(0,0,0,0.14),0px 1px 3px 0px rgba(0,0,0,0.12);"[39m
  [36m/>[39m

  Name "Change Item 400":
  [36m<article[39m
    [33maria-labelledby[39m=[32m"change-item-399-heading"[39m
    [33mclass[39m=[32m"MuiPaper-root MuiPaper-elevation MuiPaper-rounded MuiPaper-elevation1 css-fw7llw-MuiPaper-root"[39m
    [33mstyle[39m=[32m"--Paper-shadow: 0px 2px 1px -1px rgba(0,0,0,0.2),0px 1px 1px 0px rgba(0,0,0,0.14),0px 1px 3px 0px rgba(0,0,0,0.12);"[39m
  [36m/>[39m

  Name "Change Item 401":
  [36m<article[39m
    [33maria-labelledby[39m=[32m"change-item-400-heading"[39m
    [33mclass[39m=[32m"MuiPaper-root MuiPaper-elevation MuiPaper-rounded MuiPaper-elevation1 css-fw7llw-MuiPaper-root"[39m
    [33mstyle[39m=[32m"--Paper-shadow: 0px 2px 1px -1px rgba(0,0,0,0.2),0px 1px 1px 0px rgba(0,0,0,0.14),0px 1px 3px 0px rgba(0,0,0,0.12);"[39m
  [36m/>[39m

  Name "Change Item 402":
  [36m<article[39m
    [33maria-labelledby[39m=[32m"change-item-401-heading"[39m
    [33mclass[39m=[32m"MuiPaper-root MuiPaper-elevation MuiPaper-rounded MuiPaper-elevation1 css-fw7llw-MuiPaper-root"[39m
    [33mstyle[39m=[32m"--Paper-shadow: 0px 2px 1px -1px rgba(0,0,0,0.2),0px 1px 1px 0px rgba(0,0,0,0.14),0px 1px 3px 0px rgba(0,0,0,0.12);"[39m
  [36m/>[39m

  Name "Change Item 403":
  [36m<article[39m
    [33maria-labelledby[39m=[32m"change-item-402-heading"[39m
    [33mclass[39m=[32m"MuiPaper-root MuiPaper-elevation MuiPaper-rounded MuiPaper-elevation1 css-fw7llw-MuiPaper-root"[39m
    [33mstyle[39m=[32m"--Paper-shadow: 0px 2px 1px -1px rgba(0,0,0,0.2),0px 1px 1px 0px rgba(0,0,0,0.14),0px 1px 3px 0px rgba(0,0,0,0.12);"[39m
  [36m/>[39m

  Name "Change Item 404":
  [36m<article[39m
    [33maria-labelledby[39m=[32m"change-item-403-heading"[39m
    [33mclass[39m=[32m"MuiPaper-root MuiPaper-elevation MuiPaper-rounded MuiPaper-elevation1 css-fw7llw-MuiPaper-root"[39m
    [33mstyle[39m=[32m"--Paper-shadow: 0px 2px 1px -1px rgba(0,0,0,0.2),0px 1px 1px 0px rgba(0,0,0,0.14),0px 1px 3px 0px rgba(0,0,0,0.12);"[39m
  [36m/>[39m

  Name "Change Item 405":
  [36m<article[39m
    [33maria-labelledby[39m=[32m"change-item-404-heading"[39m
    [33mclass[39m=[32m"MuiPaper-root MuiPaper-elevation MuiPaper-rounded MuiPaper-elevation1 css-fw7llw-MuiPaper-root"[39m
    [33mstyle[39m=[32m"--Paper-shadow: 0px 2px 1px -1px rgba(0,0,0,0.2),0px 1px 1px 0px rgba(0,0,0,0.14),0px 1px 3px 0px rgba(0,0,0,0.12);"[39m
  [36m/>[39m

  Name "Change Item 406":
  [36m<article[39m
    [33maria-labelledby[39m=[32m"change-item-405-heading"[39m
    [33mclass[39m=[32m"MuiPaper-root MuiPaper-elevation MuiPaper-rounded MuiPaper-elevation1 css-fw7llw-MuiPaper-root"[39m
    [33mstyle[39m=[32m"--Paper-shadow: 0px 2px 1px -1px rgba(0,0,0,0.2),0px 1px 1px 0px rgba(0,0,0,0.14),0px 1px 3px 0px rgba(0,0,0,0.12);"[39m
  [36m/>[39m

  Name "Change Item 407":
  [36m<article[39m
    [33maria-labelledby[39m=[32m"change-item-406-heading"[39m
    [33mclass[39m=[32m"MuiPaper-root MuiPaper-elevation MuiPaper-rounded MuiPaper-elevation1 css-fw7llw-MuiPaper-root"[39m
    [33mstyle[39m=[32m"--Paper-shadow: 0px 2px 1px -1px rgba(0,0,0,0.2),0px 1px 1px 0px rgba(0,0,0,0.14),0px 1px 3px 0px rgba(0,0,0,0.12);"[39m
  [36m/>[39m

  Name "Change Item 408":
  [36m<article[39m
    [33maria-labelledby[39m=[32m"change-item-407-heading"[39m
    [33mclass[39m=[32m"MuiPaper-root MuiPaper-elevation MuiPaper-rounded MuiPaper-elevation1 css-fw7llw-MuiPaper-root"[39m
    [33mstyle[39m=[32m"--Paper-shadow: 0px 2px 1px -1px rgba(0,0,0,0.2),0px 1px 1px 0px rgba(0,0,0,0.14),0px 1px 3px 0px rgba(0,0,0,0.12);"[39m
  [36m/>[39m

  Name "Change Item 409":
  [36m<article[39m
    [33maria-labelledby[39m=[32m"change-item-408-heading"[39m
    [33mclass[39m=[32m"MuiPaper-root MuiPaper-elevation MuiPaper-rounded MuiPaper-elevation1 css-fw7llw-MuiPaper-root"[39m
    [33mstyle[39m=[32m"--Paper-shadow: 0px 2px 1px -1px rgba(0,0,0,0.2),0px 1px 1px 0px rgba(0,0,0,0.14),0px 1px 3px 0px rgba(0,0,0,0.12);"[39m
  [36m/>[39m

  Name "Change Item 410":
  [36m<article[39m
    [33maria-labelledby[39m=[32m"change-item-409-heading"[39m
    [33mclass[39m=[32m"MuiPaper-root MuiPaper-elevation MuiPaper-rounded MuiPaper-elevation1 css-fw7llw-MuiPaper-root"[39m
    [33mstyle[39m=[32m"--Paper-shadow: 0px 2px 1px -1px rgba(0,0,0,0.2),0px 1px 1px 0px rgba(0,0,0,0.14),0px 1px 3px 0px rgba(0,0,0,0.12);"[39m
  [36m/>[39m

  Name "Change Item 411":
  [36m<article[39m
    [33maria-labelledby[39m=[32m"change-item-410-heading"[39m
    [33mclass[39m=[32m"MuiPaper-root MuiPaper-elevation MuiPaper-rounded MuiPaper-elevation1 css-fw7llw-MuiPaper-root"[39m
    [33mstyle[39m=[32m"--Paper-shadow: 0px 2px 1px -1px rgba(0,0,0,0.2),0px 1px 1px 0px rgba(0,0,0,0.14),0px 1px 3px 0px rgba(0,0,0,0.12);"[39m
  [36m/>[39m

  Name "Change Item 412":
  [36m<article[39m
    [33maria-labelledby[39m=[32m"change-item-411-heading"[39m
    [33mclass[39m=[32m"MuiPaper-root MuiPaper-elevation MuiPaper-rounded MuiPaper-elevation1 css-fw7llw-MuiPaper-root"[39m
    [33mstyle[39m=[32m"--Paper-shadow: 0px 2px 1px -1px rgba(0,0,0,0.2),0px 1px 1px 0px rgba(0,0,0,0.14),0px 1px 3px 0px rgba(0,0,0,0.12);"[39m
  [36m/>[39m

  Name "Change Item 413":
  [36m<article[39m
    [33maria-labelledby[39m=[32m"change-item-412-heading"[39m
    [33mclass[39m=[32m"MuiPaper-root MuiPaper-elevation MuiPaper-rounded MuiPaper-elevation1 css-fw7llw-MuiPaper-root"[39m
    [33mstyle[39m=[32m"--Paper-shadow: 0px 2px 1px -1px rgba(0,0,0,0.2),0px 1px 1px 0px rgba(0,0,0,0.14),0px 1px 3px 0px rgba(0,0,0,0.12);"[39m
  [36m/>[39m

  Name "Change Item 414":
  [36m<article[39m
    [33maria-labelledby[39m=[32m"change-item-413-heading"[39m
    [33mclass[39m=[32m"MuiPaper-root MuiPaper-elevation MuiPaper-rounded MuiPaper-elevation1 css-fw7llw-MuiPaper-root"[39m
    [33mstyle[39m=[32m"--Paper-shadow: 0px 2px 1px -1px rgba(0,0,0,0.2),0px 1px 1px 0px rgba(0,0,0,0.14),0px 1px 3px 0px rgba(0,0,0,0.12);"[39m
  [36m/>[39m

  Name "Change Item 415":
  [36m<article[39m
    [33maria-labelledby[39m=[32m"change-item-414-heading"[39m
    [33mclass[39m=[32m"MuiPaper-root MuiPaper-elevation MuiPaper-rounded MuiPaper-elevation1 css-fw7llw-MuiPaper-root"[39m
    [33mstyle[39m=[32m"--Paper-shadow: 0px 2px 1px -1px rgba(0,0,0,0.2),0px 1px 1px 0px rgba(0,0,0,0.14),0px 1px 3px 0px rgba(0,0,0,0.12);"[39m
  [36m/>[39m

  Name "Change Item 416":
  [36m<article[39m
    [33maria-labelledby[39m=[32m"change-item-415-heading"[39m
    [33mclass[39m=[32m"MuiPaper-root MuiPaper-elevation MuiPaper-rounded MuiPaper-elevation1 css-fw7llw-MuiPaper-root"[39m
    [33mstyle[39m=[32m"--Paper-shadow: 0px 2px 1px -1px rgba(0,0,0,0.2),0px 1px 1px 0px rgba(0,0,0,0.14),0px 1px 3px 0px rgba(0,0,0,0.12);"[39m
  [36m/>[39m

  Name "Change Item 417":
  [36m<article[39m
    [33maria-labelledby[39m=[32m"change-item-416-heading"[39m
    [33mclass[39m=[32m"MuiPaper-root MuiPaper-elevation MuiPaper-rounded MuiPaper-elevation1 css-fw7llw-MuiPaper-root"[39m
    [33mstyle[39m=[32m"--Paper-shadow: 0px 2px 1px -1px rgba(0,0,0,0.2),0px 1px 1px 0px rgba(0,0,0,0.14),0px 1px 3px 0px rgba(0,0,0,0.12);"[39m
  [36m/>[39m

  Name "Change Item 418":
  [36m<article[39m
    [33maria-labelledby[39m=[32m"change-item-417-heading"[39m
    [33mclass[39m=[32m"MuiPaper-root MuiPaper-elevation MuiPaper-rounded MuiPaper-elevation1 css-fw7llw-MuiPaper-root"[39m
    [33mstyle[39m=[32m"--Paper-shadow: 0px 2px 1px -1px rgba(0,0,0,0.2),0px 1px 1px 0px rgba(0,0,0,0.14),0px 1px 3px 0px rgba(0,0,0,0.12);"[39m
  [36m/>[39m

  Name "Change Item 419":
  [36m<article[39m
    [33maria-labelledby[39m=[32m"change-item-418-heading"[39m
    [33mclass[39m=[32m"MuiPaper-root MuiPaper-elevation MuiPaper-rounded MuiPaper-elevation1 css-fw7llw-MuiPaper-root"[39m
    [33mstyle[39m=[32m"--Paper-shadow: 0px 2px 1px -1px rgba(0,0,0,0.2),0px 1px 1px 0px rgba(0,0,0,0.14),0px 1px 3px 0px rgba(0,0,0,0.12);"[39m
  [36m/>[39m

  Name "Change Item 420":
  [36m<article[39m
    [33maria-labelledby[39m=[32m"change-item-419-heading"[39m
    [33mclass[39m=[32m"MuiPaper-root MuiPaper-elevation MuiPaper-rounded MuiPaper-elevation1 css-fw7llw-MuiPaper-root"[39m
    [33mstyle[39m=[32m"--Paper-shadow: 0px 2px 1px -1px rgba(0,0,0,0.2),0px 1px 1px 0px rgba(0,0,0,0.14),0px 1px 3px 0px rgba(0,0,0,0.12);"[39m
  [36m/>[39m

  Name "Change Item 421":
  [36m<article[39m
    [33maria-labelledby[39m=[32m"change-item-420-heading"[39m
    [33mclass[39m=[32m"MuiPaper-root MuiPaper-elevation MuiPaper-rounded MuiPaper-elevation1 css-fw7llw-MuiPaper-root"[39m
    [33mstyle[39m=[32m"--Paper-shadow: 0px 2px 1px -1px rgba(0,0,0,0.2),0px 1px 1px 0px rgba(0,0,0,0.14),0px 1px 3px 0px rgba(0,0,0,0.12);"[39m
  [36m/>[39m

  Name "Change Item 422":
  [36m<article[39m
    [33maria-labelledby[39m=[32m"change-item-421-heading"[39m
    [33mclass[39m=[32m"MuiPaper-root MuiPaper-elevation MuiPaper-rounded MuiPaper-elevation1 css-fw7llw-MuiPaper-root"[39m
    [33mstyle[39m=[32m"--Paper-shadow: 0px 2px 1px -1px rgba(0,0,0,0.2),0px 1px 1px 0px rgba(0,0,0,0.14),0px 1px 3px 0px rgba(0,0,0,0.12);"[39m
  [36m/>[39m

  Name "Change Item 423":
  [36m<article[39m
    [33maria-labelledby[39m=[32m"change-item-422-heading"[39m
    [33mclass[39m=[32m"MuiPaper-root MuiPaper-elevation MuiPaper-rounded MuiPaper-elevation1 css-fw7llw-MuiPaper-root"[39m
    [33mstyle[39m=[32m"--Paper-shadow: 0px 2px 1px -1px rgba(0,0,0,0.2),0px 1px 1px 0px rgba(0,0,0,0.14),0px 1px 3px 0px rgba(0,0,0,0.12);"[39m
  [36m/>[39m

  Name "Change Item 424":
  [36m<article[39m
    [33maria-labelledby[39m=[32m"change-item-423-heading"[39m
    [33mclass[39m=[32m"MuiPaper-root MuiPaper-elevation MuiPaper-rounded MuiPaper-elevation1 css-fw7llw-MuiPaper-root"[39m
    [33mstyle[39m=[32m"--Paper-shadow: 0px 2px 1px -1px rgba(0,0,0,0.2),0px 1px 1px 0px rgba(0,0,0,0.14),0px 1px 3px 0px rgba(0,0,0,0.12);"[39m
  [36m/>[39m

  Name "Change Item 425":
  [36m<article[39m
    [33maria-labelledby[39m=[32m"change-item-424-heading"[39m
    [33mclass[39m=[32m"MuiPaper-root MuiPaper-elevation MuiPaper-rounded MuiPaper-elevation1 css-fw7llw-MuiPaper-root"[39m
    [33mstyle[39m=[32m"--Paper-shadow: 0px 2px 1px -1px rgba(0,0,0,0.2),0px 1px 1px 0px rgba(0,0,0,0.14),0px 1px 3px 0px rgba(0,0,0,0.12);"[39m
  [36m/>[39m

  Name "Change Item 426":
  [36m<article[39m
    [33maria-labelledby[39m=[32m"change-item-425-heading"[39m
    [33mclass[39m=[32m"MuiPaper-root MuiPaper-elevation MuiPaper-rounded MuiPaper-elevation1 css-fw7llw-MuiPaper-root"[39m
    [33mstyle[39m=[32m"--Paper-shadow: 0px 2px 1px -1px rgba(0,0,0,0.2),0px 1px 1px 0px rgba(0,0,0,0.14),0px 1px 3px 0px rgba(0,0,0,0.12);"[39m
  [36m/>[39m

  Name "Change Item 427":
  [36m<article[39m
    [33maria-labelledby[39m=[32m"change-item-426-heading"[39m
    [33mclass[39m=[32m"MuiPaper-root MuiPaper-elevation MuiPaper-rounded MuiPaper-elevation1 css-fw7llw-MuiPaper-root"[39m
    [33mstyle[39m=[32m"--Paper-shadow: 0px 2px 1px -1px rgba(0,0,0,0.2),0px 1px 1px 0px rgba(0,0,0,0.14),0px 1px 3px 0px rgba(0,0,0,0.12);"[39m
  [36m/>[39m

  Name "Change Item 428":
  [36m<article[39m
    [33maria-labelledby[39m=[32m"change-item-427-heading"[39m
    [33mclass[39m=[32m"MuiPaper-root MuiPaper-elevation MuiPaper-rounded MuiPaper-elevation1 css-fw7llw-MuiPaper-root"[39m
    [33mstyle[39m=[32m"--Paper-shadow: 0px 2px 1px -1px rgba(0,0,0,0.2),0px 1px 1px 0px rgba(0,0,0,0.14),0px 1px 3px 0px rgba(0,0,0,0.12);"[39m
  [36m/>[39m

  Name "Change Item 429":
  [36m<article[39m
    [33maria-labelledby[39m=[32m"change-item-428-heading"[39m
    [33mclass[39m=[32m"MuiPaper-root MuiPaper-elevation MuiPaper-rounded MuiPaper-elevation1 css-fw7llw-MuiPaper-root"[39m
    [33mstyle[39m=[32m"--Paper-shadow: 0px 2px 1px -1px rgba(0,0,0,0.2),0px 1px 1px 0px rgba(0,0,0,0.14),0px 1px 3px 0px rgba(0,0,0,0.12);"[39m
  [36m/>[39m

  Name "Change Item 430":
  [36m<article[39m
    [33maria-labelledby[39m=[32m"change-item-429-heading"[39m
    [33mclass[39m=[32m"MuiPaper-root MuiPaper-elevation MuiPaper-rounded MuiPaper-elevation1 css-fw7llw-MuiPaper-root"[39m
    [33mstyle[39m=[32m"--Paper-shadow: 0px 2px 1px -1px rgba(0,0,0,0.2),0px 1px 1px 0px rgba(0,0,0,0.14),0px 1px 3px 0px rgba(0,0,0,0.12);"[39m
  [36m/>[39m

  Name "Change Item 431":
  [36m<article[39m
    [33maria-labelledby[39m=[32m"change-item-430-heading"[39m
    [33mclass[39m=[32m"MuiPaper-root MuiPaper-elevation MuiPaper-rounded MuiPaper-elevation1 css-fw7llw-MuiPaper-root"[39m
    [33mstyle[39m=[32m"--Paper-shadow: 0px 2px 1px -1px rgba(0,0,0,0.2),0px 1px 1px 0px rgba(0,0,0,0.14),0px 1px 3px 0px rgba(0,0,0,0.12);"[39m
  [36m/>[39m

  Name "Change Item 432":
  [36m<article[39m
    [33maria-labelledby[39m=[32m"change-item-431-heading"[39m
    [33mclass[39m=[32m"MuiPaper-root MuiPaper-elevation MuiPaper-rounded MuiPaper-elevation1 css-fw7llw-MuiPaper-root"[39m
    [33mstyle[39m=[32m"--Paper-shadow: 0px 2px 1px -1px rgba(0,0,0,0.2),0px 1px 1px 0px rgba(0,0,0,0.14),0px 1px 3px 0px rgba(0,0,0,0.12);"[39m
  [36m/>[39m

  Name "Change Item 433":
  [36m<article[39m
    [33maria-labelledby[39m=[32m"change-item-432-heading"[39m
    [33mclass[39m=[32m"MuiPaper-root MuiPaper-elevation MuiPaper-rounded MuiPaper-elevation1 css-fw7llw-MuiPaper-root"[39m
    [33mstyle[39m=[32m"--Paper-shadow: 0px 2px 1px -1px rgba(0,0,0,0.2),0px 1px 1px 0px rgba(0,0,0,0.14),0px 1px 3px 0px rgba(0,0,0,0.12);"[39m
  [36m/>[39m

  Name "Change Item 434":
  [36m<article[39m
    [33maria-labelledby[39m=[32m"change-item-433-heading"[39m
    [33mclass[39m=[32m"MuiPaper-root MuiPaper-elevation MuiPaper-rounded MuiPaper-elevation1 css-fw7llw-MuiPaper-root"[39m
    [33mstyle[39m=[32m"--Paper-shadow: 0px 2px 1px -1px rgba(0,0,0,0.2),0px 1px 1px 0px rgba(0,0,0,0.14),0px 1px 3px 0px rgba(0,0,0,0.12);"[39m
  [36m/>[39m

  Name "Change Item 435":
  [36m<article[39m
    [33maria-labelledby[39m=[32m"change-item-434-heading"[39m
    [33mclass[39m=[32m"MuiPaper-root MuiPaper-elevation MuiPaper-rounded MuiPaper-elevation1 css-fw7llw-MuiPaper-root"[39m
    [33mstyle[39m=[32m"--Paper-shadow: 0px 2px 1px -1px rgba(0,0,0,0.2),0px 1px 1px 0px rgba(0,0,0,0.14),0px 1px 3px 0px rgba(0,0,0,0.12);"[39m
  [36m/>[39m

  Name "Change Item 436":
  [36m<article[39m
    [33maria-labelledby[39m=[32m"change-item-435-heading"[39m
    [33mclass[39m=[32m"MuiPaper-root MuiPaper-elevation MuiPaper-rounded MuiPaper-elevation1 css-fw7llw-MuiPaper-root"[39m
    [33mstyle[39m=[32m"--Paper-shadow: 0px 2px 1px -1px rgba(0,0,0,0.2),0px 1px 1px 0px rgba(0,0,0,0.14),0px 1px 3px 0px rgba(0,0,0,0.12);"[39m
  [36m/>[39m

  Name "Change Item 437":
  [36m<article[39m
    [33maria-labelledby[39m=[32m"change-item-436-heading"[39m
    [33mclass[39m=[32m"MuiPaper-root MuiPaper-elevation MuiPaper-rounded MuiPaper-elevation1 css-fw7llw-MuiPaper-root"[39m
    [33mstyle[39m=[32m"--Paper-shadow: 0px 2px 1px -1px rgba(0,0,0,0.2),0px 1px 1px 0px rgba(0,0,0,0.14),0px 1px 3px 0px rgba(0,0,0,0.12);"[39m
  [36m/>[39m

  Name "Change Item 438":
  [36m<article[39m
    [33maria-labelledby[39m=[32m"change-item-437-heading"[39m
    [33mclass[39m=[32m"MuiPaper-root MuiPaper-elevation MuiPaper-rounded MuiPaper-elevation1 css-fw7llw-MuiPaper-root"[39m
    [33mstyle[39m=[32m"--Paper-shadow: 0px 2px 1px -1px rgba(0,0,0,0.2),0px 1px 1px 0px rgba(0,0,0,0.14),0px 1px 3px 0px rgba(0,0,0,0.12);"[39m
  [36m/>[39m

  Name "Change Item 439":
  [36m<article[39m
    [33maria-labelledby[39m=[32m"change-item-438-heading"[39m
    [33mclass[39m=[32m"MuiPaper-root MuiPaper-elevation MuiPaper-rounded MuiPaper-elevation1 css-fw7llw-MuiPaper-root"[39m
    [33mstyle[39m=[32m"--Paper-shadow: 0px 2px 1px -1px rgba(0,0,0,0.2),0px 1px 1px 0px rgba(0,0,0,0.14),0px 1px 3px 0px rgba(0,0,0,0.12);"[39m
  [36m/>[39m

  Name "Change Item 440":
  [36m<article[39m
    [33maria-labelledby[39m=[32m"change-item-439-heading"[39m
    [33mclass[39m=[32m"MuiPaper-root MuiPaper-elevation MuiPaper-rounded MuiPaper-elevation1 css-fw7llw-MuiPaper-root"[39m
    [33mstyle[39m=[32m"--Paper-shadow: 0px 2px 1px -1px rgba(0,0,0,0.2),0px 1px 1px 0px rgba(0,0,0,0.14),0px 1px 3px 0px rgba(0,0,0,0.12);"[39m
  [36m/>[39m

  Name "Change Item 441":
  [36m<article[39m
    [33maria-labelledby[39m=[32m"change-item-440-heading"[39m
    [33mclass[39m=[32m"MuiPaper-root MuiPaper-elevation MuiPaper-rounded MuiPaper-elevation1 css-fw7llw-MuiPaper-root"[39m
    [33mstyle[39m=[32m"--Paper-shadow: 0px 2px 1px -1px rgba(0,0,0,0.2),0px 1px 1px 0px rgba(0,0,0,0.14),0px 1px 3px 0px rgba(0,0,0,0.12);"[39m
  [36m/>[39m

  Name "Change Item 442":
  [36m<article[39m
    [33maria-labelledby[39m=[32m"change-item-441-heading"[39m
    [33mclass[39m=[32m"MuiPaper-root MuiPaper-elevation MuiPaper-rounded MuiPaper-elevation1 css-fw7llw-MuiPaper-root"[39m
    [33mstyle[39m=[32m"--Paper-shadow: 0px 2px 1px -1px rgba(0,0,0,0.2),0px 1px 1px 0px rgba(0,0,0,0.14),0px 1px 3px 0px rgba(0,0,0,0.12);"[39m
  [36m/>[39m

  Name "Change Item 443":
  [36m<article[39m
    [33maria-labelledby[39m=[32m"change-item-442-heading"[39m
    [33mclass[39m=[32m"MuiPaper-root MuiPaper-elevation MuiPaper-rounded MuiPaper-elevation1 css-fw7llw-MuiPaper-root"[39m
    [33mstyle[39m=[32m"--Paper-shadow: 0px 2px 1px -1px rgba(0,0,0,0.2),0px 1px 1px 0px rgba(0,0,0,0.14),0px 1px 3px 0px rgba(0,0,0,0.12);"[39m
  [36m/>[39m

  Name "Change Item 444":
  [36m<article[39m
    [33maria-labelledby[39m=[32m"change-item-443-heading"[39m
    [33mclass[39m=[32m"MuiPaper-root MuiPaper-elevation MuiPaper-rounded MuiPaper-elevation1 css-fw7llw-MuiPaper-root"[39m
    [33mstyle[39m=[32m"--Paper-shadow: 0px 2px 1px -1px rgba(0,0,0,0.2),0px 1px 1px 0px rgba(0,0,0,0.14),0px 1px 3px 0px rgba(0,0,0,0.12);"[39m
  [36m/>[39m

  Name "Change Item 445":
  [36m<article[39m
    [33maria-labelledby[39m=[32m"change-item-444-heading"[39m
    [33mclass[39m=[32m"MuiPaper-root MuiPaper-elevation MuiPaper-rounded MuiPaper-elevation1 css-fw7llw-MuiPaper-root"[39m
    [33mstyle[39m=[32m"--Paper-shadow: 0px 2px 1px -1px rgba(0,0,0,0.2),0px 1px 1px 0px rgba(0,0,0,0.14),0px 1px 3px 0px rgba(0,0,0,0.12);"[39m
  [36m/>[39m

  Name "Change Item 446":
  [36m<article[39m
    [33maria-labelledby[39m=[32m"change-item-445-heading"[39m
    [33mclass[39m=[32m"MuiPaper-root MuiPaper-elevation MuiPaper-rounded MuiPaper-elevation1 css-fw7llw-MuiPaper-root"[39m
    [33mstyle[39m=[32m"--Paper-shadow: 0px 2px 1px -1px rgba(0,0,0,0.2),0px 1px 1px 0px rgba(0,0,0,0.14),0px 1px 3px 0px rgba(0,0,0,0.12);"[39m
  [36m/>[39m

  Name "Change Item 447":
  [36m<article[39m
    [33maria-labelledby[39m=[32m"change-item-446-heading"[39m
    [33mclass[39m=[32m"MuiPaper-root MuiPaper-elevation MuiPaper-rounded MuiPaper-elevation1 css-fw7llw-MuiPaper-root"[39m
    [33mstyle[39m=[32m"--Paper-shadow: 0px 2px 1px -1px rgba(0,0,0,0.2),0px 1px 1px 0px rgba(0,0,0,0.14),0px 1px 3px 0px rgba(0,0,0,0.12);"[39m
  [36m/>[39m

  Name "Change Item 448":
  [36m<article[39m
    [33maria-labelledby[39m=[32m"change-item-447-heading"[39m
    [33mclass[39m=[32m"MuiPaper-root MuiPaper-elevation MuiPaper-rounded MuiPaper-elevation1 css-fw7llw-MuiPaper-root"[39m
    [33mstyle[39m=[32m"--Paper-shadow: 0px 2px 1px -1px rgba(0,0,0,0.2),0px 1px 1px 0px rgba(0,0,0,0.14),0px 1px 3px 0px rgba(0,0,0,0.12);"[39m
  [36m/>[39m

  Name "Change Item 449":
  [36m<article[39m
    [33maria-labelledby[39m=[32m"change-item-448-heading"[39m
    [33mclass[39m=[32m"MuiPaper-root MuiPaper-elevation MuiPaper-rounded MuiPaper-elevation1 css-fw7llw-MuiPaper-root"[39m
    [33mstyle[39m=[32m"--Paper-shadow: 0px 2px 1px -1px rgba(0,0,0,0.2),0px 1px 1px 0px rgba(0,0,0,0.14),0px 1px 3px 0px rgba(0,0,0,0.12);"[39m
  [36m/>[39m

  Name "Change Item 450":
  [36m<article[39m
    [33maria-labelledby[39m=[32m"change-item-449-heading"[39m
    [33mclass[39m=[32m"MuiPaper-root MuiPaper-elevation MuiPaper-rounded MuiPaper-elevation1 css-fw7llw-MuiPaper-root"[39m
    [33mstyle[39m=[32m"--Paper-shadow: 0px 2px 1px -1px rgba(0,0,0,0.2),0px 1px 1px 0px rgba(0,0,0,0.14),0px 1px 3px 0px rgba(0,0,0,0.12);"[39m
  [36m/>[39m

  Name "Change Item 451":
  [36m<article[39m
    [33maria-labelledby[39m=[32m"change-item-450-heading"[39m
    [33mclass[39m=[32m"MuiPaper-root MuiPaper-elevation MuiPaper-rounded MuiPaper-elevation1 css-fw7llw-MuiPaper-root"[39m
    [33mstyle[39m=[32m"--Paper-shadow: 0px 2px 1px -1px rgba(0,0,0,0.2),0px 1px 1px 0px rgba(0,0,0,0.14),0px 1px 3px 0px rgba(0,0,0,0.12);"[39m
  [36m/>[39m

  Name "Change Item 452":
  [36m<article[39m
    [33maria-labelledby[39m=[32m"change-item-451-heading"[39m
    [33mclass[39m=[32m"MuiPaper-root MuiPaper-elevation MuiPaper-rounded MuiPaper-elevation1 css-fw7llw-MuiPaper-root"[39m
    [33mstyle[39m=[32m"--Paper-shadow: 0px 2px 1px -1px rgba(0,0,0,0.2),0px 1px 1px 0px rgba(0,0,0,0.14),0px 1px 3px 0px rgba(0,0,0,0.12);"[39m
  [36m/>[39m

  Name "Change Item 453":
  [36m<article[39m
    [33maria-labelledby[39m=[32m"change-item-452-heading"[39m
    [33mclass[39m=[32m"MuiPaper-root MuiPaper-elevation MuiPaper-rounded MuiPaper-elevation1 css-fw7llw-MuiPaper-root"[39m
    [33mstyle[39m=[32m"--Paper-shadow: 0px 2px 1px -1px rgba(0,0,0,0.2),0px 1px 1px 0px rgba(0,0,0,0.14),0px 1px 3px 0px rgba(0,0,0,0.12);"[39m
  [36m/>[39m

  Name "Change Item 454":
  [36m<article[39m
    [33maria-labelledby[39m=[32m"change-item-453-heading"[39m
    [33mclass[39m=[32m"MuiPaper-root MuiPaper-elevation MuiPaper-rounded MuiPaper-elevation1 css-fw7llw-MuiPaper-root"[39m
    [33mstyle[39m=[32m"--Paper-shadow: 0px 2px 1px -1px rgba(0,0,0,0.2),0px 1px 1px 0px rgba(0,0,0,0.14),0px 1px 3px 0px rgba(0,0,0,0.12);"[39m
  [36m/>[39m

  Name "Change Item 455":
  [36m<article[39m
    [33maria-labelledby[39m=[32m"change-item-454-heading"[39m
    [33mclass[39m=[32m"MuiPaper-root MuiPaper-elevation MuiPaper-rounded MuiPaper-elevation1 css-fw7llw-MuiPaper-root"[39m
    [33mstyle[39m=[32m"--Paper-shadow: 0px 2px 1px -1px rgba(0,0,0,0.2),0px 1px 1px 0px rgba(0,0,0,0.14),0px 1px 3px 0px rgba(0,0,0,0.12);"[39m
  [36m/>[39m

  Name "Change Item 456":
  [36m<article[39m
    [33maria-labelledby[39m=[32m"change-item-455-heading"[39m
    [33mclass[39m=[32m"MuiPaper-root MuiPaper-elevation MuiPaper-rounded MuiPaper-elevation1 css-fw7llw-MuiPaper-root"[39m
    [33mstyle[39m=[32m"--Paper-shadow: 0px 2px 1px -1px rgba(0,0,0,0.2),0px 1px 1px 0px rgba(0,0,0,0.14),0px 1px 3px 0px rgba(0,0,0,0.12);"[39m
  [36m/>[39m

  Name "Change Item 457":
  [36m<article[39m
    [33maria-labelledby[39m=[32m"change-item-456-heading"[39m
    [33mclass[39m=[32m"MuiPaper-root MuiPaper-elevation MuiPaper-rounded MuiPaper-elevation1 css-fw7llw-MuiPaper-root"[39m
    [33mstyle[39m=[32m"--Paper-shadow: 0px 2px 1px -1px rgba(0,0,0,0.2),0px 1px 1px 0px rgba(0,0,0,0.14),0px 1px 3px 0px rgba(0,0,0,0.12);"[39m
  [36m/>[39m

  Name "Change Item 458":
  [36m<article[39m
    [33maria-labelledby[39m=[32m"change-item-457-heading"[39m
    [33mclass[39m=[32m"MuiPaper-root MuiPaper-elevation MuiPaper-rounded MuiPaper-elevation1 css-fw7llw-MuiPaper-root"[39m
    [33mstyle[39m=[32m"--Paper-shadow: 0px 2px 1px -1px rgba(0,0,0,0.2),0px 1px 1px 0px rgba(0,0,0,0.14),0px 1px 3px 0px rgba(0,0,0,0.12);"[39m
  [36m/>[39m

  Name "Change Item 459":
  [36m<article[39m
    [33maria-labelledby[39m=[32m"change-item-458-heading"[39m
    [33mclass[39m=[32m"MuiPaper-root MuiPaper-elevation MuiPaper-rounded MuiPaper-elevation1 css-fw7llw-MuiPaper-root"[39m
    [33mstyle[39m=[32m"--Paper-shadow: 0px 2px 1px -1px rgba(0,0,0,0.2),0px 1px 1px 0px rgba(0,0,0,0.14),0px 1px 3px 0px rgba(0,0,0,0.12);"[39m
  [36m/>[39m

  Name "Change Item 460":
  [36m<article[39m
    [33maria-labelledby[39m=[32m"change-item-459-heading"[39m
    [33mclass[39m=[32m"MuiPaper-root MuiPaper-elevation MuiPaper-rounded MuiPaper-elevation1 css-fw7llw-MuiPaper-root"[39m
    [33mstyle[39m=[32m"--Paper-shadow: 0px 2px 1px -1px rgba(0,0,0,0.2),0px 1px 1px 0px rgba(0,0,0,0.14),0px 1px 3px 0px rgba(0,0,0,0.12);"[39m
  [36m/>[39m

  Name "Change Item 461":
  [36m<article[39m
    [33maria-labelledby[39m=[32m"change-item-460-heading"[39m
    [33mclass[39m=[32m"MuiPaper-root MuiPaper-elevation MuiPaper-rounded MuiPaper-elevation1 css-fw7llw-MuiPaper-root"[39m
    [33mstyle[39m=[32m"--Paper-shadow: 0px 2px 1px -1px rgba(0,0,0,0.2),0px 1px 1px 0px rgba(0,0,0,0.14),0px 1px 3px 0px rgba(0,0,0,0.12);"[39m
  [36m/>[39m

  Name "Change Item 462":
  [36m<article[39m
    [33maria-labelledby[39m=[32m"change-item-461-heading"[39m
    [33mclass[39m=[32m"MuiPaper-root MuiPaper-elevation MuiPaper-rounded MuiPaper-elevation1 css-fw7llw-MuiPaper-root"[39m
    [33mstyle[39m=[32m"--Paper-shadow: 0px 2px 1px -1px rgba(0,0,0,0.2),0px 1px 1px 0px rgba(0,0,0,0.14),0px 1px 3px 0px rgba(0,0,0,0.12);"[39m
  [36m/>[39m

  Name "Change Item 463":
  [36m<article[39m
    [33maria-labelledby[39m=[32m"change-item-462-heading"[39m
    [33mclass[39m=[32m"MuiPaper-root MuiPaper-elevation MuiPaper-rounded MuiPaper-elevation1 css-fw7llw-MuiPaper-root"[39m
    [33mstyle[39m=[32m"--Paper-shadow: 0px 2px 1px -1px rgba(0,0,0,0.2),0px 1px 1px 0px rgba(0,0,0,0.14),0px 1px 3px 0px rgba(0,0,0,0.12);"[39m
  [36m/>[39m

  Name "Change Item 464":
  [36m<article[39m
    [33maria-labelledby[39m=[32m"change-item-463-heading"[39m
    [33mclass[39m=[32m"MuiPaper-root MuiPaper-elevation MuiPaper-rounded MuiPaper-elevation1 css-fw7llw-MuiPaper-root"[39m
    [33mstyle[39m=[32m"--Paper-shadow: 0px 2px 1px -1px rgba(0,0,0,0.2),0px 1px 1px 0px rgba(0,0,0,0.14),0px 1px 3px 0px rgba(0,0,0,0.12);"[39m
  [36m/>[39m

  Name "Change Item 465":
  [36m<article[39m
    [33maria-labelledby[39m=[32m"change-item-464-heading"[39m
    [33mclass[39m=[32m"MuiPaper-root MuiPaper-elevation MuiPaper-rounded MuiPaper-elevation1 css-fw7llw-MuiPaper-root"[39m
    [33mstyle[39m=[32m"--Paper-shadow: 0px 2px 1px -1px rgba(0,0,0,0.2),0px 1px 1px 0px rgba(0,0,0,0.14),0px 1px 3px 0px rgba(0,0,0,0.12);"[39m
  [36m/>[39m

  Name "Change Item 466":
  [36m<article[39m
    [33maria-labelledby[39m=[32m"change-item-465-heading"[39m
    [33mclass[39m=[32m"MuiPaper-root MuiPaper-elevation MuiPaper-rounded MuiPaper-elevation1 css-fw7llw-MuiPaper-root"[39m
    [33mstyle[39m=[32m"--Paper-shadow: 0px 2px 1px -1px rgba(0,0,0,0.2),0px 1px 1px 0px rgba(0,0,0,0.14),0px 1px 3px 0px rgba(0,0,0,0.12);"[39m
  [36m/>[39m

  Name "Change Item 467":
  [36m<article[39m
    [33maria-labelledby[39m=[32m"change-item-466-heading"[39m
    [33mclass[39m=[32m"MuiPaper-root MuiPaper-elevation MuiPaper-rounded MuiPaper-elevation1 css-fw7llw-MuiPaper-root"[39m
    [33mstyle[39m=[32m"--Paper-shadow: 0px 2px 1px -1px rgba(0,0,0,0.2),0px 1px 1px 0px rgba(0,0,0,0.14),0px 1px 3px 0px rgba(0,0,0,0.12);"[39m
  [36m/>[39m

  Name "Change Item 468":
  [36m<article[39m
    [33maria-labelledby[39m=[32m"change-item-467-heading"[39m
    [33mclass[39m=[32m"MuiPaper-root MuiPaper-elevation MuiPaper-rounded MuiPaper-elevation1 css-fw7llw-MuiPaper-root"[39m
    [33mstyle[39m=[32m"--Paper-shadow: 0px 2px 1px -1px rgba(0,0,0,0.2),0px 1px 1px 0px rgba(0,0,0,0.14),0px 1px 3px 0px rgba(0,0,0,0.12);"[39m
  [36m/>[39m

  Name "Change Item 469":
  [36m<article[39m
    [33maria-labelledby[39m=[32m"change-item-468-heading"[39m
    [33mclass[39m=[32m"MuiPaper-root MuiPaper-elevation MuiPaper-rounded MuiPaper-elevation1 css-fw7llw-MuiPaper-root"[39m
    [33mstyle[39m=[32m"--Paper-shadow: 0px 2px 1px -1px rgba(0,0,0,0.2),0px 1px 1px 0px rgba(0,0,0,0.14),0px 1px 3px 0px rgba(0,0,0,0.12);"[39m
  [36m/>[39m

  Name "Change Item 470":
  [36m<article[39m
    [33maria-labelledby[39m=[32m"change-item-469-heading"[39m
    [33mclass[39m=[32m"MuiPaper-root MuiPaper-elevation MuiPaper-rounded MuiPaper-elevation1 css-fw7llw-MuiPaper-root"[39m
    [33mstyle[39m=[32m"--Paper-shadow: 0px 2px 1px -1px rgba(0,0,0,0.2),0px 1px 1px 0px rgba(0,0,0,0.14),0px 1px 3px 0px rgba(0,0,0,0.12);"[39m
  [36m/>[39m

  Name "Change Item 471":
  [36m<article[39m
    [33maria-labelledby[39m=[32m"change-item-470-heading"[39m
    [33mclass[39m=[32m"MuiPaper-root MuiPaper-elevation MuiPaper-rounded MuiPaper-elevation1 css-fw7llw-MuiPaper-root"[39m
    [33mstyle[39m=[32m"--Paper-shadow: 0px 2px 1px -1px rgba(0,0,0,0.2),0px 1px 1px 0px rgba(0,0,0,0.14),0px 1px 3px 0px rgba(0,0,0,0.12);"[39m
  [36m/>[39m

  Name "Change Item 472":
  [36m<article[39m
    [33maria-labelledby[39m=[32m"change-item-471-heading"[39m
    [33mclass[39m=[32m"MuiPaper-root MuiPaper-elevation MuiPaper-rounded MuiPaper-elevation1 css-fw7llw-MuiPaper-root"[39m
    [33mstyle[39m=[32m"--Paper-shadow: 0px 2px 1px -1px rgba(0,0,0,0.2),0px 1px 1px 0px rgba(0,0,0,0.14),0px 1px 3px 0px rgba(0,0,0,0.12);"[39m
  [36m/>[39m

  Name "Change Item 473":
  [36m<article[39m
    [33maria-labelledby[39m=[32m"change-item-472-heading"[39m
    [33mclass[39m=[32m"MuiPaper-root MuiPaper-elevation MuiPaper-rounded MuiPaper-elevation1 css-fw7llw-MuiPaper-root"[39m
    [33mstyle[39m=[32m"--Paper-shadow: 0px 2px 1px -1px rgba(0,0,0,0.2),0px 1px 1px 0px rgba(0,0,0,0.14),0px 1px 3px 0px rgba(0,0,0,0.12);"[39m
  [36m/>[39m

  Name "Change Item 474":
  [36m<article[39m
    [33maria-labelledby[39m=[32m"change-item-473-heading"[39m
    [33mclass[39m=[32m"MuiPaper-root MuiPaper-elevation MuiPaper-rounded MuiPaper-elevation1 css-fw7llw-MuiPaper-root"[39m
    [33mstyle[39m=[32m"--Paper-shadow: 0px 2px 1px -1px rgba(0,0,0,0.2),0px 1px 1px 0px rgba(0,0,0,0.14),0px 1px 3px 0px rgba(0,0,0,0.12);"[39m
  [36m/>[39m

  Name "Change Item 475":
  [36m<article[39m
    [33maria-labelledby[39m=[32m"change-item-474-heading"[39m
    [33mclass[39m=[32m"MuiPaper-root MuiPaper-elevation MuiPaper-rounded MuiPaper-elevation1 css-fw7llw-MuiPaper-root"[39m
    [33mstyle[39m=[32m"--Paper-shadow: 0px 2px 1px -1px rgba(0,0,0,0.2),0px 1px 1px 0px rgba(0,0,0,0.14),0px 1px 3px 0px rgba(0,0,0,0.12);"[39m
  [36m/>[39m

  Name "Change Item 476":
  [36m<article[39m
    [33maria-labelledby[39m=[32m"change-item-475-heading"[39m
    [33mclass[39m=[32m"MuiPaper-root MuiPaper-elevation MuiPaper-rounded MuiPaper-elevation1 css-fw7llw-MuiPaper-root"[39m
    [33mstyle[39m=[32m"--Paper-shadow: 0px 2px 1px -1px rgba(0,0,0,0.2),0px 1px 1px 0px rgba(0,0,0,0.14),0px 1px 3px 0px rgba(0,0,0,0.12);"[39m
  [36m/>[39m

  Name "Change Item 477":
  [36m<article[39m
    [33maria-labelledby[39m=[32m"change-item-476-heading"[39m
    [33mclass[39m=[32m"MuiPaper-root MuiPaper-elevation MuiPaper-rounded MuiPaper-elevation1 css-fw7llw-MuiPaper-root"[39m
    [33mstyle[39m=[32m"--Paper-shadow: 0px 2px 1px -1px rgba(0,0,0,0.2),0px 1px 1px 0px rgba(0,0,0,0.14),0px 1px 3px 0px rgba(0,0,0,0.12);"[39m
  [36m/>[39m

  Name "Change Item 478":
  [36m<article[39m
    [33maria-labelledby[39m=[32m"change-item-477-heading"[39m
    [33mclass[39m=[32m"MuiPaper-root MuiPaper-elevation MuiPaper-rounded MuiPaper-elevation1 css-fw7llw-MuiPaper-root"[39m
    [33mstyle[39m=[32m"--Paper-shadow: 0px 2px 1px -1px rgba(0,0,0,0.2),0px 1px 1px 0px rgba(0,0,0,0.14),0px 1px 3px 0px rgba(0,0,0,0.12);"[39m
  [36m/>[39m

  Name "Change Item 479":
  [36m<article[39m
    [33maria-labelledby[39m=[32m"change-item-478-heading"[39m
    [33mclass[39m=[32m"MuiPaper-root MuiPaper-elevation MuiPaper-rounded MuiPaper-elevation1 css-fw7llw-MuiPaper-root"[39m
    [33mstyle[39m=[32m"--Paper-shadow: 0px 2px 1px -1px rgba(0,0,0,0.2),0px 1px 1px 0px rgba(0,0,0,0.14),0px 1px 3px 0px rgba(0,0,0,0.12);"[39m
  [36m/>[39m

  Name "Change Item 480":
  [36m<article[39m
    [33maria-labelledby[39m=[32m"change-item-479-heading"[39m
    [33mclass[39m=[32m"MuiPaper-root MuiPaper-elevation MuiPaper-rounded MuiPaper-elevation1 css-fw7llw-MuiPaper-root"[39m
    [33mstyle[39m=[32m"--Paper-shadow: 0px 2px 1px -1px rgba(0,0,0,0.2),0px 1px 1px 0px rgba(0,0,0,0.14),0px 1px 3px 0px rgba(0,0,0,0.12);"[39m
  [36m/>[39m

  Name "Change Item 481":
  [36m<article[39m
    [33maria-labelledby[39m=[32m"change-item-480-heading"[39m
    [33mclass[39m=[32m"MuiPaper-root MuiPaper-elevation MuiPaper-rounded MuiPaper-elevation1 css-fw7llw-MuiPaper-root"[39m
    [33mstyle[39m=[32m"--Paper-shadow: 0px 2px 1px -1px rgba(0,0,0,0.2),0px 1px 1px 0px rgba(0,0,0,0.14),0px 1px 3px 0px rgba(0,0,0,0.12);"[39m
  [36m/>[39m

  Name "Change Item 482":
  [36m<article[39m
    [33maria-labelledby[39m=[32m"change-item-481-heading"[39m
    [33mclass[39m=[32m"MuiPaper-root MuiPaper-elevation MuiPaper-rounded MuiPaper-elevation1 css-fw7llw-MuiPaper-root"[39m
    [33mstyle[39m=[32m"--Paper-shadow: 0px 2px 1px -1px rgba(0,0,0,0.2),0px 1px 1px 0px rgba(0,0,0,0.14),0px 1px 3px 0px rgba(0,0,0,0.12);"[39m
  [36m/>[39m

  Name "Change Item 483":
  [36m<article[39m
    [33maria-labelledby[39m=[32m"change-item-482-heading"[39m
    [33mclass[39m=[32m"MuiPaper-root MuiPaper-elevation MuiPaper-rounded MuiPaper-elevation1 css-fw7llw-MuiPaper-root"[39m
    [33mstyle[39m=[32m"--Paper-shadow: 0px 2px 1px -1px rgba(0,0,0,0.2),0px 1px 1px 0px rgba(0,0,0,0.14),0px 1px 3px 0px rgba(0,0,0,0.12);"[39m
  [36m/>[39m

  Name "Change Item 484":
  [36m<article[39m
    [33maria-labelledby[39m=[32m"change-item-483-heading"[39m
    [33mclass[39m=[32m"MuiPaper-root MuiPaper-elevation MuiPaper-rounded MuiPaper-elevation1 css-fw7llw-MuiPaper-root"[39m
    [33mstyle[39m=[32m"--Paper-shadow: 0px 2px 1px -1px rgba(0,0,0,0.2),0px 1px 1px 0px rgba(0,0,0,0.14),0px 1px 3px 0px rgba(0,0,0,0.12);"[39m
  [36m/>[39m

  Name "Change Item 485":
  [36m<article[39m
    [33maria-labelledby[39m=[32m"change-item-484-heading"[39m
    [33mclass[39m=[32m"MuiPaper-root MuiPaper-elevation MuiPaper-rounded MuiPaper-elevation1 css-fw7llw-MuiPaper-root"[39m
    [33mstyle[39m=[32m"--Paper-shadow: 0px 2px 1px -1px rgba(0,0,0,0.2),0px 1px 1px 0px rgba(0,0,0,0.14),0px 1px 3px 0px rgba(0,0,0,0.12);"[39m
  [36m/>[39m

  Name "Change Item 486":
  [36m<article[39m
    [33maria-labelledby[39m=[32m"change-item-485-heading"[39m
    [33mclass[39m=[32m"MuiPaper-root MuiPaper-elevation MuiPaper-rounded MuiPaper-elevation1 css-fw7llw-MuiPaper-root"[39m
    [33mstyle[39m=[32m"--Paper-shadow: 0px 2px 1px -1px rgba(0,0,0,0.2),0px 1px 1px 0px rgba(0,0,0,0.14),0px 1px 3px 0px rgba(0,0,0,0.12);"[39m
  [36m/>[39m

  Name "Change Item 487":
  [36m<article[39m
    [33maria-labelledby[39m=[32m"change-item-486-heading"[39m
    [33mclass[39m=[32m"MuiPaper-root MuiPaper-elevation MuiPaper-rounded MuiPaper-elevation1 css-fw7llw-MuiPaper-root"[39m
    [33mstyle[39m=[32m"--Paper-shadow: 0px 2px 1px -1px rgba(0,0,0,0.2),0px 1px 1px 0px rgba(0,0,0,0.14),0px 1px 3px 0px rgba(0,0,0,0.12);"[39m
  [36m/>[39m

  Name "Change Item 488":
  [36m<article[39m
    [33maria-labelledby[39m=[32m"change-item-487-heading"[39m
    [33mclass[39m=[32m"MuiPaper-root MuiPaper-elevation MuiPaper-rounded MuiPaper-elevation1 css-fw7llw-MuiPaper-root"[39m
    [33mstyle[39m=[32m"--Paper-shadow: 0px 2px 1px -1px rgba(0,0,0,0.2),0px 1px 1px 0px rgba(0,0,0,0.14),0px 1px 3px 0px rgba(0,0,0,0.12);"[39m
  [36m/>[39m

  Name "Change Item 489":
  [36m<article[39m
    [33maria-labelledby[39m=[32m"change-item-488-heading"[39m
    [33mclass[39m=[32m"MuiPaper-root MuiPaper-elevation MuiPaper-rounded MuiPaper-elevation1 css-fw7llw-MuiPaper-root"[39m
    [33mstyle[39m=[32m"--Paper-shadow: 0px 2px 1px -1px rgba(0,0,0,0.2),0px 1px 1px 0px rgba(0,0,0,0.14),0px 1px 3px 0px rgba(0,0,0,0.12);"[39m
  [36m/>[39m

  Name "Change Item 490":
  [36m<article[39m
    [33maria-labelledby[39m=[32m"change-item-489-heading"[39m
    [33mclass[39m=[32m"MuiPaper-root MuiPaper-elevation MuiPaper-rounded MuiPaper-elevation1 css-fw7llw-MuiPaper-root"[39m
    [33mstyle[39m=[32m"--Paper-shadow: 0px 2px 1px -1px rgba(0,0,0,0.2),0px 1px 1px 0px rgba(0,0,0,0.14),0px 1px 3px 0px rgba(0,0,0,0.12);"[39m
  [36m/>[39m

  Name "Change Item 491":
  [36m<article[39m
    [33maria-labelledby[39m=[32m"change-item-490-heading"[39m
    [33mclass[39m=[32m"MuiPaper-root MuiPaper-elevation MuiPaper-rounded MuiPaper-elevation1 css-fw7llw-MuiPaper-root"[39m
    [33mstyle[39m=[32m"--Paper-shadow: 0px 2px 1px -1px rgba(0,0,0,0.2),0px 1px 1px 0px rgba(0,0,0,0.14),0px 1px 3px 0px rgba(0,0,0,0.12);"[39m
  [36m/>[39m

  Name "Change Item 492":
  [36m<article[39m
    [33maria-labelledby[39m=[32m"change-item-491-heading"[39m
    [33mclass[39m=[32m"MuiPaper-root MuiPaper-elevation MuiPaper-rounded MuiPaper-elevation1 css-fw7llw-MuiPaper-root"[39m
    [33mstyle[39m=[32m"--Paper-shadow: 0px 2px 1px -1px rgba(0,0,0,0.2),0px 1px 1px 0px rgba(0,0,0,0.14),0px 1px 3px 0px rgba(0,0,0,0.12);"[39m
  [36m/>[39m

  Name "Change Item 493":
  [36m<article[39m
    [33maria-labelledby[39m=[32m"change-item-492-heading"[39m
    [33mclass[39m=[32m"MuiPaper-root MuiPaper-elevation MuiPaper-rounded MuiPaper-elevation1 css-fw7llw-MuiPaper-root"[39m
    [33mstyle[39m=[32m"--Paper-shadow: 0px 2px 1px -1px rgba(0,0,0,0.2),0px 1px 1px 0px rgba(0,0,0,0.14),0px 1px 3px 0px rgba(0,0,0,0.12);"[39m
  [36m/>[39m

  Name "Change Item 494":
  [36m<article[39m
    [33maria-labelledby[39m=[32m"change-item-493-heading"[39m
    [33mclass[39m=[32m"MuiPaper-root MuiPaper-elevation MuiPaper-rounded MuiPaper-elevation1 css-fw7llw-MuiPaper-root"[39m
    [33mstyle[39m=[32m"--Paper-shadow: 0px 2px 1px -1px rgba(0,0,0,0.2),0px 1px 1px 0px rgba(0,0,0,0.14),0px 1px 3px 0px rgba(0,0,0,0.12);"[39m
  [36m/>[39m

  Name "Change Item 495":
  [36m<article[39m
    [33maria-labelledby[39m=[32m"change-item-494-heading"[39m
    [33mclass[39m=[32m"MuiPaper-root MuiPaper-elevation MuiPaper-rounded MuiPaper-elevation1 css-fw7llw-MuiPaper-root"[39m
    [33mstyle[39m=[32m"--Paper-shadow: 0px 2px 1px -1px rgba(0,0,0,0.2),0px 1px 1px 0px rgba(0,0,0,0.14),0px 1px 3px 0px rgba(0,0,0,0.12);"[39m
  [36m/>[39m

  Name "Change Item 496":
  [36m<article[39m
    [33maria-labelledby[39m=[32m"change-item-495-heading"[39m
    [33mclass[39m=[32m"MuiPaper-root MuiPaper-elevation MuiPaper-rounded MuiPaper-elevation1 css-fw7llw-MuiPaper-root"[39m
    [33mstyle[39m=[32m"--Paper-shadow: 0px 2px 1px -1px rgba(0,0,0,0.2),0px 1px 1px 0px rgba(0,0,0,0.14),0px 1px 3px 0px rgba(0,0,0,0.12);"[39m
  [36m/>[39m

  Name "Change Item 497":
  [36m<article[39m
    [33maria-labelledby[39m=[32m"change-item-496-heading"[39m
    [33mclass[39m=[32m"MuiPaper-root MuiPaper-elevation MuiPaper-rounded MuiPaper-elevation1 css-fw7llw-MuiPaper-root"[39m
    [33mstyle[39m=[32m"--Paper-shadow: 0px 2px 1px -1px rgba(0,0,0,0.2),0px 1px 1px 0px rgba(0,0,0,0.14),0px 1px 3px 0px rgba(0,0,0,0.12);"[39m
  [36m/>[39m

  Name "Change Item 498":
  [36m<article[39m
    [33maria-labelledby[39m=[32m"change-item-497-heading"[39m
    [33mclass[39m=[32m"MuiPaper-root MuiPaper-elevation MuiPaper-rounded MuiPaper-elevation1 css-fw7llw-MuiPaper-root"[39m
    [33mstyle[39m=[32m"--Paper-shadow: 0px 2px 1px -1px rgba(0,0,0,0.2),0px 1px 1px 0px rgba(0,0,0,0.14),0px 1px 3px 0px rgba(0,0,0,0.12);"[39m
  [36m/>[39m

  Name "Change Item 499":
  [36m<article[39m
    [33maria-labelledby[39m=[32m"change-item-498-heading"[39m
    [33mclass[39m=[32m"MuiPaper-root MuiPaper-elevation MuiPaper-rounded MuiPaper-elevation1 css-fw7llw-MuiPaper-root"[39m
    [33mstyle[39m=[32m"--Paper-shadow: 0px 2px 1px -1px rgba(0,0,0,0.2),0px 1px 1px 0px rgba(0,0,0,0.14),0px 1px 3px 0px rgba(0,0,0,0.12);"[39m
  [36m/>[39m

  Name "Change Item 500":
  [36m<article[39m
    [33maria-labelledby[39m=[32m"change-item-499-heading"[39m
    [33mclass[39m=[32m"MuiPaper-root MuiPaper-elevation MuiPaper-rounded MuiPaper-elevation1 css-fw7llw-MuiPaper-root"[39m
    [33mstyle[39m=[32m"--Paper-shadow: 0px 2px 1px -1px rgba(0,0,0,0.2),0px 1px 1px 0px rgba(0,0,0,0.14),0px 1px 3px 0px rgba(0,0,0,0.12);"[39m
  [36m/>[39m

  Name "Change Item 501":
  [36m<article[39m
    [33maria-labelledby[39m=[32m"change-item-500-heading"[39m
    [33mclass[39m=[32m"MuiPaper-root MuiPaper-elevation MuiPaper-rounded MuiPaper-elevation1 css-fw7llw-MuiPaper-root"[39m
    [33mstyle[39m=[32m"--Paper-shadow: 0px 2px 1px -1px rgba(0,0,0,0.2),0px 1px 1px 0px rgba(0,0,0,0.14),0px 1px 3px 0px rgba(0,0,0,0.12);"[39m
  [36m/>[39m

  Name "Change Item 502":
  [36m<article[39m
    [33maria-labelledby[39m=[32m"change-item-501-heading"[39m
    [33mclass[39m=[32m"MuiPaper-root MuiPaper-elevation MuiPaper-rounded MuiPaper-elevation1 css-fw7llw-MuiPaper-root"[39m
    [33mstyle[39m=[32m"--Paper-shadow: 0px 2px 1px -1px rgba(0,0,0,0.2),0px 1px 1px 0px rgba(0,0,0,0.14),0px 1px 3px 0px rgba(0,0,0,0.12);"[39m
  [36m/>[39m

  Name "Change Item 503":
  [36m<article[39m
    [33maria-labelledby[39m=[32m"change-item-502-heading"[39m
    [33mclass[39m=[32m"MuiPaper-root MuiPaper-elevation MuiPaper-rounded MuiPaper-elevation1 css-fw7llw-MuiPaper-root"[39m
    [33mstyle[39m=[32m"--Paper-shadow: 0px 2px 1px -1px rgba(0,0,0,0.2),0px 1px 1px 0px rgba(0,0,0,0.14),0px 1px 3px 0px rgba(0,0,0,0.12);"[39m
  [36m/>[39m

  Name "Change Item 504":
  [36m<article[39m
    [33maria-labelledby[39m=[32m"change-item-503-heading"[39m
    [33mclass[39m=[32m"MuiPaper-root MuiPaper-elevation MuiPaper-rounded MuiPaper-elevation1 css-fw7llw-MuiPaper-root"[39m
    [33mstyle[39m=[32m"--Paper-shadow: 0px 2px 1px -1px rgba(0,0,0,0.2),0px 1px 1px 0px rgba(0,0,0,0.14),0px 1px 3px 0px rgba(0,0,0,0.12);"[39m
  [36m/>[39m

  Name "Change Item 505":
  [36m<article[39m
    [33maria-labelledby[39m=[32m"change-item-504-heading"[39m
    [33mclass[39m=[32m"MuiPaper-root MuiPaper-elevation MuiPaper-rounded MuiPaper-elevation1 css-fw7llw-MuiPaper-root"[39m
    [33mstyle[39m=[32m"--Paper-shadow: 0px 2px 1px -1px rgba(0,0,0,0.2),0px 1px 1px 0px rgba(0,0,0,0.14),0px 1px 3px 0px rgba(0,0,0,0.12);"[39m
  [36m/>[39m

  Name "Change Item 506":
  [36m<article[39m
    [33maria-labelledby[39m=[32m"change-item-505-heading"[39m
    [33mclass[39m=[32m"MuiPaper-root MuiPaper-elevation MuiPaper-rounded MuiPaper-elevation1 css-fw7llw-MuiPaper-root"[39m
    [33mstyle[39m=[32m"--Paper-shadow: 0px 2px 1px -1px rgba(0,0,0,0.2),0px 1px 1px 0px rgba(0,0,0,0.14),0px 1px 3px 0px rgba(0,0,0,0.12);"[39m
  [36m/>[39m

  Name "Change Item 507":
  [36m<article[39m
    [33maria-labelledby[39m=[32m"change-item-506-heading"[39m
    [33mclass[39m=[32m"MuiPaper-root MuiPaper-elevation MuiPaper-rounded MuiPaper-elevation1 css-fw7llw-MuiPaper-root"[39m
    [33mstyle[39m=[32m"--Paper-shadow: 0px 2px 1px -1px rgba(0,0,0,0.2),0px 1px 1px 0px rgba(0,0,0,0.14),0px 1px 3px 0px rgba(0,0,0,0.12);"[39m
  [36m/>[39m

  Name "Change Item 508":
  [36m<article[39m
    [33maria-labelledby[39m=[32m"change-item-507-heading"[39m
    [33mclass[39m=[32m"MuiPaper-root MuiPaper-elevation MuiPaper-rounded MuiPaper-elevation1 css-fw7llw-MuiPaper-root"[39m
    [33mstyle[39m=[32m"--Paper-shadow: 0px 2px 1px -1px rgba(0,0,0,0.2),0px 1px 1px 0px rgba(0,0,0,0.14),0px 1px 3px 0px rgba(0,0,0,0.12);"[39m
  [36m/>[39m

  Name "Change Item 509":
  [36m<article[39m
    [33maria-labelledby[39m=[32m"change-item-508-heading"[39m
    [33mclass[39m=[32m"MuiPaper-root MuiPaper-elevation MuiPaper-rounded MuiPaper-elevation1 css-fw7llw-MuiPaper-root"[39m
    [33mstyle[39m=[32m"--Paper-shadow: 0px 2px 1px -1px rgba(0,0,0,0.2),0px 1px 1px 0px rgba(0,0,0,0.14),0px 1px 3px 0px rgba(0,0,0,0.12);"[39m
  [36m/>[39m

  Name "Change Item 510":
  [36m<article[39m
    [33maria-labelledby[39m=[32m"change-item-509-heading"[39m
    [33mclass[39m=[32m"MuiPaper-root MuiPaper-elevation MuiPaper-rounded MuiPaper-elevation1 css-fw7llw-MuiPaper-root"[39m
    [33mstyle[39m=[32m"--Paper-shadow: 0px 2px 1px -1px rgba(0,0,0,0.2),0px 1px 1px 0px rgba(0,0,0,0.14),0px 1px 3px 0px rgba(0,0,0,0.12);"[39m
  [36m/>[39m

  Name "Change Item 511":
  [36m<article[39m
    [33maria-labelledby[39m=[32m"change-item-510-heading"[39m
    [33mclass[39m=[32m"MuiPaper-root MuiPaper-elevation MuiPaper-rounded MuiPaper-elevation1 css-fw7llw-MuiPaper-root"[39m
    [33mstyle[39m=[32m"--Paper-shadow: 0px 2px 1px -1px rgba(0,0,0,0.2),0px 1px 1px 0px rgba(0,0,0,0.14),0px 1px 3px 0px rgba(0,0,0,0.12);"[39m
  [36m/>[39m

  Name "Change Item 512":
  [36m<article[39m
    [33maria-labelledby[39m=[32m"change-item-511-heading"[39m
    [33mclass[39m=[32m"MuiPaper-root MuiPaper-elevation MuiPaper-rounded MuiPaper-elevation1 css-fw7llw-MuiPaper-root"[39m
    [33mstyle[39m=[32m"--Paper-shadow: 0px 2px 1px -1px rgba(0,0,0,0.2),0px 1px 1px 0px rgba(0,0,0,0.14),0px 1px 3px 0px rgba(0,0,0,0.12);"[39m
  [36m/>[39m

  Name "Change Item 513":
  [36m<article[39m
    [33maria-labelledby[39m=[32m"change-item-512-heading"[39m
    [33mclass[39m=[32m"MuiPaper-root MuiPaper-elevation MuiPaper-rounded MuiPaper-elevation1 css-fw7llw-MuiPaper-root"[39m
    [33mstyle[39m=[32m"--Paper-shadow: 0px 2px 1px -1px rgba(0,0,0,0.2),0px 1px 1px 0px rgba(0,0,0,0.14),0px 1px 3px 0px rgba(0,0,0,0.12);"[39m
  [36m/>[39m

  Name "Change Item 514":
  [36m<article[39m
    [33maria-labelledby[39m=[32m"change-item-513-heading"[39m
    [33mclass[39m=[32m"MuiPaper-root MuiPaper-elevation MuiPaper-rounded MuiPaper-elevation1 css-fw7llw-MuiPaper-root"[39m
    [33mstyle[39m=[32m"--Paper-shadow: 0px 2px 1px -1px rgba(0,0,0,0.2),0px 1px 1px 0px rgba(0,0,0,0.14),0px 1px 3px 0px rgba(0,0,0,0.12);"[39m
  [36m/>[39m

  Name "Change Item 515":
  [36m<article[39m
    [33maria-labelledby[39m=[32m"change-item-514-heading"[39m
    [33mclass[39m=[32m"MuiPaper-root MuiPaper-elevation MuiPaper-rounded MuiPaper-elevation1 css-fw7llw-MuiPaper-root"[39m
    [33mstyle[39m=[32m"--Paper-shadow: 0px 2px 1px -1px rgba(0,0,0,0.2),0px 1px 1px 0px rgba(0,0,0,0.14),0px 1px 3px 0px rgba(0,0,0,0.12);"[39m
  [36m/>[39m

  Name "Change Item 516":
  [36m<article[39m
    [33maria-labelledby[39m=[32m"change-item-515-heading"[39m
    [33mclass[39m=[32m"MuiPaper-root MuiPaper-elevation MuiPaper-rounded MuiPaper-elevation1 css-fw7llw-MuiPaper-root"[39m
    [33mstyle[39m=[32m"--Paper-shadow: 0px 2px 1px -1px rgba(0,0,0,0.2),0px 1px 1px 0px rgba(0,0,0,0.14),0px 1px 3px 0px rgba(0,0,0,0.12);"[39m
  [36m/>[39m

  Name "Change Item 517":
  [36m<article[39m
    [33maria-labelledby[39m=[32m"change-item-516-heading"[39m
    [33mclass[39m=[32m"MuiPaper-root MuiPaper-elevation MuiPaper-rounded MuiPaper-elevation1 css-fw7llw-MuiPaper-root"[39m
    [33mstyle[39m=[32m"--Paper-shadow: 0px 2px 1px -1px rgba(0,0,0,0.2),0px 1px 1px 0px rgba(0,0,0,0.14),0px 1px 3px 0px rgba(0,0,0,0.12);"[39m
  [36m/>[39m

  Name "Change Item 518":
  [36m<article[39m
    [33maria-labelledby[39m=[32m"change-item-517-heading"[39m
    [33mclass[39m=[32m"MuiPaper-root MuiPaper-elevation MuiPaper-rounded MuiPaper-elevation1 css-fw7llw-MuiPaper-root"[39m
    [33mstyle[39m=[32m"--Paper-shadow: 0px 2px 1px -1px rgba(0,0,0,0.2),0px 1px 1px 0px rgba(0,0,0,0.14),0px 1px 3px 0px rgba(0,0,0,0.12);"[39m
  [36m/>[39m

  Name "Change Item 519":
  [36m<article[39m
    [33maria-labelledby[39m=[32m"change-item-518-heading"[39m
    [33mclass[39m=[32m"MuiPaper-root MuiPaper-elevation MuiPaper-rounded MuiPaper-elevation1 css-fw7llw-MuiPaper-root"[39m
    [33mstyle[39m=[32m"--Paper-shadow: 0px 2px 1px -1px rgba(0,0,0,0.2),0px 1px 1px 0px rgba(0,0,0,0.14),0px 1px 3px 0px rgba(0,0,0,0.12);"[39m
  [36m/>[39m

  Name "Change Item 520":
  [36m<article[39m
    [33maria-labelledby[39m=[32m"change-item-519-heading"[39m
    [33mclass[39m=[32m"MuiPaper-root MuiPaper-elevation MuiPaper-rounded MuiPaper-elevation1 css-fw7llw-MuiPaper-root"[39m
    [33mstyle[39m=[32m"--Paper-shadow: 0px 2px 1px -1px rgba(0,0,0,0.2),0px 1px 1px 0px rgba(0,0,0,0.14),0px 1px 3px 0px rgba(0,0,0,0.12);"[39m
  [36m/>[39m

  Name "Change Item 521":
  [36m<article[39m
    [33maria-labelledby[39m=[32m"change-item-520-heading"[39m
    [33mclass[39m=[32m"MuiPaper-root MuiPaper-elevation MuiPaper-rounded MuiPaper-elevation1 css-fw7llw-MuiPaper-root"[39m
    [33mstyle[39m=[32m"--Paper-shadow: 0px 2px 1px -1px rgba(0,0,0,0.2),0px 1px 1px 0px rgba(0,0,0,0.14),0px 1px 3px 0px rgba(0,0,0,0.12);"[39m
  [36m/>[39m

  Name "Change Item 522":
  [36m<article[39m
    [33maria-labelledby[39m=[32m"change-item-521-heading"[39m
    [33mclass[39m=[32m"MuiPaper-root MuiPaper-elevation MuiPaper-rounded MuiPaper-elevation1 css-fw7llw-MuiPaper-root"[39m
    [33mstyle[39m=[32m"--Paper-shadow: 0px 2px 1px -1px rgba(0,0,0,0.2),0px 1px 1px 0px rgba(0,0,0,0.14),0px 1px 3px 0px rgba(0,0,0,0.12);"[39m
  [36m/>[39m

  Name "Change Item 523":
  [36m<article[39m
    [33maria-labelledby[39m=[32m"change-item-522-heading"[39m
    [33mclass[39m=[32m"MuiPaper-root MuiPaper-elevation MuiPaper-rounded MuiPaper-elevation1 css-fw7llw-MuiPaper-root"[39m
    [33mstyle[39m=[32m"--Paper-shadow: 0px 2px 1px -1px rgba(0,0,0,0.2),0px 1px 1px 0px rgba(0,0,0,0.14),0px 1px 3px 0px rgba(0,0,0,0.12);"[39m
  [36m/>[39m

  Name "Change Item 524":
  [36m<article[39m
    [33maria-labelledby[39m=[32m"change-item-523-heading"[39m
    [33mclass[39m=[32m"MuiPaper-root MuiPaper-elevation MuiPaper-rounded MuiPaper-elevation1 css-fw7llw-MuiPaper-root"[39m
    [33mstyle[39m=[32m"--Paper-shadow: 0px 2px 1px -1px rgba(0,0,0,0.2),0px 1px 1px 0px rgba(0,0,0,0.14),0px 1px 3px 0px rgba(0,0,0,0.12);"[39m
  [36m/>[39m

  Name "Change Item 525":
  [36m<article[39m
    [33maria-labelledby[39m=[32m"change-item-524-heading"[39m
    [33mclass[39m=[32m"MuiPaper-root MuiPaper-elevation MuiPaper-rounded MuiPaper-elevation1 css-fw7llw-MuiPaper-root"[39m
    [33mstyle[39m=[32m"--Paper-shadow: 0px 2px 1px -1px rgba(0,0,0,0.2),0px 1px 1px 0px rgba(0,0,0,0.14),0px 1px 3px 0px rgba(0,0,0,0.12);"[39m
  [36m/>[39m

  Name "Change Item 526":
  [36m<article[39m
    [33maria-labelledby[39m=[32m"change-item-525-heading"[39m
    [33mclass[39m=[32m"MuiPaper-root MuiPaper-elevation MuiPaper-rounded MuiPaper-elevation1 css-fw7llw-MuiPaper-root"[39m
    [33mstyle[39m=[32m"--Paper-shadow: 0px 2px 1px -1px rgba(0,0,0,0.2),0px 1px 1px 0px rgba(0,0,0,0.14),0px 1px 3px 0px rgba(0,0,0,0.12);"[39m
  [36m/>[39m

  Name "Change Item 527":
  [36m<article[39m
    [33maria-labelledby[39m=[32m"change-item-526-heading"[39m
    [33mclass[39m=[32m"MuiPaper-root MuiPaper-elevation MuiPaper-rounded MuiPaper-elevation1 css-fw7llw-MuiPaper-root"[39m
    [33mstyle[39m=[32m"--Paper-shadow: 0px 2px 1px -1px rgba(0,0,0,0.2),0px 1px 1px 0px rgba(0,0,0,0.14),0px 1px 3px 0px rgba(0,0,0,0.12);"[39m
  [36m/>[39m

  Name "Change Item 528":
  [36m<article[39m
    [33maria-labelledby[39m=[32m"change-item-527-heading"[39m
    [33mclass[39m=[32m"MuiPaper-root MuiPaper-elevation MuiPaper-rounded MuiPaper-elevation1 css-fw7llw-MuiPaper-root"[39m
    [33mstyle[39m=[32m"--Paper-shadow: 0px 2px 1px -1px rgba(0,0,0,0.2),0px 1px 1px 0px rgba(0,0,0,0.14),0px 1px 3px 0px rgba(0,0,0,0.12);"[39m
  [36m/>[39m

  Name "Change Item 529":
  [36m<article[39m
    [33maria-labelledby[39m=[32m"change-item-528-heading"[39m
    [33mclass[39m=[32m"MuiPaper-root MuiPaper-elevation MuiPaper-rounded MuiPaper-elevation1 css-fw7llw-MuiPaper-root"[39m
    [33mstyle[39m=[32m"--Paper-shadow: 0px 2px 1px -1px rgba(0,0,0,0.2),0px 1px 1px 0px rgba(0,0,0,0.14),0px 1px 3px 0px rgba(0,0,0,0.12);"[39m
  [36m/>[39m

  Name "Change Item 530":
  [36m<article[39m
    [33maria-labelledby[39m=[32m"change-item-529-heading"[39m
    [33mclass[39m=[32m"MuiPaper-root MuiPaper-elevation MuiPaper-rounded MuiPaper-elevation1 css-fw7llw-MuiPaper-root"[39m
    [33mstyle[39m=[32m"--Paper-shadow: 0px 2px 1px -1px rgba(0,0,0,0.2),0px 1px 1px 0px rgba(0,0,0,0.14),0px 1px 3px 0px rgba(0,0,0,0.12);"[39m
  [36m/>[39m

  Name "Change Item 531":
  [36m<article[39m
    [33maria-labelledby[39m=[32m"change-item-530-heading"[39m
    [33mclass[39m=[32m"MuiPaper-root MuiPaper-elevation MuiPaper-rounded MuiPaper-elevation1 css-fw7llw-MuiPaper-root"[39m
    [33mstyle[39m=[32m"--Paper-shadow: 0px 2px 1px -1px rgba(0,0,0,0.2),0px 1px 1px 0px rgba(0,0,0,0.14),0px 1px 3px 0px rgba(0,0,0,0.12);"[39m
  [36m/>[39m

  Name "Change Item 532":
  [36m<article[39m
    [33maria-labelledby[39m=[32m"change-item-531-heading"[39m
    [33mclass[39m=[32m"MuiPaper-root MuiPaper-elevation MuiPaper-rounded MuiPaper-elevation1 css-fw7llw-MuiPaper-root"[39m
    [33mstyle[39m=[32m"--Paper-shadow: 0px 2px 1px -1px rgba(0,0,0,0.2),0px 1px 1px 0px rgba(0,0,0,0.14),0px 1px 3px 0px rgba(0,0,0,0.12);"[39m
  [36m/>[39m

  Name "Change Item 533":
  [36m<article[39m
    [33maria-labelledby[39m=[32m"change-item-532-heading"[39m
    [33mclass[39m=[32m"MuiPaper-root MuiPaper-elevation MuiPaper-rounded MuiPaper-elevation1 css-fw7llw-MuiPaper-root"[39m
    [33mstyle[39m=[32m"--Paper-shadow: 0px 2px 1px -1px rgba(0,0,0,0.2),0px 1px 1px 0px rgba(0,0,0,0.14),0px 1px 3px 0px rgba(0,0,0,0.12);"[39m
  [36m/>[39m

  Name "Change Item 534":
  [36m<article[39m
    [33maria-labelledby[39m=[32m"change-item-533-heading"[39m
    [33mclass[39m=[32m"MuiPaper-root MuiPaper-elevation MuiPaper-rounded MuiPaper-elevation1 css-fw7llw-MuiPaper-root"[39m
    [33mstyle[39m=[32m"--Paper-shadow: 0px 2px 1px -1px rgba(0,0,0,0.2),0px 1px 1px 0px rgba(0,0,0,0.14),0px 1px 3px 0px rgba(0,0,0,0.12);"[39m
  [36m/>[39m

  Name "Change Item 535":
  [36m<article[39m
    [33maria-labelledby[39m=[32m"change-item-534-heading"[39m
    [33mclass[39m=[32m"MuiPaper-root MuiPaper-elevation MuiPaper-rounded MuiPaper-elevation1 css-fw7llw-MuiPaper-root"[39m
    [33mstyle[39m=[32m"--Paper-shadow: 0px 2px 1px -1px rgba(0,0,0,0.2),0px 1px 1px 0px rgba(0,0,0,0.14),0px 1px 3px 0px rgba(0,0,0,0.12);"[39m
  [36m/>[39m

  Name "Change Item 536":
  [36m<article[39m
    [33maria-labelledby[39m=[32m"change-item-535-heading"[39m
    [33mclass[39m=[32m"MuiPaper-root MuiPaper-elevation MuiPaper-rounded MuiPaper-elevation1 css-fw7llw-MuiPaper-root"[39m
    [33mstyle[39m=[32m"--Paper-shadow: 0px 2px 1px -1px rgba(0,0,0,0.2),0px 1px 1px 0px rgba(0,0,0,0.14),0px 1px 3px 0px rgba(0,0,0,0.12);"[39m
  [36m/>[39m

  Name "Change Item 537":
  [36m<article[39m
    [33maria-labelledby[39m=[32m"change-item-536-heading"[39m
    [33mclass[39m=[32m"MuiPaper-root MuiPaper-elevation MuiPaper-rounded MuiPaper-elevation1 css-fw7llw-MuiPaper-root"[39m
    [33mstyle[39m=[32m"--Paper-shadow: 0px 2px 1px -1px rgba(0,0,0,0.2),0px 1px 1px 0px rgba(0,0,0,0.14),0px 1px 3px 0px rgba(0,0,0,0.12);"[39m
  [36m/>[39m

  Name "Change Item 538":
  [36m<article[39m
    [33maria-labelledby[39m=[32m"change-item-537-heading"[39m
    [33mclass[39m=[32m"MuiPaper-root MuiPaper-elevation MuiPaper-rounded MuiPaper-elevation1 css-fw7llw-MuiPaper-root"[39m
    [33mstyle[39m=[32m"--Paper-shadow: 0px 2px 1px -1px rgba(0,0,0,0.2),0px 1px 1px 0px rgba(0,0,0,0.14),0px 1px 3px 0px rgba(0,0,0,0.12);"[39m
  [36m/>[39m

  Name "Change Item 539":
  [36m<article[39m
    [33maria-labelledby[39m=[32m"change-item-538-heading"[39m
    [33mclass[39m=[32m"MuiPaper-root MuiPaper-elevation MuiPaper-rounded MuiPaper-elevation1 css-fw7llw-MuiPaper-root"[39m
    [33mstyle[39m=[32m"--Paper-shadow: 0px 2px 1px -1px rgba(0,0,0,0.2),0px 1px 1px 0px rgba(0,0,0,0.14),0px 1px 3px 0px rgba(0,0,0,0.12);"[39m
  [36m/>[39m

  Name "Change Item 540":
  [36m<article[39m
    [33maria-labelledby[39m=[32m"change-item-539-heading"[39m
    [33mclass[39m=[32m"MuiPaper-root MuiPaper-elevation MuiPaper-rounded MuiPaper-elevation1 css-fw7llw-MuiPaper-root"[39m
    [33mstyle[39m=[32m"--Paper-shadow: 0px 2px 1px -1px rgba(0,0,0,0.2),0px 1px 1px 0px rgba(0,0,0,0.14),0px 1px 3px 0px rgba(0,0,0,0.12);"[39m
  [36m/>[39m

  Name "Change Item 541":
  [36m<article[39m
    [33maria-labelledby[39m=[32m"change-item-540-heading"[39m
    [33mclass[39m=[32m"MuiPaper-root MuiPaper-elevation MuiPaper-rounded MuiPaper-elevation1 css-fw7llw-MuiPaper-root"[39m
    [33mstyle[39m=[32m"--Paper-shadow: 0px 2px 1px -1px rgba(0,0,0,0.2),0px 1px 1px 0px rgba(0,0,0,0.14),0px 1px 3px 0px rgba(0,0,0,0.12);"[39m
  [36m/>[39m

  Name "Change Item 542":
  [36m<article[39m
    [33maria-labelledby[39m=[32m"change-item-541-heading"[39m
    [33mclass[39m=[32m"MuiPaper-root MuiPaper-elevation MuiPaper-rounded MuiPaper-elevation1 css-fw7llw-MuiPaper-root"[39m
    [33mstyle[39m=[32m"--Paper-shadow: 0px 2px 1px -1px rgba(0,0,0,0.2),0px 1px 1px 0px rgba(0,0,0,0.14),0px 1px 3px 0px rgba(0,0,0,0.12);"[39m
  [36m/>[39m

  Name "Change Item 543":
  [36m<article[39m
    [33maria-labelledby[39m=[32m"change-item-542-heading"[39m
    [33mclass[39m=[32m"MuiPaper-root MuiPaper-elevation MuiPaper-rounded MuiPaper-elevation1 css-fw7llw-MuiPaper-root"[39m
    [33mstyle[39m=[32m"--Paper-shadow: 0px 2px 1px -1px rgba(0,0,0,0.2),0px 1px 1px 0px rgba(0,0,0,0.14),0px 1px 3px 0px rgba(0,0,0,0.12);"[39m
  [36m/>[39m

  Name "Change Item 544":
  [36m<article[39m
    [33maria-labelledby[39m=[32m"change-item-543-heading"[39m
    [33mclass[39m=[32m"MuiPaper-root MuiPaper-elevation MuiPaper-rounded MuiPaper-elevation1 css-fw7llw-MuiPaper-root"[39m
    [33mstyle[39m=[32m"--Paper-shadow: 0px 2px 1px -1px rgba(0,0,0,0.2),0px 1px 1px 0px rgba(0,0,0,0.14),0px 1px 3px 0px rgba(0,0,0,0.12);"[39m
  [36m/>[39m

  Name "Change Item 545":
  [36m<article[39m
    [33maria-labelledby[39m=[32m"change-item-544-heading"[39m
    [33mclass[39m=[32m"MuiPaper-root MuiPaper-elevation MuiPaper-rounded MuiPaper-elevation1 css-fw7llw-MuiPaper-root"[39m
    [33mstyle[39m=[32m"--Paper-shadow: 0px 2px 1px -1px rgba(0,0,0,0.2),0px 1px 1px 0px rgba(0,0,0,0.14),0px 1px 3px 0px rgba(0,0,0,0.12);"[39m
  [36m/>[39m

  Name "Change Item 546":
  [36m<article[39m
    [33maria-labelledby[39m=[32m"change-item-545-heading"[39m
    [33mclass[39m=[32m"MuiPaper-root MuiPaper-elevation MuiPaper-rounded MuiPaper-elevation1 css-fw7llw-MuiPaper-root"[39m
    [33mstyle[39m=[32m"--Paper-shadow: 0px 2px 1px -1px rgba(0,0,0,0.2),0px 1px 1px 0px rgba(0,0,0,0.14),0px 1px 3px 0px rgba(0,0,0,0.12);"[39m
  [36m/>[39m

  Name "Change Item 547":
  [36m<article[39m
    [33maria-labelledby[39m=[32m"change-item-546-heading"[39m
    [33mclass[39m=[32m"MuiPaper-root MuiPaper-elevation MuiPaper-rounded MuiPaper-elevation1 css-fw7llw-MuiPaper-root"[39m
    [33mstyle[39m=[32m"--Paper-shadow: 0px 2px 1px -1px rgba(0,0,0,0.2),0px 1px 1px 0px rgba(0,0,0,0.14),0px 1px 3px 0px rgba(0,0,0,0.12);"[39m
  [36m/>[39m

  Name "Change Item 548":
  [36m<article[39m
    [33maria-labelledby[39m=[32m"change-item-547-heading"[39m
    [33mclass[39m=[32m"MuiPaper-root MuiPaper-elevation MuiPaper-rounded MuiPaper-elevation1 css-fw7llw-MuiPaper-root"[39m
    [33mstyle[39m=[32m"--Paper-shadow: 0px 2px 1px -1px rgba(0,0,0,0.2),0px 1px 1px 0px rgba(0,0,0,0.14),0px 1px 3px 0px rgba(0,0,0,0.12);"[39m
  [36m/>[39m

  Name "Change Item 549":
  [36m<article[39m
    [33maria-labelledby[39m=[32m"change-item-548-heading"[39m
    [33mclass[39m=[32m"MuiPaper-root MuiPaper-elevation MuiPaper-rounded MuiPaper-elevation1 css-fw7llw-MuiPaper-root"[39m
    [33mstyle[39m=[32m"--Paper-shadow: 0px 2px 1px -1px rgba(0,0,0,0.2),0px 1px 1px 0px rgba(0,0,0,0.14),0px 1px 3px 0px rgba(0,0,0,0.12);"[39m
  [36m/>[39m

  Name "Change Item 550":
  [36m<article[39m
    [33maria-labelledby[39m=[32m"change-item-549-heading"[39m
    [33mclass[39m=[32m"MuiPaper-root MuiPaper-elevation MuiPaper-rounded MuiPaper-elevation1 css-fw7llw-MuiPaper-root"[39m
    [33mstyle[39m=[32m"--Paper-shadow: 0px 2px 1px -1px rgba(0,0,0,0.2),0px 1px 1px 0px rgba(0,0,0,0.14),0px 1px 3px 0px rgba(0,0,0,0.12);"[39m
  [36m/>[39m

  Name "Change Item 551":
  [36m<article[39m
    [33maria-labelledby[39m=[32m"change-item-550-heading"[39m
    [33mclass[39m=[32m"MuiPaper-root MuiPaper-elevation MuiPaper-rounded MuiPaper-elevation1 css-fw7llw-MuiPaper-root"[39m
    [33mstyle[39m=[32m"--Paper-shadow: 0px 2px 1px -1px rgba(0,0,0,0.2),0px 1px 1px 0px rgba(0,0,0,0.14),0px 1px 3px 0px rgba(0,0,0,0.12);"[39m
  [36m/>[39m

  Name "Change Item 552":
  [36m<article[39m
    [33maria-labelledby[39m=[32m"change-item-551-heading"[39m
    [33mclass[39m=[32m"MuiPaper-root MuiPaper-elevation MuiPaper-rounded MuiPaper-elevation1 css-fw7llw-MuiPaper-root"[39m
    [33mstyle[39m=[32m"--Paper-shadow: 0px 2px 1px -1px rgba(0,0,0,0.2),0px 1px 1px 0px rgba(0,0,0,0.14),0px 1px 3px 0px rgba(0,0,0,0.12);"[39m
  [36m/>[39m

  Name "Change Item 553":
  [36m<article[39m
    [33maria-labelledby[39m=[32m"change-item-552-heading"[39m
    [33mclass[39m=[32m"MuiPaper-root MuiPaper-elevation MuiPaper-rounded MuiPaper-elevation1 css-fw7llw-MuiPaper-root"[39m
    [33mstyle[39m=[32m"--Paper-shadow: 0px 2px 1px -1px rgba(0,0,0,0.2),0px 1px 1px 0px rgba(0,0,0,0.14),0px 1px 3px 0px rgba(0,0,0,0.12);"[39m
  [36m/>[39m

  Name "Change Item 554":
  [36m<article[39m
    [33maria-labelledby[39m=[32m"change-item-553-heading"[39m
    [33mclass[39m=[32m"MuiPaper-root MuiPaper-elevation MuiPaper-rounded MuiPaper-elevation1 css-fw7llw-MuiPaper-root"[39m
    [33mstyle[39m=[32m"--Paper-shadow: 0px 2px 1px -1px rgba(0,0,0,0.2),0px 1px 1px 0px rgba(0,0,0,0.14),0px 1px 3px 0px rgba(0,0,0,0.12);"[39m
  [36m/>[39m

  Name "Change Item 555":
  [36m<article[39m
    [33maria-labelledby[39m=[32m"change-item-554-heading"[39m
    [33mclass[39m=[32m"MuiPaper-root MuiPaper-elevation MuiPaper-rounded MuiPaper-elevation1 css-fw7llw-MuiPaper-root"[39m
    [33mstyle[39m=[32m"--Paper-shadow: 0px 2px 1px -1px rgba(0,0,0,0.2),0px 1px 1px 0px rgba(0,0,0,0.14),0px 1px 3px 0px rgba(0,0,0,0.12);"[39m
  [36m/>[39m

  Name "Change Item 556":
  [36m<article[39m
    [33maria-labelledby[39m=[32m"change-item-555-heading"[39m
    [33mclass[39m=[32m"MuiPaper-root MuiPaper-elevation MuiPaper-rounded MuiPaper-elevation1 css-fw7llw-MuiPaper-root"[39m
    [33mstyle[39m=[32m"--Paper-shadow: 0px 2px 1px -1px rgba(0,0,0,0.2),0px 1px 1px 0px rgba(0,0,0,0.14),0px 1px 3px 0px rgba(0,0,0,0.12);"[39m
  [36m/>[39m

  Name "Change Item 557":
  [36m<article[39m
    [33maria-labelledby[39m=[32m"change-item-556-heading"[39m
    [33mclass[39m=[32m"MuiPaper-root MuiPaper-elevation MuiPaper-rounded MuiPaper-elevation1 css-fw7llw-MuiPaper-root"[39m
    [33mstyle[39m=[32m"--Paper-shadow: 0px 2px 1px -1px rgba(0,0,0,0.2),0px 1px 1px 0px rgba(0,0,0,0.14),0px 1px 3px 0px rgba(0,0,0,0.12);"[39m
  [36m/>[39m

  Name "Change Item 558":
  [36m<article[39m
    [33maria-labelledby[39m=[32m"change-item-557-heading"[39m
    [33mclass[39m=[32m"MuiPaper-root MuiPaper-elevation MuiPaper-rounded MuiPaper-elevation1 css-fw7llw-MuiPaper-root"[39m
    [33mstyle[39m=[32m"--Paper-shadow: 0px 2px 1px -1px rgba(0,0,0,0.2),0px 1px 1px 0px rgba(0,0,0,0.14),0px 1px 3px 0px rgba(0,0,0,0.12);"[39m
  [36m/>[39m

  Name "Change Item 559":
  [36m<article[39m
    [33maria-labelledby[39m=[32m"change-item-558-heading"[39m
    [33mclass[39m=[32m"MuiPaper-root MuiPaper-elevation MuiPaper-rounded MuiPaper-elevation1 css-fw7llw-MuiPaper-root"[39m
    [33mstyle[39m=[32m"--Paper-shadow: 0px 2px 1px -1px rgba(0,0,0,0.2),0px 1px 1px 0px rgba(0,0,0,0.14),0px 1px 3px 0px rgba(0,0,0,0.12);"[39m
  [36m/>[39m

  Name "Change Item 560":
  [36m<article[39m
    [33maria-labelledby[39m=[32m"change-item-559-heading"[39m
    [33mclass[39m=[32m"MuiPaper-root MuiPaper-elevation MuiPaper-rounded MuiPaper-elevation1 css-fw7llw-MuiPaper-root"[39m
    [33mstyle[39m=[32m"--Paper-shadow: 0px 2px 1px -1px rgba(0,0,0,0.2),0px 1px 1px 0px rgba(0,0,0,0.14),0px 1px 3px 0px rgba(0,0,0,0.12);"[39m
  [36m/>[39m

  Name "Change Item 561":
  [36m<article[39m
    [33maria-labelledby[39m=[32m"change-item-560-heading"[39m
    [33mclass[39m=[32m"MuiPaper-root MuiPaper-elevation MuiPaper-rounded MuiPaper-elevation1 css-fw7llw-MuiPaper-root"[39m
    [33mstyle[39m=[32m"--Paper-shadow: 0px 2px 1px -1px rgba(0,0,0,0.2),0px 1px 1px 0px rgba(0,0,0,0.14),0px 1px 3px 0px rgba(0,0,0,0.12);"[39m
  [36m/>[39m

  Name "Change Item 562":
  [36m<article[39m
    [33maria-labelledby[39m=[32m"change-item-561-heading"[39m
    [33mclass[39m=[32m"MuiPaper-root MuiPaper-elevation MuiPaper-rounded MuiPaper-elevation1 css-fw7llw-MuiPaper-root"[39m
    [33mstyle[39m=[32m"--Paper-shadow: 0px 2px 1px -1px rgba(0,0,0,0.2),0px 1px 1px 0px rgba(0,0,0,0.14),0px 1px 3px 0px rgba(0,0,0,0.12);"[39m
  [36m/>[39m

  Name "Change Item 563":
  [36m<article[39m
    [33maria-labelledby[39m=[32m"change-item-562-heading"[39m
    [33mclass[39m=[32m"MuiPaper-root MuiPaper-elevation MuiPaper-rounded MuiPaper-elevation1 css-fw7llw-MuiPaper-root"[39m
    [33mstyle[39m=[32m"--Paper-shadow: 0px 2px 1px -1px rgba(0,0,0,0.2),0px 1px 1px 0px rgba(0,0,0,0.14),0px 1px 3px 0px rgba(0,0,0,0.12);"[39m
  [36m/>[39m

  Name "Change Item 564":
  [36m<article[39m
    [33maria-labelledby[39m=[32m"change-item-563-heading"[39m
    [33mclass[39m=[32m"MuiPaper-root MuiPaper-elevation MuiPaper-rounded MuiPaper-elevation1 css-fw7llw-MuiPaper-root"[39m
    [33mstyle[39m=[32m"--Paper-shadow: 0px 2px 1px -1px rgba(0,0,0,0.2),0px 1px 1px 0px rgba(0,0,0,0.14),0px 1px 3px 0px rgba(0,0,0,0.12);"[39m
  [36m/>[39m

  Name "Change Item 565":
  [36m<article[39m
    [33maria-labelledby[39m=[32m"change-item-564-heading"[39m
    [33mclass[39m=[32m"MuiPaper-root MuiPaper-elevation MuiPaper-rounded MuiPaper-elevation1 css-fw7llw-MuiPaper-root"[39m
    [33mstyle[39m=[32m"--Paper-shadow: 0px 2px 1px -1px rgba(0,0,0,0.2),0px 1px 1px 0px rgba(0,0,0,0.14),0px 1px 3px 0px rgba(0,0,0,0.12);"[39m
  [36m/>[39m

  Name "Change Item 566":
  [36m<article[39m
    [33maria-labelledby[39m=[32m"change-item-565-heading"[39m
    [33mclass[39m=[32m"MuiPaper-root MuiPaper-elevation MuiPaper-rounded MuiPaper-elevation1 css-fw7llw-MuiPaper-root"[39m
    [33mstyle[39m=[32m"--Paper-shadow: 0px 2px 1px -1px rgba(0,0,0,0.2),0px 1px 1px 0px rgba(0,0,0,0.14),0px 1px 3px 0px rgba(0,0,0,0.12);"[39m
  [36m/>[39m

  Name "Change Item 567":
  [36m<article[39m
    [33maria-labelledby[39m=[32m"change-item-566-heading"[39m
    [33mclass[39m=[32m"MuiPaper-root MuiPaper-elevation MuiPaper-rounded MuiPaper-elevation1 css-fw7llw-MuiPaper-root"[39m
    [33mstyle[39m=[32m"--Paper-shadow: 0px 2px 1px -1px rgba(0,0,0,0.2),0px 1px 1px 0px rgba(0,0,0,0.14),0px 1px 3px 0px rgba(0,0,0,0.12);"[39m
  [36m/>[39m

  Name "Change Item 568":
  [36m<article[39m
    [33maria-labelledby[39m=[32m"change-item-567-heading"[39m
    [33mclass[39m=[32m"MuiPaper-root MuiPaper-elevation MuiPaper-rounded MuiPaper-elevation1 css-fw7llw-MuiPaper-root"[39m
    [33mstyle[39m=[32m"--Paper-shadow: 0px 2px 1px -1px rgba(0,0,0,0.2),0px 1px 1px 0px rgba(0,0,0,0.14),0px 1px 3px 0px rgba(0,0,0,0.12);"[39m
  [36m/>[39m

  Name "Change Item 569":
  [36m<article[39m
    [33maria-labelledby[39m=[32m"change-item-568-heading"[39m
    [33mclass[39m=[32m"MuiPaper-root MuiPaper-elevation MuiPaper-rounded MuiPaper-elevation1 css-fw7llw-MuiPaper-root"[39m
    [33mstyle[39m=[32m"--Paper-shadow: 0px 2px 1px -1px rgba(0,0,0,0.2),0px 1px 1px 0px rgba(0,0,0,0.14),0px 1px 3px 0px rgba(0,0,0,0.12);"[39m
  [36m/>[39m

  Name "Change Item 570":
  [36m<article[39m
    [33maria-labelledby[39m=[32m"change-item-569-heading"[39m
    [33mclass[39m=[32m"MuiPaper-root MuiPaper-elevation MuiPaper-rounded MuiPaper-elevation1 css-fw7llw-MuiPaper-root"[39m
    [33mstyle[39m=[32m"--Paper-shadow: 0px 2px 1px -1px rgba(0,0,0,0.2),0px 1px 1px 0px rgba(0,0,0,0.14),0px 1px 3px 0px rgba(0,0,0,0.12);"[39m
  [36m/>[39m

  Name "Change Item 571":
  [36m<article[39m
    [33maria-labelledby[39m=[32m"change-item-570-heading"[39m
    [33mclass[39m=[32m"MuiPaper-root MuiPaper-elevation MuiPaper-rounded MuiPaper-elevation1 css-fw7llw-MuiPaper-root"[39m
    [33mstyle[39m=[32m"--Paper-shadow: 0px 2px 1px -1px rgba(0,0,0,0.2),0px 1px 1px 0px rgba(0,0,0,0.14),0px 1px 3px 0px rgba(0,0,0,0.12);"[39m
  [36m/>[39m

  Name "Change Item 572":
  [36m<article[39m
    [33maria-labelledby[39m=[32m"change-item-571-heading"[39m
    [33mclass[39m=[32m"MuiPaper-root MuiPaper-elevation MuiPaper-rounded MuiPaper-elevation1 css-fw7llw-MuiPaper-root"[39m
    [33mstyle[39m=[32m"--Paper-shadow: 0px 2px 1px -1px rgba(0,0,0,0.2),0px 1px 1px 0px rgba(0,0,0,0.14),0px 1px 3px 0px rgba(0,0,0,0.12);"[39m
  [36m/>[39m

  Name "Change Item 573":
  [36m<article[39m
    [33maria-labelledby[39m=[32m"change-item-572-heading"[39m
    [33mclass[39m=[32m"MuiPaper-root MuiPaper-elevation MuiPaper-rounded MuiPaper-elevation1 css-fw7llw-MuiPaper-root"[39m
    [33mstyle[39m=[32m"--Paper-shadow: 0px 2px 1px -1px rgba(0,0,0,0.2),0px 1px 1px 0px rgba(0,0,0,0.14),0px 1px 3px 0px rgba(0,0,0,0.12);"[39m
  [36m/>[39m

  Name "Change Item 574":
  [36m<article[39m
    [33maria-labelledby[39m=[32m"change-item-573-heading"[39m
    [33mclass[39m=[32m"MuiPaper-root MuiPaper-elevation MuiPaper-rounded MuiPaper-elevation1 css-fw7llw-MuiPaper-root"[39m
    [33mstyle[39m=[32m"--Paper-shadow: 0px 2px 1px -1px rgba(0,0,0,0.2),0px 1px 1px 0px rgba(0,0,0,0.14),0px 1px 3px 0px rgba(0,0,0,0.12);"[39m
  [36m/>[39m

  Name "Change Item 575":
  [36m<article[39m
    [33maria-labelledby[39m=[32m"change-item-574-heading"[39m
    [33mclass[39m=[32m"MuiPaper-root MuiPaper-elevation MuiPaper-rounded MuiPaper-elevation1 css-fw7llw-MuiPaper-root"[39m
    [33mstyle[39m=[32m"--Paper-shadow: 0px 2px 1px -1px rgba(0,0,0,0.2),0px 1px 1px 0px rgba(0,0,0,0.14),0px 1px 3px 0px rgba(0,0,0,0.12);"[39m
  [36m/>[39m

  Name "Change Item 576":
  [36m<article[39m
    [33maria-labelledby[39m=[32m"change-item-575-heading"[39m
    [33mclass[39m=[32m"MuiPaper-root MuiPaper-elevation MuiPaper-rounded MuiPaper-elevation1 css-fw7llw-MuiPaper-root"[39m
    [33mstyle[39m=[32m"--Paper-shadow: 0px 2px 1px -1px rgba(0,0,0,0.2),0px 1px 1px 0px rgba(0,0,0,0.14),0px 1px 3px 0px rgba(0,0,0,0.12);"[39m
  [36m/>[39m

  Name "Change Item 577":
  [36m<article[39m
    [33maria-labelledby[39m=[32m"change-item-576-heading"[39m
    [33mclass[39m=[32m"MuiPaper-root MuiPaper-elevation MuiPaper-rounded MuiPaper-elevation1 css-fw7llw-MuiPaper-root"[39m
    [33mstyle[39m=[32m"--Paper-shadow: 0px 2px 1px -1px rgba(0,0,0,0.2),0px 1px 1px 0px rgba(0,0,0,0.14),0px 1px 3px 0px rgba(0,0,0,0.12);"[39m
  [36m/>[39m

  Name "Change Item 578":
  [36m<article[39m
    [33maria-labelledby[39m=[32m"change-item-577-heading"[39m
    [33mclass[39m=[32m"MuiPaper-root MuiPaper-elevation MuiPaper-rounded MuiPaper-elevation1 css-fw7llw-MuiPaper-root"[39m
    [33mstyle[39m=[32m"--Paper-shadow: 0px 2px 1px -1px rgba(0,0,0,0.2),0px 1px 1px 0px rgba(0,0,0,0.14),0px 1px 3px 0px rgba(0,0,0,0.12);"[39m
  [36m/>[39m

  Name "Change Item 579":
  [36m<article[39m
    [33maria-labelledby[39m=[32m"change-item-578-heading"[39m
    [33mclass[39m=[32m"MuiPaper-root MuiPaper-elevation MuiPaper-rounded MuiPaper-elevation1 css-fw7llw-MuiPaper-root"[39m
    [33mstyle[39m=[32m"--Paper-shadow: 0px 2px 1px -1px rgba(0,0,0,0.2),0px 1px 1px 0px rgba(0,0,0,0.14),0px 1px 3px 0px rgba(0,0,0,0.12);"[39m
  [36m/>[39m

  Name "Change Item 580":
  [36m<article[39m
    [33maria-labelledby[39m=[32m"change-item-579-heading"[39m
    [33mclass[39m=[32m"MuiPaper-root MuiPaper-elevation MuiPaper-rounded MuiPaper-elevation1 css-fw7llw-MuiPaper-root"[39m
    [33mstyle[39m=[32m"--Paper-shadow: 0px 2px 1px -1px rgba(0,0,0,0.2),0px 1px 1px 0px rgba(0,0,0,0.14),0px 1px 3px 0px rgba(0,0,0,0.12);"[39m
  [36m/>[39m

  Name "Change Item 581":
  [36m<article[39m
    [33maria-labelledby[39m=[32m"change-item-580-heading"[39m
    [33mclass[39m=[32m"MuiPaper-root MuiPaper-elevation MuiPaper-rounded MuiPaper-elevation1 css-fw7llw-MuiPaper-root"[39m
    [33mstyle[39m=[32m"--Paper-shadow: 0px 2px 1px -1px rgba(0,0,0,0.2),0px 1px 1px 0px rgba(0,0,0,0.14),0px 1px 3px 0px rgba(0,0,0,0.12);"[39m
  [36m/>[39m

  Name "Change Item 582":
  [36m<article[39m
    [33maria-labelledby[39m=[32m"change-item-581-heading"[39m
    [33mclass[39m=[32m"MuiPaper-root MuiPaper-elevation MuiPaper-rounded MuiPaper-elevation1 css-fw7llw-MuiPaper-root"[39m
    [33mstyle[39m=[32m"--Paper-shadow: 0px 2px 1px -1px rgba(0,0,0,0.2),0px 1px 1px 0px rgba(0,0,0,0.14),0px 1px 3px 0px rgba(0,0,0,0.12);"[39m
  [36m/>[39m

  Name "Change Item 583":
  [36m<article[39m
    [33maria-labelledby[39m=[32m"change-item-582-heading"[39m
    [33mclass[39m=[32m"MuiPaper-root MuiPaper-elevation MuiPaper-rounded MuiPaper-elevation1 css-fw7llw-MuiPaper-root"[39m
    [33mstyle[39m=[32m"--Paper-shadow: 0px 2px 1px -1px rgba(0,0,0,0.2),0px 1px 1px 0px rgba(0,0,0,0.14),0px 1px 3px 0px rgba(0,0,0,0.12);"[39m
  [36m/>[39m

  Name "Change Item 584":
  [36m<article[39m
    [33maria-labelledby[39m=[32m"change-item-583-heading"[39m
    [33mclass[39m=[32m"MuiPaper-root MuiPaper-elevation MuiPaper-rounded MuiPaper-elevation1 css-fw7llw-MuiPaper-root"[39m
    [33mstyle[39m=[32m"--Paper-shadow: 0px 2px 1px -1px rgba(0,0,0,0.2),0px 1px 1px 0px rgba(0,0,0,0.14),0px 1px 3px 0px rgba(0,0,0,0.12);"[39m
  [36m/>[39m

  Name "Change Item 585":
  [36m<article[39m
    [33maria-labelledby[39m=[32m"change-item-584-heading"[39m
    [33mclass[39m=[32m"MuiPaper-root MuiPaper-elevation MuiPaper-rounded MuiPaper-elevation1 css-fw7llw-MuiPaper-root"[39m
    [33mstyle[39m=[32m"--Paper-shadow: 0px 2px 1px -1px rgba(0,0,0,0.2),0px 1px 1px 0px rgba(0,0,0,0.14),0px 1px 3px 0px rgba(0,0,0,0.12);"[39m
  [36m/>[39m

  Name "Change Item 586":
  [36m<article[39m
    [33maria-labelledby[39m=[32m"change-item-585-heading"[39m
    [33mclass[39m=[32m"MuiPaper-root MuiPaper-elevation MuiPaper-rounded MuiPaper-elevation1 css-fw7llw-MuiPaper-root"[39m
    [33mstyle[39m=[32m"--Paper-shadow: 0px 2px 1px -1px rgba(0,0,0,0.2),0px 1px 1px 0px rgba(0,0,0,0.14),0px 1px 3px 0px rgba(0,0,0,0.12);"[39m
  [36m/>[39m

  Name "Change Item 587":
  [36m<article[39m
    [33maria-labelledby[39m=[32m"change-item-586-heading"[39m
    [33mclass[39m=[32m"MuiPaper-root MuiPaper-elevation MuiPaper-rounded MuiPaper-elevation1 css-fw7llw-MuiPaper-root"[39m
    [33mstyle[39m=[32m"--Paper-shadow: 0px 2px 1px -1px rgba(0,0,0,0.2),0px 1px 1px 0px rgba(0,0,0,0.14),0px 1px 3px 0px rgba(0,0,0,0.12);"[39m
  [36m/>[39m

  Name "Change Item 588":
  [36m<article[39m
    [33maria-labelledby[39m=[32m"change-item-587-heading"[39m
    [33mclass[39m=[32m"MuiPaper-root MuiPaper-elevation MuiPaper-rounded MuiPaper-elevation1 css-fw7llw-MuiPaper-root"[39m
    [33mstyle[39m=[32m"--Paper-shadow: 0px 2px 1px -1px rgba(0,0,0,0.2),0px 1px 1px 0px rgba(0,0,0,0.14),0px 1px 3px 0px rgba(0,0,0,0.12);"[39m
  [36m/>[39m

  Name "Change Item 589":
  [36m<article[39m
    [33maria-labelledby[39m=[32m"change-item-588-heading"[39m
    [33mclass[39m=[32m"MuiPaper-root MuiPaper-elevation MuiPaper-rounded MuiPaper-elevation1 css-fw7llw-MuiPaper-root"[39m
    [33mstyle[39m=[32m"--Paper-shadow: 0px 2px 1px -1px rgba(0,0,0,0.2),0px 1px 1px 0px rgba(0,0,0,0.14),0px 1px 3px 0px rgba(0,0,0,0.12);"[39m
  [36m/>[39m

  Name "Change Item 590":
  [36m<article[39m
    [33maria-labelledby[39m=[32m"change-item-589-heading"[39m
    [33mclass[39m=[32m"MuiPaper-root MuiPaper-elevation MuiPaper-rounded MuiPaper-elevation1 css-fw7llw-MuiPaper-root"[39m
    [33mstyle[39m=[32m"--Paper-shadow: 0px 2px 1px -1px rgba(0,0,0,0.2),0px 1px 1px 0px rgba(0,0,0,0.14),0px 1px 3px 0px rgba(0,0,0,0.12);"[39m
  [36m/>[39m

  Name "Change Item 591":
  [36m<article[39m
    [33maria-labelledby[39m=[32m"change-item-590-heading"[39m
    [33mclass[39m=[32m"MuiPaper-root MuiPaper-elevation MuiPaper-rounded MuiPaper-elevation1 css-fw7llw-MuiPaper-root"[39m
    [33mstyle[39m=[32m"--Paper-shadow: 0px 2px 1px -1px rgba(0,0,0,0.2),0px 1px 1px 0px rgba(0,0,0,0.14),0px 1px 3px 0px rgba(0,0,0,0.12);"[39m
  [36m/>[39m

  Name "Change Item 592":
  [36m<article[39m
    [33maria-labelledby[39m=[32m"change-item-591-heading"[39m
    [33mclass[39m=[32m"MuiPaper-root MuiPaper-elevation MuiPaper-rounded MuiPaper-elevation1 css-fw7llw-MuiPaper-root"[39m
    [33mstyle[39m=[32m"--Paper-shadow: 0px 2px 1px -1px rgba(0,0,0,0.2),0px 1px 1px 0px rgba(0,0,0,0.14),0px 1px 3px 0px rgba(0,0,0,0.12);"[39m
  [36m/>[39m

  Name "Change Item 593":
  [36m<article[39m
    [33maria-labelledby[39m=[32m"change-item-592-heading"[39m
    [33mclass[39m=[32m"MuiPaper-root MuiPaper-elevation MuiPaper-rounded MuiPaper-elevation1 css-fw7llw-MuiPaper-root"[39m
    [33mstyle[39m=[32m"--Paper-shadow: 0px 2px 1px -1px rgba(0,0,0,0.2),0px 1px 1px 0px rgba(0,0,0,0.14),0px 1px 3px 0px rgba(0,0,0,0.12);"[39m
  [36m/>[39m

  Name "Change Item 594":
  [36m<article[39m
    [33maria-labelledby[39m=[32m"change-item-593-heading"[39m
    [33mclass[39m=[32m"MuiPaper-root MuiPaper-elevation MuiPaper-rounded MuiPaper-elevation1 css-fw7llw-MuiPaper-root"[39m
    [33mstyle[39m=[32m"--Paper-shadow: 0px 2px 1px -1px rgba(0,0,0,0.2),0px 1px 1px 0px rgba(0,0,0,0.14),0px 1px 3px 0px rgba(0,0,0,0.12);"[39m
  [36m/>[39m

  Name "Change Item 595":
  [36m<article[39m
    [33maria-labelledby[39m=[32m"change-item-594-heading"[39m
    [33mclass[39m=[32m"MuiPaper-root MuiPaper-elevation MuiPaper-rounded MuiPaper-elevation1 css-fw7llw-MuiPaper-root"[39m
    [33mstyle[39m=[32m"--Paper-shadow: 0px 2px 1px -1px rgba(0,0,0,0.2),0px 1px 1px 0px rgba(0,0,0,0.14),0px 1px 3px 0px rgba(0,0,0,0.12);"[39m
  [36m/>[39m

  Name "Change Item 596":
  [36m<article[39m
    [33maria-labelledby[39m=[32m"change-item-595-heading"[39m
    [33mclass[39m=[32m"MuiPaper-root MuiPaper-elevation MuiPaper-rounded MuiPaper-elevation1 css-fw7llw-MuiPaper-root"[39m
    [33mstyle[39m=[32m"--Paper-shadow: 0px 2px 1px -1px rgba(0,0,0,0.2),0px 1px 1px 0px rgba(0,0,0,0.14),0px 1px 3px 0px rgba(0,0,0,0.12);"[39m
  [36m/>[39m

  Name "Change Item 597":
  [36m<article[39m
    [33maria-labelledby[39m=[32m"change-item-596-heading"[39m
    [33mclass[39m=[32m"MuiPaper-root MuiPaper-elevation MuiPaper-rounded MuiPaper-elevation1 css-fw7llw-MuiPaper-root"[39m
    [33mstyle[39m=[32m"--Paper-shadow: 0px 2px 1px -1px rgba(0,0,0,0.2),0px 1px 1px 0px rgba(0,0,0,0.14),0px 1px 3px 0px rgba(0,0,0,0.12);"[39m
  [36m/>[39m

  Name "Change Item 598":
  [36m<article[39m
    [33maria-labelledby[39m=[32m"change-item-597-heading"[39m
    [33mclass[39m=[32m"MuiPaper-root MuiPaper-elevation MuiPaper-rounded MuiPaper-elevation1 css-fw7llw-MuiPaper-root"[39m
    [33mstyle[39m=[32m"--Paper-shadow: 0px 2px 1px -1px rgba(0,0,0,0.2),0px 1px 1px 0px rgba(0,0,0,0.14),0px 1px 3px 0px rgba(0,0,0,0.12);"[39m
  [36m/>[39m

  Name "Change Item 599":
  [36m<article[39m
    [33maria-labelledby[39m=[32m"change-item-598-heading"[39m
    [33mclass[39m=[32m"MuiPaper-root MuiPaper-elevation MuiPaper-rounded MuiPaper-elevation1 css-fw7llw-MuiPaper-root"[39m
    [33mstyle[39m=[32m"--Paper-shadow: 0px 2px 1px -1px rgba(0,0,0,0.2),0px 1px 1px 0px rgba(0,0,0,0.14),0px 1px 3px 0px rgba(0,0,0,0.12);"[39m
  [36m/>[39m

  Name "Change Item 600":
  [36m<article[39m
    [33maria-labelledby[39m=[32m"change-item-599-heading"[39m
    [33mclass[39m=[32m"MuiPaper-root MuiPaper-elevation MuiPaper-rounded MuiPaper-elevation1 css-fw7llw-MuiPaper-root"[39m
    [33mstyle[39m=[32m"--Paper-shadow: 0px 2px 1px -1px rgba(0,0,0,0.2),0px 1px 1px 0px rgba(0,0,0,0.14),0px 1px 3px 0px rgba(0,0,0,0.12);"[39m
  [36m/>[39m

  Name "Change Item 601":
  [36m<article[39m
    [33maria-labelledby[39m=[32m"change-item-600-heading"[39m
    [33mclass[39m=[32m"MuiPaper-root MuiPaper-elevation MuiPaper-rounded MuiPaper-elevation1 css-fw7llw-MuiPaper-root"[39m
    [33mstyle[39m=[32m"--Paper-shadow: 0px 2px 1px -1px rgba(0,0,0,0.2),0px 1px 1px 0px rgba(0,0,0,0.14),0px 1px 3px 0px rgba(0,0,0,0.12);"[39m
  [36m/>[39m

  Name "Change Item 602":
  [36m<article[39m
    [33maria-labelledby[39m=[32m"change-item-601-heading"[39m
    [33mclass[39m=[32m"MuiPaper-root MuiPaper-elevation MuiPaper-rounded MuiPaper-elevation1 css-fw7llw-MuiPaper-root"[39m
    [33mstyle[39m=[32m"--Paper-shadow: 0px 2px 1px -1px rgba(0,0,0,0.2),0px 1px 1px 0px rgba(0,0,0,0.14),0px 1px 3px 0px rgba(0,0,0,0.12);"[39m
  [36m/>[39m

  Name "Change Item 603":
  [36m<article[39m
    [33maria-labelledby[39m=[32m"change-item-602-heading"[39m
    [33mclass[39m=[32m"MuiPaper-root MuiPaper-elevation MuiPaper-rounded MuiPaper-elevation1 css-fw7llw-MuiPaper-root"[39m
    [33mstyle[39m=[32m"--Paper-shadow: 0px 2px 1px -1px rgba(0,0,0,0.2),0px 1px 1px 0px rgba(0,0,0,0.14),0px 1px 3px 0px rgba(0,0,0,0.12);"[39m
  [36m/>[39m

  Name "Change Item 604":
  [36m<article[39m
    [33maria-labelledby[39m=[32m"change-item-603-heading"[39m
    [33mclass[39m=[32m"MuiPaper-root MuiPaper-elevation MuiPaper-rounded MuiPaper-elevation1 css-fw7llw-MuiPaper-root"[39m
    [33mstyle[39m=[32m"--Paper-shadow: 0px 2px 1px -1px rgba(0,0,0,0.2),0px 1px 1px 0px rgba(0,0,0,0.14),0px 1px 3px 0px rgba(0,0,0,0.12);"[39m
  [36m/>[39m

  Name "Change Item 605":
  [36m<article[39m
    [33maria-labelledby[39m=[32m"change-item-604-heading"[39m
    [33mclass[39m=[32m"MuiPaper-root MuiPaper-elevation MuiPaper-rounded MuiPaper-elevation1 css-fw7llw-MuiPaper-root"[39m
    [33mstyle[39m=[32m"--Paper-shadow: 0px 2px 1px -1px rgba(0,0,0,0.2),0px 1px 1px 0px rgba(0,0,0,0.14),0px 1px 3px 0px rgba(0,0,0,0.12);"[39m
  [36m/>[39m

  Name "Change Item 606":
  [36m<article[39m
    [33maria-labelledby[39m=[32m"change-item-605-heading"[39m
    [33mclass[39m=[32m"MuiPaper-root MuiPaper-elevation MuiPaper-rounded MuiPaper-elevation1 css-fw7llw-MuiPaper-root"[39m
    [33mstyle[39m=[32m"--Paper-shadow: 0px 2px 1px -1px rgba(0,0,0,0.2),0px 1px 1px 0px rgba(0,0,0,0.14),0px 1px 3px 0px rgba(0,0,0,0.12);"[39m
  [36m/>[39m

  Name "Change Item 607":
  [36m<article[39m
    [33maria-labelledby[39m=[32m"change-item-606-heading"[39m
    [33mclass[39m=[32m"MuiPaper-root MuiPaper-elevation MuiPaper-rounded MuiPaper-elevation1 css-fw7llw-MuiPaper-root"[39m
    [33mstyle[39m=[32m"--Paper-shadow: 0px 2px 1px -1px rgba(0,0,0,0.2),0px 1px 1px 0px rgba(0,0,0,0.14),0px 1px 3px 0px rgba(0,0,0,0.12);"[39m
  [36m/>[39m

  Name "Change Item 608":
  [36m<article[39m
    [33maria-labelledby[39m=[32m"change-item-607-heading"[39m
    [33mclass[39m=[32m"MuiPaper-root MuiPaper-elevation MuiPaper-rounded MuiPaper-elevation1 css-fw7llw-MuiPaper-root"[39m
    [33mstyle[39m=[32m"--Paper-shadow: 0px 2px 1px -1px rgba(0,0,0,0.2),0px 1px 1px 0px rgba(0,0,0,0.14),0px 1px 3px 0px rgba(0,0,0,0.12);"[39m
  [36m/>[39m

  Name "Change Item 609":
  [36m<article[39m
    [33maria-labelledby[39m=[32m"change-item-608-heading"[39m
    [33mclass[39m=[32m"MuiPaper-root MuiPaper-elevation MuiPaper-rounded MuiPaper-elevation1 css-fw7llw-MuiPaper-root"[39m
    [33mstyle[39m=[32m"--Paper-shadow: 0px 2px 1px -1px rgba(0,0,0,0.2),0px 1px 1px 0px rgba(0,0,0,0.14),0px 1px 3px 0px rgba(0,0,0,0.12);"[39m
  [36m/>[39m

  Name "Change Item 610":
  [36m<article[39m
    [33maria-labelledby[39m=[32m"change-item-609-heading"[39m
    [33mclass[39m=[32m"MuiPaper-root MuiPaper-elevation MuiPaper-rounded MuiPaper-elevation1 css-fw7llw-MuiPaper-root"[39m
    [33mstyle[39m=[32m"--Paper-shadow: 0px 2px 1px -1px rgba(0,0,0,0.2),0px 1px 1px 0px rgba(0,0,0,0.14),0px 1px 3px 0px rgba(0,0,0,0.12);"[39m
  [36m/>[39m

  Name "Change Item 611":
  [36m<article[39m
    [33maria-labelledby[39m=[32m"change-item-610-heading"[39m
    [33mclass[39m=[32m"MuiPaper-root MuiPaper-elevation MuiPaper-rounded MuiPaper-elevation1 css-fw7llw-MuiPaper-root"[39m
    [33mstyle[39m=[32m"--Paper-shadow: 0px 2px 1px -1px rgba(0,0,0,0.2),0px 1px 1px 0px rgba(0,0,0,0.14),0px 1px 3px 0px rgba(0,0,0,0.12);"[39m
  [36m/>[39m

  Name "Change Item 612":
  [36m<article[39m
    [33maria-labelledby[39m=[32m"change-item-611-heading"[39m
    [33mclass[39m=[32m"MuiPaper-root MuiPaper-elevation MuiPaper-rounded MuiPaper-elevation1 css-fw7llw-MuiPaper-root"[39m
    [33mstyle[39m=[32m"--Paper-shadow: 0px 2px 1px -1px rgba(0,0,0,0.2),0px 1px 1px 0px rgba(0,0,0,0.14),0px 1px 3px 0px rgba(0,0,0,0.12);"[39m
  [36m/>[39m

  Name "Change Item 613":
  [36m<article[39m
    [33maria-labelledby[39m=[32m"change-item-612-heading"[39m
    [33mclass[39m=[32m"MuiPaper-root MuiPaper-elevation MuiPaper-rounded MuiPaper-elevation1 css-fw7llw-MuiPaper-root"[39m
    [33mstyle[39m=[32m"--Paper-shadow: 0px 2px 1px -1px rgba(0,0,0,0.2),0px 1px 1px 0px rgba(0,0,0,0.14),0px 1px 3px 0px rgba(0,0,0,0.12);"[39m
  [36m/>[39m

  Name "Change Item 614":
  [36m<article[39m
    [33maria-labelledby[39m=[32m"change-item-613-heading"[39m
    [33mclass[39m=[32m"MuiPaper-root MuiPaper-elevation MuiPaper-rounded MuiPaper-elevation1 css-fw7llw-MuiPaper-root"[39m
    [33mstyle[39m=[32m"--Paper-shadow: 0px 2px 1px -1px rgba(0,0,0,0.2),0px 1px 1px 0px rgba(0,0,0,0.14),0px 1px 3px 0px rgba(0,0,0,0.12);"[39m
  [36m/>[39m

  Name "Change Item 615":
  [36m<article[39m
    [33maria-labelledby[39m=[32m"change-item-614-heading"[39m
    [33mclass[39m=[32m"MuiPaper-root MuiPaper-elevation MuiPaper-rounded MuiPaper-elevation1 css-fw7llw-MuiPaper-root"[39m
    [33mstyle[39m=[32m"--Paper-shadow: 0px 2px 1px -1px rgba(0,0,0,0.2),0px 1px 1px 0px rgba(0,0,0,0.14),0px 1px 3px 0px rgba(0,0,0,0.12);"[39m
  [36m/>[39m

  Name "Change Item 616":
  [36m<article[39m
    [33maria-labelledby[39m=[32m"change-item-615-heading"[39m
    [33mclass[39m=[32m"MuiPaper-root MuiPaper-elevation MuiPaper-rounded MuiPaper-elevation1 css-fw7llw-MuiPaper-root"[39m
    [33mstyle[39m=[32m"--Paper-shadow: 0px 2px 1px -1px rgba(0,0,0,0.2),0px 1px 1px 0px rgba(0,0,0,0.14),0px 1px 3px 0px rgba(0,0,0,0.12);"[39m
  [36m/>[39m

  Name "Change Item 617":
  [36m<article[39m
    [33maria-labelledby[39m=[32m"change-item-616-heading"[39m
    [33mclass[39m=[32m"MuiPaper-root MuiPaper-elevation MuiPaper-rounded MuiPaper-elevation1 css-fw7llw-MuiPaper-root"[39m
    [33mstyle[39m=[32m"--Paper-shadow: 0px 2px 1px -1px rgba(0,0,0,0.2),0px 1px 1px 0px rgba(0,0,0,0.14),0px 1px 3px 0px rgba(0,0,0,0.12);"[39m
  [36m/>[39m

  Name "Change Item 618":
  [36m<article[39m
    [33maria-labelledby[39m=[32m"change-item-617-heading"[39m
    [33mclass[39m=[32m"MuiPaper-root MuiPaper-elevation MuiPaper-rounded MuiPaper-elevation1 css-fw7llw-MuiPaper-root"[39m
    [33mstyle[39m=[32m"--Paper-shadow: 0px 2px 1px -1px rgba(0,0,0,0.2),0px 1px 1px 0px rgba(0,0,0,0.14),0px 1px 3px 0px rgba(0,0,0,0.12);"[39m
  [36m/>[39m

  Name "Change Item 619":
  [36m<article[39m
    [33maria-labelledby[39m=[32m"change-item-618-heading"[39m
    [33mclass[39m=[32m"MuiPaper-root MuiPaper-elevation MuiPaper-rounded MuiPaper-elevation1 css-fw7llw-MuiPaper-root"[39m
    [33mstyle[39m=[32m"--Paper-shadow: 0px 2px 1px -1px rgba(0,0,0,0.2),0px 1px 1px 0px rgba(0,0,0,0.14),0px 1px 3px 0px rgba(0,0,0,0.12);"[39m
  [36m/>[39m

  Name "Change Item 620":
  [36m<article[39m
    [33maria-labelledby[39m=[32m"change-item-619-heading"[39m
    [33mclass[39m=[32m"MuiPaper-root MuiPaper-elevation MuiPaper-rounded MuiPaper-elevation1 css-fw7llw-MuiPaper-root"[39m
    [33mstyle[39m=[32m"--Paper-shadow: 0px 2px 1px -1px rgba(0,0,0,0.2),0px 1px 1px 0px rgba(0,0,0,0.14),0px 1px 3px 0px rgba(0,0,0,0.12);"[39m
  [36m/>[39m

  Name "Change Item 621":
  [36m<article[39m
    [33maria-labelledby[39m=[32m"change-item-620-heading"[39m
    [33mclass[39m=[32m"MuiPaper-root MuiPaper-elevation MuiPaper-rounded MuiPaper-elevation1 css-fw7llw-MuiPaper-root"[39m
    [33mstyle[39m=[32m"--Paper-shadow: 0px 2px 1px -1px rgba(0,0,0,0.2),0px 1px 1px 0px rgba(0,0,0,0.14),0px 1px 3px 0px rgba(0,0,0,0.12);"[39m
  [36m/>[39m

  Name "Change Item 622":
  [36m<article[39m
    [33maria-labelledby[39m=[32m"change-item-621-heading"[39m
    [33mclass[39m=[32m"MuiPaper-root MuiPaper-elevation MuiPaper-rounded MuiPaper-elevation1 css-fw7llw-MuiPaper-root"[39m
    [33mstyle[39m=[32m"--Paper-shadow: 0px 2px 1px -1px rgba(0,0,0,0.2),0px 1px 1px 0px rgba(0,0,0,0.14),0px 1px 3px 0px rgba(0,0,0,0.12);"[39m
  [36m/>[39m

  Name "Change Item 623":
  [36m<article[39m
    [33maria-labelledby[39m=[32m"change-item-622-heading"[39m
    [33mclass[39m=[32m"MuiPaper-root MuiPaper-elevation MuiPaper-rounded MuiPaper-elevation1 css-fw7llw-MuiPaper-root"[39m
    [33mstyle[39m=[32m"--Paper-shadow: 0px 2px 1px -1px rgba(0,0,0,0.2),0px 1px 1px 0px rgba(0,0,0,0.14),0px 1px 3px 0px rgba(0,0,0,0.12);"[39m
  [36m/>[39m

  Name "Change Item 624":
  [36m<article[39m
    [33maria-labelledby[39m=[32m"change-item-623-heading"[39m
    [33mclass[39m=[32m"MuiPaper-root MuiPaper-elevation MuiPaper-rounded MuiPaper-elevation1 css-fw7llw-MuiPaper-root"[39m
    [33mstyle[39m=[32m"--Paper-shadow: 0px 2px 1px -1px rgba(0,0,0,0.2),0px 1px 1px 0px rgba(0,0,0,0.14),0px 1px 3px 0px rgba(0,0,0,0.12);"[39m
  [36m/>[39m

  Name "Change Item 625":
  [36m<article[39m
    [33maria-labelledby[39m=[32m"change-item-624-heading"[39m
    [33mclass[39m=[32m"MuiPaper-root MuiPaper-elevation MuiPaper-rounded MuiPaper-elevation1 css-fw7llw-MuiPaper-root"[39m
    [33mstyle[39m=[32m"--Paper-shadow: 0px 2px 1px -1px rgba(0,0,0,0.2),0px 1px 1px 0px rgba(0,0,0,0.14),0px 1px 3px 0px rgba(0,0,0,0.12);"[39m
  [36m/>[39m

  Name "Change Item 626":
  [36m<article[39m
    [33maria-labelledby[39m=[32m"change-item-625-heading"[39m
    [33mclass[39m=[32m"MuiPaper-root MuiPaper-elevation MuiPaper-rounded MuiPaper-elevation1 css-fw7llw-MuiPaper-root"[39m
    [33mstyle[39m=[32m"--Paper-shadow: 0px 2px 1px -1px rgba(0,0,0,0.2),0px 1px 1px 0px rgba(0,0,0,0.14),0px 1px 3px 0px rgba(0,0,0,0.12);"[39m
  [36m/>[39m

  Name "Change Item 627":
  [36m<article[39m
    [33maria-labelledby[39m=[32m"change-item-626-heading"[39m
    [33mclass[39m=[32m"MuiPaper-root MuiPaper-elevation MuiPaper-rounded MuiPaper-elevation1 css-fw7llw-MuiPaper-root"[39m
    [33mstyle[39m=[32m"--Paper-shadow: 0px 2px 1px -1px rgba(0,0,0,0.2),0px 1px 1px 0px rgba(0,0,0,0.14),0px 1px 3px 0px rgba(0,0,0,0.12);"[39m
  [36m/>[39m

  Name "Change Item 628":
  [36m<article[39m
    [33maria-labelledby[39m=[32m"change-item-627-heading"[39m
    [33mclass[39m=[32m"MuiPaper-root MuiPaper-elevation MuiPaper-rounded MuiPaper-elevation1 css-fw7llw-MuiPaper-root"[39m
    [33mstyle[39m=[32m"--Paper-shadow: 0px 2px 1px -1px rgba(0,0,0,0.2),0px 1px 1px 0px rgba(0,0,0,0.14),0px 1px 3px 0px rgba(0,0,0,0.12);"[39m
  [36m/>[39m

  Name "Change Item 629":
  [36m<article[39m
    [33maria-labelledby[39m=[32m"change-item-628-heading"[39m
    [33mclass[39m=[32m"MuiPaper-root MuiPaper-elevation MuiPaper-rounded MuiPaper-elevation1 css-fw7llw-MuiPaper-root"[39m
    [33mstyle[39m=[32m"--Paper-shadow: 0px 2px 1px -1px rgba(0,0,0,0.2),0px 1px 1px 0px rgba(0,0,0,0.14),0px 1px 3px 0px rgba(0,0,0,0.12);"[39m
  [36m/>[39m

  Name "Change Item 630":
  [36m<article[39m
    [33maria-labelledby[39m=[32m"change-item-629-heading"[39m
    [33mclass[39m=[32m"MuiPaper-root MuiPaper-elevation MuiPaper-rounded MuiPaper-elevation1 css-fw7llw-MuiPaper-root"[39m
    [33mstyle[39m=[32m"--Paper-shadow: 0px 2px 1px -1px rgba(0,0,0,0.2),0px 1px 1px 0px rgba(0,0,0,0.14),0px 1px 3px 0px rgba(0,0,0,0.12);"[39m
  [36m/>[39m

  Name "Change Item 631":
  [36m<article[39m
    [33maria-labelledby[39m=[32m"change-item-630-heading"[39m
    [33mclass[39m=[32m"MuiPaper-root MuiPaper-elevation MuiPaper-rounded MuiPaper-elevation1 css-fw7llw-MuiPaper-root"[39m
    [33mstyle[39m=[32m"--Paper-shadow: 0px 2px 1px -1px rgba(0,0,0,0.2),0px 1px 1px 0px rgba(0,0,0,0.14),0px 1px 3px 0px rgba(0,0,0,0.12);"[39m
  [36m/>[39m

  Name "Change Item 632":
  [36m<article[39m
    [33maria-labelledby[39m=[32m"change-item-631-heading"[39m
    [33mclass[39m=[32m"MuiPaper-root MuiPaper-elevation MuiPaper-rounded MuiPaper-elevation1 css-fw7llw-MuiPaper-root"[39m
    [33mstyle[39m=[32m"--Paper-shadow: 0px 2px 1px -1px rgba(0,0,0,0.2),0px 1px 1px 0px rgba(0,0,0,0.14),0px 1px 3px 0px rgba(0,0,0,0.12);"[39m
  [36m/>[39m

  Name "Change Item 633":
  [36m<article[39m
    [33maria-labelledby[39m=[32m"change-item-632-heading"[39m
    [33mclass[39m=[32m"MuiPaper-root MuiPaper-elevation MuiPaper-rounded MuiPaper-elevation1 css-fw7llw-MuiPaper-root"[39m
    [33mstyle[39m=[32m"--Paper-shadow: 0px 2px 1px -1px rgba(0,0,0,0.2),0px 1px 1px 0px rgba(0,0,0,0.14),0px 1px 3px 0px rgba(0,0,0,0.12);"[39m
  [36m/>[39m

  Name "Change Item 634":
  [36m<article[39m
    [33maria-labelledby[39m=[32m"change-item-633-heading"[39m
    [33mclass[39m=[32m"MuiPaper-root MuiPaper-elevation MuiPaper-rounded MuiPaper-elevation1 css-fw7llw-MuiPaper-root"[39m
    [33mstyle[39m=[32m"--Paper-shadow: 0px 2px 1px -1px rgba(0,0,0,0.2),0px 1px 1px 0px rgba(0,0,0,0.14),0px 1px 3px 0px rgba(0,0,0,0.12);"[39m
  [36m/>[39m

  Name "Change Item 635":
  [36m<article[39m
    [33maria-labelledby[39m=[32m"change-item-634-heading"[39m
    [33mclass[39m=[32m"MuiPaper-root MuiPaper-elevation MuiPaper-rounded MuiPaper-elevation1 css-fw7llw-MuiPaper-root"[39m
    [33mstyle[39m=[32m"--Paper-shadow: 0px 2px 1px -1px rgba(0,0,0,0.2),0px 1px 1px 0px rgba(0,0,0,0.14),0px 1px 3px 0px rgba(0,0,0,0.12);"[39m
  [36m/>[39m

  Name "Change Item 636":
  [36m<article[39m
    [33maria-labelledby[39m=[32m"change-item-635-heading"[39m
    [33mclass[39m=[32m"MuiPaper-root MuiPaper-elevation MuiPaper-rounded MuiPaper-elevation1 css-fw7llw-MuiPaper-root"[39m
    [33mstyle[39m=[32m"--Paper-shadow: 0px 2px 1px -1px rgba(0,0,0,0.2),0px 1px 1px 0px rgba(0,0,0,0.14),0px 1px 3px 0px rgba(0,0,0,0.12);"[39m
  [36m/>[39m

  Name "Change Item 637":
  [36m<article[39m
    [33maria-labelledby[39m=[32m"change-item-636-heading"[39m
    [33mclass[39m=[32m"MuiPaper-root MuiPaper-elevation MuiPaper-rounded MuiPaper-elevation1 css-fw7llw-MuiPaper-root"[39m
    [33mstyle[39m=[32m"--Paper-shadow: 0px 2px 1px -1px rgba(0,0,0,0.2),0px 1px 1px 0px rgba(0,0,0,0.14),0px 1px 3px 0px rgba(0,0,0,0.12);"[39m
  [36m/>[39m

  Name "Change Item 638":
  [36m<article[39m
    [33maria-labelledby[39m=[32m"change-item-637-heading"[39m
    [33mclass[39m=[32m"MuiPaper-root MuiPaper-elevation MuiPaper-rounded MuiPaper-elevation1 css-fw7llw-MuiPaper-root"[39m
    [33mstyle[39m=[32m"--Paper-shadow: 0px 2px 1px -1px rgba(0,0,0,0.2),0px 1px 1px 0px rgba(0,0,0,0.14),0px 1px 3px 0px rgba(0,0,0,0.12);"[39m
  [36m/>[39m

  Name "Change Item 639":
  [36m<article[39m
    [33maria-labelledby[39m=[32m"change-item-638-heading"[39m
    [33mclass[39m=[32m"MuiPaper-root MuiPaper-elevation MuiPaper-rounded MuiPaper-elevation1 css-fw7llw-MuiPaper-root"[39m
    [33mstyle[39m=[32m"--Paper-shadow: 0px 2px 1px -1px rgba(0,0,0,0.2),0px 1px 1px 0px rgba(0,0,0,0.14),0px 1px 3px 0px rgba(0,0,0,0.12);"[39m
  [36m/>[39m

  Name "Change Item 640":
  [36m<article[39m
    [33maria-labelledby[39m=[32m"change-item-639-heading"[39m
    [33mclass[39m=[32m"MuiPaper-root MuiPaper-elevation MuiPaper-rounded MuiPaper-elevation1 css-fw7llw-MuiPaper-root"[39m
    [33mstyle[39m=[32m"--Paper-shadow: 0px 2px 1px -1px rgba(0,0,0,0.2),0px 1px 1px 0px rgba(0,0,0,0.14),0px 1px 3px 0px rgba(0,0,0,0.12);"[39m
  [36m/>[39m

  Name "Change Item 641":
  [36m<article[39m
    [33maria-labelledby[39m=[32m"change-item-640-heading"[39m
    [33mclass[39m=[32m"MuiPaper-root MuiPaper-elevation MuiPaper-rounded MuiPaper-elevation1 css-fw7llw-MuiPaper-root"[39m
    [33mstyle[39m=[32m"--Paper-shadow: 0px 2px 1px -1px rgba(0,0,0,0.2),0px 1px 1px 0px rgba(0,0,0,0.14),0px 1px 3px 0px rgba(0,0,0,0.12);"[39m
  [36m/>[39m

  Name "Change Item 642":
  [36m<article[39m
    [33maria-labelledby[39m=[32m"change-item-641-heading"[39m
    [33mclass[39m=[32m"MuiPaper-root MuiPaper-elevation MuiPaper-rounded MuiPaper-elevation1 css-fw7llw-MuiPaper-root"[39m
    [33mstyle[39m=[32m"--Paper-shadow: 0px 2px 1px -1px rgba(0,0,0,0.2),0px 1px 1px 0px rgba(0,0,0,0.14),0px 1px 3px 0px rgba(0,0,0,0.12);"[39m
  [36m/>[39m

  Name "Change Item 643":
  [36m<article[39m
    [33maria-labelledby[39m=[32m"change-item-642-heading"[39m
    [33mclass[39m=[32m"MuiPaper-root MuiPaper-elevation MuiPaper-rounded MuiPaper-elevation1 css-fw7llw-MuiPaper-root"[39m
    [33mstyle[39m=[32m"--Paper-shadow: 0px 2px 1px -1px rgba(0,0,0,0.2),0px 1px 1px 0px rgba(0,0,0,0.14),0px 1px 3px 0px rgba(0,0,0,0.12);"[39m
  [36m/>[39m

  Name "Change Item 644":
  [36m<article[39m
    [33maria-labelledby[39m=[32m"change-item-643-heading"[39m
    [33mclass[39m=[32m"MuiPaper-root MuiPaper-elevation MuiPaper-rounded MuiPaper-elevation1 css-fw7llw-MuiPaper-root"[39m
    [33mstyle[39m=[32m"--Paper-shadow: 0px 2px 1px -1px rgba(0,0,0,0.2),0px 1px 1px 0px rgba(0,0,0,0.14),0px 1px 3px 0px rgba(0,0,0,0.12);"[39m
  [36m/>[39m

  Name "Change Item 645":
  [36m<article[39m
    [33maria-labelledby[39m=[32m"change-item-644-heading"[39m
    [33mclass[39m=[32m"MuiPaper-root MuiPaper-elevation MuiPaper-rounded MuiPaper-elevation1 css-fw7llw-MuiPaper-root"[39m
    [33mstyle[39m=[32m"--Paper-shadow: 0px 2px 1px -1px rgba(0,0,0,0.2),0px 1px 1px 0px rgba(0,0,0,0.14),0px 1px 3px 0px rgba(0,0,0,0.12);"[39m
  [36m/>[39m

  Name "Change Item 646":
  [36m<article[39m
    [33maria-labelledby[39m=[32m"change-item-645-heading"[39m
    [33mclass[39m=[32m"MuiPaper-root MuiPaper-elevation MuiPaper-rounded MuiPaper-elevation1 css-fw7llw-MuiPaper-root"[39m
    [33mstyle[39m=[32m"--Paper-shadow: 0px 2px 1px -1px rgba(0,0,0,0.2),0px 1px 1px 0px rgba(0,0,0,0.14),0px 1px 3px 0px rgba(0,0,0,0.12);"[39m
  [36m/>[39m

  Name "Change Item 647":
  [36m<article[39m
    [33maria-labelledby[39m=[32m"change-item-646-heading"[39m
    [33mclass[39m=[32m"MuiPaper-root MuiPaper-elevation MuiPaper-rounded MuiPaper-elevation1 css-fw7llw-MuiPaper-root"[39m
    [33mstyle[39m=[32m"--Paper-shadow: 0px 2px 1px -1px rgba(0,0,0,0.2),0px 1px 1px 0px rgba(0,0,0,0.14),0px 1px 3px 0px rgba(0,0,0,0.12);"[39m
  [36m/>[39m

  Name "Change Item 648":
  [36m<article[39m
    [33maria-labelledby[39m=[32m"change-item-647-heading"[39m
    [33mclass[39m=[32m"MuiPaper-root MuiPaper-elevation MuiPaper-rounded MuiPaper-elevation1 css-fw7llw-MuiPaper-root"[39m
    [33mstyle[39m=[32m"--Paper-shadow: 0px 2px 1px -1px rgba(0,0,0,0.2),0px 1px 1px 0px rgba(0,0,0,0.14),0px 1px 3px 0px rgba(0,0,0,0.12);"[39m
  [36m/>[39m

  Name "Change Item 649":
  [36m<article[39m
    [33maria-labelledby[39m=[32m"change-item-648-heading"[39m
    [33mclass[39m=[32m"MuiPaper-root MuiPaper-elevation MuiPaper-rounded MuiPaper-elevation1 css-fw7llw-MuiPaper-root"[39m
    [33mstyle[39m=[32m"--Paper-shadow: 0px 2px 1px -1px rgba(0,0,0,0.2),0px 1px 1px 0px rgba(0,0,0,0.14),0px 1px 3px 0px rgba(0,0,0,0.12);"[39m
  [36m/>[39m

  Name "Change Item 650":
  [36m<article[39m
    [33maria-labelledby[39m=[32m"change-item-649-heading"[39m
    [33mclass[39m=[32m"MuiPaper-root MuiPaper-elevation MuiPaper-rounded MuiPaper-elevation1 css-fw7llw-MuiPaper-root"[39m
    [33mstyle[39m=[32m"--Paper-shadow: 0px 2px 1px -1px rgba(0,0,0,0.2),0px 1px 1px 0px rgba(0,0,0,0.14),0px 1px 3px 0px rgba(0,0,0,0.12);"[39m
  [36m/>[39m

  Name "Change Item 651":
  [36m<article[39m
    [33maria-labelledby[39m=[32m"change-item-650-heading"[39m
    [33mclass[39m=[32m"MuiPaper-root MuiPaper-elevation MuiPaper-rounded MuiPaper-elevation1 css-fw7llw-MuiPaper-root"[39m
    [33mstyle[39m=[32m"--Paper-shadow: 0px 2px 1px -1px rgba(0,0,0,0.2),0px 1px 1px 0px rgba(0,0,0,0.14),0px 1px 3px 0px rgba(0,0,0,0.12);"[39m
  [36m/>[39m

  Name "Change Item 652":
  [36m<article[39m
    [33maria-labelledby[39m=[32m"change-item-651-heading"[39m
    [33mclass[39m=[32m"MuiPaper-root MuiPaper-elevation MuiPaper-rounded MuiPaper-elevation1 css-fw7llw-MuiPaper-root"[39m
    [33mstyle[39m=[32m"--Paper-shadow: 0px 2px 1px -1px rgba(0,0,0,0.2),0px 1px 1px 0px rgba(0,0,0,0.14),0px 1px 3px 0px rgba(0,0,0,0.12);"[39m
  [36m/>[39m

  Name "Change Item 653":
  [36m<article[39m
    [33maria-labelledby[39m=[32m"change-item-652-heading"[39m
    [33mclass[39m=[32m"MuiPaper-root MuiPaper-elevation MuiPaper-rounded MuiPaper-elevation1 css-fw7llw-MuiPaper-root"[39m
    [33mstyle[39m=[32m"--Paper-shadow: 0px 2px 1px -1px rgba(0,0,0,0.2),0px 1px 1px 0px rgba(0,0,0,0.14),0px 1px 3px 0px rgba(0,0,0,0.12);"[39m
  [36m/>[39m

  Name "Change Item 654":
  [36m<article[39m
    [33maria-labelledby[39m=[32m"change-item-653-heading"[39m
    [33mclass[39m=[32m"MuiPaper-root MuiPaper-elevation MuiPaper-rounded MuiPaper-elevation1 css-fw7llw-MuiPaper-root"[39m
    [33mstyle[39m=[32m"--Paper-shadow: 0px 2px 1px -1px rgba(0,0,0,0.2),0px 1px 1px 0px rgba(0,0,0,0.14),0px 1px 3px 0px rgba(0,0,0,0.12);"[39m
  [36m/>[39m

  Name "Change Item 655":
  [36m<article[39m
    [33maria-labelledby[39m=[32m"change-item-654-heading"[39m
    [33mclass[39m=[32m"MuiPaper-root MuiPaper-elevation MuiPaper-rounded MuiPaper-elevation1 css-fw7llw-MuiPaper-root"[39m
    [33mstyle[39m=[32m"--Paper-shadow: 0px 2px 1px -1px rgba(0,0,0,0.2),0px 1px 1px 0px rgba(0,0,0,0.14),0px 1px 3px 0px rgba(0,0,0,0.12);"[39m
  [36m/>[39m

  Name "Change Item 656":
  [36m<article[39m
    [33maria-labelledby[39m=[32m"change-item-655-heading"[39m
    [33mclass[39m=[32m"MuiPaper-root MuiPaper-elevation MuiPaper-rounded MuiPaper-elevation1 css-fw7llw-MuiPaper-root"[39m
    [33mstyle[39m=[32m"--Paper-shadow: 0px 2px 1px -1px rgba(0,0,0,0.2),0px 1px 1px 0px rgba(0,0,0,0.14),0px 1px 3px 0px rgba(0,0,0,0.12);"[39m
  [36m/>[39m

  Name "Change Item 657":
  [36m<article[39m
    [33maria-labelledby[39m=[32m"change-item-656-heading"[39m
    [33mclass[39m=[32m"MuiPaper-root MuiPaper-elevation MuiPaper-rounded MuiPaper-elevation1 css-fw7llw-MuiPaper-root"[39m
    [33mstyle[39m=[32m"--Paper-shadow: 0px 2px 1px -1px rgba(0,0,0,0.2),0px 1px 1px 0px rgba(0,0,0,0.14),0px 1px 3px 0px rgba(0,0,0,0.12);"[39m
  [36m/>[39m

  Name "Change Item 658":
  [36m<article[39m
    [33maria-labelledby[39m=[32m"change-item-657-heading"[39m
    [33mclass[39m=[32m"MuiPaper-root MuiPaper-elevation MuiPaper-rounded MuiPaper-elevation1 css-fw7llw-MuiPaper-root"[39m
    [33mstyle[39m=[32m"--Paper-shadow: 0px 2px 1px -1px rgba(0,0,0,0.2),0px 1px 1px 0px rgba(0,0,0,0.14),0px 1px 3px 0px rgba(0,0,0,0.12);"[39m
  [36m/>[39m

  Name "Change Item 659":
  [36m<article[39m
    [33maria-labelledby[39m=[32m"change-item-658-heading"[39m
    [33mclass[39m=[32m"MuiPaper-root MuiPaper-elevation MuiPaper-rounded MuiPaper-elevation1 css-fw7llw-MuiPaper-root"[39m
    [33mstyle[39m=[32m"--Paper-shadow: 0px 2px 1px -1px rgba(0,0,0,0.2),0px 1px 1px 0px rgba(0,0,0,0.14),0px 1px 3px 0px rgba(0,0,0,0.12);"[39m
  [36m/>[39m

  Name "Change Item 660":
  [36m<article[39m
    [33maria-labelledby[39m=[32m"change-item-659-heading"[39m
    [33mclass[39m=[32m"MuiPaper-root MuiPaper-elevation MuiPaper-rounded MuiPaper-elevation1 css-fw7llw-MuiPaper-root"[39m
    [33mstyle[39m=[32m"--Paper-shadow: 0px 2px 1px -1px rgba(0,0,0,0.2),0px 1px 1px 0px rgba(0,0,0,0.14),0px 1px 3px 0px rgba(0,0,0,0.12);"[39m
  [36m/>[39m

  Name "Change Item 661":
  [36m<article[39m
    [33maria-labelledby[39m=[32m"change-item-660-heading"[39m
    [33mclass[39m=[32m"MuiPaper-root MuiPaper-elevation MuiPaper-rounded MuiPaper-elevation1 css-fw7llw-MuiPaper-root"[39m
    [33mstyle[39m=[32m"--Paper-shadow: 0px 2px 1px -1px rgba(0,0,0,0.2),0px 1px 1px 0px rgba(0,0,0,0.14),0px 1px 3px 0px rgba(0,0,0,0.12);"[39m
  [36m/>[39m

  Name "Change Item 662":
  [36m<article[39m
    [33maria-labelledby[39m=[32m"change-item-661-heading"[39m
    [33mclass[39m=[32m"MuiPaper-root MuiPaper-elevation MuiPaper-rounded MuiPaper-elevation1 css-fw7llw-MuiPaper-root"[39m
    [33mstyle[39m=[32m"--Paper-shadow: 0px 2px 1px -1px rgba(0,0,0,0.2),0px 1px 1px 0px rgba(0,0,0,0.14),0px 1px 3px 0px rgba(0,0,0,0.12);"[39m
  [36m/>[39m

  Name "Change Item 663":
  [36m<article[39m
    [33maria-labelledby[39m=[32m"change-item-662-heading"[39m
    [33mclass[39m=[32m"MuiPaper-root MuiPaper-elevation MuiPaper-rounded MuiPaper-elevation1 css-fw7llw-MuiPaper-root"[39m
    [33mstyle[39m=[32m"--Paper-shadow: 0px 2px 1px -1px rgba(0,0,0,0.2),0px 1px 1px 0px rgba(0,0,0,0.14),0px 1px 3px 0px rgba(0,0,0,0.12);"[39m
  [36m/>[39m

  Name "Change Item 664":
  [36m<article[39m
    [33maria-labelledby[39m=[32m"change-item-663-heading"[39m
    [33mclass[39m=[32m"MuiPaper-root MuiPaper-elevation MuiPaper-rounded MuiPaper-elevation1 css-fw7llw-MuiPaper-root"[39m
    [33mstyle[39m=[32m"--Paper-shadow: 0px 2px 1px -1px rgba(0,0,0,0.2),0px 1px 1px 0px rgba(0,0,0,0.14),0px 1px 3px 0px rgba(0,0,0,0.12);"[39m
  [36m/>[39m

  Name "Change Item 665":
  [36m<article[39m
    [33maria-labelledby[39m=[32m"change-item-664-heading"[39m
    [33mclass[39m=[32m"MuiPaper-root MuiPaper-elevation MuiPaper-rounded MuiPaper-elevation1 css-fw7llw-MuiPaper-root"[39m
    [33mstyle[39m=[32m"--Paper-shadow: 0px 2px 1px -1px rgba(0,0,0,0.2),0px 1px 1px 0px rgba(0,0,0,0.14),0px 1px 3px 0px rgba(0,0,0,0.12);"[39m
  [36m/>[39m

  Name "Change Item 666":
  [36m<article[39m
    [33maria-labelledby[39m=[32m"change-item-665-heading"[39m
    [33mclass[39m=[32m"MuiPaper-root MuiPaper-elevation MuiPaper-rounded MuiPaper-elevation1 css-fw7llw-MuiPaper-root"[39m
    [33mstyle[39m=[32m"--Paper-shadow: 0px 2px 1px -1px rgba(0,0,0,0.2),0px 1px 1px 0px rgba(0,0,0,0.14),0px 1px 3px 0px rgba(0,0,0,0.12);"[39m
  [36m/>[39m

  Name "Change Item 667":
  [36m<article[39m
    [33maria-labelledby[39m=[32m"change-item-666-heading"[39m
    [33mclass[39m=[32m"MuiPaper-root MuiPaper-elevation MuiPaper-rounded MuiPaper-elevation1 css-fw7llw-MuiPaper-root"[39m
    [33mstyle[39m=[32m"--Paper-shadow: 0px 2px 1px -1px rgba(0,0,0,0.2),0px 1px 1px 0px rgba(0,0,0,0.14),0px 1px 3px 0px rgba(0,0,0,0.12);"[39m
  [36m/>[39m

  Name "Change Item 668":
  [36m<article[39m
    [33maria-labelledby[39m=[32m"change-item-667-heading"[39m
    [33mclass[39m=[32m"MuiPaper-root MuiPaper-elevation MuiPaper-rounded MuiPaper-elevation1 css-fw7llw-MuiPaper-root"[39m
    [33mstyle[39m=[32m"--Paper-shadow: 0px 2px 1px -1px rgba(0,0,0,0.2),0px 1px 1px 0px rgba(0,0,0,0.14),0px 1px 3px 0px rgba(0,0,0,0.12);"[39m
  [36m/>[39m

  Name "Change Item 669":
  [36m<article[39m
    [33maria-labelledby[39m=[32m"change-item-668-heading"[39m
    [33mclass[39m=[32m"MuiPaper-root MuiPaper-elevation MuiPaper-rounded MuiPaper-elevation1 css-fw7llw-MuiPaper-root"[39m
    [33mstyle[39m=[32m"--Paper-shadow: 0px 2px 1px -1px rgba(0,0,0,0.2),0px 1px 1px 0px rgba(0,0,0,0.14),0px 1px 3px 0px rgba(0,0,0,0.12);"[39m
  [36m/>[39m

  Name "Change Item 670":
  [36m<article[39m
    [33maria-labelledby[39m=[32m"change-item-669-heading"[39m
    [33mclass[39m=[32m"MuiPaper-root MuiPaper-elevation MuiPaper-rounded MuiPaper-elevation1 css-fw7llw-MuiPaper-root"[39m
    [33mstyle[39m=[32m"--Paper-shadow: 0px 2px 1px -1px rgba(0,0,0,0.2),0px 1px 1px 0px rgba(0,0,0,0.14),0px 1px 3px 0px rgba(0,0,0,0.12);"[39m
  [36m/>[39m

  Name "Change Item 671":
  [36m<article[39m
    [33maria-labelledby[39m=[32m"change-item-670-heading"[39m
    [33mclass[39m=[32m"MuiPaper-root MuiPaper-elevation MuiPaper-rounded MuiPaper-elevation1 css-fw7llw-MuiPaper-root"[39m
    [33mstyle[39m=[32m"--Paper-shadow: 0px 2px 1px -1px rgba(0,0,0,0.2),0px 1px 1px 0px rgba(0,0,0,0.14),0px 1px 3px 0px rgba(0,0,0,0.12);"[39m
  [36m/>[39m

  Name "Change Item 672":
  [36m<article[39m
    [33maria-labelledby[39m=[32m"change-item-671-heading"[39m
    [33mclass[39m=[32m"MuiPaper-root MuiPaper-elevation MuiPaper-rounded MuiPaper-elevation1 css-fw7llw-MuiPaper-root"[39m
    [33mstyle[39m=[32m"--Paper-shadow: 0px 2px 1px -1px rgba(0,0,0,0.2),0px 1px 1px 0px rgba(0,0,0,0.14),0px 1px 3px 0px rgba(0,0,0,0.12);"[39m
  [36m/>[39m

  Name "Change Item 673":
  [36m<article[39m
    [33maria-labelledby[39m=[32m"change-item-672-heading"[39m
    [33mclass[39m=[32m"MuiPaper-root MuiPaper-elevation MuiPaper-rounded MuiPaper-elevation1 css-fw7llw-MuiPaper-root"[39m
    [33mstyle[39m=[32m"--Paper-shadow: 0px 2px 1px -1px rgba(0,0,0,0.2),0px 1px 1px 0px rgba(0,0,0,0.14),0px 1px 3px 0px rgba(0,0,0,0.12);"[39m
  [36m/>[39m

  Name "Change Item 674":
  [36m<article[39m
    [33maria-labelledby[39m=[32m"change-item-673-heading"[39m
    [33mclass[39m=[32m"MuiPaper-root MuiPaper-elevation MuiPaper-rounded MuiPaper-elevation1 css-fw7llw-MuiPaper-root"[39m
    [33mstyle[39m=[32m"--Paper-shadow: 0px 2px 1px -1px rgba(0,0,0,0.2),0px 1px 1px 0px rgba(0,0,0,0.14),0px 1px 3px 0px rgba(0,0,0,0.12);"[39m
  [36m/>[39m

  Name "Change Item 675":
  [36m<article[39m
    [33maria-labelledby[39m=[32m"change-item-674-heading"[39m
    [33mclass[39m=[32m"MuiPaper-root MuiPaper-elevation MuiPaper-rounded MuiPaper-elevation1 css-fw7llw-MuiPaper-root"[39m
    [33mstyle[39m=[32m"--Paper-shadow: 0px 2px 1px -1px rgba(0,0,0,0.2),0px 1px 1px 0px rgba(0,0,0,0.14),0px 1px 3px 0px rgba(0,0,0,0.12);"[39m
  [36m/>[39m

  Name "Change Item 676":
  [36m<article[39m
    [33maria-labelledby[39m=[32m"change-item-675-heading"[39m
    [33mclass[39m=[32m"MuiPaper-root MuiPaper-elevation MuiPaper-rounded MuiPaper-elevation1 css-fw7llw-MuiPaper-root"[39m
    [33mstyle[39m=[32m"--Paper-shadow: 0px 2px 1px -1px rgba(0,0,0,0.2),0px 1px 1px 0px rgba(0,0,0,0.14),0px 1px 3px 0px rgba(0,0,0,0.12);"[39m
  [36m/>[39m

  Name "Change Item 677":
  [36m<article[39m
    [33maria-labelledby[39m=[32m"change-item-676-heading"[39m
    [33mclass[39m=[32m"MuiPaper-root MuiPaper-elevation MuiPaper-rounded MuiPaper-elevation1 css-fw7llw-MuiPaper-root"[39m
    [33mstyle[39m=[32m"--Paper-shadow: 0px 2px 1px -1px rgba(0,0,0,0.2),0px 1px 1px 0px rgba(0,0,0,0.14),0px 1px 3px 0px rgba(0,0,0,0.12);"[39m
  [36m/>[39m

  Name "Change Item 678":
  [36m<article[39m
    [33maria-labelledby[39m=[32m"change-item-677-heading"[39m
    [33mclass[39m=[32m"MuiPaper-root MuiPaper-elevation MuiPaper-rounded MuiPaper-elevation1 css-fw7llw-MuiPaper-root"[39m
    [33mstyle[39m=[32m"--Paper-shadow: 0px 2px 1px -1px rgba(0,0,0,0.2),0px 1px 1px 0px rgba(0,0,0,0.14),0px 1px 3px 0px rgba(0,0,0,0.12);"[39m
  [36m/>[39m

  Name "Change Item 679":
  [36m<article[39m
    [33maria-labelledby[39m=[32m"change-item-678-heading"[39m
    [33mclass[39m=[32m"MuiPaper-root MuiPaper-elevation MuiPaper-rounded MuiPaper-elevation1 css-fw7llw-MuiPaper-root"[39m
    [33mstyle[39m=[32m"--Paper-shadow: 0px 2px 1px -1px rgba(0,0,0,0.2),0px 1px 1px 0px rgba(0,0,0,0.14),0px 1px 3px 0px rgba(0,0,0,0.12);"[39m
  [36m/>[39m

  Name "Change Item 680":
  [36m<article[39m
    [33maria-labelledby[39m=[32m"change-item-679-heading"[39m
    [33mclass[39m=[32m"MuiPaper-root MuiPaper-elevation MuiPaper-rounded MuiPaper-elevation1 css-fw7llw-MuiPaper-root"[39m
    [33mstyle[39m=[32m"--Paper-shadow: 0px 2px 1px -1px rgba(0,0,0,0.2),0px 1px 1px 0px rgba(0,0,0,0.14),0px 1px 3px 0px rgba(0,0,0,0.12);"[39m
  [36m/>[39m

  Name "Change Item 681":
  [36m<article[39m
    [33maria-labelledby[39m=[32m"change-item-680-heading"[39m
    [33mclass[39m=[32m"MuiPaper-root MuiPaper-elevation MuiPaper-rounded MuiPaper-elevation1 css-fw7llw-MuiPaper-root"[39m
    [33mstyle[39m=[32m"--Paper-shadow: 0px 2px 1px -1px rgba(0,0,0,0.2),0px 1px 1px 0px rgba(0,0,0,0.14),0px 1px 3px 0px rgba(0,0,0,0.12);"[39m
  [36m/>[39m

  Name "Change Item 682":
  [36m<article[39m
    [33maria-labelledby[39m=[32m"change-item-681-heading"[39m
    [33mclass[39m=[32m"MuiPaper-root MuiPaper-elevation MuiPaper-rounded MuiPaper-elevation1 css-fw7llw-MuiPaper-root"[39m
    [33mstyle[39m=[32m"--Paper-shadow: 0px 2px 1px -1px rgba(0,0,0,0.2),0px 1px 1px 0px rgba(0,0,0,0.14),0px 1px 3px 0px rgba(0,0,0,0.12);"[39m
  [36m/>[39m

  Name "Change Item 683":
  [36m<article[39m
    [33maria-labelledby[39m=[32m"change-item-682-heading"[39m
    [33mclass[39m=[32m"MuiPaper-root MuiPaper-elevation MuiPaper-rounded MuiPaper-elevation1 css-fw7llw-MuiPaper-root"[39m
    [33mstyle[39m=[32m"--Paper-shadow: 0px 2px 1px -1px rgba(0,0,0,0.2),0px 1px 1px 0px rgba(0,0,0,0.14),0px 1px 3px 0px rgba(0,0,0,0.12);"[39m
  [36m/>[39m

  Name "Change Item 684":
  [36m<article[39m
    [33maria-labelledby[39m=[32m"change-item-683-heading"[39m
    [33mclass[39m=[32m"MuiPaper-root MuiPaper-elevation MuiPaper-rounded MuiPaper-elevation1 css-fw7llw-MuiPaper-root"[39m
    [33mstyle[39m=[32m"--Paper-shadow: 0px 2px 1px -1px rgba(0,0,0,0.2),0px 1px 1px 0px rgba(0,0,0,0.14),0px 1px 3px 0px rgba(0,0,0,0.12);"[39m
  [36m/>[39m

  Name "Change Item 685":
  [36m<article[39m
    [33maria-labelledby[39m=[32m"change-item-684-heading"[39m
    [33mclass[39m=[32m"MuiPaper-root MuiPaper-elevation MuiPaper-rounded MuiPaper-elevation1 css-fw7llw-MuiPaper-root"[39m
    [33mstyle[39m=[32m"--Paper-shadow: 0px 2px 1px -1px rgba(0,0,0,0.2),0px 1px 1px 0px rgba(0,0,0,0.14),0px 1px 3px 0px rgba(0,0,0,0.12);"[39m
  [36m/>[39m

  Name "Change Item 686":
  [36m<article[39m
    [33maria-labelledby[39m=[32m"change-item-685-heading"[39m
    [33mclass[39m=[32m"MuiPaper-root MuiPaper-elevation MuiPaper-rounded MuiPaper-elevation1 css-fw7llw-MuiPaper-root"[39m
    [33mstyle[39m=[32m"--Paper-shadow: 0px 2px 1px -1px rgba(0,0,0,0.2),0px 1px 1px 0px rgba(0,0,0,0.14),0px 1px 3px 0px rgba(0,0,0,0.12);"[39m
  [36m/>[39m

  Name "Change Item 687":
  [36m<article[39m
    [33maria-labelledby[39m=[32m"change-item-686-heading"[39m
    [33mclass[39m=[32m"MuiPaper-root MuiPaper-elevation MuiPaper-rounded MuiPaper-elevation1 css-fw7llw-MuiPaper-root"[39m
    [33mstyle[39m=[32m"--Paper-shadow: 0px 2px 1px -1px rgba(0,0,0,0.2),0px 1px 1px 0px rgba(0,0,0,0.14),0px 1px 3px 0px rgba(0,0,0,0.12);"[39m
  [36m/>[39m

  Name "Change Item 688":
  [36m<article[39m
    [33maria-labelledby[39m=[32m"change-item-687-heading"[39m
    [33mclass[39m=[32m"MuiPaper-root MuiPaper-elevation MuiPaper-rounded MuiPaper-elevation1 css-fw7llw-MuiPaper-root"[39m
    [33mstyle[39m=[32m"--Paper-shadow: 0px 2px 1px -1px rgba(0,0,0,0.2),0px 1px 1px 0px rgba(0,0,0,0.14),0px 1px 3px 0px rgba(0,0,0,0.12);"[39m
  [36m/>[39m

  Name "Change Item 689":
  [36m<article[39m
    [33maria-labelledby[39m=[32m"change-item-688-heading"[39m
    [33mclass[39m=[32m"MuiPaper-root MuiPaper-elevation MuiPaper-rounded MuiPaper-elevation1 css-fw7llw-MuiPaper-root"[39m
    [33mstyle[39m=[32m"--Paper-shadow: 0px 2px 1px -1px rgba(0,0,0,0.2),0px 1px 1px 0px rgba(0,0,0,0.14),0px 1px 3px 0px rgba(0,0,0,0.12);"[39m
  [36m/>[39m

  Name "Change Item 690":
  [36m<article[39m
    [33maria-labelledby[39m=[32m"change-item-689-heading"[39m
    [33mclass[39m=[32m"MuiPaper-root MuiPaper-elevation MuiPaper-rounded MuiPaper-elevation1 css-fw7llw-MuiPaper-root"[39m
    [33mstyle[39m=[32m"--Paper-shadow: 0px 2px 1px -1px rgba(0,0,0,0.2),0px 1px 1px 0px rgba(0,0,0,0.14),0px 1px 3px 0px rgba(0,0,0,0.12);"[39m
  [36m/>[39m

  Name "Change Item 691":
  [36m<article[39m
    [33maria-labelledby[39m=[32m"change-item-690-heading"[39m
    [33mclass[39m=[32m"MuiPaper-root MuiPaper-elevation MuiPaper-rounded MuiPaper-elevation1 css-fw7llw-MuiPaper-root"[39m
    [33mstyle[39m=[32m"--Paper-shadow: 0px 2px 1px -1px rgba(0,0,0,0.2),0px 1px 1px 0px rgba(0,0,0,0.14),0px 1px 3px 0px rgba(0,0,0,0.12);"[39m
  [36m/>[39m

  Name "Change Item 692":
  [36m<article[39m
    [33maria-labelledby[39m=[32m"change-item-691-heading"[39m
    [33mclass[39m=[32m"MuiPaper-root MuiPaper-elevation MuiPaper-rounded MuiPaper-elevation1 css-fw7llw-MuiPaper-root"[39m
    [33mstyle[39m=[32m"--Paper-shadow: 0px 2px 1px -1px rgba(0,0,0,0.2),0px 1px 1px 0px rgba(0,0,0,0.14),0px 1px 3px 0px rgba(0,0,0,0.12);"[39m
  [36m/>[39m

  Name "Change Item 693":
  [36m<article[39m
    [33maria-labelledby[39m=[32m"change-item-692-heading"[39m
    [33mclass[39m=[32m"MuiPaper-root MuiPaper-elevation MuiPaper-rounded MuiPaper-elevation1 css-fw7llw-MuiPaper-root"[39m
    [33mstyle[39m=[32m"--Paper-shadow: 0px 2px 1px -1px rgba(0,0,0,0.2),0px 1px 1px 0px rgba(0,0,0,0.14),0px 1px 3px 0px rgba(0,0,0,0.12);"[39m
  [36m/>[39m

  Name "Change Item 694":
  [36m<article[39m
    [33maria-labelledby[39m=[32m"change-item-693-heading"[39m
    [33mclass[39m=[32m"MuiPaper-root MuiPaper-elevation MuiPaper-rounded MuiPaper-elevation1 css-fw7llw-MuiPaper-root"[39m
    [33mstyle[39m=[32m"--Paper-shadow: 0px 2px 1px -1px rgba(0,0,0,0.2),0px 1px 1px 0px rgba(0,0,0,0.14),0px 1px 3px 0px rgba(0,0,0,0.12);"[39m
  [36m/>[39m

  Name "Change Item 695":
  [36m<article[39m
    [33maria-labelledby[39m=[32m"change-item-694-heading"[39m
    [33mclass[39m=[32m"MuiPaper-root MuiPaper-elevation MuiPaper-rounded MuiPaper-elevation1 css-fw7llw-MuiPaper-root"[39m
    [33mstyle[39m=[32m"--Paper-shadow: 0px 2px 1px -1px rgba(0,0,0,0.2),0px 1px 1px 0px rgba(0,0,0,0.14),0px 1px 3px 0px rgba(0,0,0,0.12);"[39m
  [36m/>[39m

  Name "Change Item 696":
  [36m<article[39m
    [33maria-labelledby[39m=[32m"change-item-695-heading"[39m
    [33mclass[39m=[32m"MuiPaper-root MuiPaper-elevation MuiPaper-rounded MuiPaper-elevation1 css-fw7llw-MuiPaper-root"[39m
    [33mstyle[39m=[32m"--Paper-shadow: 0px 2px 1px -1px rgba(0,0,0,0.2),0px 1px 1px 0px rgba(0,0,0,0.14),0px 1px 3px 0px rgba(0,0,0,0.12);"[39m
  [36m/>[39m

  Name "Change Item 697":
  [36m<article[39m
    [33maria-labelledby[39m=[32m"change-item-696-heading"[39m
    [33mclass[39m=[32m"MuiPaper-root MuiPaper-elevation MuiPaper-rounded MuiPaper-elevation1 css-fw7llw-MuiPaper-root"[39m
    [33mstyle[39m=[32m"--Paper-shadow: 0px 2px 1px -1px rgba(0,0,0,0.2),0px 1px 1px 0px rgba(0,0,0,0.14),0px 1px 3px 0px rgba(0,0,0,0.12);"[39m
  [36m/>[39m

  Name "Change Item 698":
  [36m<article[39m
    [33maria-labelledby[39m=[32m"change-item-697-heading"[39m
    [33mclass[39m=[32m"MuiPaper-root MuiPaper-elevation MuiPaper-rounded MuiPaper-elevation1 css-fw7llw-MuiPaper-root"[39m
    [33mstyle[39m=[32m"--Paper-shadow: 0px 2px 1px -1px rgba(0,0,0,0.2),0px 1px 1px 0px rgba(0,0,0,0.14),0px 1px 3px 0px rgba(0,0,0,0.12);"[39m
  [36m/>[39m

  Name "Change Item 699":
  [36m<article[39m
    [33maria-labelledby[39m=[32m"change-item-698-heading"[39m
    [33mclass[39m=[32m"MuiPaper-root MuiPaper-elevation MuiPaper-rounded MuiPaper-elevation1 css-fw7llw-MuiPaper-root"[39m
    [33mstyle[39m=[32m"--Paper-shadow: 0px 2px 1px -1px rgba(0,0,0,0.2),0px 1px 1px 0px rgba(0,0,0,0.14),0px 1px 3px 0px rgba(0,0,0,0.12);"[39m
  [36m/>[39m

  Name "Change Item 700":
  [36m<article[39m
    [33maria-labelledby[39m=[32m"change-item-699-heading"[39m
    [33mclass[39m=[32m"MuiPaper-root MuiPaper-elevation MuiPaper-rounded MuiPaper-elevation1 css-fw7llw-MuiPaper-root"[39m
    [33mstyle[39m=[32m"--Paper-shadow: 0px 2px 1px -1px rgba(0,0,0,0.2),0px 1px 1px 0px rgba(0,0,0,0.14),0px 1px 3px 0px rgba(0,0,0,0.12);"[39m
  [36m/>[39m

  Name "Change Item 701":
  [36m<article[39m
    [33maria-labelledby[39m=[32m"change-item-700-heading"[39m
    [33mclass[39m=[32m"MuiPaper-root MuiPaper-elevation MuiPaper-rounded MuiPaper-elevation1 css-fw7llw-MuiPaper-root"[39m
    [33mstyle[39m=[32m"--Paper-shadow: 0px 2px 1px -1px rgba(0,0,0,0.2),0px 1px 1px 0px rgba(0,0,0,0.14),0px 1px 3px 0px rgba(0,0,0,0.12);"[39m
  [36m/>[39m

  Name "Change Item 702":
  [36m<article[39m
    [33maria-labelledby[39m=[32m"change-item-701-heading"[39m
    [33mclass[39m=[32m"MuiPaper-root MuiPaper-elevation MuiPaper-rounded MuiPaper-elevation1 css-fw7llw-MuiPaper-root"[39m
    [33mstyle[39m=[32m"--Paper-shadow: 0px 2px 1px -1px rgba(0,0,0,0.2),0px 1px 1px 0px rgba(0,0,0,0.14),0px 1px 3px 0px rgba(0,0,0,0.12);"[39m
  [36m/>[39m

  Name "Change Item 703":
  [36m<article[39m
    [33maria-labelledby[39m=[32m"change-item-702-heading"[39m
    [33mclass[39m=[32m"MuiPaper-root MuiPaper-elevation MuiPaper-rounded MuiPaper-elevation1 css-fw7llw-MuiPaper-root"[39m
    [33mstyle[39m=[32m"--Paper-shadow: 0px 2px 1px -1px rgba(0,0,0,0.2),0px 1px 1px 0px rgba(0,0,0,0.14),0px 1px 3px 0px rgba(0,0,0,0.12);"[39m
  [36m/>[39m

  Name "Change Item 704":
  [36m<article[39m
    [33maria-labelledby[39m=[32m"change-item-703-heading"[39m
    [33mclass[39m=[32m"MuiPaper-root MuiPaper-elevation MuiPaper-rounded MuiPaper-elevation1 css-fw7llw-MuiPaper-root"[39m
    [33mstyle[39m=[32m"--Paper-shadow: 0px 2px 1px -1px rgba(0,0,0,0.2),0px 1px 1px 0px rgba(0,0,0,0.14),0px 1px 3px 0px rgba(0,0,0,0.12);"[39m
  [36m/>[39m

  Name "Change Item 705":
  [36m<article[39m
    [33maria-labelledby[39m=[32m"change-item-704-heading"[39m
    [33mclass[39m=[32m"MuiPaper-root MuiPaper-elevation MuiPaper-rounded MuiPaper-elevation1 css-fw7llw-MuiPaper-root"[39m
    [33mstyle[39m=[32m"--Paper-shadow: 0px 2px 1px -1px rgba(0,0,0,0.2),0px 1px 1px 0px rgba(0,0,0,0.14),0px 1px 3px 0px rgba(0,0,0,0.12);"[39m
  [36m/>[39m

  Name "Change Item 706":
  [36m<article[39m
    [33maria-labelledby[39m=[32m"change-item-705-heading"[39m
    [33mclass[39m=[32m"MuiPaper-root MuiPaper-elevation MuiPaper-rounded MuiPaper-elevation1 css-fw7llw-MuiPaper-root"[39m
    [33mstyle[39m=[32m"--Paper-shadow: 0px 2px 1px -1px rgba(0,0,0,0.2),0px 1px 1px 0px rgba(0,0,0,0.14),0px 1px 3px 0px rgba(0,0,0,0.12);"[39m
  [36m/>[39m

  Name "Change Item 707":
  [36m<article[39m
    [33maria-labelledby[39m=[32m"change-item-706-heading"[39m
    [33mclass[39m=[32m"MuiPaper-root MuiPaper-elevation MuiPaper-rounded MuiPaper-elevation1 css-fw7llw-MuiPaper-root"[39m
    [33mstyle[39m=[32m"--Paper-shadow: 0px 2px 1px -1px rgba(0,0,0,0.2),0px 1px 1px 0px rgba(0,0,0,0.14),0px 1px 3px 0px rgba(0,0,0,0.12);"[39m
  [36m/>[39m

  Name "Change Item 708":
  [36m<article[39m
    [33maria-labelledby[39m=[32m"change-item-707-heading"[39m
    [33mclass[39m=[32m"MuiPaper-root MuiPaper-elevation MuiPaper-rounded MuiPaper-elevation1 css-fw7llw-MuiPaper-root"[39m
    [33mstyle[39m=[32m"--Paper-shadow: 0px 2px 1px -1px rgba(0,0,0,0.2),0px 1px 1px 0px rgba(0,0,0,0.14),0px 1px 3px 0px rgba(0,0,0,0.12);"[39m
  [36m/>[39m

  Name "Change Item 709":
  [36m<article[39m
    [33maria-labelledby[39m=[32m"change-item-708-heading"[39m
    [33mclass[39m=[32m"MuiPaper-root MuiPaper-elevation MuiPaper-rounded MuiPaper-elevation1 css-fw7llw-MuiPaper-root"[39m
    [33mstyle[39m=[32m"--Paper-shadow: 0px 2px 1px -1px rgba(0,0,0,0.2),0px 1px 1px 0px rgba(0,0,0,0.14),0px 1px 3px 0px rgba(0,0,0,0.12);"[39m
  [36m/>[39m

  Name "Change Item 710":
  [36m<article[39m
    [33maria-labelledby[39m=[32m"change-item-709-heading"[39m
    [33mclass[39m=[32m"MuiPaper-root MuiPaper-elevation MuiPaper-rounded MuiPaper-elevation1 css-fw7llw-MuiPaper-root"[39m
    [33mstyle[39m=[32m"--Paper-shadow: 0px 2px 1px -1px rgba(0,0,0,0.2),0px 1px 1px 0px rgba(0,0,0,0.14),0px 1px 3px 0px rgba(0,0,0,0.12);"[39m
  [36m/>[39m

  Name "Change Item 711":
  [36m<article[39m
    [33maria-labelledby[39m=[32m"change-item-710-heading"[39m
    [33mclass[39m=[32m"MuiPaper-root MuiPaper-elevation MuiPaper-rounded MuiPaper-elevation1 css-fw7llw-MuiPaper-root"[39m
    [33mstyle[39m=[32m"--Paper-shadow: 0px 2px 1px -1px rgba(0,0,0,0.2),0px 1px 1px 0px rgba(0,0,0,0.14),0px 1px 3px 0px rgba(0,0,0,0.12);"[39m
  [36m/>[39m

  Name "Change Item 712":
  [36m<article[39m
    [33maria-labelledby[39m=[32m"change-item-711-heading"[39m
    [33mclass[39m=[32m"MuiPaper-root MuiPaper-elevation MuiPaper-rounded MuiPaper-elevation1 css-fw7llw-MuiPaper-root"[39m
    [33mstyle[39m=[32m"--Paper-shadow: 0px 2px 1px -1px rgba(0,0,0,0.2),0px 1px 1px 0px rgba(0,0,0,0.14),0px 1px 3px 0px rgba(0,0,0,0.12);"[39m
  [36m/>[39m

  Name "Change Item 713":
  [36m<article[39m
    [33maria-labelledby[39m=[32m"change-item-712-heading"[39m
    [33mclass[39m=[32m"MuiPaper-root MuiPaper-elevation MuiPaper-rounded MuiPaper-elevation1 css-fw7llw-MuiPaper-root"[39m
    [33mstyle[39m=[32m"--Paper-shadow: 0px 2px 1px -1px rgba(0,0,0,0.2),0px 1px 1px 0px rgba(0,0,0,0.14),0px 1px 3px 0px rgba(0,0,0,0.12);"[39m
  [36m/>[39m

  Name "Change Item 714":
  [36m<article[39m
    [33maria-labelledby[39m=[32m"change-item-713-heading"[39m
    [33mclass[39m=[32m"MuiPaper-root MuiPaper-elevation MuiPaper-rounded MuiPaper-elevation1 css-fw7llw-MuiPaper-root"[39m
    [33mstyle[39m=[32m"--Paper-shadow: 0px 2px 1px -1px rgba(0,0,0,0.2),0px 1px 1px 0px rgba(0,0,0,0.14),0px 1px 3px 0px rgba(0,0,0,0.12);"[39m
  [36m/>[39m

  Name "Change Item 715":
  [36m<article[39m
    [33maria-labelledby[39m=[32m"change-item-714-heading"[39m
    [33mclass[39m=[32m"MuiPaper-root MuiPaper-elevation MuiPaper-rounded MuiPaper-elevation1 css-fw7llw-MuiPaper-root"[39m
    [33mstyle[39m=[32m"--Paper-shadow: 0px 2px 1px -1px rgba(0,0,0,0.2),0px 1px 1px 0px rgba(0,0,0,0.14),0px 1px 3px 0px rgba(0,0,0,0.12);"[39m
  [36m/>[39m

  Name "Change Item 716":
  [36m<article[39m
    [33maria-labelledby[39m=[32m"change-item-715-heading"[39m
    [33mclass[39m=[32m"MuiPaper-root MuiPaper-elevation MuiPaper-rounded MuiPaper-elevation1 css-fw7llw-MuiPaper-root"[39m
    [33mstyle[39m=[32m"--Paper-shadow: 0px 2px 1px -1px rgba(0,0,0,0.2),0px 1px 1px 0px rgba(0,0,0,0.14),0px 1px 3px 0px rgba(0,0,0,0.12);"[39m
  [36m/>[39m

  Name "Change Item 717":
  [36m<article[39m
    [33maria-labelledby[39m=[32m"change-item-716-heading"[39m
    [33mclass[39m=[32m"MuiPaper-root MuiPaper-elevation MuiPaper-rounded MuiPaper-elevation1 css-fw7llw-MuiPaper-root"[39m
    [33mstyle[39m=[32m"--Paper-shadow: 0px 2px 1px -1px rgba(0,0,0,0.2),0px 1px 1px 0px rgba(0,0,0,0.14),0px 1px 3px 0px rgba(0,0,0,0.12);"[39m
  [36m/>[39m

  Name "Change Item 718":
  [36m<article[39m
    [33maria-labelledby[39m=[32m"change-item-717-heading"[39m
    [33mclass[39m=[32m"MuiPaper-root MuiPaper-elevation MuiPaper-rounded MuiPaper-elevation1 css-fw7llw-MuiPaper-root"[39m
    [33mstyle[39m=[32m"--Paper-shadow: 0px 2px 1px -1px rgba(0,0,0,0.2),0px 1px 1px 0px rgba(0,0,0,0.14),0px 1px 3px 0px rgba(0,0,0,0.12);"[39m
  [36m/>[39m

  Name "Change Item 719":
  [36m<article[39m
    [33maria-labelledby[39m=[32m"change-item-718-heading"[39m
    [33mclass[39m=[32m"MuiPaper-root MuiPaper-elevation MuiPaper-rounded MuiPaper-elevation1 css-fw7llw-MuiPaper-root"[39m
    [33mstyle[39m=[32m"--Paper-shadow: 0px 2px 1px -1px rgba(0,0,0,0.2),0px 1px 1px 0px rgba(0,0,0,0.14),0px 1px 3px 0px rgba(0,0,0,0.12);"[39m
  [36m/>[39m

  Name "Change Item 720":
  [36m<article[39m
    [33maria-labelledby[39m=[32m"change-item-719-heading"[39m
    [33mclass[39m=[32m"MuiPaper-root MuiPaper-elevation MuiPaper-rounded MuiPaper-elevation1 css-fw7llw-MuiPaper-root"[39m
    [33mstyle[39m=[32m"--Paper-shadow: 0px 2px 1px -1px rgba(0,0,0,0.2),0px 1px 1px 0px rgba(0,0,0,0.14),0px 1px 3px 0px rgba(0,0,0,0.12);"[39m
  [36m/>[39m

  Name "Change Item 721":
  [36m<article[39m
    [33maria-labelledby[39m=[32m"change-item-720-heading"[39m
    [33mclass[39m=[32m"MuiPaper-root MuiPaper-elevation MuiPaper-rounded MuiPaper-elevation1 css-fw7llw-MuiPaper-root"[39m
    [33mstyle[39m=[32m"--Paper-shadow: 0px 2px 1px -1px rgba(0,0,0,0.2),0px 1px 1px 0px rgba(0,0,0,0.14),0px 1px 3px 0px rgba(0,0,0,0.12);"[39m
  [36m/>[39m

  Name "Change Item 722":
  [36m<article[39m
    [33maria-labelledby[39m=[32m"change-item-721-heading"[39m
    [33mclass[39m=[32m"MuiPaper-root MuiPaper-elevation MuiPaper-rounded MuiPaper-elevation1 css-fw7llw-MuiPaper-root"[39m
    [33mstyle[39m=[32m"--Paper-shadow: 0px 2px 1px -1px rgba(0,0,0,0.2),0px 1px 1px 0px rgba(0,0,0,0.14),0px 1px 3px 0px rgba(0,0,0,0.12);"[39m
  [36m/>[39m

  Name "Change Item 723":
  [36m<article[39m
    [33maria-labelledby[39m=[32m"change-item-722-heading"[39m
    [33mclass[39m=[32m"MuiPaper-root MuiPaper-elevation MuiPaper-rounded MuiPaper-elevation1 css-fw7llw-MuiPaper-root"[39m
    [33mstyle[39m=[32m"--Paper-shadow: 0px 2px 1px -1px rgba(0,0,0,0.2),0px 1px 1px 0px rgba(0,0,0,0.14),0px 1px 3px 0px rgba(0,0,0,0.12);"[39m
  [36m/>[39m

  Name "Change Item 724":
  [36m<article[39m
    [33maria-labelledby[39m=[32m"change-item-723-heading"[39m
    [33mclass[39m=[32m"MuiPaper-root MuiPaper-elevation MuiPaper-rounded MuiPaper-elevation1 css-fw7llw-MuiPaper-root"[39m
    [33mstyle[39m=[32m"--Paper-shadow: 0px 2px 1px -1px rgba(0,0,0,0.2),0px 1px 1px 0px rgba(0,0,0,0.14),0px 1px 3px 0px rgba(0,0,0,0.12);"[39m
  [36m/>[39m

  Name "Change Item 725":
  [36m<article[39m
    [33maria-labelledby[39m=[32m"change-item-724-heading"[39m
    [33mclass[39m=[32m"MuiPaper-root MuiPaper-elevation MuiPaper-rounded MuiPaper-elevation1 css-fw7llw-MuiPaper-root"[39m
    [33mstyle[39m=[32m"--Paper-shadow: 0px 2px 1px -1px rgba(0,0,0,0.2),0px 1px 1px 0px rgba(0,0,0,0.14),0px 1px 3px 0px rgba(0,0,0,0.12);"[39m
  [36m/>[39m

  Name "Change Item 726":
  [36m<article[39m
    [33maria-labelledby[39m=[32m"change-item-725-heading"[39m
    [33mclass[39m=[32m"MuiPaper-root MuiPaper-elevation MuiPaper-rounded MuiPaper-elevation1 css-fw7llw-MuiPaper-root"[39m
    [33mstyle[39m=[32m"--Paper-shadow: 0px 2px 1px -1px rgba(0,0,0,0.2),0px 1px 1px 0px rgba(0,0,0,0.14),0px 1px 3px 0px rgba(0,0,0,0.12);"[39m
  [36m/>[39m

  Name "Change Item 727":
  [36m<article[39m
    [33maria-labelledby[39m=[32m"change-item-726-heading"[39m
    [33mclass[39m=[32m"MuiPaper-root MuiPaper-elevation MuiPaper-rounded MuiPaper-elevation1 css-fw7llw-MuiPaper-root"[39m
    [33mstyle[39m=[32m"--Paper-shadow: 0px 2px 1px -1px rgba(0,0,0,0.2),0px 1px 1px 0px rgba(0,0,0,0.14),0px 1px 3px 0px rgba(0,0,0,0.12);"[39m
  [36m/>[39m

  Name "Change Item 728":
  [36m<article[39m
    [33maria-labelledby[39m=[32m"change-item-727-heading"[39m
    [33mclass[39m=[32m"MuiPaper-root MuiPaper-elevation MuiPaper-rounded MuiPaper-elevation1 css-fw7llw-MuiPaper-root"[39m
    [33mstyle[39m=[32m"--Paper-shadow: 0px 2px 1px -1px rgba(0,0,0,0.2),0px 1px 1px 0px rgba(0,0,0,0.14),0px 1px 3px 0px rgba(0,0,0,0.12);"[39m
  [36m/>[39m

  Name "Change Item 729":
  [36m<article[39m
    [33maria-labelledby[39m=[32m"change-item-728-heading"[39m
    [33mclass[39m=[32m"MuiPaper-root MuiPaper-elevation MuiPaper-rounded MuiPaper-elevation1 css-fw7llw-MuiPaper-root"[39m
    [33mstyle[39m=[32m"--Paper-shadow: 0px 2px 1px -1px rgba(0,0,0,0.2),0px 1px 1px 0px rgba(0,0,0,0.14),0px 1px 3px 0px rgba(0,0,0,0.12);"[39m
  [36m/>[39m

  Name "Change Item 730":
  [36m<article[39m
    [33maria-labelledby[39m=[32m"change-item-729-heading"[39m
    [33mclass[39m=[32m"MuiPaper-root MuiPaper-elevation MuiPaper-rounded MuiPaper-elevation1 css-fw7llw-MuiPaper-root"[39m
    [33mstyle[39m=[32m"--Paper-shadow: 0px 2px 1px -1px rgba(0,0,0,0.2),0px 1px 1px 0px rgba(0,0,0,0.14),0px 1px 3px 0px rgba(0,0,0,0.12);"[39m
  [36m/>[39m

  Name "Change Item 731":
  [36m<article[39m
    [33maria-labelledby[39m=[32m"change-item-730-heading"[39m
    [33mclass[39m=[32m"MuiPaper-root MuiPaper-elevation MuiPaper-rounded MuiPaper-elevation1 css-fw7llw-MuiPaper-root"[39m
    [33mstyle[39m=[32m"--Paper-shadow: 0px 2px 1px -1px rgba(0,0,0,0.2),0px 1px 1px 0px rgba(0,0,0,0.14),0px 1px 3px 0px rgba(0,0,0,0.12);"[39m
  [36m/>[39m

  Name "Change Item 732":
  [36m<article[39m
    [33maria-labelledby[39m=[32m"change-item-731-heading"[39m
    [33mclass[39m=[32m"MuiPaper-root MuiPaper-elevation MuiPaper-rounded MuiPaper-elevation1 css-fw7llw-MuiPaper-root"[39m
    [33mstyle[39m=[32m"--Paper-shadow: 0px 2px 1px -1px rgba(0,0,0,0.2),0px 1px 1px 0px rgba(0,0,0,0.14),0px 1px 3px 0px rgba(0,0,0,0.12);"[39m
  [36m/>[39m

  Name "Change Item 733":
  [36m<article[39m
    [33maria-labelledby[39m=[32m"change-item-732-heading"[39m
    [33mclass[39m=[32m"MuiPaper-root MuiPaper-elevation MuiPaper-rounded MuiPaper-elevation1 css-fw7llw-MuiPaper-root"[39m
    [33mstyle[39m=[32m"--Paper-shadow: 0px 2px 1px -1px rgba(0,0,0,0.2),0px 1px 1px 0px rgba(0,0,0,0.14),0px 1px 3px 0px rgba(0,0,0,0.12);"[39m
  [36m/>[39m

  Name "Change Item 734":
  [36m<article[39m
    [33maria-labelledby[39m=[32m"change-item-733-heading"[39m
    [33mclass[39m=[32m"MuiPaper-root MuiPaper-elevation MuiPaper-rounded MuiPaper-elevation1 css-fw7llw-MuiPaper-root"[39m
    [33mstyle[39m=[32m"--Paper-shadow: 0px 2px 1px -1px rgba(0,0,0,0.2),0px 1px 1px 0px rgba(0,0,0,0.14),0px 1px 3px 0px rgba(0,0,0,0.12);"[39m
  [36m/>[39m

  Name "Change Item 735":
  [36m<article[39m
    [33maria-labelledby[39m=[32m"change-item-734-heading"[39m
    [33mclass[39m=[32m"MuiPaper-root MuiPaper-elevation MuiPaper-rounded MuiPaper-elevation1 css-fw7llw-MuiPaper-root"[39m
    [33mstyle[39m=[32m"--Paper-shadow: 0px 2px 1px -1px rgba(0,0,0,0.2),0px 1px 1px 0px rgba(0,0,0,0.14),0px 1px 3px 0px rgba(0,0,0,0.12);"[39m
  [36m/>[39m

  Name "Change Item 736":
  [36m<article[39m
    [33maria-labelledby[39m=[32m"change-item-735-heading"[39m
    [33mclass[39m=[32m"MuiPaper-root MuiPaper-elevation MuiPaper-rounded MuiPaper-elevation1 css-fw7llw-MuiPaper-root"[39m
    [33mstyle[39m=[32m"--Paper-shadow: 0px 2px 1px -1px rgba(0,0,0,0.2),0px 1px 1px 0px rgba(0,0,0,0.14),0px 1px 3px 0px rgba(0,0,0,0.12);"[39m
  [36m/>[39m

  Name "Change Item 737":
  [36m<article[39m
    [33maria-labelledby[39m=[32m"change-item-736-heading"[39m
    [33mclass[39m=[32m"MuiPaper-root MuiPaper-elevation MuiPaper-rounded MuiPaper-elevation1 css-fw7llw-MuiPaper-root"[39m
    [33mstyle[39m=[32m"--Paper-shadow: 0px 2px 1px -1px rgba(0,0,0,0.2),0px 1px 1px 0px rgba(0,0,0,0.14),0px 1px 3px 0px rgba(0,0,0,0.12);"[39m
  [36m/>[39m

  Name "Change Item 738":
  [36m<article[39m
    [33maria-labelledby[39m=[32m"change-item-737-heading"[39m
    [33mclass[39m=[32m"MuiPaper-root MuiPaper-elevation MuiPaper-rounded MuiPaper-elevation1 css-fw7llw-MuiPaper-root"[39m
    [33mstyle[39m=[32m"--Paper-shadow: 0px 2px 1px -1px rgba(0,0,0,0.2),0px 1px 1px 0px rgba(0,0,0,0.14),0px 1px 3px 0px rgba(0,0,0,0.12);"[39m
  [36m/>[39m

  Name "Change Item 739":
  [36m<article[39m
    [33maria-labelledby[39m=[32m"change-item-738-heading"[39m
    [33mclass[39m=[32m"MuiPaper-root MuiPaper-elevation MuiPaper-rounded MuiPaper-elevation1 css-fw7llw-MuiPaper-root"[39m
    [33mstyle[39m=[32m"--Paper-shadow: 0px 2px 1px -1px rgba(0,0,0,0.2),0px 1px 1px 0px rgba(0,0,0,0.14),0px 1px 3px 0px rgba(0,0,0,0.12);"[39m
  [36m/>[39m

  Name "Change Item 740":
  [36m<article[39m
    [33maria-labelledby[39m=[32m"change-item-739-heading"[39m
    [33mclass[39m=[32m"MuiPaper-root MuiPaper-elevation MuiPaper-rounded MuiPaper-elevation1 css-fw7llw-MuiPaper-root"[39m
    [33mstyle[39m=[32m"--Paper-shadow: 0px 2px 1px -1px rgba(0,0,0,0.2),0px 1px 1px 0px rgba(0,0,0,0.14),0px 1px 3px 0px rgba(0,0,0,0.12);"[39m
  [36m/>[39m

  Name "Change Item 741":
  [36m<article[39m
    [33maria-labelledby[39m=[32m"change-item-740-heading"[39m
    [33mclass[39m=[32m"MuiPaper-root MuiPaper-elevation MuiPaper-rounded MuiPaper-elevation1 css-fw7llw-MuiPaper-root"[39m
    [33mstyle[39m=[32m"--Paper-shadow: 0px 2px 1px -1px rgba(0,0,0,0.2),0px 1px 1px 0px rgba(0,0,0,0.14),0px 1px 3px 0px rgba(0,0,0,0.12);"[39m
  [36m/>[39m

  Name "Change Item 742":
  [36m<article[39m
    [33maria-labelledby[39m=[32m"change-item-741-heading"[39m
    [33mclass[39m=[32m"MuiPaper-root MuiPaper-elevation MuiPaper-rounded MuiPaper-elevation1 css-fw7llw-MuiPaper-root"[39m
    [33mstyle[39m=[32m"--Paper-shadow: 0px 2px 1px -1px rgba(0,0,0,0.2),0px 1px 1px 0px rgba(0,0,0,0.14),0px 1px 3px 0px rgba(0,0,0,0.12);"[39m
  [36m/>[39m

  Name "Change Item 743":
  [36m<article[39m
    [33maria-labelledby[39m=[32m"change-item-742-heading"[39m
    [33mclass[39m=[32m"MuiPaper-root MuiPaper-elevation MuiPaper-rounded MuiPaper-elevation1 css-fw7llw-MuiPaper-root"[39m
    [33mstyle[39m=[32m"--Paper-shadow: 0px 2px 1px -1px rgba(0,0,0,0.2),0px 1px 1px 0px rgba(0,0,0,0.14),0px 1px 3px 0px rgba(0,0,0,0.12);"[39m
  [36m/>[39m

  Name "Change Item 744":
  [36m<article[39m
    [33maria-labelledby[39m=[32m"change-item-743-heading"[39m
    [33mclass[39m=[32m"MuiPaper-root MuiPaper-elevation MuiPaper-rounded MuiPaper-elevation1 css-fw7llw-MuiPaper-root"[39m
    [33mstyle[39m=[32m"--Paper-shadow: 0px 2px 1px -1px rgba(0,0,0,0.2),0px 1px 1px 0px rgba(0,0,0,0.14),0px 1px 3px 0px rgba(0,0,0,0.12);"[39m
  [36m/>[39m

  Name "Change Item 745":
  [36m<article[39m
    [33maria-labelledby[39m=[32m"change-item-744-heading"[39m
    [33mclass[39m=[32m"MuiPaper-root MuiPaper-elevation MuiPaper-rounded MuiPaper-elevation1 css-fw7llw-MuiPaper-root"[39m
    [33mstyle[39m=[32m"--Paper-shadow: 0px 2px 1px -1px rgba(0,0,0,0.2),0px 1px 1px 0px rgba(0,0,0,0.14),0px 1px 3px 0px rgba(0,0,0,0.12);"[39m
  [36m/>[39m

  Name "Change Item 746":
  [36m<article[39m
    [33maria-labelledby[39m=[32m"change-item-745-heading"[39m
    [33mclass[39m=[32m"MuiPaper-root MuiPaper-elevation MuiPaper-rounded MuiPaper-elevation1 css-fw7llw-MuiPaper-root"[39m
    [33mstyle[39m=[32m"--Paper-shadow: 0px 2px 1px -1px rgba(0,0,0,0.2),0px 1px 1px 0px rgba(0,0,0,0.14),0px 1px 3px 0px rgba(0,0,0,0.12);"[39m
  [36m/>[39m

  Name "Change Item 747":
  [36m<article[39m
    [33maria-labelledby[39m=[32m"change-item-746-heading"[39m
    [33mclass[39m=[32m"MuiPaper-root MuiPaper-elevation MuiPaper-rounded MuiPaper-elevation1 css-fw7llw-MuiPaper-root"[39m
    [33mstyle[39m=[32m"--Paper-shadow: 0px 2px 1px -1px rgba(0,0,0,0.2),0px 1px 1px 0px rgba(0,0,0,0.14),0px 1px 3px 0px rgba(0,0,0,0.12);"[39m
  [36m/>[39m

  Name "Change Item 748":
  [36m<article[39m
    [33maria-labelledby[39m=[32m"change-item-747-heading"[39m
    [33mclass[39m=[32m"MuiPaper-root MuiPaper-elevation MuiPaper-rounded MuiPaper-elevation1 css-fw7llw-MuiPaper-root"[39m
    [33mstyle[39m=[32m"--Paper-shadow: 0px 2px 1px -1px rgba(0,0,0,0.2),0px 1px 1px 0px rgba(0,0,0,0.14),0px 1px 3px 0px rgba(0,0,0,0.12);"[39m
  [36m/>[39m

  Name "Change Item 749":
  [36m<article[39m
    [33maria-labelledby[39m=[32m"change-item-748-heading"[39m
    [33mclass[39m=[32m"MuiPaper-root MuiPaper-elevation MuiPaper-rounded MuiPaper-elevation1 css-fw7llw-MuiPaper-root"[39m
    [33mstyle[39m=[32m"--Paper-shadow: 0px 2px 1px -1px rgba(0,0,0,0.2),0px 1px 1px 0px rgba(0,0,0,0.14),0px 1px 3px 0px rgba(0,0,0,0.12);"[39m
  [36m/>[39m

  Name "Change Item 750":
  [36m<article[39m
    [33maria-labelledby[39m=[32m"change-item-749-heading"[39m
    [33mclass[39m=[32m"MuiPaper-root MuiPaper-elevation MuiPaper-rounded MuiPaper-elevation1 css-fw7llw-MuiPaper-root"[39m
    [33mstyle[39m=[32m"--Paper-shadow: 0px 2px 1px -1px rgba(0,0,0,0.2),0px 1px 1px 0px rgba(0,0,0,0.14),0px 1px 3px 0px rgba(0,0,0,0.12);"[39m
  [36m/>[39m

  Name "Change Item 751":
  [36m<article[39m
    [33maria-labelledby[39m=[32m"change-item-750-heading"[39m
    [33mclass[39m=[32m"MuiPaper-root MuiPaper-elevation MuiPaper-rounded MuiPaper-elevation1 css-fw7llw-MuiPaper-root"[39m
    [33mstyle[39m=[32m"--Paper-shadow: 0px 2px 1px -1px rgba(0,0,0,0.2),0px 1px 1px 0px rgba(0,0,0,0.14),0px 1px 3px 0px rgba(0,0,0,0.12);"[39m
  [36m/>[39m

  Name "Change Item 752":
  [36m<article[39m
    [33maria-labelledby[39m=[32m"change-item-751-heading"[39m
    [33mclass[39m=[32m"MuiPaper-root MuiPaper-elevation MuiPaper-rounded MuiPaper-elevation1 css-fw7llw-MuiPaper-root"[39m
    [33mstyle[39m=[32m"--Paper-shadow: 0px 2px 1px -1px rgba(0,0,0,0.2),0px 1px 1px 0px rgba(0,0,0,0.14),0px 1px 3px 0px rgba(0,0,0,0.12);"[39m
  [36m/>[39m

  Name "Change Item 753":
  [36m<article[39m
    [33maria-labelledby[39m=[32m"change-item-752-heading"[39m
    [33mclass[39m=[32m"MuiPaper-root MuiPaper-elevation MuiPaper-rounded MuiPaper-elevation1 css-fw7llw-MuiPaper-root"[39m
    [33mstyle[39m=[32m"--Paper-shadow: 0px 2px 1px -1px rgba(0,0,0,0.2),0px 1px 1px 0px rgba(0,0,0,0.14),0px 1px 3px 0px rgba(0,0,0,0.12);"[39m
  [36m/>[39m

  Name "Change Item 754":
  [36m<article[39m
    [33maria-labelledby[39m=[32m"change-item-753-heading"[39m
    [33mclass[39m=[32m"MuiPaper-root MuiPaper-elevation MuiPaper-rounded MuiPaper-elevation1 css-fw7llw-MuiPaper-root"[39m
    [33mstyle[39m=[32m"--Paper-shadow: 0px 2px 1px -1px rgba(0,0,0,0.2),0px 1px 1px 0px rgba(0,0,0,0.14),0px 1px 3px 0px rgba(0,0,0,0.12);"[39m
  [36m/>[39m

  Name "Change Item 755":
  [36m<article[39m
    [33maria-labelledby[39m=[32m"change-item-754-heading"[39m
    [33mclass[39m=[32m"MuiPaper-root MuiPaper-elevation MuiPaper-rounded MuiPaper-elevation1 css-fw7llw-MuiPaper-root"[39m
    [33mstyle[39m=[32m"--Paper-shadow: 0px 2px 1px -1px rgba(0,0,0,0.2),0px 1px 1px 0px rgba(0,0,0,0.14),0px 1px 3px 0px rgba(0,0,0,0.12);"[39m
  [36m/>[39m

  Name "Change Item 756":
  [36m<article[39m
    [33maria-labelledby[39m=[32m"change-item-755-heading"[39m
    [33mclass[39m=[32m"MuiPaper-root MuiPaper-elevation MuiPaper-rounded MuiPaper-elevation1 css-fw7llw-MuiPaper-root"[39m
    [33mstyle[39m=[32m"--Paper-shadow: 0px 2px 1px -1px rgba(0,0,0,0.2),0px 1px 1px 0px rgba(0,0,0,0.14),0px 1px 3px 0px rgba(0,0,0,0.12);"[39m
  [36m/>[39m

  Name "Change Item 757":
  [36m<article[39m
    [33maria-labelledby[39m=[32m"change-item-756-heading"[39m
    [33mclass[39m=[32m"MuiPaper-root MuiPaper-elevation MuiPaper-rounded MuiPaper-elevation1 css-fw7llw-MuiPaper-root"[39m
    [33mstyle[39m=[32m"--Paper-shadow: 0px 2px 1px -1px rgba(0,0,0,0.2),0px 1px 1px 0px rgba(0,0,0,0.14),0px 1px 3px 0px rgba(0,0,0,0.12);"[39m
  [36m/>[39m

  Name "Change Item 758":
  [36m<article[39m
    [33maria-labelledby[39m=[32m"change-item-757-heading"[39m
    [33mclass[39m=[32m"MuiPaper-root MuiPaper-elevation MuiPaper-rounded MuiPaper-elevation1 css-fw7llw-MuiPaper-root"[39m
    [33mstyle[39m=[32m"--Paper-shadow: 0px 2px 1px -1px rgba(0,0,0,0.2),0px 1px 1px 0px rgba(0,0,0,0.14),0px 1px 3px 0px rgba(0,0,0,0.12);"[39m
  [36m/>[39m

  Name "Change Item 759":
  [36m<article[39m
    [33maria-labelledby[39m=[32m"change-item-758-heading"[39m
    [33mclass[39m=[32m"MuiPaper-root MuiPaper-elevation MuiPaper-rounded MuiPaper-elevation1 css-fw7llw-MuiPaper-root"[39m
    [33mstyle[39m=[32m"--Paper-shadow: 0px 2px 1px -1px rgba(0,0,0,0.2),0px 1px 1px 0px rgba(0,0,0,0.14),0px 1px 3px 0px rgba(0,0,0,0.12);"[39m
  [36m/>[39m

  Name "Change Item 760":
  [36m<article[39m
    [33maria-labelledby[39m=[32m"change-item-759-heading"[39m
    [33mclass[39m=[32m"MuiPaper-root MuiPaper-elevation MuiPaper-rounded MuiPaper-elevation1 css-fw7llw-MuiPaper-root"[39m
    [33mstyle[39m=[32m"--Paper-shadow: 0px 2px 1px -1px rgba(0,0,0,0.2),0px 1px 1px 0px rgba(0,0,0,0.14),0px 1px 3px 0px rgba(0,0,0,0.12);"[39m
  [36m/>[39m

  Name "Change Item 761":
  [36m<article[39m
    [33maria-labelledby[39m=[32m"change-item-760-heading"[39m
    [33mclass[39m=[32m"MuiPaper-root MuiPaper-elevation MuiPaper-rounded MuiPaper-elevation1 css-fw7llw-MuiPaper-root"[39m
    [33mstyle[39m=[32m"--Paper-shadow: 0px 2px 1px -1px rgba(0,0,0,0.2),0px 1px 1px 0px rgba(0,0,0,0.14),0px 1px 3px 0px rgba(0,0,0,0.12);"[39m
  [36m/>[39m

  Name "Change Item 762":
  [36m<article[39m
    [33maria-labelledby[39m=[32m"change-item-761-heading"[39m
    [33mclass[39m=[32m"MuiPaper-root MuiPaper-elevation MuiPaper-rounded MuiPaper-elevation1 css-fw7llw-MuiPaper-root"[39m
    [33mstyle[39m=[32m"--Paper-shadow: 0px 2px 1px -1px rgba(0,0,0,0.2),0px 1px 1px 0px rgba(0,0,0,0.14),0px 1px 3px 0px rgba(0,0,0,0.12);"[39m
  [36m/>[39m

  Name "Change Item 763":
  [36m<article[39m
    [33maria-labelledby[39m=[32m"change-item-762-heading"[39m
    [33mclass[39m=[32m"MuiPaper-root MuiPaper-elevation MuiPaper-rounded MuiPaper-elevation1 css-fw7llw-MuiPaper-root"[39m
    [33mstyle[39m=[32m"--Paper-shadow: 0px 2px 1px -1px rgba(0,0,0,0.2),0px 1px 1px 0px rgba(0,0,0,0.14),0px 1px 3px 0px rgba(0,0,0,0.12);"[39m
  [36m/>[39m

  Name "Change Item 764":
  [36m<article[39m
    [33maria-labelledby[39m=[32m"change-item-763-heading"[39m
    [33mclass[39m=[32m"MuiPaper-root MuiPaper-elevation MuiPaper-rounded MuiPaper-elevation1 css-fw7llw-MuiPaper-root"[39m
    [33mstyle[39m=[32m"--Paper-shadow: 0px 2px 1px -1px rgba(0,0,0,0.2),0px 1px 1px 0px rgba(0,0,0,0.14),0px 1px 3px 0px rgba(0,0,0,0.12);"[39m
  [36m/>[39m

  Name "Change Item 765":
  [36m<article[39m
    [33maria-labelledby[39m=[32m"change-item-764-heading"[39m
    [33mclass[39m=[32m"MuiPaper-root MuiPaper-elevation MuiPaper-rounded MuiPaper-elevation1 css-fw7llw-MuiPaper-root"[39m
    [33mstyle[39m=[32m"--Paper-shadow: 0px 2px 1px -1px rgba(0,0,0,0.2),0px 1px 1px 0px rgba(0,0,0,0.14),0px 1px 3px 0px rgba(0,0,0,0.12);"[39m
  [36m/>[39m

  Name "Change Item 766":
  [36m<article[39m
    [33maria-labelledby[39m=[32m"change-item-765-heading"[39m
    [33mclass[39m=[32m"MuiPaper-root MuiPaper-elevation MuiPaper-rounded MuiPaper-elevation1 css-fw7llw-MuiPaper-root"[39m
    [33mstyle[39m=[32m"--Paper-shadow: 0px 2px 1px -1px rgba(0,0,0,0.2),0px 1px 1px 0px rgba(0,0,0,0.14),0px 1px 3px 0px rgba(0,0,0,0.12);"[39m
  [36m/>[39m

  Name "Change Item 767":
  [36m<article[39m
    [33maria-labelledby[39m=[32m"change-item-766-heading"[39m
    [33mclass[39m=[32m"MuiPaper-root MuiPaper-elevation MuiPaper-rounded MuiPaper-elevation1 css-fw7llw-MuiPaper-root"[39m
    [33mstyle[39m=[32m"--Paper-shadow: 0px 2px 1px -1px rgba(0,0,0,0.2),0px 1px 1px 0px rgba(0,0,0,0.14),0px 1px 3px 0px rgba(0,0,0,0.12);"[39m
  [36m/>[39m

  Name "Change Item 768":
  [36m<article[39m
    [33maria-labelledby[39m=[32m"change-item-767-heading"[39m
    [33mclass[39m=[32m"MuiPaper-root MuiPaper-elevation MuiPaper-rounded MuiPaper-elevation1 css-fw7llw-MuiPaper-root"[39m
    [33mstyle[39m=[32m"--Paper-shadow: 0px 2px 1px -1px rgba(0,0,0,0.2),0px 1px 1px 0px rgba(0,0,0,0.14),0px 1px 3px 0px rgba(0,0,0,0.12);"[39m
  [36m/>[39m

  Name "Change Item 769":
  [36m<article[39m
    [33maria-labelledby[39m=[32m"change-item-768-heading"[39m
    [33mclass[39m=[32m"MuiPaper-root MuiPaper-elevation MuiPaper-rounded MuiPaper-elevation1 css-fw7llw-MuiPaper-root"[39m
    [33mstyle[39m=[32m"--Paper-shadow: 0px 2px 1px -1px rgba(0,0,0,0.2),0px 1px 1px 0px rgba(0,0,0,0.14),0px 1px 3px 0px rgba(0,0,0,0.12);"[39m
  [36m/>[39m

  Name "Change Item 770":
  [36m<article[39m
    [33maria-labelledby[39m=[32m"change-item-769-heading"[39m
    [33mclass[39m=[32m"MuiPaper-root MuiPaper-elevation MuiPaper-rounded MuiPaper-elevation1 css-fw7llw-MuiPaper-root"[39m
    [33mstyle[39m=[32m"--Paper-shadow: 0px 2px 1px -1px rgba(0,0,0,0.2),0px 1px 1px 0px rgba(0,0,0,0.14),0px 1px 3px 0px rgba(0,0,0,0.12);"[39m
  [36m/>[39m

  Name "Change Item 771":
  [36m<article[39m
    [33maria-labelledby[39m=[32m"change-item-770-heading"[39m
    [33mclass[39m=[32m"MuiPaper-root MuiPaper-elevation MuiPaper-rounded MuiPaper-elevation1 css-fw7llw-MuiPaper-root"[39m
    [33mstyle[39m=[32m"--Paper-shadow: 0px 2px 1px -1px rgba(0,0,0,0.2),0px 1px 1px 0px rgba(0,0,0,0.14),0px 1px 3px 0px rgba(0,0,0,0.12);"[39m
  [36m/>[39m

  Name "Change Item 772":
  [36m<article[39m
    [33maria-labelledby[39m=[32m"change-item-771-heading"[39m
    [33mclass[39m=[32m"MuiPaper-root MuiPaper-elevation MuiPaper-rounded MuiPaper-elevation1 css-fw7llw-MuiPaper-root"[39m
    [33mstyle[39m=[32m"--Paper-shadow: 0px 2px 1px -1px rgba(0,0,0,0.2),0px 1px 1px 0px rgba(0,0,0,0.14),0px 1px 3px 0px rgba(0,0,0,0.12);"[39m
  [36m/>[39m

  Name "Change Item 773":
  [36m<article[39m
    [33maria-labelledby[39m=[32m"change-item-772-heading"[39m
    [33mclass[39m=[32m"MuiPaper-root MuiPaper-elevation MuiPaper-rounded MuiPaper-elevation1 css-fw7llw-MuiPaper-root"[39m
    [33mstyle[39m=[32m"--Paper-shadow: 0px 2px 1px -1px rgba(0,0,0,0.2),0px 1px 1px 0px rgba(0,0,0,0.14),0px 1px 3px 0px rgba(0,0,0,0.12);"[39m
  [36m/>[39m

  Name "Change Item 774":
  [36m<article[39m
    [33maria-labelledby[39m=[32m"change-item-773-heading"[39m
    [33mclass[39m=[32m"MuiPaper-root MuiPaper-elevation MuiPaper-rounded MuiPaper-elevation1 css-fw7llw-MuiPaper-root"[39m
    [33mstyle[39m=[32m"--Paper-shadow: 0px 2px 1px -1px rgba(0,0,0,0.2),0px 1px 1px 0px rgba(0,0,0,0.14),0px 1px 3px 0px rgba(0,0,0,0.12);"[39m
  [36m/>[39m

  Name "Change Item 775":
  [36m<article[39m
    [33maria-labelledby[39m=[32m"change-item-774-heading"[39m
    [33mclass[39m=[32m"MuiPaper-root MuiPaper-elevation MuiPaper-rounded MuiPaper-elevation1 css-fw7llw-MuiPaper-root"[39m
    [33mstyle[39m=[32m"--Paper-shadow: 0px 2px 1px -1px rgba(0,0,0,0.2),0px 1px 1px 0px rgba(0,0,0,0.14),0px 1px 3px 0px rgba(0,0,0,0.12);"[39m
  [36m/>[39m

  Name "Change Item 776":
  [36m<article[39m
    [33maria-labelledby[39m=[32m"change-item-775-heading"[39m
    [33mclass[39m=[32m"MuiPaper-root MuiPaper-elevation MuiPaper-rounded MuiPaper-elevation1 css-fw7llw-MuiPaper-root"[39m
    [33mstyle[39m=[32m"--Paper-shadow: 0px 2px 1px -1px rgba(0,0,0,0.2),0px 1px 1px 0px rgba(0,0,0,0.14),0px 1px 3px 0px rgba(0,0,0,0.12);"[39m
  [36m/>[39m

  Name "Change Item 777":
  [36m<article[39m
    [33maria-labelledby[39m=[32m"change-item-776-heading"[39m
    [33mclass[39m=[32m"MuiPaper-root MuiPaper-elevation MuiPaper-rounded MuiPaper-elevation1 css-fw7llw-MuiPaper-root"[39m
    [33mstyle[39m=[32m"--Paper-shadow: 0px 2px 1px -1px rgba(0,0,0,0.2),0px 1px 1px 0px rgba(0,0,0,0.14),0px 1px 3px 0px rgba(0,0,0,0.12);"[39m
  [36m/>[39m

  Name "Change Item 778":
  [36m<article[39m
    [33maria-labelledby[39m=[32m"change-item-777-heading"[39m
    [33mclass[39m=[32m"MuiPaper-root MuiPaper-elevation MuiPaper-rounded MuiPaper-elevation1 css-fw7llw-MuiPaper-root"[39m
    [33mstyle[39m=[32m"--Paper-shadow: 0px 2px 1px -1px rgba(0,0,0,0.2),0px 1px 1px 0px rgba(0,0,0,0.14),0px 1px 3px 0px rgba(0,0,0,0.12);"[39m
  [36m/>[39m

  Name "Change Item 779":
  [36m<article[39m
    [33maria-labelledby[39m=[32m"change-item-778-heading"[39m
    [33mclass[39m=[32m"MuiPaper-root MuiPaper-elevation MuiPaper-rounded MuiPaper-elevation1 css-fw7llw-MuiPaper-root"[39m
    [33mstyle[39m=[32m"--Paper-shadow: 0px 2px 1px -1px rgba(0,0,0,0.2),0px 1px 1px 0px rgba(0,0,0,0.14),0px 1px 3px 0px rgba(0,0,0,0.12);"[39m
  [36m/>[39m

  Name "Change Item 780":
  [36m<article[39m
    [33maria-labelledby[39m=[32m"change-item-779-heading"[39m
    [33mclass[39m=[32m"MuiPaper-root MuiPaper-elevation MuiPaper-rounded MuiPaper-elevation1 css-fw7llw-MuiPaper-root"[39m
    [33mstyle[39m=[32m"--Paper-shadow: 0px 2px 1px -1px rgba(0,0,0,0.2),0px 1px 1px 0px rgba(0,0,0,0.14),0px 1px 3px 0px rgba(0,0,0,0.12);"[39m
  [36m/>[39m

  Name "Change Item 781":
  [36m<article[39m
    [33maria-labelledby[39m=[32m"change-item-780-heading"[39m
    [33mclass[39m=[32m"MuiPaper-root MuiPaper-elevation MuiPaper-rounded MuiPaper-elevation1 css-fw7llw-MuiPaper-root"[39m
    [33mstyle[39m=[32m"--Paper-shadow: 0px 2px 1px -1px rgba(0,0,0,0.2),0px 1px 1px 0px rgba(0,0,0,0.14),0px 1px 3px 0px rgba(0,0,0,0.12);"[39m
  [36m/>[39m

  Name "Change Item 782":
  [36m<article[39m
    [33maria-labelledby[39m=[32m"change-item-781-heading"[39m
    [33mclass[39m=[32m"MuiPaper-root MuiPaper-elevation MuiPaper-rounded MuiPaper-elevation1 css-fw7llw-MuiPaper-root"[39m
    [33mstyle[39m=[32m"--Paper-shadow: 0px 2px 1px -1px rgba(0,0,0,0.2),0px 1px 1px 0px rgba(0,0,0,0.14),0px 1px 3px 0px rgba(0,0,0,0.12);"[39m
  [36m/>[39m

  Name "Change Item 783":
  [36m<article[39m
    [33maria-labelledby[39m=[32m"change-item-782-heading"[39m
    [33mclass[39m=[32m"MuiPaper-root MuiPaper-elevation MuiPaper-rounded MuiPaper-elevation1 css-fw7llw-MuiPaper-root"[39m
    [33mstyle[39m=[32m"--Paper-shadow: 0px 2px 1px -1px rgba(0,0,0,0.2),0px 1px 1px 0px rgba(0,0,0,0.14),0px 1px 3px 0px rgba(0,0,0,0.12);"[39m
  [36m/>[39m

  Name "Change Item 784":
  [36m<article[39m
    [33maria-labelledby[39m=[32m"change-item-783-heading"[39m
    [33mclass[39m=[32m"MuiPaper-root MuiPaper-elevation MuiPaper-rounded MuiPaper-elevation1 css-fw7llw-MuiPaper-root"[39m
    [33mstyle[39m=[32m"--Paper-shadow: 0px 2px 1px -1px rgba(0,0,0,0.2),0px 1px 1px 0px rgba(0,0,0,0.14),0px 1px 3px 0px rgba(0,0,0,0.12);"[39m
  [36m/>[39m

  Name "Change Item 785":
  [36m<article[39m
    [33maria-labelledby[39m=[32m"change-item-784-heading"[39m
    [33mclass[39m=[32m"MuiPaper-root MuiPaper-elevation MuiPaper-rounded MuiPaper-elevation1 css-fw7llw-MuiPaper-root"[39m
    [33mstyle[39m=[32m"--Paper-shadow: 0px 2px 1px -1px rgba(0,0,0,0.2),0px 1px 1px 0px rgba(0,0,0,0.14),0px 1px 3px 0px rgba(0,0,0,0.12);"[39m
  [36m/>[39m

  Name "Change Item 786":
  [36m<article[39m
    [33maria-labelledby[39m=[32m"change-item-785-heading"[39m
    [33mclass[39m=[32m"MuiPaper-root MuiPaper-elevation MuiPaper-rounded MuiPaper-elevation1 css-fw7llw-MuiPaper-root"[39m
    [33mstyle[39m=[32m"--Paper-shadow: 0px 2px 1px -1px rgba(0,0,0,0.2),0px 1px 1px 0px rgba(0,0,0,0.14),0px 1px 3px 0px rgba(0,0,0,0.12);"[39m
  [36m/>[39m

  Name "Change Item 787":
  [36m<article[39m
    [33maria-labelledby[39m=[32m"change-item-786-heading"[39m
    [33mclass[39m=[32m"MuiPaper-root MuiPaper-elevation MuiPaper-rounded MuiPaper-elevation1 css-fw7llw-MuiPaper-root"[39m
    [33mstyle[39m=[32m"--Paper-shadow: 0px 2px 1px -1px rgba(0,0,0,0.2),0px 1px 1px 0px rgba(0,0,0,0.14),0px 1px 3px 0px rgba(0,0,0,0.12);"[39m
  [36m/>[39m

  Name "Change Item 788":
  [36m<article[39m
    [33maria-labelledby[39m=[32m"change-item-787-heading"[39m
    [33mclass[39m=[32m"MuiPaper-root MuiPaper-elevation MuiPaper-rounded MuiPaper-elevation1 css-fw7llw-MuiPaper-root"[39m
    [33mstyle[39m=[32m"--Paper-shadow: 0px 2px 1px -1px rgba(0,0,0,0.2),0px 1px 1px 0px rgba(0,0,0,0.14),0px 1px 3px 0px rgba(0,0,0,0.12);"[39m
  [36m/>[39m

  Name "Change Item 789":
  [36m<article[39m
    [33maria-labelledby[39m=[32m"change-item-788-heading"[39m
    [33mclass[39m=[32m"MuiPaper-root MuiPaper-elevation MuiPaper-rounded MuiPaper-elevation1 css-fw7llw-MuiPaper-root"[39m
    [33mstyle[39m=[32m"--Paper-shadow: 0px 2px 1px -1px rgba(0,0,0,0.2),0px 1px 1px 0px rgba(0,0,0,0.14),0px 1px 3px 0px rgba(0,0,0,0.12);"[39m
  [36m/>[39m

  Name "Change Item 790":
  [36m<article[39m
    [33maria-labelledby[39m=[32m"change-item-789-heading"[39m
    [33mclass[39m=[32m"MuiPaper-root MuiPaper-elevation MuiPaper-rounded MuiPaper-elevation1 css-fw7llw-MuiPaper-root"[39m
    [33mstyle[39m=[32m"--Paper-shadow: 0px 2px 1px -1px rgba(0,0,0,0.2),0px 1px 1px 0px rgba(0,0,0,0.14),0px 1px 3px 0px rgba(0,0,0,0.12);"[39m
  [36m/>[39m

  Name "Change Item 791":
  [36m<article[39m
    [33maria-labelledby[39m=[32m"change-item-790-heading"[39m
    [33mclass[39m=[32m"MuiPaper-root MuiPaper-elevation MuiPaper-rounded MuiPaper-elevation1 css-fw7llw-MuiPaper-root"[39m
    [33mstyle[39m=[32m"--Paper-shadow: 0px 2px 1px -1px rgba(0,0,0,0.2),0px 1px 1px 0px rgba(0,0,0,0.14),0px 1px 3px 0px rgba(0,0,0,0.12);"[39m
  [36m/>[39m

  Name "Change Item 792":
  [36m<article[39m
    [33maria-labelledby[39m=[32m"change-item-791-heading"[39m
    [33mclass[39m=[32m"MuiPaper-root MuiPaper-elevation MuiPaper-rounded MuiPaper-elevation1 css-fw7llw-MuiPaper-root"[39m
    [33mstyle[39m=[32m"--Paper-shadow: 0px 2px 1px -1px rgba(0,0,0,0.2),0px 1px 1px 0px rgba(0,0,0,0.14),0px 1px 3px 0px rgba(0,0,0,0.12);"[39m
  [36m/>[39m

  Name "Change Item 793":
  [36m<article[39m
    [33maria-labelledby[39m=[32m"change-item-792-heading"[39m
    [33mclass[39m=[32m"MuiPaper-root MuiPaper-elevation MuiPaper-rounded MuiPaper-elevation1 css-fw7llw-MuiPaper-root"[39m
    [33mstyle[39m=[32m"--Paper-shadow: 0px 2px 1px -1px rgba(0,0,0,0.2),0px 1px 1px 0px rgba(0,0,0,0.14),0px 1px 3px 0px rgba(0,0,0,0.12);"[39m
  [36m/>[39m

  Name "Change Item 794":
  [36m<article[39m
    [33maria-labelledby[39m=[32m"change-item-793-heading"[39m
    [33mclass[39m=[32m"MuiPaper-root MuiPaper-elevation MuiPaper-rounded MuiPaper-elevation1 css-fw7llw-MuiPaper-root"[39m
    [33mstyle[39m=[32m"--Paper-shadow: 0px 2px 1px -1px rgba(0,0,0,0.2),0px 1px 1px 0px rgba(0,0,0,0.14),0px 1px 3px 0px rgba(0,0,0,0.12);"[39m
  [36m/>[39m

  Name "Change Item 795":
  [36m<article[39m
    [33maria-labelledby[39m=[32m"change-item-794-heading"[39m
    [33mclass[39m=[32m"MuiPaper-root MuiPaper-elevation MuiPaper-rounded MuiPaper-elevation1 css-fw7llw-MuiPaper-root"[39m
    [33mstyle[39m=[32m"--Paper-shadow: 0px 2px 1px -1px rgba(0,0,0,0.2),0px 1px 1px 0px rgba(0,0,0,0.14),0px 1px 3px 0px rgba(0,0,0,0.12);"[39m
  [36m/>[39m

  Name "Change Item 796":
  [36m<article[39m
    [33maria-labelledby[39m=[32m"change-item-795-heading"[39m
    [33mclass[39m=[32m"MuiPaper-root MuiPaper-elevation MuiPaper-rounded MuiPaper-elevation1 css-fw7llw-MuiPaper-root"[39m
    [33mstyle[39m=[32m"--Paper-shadow: 0px 2px 1px -1px rgba(0,0,0,0.2),0px 1px 1px 0px rgba(0,0,0,0.14),0px 1px 3px 0px rgba(0,0,0,0.12);"[39m
  [36m/>[39m

  Name "Change Item 797":
  [36m<article[39m
    [33maria-labelledby[39m=[32m"change-item-796-heading"[39m
    [33mclass[39m=[32m"MuiPaper-root MuiPaper-elevation MuiPaper-rounded MuiPaper-elevation1 css-fw7llw-MuiPaper-root"[39m
    [33mstyle[39m=[32m"--Paper-shadow: 0px 2px 1px -1px rgba(0,0,0,0.2),0px 1px 1px 0px rgba(0,0,0,0.14),0px 1px 3px 0px rgba(0,0,0,0.12);"[39m
  [36m/>[39m

  Name "Change Item 798":
  [36m<article[39m
    [33maria-labelledby[39m=[32m"change-item-797-heading"[39m
    [33mclass[39m=[32m"MuiPaper-root MuiPaper-elevation MuiPaper-rounded MuiPaper-elevation1 css-fw7llw-MuiPaper-root"[39m
    [33mstyle[39m=[32m"--Paper-shadow: 0px 2px 1px -1px rgba(0,0,0,0.2),0px 1px 1px 0px rgba(0,0,0,0.14),0px 1px 3px 0px rgba(0,0,0,0.12);"[39m
  [36m/>[39m

  Name "Change Item 799":
  [36m<article[39m
    [33maria-labelledby[39m=[32m"change-item-798-heading"[39m
    [33mclass[39m=[32m"MuiPaper-root MuiPaper-elevation MuiPaper-rounded MuiPaper-elevation1 css-fw7llw-MuiPaper-root"[39m
    [33mstyle[39m=[32m"--Paper-shadow: 0px 2px 1px -1px rgba(0,0,0,0.2),0px 1px 1px 0px rgba(0,0,0,0.14),0px 1px 3px 0px rgba(0,0,0,0.12);"[39m
  [36m/>[39m

  Name "Change Item 800":
  [36m<article[39m
    [33maria-labelledby[39m=[32m"change-item-799-heading"[39m
    [33mclass[39m=[32m"MuiPaper-root MuiPaper-elevation MuiPaper-rounded MuiPaper-elevation1 css-fw7llw-MuiPaper-root"[39m
    [33mstyle[39m=[32m"--Paper-shadow: 0px 2px 1px -1px rgba(0,0,0,0.2),0px 1px 1px 0px rgba(0,0,0,0.14),0px 1px 3px 0px rgba(0,0,0,0.12);"[39m
  [36m/>[39m

  Name "Change Item 801":
  [36m<article[39m
    [33maria-labelledby[39m=[32m"change-item-800-heading"[39m
    [33mclass[39m=[32m"MuiPaper-root MuiPaper-elevation MuiPaper-rounded MuiPaper-elevation1 css-fw7llw-MuiPaper-root"[39m
    [33mstyle[39m=[32m"--Paper-shadow: 0px 2px 1px -1px rgba(0,0,0,0.2),0px 1px 1px 0px rgba(0,0,0,0.14),0px 1px 3px 0px rgba(0,0,0,0.12);"[39m
  [36m/>[39m

  Name "Change Item 802":
  [36m<article[39m
    [33maria-labelledby[39m=[32m"change-item-801-heading"[39m
    [33mclass[39m=[32m"MuiPaper-root MuiPaper-elevation MuiPaper-rounded MuiPaper-elevation1 css-fw7llw-MuiPaper-root"[39m
    [33mstyle[39m=[32m"--Paper-shadow: 0px 2px 1px -1px rgba(0,0,0,0.2),0px 1px 1px 0px rgba(0,0,0,0.14),0px 1px 3px 0px rgba(0,0,0,0.12);"[39m
  [36m/>[39m

  Name "Change Item 803":
  [36m<article[39m
    [33maria-labelledby[39m=[32m"change-item-802-heading"[39m
    [33mclass[39m=[32m"MuiPaper-root MuiPaper-elevation MuiPaper-rounded MuiPaper-elevation1 css-fw7llw-MuiPaper-root"[39m
    [33mstyle[39m=[32m"--Paper-shadow: 0px 2px 1px -1px rgba(0,0,0,0.2),0px 1px 1px 0px rgba(0,0,0,0.14),0px 1px 3px 0px rgba(0,0,0,0.12);"[39m
  [36m/>[39m

  Name "Change Item 804":
  [36m<article[39m
    [33maria-labelledby[39m=[32m"change-item-803-heading"[39m
    [33mclass[39m=[32m"MuiPaper-root MuiPaper-elevation MuiPaper-rounded MuiPaper-elevation1 css-fw7llw-MuiPaper-root"[39m
    [33mstyle[39m=[32m"--Paper-shadow: 0px 2px 1px -1px rgba(0,0,0,0.2),0px 1px 1px 0px rgba(0,0,0,0.14),0px 1px 3px 0px rgba(0,0,0,0.12);"[39m
  [36m/>[39m

  Name "Change Item 805":
  [36m<article[39m
    [33maria-labelledby[39m=[32m"change-item-804-heading"[39m
    [33mclass[39m=[32m"MuiPaper-root MuiPaper-elevation MuiPaper-rounded MuiPaper-elevation1 css-fw7llw-MuiPaper-root"[39m
    [33mstyle[39m=[32m"--Paper-shadow: 0px 2px 1px -1px rgba(0,0,0,0.2),0px 1px 1px 0px rgba(0,0,0,0.14),0px 1px 3px 0px rgba(0,0,0,0.12);"[39m
  [36m/>[39m

  Name "Change Item 806":
  [36m<article[39m
    [33maria-labelledby[39m=[32m"change-item-805-heading"[39m
    [33mclass[39m=[32m"MuiPaper-root MuiPaper-elevation MuiPaper-rounded MuiPaper-elevation1 css-fw7llw-MuiPaper-root"[39m
    [33mstyle[39m=[32m"--Paper-shadow: 0px 2px 1px -1px rgba(0,0,0,0.2),0px 1px 1px 0px rgba(0,0,0,0.14),0px 1px 3px 0px rgba(0,0,0,0.12);"[39m
  [36m/>[39m

  Name "Change Item 807":
  [36m<article[39m
    [33maria-labelledby[39m=[32m"change-item-806-heading"[39m
    [33mclass[39m=[32m"MuiPaper-root MuiPaper-elevation MuiPaper-rounded MuiPaper-elevation1 css-fw7llw-MuiPaper-root"[39m
    [33mstyle[39m=[32m"--Paper-shadow: 0px 2px 1px -1px rgba(0,0,0,0.2),0px 1px 1px 0px rgba(0,0,0,0.14),0px 1px 3px 0px rgba(0,0,0,0.12);"[39m
  [36m/>[39m

  Name "Change Item 808":
  [36m<article[39m
    [33maria-labelledby[39m=[32m"change-item-807-heading"[39m
    [33mclass[39m=[32m"MuiPaper-root MuiPaper-elevation MuiPaper-rounded MuiPaper-elevation1 css-fw7llw-MuiPaper-root"[39m
    [33mstyle[39m=[32m"--Paper-shadow: 0px 2px 1px -1px rgba(0,0,0,0.2),0px 1px 1px 0px rgba(0,0,0,0.14),0px 1px 3px 0px rgba(0,0,0,0.12);"[39m
  [36m/>[39m

  Name "Change Item 809":
  [36m<article[39m
    [33maria-labelledby[39m=[32m"change-item-808-heading"[39m
    [33mclass[39m=[32m"MuiPaper-root MuiPaper-elevation MuiPaper-rounded MuiPaper-elevation1 css-fw7llw-MuiPaper-root"[39m
    [33mstyle[39m=[32m"--Paper-shadow: 0px 2px 1px -1px rgba(0,0,0,0.2),0px 1px 1px 0px rgba(0,0,0,0.14),0px 1px 3px 0px rgba(0,0,0,0.12);"[39m
  [36m/>[39m

  Name "Change Item 810":
  [36m<article[39m
    [33maria-labelledby[39m=[32m"change-item-809-heading"[39m
    [33mclass[39m=[32m"MuiPaper-root MuiPaper-elevation MuiPaper-rounded MuiPaper-elevation1 css-fw7llw-MuiPaper-root"[39m
    [33mstyle[39m=[32m"--Paper-shadow: 0px 2px 1px -1px rgba(0,0,0,0.2),0px 1px 1px 0px rgba(0,0,0,0.14),0px 1px 3px 0px rgba(0,0,0,0.12);"[39m
  [36m/>[39m

  Name "Change Item 811":
  [36m<article[39m
    [33maria-labelledby[39m=[32m"change-item-810-heading"[39m
    [33mclass[39m=[32m"MuiPaper-root MuiPaper-elevation MuiPaper-rounded MuiPaper-elevation1 css-fw7llw-MuiPaper-root"[39m
    [33mstyle[39m=[32m"--Paper-shadow: 0px 2px 1px -1px rgba(0,0,0,0.2),0px 1px 1px 0px rgba(0,0,0,0.14),0px 1px 3px 0px rgba(0,0,0,0.12);"[39m
  [36m/>[39m

  Name "Change Item 812":
  [36m<article[39m
    [33maria-labelledby[39m=[32m"change-item-811-heading"[39m
    [33mclass[39m=[32m"MuiPaper-root MuiPaper-elevation MuiPaper-rounded MuiPaper-elevation1 css-fw7llw-MuiPaper-root"[39m
    [33mstyle[39m=[32m"--Paper-shadow: 0px 2px 1px -1px rgba(0,0,0,0.2),0px 1px 1px 0px rgba(0,0,0,0.14),0px 1px 3px 0px rgba(0,0,0,0.12);"[39m
  [36m/>[39m

  Name "Change Item 813":
  [36m<article[39m
    [33maria-labelledby[39m=[32m"change-item-812-heading"[39m
    [33mclass[39m=[32m"MuiPaper-root MuiPaper-elevation MuiPaper-rounded MuiPaper-elevation1 css-fw7llw-MuiPaper-root"[39m
    [33mstyle[39m=[32m"--Paper-shadow: 0px 2px 1px -1px rgba(0,0,0,0.2),0px 1px 1px 0px rgba(0,0,0,0.14),0px 1px 3px 0px rgba(0,0,0,0.12);"[39m
  [36m/>[39m

  Name "Change Item 814":
  [36m<article[39m
    [33maria-labelledby[39m=[32m"change-item-813-heading"[39m
    [33mclass[39m=[32m"MuiPaper-root MuiPaper-elevation MuiPaper-rounded MuiPaper-elevation1 css-fw7llw-MuiPaper-root"[39m
    [33mstyle[39m=[32m"--Paper-shadow: 0px 2px 1px -1px rgba(0,0,0,0.2),0px 1px 1px 0px rgba(0,0,0,0.14),0px 1px 3px 0px rgba(0,0,0,0.12);"[39m
  [36m/>[39m

  Name "Change Item 815":
  [36m<article[39m
    [33maria-labelledby[39m=[32m"change-item-814-heading"[39m
    [33mclass[39m=[32m"MuiPaper-root MuiPaper-elevation MuiPaper-rounded MuiPaper-elevation1 css-fw7llw-MuiPaper-root"[39m
    [33mstyle[39m=[32m"--Paper-shadow: 0px 2px 1px -1px rgba(0,0,0,0.2),0px 1px 1px 0px rgba(0,0,0,0.14),0px 1px 3px 0px rgba(0,0,0,0.12);"[39m
  [36m/>[39m

  Name "Change Item 816":
  [36m<article[39m
    [33maria-labelledby[39m=[32m"change-item-815-heading"[39m
    [33mclass[39m=[32m"MuiPaper-root MuiPaper-elevation MuiPaper-rounded MuiPaper-elevation1 css-fw7llw-MuiPaper-root"[39m
    [33mstyle[39m=[32m"--Paper-shadow: 0px 2px 1px -1px rgba(0,0,0,0.2),0px 1px 1px 0px rgba(0,0,0,0.14),0px 1px 3px 0px rgba(0,0,0,0.12);"[39m
  [36m/>[39m

  Name "Change Item 817":
  [36m<article[39m
    [33maria-labelledby[39m=[32m"change-item-816-heading"[39m
    [33mclass[39m=[32m"MuiPaper-root MuiPaper-elevation MuiPaper-rounded MuiPaper-elevation1 css-fw7llw-MuiPaper-root"[39m
    [33mstyle[39m=[32m"--Paper-shadow: 0px 2px 1px -1px rgba(0,0,0,0.2),0px 1px 1px 0px rgba(0,0,0,0.14),0px 1px 3px 0px rgba(0,0,0,0.12);"[39m
  [36m/>[39m

  Name "Change Item 818":
  [36m<article[39m
    [33maria-labelledby[39m=[32m"change-item-817-heading"[39m
    [33mclass[39m=[32m"MuiPaper-root MuiPaper-elevation MuiPaper-rounded MuiPaper-elevation1 css-fw7llw-MuiPaper-root"[39m
    [33mstyle[39m=[32m"--Paper-shadow: 0px 2px 1px -1px rgba(0,0,0,0.2),0px 1px 1px 0px rgba(0,0,0,0.14),0px 1px 3px 0px rgba(0,0,0,0.12);"[39m
  [36m/>[39m

  Name "Change Item 819":
  [36m<article[39m
    [33maria-labelledby[39m=[32m"change-item-818-heading"[39m
    [33mclass[39m=[32m"MuiPaper-root MuiPaper-elevation MuiPaper-rounded MuiPaper-elevation1 css-fw7llw-MuiPaper-root"[39m
    [33mstyle[39m=[32m"--Paper-shadow: 0px 2px 1px -1px rgba(0,0,0,0.2),0px 1px 1px 0px rgba(0,0,0,0.14),0px 1px 3px 0px rgba(0,0,0,0.12);"[39m
  [36m/>[39m

  Name "Change Item 820":
  [36m<article[39m
    [33maria-labelledby[39m=[32m"change-item-819-heading"[39m
    [33mclass[39m=[32m"MuiPaper-root MuiPaper-elevation MuiPaper-rounded MuiPaper-elevation1 css-fw7llw-MuiPaper-root"[39m
    [33mstyle[39m=[32m"--Paper-shadow: 0px 2px 1px -1px rgba(0,0,0,0.2),0px 1px 1px 0px rgba(0,0,0,0.14),0px 1px 3px 0px rgba(0,0,0,0.12);"[39m
  [36m/>[39m

  Name "Change Item 821":
  [36m<article[39m
    [33maria-labelledby[39m=[32m"change-item-820-heading"[39m
    [33mclass[39m=[32m"MuiPaper-root MuiPaper-elevation MuiPaper-rounded MuiPaper-elevation1 css-fw7llw-MuiPaper-root"[39m
    [33mstyle[39m=[32m"--Paper-shadow: 0px 2px 1px -1px rgba(0,0,0,0.2),0px 1px 1px 0px rgba(0,0,0,0.14),0px 1px 3px 0px rgba(0,0,0,0.12);"[39m
  [36m/>[39m

  Name "Change Item 822":
  [36m<article[39m
    [33maria-labelledby[39m=[32m"change-item-821-heading"[39m
    [33mclass[39m=[32m"MuiPaper-root MuiPaper-elevation MuiPaper-rounded MuiPaper-elevation1 css-fw7llw-MuiPaper-root"[39m
    [33mstyle[39m=[32m"--Paper-shadow: 0px 2px 1px -1px rgba(0,0,0,0.2),0px 1px 1px 0px rgba(0,0,0,0.14),0px 1px 3px 0px rgba(0,0,0,0.12);"[39m
  [36m/>[39m

  Name "Change Item 823":
  [36m<article[39m
    [33maria-labelledby[39m=[32m"change-item-822-heading"[39m
    [33mclass[39m=[32m"MuiPaper-root MuiPaper-elevation MuiPaper-rounded MuiPaper-elevation1 css-fw7llw-MuiPaper-root"[39m
    [33mstyle[39m=[32m"--Paper-shadow: 0px 2px 1px -1px rgba(0,0,0,0.2),0px 1px 1px 0px rgba(0,0,0,0.14),0px 1px 3px 0px rgba(0,0,0,0.12);"[39m
  [36m/>[39m

  Name "Change Item 824":
  [36m<article[39m
    [33maria-labelledby[39m=[32m"change-item-823-heading"[39m
    [33mclass[39m=[32m"MuiPaper-root MuiPaper-elevation MuiPaper-rounded MuiPaper-elevation1 css-fw7llw-MuiPaper-root"[39m
    [33mstyle[39m=[32m"--Paper-shadow: 0px 2px 1px -1px rgba(0,0,0,0.2),0px 1px 1px 0px rgba(0,0,0,0.14),0px 1px 3px 0px rgba(0,0,0,0.12);"[39m
  [36m/>[39m

  Name "Change Item 825":
  [36m<article[39m
    [33maria-labelledby[39m=[32m"change-item-824-heading"[39m
    [33mclass[39m=[32m"MuiPaper-root MuiPaper-elevation MuiPaper-rounded MuiPaper-elevation1 css-fw7llw-MuiPaper-root"[39m
    [33mstyle[39m=[32m"--Paper-shadow: 0px 2px 1px -1px rgba(0,0,0,0.2),0px 1px 1px 0px rgba(0,0,0,0.14),0px 1px 3px 0px rgba(0,0,0,0.12);"[39m
  [36m/>[39m

  Name "Change Item 826":
  [36m<article[39m
    [33maria-labelledby[39m=[32m"change-item-825-heading"[39m
    [33mclass[39m=[32m"MuiPaper-root MuiPaper-elevation MuiPaper-rounded MuiPaper-elevation1 css-fw7llw-MuiPaper-root"[39m
    [33mstyle[39m=[32m"--Paper-shadow: 0px 2px 1px -1px rgba(0,0,0,0.2),0px 1px 1px 0px rgba(0,0,0,0.14),0px 1px 3px 0px rgba(0,0,0,0.12);"[39m
  [36m/>[39m

  Name "Change Item 827":
  [36m<article[39m
    [33maria-labelledby[39m=[32m"change-item-826-heading"[39m
    [33mclass[39m=[32m"MuiPaper-root MuiPaper-elevation MuiPaper-rounded MuiPaper-elevation1 css-fw7llw-MuiPaper-root"[39m
    [33mstyle[39m=[32m"--Paper-shadow: 0px 2px 1px -1px rgba(0,0,0,0.2),0px 1px 1px 0px rgba(0,0,0,0.14),0px 1px 3px 0px rgba(0,0,0,0.12);"[39m
  [36m/>[39m

  Name "Change Item 828":
  [36m<article[39m
    [33maria-labelledby[39m=[32m"change-item-827-heading"[39m
    [33mclass[39m=[32m"MuiPaper-root MuiPaper-elevation MuiPaper-rounded MuiPaper-elevation1 css-fw7llw-MuiPaper-root"[39m
    [33mstyle[39m=[32m"--Paper-shadow: 0px 2px 1px -1px rgba(0,0,0,0.2),0px 1px 1px 0px rgba(0,0,0,0.14),0px 1px 3px 0px rgba(0,0,0,0.12);"[39m
  [36m/>[39m

  Name "Change Item 829":
  [36m<article[39m
    [33maria-labelledby[39m=[32m"change-item-828-heading"[39m
    [33mclass[39m=[32m"MuiPaper-root MuiPaper-elevation MuiPaper-rounded MuiPaper-elevation1 css-fw7llw-MuiPaper-root"[39m
    [33mstyle[39m=[32m"--Paper-shadow: 0px 2px 1px -1px rgba(0,0,0,0.2),0px 1px 1px 0px rgba(0,0,0,0.14),0px 1px 3px 0px rgba(0,0,0,0.12);"[39m
  [36m/>[39m

  Name "Change Item 830":
  [36m<article[39m
    [33maria-labelledby[39m=[32m"change-item-829-heading"[39m
    [33mclass[39m=[32m"MuiPaper-root MuiPaper-elevation MuiPaper-rounded MuiPaper-elevation1 css-fw7llw-MuiPaper-root"[39m
    [33mstyle[39m=[32m"--Paper-shadow: 0px 2px 1px -1px rgba(0,0,0,0.2),0px 1px 1px 0px rgba(0,0,0,0.14),0px 1px 3px 0px rgba(0,0,0,0.12);"[39m
  [36m/>[39m

  Name "Change Item 831":
  [36m<article[39m
    [33maria-labelledby[39m=[32m"change-item-830-heading"[39m
    [33mclass[39m=[32m"MuiPaper-root MuiPaper-elevation MuiPaper-rounded MuiPaper-elevation1 css-fw7llw-MuiPaper-root"[39m
    [33mstyle[39m=[32m"--Paper-shadow: 0px 2px 1px -1px rgba(0,0,0,0.2),0px 1px 1px 0px rgba(0,0,0,0.14),0px 1px 3px 0px rgba(0,0,0,0.12);"[39m
  [36m/>[39m

  Name "Change Item 832":
  [36m<article[39m
    [33maria-labelledby[39m=[32m"change-item-831-heading"[39m
    [33mclass[39m=[32m"MuiPaper-root MuiPaper-elevation MuiPaper-rounded MuiPaper-elevation1 css-fw7llw-MuiPaper-root"[39m
    [33mstyle[39m=[32m"--Paper-shadow: 0px 2px 1px -1px rgba(0,0,0,0.2),0px 1px 1px 0px rgba(0,0,0,0.14),0px 1px 3px 0px rgba(0,0,0,0.12);"[39m
  [36m/>[39m

  Name "Change Item 833":
  [36m<article[39m
    [33maria-labelledby[39m=[32m"change-item-832-heading"[39m
    [33mclass[39m=[32m"MuiPaper-root MuiPaper-elevation MuiPaper-rounded MuiPaper-elevation1 css-fw7llw-MuiPaper-root"[39m
    [33mstyle[39m=[32m"--Paper-shadow: 0px 2px 1px -1px rgba(0,0,0,0.2),0px 1px 1px 0px rgba(0,0,0,0.14),0px 1px 3px 0px rgba(0,0,0,0.12);"[39m
  [36m/>[39m

  Name "Change Item 834":
  [36m<article[39m
    [33maria-labelledby[39m=[32m"change-item-833-heading"[39m
    [33mclass[39m=[32m"MuiPaper-root MuiPaper-elevation MuiPaper-rounded MuiPaper-elevation1 css-fw7llw-MuiPaper-root"[39m
    [33mstyle[39m=[32m"--Paper-shadow: 0px 2px 1px -1px rgba(0,0,0,0.2),0px 1px 1px 0px rgba(0,0,0,0.14),0px 1px 3px 0px rgba(0,0,0,0.12);"[39m
  [36m/>[39m

  Name "Change Item 835":
  [36m<article[39m
    [33maria-labelledby[39m=[32m"change-item-834-heading"[39m
    [33mclass[39m=[32m"MuiPaper-root MuiPaper-elevation MuiPaper-rounded MuiPaper-elevation1 css-fw7llw-MuiPaper-root"[39m
    [33mstyle[39m=[32m"--Paper-shadow: 0px 2px 1px -1px rgba(0,0,0,0.2),0px 1px 1px 0px rgba(0,0,0,0.14),0px 1px 3px 0px rgba(0,0,0,0.12);"[39m
  [36m/>[39m

  Name "Change Item 836":
  [36m<article[39m
    [33maria-labelledby[39m=[32m"change-item-835-heading"[39m
    [33mclass[39m=[32m"MuiPaper-root MuiPaper-elevation MuiPaper-rounded MuiPaper-elevation1 css-fw7llw-MuiPaper-root"[39m
    [33mstyle[39m=[32m"--Paper-shadow: 0px 2px 1px -1px rgba(0,0,0,0.2),0px 1px 1px 0px rgba(0,0,0,0.14),0px 1px 3px 0px rgba(0,0,0,0.12);"[39m
  [36m/>[39m

  Name "Change Item 837":
  [36m<article[39m
    [33maria-labelledby[39m=[32m"change-item-836-heading"[39m
    [33mclass[39m=[32m"MuiPaper-root MuiPaper-elevation MuiPaper-rounded MuiPaper-elevation1 css-fw7llw-MuiPaper-root"[39m
    [33mstyle[39m=[32m"--Paper-shadow: 0px 2px 1px -1px rgba(0,0,0,0.2),0px 1px 1px 0px rgba(0,0,0,0.14),0px 1px 3px 0px rgba(0,0,0,0.12);"[39m
  [36m/>[39m

  Name "Change Item 838":
  [36m<article[39m
    [33maria-labelledby[39m=[32m"change-item-837-heading"[39m
    [33mclass[39m=[32m"MuiPaper-root MuiPaper-elevation MuiPaper-rounded MuiPaper-elevation1 css-fw7llw-MuiPaper-root"[39m
    [33mstyle[39m=[32m"--Paper-shadow: 0px 2px 1px -1px rgba(0,0,0,0.2),0px 1px 1px 0px rgba(0,0,0,0.14),0px 1px 3px 0px rgba(0,0,0,0.12);"[39m
  [36m/>[39m

  Name "Change Item 839":
  [36m<article[39m
    [33maria-labelledby[39m=[32m"change-item-838-heading"[39m
    [33mclass[39m=[32m"MuiPaper-root MuiPaper-elevation MuiPaper-rounded MuiPaper-elevation1 css-fw7llw-MuiPaper-root"[39m
    [33mstyle[39m=[32m"--Paper-shadow: 0px 2px 1px -1px rgba(0,0,0,0.2),0px 1px 1px 0px rgba(0,0,0,0.14),0px 1px 3px 0px rgba(0,0,0,0.12);"[39m
  [36m/>[39m

  Name "Change Item 840":
  [36m<article[39m
    [33maria-labelledby[39m=[32m"change-item-839-heading"[39m
    [33mclass[39m=[32m"MuiPaper-root MuiPaper-elevation MuiPaper-rounded MuiPaper-elevation1 css-fw7llw-MuiPaper-root"[39m
    [33mstyle[39m=[32m"--Paper-shadow: 0px 2px 1px -1px rgba(0,0,0,0.2),0px 1px 1px 0px rgba(0,0,0,0.14),0px 1px 3px 0px rgba(0,0,0,0.12);"[39m
  [36m/>[39m

  Name "Change Item 841":
  [36m<article[39m
    [33maria-labelledby[39m=[32m"change-item-840-heading"[39m
    [33mclass[39m=[32m"MuiPaper-root MuiPaper-elevation MuiPaper-rounded MuiPaper-elevation1 css-fw7llw-MuiPaper-root"[39m
    [33mstyle[39m=[32m"--Paper-shadow: 0px 2px 1px -1px rgba(0,0,0,0.2),0px 1px 1px 0px rgba(0,0,0,0.14),0px 1px 3px 0px rgba(0,0,0,0.12);"[39m
  [36m/>[39m

  Name "Change Item 842":
  [36m<article[39m
    [33maria-labelledby[39m=[32m"change-item-841-heading"[39m
    [33mclass[39m=[32m"MuiPaper-root MuiPaper-elevation MuiPaper-rounded MuiPaper-elevation1 css-fw7llw-MuiPaper-root"[39m
    [33mstyle[39m=[32m"--Paper-shadow: 0px 2px 1px -1px rgba(0,0,0,0.2),0px 1px 1px 0px rgba(0,0,0,0.14),0px 1px 3px 0px rgba(0,0,0,0.12);"[39m
  [36m/>[39m

  Name "Change Item 843":
  [36m<article[39m
    [33maria-labelledby[39m=[32m"change-item-842-heading"[39m
    [33mclass[39m=[32m"MuiPaper-root MuiPaper-elevation MuiPaper-rounded MuiPaper-elevation1 css-fw7llw-MuiPaper-root"[39m
    [33mstyle[39m=[32m"--Paper-shadow: 0px 2px 1px -1px rgba(0,0,0,0.2),0px 1px 1px 0px rgba(0,0,0,0.14),0px 1px 3px 0px rgba(0,0,0,0.12);"[39m
  [36m/>[39m

  Name "Change Item 844":
  [36m<article[39m
    [33maria-labelledby[39m=[32m"change-item-843-heading"[39m
    [33mclass[39m=[32m"MuiPaper-root MuiPaper-elevation MuiPaper-rounded MuiPaper-elevation1 css-fw7llw-MuiPaper-root"[39m
    [33mstyle[39m=[32m"--Paper-shadow: 0px 2px 1px -1px rgba(0,0,0,0.2),0px 1px 1px 0px rgba(0,0,0,0.14),0px 1px 3px 0px rgba(0,0,0,0.12);"[39m
  [36m/>[39m

  Name "Change Item 845":
  [36m<article[39m
    [33maria-labelledby[39m=[32m"change-item-844-heading"[39m
    [33mclass[39m=[32m"MuiPaper-root MuiPaper-elevation MuiPaper-rounded MuiPaper-elevation1 css-fw7llw-MuiPaper-root"[39m
    [33mstyle[39m=[32m"--Paper-shadow: 0px 2px 1px -1px rgba(0,0,0,0.2),0px 1px 1px 0px rgba(0,0,0,0.14),0px 1px 3px 0px rgba(0,0,0,0.12);"[39m
  [36m/>[39m

  Name "Change Item 846":
  [36m<article[39m
    [33maria-labelledby[39m=[32m"change-item-845-heading"[39m
    [33mclass[39m=[32m"MuiPaper-root MuiPaper-elevation MuiPaper-rounded MuiPaper-elevation1 css-fw7llw-MuiPaper-root"[39m
    [33mstyle[39m=[32m"--Paper-shadow: 0px 2px 1px -1px rgba(0,0,0,0.2),0px 1px 1px 0px rgba(0,0,0,0.14),0px 1px 3px 0px rgba(0,0,0,0.12);"[39m
  [36m/>[39m

  Name "Change Item 847":
  [36m<article[39m
    [33maria-labelledby[39m=[32m"change-item-846-heading"[39m
    [33mclass[39m=[32m"MuiPaper-root MuiPaper-elevation MuiPaper-rounded MuiPaper-elevation1 css-fw7llw-MuiPaper-root"[39m
    [33mstyle[39m=[32m"--Paper-shadow: 0px 2px 1px -1px rgba(0,0,0,0.2),0px 1px 1px 0px rgba(0,0,0,0.14),0px 1px 3px 0px rgba(0,0,0,0.12);"[39m
  [36m/>[39m

  Name "Change Item 848":
  [36m<article[39m
    [33maria-labelledby[39m=[32m"change-item-847-heading"[39m
    [33mclass[39m=[32m"MuiPaper-root MuiPaper-elevation MuiPaper-rounded MuiPaper-elevation1 css-fw7llw-MuiPaper-root"[39m
    [33mstyle[39m=[32m"--Paper-shadow: 0px 2px 1px -1px rgba(0,0,0,0.2),0px 1px 1px 0px rgba(0,0,0,0.14),0px 1px 3px 0px rgba(0,0,0,0.12);"[39m
  [36m/>[39m

  Name "Change Item 849":
  [36m<article[39m
    [33maria-labelledby[39m=[32m"change-item-848-heading"[39m
    [33mclass[39m=[32m"MuiPaper-root MuiPaper-elevation MuiPaper-rounded MuiPaper-elevation1 css-fw7llw-MuiPaper-root"[39m
    [33mstyle[39m=[32m"--Paper-shadow: 0px 2px 1px -1px rgba(0,0,0,0.2),0px 1px 1px 0px rgba(0,0,0,0.14),0px 1px 3px 0px rgba(0,0,0,0.12);"[39m
  [36m/>[39m

  Name "Change Item 850":
  [36m<article[39m
    [33maria-labelledby[39m=[32m"change-item-849-heading"[39m
    [33mclass[39m=[32m"MuiPaper-root MuiPaper-elevation MuiPaper-rounded MuiPaper-elevation1 css-fw7llw-MuiPaper-root"[39m
    [33mstyle[39m=[32m"--Paper-shadow: 0px 2px 1px -1px rgba(0,0,0,0.2),0px 1px 1px 0px rgba(0,0,0,0.14),0px 1px 3px 0px rgba(0,0,0,0.12);"[39m
  [36m/>[39m

  Name "Change Item 851":
  [36m<article[39m
    [33maria-labelledby[39m=[32m"change-item-850-heading"[39m
    [33mclass[39m=[32m"MuiPaper-root MuiPaper-elevation MuiPaper-rounded MuiPaper-elevation1 css-fw7llw-MuiPaper-root"[39m
    [33mstyle[39m=[32m"--Paper-shadow: 0px 2px 1px -1px rgba(0,0,0,0.2),0px 1px 1px 0px rgba(0,0,0,0.14),0px 1px 3px 0px rgba(0,0,0,0.12);"[39m
  [36m/>[39m

  Name "Change Item 852":
  [36m<article[39m
    [33maria-labelledby[39m=[32m"change-item-851-heading"[39m
    [33mclass[39m=[32m"MuiPaper-root MuiPaper-elevation MuiPaper-rounded MuiPaper-elevation1 css-fw7llw-MuiPaper-root"[39m
    [33mstyle[39m=[32m"--Paper-shadow: 0px 2px 1px -1px rgba(0,0,0,0.2),0px 1px 1px 0px rgba(0,0,0,0.14),0px 1px 3px 0px rgba(0,0,0,0.12);"[39m
  [36m/>[39m

  Name "Change Item 853":
  [36m<article[39m
    [33maria-labelledby[39m=[32m"change-item-852-heading"[39m
    [33mclass[39m=[32m"MuiPaper-root MuiPaper-elevation MuiPaper-rounded MuiPaper-elevation1 css-fw7llw-MuiPaper-root"[39m
    [33mstyle[39m=[32m"--Paper-shadow: 0px 2px 1px -1px rgba(0,0,0,0.2),0px 1px 1px 0px rgba(0,0,0,0.14),0px 1px 3px 0px rgba(0,0,0,0.12);"[39m
  [36m/>[39m

  Name "Change Item 854":
  [36m<article[39m
    [33maria-labelledby[39m=[32m"change-item-853-heading"[39m
    [33mclass[39m=[32m"MuiPaper-root MuiPaper-elevation MuiPaper-rounded MuiPaper-elevation1 css-fw7llw-MuiPaper-root"[39m
    [33mstyle[39m=[32m"--Paper-shadow: 0px 2px 1px -1px rgba(0,0,0,0.2),0px 1px 1px 0px rgba(0,0,0,0.14),0px 1px 3px 0px rgba(0,0,0,0.12);"[39m
  [36m/>[39m

  Name "Change Item 855":
  [36m<article[39m
    [33maria-labelledby[39m=[32m"change-item-854-heading"[39m
    [33mclass[39m=[32m"MuiPaper-root MuiPaper-elevation MuiPaper-rounded MuiPaper-elevation1 css-fw7llw-MuiPaper-root"[39m
    [33mstyle[39m=[32m"--Paper-shadow: 0px 2px 1px -1px rgba(0,0,0,0.2),0px 1px 1px 0px rgba(0,0,0,0.14),0px 1px 3px 0px rgba(0,0,0,0.12);"[39m
  [36m/>[39m

  Name "Change Item 856":
  [36m<article[39m
    [33maria-labelledby[39m=[32m"change-item-855-heading"[39m
    [33mclass[39m=[32m"MuiPaper-root MuiPaper-elevation MuiPaper-rounded MuiPaper-elevation1 css-fw7llw-MuiPaper-root"[39m
    [33mstyle[39m=[32m"--Paper-shadow: 0px 2px 1px -1px rgba(0,0,0,0.2),0px 1px 1px 0px rgba(0,0,0,0.14),0px 1px 3px 0px rgba(0,0,0,0.12);"[39m
  [36m/>[39m

  Name "Change Item 857":
  [36m<article[39m
    [33maria-labelledby[39m=[32m"change-item-856-heading"[39m
    [33mclass[39m=[32m"MuiPaper-root MuiPaper-elevation MuiPaper-rounded MuiPaper-elevation1 css-fw7llw-MuiPaper-root"[39m
    [33mstyle[39m=[32m"--Paper-shadow: 0px 2px 1px -1px rgba(0,0,0,0.2),0px 1px 1px 0px rgba(0,0,0,0.14),0px 1px 3px 0px rgba(0,0,0,0.12);"[39m
  [36m/>[39m

  Name "Change Item 858":
  [36m<article[39m
    [33maria-labelledby[39m=[32m"change-item-857-heading"[39m
    [33mclass[39m=[32m"MuiPaper-root MuiPaper-elevation MuiPaper-rounded MuiPaper-elevation1 css-fw7llw-MuiPaper-root"[39m
    [33mstyle[39m=[32m"--Paper-shadow: 0px 2px 1px -1px rgba(0,0,0,0.2),0px 1px 1px 0px rgba(0,0,0,0.14),0px 1px 3px 0px rgba(0,0,0,0.12);"[39m
  [36m/>[39m

  Name "Change Item 859":
  [36m<article[39m
    [33maria-labelledby[39m=[32m"change-item-858-heading"[39m
    [33mclass[39m=[32m"MuiPaper-root MuiPaper-elevation MuiPaper-rounded MuiPaper-elevation1 css-fw7llw-MuiPaper-root"[39m
    [33mstyle[39m=[32m"--Paper-shadow: 0px 2px 1px -1px rgba(0,0,0,0.2),0px 1px 1px 0px rgba(0,0,0,0.14),0px 1px 3px 0px rgba(0,0,0,0.12);"[39m
  [36m/>[39m

  Name "Change Item 860":
  [36m<article[39m
    [33maria-labelledby[39m=[32m"change-item-859-heading"[39m
    [33mclass[39m=[32m"MuiPaper-root MuiPaper-elevation MuiPaper-rounded MuiPaper-elevation1 css-fw7llw-MuiPaper-root"[39m
    [33mstyle[39m=[32m"--Paper-shadow: 0px 2px 1px -1px rgba(0,0,0,0.2),0px 1px 1px 0px rgba(0,0,0,0.14),0px 1px 3px 0px rgba(0,0,0,0.12);"[39m
  [36m/>[39m

  Name "Change Item 861":
  [36m<article[39m
    [33maria-labelledby[39m=[32m"change-item-860-heading"[39m
    [33mclass[39m=[32m"MuiPaper-root MuiPaper-elevation MuiPaper-rounded MuiPaper-elevation1 css-fw7llw-MuiPaper-root"[39m
    [33mstyle[39m=[32m"--Paper-shadow: 0px 2px 1px -1px rgba(0,0,0,0.2),0px 1px 1px 0px rgba(0,0,0,0.14),0px 1px 3px 0px rgba(0,0,0,0.12);"[39m
  [36m/>[39m

  Name "Change Item 862":
  [36m<article[39m
    [33maria-labelledby[39m=[32m"change-item-861-heading"[39m
    [33mclass[39m=[32m"MuiPaper-root MuiPaper-elevation MuiPaper-rounded MuiPaper-elevation1 css-fw7llw-MuiPaper-root"[39m
    [33mstyle[39m=[32m"--Paper-shadow: 0px 2px 1px -1px rgba(0,0,0,0.2),0px 1px 1px 0px rgba(0,0,0,0.14),0px 1px 3px 0px rgba(0,0,0,0.12);"[39m
  [36m/>[39m

  Name "Change Item 863":
  [36m<article[39m
    [33maria-labelledby[39m=[32m"change-item-862-heading"[39m
    [33mclass[39m=[32m"MuiPaper-root MuiPaper-elevation MuiPaper-rounded MuiPaper-elevation1 css-fw7llw-MuiPaper-root"[39m
    [33mstyle[39m=[32m"--Paper-shadow: 0px 2px 1px -1px rgba(0,0,0,0.2),0px 1px 1px 0px rgba(0,0,0,0.14),0px 1px 3px 0px rgba(0,0,0,0.12);"[39m
  [36m/>[39m

  Name "Change Item 864":
  [36m<article[39m
    [33maria-labelledby[39m=[32m"change-item-863-heading"[39m
    [33mclass[39m=[32m"MuiPaper-root MuiPaper-elevation MuiPaper-rounded MuiPaper-elevation1 css-fw7llw-MuiPaper-root"[39m
    [33mstyle[39m=[32m"--Paper-shadow: 0px 2px 1px -1px rgba(0,0,0,0.2),0px 1px 1px 0px rgba(0,0,0,0.14),0px 1px 3px 0px rgba(0,0,0,0.12);"[39m
  [36m/>[39m

  Name "Change Item 865":
  [36m<article[39m
    [33maria-labelledby[39m=[32m"change-item-864-heading"[39m
    [33mclass[39m=[32m"MuiPaper-root MuiPaper-elevation MuiPaper-rounded MuiPaper-elevation1 css-fw7llw-MuiPaper-root"[39m
    [33mstyle[39m=[32m"--Paper-shadow: 0px 2px 1px -1px rgba(0,0,0,0.2),0px 1px 1px 0px rgba(0,0,0,0.14),0px 1px 3px 0px rgba(0,0,0,0.12);"[39m
  [36m/>[39m

  Name "Change Item 866":
  [36m<article[39m
    [33maria-labelledby[39m=[32m"change-item-865-heading"[39m
    [33mclass[39m=[32m"MuiPaper-root MuiPaper-elevation MuiPaper-rounded MuiPaper-elevation1 css-fw7llw-MuiPaper-root"[39m
    [33mstyle[39m=[32m"--Paper-shadow: 0px 2px 1px -1px rgba(0,0,0,0.2),0px 1px 1px 0px rgba(0,0,0,0.14),0px 1px 3px 0px rgba(0,0,0,0.12);"[39m
  [36m/>[39m

  Name "Change Item 867":
  [36m<article[39m
    [33maria-labelledby[39m=[32m"change-item-866-heading"[39m
    [33mclass[39m=[32m"MuiPaper-root MuiPaper-elevation MuiPaper-rounded MuiPaper-elevation1 css-fw7llw-MuiPaper-root"[39m
    [33mstyle[39m=[32m"--Paper-shadow: 0px 2px 1px -1px rgba(0,0,0,0.2),0px 1px 1px 0px rgba(0,0,0,0.14),0px 1px 3px 0px rgba(0,0,0,0.12);"[39m
  [36m/>[39m

  Name "Change Item 868":
  [36m<article[39m
    [33maria-labelledby[39m=[32m"change-item-867-heading"[39m
    [33mclass[39m=[32m"MuiPaper-root MuiPaper-elevation MuiPaper-rounded MuiPaper-elevation1 css-fw7llw-MuiPaper-root"[39m
    [33mstyle[39m=[32m"--Paper-shadow: 0px 2px 1px -1px rgba(0,0,0,0.2),0px 1px 1px 0px rgba(0,0,0,0.14),0px 1px 3px 0px rgba(0,0,0,0.12);"[39m
  [36m/>[39m

  Name "Change Item 869":
  [36m<article[39m
    [33maria-labelledby[39m=[32m"change-item-868-heading"[39m
    [33mclass[39m=[32m"MuiPaper-root MuiPaper-elevation MuiPaper-rounded MuiPaper-elevation1 css-fw7llw-MuiPaper-root"[39m
    [33mstyle[39m=[32m"--Paper-shadow: 0px 2px 1px -1px rgba(0,0,0,0.2),0px 1px 1px 0px rgba(0,0,0,0.14),0px 1px 3px 0px rgba(0,0,0,0.12);"[39m
  [36m/>[39m

  Name "Change Item 870":
  [36m<article[39m
    [33maria-labelledby[39m=[32m"change-item-869-heading"[39m
    [33mclass[39m=[32m"MuiPaper-root MuiPaper-elevation MuiPaper-rounded MuiPaper-elevation1 css-fw7llw-MuiPaper-root"[39m
    [33mstyle[39m=[32m"--Paper-shadow: 0px 2px 1px -1px rgba(0,0,0,0.2),0px 1px 1px 0px rgba(0,0,0,0.14),0px 1px 3px 0px rgba(0,0,0,0.12);"[39m
  [36m/>[39m

  Name "Change Item 871":
  [36m<article[39m
    [33maria-labelledby[39m=[32m"change-item-870-heading"[39m
    [33mclass[39m=[32m"MuiPaper-root MuiPaper-elevation MuiPaper-rounded MuiPaper-elevation1 css-fw7llw-MuiPaper-root"[39m
    [33mstyle[39m=[32m"--Paper-shadow: 0px 2px 1px -1px rgba(0,0,0,0.2),0px 1px 1px 0px rgba(0,0,0,0.14),0px 1px 3px 0px rgba(0,0,0,0.12);"[39m
  [36m/>[39m

  Name "Change Item 872":
  [36m<article[39m
    [33maria-labelledby[39m=[32m"change-item-871-heading"[39m
    [33mclass[39m=[32m"MuiPaper-root MuiPaper-elevation MuiPaper-rounded MuiPaper-elevation1 css-fw7llw-MuiPaper-root"[39m
    [33mstyle[39m=[32m"--Paper-shadow: 0px 2px 1px -1px rgba(0,0,0,0.2),0px 1px 1px 0px rgba(0,0,0,0.14),0px 1px 3px 0px rgba(0,0,0,0.12);"[39m
  [36m/>[39m

  Name "Change Item 873":
  [36m<article[39m
    [33maria-labelledby[39m=[32m"change-item-872-heading"[39m
    [33mclass[39m=[32m"MuiPaper-root MuiPaper-elevation MuiPaper-rounded MuiPaper-elevation1 css-fw7llw-MuiPaper-root"[39m
    [33mstyle[39m=[32m"--Paper-shadow: 0px 2px 1px -1px rgba(0,0,0,0.2),0px 1px 1px 0px rgba(0,0,0,0.14),0px 1px 3px 0px rgba(0,0,0,0.12);"[39m
  [36m/>[39m

  Name "Change Item 874":
  [36m<article[39m
    [33maria-labelledby[39m=[32m"change-item-873-heading"[39m
    [33mclass[39m=[32m"MuiPaper-root MuiPaper-elevation MuiPaper-rounded MuiPaper-elevation1 css-fw7llw-MuiPaper-root"[39m
    [33mstyle[39m=[32m"--Paper-shadow: 0px 2px 1px -1px rgba(0,0,0,0.2),0px 1px 1px 0px rgba(0,0,0,0.14),0px 1px 3px 0px rgba(0,0,0,0.12);"[39m
  [36m/>[39m

  Name "Change Item 875":
  [36m<article[39m
    [33maria-labelledby[39m=[32m"change-item-874-heading"[39m
    [33mclass[39m=[32m"MuiPaper-root MuiPaper-elevation MuiPaper-rounded MuiPaper-elevation1 css-fw7llw-MuiPaper-root"[39m
    [33mstyle[39m=[32m"--Paper-shadow: 0px 2px 1px -1px rgba(0,0,0,0.2),0px 1px 1px 0px rgba(0,0,0,0.14),0px 1px 3px 0px rgba(0,0,0,0.12);"[39m
  [36m/>[39m

  Name "Change Item 876":
  [36m<article[39m
    [33maria-labelledby[39m=[32m"change-item-875-heading"[39m
    [33mclass[39m=[32m"MuiPaper-root MuiPaper-elevation MuiPaper-rounded MuiPaper-elevation1 css-fw7llw-MuiPaper-root"[39m
    [33mstyle[39m=[32m"--Paper-shadow: 0px 2px 1px -1px rgba(0,0,0,0.2),0px 1px 1px 0px rgba(0,0,0,0.14),0px 1px 3px 0px rgba(0,0,0,0.12);"[39m
  [36m/>[39m

  Name "Change Item 877":
  [36m<article[39m
    [33maria-labelledby[39m=[32m"change-item-876-heading"[39m
    [33mclass[39m=[32m"MuiPaper-root MuiPaper-elevation MuiPaper-rounded MuiPaper-elevation1 css-fw7llw-MuiPaper-root"[39m
    [33mstyle[39m=[32m"--Paper-shadow: 0px 2px 1px -1px rgba(0,0,0,0.2),0px 1px 1px 0px rgba(0,0,0,0.14),0px 1px 3px 0px rgba(0,0,0,0.12);"[39m
  [36m/>[39m

  Name "Change Item 878":
  [36m<article[39m
    [33maria-labelledby[39m=[32m"change-item-877-heading"[39m
    [33mclass[39m=[32m"MuiPaper-root MuiPaper-elevation MuiPaper-rounded MuiPaper-elevation1 css-fw7llw-MuiPaper-root"[39m
    [33mstyle[39m=[32m"--Paper-shadow: 0px 2px 1px -1px rgba(0,0,0,0.2),0px 1px 1px 0px rgba(0,0,0,0.14),0px 1px 3px 0px rgba(0,0,0,0.12);"[39m
  [36m/>[39m

  Name "Change Item 879":
  [36m<article[39m
    [33maria-labelledby[39m=[32m"change-item-878-heading"[39m
    [33mclass[39m=[32m"MuiPaper-root MuiPaper-elevation MuiPaper-rounded MuiPaper-elevation1 css-fw7llw-MuiPaper-root"[39m
    [33mstyle[39m=[32m"--Paper-shadow: 0px 2px 1px -1px rgba(0,0,0,0.2),0px 1px 1px 0px rgba(0,0,0,0.14),0px 1px 3px 0px rgba(0,0,0,0.12);"[39m
  [36m/>[39m

  Name "Change Item 880":
  [36m<article[39m
    [33maria-labelledby[39m=[32m"change-item-879-heading"[39m
    [33mclass[39m=[32m"MuiPaper-root MuiPaper-elevation MuiPaper-rounded MuiPaper-elevation1 css-fw7llw-MuiPaper-root"[39m
    [33mstyle[39m=[32m"--Paper-shadow: 0px 2px 1px -1px rgba(0,0,0,0.2),0px 1px 1px 0px rgba(0,0,0,0.14),0px 1px 3px 0px rgba(0,0,0,0.12);"[39m
  [36m/>[39m

  Name "Change Item 881":
  [36m<article[39m
    [33maria-labelledby[39m=[32m"change-item-880-heading"[39m
    [33mclass[39m=[32m"MuiPaper-root MuiPaper-elevation MuiPaper-rounded MuiPaper-elevation1 css-fw7llw-MuiPaper-root"[39m
    [33mstyle[39m=[32m"--Paper-shadow: 0px 2px 1px -1px rgba(0,0,0,0.2),0px 1px 1px 0px rgba(0,0,0,0.14),0px 1px 3px 0px rgba(0,0,0,0.12);"[39m
  [36m/>[39m

  Name "Change Item 882":
  [36m<article[39m
    [33maria-labelledby[39m=[32m"change-item-881-heading"[39m
    [33mclass[39m=[32m"MuiPaper-root MuiPaper-elevation MuiPaper-rounded MuiPaper-elevation1 css-fw7llw-MuiPaper-root"[39m
    [33mstyle[39m=[32m"--Paper-shadow: 0px 2px 1px -1px rgba(0,0,0,0.2),0px 1px 1px 0px rgba(0,0,0,0.14),0px 1px 3px 0px rgba(0,0,0,0.12);"[39m
  [36m/>[39m

  Name "Change Item 883":
  [36m<article[39m
    [33maria-labelledby[39m=[32m"change-item-882-heading"[39m
    [33mclass[39m=[32m"MuiPaper-root MuiPaper-elevation MuiPaper-rounded MuiPaper-elevation1 css-fw7llw-MuiPaper-root"[39m
    [33mstyle[39m=[32m"--Paper-shadow: 0px 2px 1px -1px rgba(0,0,0,0.2),0px 1px 1px 0px rgba(0,0,0,0.14),0px 1px 3px 0px rgba(0,0,0,0.12);"[39m
  [36m/>[39m

  Name "Change Item 884":
  [36m<article[39m
    [33maria-labelledby[39m=[32m"change-item-883-heading"[39m
    [33mclass[39m=[32m"MuiPaper-root MuiPaper-elevation MuiPaper-rounded MuiPaper-elevation1 css-fw7llw-MuiPaper-root"[39m
    [33mstyle[39m=[32m"--Paper-shadow: 0px 2px 1px -1px rgba(0,0,0,0.2),0px 1px 1px 0px rgba(0,0,0,0.14),0px 1px 3px 0px rgba(0,0,0,0.12);"[39m
  [36m/>[39m

  Name "Change Item 885":
  [36m<article[39m
    [33maria-labelledby[39m=[32m"change-item-884-heading"[39m
    [33mclass[39m=[32m"MuiPaper-root MuiPaper-elevation MuiPaper-rounded MuiPaper-elevation1 css-fw7llw-MuiPaper-root"[39m
    [33mstyle[39m=[32m"--Paper-shadow: 0px 2px 1px -1px rgba(0,0,0,0.2),0px 1px 1px 0px rgba(0,0,0,0.14),0px 1px 3px 0px rgba(0,0,0,0.12);"[39m
  [36m/>[39m

  Name "Change Item 886":
  [36m<article[39m
    [33maria-labelledby[39m=[32m"change-item-885-heading"[39m
    [33mclass[39m=[32m"MuiPaper-root MuiPaper-elevation MuiPaper-rounded MuiPaper-elevation1 css-fw7llw-MuiPaper-root"[39m
    [33mstyle[39m=[32m"--Paper-shadow: 0px 2px 1px -1px rgba(0,0,0,0.2),0px 1px 1px 0px rgba(0,0,0,0.14),0px 1px 3px 0px rgba(0,0,0,0.12);"[39m
  [36m/>[39m

  Name "Change Item 887":
  [36m<article[39m
    [33maria-labelledby[39m=[32m"change-item-886-heading"[39m
    [33mclass[39m=[32m"MuiPaper-root MuiPaper-elevation MuiPaper-rounded MuiPaper-elevation1 css-fw7llw-MuiPaper-root"[39m
    [33mstyle[39m=[32m"--Paper-shadow: 0px 2px 1px -1px rgba(0,0,0,0.2),0px 1px 1px 0px rgba(0,0,0,0.14),0px 1px 3px 0px rgba(0,0,0,0.12);"[39m
  [36m/>[39m

  Name "Change Item 888":
  [36m<article[39m
    [33maria-labelledby[39m=[32m"change-item-887-heading"[39m
    [33mclass[39m=[32m"MuiPaper-root MuiPaper-elevation MuiPaper-rounded MuiPaper-elevation1 css-fw7llw-MuiPaper-root"[39m
    [33mstyle[39m=[32m"--Paper-shadow: 0px 2px 1px -1px rgba(0,0,0,0.2),0px 1px 1px 0px rgba(0,0,0,0.14),0px 1px 3px 0px rgba(0,0,0,0.12);"[39m
  [36m/>[39m

  Name "Change Item 889":
  [36m<article[39m
    [33maria-labelledby[39m=[32m"change-item-888-heading"[39m
    [33mclass[39m=[32m"MuiPaper-root MuiPaper-elevation MuiPaper-rounded MuiPaper-elevation1 css-fw7llw-MuiPaper-root"[39m
    [33mstyle[39m=[32m"--Paper-shadow: 0px 2px 1px -1px rgba(0,0,0,0.2),0px 1px 1px 0px rgba(0,0,0,0.14),0px 1px 3px 0px rgba(0,0,0,0.12);"[39m
  [36m/>[39m

  Name "Change Item 890":
  [36m<article[39m
    [33maria-labelledby[39m=[32m"change-item-889-heading"[39m
    [33mclass[39m=[32m"MuiPaper-root MuiPaper-elevation MuiPaper-rounded MuiPaper-elevation1 css-fw7llw-MuiPaper-root"[39m
    [33mstyle[39m=[32m"--Paper-shadow: 0px 2px 1px -1px rgba(0,0,0,0.2),0px 1px 1px 0px rgba(0,0,0,0.14),0px 1px 3px 0px rgba(0,0,0,0.12);"[39m
  [36m/>[39m

  Name "Change Item 891":
  [36m<article[39m
    [33maria-labelledby[39m=[32m"change-item-890-heading"[39m
    [33mclass[39m=[32m"MuiPaper-root MuiPaper-elevation MuiPaper-rounded MuiPaper-elevation1 css-fw7llw-MuiPaper-root"[39m
    [33mstyle[39m=[32m"--Paper-shadow: 0px 2px 1px -1px rgba(0,0,0,0.2),0px 1px 1px 0px rgba(0,0,0,0.14),0px 1px 3px 0px rgba(0,0,0,0.12);"[39m
  [36m/>[39m

  Name "Change Item 892":
  [36m<article[39m
    [33maria-labelledby[39m=[32m"change-item-891-heading"[39m
    [33mclass[39m=[32m"MuiPaper-root MuiPaper-elevation MuiPaper-rounded MuiPaper-elevation1 css-fw7llw-MuiPaper-root"[39m
    [33mstyle[39m=[32m"--Paper-shadow: 0px 2px 1px -1px rgba(0,0,0,0.2),0px 1px 1px 0px rgba(0,0,0,0.14),0px 1px 3px 0px rgba(0,0,0,0.12);"[39m
  [36m/>[39m

  Name "Change Item 893":
  [36m<article[39m
    [33maria-labelledby[39m=[32m"change-item-892-heading"[39m
    [33mclass[39m=[32m"MuiPaper-root MuiPaper-elevation MuiPaper-rounded MuiPaper-elevation1 css-fw7llw-MuiPaper-root"[39m
    [33mstyle[39m=[32m"--Paper-shadow: 0px 2px 1px -1px rgba(0,0,0,0.2),0px 1px 1px 0px rgba(0,0,0,0.14),0px 1px 3px 0px rgba(0,0,0,0.12);"[39m
  [36m/>[39m

  Name "Change Item 894":
  [36m<article[39m
    [33maria-labelledby[39m=[32m"change-item-893-heading"[39m
    [33mclass[39m=[32m"MuiPaper-root MuiPaper-elevation MuiPaper-rounded MuiPaper-elevation1 css-fw7llw-MuiPaper-root"[39m
    [33mstyle[39m=[32m"--Paper-shadow: 0px 2px 1px -1px rgba(0,0,0,0.2),0px 1px 1px 0px rgba(0,0,0,0.14),0px 1px 3px 0px rgba(0,0,0,0.12);"[39m
  [36m/>[39m

  Name "Change Item 895":
  [36m<article[39m
    [33maria-labelledby[39m=[32m"change-item-894-heading"[39m
    [33mclass[39m=[32m"MuiPaper-root MuiPaper-elevation MuiPaper-rounded MuiPaper-elevation1 css-fw7llw-MuiPaper-root"[39m
    [33mstyle[39m=[32m"--Paper-shadow: 0px 2px 1px -1px rgba(0,0,0,0.2),0px 1px 1px 0px rgba(0,0,0,0.14),0px 1px 3px 0px rgba(0,0,0,0.12);"[39m
  [36m/>[39m

  Name "Change Item 896":
  [36m<article[39m
    [33maria-labelledby[39m=[32m"change-item-895-heading"[39m
    [33mclass[39m=[32m"MuiPaper-root MuiPaper-elevation MuiPaper-rounded MuiPaper-elevation1 css-fw7llw-MuiPaper-root"[39m
    [33mstyle[39m=[32m"--Paper-shadow: 0px 2px 1px -1px rgba(0,0,0,0.2),0px 1px 1px 0px rgba(0,0,0,0.14),0px 1px 3px 0px rgba(0,0,0,0.12);"[39m
  [36m/>[39m

  Name "Change Item 897":
  [36m<article[39m
    [33maria-labelledby[39m=[32m"change-item-896-heading"[39m
    [33mclass[39m=[32m"MuiPaper-root MuiPaper-elevation MuiPaper-rounded MuiPaper-elevation1 css-fw7llw-MuiPaper-root"[39m
    [33mstyle[39m=[32m"--Paper-shadow: 0px 2px 1px -1px rgba(0,0,0,0.2),0px 1px 1px 0px rgba(0,0,0,0.14),0px 1px 3px 0px rgba(0,0,0,0.12);"[39m
  [36m/>[39m

  Name "Change Item 898":
  [36m<article[39m
    [33maria-labelledby[39m=[32m"change-item-897-heading"[39m
    [33mclass[39m=[32m"MuiPaper-root MuiPaper-elevation MuiPaper-rounded MuiPaper-elevation1 css-fw7llw-MuiPaper-root"[39m
    [33mstyle[39m=[32m"--Paper-shadow: 0px 2px 1px -1px rgba(0,0,0,0.2),0px 1px 1px 0px rgba(0,0,0,0.14),0px 1px 3px 0px rgba(0,0,0,0.12);"[39m
  [36m/>[39m

  Name "Change Item 899":
  [36m<article[39m
    [33maria-labelledby[39m=[32m"change-item-898-heading"[39m
    [33mclass[39m=[32m"MuiPaper-root MuiPaper-elevation MuiPaper-rounded MuiPaper-elevation1 css-fw7llw-MuiPaper-root"[39m
    [33mstyle[39m=[32m"--Paper-shadow: 0px 2px 1px -1px rgba(0,0,0,0.2),0px 1px 1px 0px rgba(0,0,0,0.14),0px 1px 3px 0px rgba(0,0,0,0.12);"[39m
  [36m/>[39m

  Name "Change Item 900":
  [36m<article[39m
    [33maria-labelledby[39m=[32m"change-item-899-heading"[39m
    [33mclass[39m=[32m"MuiPaper-root MuiPaper-elevation MuiPaper-rounded MuiPaper-elevation1 css-fw7llw-MuiPaper-root"[39m
    [33mstyle[39m=[32m"--Paper-shadow: 0px 2px 1px -1px rgba(0,0,0,0.2),0px 1px 1px 0px rgba(0,0,0,0.14),0px 1px 3px 0px rgba(0,0,0,0.12);"[39m
  [36m/>[39m

  Name "Change Item 901":
  [36m<article[39m
    [33maria-labelledby[39m=[32m"change-item-900-heading"[39m
    [33mclass[39m=[32m"MuiPaper-root MuiPaper-elevation MuiPaper-rounded MuiPaper-elevation1 css-fw7llw-MuiPaper-root"[39m
    [33mstyle[39m=[32m"--Paper-shadow: 0px 2px 1px -1px rgba(0,0,0,0.2),0px 1px 1px 0px rgba(0,0,0,0.14),0px 1px 3px 0px rgba(0,0,0,0.12);"[39m
  [36m/>[39m

  Name "Change Item 902":
  [36m<article[39m
    [33maria-labelledby[39m=[32m"change-item-901-heading"[39m
    [33mclass[39m=[32m"MuiPaper-root MuiPaper-elevation MuiPaper-rounded MuiPaper-elevation1 css-fw7llw-MuiPaper-root"[39m
    [33mstyle[39m=[32m"--Paper-shadow: 0px 2px 1px -1px rgba(0,0,0,0.2),0px 1px 1px 0px rgba(0,0,0,0.14),0px 1px 3px 0px rgba(0,0,0,0.12);"[39m
  [36m/>[39m

  Name "Change Item 903":
  [36m<article[39m
    [33maria-labelledby[39m=[32m"change-item-902-heading"[39m
    [33mclass[39m=[32m"MuiPaper-root MuiPaper-elevation MuiPaper-rounded MuiPaper-elevation1 css-fw7llw-MuiPaper-root"[39m
    [33mstyle[39m=[32m"--Paper-shadow: 0px 2px 1px -1px rgba(0,0,0,0.2),0px 1px 1px 0px rgba(0,0,0,0.14),0px 1px 3px 0px rgba(0,0,0,0.12);"[39m
  [36m/>[39m

  Name "Change Item 904":
  [36m<article[39m
    [33maria-labelledby[39m=[32m"change-item-903-heading"[39m
    [33mclass[39m=[32m"MuiPaper-root MuiPaper-elevation MuiPaper-rounded MuiPaper-elevation1 css-fw7llw-MuiPaper-root"[39m
    [33mstyle[39m=[32m"--Paper-shadow: 0px 2px 1px -1px rgba(0,0,0,0.2),0px 1px 1px 0px rgba(0,0,0,0.14),0px 1px 3px 0px rgba(0,0,0,0.12);"[39m
  [36m/>[39m

  Name "Change Item 905":
  [36m<article[39m
    [33maria-labelledby[39m=[32m"change-item-904-heading"[39m
    [33mclass[39m=[32m"MuiPaper-root MuiPaper-elevation MuiPaper-rounded MuiPaper-elevation1 css-fw7llw-MuiPaper-root"[39m
    [33mstyle[39m=[32m"--Paper-shadow: 0px 2px 1px -1px rgba(0,0,0,0.2),0px 1px 1px 0px rgba(0,0,0,0.14),0px 1px 3px 0px rgba(0,0,0,0.12);"[39m
  [36m/>[39m

  Name "Change Item 906":
  [36m<article[39m
    [33maria-labelledby[39m=[32m"change-item-905-heading"[39m
    [33mclass[39m=[32m"MuiPaper-root MuiPaper-elevation MuiPaper-rounded MuiPaper-elevation1 css-fw7llw-MuiPaper-root"[39m
    [33mstyle[39m=[32m"--Paper-shadow: 0px 2px 1px -1px rgba(0,0,0,0.2),0px 1px 1px 0px rgba(0,0,0,0.14),0px 1px 3px 0px rgba(0,0,0,0.12);"[39m
  [36m/>[39m

  Name "Change Item 907":
  [36m<article[39m
    [33maria-labelledby[39m=[32m"change-item-906-heading"[39m
    [33mclass[39m=[32m"MuiPaper-root MuiPaper-elevation MuiPaper-rounded MuiPaper-elevation1 css-fw7llw-MuiPaper-root"[39m
    [33mstyle[39m=[32m"--Paper-shadow: 0px 2px 1px -1px rgba(0,0,0,0.2),0px 1px 1px 0px rgba(0,0,0,0.14),0px 1px 3px 0px rgba(0,0,0,0.12);"[39m
  [36m/>[39m

  Name "Change Item 908":
  [36m<article[39m
    [33maria-labelledby[39m=[32m"change-item-907-heading"[39m
    [33mclass[39m=[32m"MuiPaper-root MuiPaper-elevation MuiPaper-rounded MuiPaper-elevation1 css-fw7llw-MuiPaper-root"[39m
    [33mstyle[39m=[32m"--Paper-shadow: 0px 2px 1px -1px rgba(0,0,0,0.2),0px 1px 1px 0px rgba(0,0,0,0.14),0px 1px 3px 0px rgba(0,0,0,0.12);"[39m
  [36m/>[39m

  Name "Change Item 909":
  [36m<article[39m
    [33maria-labelledby[39m=[32m"change-item-908-heading"[39m
    [33mclass[39m=[32m"MuiPaper-root MuiPaper-elevation MuiPaper-rounded MuiPaper-elevation1 css-fw7llw-MuiPaper-root"[39m
    [33mstyle[39m=[32m"--Paper-shadow: 0px 2px 1px -1px rgba(0,0,0,0.2),0px 1px 1px 0px rgba(0,0,0,0.14),0px 1px 3px 0px rgba(0,0,0,0.12);"[39m
  [36m/>[39m

  Name "Change Item 910":
  [36m<article[39m
    [33maria-labelledby[39m=[32m"change-item-909-heading"[39m
    [33mclass[39m=[32m"MuiPaper-root MuiPaper-elevation MuiPaper-rounded MuiPaper-elevation1 css-fw7llw-MuiPaper-root"[39m
    [33mstyle[39m=[32m"--Paper-shadow: 0px 2px 1px -1px rgba(0,0,0,0.2),0px 1px 1px 0px rgba(0,0,0,0.14),0px 1px 3px 0px rgba(0,0,0,0.12);"[39m
  [36m/>[39m

  Name "Change Item 911":
  [36m<article[39m
    [33maria-labelledby[39m=[32m"change-item-910-heading"[39m
    [33mclass[39m=[32m"MuiPaper-root MuiPaper-elevation MuiPaper-rounded MuiPaper-elevation1 css-fw7llw-MuiPaper-root"[39m
    [33mstyle[39m=[32m"--Paper-shadow: 0px 2px 1px -1px rgba(0,0,0,0.2),0px 1px 1px 0px rgba(0,0,0,0.14),0px 1px 3px 0px rgba(0,0,0,0.12);"[39m
  [36m/>[39m

  Name "Change Item 912":
  [36m<article[39m
    [33maria-labelledby[39m=[32m"change-item-911-heading"[39m
    [33mclass[39m=[32m"MuiPaper-root MuiPaper-elevation MuiPaper-rounded MuiPaper-elevation1 css-fw7llw-MuiPaper-root"[39m
    [33mstyle[39m=[32m"--Paper-shadow: 0px 2px 1px -1px rgba(0,0,0,0.2),0px 1px 1px 0px rgba(0,0,0,0.14),0px 1px 3px 0px rgba(0,0,0,0.12);"[39m
  [36m/>[39m

  Name "Change Item 913":
  [36m<article[39m
    [33maria-labelledby[39m=[32m"change-item-912-heading"[39m
    [33mclass[39m=[32m"MuiPaper-root MuiPaper-elevation MuiPaper-rounded MuiPaper-elevation1 css-fw7llw-MuiPaper-root"[39m
    [33mstyle[39m=[32m"--Paper-shadow: 0px 2px 1px -1px rgba(0,0,0,0.2),0px 1px 1px 0px rgba(0,0,0,0.14),0px 1px 3px 0px rgba(0,0,0,0.12);"[39m
  [36m/>[39m

  Name "Change Item 914":
  [36m<article[39m
    [33maria-labelledby[39m=[32m"change-item-913-heading"[39m
    [33mclass[39m=[32m"MuiPaper-root MuiPaper-elevation MuiPaper-rounded MuiPaper-elevation1 css-fw7llw-MuiPaper-root"[39m
    [33mstyle[39m=[32m"--Paper-shadow: 0px 2px 1px -1px rgba(0,0,0,0.2),0px 1px 1px 0px rgba(0,0,0,0.14),0px 1px 3px 0px rgba(0,0,0,0.12);"[39m
  [36m/>[39m

  Name "Change Item 915":
  [36m<article[39m
    [33maria-labelledby[39m=[32m"change-item-914-heading"[39m
    [33mclass[39m=[32m"MuiPaper-root MuiPaper-elevation MuiPaper-rounded MuiPaper-elevation1 css-fw7llw-MuiPaper-root"[39m
    [33mstyle[39m=[32m"--Paper-shadow: 0px 2px 1px -1px rgba(0,0,0,0.2),0px 1px 1px 0px rgba(0,0,0,0.14),0px 1px 3px 0px rgba(0,0,0,0.12);"[39m
  [36m/>[39m

  Name "Change Item 916":
  [36m<article[39m
    [33maria-labelledby[39m=[32m"change-item-915-heading"[39m
    [33mclass[39m=[32m"MuiPaper-root MuiPaper-elevation MuiPaper-rounded MuiPaper-elevation1 css-fw7llw-MuiPaper-root"[39m
    [33mstyle[39m=[32m"--Paper-shadow: 0px 2px 1px -1px rgba(0,0,0,0.2),0px 1px 1px 0px rgba(0,0,0,0.14),0px 1px 3px 0px rgba(0,0,0,0.12);"[39m
  [36m/>[39m

  Name "Change Item 917":
  [36m<article[39m
    [33maria-labelledby[39m=[32m"change-item-916-heading"[39m
    [33mclass[39m=[32m"MuiPaper-root MuiPaper-elevation MuiPaper-rounded MuiPaper-elevation1 css-fw7llw-MuiPaper-root"[39m
    [33mstyle[39m=[32m"--Paper-shadow: 0px 2px 1px -1px rgba(0,0,0,0.2),0px 1px 1px 0px rgba(0,0,0,0.14),0px 1px 3px 0px rgba(0,0,0,0.12);"[39m
  [36m/>[39m

  Name "Change Item 918":
  [36m<article[39m
    [33maria-labelledby[39m=[32m"change-item-917-heading"[39m
    [33mclass[39m=[32m"MuiPaper-root MuiPaper-elevation MuiPaper-rounded MuiPaper-elevation1 css-fw7llw-MuiPaper-root"[39m
    [33mstyle[39m=[32m"--Paper-shadow: 0px 2px 1px -1px rgba(0,0,0,0.2),0px 1px 1px 0px rgba(0,0,0,0.14),0px 1px 3px 0px rgba(0,0,0,0.12);"[39m
  [36m/>[39m

  Name "Change Item 919":
  [36m<article[39m
    [33maria-labelledby[39m=[32m"change-item-918-heading"[39m
    [33mclass[39m=[32m"MuiPaper-root MuiPaper-elevation MuiPaper-rounded MuiPaper-elevation1 css-fw7llw-MuiPaper-root"[39m
    [33mstyle[39m=[32m"--Paper-shadow: 0px 2px 1px -1px rgba(0,0,0,0.2),0px 1px 1px 0px rgba(0,0,0,0.14),0px 1px 3px 0px rgba(0,0,0,0.12);"[39m
  [36m/>[39m

  Name "Change Item 920":
  [36m<article[39m
    [33maria-labelledby[39m=[32m"change-item-919-heading"[39m
    [33mclass[39m=[32m"MuiPaper-root MuiPaper-elevation MuiPaper-rounded MuiPaper-elevation1 css-fw7llw-MuiPaper-root"[39m
    [33mstyle[39m=[32m"--Paper-shadow: 0px 2px 1px -1px rgba(0,0,0,0.2),0px 1px 1px 0px rgba(0,0,0,0.14),0px 1px 3px 0px rgba(0,0,0,0.12);"[39m
  [36m/>[39m

  Name "Change Item 921":
  [36m<article[39m
    [33maria-labelledby[39m=[32m"change-item-920-heading"[39m
    [33mclass[39m=[32m"MuiPaper-root MuiPaper-elevation MuiPaper-rounded MuiPaper-elevation1 css-fw7llw-MuiPaper-root"[39m
    [33mstyle[39m=[32m"--Paper-shadow: 0px 2px 1px -1px rgba(0,0,0,0.2),0px 1px 1px 0px rgba(0,0,0,0.14),0px 1px 3px 0px rgba(0,0,0,0.12);"[39m
  [36m/>[39m

  Name "Change Item 922":
  [36m<article[39m
    [33maria-labelledby[39m=[32m"change-item-921-heading"[39m
    [33mclass[39m=[32m"MuiPaper-root MuiPaper-elevation MuiPaper-rounded MuiPaper-elevation1 css-fw7llw-MuiPaper-root"[39m
    [33mstyle[39m=[32m"--Paper-shadow: 0px 2px 1px -1px rgba(0,0,0,0.2),0px 1px 1px 0px rgba(0,0,0,0.14),0px 1px 3px 0px rgba(0,0,0,0.12);"[39m
  [36m/>[39m

  Name "Change Item 923":
  [36m<article[39m
    [33maria-labelledby[39m=[32m"change-item-922-heading"[39m
    [33mclass[39m=[32m"MuiPaper-root MuiPaper-elevation MuiPaper-rounded MuiPaper-elevation1 css-fw7llw-MuiPaper-root"[39m
    [33mstyle[39m=[32m"--Paper-shadow: 0px 2px 1px -1px rgba(0,0,0,0.2),0px 1px 1px 0px rgba(0,0,0,0.14),0px 1px 3px 0px rgba(0,0,0,0.12);"[39m
  [36m/>[39m

  Name "Change Item 924":
  [36m<article[39m
    [33maria-labelledby[39m=[32m"change-item-923-heading"[39m
    [33mclass[39m=[32m"MuiPaper-root MuiPaper-elevation MuiPaper-rounded MuiPaper-elevation1 css-fw7llw-MuiPaper-root"[39m
    [33mstyle[39m=[32m"--Paper-shadow: 0px 2px 1px -1px rgba(0,0,0,0.2),0px 1px 1px 0px rgba(0,0,0,0.14),0px 1px 3px 0px rgba(0,0,0,0.12);"[39m
  [36m/>[39m

  Name "Change Item 925":
  [36m<article[39m
    [33maria-labelledby[39m=[32m"change-item-924-heading"[39m
    [33mclass[39m=[32m"MuiPaper-root MuiPaper-elevation MuiPaper-rounded MuiPaper-elevation1 css-fw7llw-MuiPaper-root"[39m
    [33mstyle[39m=[32m"--Paper-shadow: 0px 2px 1px -1px rgba(0,0,0,0.2),0px 1px 1px 0px rgba(0,0,0,0.14),0px 1px 3px 0px rgba(0,0,0,0.12);"[39m
  [36m/>[39m

  Name "Change Item 926":
  [36m<article[39m
    [33maria-labelledby[39m=[32m"change-item-925-heading"[39m
    [33mclass[39m=[32m"MuiPaper-root MuiPaper-elevation MuiPaper-rounded MuiPaper-elevation1 css-fw7llw-MuiPaper-root"[39m
    [33mstyle[39m=[32m"--Paper-shadow: 0px 2px 1px -1px rgba(0,0,0,0.2),0px 1px 1px 0px rgba(0,0,0,0.14),0px 1px 3px 0px rgba(0,0,0,0.12);"[39m
  [36m/>[39m

  Name "Change Item 927":
  [36m<article[39m
    [33maria-labelledby[39m=[32m"change-item-926-heading"[39m
    [33mclass[39m=[32m"MuiPaper-root MuiPaper-elevation MuiPaper-rounded MuiPaper-elevation1 css-fw7llw-MuiPaper-root"[39m
    [33mstyle[39m=[32m"--Paper-shadow: 0px 2px 1px -1px rgba(0,0,0,0.2),0px 1px 1px 0px rgba(0,0,0,0.14),0px 1px 3px 0px rgba(0,0,0,0.12);"[39m
  [36m/>[39m

  Name "Change Item 928":
  [36m<article[39m
    [33maria-labelledby[39m=[32m"change-item-927-heading"[39m
    [33mclass[39m=[32m"MuiPaper-root MuiPaper-elevation MuiPaper-rounded MuiPaper-elevation1 css-fw7llw-MuiPaper-root"[39m
    [33mstyle[39m=[32m"--Paper-shadow: 0px 2px 1px -1px rgba(0,0,0,0.2),0px 1px 1px 0px rgba(0,0,0,0.14),0px 1px 3px 0px rgba(0,0,0,0.12);"[39m
  [36m/>[39m

  Name "Change Item 929":
  [36m<article[39m
    [33maria-labelledby[39m=[32m"change-item-928-heading"[39m
    [33mclass[39m=[32m"MuiPaper-root MuiPaper-elevation MuiPaper-rounded MuiPaper-elevation1 css-fw7llw-MuiPaper-root"[39m
    [33mstyle[39m=[32m"--Paper-shadow: 0px 2px 1px -1px rgba(0,0,0,0.2),0px 1px 1px 0px rgba(0,0,0,0.14),0px 1px 3px 0px rgba(0,0,0,0.12);"[39m
  [36m/>[39m

  Name "Change Item 930":
  [36m<article[39m
    [33maria-labelledby[39m=[32m"change-item-929-heading"[39m
    [33mclass[39m=[32m"MuiPaper-root MuiPaper-elevation MuiPaper-rounded MuiPaper-elevation1 css-fw7llw-MuiPaper-root"[39m
    [33mstyle[39m=[32m"--Paper-shadow: 0px 2px 1px -1px rgba(0,0,0,0.2),0px 1px 1px 0px rgba(0,0,0,0.14),0px 1px 3px 0px rgba(0,0,0,0.12);"[39m
  [36m/>[39m

  Name "Change Item 931":
  [36m<article[39m
    [33maria-labelledby[39m=[32m"change-item-930-heading"[39m
    [33mclass[39m=[32m"MuiPaper-root MuiPaper-elevation MuiPaper-rounded MuiPaper-elevation1 css-fw7llw-MuiPaper-root"[39m
    [33mstyle[39m=[32m"--Paper-shadow: 0px 2px 1px -1px rgba(0,0,0,0.2),0px 1px 1px 0px rgba(0,0,0,0.14),0px 1px 3px 0px rgba(0,0,0,0.12);"[39m
  [36m/>[39m

  Name "Change Item 932":
  [36m<article[39m
    [33maria-labelledby[39m=[32m"change-item-931-heading"[39m
    [33mclass[39m=[32m"MuiPaper-root MuiPaper-elevation MuiPaper-rounded MuiPaper-elevation1 css-fw7llw-MuiPaper-root"[39m
    [33mstyle[39m=[32m"--Paper-shadow: 0px 2px 1px -1px rgba(0,0,0,0.2),0px 1px 1px 0px rgba(0,0,0,0.14),0px 1px 3px 0px rgba(0,0,0,0.12);"[39m
  [36m/>[39m

  Name "Change Item 933":
  [36m<article[39m
    [33maria-labelledby[39m=[32m"change-item-932-heading"[39m
    [33mclass[39m=[32m"MuiPaper-root MuiPaper-elevation MuiPaper-rounded MuiPaper-elevation1 css-fw7llw-MuiPaper-root"[39m
    [33mstyle[39m=[32m"--Paper-shadow: 0px 2px 1px -1px rgba(0,0,0,0.2),0px 1px 1px 0px rgba(0,0,0,0.14),0px 1px 3px 0px rgba(0,0,0,0.12);"[39m
  [36m/>[39m

  Name "Change Item 934":
  [36m<article[39m
    [33maria-labelledby[39m=[32m"change-item-933-heading"[39m
    [33mclass[39m=[32m"MuiPaper-root MuiPaper-elevation MuiPaper-rounded MuiPaper-elevation1 css-fw7llw-MuiPaper-root"[39m
    [33mstyle[39m=[32m"--Paper-shadow: 0px 2px 1px -1px rgba(0,0,0,0.2),0px 1px 1px 0px rgba(0,0,0,0.14),0px 1px 3px 0px rgba(0,0,0,0.12);"[39m
  [36m/>[39m

  Name "Change Item 935":
  [36m<article[39m
    [33maria-labelledby[39m=[32m"change-item-934-heading"[39m
    [33mclass[39m=[32m"MuiPaper-root MuiPaper-elevation MuiPaper-rounded MuiPaper-elevation1 css-fw7llw-MuiPaper-root"[39m
    [33mstyle[39m=[32m"--Paper-shadow: 0px 2px 1px -1px rgba(0,0,0,0.2),0px 1px 1px 0px rgba(0,0,0,0.14),0px 1px 3px 0px rgba(0,0,0,0.12);"[39m
  [36m/>[39m

  Name "Change Item 936":
  [36m<article[39m
    [33maria-labelledby[39m=[32m"change-item-935-heading"[39m
    [33mclass[39m=[32m"MuiPaper-root MuiPaper-elevation MuiPaper-rounded MuiPaper-elevation1 css-fw7llw-MuiPaper-root"[39m
    [33mstyle[39m=[32m"--Paper-shadow: 0px 2px 1px -1px rgba(0,0,0,0.2),0px 1px 1px 0px rgba(0,0,0,0.14),0px 1px 3px 0px rgba(0,0,0,0.12);"[39m
  [36m/>[39m

  Name "Change Item 937":
  [36m<article[39m
    [33maria-labelledby[39m=[32m"change-item-936-heading"[39m
    [33mclass[39m=[32m"MuiPaper-root MuiPaper-elevation MuiPaper-rounded MuiPaper-elevation1 css-fw7llw-MuiPaper-root"[39m
    [33mstyle[39m=[32m"--Paper-shadow: 0px 2px 1px -1px rgba(0,0,0,0.2),0px 1px 1px 0px rgba(0,0,0,0.14),0px 1px 3px 0px rgba(0,0,0,0.12);"[39m
  [36m/>[39m

  Name "Change Item 938":
  [36m<article[39m
    [33maria-labelledby[39m=[32m"change-item-937-heading"[39m
    [33mclass[39m=[32m"MuiPaper-root MuiPaper-elevation MuiPaper-rounded MuiPaper-elevation1 css-fw7llw-MuiPaper-root"[39m
    [33mstyle[39m=[32m"--Paper-shadow: 0px 2px 1px -1px rgba(0,0,0,0.2),0px 1px 1px 0px rgba(0,0,0,0.14),0px 1px 3px 0px rgba(0,0,0,0.12);"[39m
  [36m/>[39m

  Name "Change Item 939":
  [36m<article[39m
    [33maria-labelledby[39m=[32m"change-item-938-heading"[39m
    [33mclass[39m=[32m"MuiPaper-root MuiPaper-elevation MuiPaper-rounded MuiPaper-elevation1 css-fw7llw-MuiPaper-root"[39m
    [33mstyle[39m=[32m"--Paper-shadow: 0px 2px 1px -1px rgba(0,0,0,0.2),0px 1px 1px 0px rgba(0,0,0,0.14),0px 1px 3px 0px rgba(0,0,0,0.12);"[39m
  [36m/>[39m

  Name "Change Item 940":
  [36m<article[39m
    [33maria-labelledby[39m=[32m"change-item-939-heading"[39m
    [33mclass[39m=[32m"MuiPaper-root MuiPaper-elevation MuiPaper-rounded MuiPaper-elevation1 css-fw7llw-MuiPaper-root"[39m
    [33mstyle[39m=[32m"--Paper-shadow: 0px 2px 1px -1px rgba(0,0,0,0.2),0px 1px 1px 0px rgba(0,0,0,0.14),0px 1px 3px 0px rgba(0,0,0,0.12);"[39m
  [36m/>[39m

  Name "Change Item 941":
  [36m<article[39m
    [33maria-labelledby[39m=[32m"change-item-940-heading"[39m
    [33mclass[39m=[32m"MuiPaper-root MuiPaper-elevation MuiPaper-rounded MuiPaper-elevation1 css-fw7llw-MuiPaper-root"[39m
    [33mstyle[39m=[32m"--Paper-shadow: 0px 2px 1px -1px rgba(0,0,0,0.2),0px 1px 1px 0px rgba(0,0,0,0.14),0px 1px 3px 0px rgba(0,0,0,0.12);"[39m
  [36m/>[39m

  Name "Change Item 942":
  [36m<article[39m
    [33maria-labelledby[39m=[32m"change-item-941-heading"[39m
    [33mclass[39m=[32m"MuiPaper-root MuiPaper-elevation MuiPaper-rounded MuiPaper-elevation1 css-fw7llw-MuiPaper-root"[39m
    [33mstyle[39m=[32m"--Paper-shadow: 0px 2px 1px -1px rgba(0,0,0,0.2),0px 1px 1px 0px rgba(0,0,0,0.14),0px 1px 3px 0px rgba(0,0,0,0.12);"[39m
  [36m/>[39m

  Name "Change Item 943":
  [36m<article[39m
    [33maria-labelledby[39m=[32m"change-item-942-heading"[39m
    [33mclass[39m=[32m"MuiPaper-root MuiPaper-elevation MuiPaper-rounded MuiPaper-elevation1 css-fw7llw-MuiPaper-root"[39m
    [33mstyle[39m=[32m"--Paper-shadow: 0px 2px 1px -1px rgba(0,0,0,0.2),0px 1px 1px 0px rgba(0,0,0,0.14),0px 1px 3px 0px rgba(0,0,0,0.12);"[39m
  [36m/>[39m

  Name "Change Item 944":
  [36m<article[39m
    [33maria-labelledby[39m=[32m"change-item-943-heading"[39m
    [33mclass[39m=[32m"MuiPaper-root MuiPaper-elevation MuiPaper-rounded MuiPaper-elevation1 css-fw7llw-MuiPaper-root"[39m
    [33mstyle[39m=[32m"--Paper-shadow: 0px 2px 1px -1px rgba(0,0,0,0.2),0px 1px 1px 0px rgba(0,0,0,0.14),0px 1px 3px 0px rgba(0,0,0,0.12);"[39m
  [36m/>[39m

  Name "Change Item 945":
  [36m<article[39m
    [33maria-labelledby[39m=[32m"change-item-944-heading"[39m
    [33mclass[39m=[32m"MuiPaper-root MuiPaper-elevation MuiPaper-rounded MuiPaper-elevation1 css-fw7llw-MuiPaper-root"[39m
    [33mstyle[39m=[32m"--Paper-shadow: 0px 2px 1px -1px rgba(0,0,0,0.2),0px 1px 1px 0px rgba(0,0,0,0.14),0px 1px 3px 0px rgba(0,0,0,0.12);"[39m
  [36m/>[39m

  Name "Change Item 946":
  [36m<article[39m
    [33maria-labelledby[39m=[32m"change-item-945-heading"[39m
    [33mclass[39m=[32m"MuiPaper-root MuiPaper-elevation MuiPaper-rounded MuiPaper-elevation1 css-fw7llw-MuiPaper-root"[39m
    [33mstyle[39m=[32m"--Paper-shadow: 0px 2px 1px -1px rgba(0,0,0,0.2),0px 1px 1px 0px rgba(0,0,0,0.14),0px 1px 3px 0px rgba(0,0,0,0.12);"[39m
  [36m/>[39m

  Name "Change Item 947":
  [36m<article[39m
    [33maria-labelledby[39m=[32m"change-item-946-heading"[39m
    [33mclass[39m=[32m"MuiPaper-root MuiPaper-elevation MuiPaper-rounded MuiPaper-elevation1 css-fw7llw-MuiPaper-root"[39m
    [33mstyle[39m=[32m"--Paper-shadow: 0px 2px 1px -1px rgba(0,0,0,0.2),0px 1px 1px 0px rgba(0,0,0,0.14),0px 1px 3px 0px rgba(0,0,0,0.12);"[39m
  [36m/>[39m

  Name "Change Item 948":
  [36m<article[39m
    [33maria-labelledby[39m=[32m"change-item-947-heading"[39m
    [33mclass[39m=[32m"MuiPaper-root MuiPaper-elevation MuiPaper-rounded MuiPaper-elevation1 css-fw7llw-MuiPaper-root"[39m
    [33mstyle[39m=[32m"--Paper-shadow: 0px 2px 1px -1px rgba(0,0,0,0.2),0px 1px 1px 0px rgba(0,0,0,0.14),0px 1px 3px 0px rgba(0,0,0,0.12);"[39m
  [36m/>[39m

  Name "Change Item 949":
  [36m<article[39m
    [33maria-labelledby[39m=[32m"change-item-948-heading"[39m
    [33mclass[39m=[32m"MuiPaper-root MuiPaper-elevation MuiPaper-rounded MuiPaper-elevation1 css-fw7llw-MuiPaper-root"[39m
    [33mstyle[39m=[32m"--Paper-shadow: 0px 2px 1px -1px rgba(0,0,0,0.2),0px 1px 1px 0px rgba(0,0,0,0.14),0px 1px 3px 0px rgba(0,0,0,0.12);"[39m
  [36m/>[39m

  Name "Change Item 950":
  [36m<article[39m
    [33maria-labelledby[39m=[32m"change-item-949-heading"[39m
    [33mclass[39m=[32m"MuiPaper-root MuiPaper-elevation MuiPaper-rounded MuiPaper-elevation1 css-fw7llw-MuiPaper-root"[39m
    [33mstyle[39m=[32m"--Paper-shadow: 0px 2px 1px -1px rgba(0,0,0,0.2),0px 1px 1px 0px rgba(0,0,0,0.14),0px 1px 3px 0px rgba(0,0,0,0.12);"[39m
  [36m/>[39m

  Name "Change Item 951":
  [36m<article[39m
    [33maria-labelledby[39m=[32m"change-item-950-heading"[39m
    [33mclass[39m=[32m"MuiPaper-root MuiPaper-elevation MuiPaper-rounded MuiPaper-elevation1 css-fw7llw-MuiPaper-root"[39m
    [33mstyle[39m=[32m"--Paper-shadow: 0px 2px 1px -1px rgba(0,0,0,0.2),0px 1px 1px 0px rgba(0,0,0,0.14),0px 1px 3px 0px rgba(0,0,0,0.12);"[39m
  [36m/>[39m

  Name "Change Item 952":
  [36m<article[39m
    [33maria-labelledby[39m=[32m"change-item-951-heading"[39m
    [33mclass[39m=[32m"MuiPaper-root MuiPaper-elevation MuiPaper-rounded MuiPaper-elevation1 css-fw7llw-MuiPaper-root"[39m
    [33mstyle[39m=[32m"--Paper-shadow: 0px 2px 1px -1px rgba(0,0,0,0.2),0px 1px 1px 0px rgba(0,0,0,0.14),0px 1px 3px 0px rgba(0,0,0,0.12);"[39m
  [36m/>[39m

  Name "Change Item 953":
  [36m<article[39m
    [33maria-labelledby[39m=[32m"change-item-952-heading"[39m
    [33mclass[39m=[32m"MuiPaper-root MuiPaper-elevation MuiPaper-rounded MuiPaper-elevation1 css-fw7llw-MuiPaper-root"[39m
    [33mstyle[39m=[32m"--Paper-shadow: 0px 2px 1px -1px rgba(0,0,0,0.2),0px 1px 1px 0px rgba(0,0,0,0.14),0px 1px 3px 0px rgba(0,0,0,0.12);"[39m
  [36m/>[39m

  Name "Change Item 954":
  [36m<article[39m
    [33maria-labelledby[39m=[32m"change-item-953-heading"[39m
    [33mclass[39m=[32m"MuiPaper-root MuiPaper-elevation MuiPaper-rounded MuiPaper-elevation1 css-fw7llw-MuiPaper-root"[39m
    [33mstyle[39m=[32m"--Paper-shadow: 0px 2px 1px -1px rgba(0,0,0,0.2),0px 1px 1px 0px rgba(0,0,0,0.14),0px 1px 3px 0px rgba(0,0,0,0.12);"[39m
  [36m/>[39m

  Name "Change Item 955":
  [36m<article[39m
    [33maria-labelledby[39m=[32m"change-item-954-heading"[39m
    [33mclass[39m=[32m"MuiPaper-root MuiPaper-elevation MuiPaper-rounded MuiPaper-elevation1 css-fw7llw-MuiPaper-root"[39m
    [33mstyle[39m=[32m"--Paper-shadow: 0px 2px 1px -1px rgba(0,0,0,0.2),0px 1px 1px 0px rgba(0,0,0,0.14),0px 1px 3px 0px rgba(0,0,0,0.12);"[39m
  [36m/>[39m

  Name "Change Item 956":
  [36m<article[39m
    [33maria-labelledby[39m=[32m"change-item-955-heading"[39m
    [33mclass[39m=[32m"MuiPaper-root MuiPaper-elevation MuiPaper-rounded MuiPaper-elevation1 css-fw7llw-MuiPaper-root"[39m
    [33mstyle[39m=[32m"--Paper-shadow: 0px 2px 1px -1px rgba(0,0,0,0.2),0px 1px 1px 0px rgba(0,0,0,0.14),0px 1px 3px 0px rgba(0,0,0,0.12);"[39m
  [36m/>[39m

  Name "Change Item 957":
  [36m<article[39m
    [33maria-labelledby[39m=[32m"change-item-956-heading"[39m
    [33mclass[39m=[32m"MuiPaper-root MuiPaper-elevation MuiPaper-rounded MuiPaper-elevation1 css-fw7llw-MuiPaper-root"[39m
    [33mstyle[39m=[32m"--Paper-shadow: 0px 2px 1px -1px rgba(0,0,0,0.2),0px 1px 1px 0px rgba(0,0,0,0.14),0px 1px 3px 0px rgba(0,0,0,0.12);"[39m
  [36m/>[39m

  Name "Change Item 958":
  [36m<article[39m
    [33maria-labelledby[39m=[32m"change-item-957-heading"[39m
    [33mclass[39m=[32m"MuiPaper-root MuiPaper-elevation MuiPaper-rounded MuiPaper-elevation1 css-fw7llw-MuiPaper-root"[39m
    [33mstyle[39m=[32m"--Paper-shadow: 0px 2px 1px -1px rgba(0,0,0,0.2),0px 1px 1px 0px rgba(0,0,0,0.14),0px 1px 3px 0px rgba(0,0,0,0.12);"[39m
  [36m/>[39m

  Name "Change Item 959":
  [36m<article[39m
    [33maria-labelledby[39m=[32m"change-item-958-heading"[39m
    [33mclass[39m=[32m"MuiPaper-root MuiPaper-elevation MuiPaper-rounded MuiPaper-elevation1 css-fw7llw-MuiPaper-root"[39m
    [33mstyle[39m=[32m"--Paper-shadow: 0px 2px 1px -1px rgba(0,0,0,0.2),0px 1px 1px 0px rgba(0,0,0,0.14),0px 1px 3px 0px rgba(0,0,0,0.12);"[39m
  [36m/>[39m

  Name "Change Item 960":
  [36m<article[39m
    [33maria-labelledby[39m=[32m"change-item-959-heading"[39m
    [33mclass[39m=[32m"MuiPaper-root MuiPaper-elevation MuiPaper-rounded MuiPaper-elevation1 css-fw7llw-MuiPaper-root"[39m
    [33mstyle[39m=[32m"--Paper-shadow: 0px 2px 1px -1px rgba(0,0,0,0.2),0px 1px 1px 0px rgba(0,0,0,0.14),0px 1px 3px 0px rgba(0,0,0,0.12);"[39m
  [36m/>[39m

  Name "Change Item 961":
  [36m<article[39m
    [33maria-labelledby[39m=[32m"change-item-960-heading"[39m
    [33mclass[39m=[32m"MuiPaper-root MuiPaper-elevation MuiPaper-rounded MuiPaper-elevation1 css-fw7llw-MuiPaper-root"[39m
    [33mstyle[39m=[32m"--Paper-shadow: 0px 2px 1px -1px rgba(0,0,0,0.2),0px 1px 1px 0px rgba(0,0,0,0.14),0px 1px 3px 0px rgba(0,0,0,0.12);"[39m
  [36m/>[39m

  Name "Change Item 962":
  [36m<article[39m
    [33maria-labelledby[39m=[32m"change-item-961-heading"[39m
    [33mclass[39m=[32m"MuiPaper-root MuiPaper-elevation MuiPaper-rounded MuiPaper-elevation1 css-fw7llw-MuiPaper-root"[39m
    [33mstyle[39m=[32m"--Paper-shadow: 0px 2px 1px -1px rgba(0,0,0,0.2),0px 1px 1px 0px rgba(0,0,0,0.14),0px 1px 3px 0px rgba(0,0,0,0.12);"[39m
  [36m/>[39m

  Name "Change Item 963":
  [36m<article[39m
    [33maria-labelledby[39m=[32m"change-item-962-heading"[39m
    [33mclass[39m=[32m"MuiPaper-root MuiPaper-elevation MuiPaper-rounded MuiPaper-elevation1 css-fw7llw-MuiPaper-root"[39m
    [33mstyle[39m=[32m"--Paper-shadow: 0px 2px 1px -1px rgba(0,0,0,0.2),0px 1px 1px 0px rgba(0,0,0,0.14),0px 1px 3px 0px rgba(0,0,0,0.12);"[39m
  [36m/>[39m

  Name "Change Item 964":
  [36m<article[39m
    [33maria-labelledby[39m=[32m"change-item-963-heading"[39m
    [33mclass[39m=[32m"MuiPaper-root MuiPaper-elevation MuiPaper-rounded MuiPaper-elevation1 css-fw7llw-MuiPaper-root"[39m
    [33mstyle[39m=[32m"--Paper-shadow: 0px 2px 1px -1px rgba(0,0,0,0.2),0px 1px 1px 0px rgba(0,0,0,0.14),0px 1px 3px 0px rgba(0,0,0,0.12);"[39m
  [36m/>[39m

  Name "Change Item 965":
  [36m<article[39m
    [33maria-labelledby[39m=[32m"change-item-964-heading"[39m
    [33mclass[39m=[32m"MuiPaper-root MuiPaper-elevation MuiPaper-rounded MuiPaper-elevation1 css-fw7llw-MuiPaper-root"[39m
    [33mstyle[39m=[32m"--Paper-shadow: 0px 2px 1px -1px rgba(0,0,0,0.2),0px 1px 1px 0px rgba(0,0,0,0.14),0px 1px 3px 0px rgba(0,0,0,0.12);"[39m
  [36m/>[39m

  Name "Change Item 966":
  [36m<article[39m
    [33maria-labelledby[39m=[32m"change-item-965-heading"[39m
    [33mclass[39m=[32m"MuiPaper-root MuiPaper-elevation MuiPaper-rounded MuiPaper-elevation1 css-fw7llw-MuiPaper-root"[39m
    [33mstyle[39m=[32m"--Paper-shadow: 0px 2px 1px -1px rgba(0,0,0,0.2),0px 1px 1px 0px rgba(0,0,0,0.14),0px 1px 3px 0px rgba(0,0,0,0.12);"[39m
  [36m/>[39m

  Name "Change Item 967":
  [36m<article[39m
    [33maria-labelledby[39m=[32m"change-item-966-heading"[39m
    [33mclass[39m=[32m"MuiPaper-root MuiPaper-elevation MuiPaper-rounded MuiPaper-elevation1 css-fw7llw-MuiPaper-root"[39m
    [33mstyle[39m=[32m"--Paper-shadow: 0px 2px 1px -1px rgba(0,0,0,0.2),0px 1px 1px 0px rgba(0,0,0,0.14),0px 1px 3px 0px rgba(0,0,0,0.12);"[39m
  [36m/>[39m

  Name "Change Item 968":
  [36m<article[39m
    [33maria-labelledby[39m=[32m"change-item-967-heading"[39m
    [33mclass[39m=[32m"MuiPaper-root MuiPaper-elevation MuiPaper-rounded MuiPaper-elevation1 css-fw7llw-MuiPaper-root"[39m
    [33mstyle[39m=[32m"--Paper-shadow: 0px 2px 1px -1px rgba(0,0,0,0.2),0px 1px 1px 0px rgba(0,0,0,0.14),0px 1px 3px 0px rgba(0,0,0,0.12);"[39m
  [36m/>[39m

  Name "Change Item 969":
  [36m<article[39m
    [33maria-labelledby[39m=[32m"change-item-968-heading"[39m
    [33mclass[39m=[32m"MuiPaper-root MuiPaper-elevation MuiPaper-rounded MuiPaper-elevation1 css-fw7llw-MuiPaper-root"[39m
    [33mstyle[39m=[32m"--Paper-shadow: 0px 2px 1px -1px rgba(0,0,0,0.2),0px 1px 1px 0px rgba(0,0,0,0.14),0px 1px 3px 0px rgba(0,0,0,0.12);"[39m
  [36m/>[39m

  Name "Change Item 970":
  [36m<article[39m
    [33maria-labelledby[39m=[32m"change-item-969-heading"[39m
    [33mclass[39m=[32m"MuiPaper-root MuiPaper-elevation MuiPaper-rounded MuiPaper-elevation1 css-fw7llw-MuiPaper-root"[39m
    [33mstyle[39m=[32m"--Paper-shadow: 0px 2px 1px -1px rgba(0,0,0,0.2),0px 1px 1px 0px rgba(0,0,0,0.14),0px 1px 3px 0px rgba(0,0,0,0.12);"[39m
  [36m/>[39m

  Name "Change Item 971":
  [36m<article[39m
    [33maria-labelledby[39m=[32m"change-item-970-heading"[39m
    [33mclass[39m=[32m"MuiPaper-root MuiPaper-elevation MuiPaper-rounded MuiPaper-elevation1 css-fw7llw-MuiPaper-root"[39m
    [33mstyle[39m=[32m"--Paper-shadow: 0px 2px 1px -1px rgba(0,0,0,0.2),0px 1px 1px 0px rgba(0,0,0,0.14),0px 1px 3px 0px rgba(0,0,0,0.12);"[39m
  [36m/>[39m

  Name "Change Item 972":
  [36m<article[39m
    [33maria-labelledby[39m=[32m"change-item-971-heading"[39m
    [33mclass[39m=[32m"MuiPaper-root MuiPaper-elevation MuiPaper-rounded MuiPaper-elevation1 css-fw7llw-MuiPaper-root"[39m
    [33mstyle[39m=[32m"--Paper-shadow: 0px 2px 1px -1px rgba(0,0,0,0.2),0px 1px 1px 0px rgba(0,0,0,0.14),0px 1px 3px 0px rgba(0,0,0,0.12);"[39m
  [36m/>[39m

  Name "Change Item 973":
  [36m<article[39m
    [33maria-labelledby[39m=[32m"change-item-972-heading"[39m
    [33mclass[39m=[32m"MuiPaper-root MuiPaper-elevation MuiPaper-rounded MuiPaper-elevation1 css-fw7llw-MuiPaper-root"[39m
    [33mstyle[39m=[32m"--Paper-shadow: 0px 2px 1px -1px rgba(0,0,0,0.2),0px 1px 1px 0px rgba(0,0,0,0.14),0px 1px 3px 0px rgba(0,0,0,0.12);"[39m
  [36m/>[39m

  Name "Change Item 974":
  [36m<article[39m
    [33maria-labelledby[39m=[32m"change-item-973-heading"[39m
    [33mclass[39m=[32m"MuiPaper-root MuiPaper-elevation MuiPaper-rounded MuiPaper-elevation1 css-fw7llw-MuiPaper-root"[39m
    [33mstyle[39m=[32m"--Paper-shadow: 0px 2px 1px -1px rgba(0,0,0,0.2),0px 1px 1px 0px rgba(0,0,0,0.14),0px 1px 3px 0px rgba(0,0,0,0.12);"[39m
  [36m/>[39m

  Name "Change Item 975":
  [36m<article[39m
    [33maria-labelledby[39m=[32m"change-item-974-heading"[39m
    [33mclass[39m=[32m"MuiPaper-root MuiPaper-elevation MuiPaper-rounded MuiPaper-elevation1 css-fw7llw-MuiPaper-root"[39m
    [33mstyle[39m=[32m"--Paper-shadow: 0px 2px 1px -1px rgba(0,0,0,0.2),0px 1px 1px 0px rgba(0,0,0,0.14),0px 1px 3px 0px rgba(0,0,0,0.12);"[39m
  [36m/>[39m

  Name "Change Item 976":
  [36m<article[39m
    [33maria-labelledby[39m=[32m"change-item-975-heading"[39m
    [33mclass[39m=[32m"MuiPaper-root MuiPaper-elevation MuiPaper-rounded MuiPaper-elevation1 css-fw7llw-MuiPaper-root"[39m
    [33mstyle[39m=[32m"--Paper-shadow: 0px 2px 1px -1px rgba(0,0,0,0.2),0px 1px 1px 0px rgba(0,0,0,0.14),0px 1px 3px 0px rgba(0,0,0,0.12);"[39m
  [36m/>[39m

  Name "Change Item 977":
  [36m<article[39m
    [33maria-labelledby[39m=[32m"change-item-976-heading"[39m
    [33mclass[39m=[32m"MuiPaper-root MuiPaper-elevation MuiPaper-rounded MuiPaper-elevation1 css-fw7llw-MuiPaper-root"[39m
    [33mstyle[39m=[32m"--Paper-shadow: 0px 2px 1px -1px rgba(0,0,0,0.2),0px 1px 1px 0px rgba(0,0,0,0.14),0px 1px 3px 0px rgba(0,0,0,0.12);"[39m
  [36m/>[39m

  Name "Change Item 978":
  [36m<article[39m
    [33maria-labelledby[39m=[32m"change-item-977-heading"[39m
    [33mclass[39m=[32m"MuiPaper-root MuiPaper-elevation MuiPaper-rounded MuiPaper-elevation1 css-fw7llw-MuiPaper-root"[39m
    [33mstyle[39m=[32m"--Paper-shadow: 0px 2px 1px -1px rgba(0,0,0,0.2),0px 1px 1px 0px rgba(0,0,0,0.14),0px 1px 3px 0px rgba(0,0,0,0.12);"[39m
  [36m/>[39m

  Name "Change Item 979":
  [36m<article[39m
    [33maria-labelledby[39m=[32m"change-item-978-heading"[39m
    [33mclass[39m=[32m"MuiPaper-root MuiPaper-elevation MuiPaper-rounded MuiPaper-elevation1 css-fw7llw-MuiPaper-root"[39m
    [33mstyle[39m=[32m"--Paper-shadow: 0px 2px 1px -1px rgba(0,0,0,0.2),0px 1px 1px 0px rgba(0,0,0,0.14),0px 1px 3px 0px rgba(0,0,0,0.12);"[39m
  [36m/>[39m

  Name "Change Item 980":
  [36m<article[39m
    [33maria-labelledby[39m=[32m"change-item-979-heading"[39m
    [33mclass[39m=[32m"MuiPaper-root MuiPaper-elevation MuiPaper-rounded MuiPaper-elevation1 css-fw7llw-MuiPaper-root"[39m
    [33mstyle[39m=[32m"--Paper-shadow: 0px 2px 1px -1px rgba(0,0,0,0.2),0px 1px 1px 0px rgba(0,0,0,0.14),0px 1px 3px 0px rgba(0,0,0,0.12);"[39m
  [36m/>[39m

  Name "Change Item 981":
  [36m<article[39m
    [33maria-labelledby[39m=[32m"change-item-980-heading"[39m
    [33mclass[39m=[32m"MuiPaper-root MuiPaper-elevation MuiPaper-rounded MuiPaper-elevation1 css-fw7llw-MuiPaper-root"[39m
    [33mstyle[39m=[32m"--Paper-shadow: 0px 2px 1px -1px rgba(0,0,0,0.2),0px 1px 1px 0px rgba(0,0,0,0.14),0px 1px 3px 0px rgba(0,0,0,0.12);"[39m
  [36m/>[39m

  Name "Change Item 982":
  [36m<article[39m
    [33maria-labelledby[39m=[32m"change-item-981-heading"[39m
    [33mclass[39m=[32m"MuiPaper-root MuiPaper-elevation MuiPaper-rounded MuiPaper-elevation1 css-fw7llw-MuiPaper-root"[39m
    [33mstyle[39m=[32m"--Paper-shadow: 0px 2px 1px -1px rgba(0,0,0,0.2),0px 1px 1px 0px rgba(0,0,0,0.14),0px 1px 3px 0px rgba(0,0,0,0.12);"[39m
  [36m/>[39m

  Name "Change Item 983":
  [36m<article[39m
    [33maria-labelledby[39m=[32m"change-item-982-heading"[39m
    [33mclass[39m=[32m"MuiPaper-root MuiPaper-elevation MuiPaper-rounded MuiPaper-elevation1 css-fw7llw-MuiPaper-root"[39m
    [33mstyle[39m=[32m"--Paper-shadow: 0px 2px 1px -1px rgba(0,0,0,0.2),0px 1px 1px 0px rgba(0,0,0,0.14),0px 1px 3px 0px rgba(0,0,0,0.12);"[39m
  [36m/>[39m

  Name "Change Item 984":
  [36m<article[39m
    [33maria-labelledby[39m=[32m"change-item-983-heading"[39m
    [33mclass[39m=[32m"MuiPaper-root MuiPaper-elevation MuiPaper-rounded MuiPaper-elevation1 css-fw7llw-MuiPaper-root"[39m
    [33mstyle[39m=[32m"--Paper-shadow: 0px 2px 1px -1px rgba(0,0,0,0.2),0px 1px 1px 0px rgba(0,0,0,0.14),0px 1px 3px 0px rgba(0,0,0,0.12);"[39m
  [36m/>[39m

  Name "Change Item 985":
  [36m<article[39m
    [33maria-labelledby[39m=[32m"change-item-984-heading"[39m
    [33mclass[39m=[32m"MuiPaper-root MuiPaper-elevation MuiPaper-rounded MuiPaper-elevation1 css-fw7llw-MuiPaper-root"[39m
    [33mstyle[39m=[32m"--Paper-shadow: 0px 2px 1px -1px rgba(0,0,0,0.2),0px 1px 1px 0px rgba(0,0,0,0.14),0px 1px 3px 0px rgba(0,0,0,0.12);"[39m
  [36m/>[39m

  Name "Change Item 986":
  [36m<article[39m
    [33maria-labelledby[39m=[32m"change-item-985-heading"[39m
    [33mclass[39m=[32m"MuiPaper-root MuiPaper-elevation MuiPaper-rounded MuiPaper-elevation1 css-fw7llw-MuiPaper-root"[39m
    [33mstyle[39m=[32m"--Paper-shadow: 0px 2px 1px -1px rgba(0,0,0,0.2),0px 1px 1px 0px rgba(0,0,0,0.14),0px 1px 3px 0px rgba(0,0,0,0.12);"[39m
  [36m/>[39m

  Name "Change Item 987":
  [36m<article[39m
    [33maria-labelledby[39m=[32m"change-item-986-heading"[39m
    [33mclass[39m=[32m"MuiPaper-root MuiPaper-elevation MuiPaper-rounded MuiPaper-elevation1 css-fw7llw-MuiPaper-root"[39m
    [33mstyle[39m=[32m"--Paper-shadow: 0px 2px 1px -1px rgba(0,0,0,0.2),0px 1px 1px 0px rgba(0,0,0,0.14),0px 1px 3px 0px rgba(0,0,0,0.12);"[39m
  [36m/>[39m

  Name "Change Item 988":
  [36m<article[39m
    [33maria-labelledby[39m=[32m"change-item-987-heading"[39m
    [33mclass[39m=[32m"MuiPaper-root MuiPaper-elevation MuiPaper-rounded MuiPaper-elevation1 css-fw7llw-MuiPaper-root"[39m
    [33mstyle[39m=[32m"--Paper-shadow: 0px 2px 1px -1px rgba(0,0,0,0.2),0px 1px 1px 0px rgba(0,0,0,0.14),0px 1px 3px 0px rgba(0,0,0,0.12);"[39m
  [36m/>[39m

  Name "Change Item 989":
  [36m<article[39m
    [33maria-labelledby[39m=[32m"change-item-988-heading"[39m
    [33mclass[39m=[32m"MuiPaper-root MuiPaper-elevation MuiPaper-rounded MuiPaper-elevation1 css-fw7llw-MuiPaper-root"[39m
    [33mstyle[39m=[32m"--Paper-shadow: 0px 2px 1px -1px rgba(0,0,0,0.2),0px 1px 1px 0px rgba(0,0,0,0.14),0px 1px 3px 0px rgba(0,0,0,0.12);"[39m
  [36m/>[39m

  Name "Change Item 990":
  [36m<article[39m
    [33maria-labelledby[39m=[32m"change-item-989-heading"[39m
    [33mclass[39m=[32m"MuiPaper-root MuiPaper-elevation MuiPaper-rounded MuiPaper-elevation1 css-fw7llw-MuiPaper-root"[39m
    [33mstyle[39m=[32m"--Paper-shadow: 0px 2px 1px -1px rgba(0,0,0,0.2),0px 1px 1px 0px rgba(0,0,0,0.14),0px 1px 3px 0px rgba(0,0,0,0.12);"[39m
  [36m/>[39m

  Name "Change Item 991":
  [36m<article[39m
    [33maria-labelledby[39m=[32m"change-item-990-heading"[39m
    [33mclass[39m=[32m"MuiPaper-root MuiPaper-elevation MuiPaper-rounded MuiPaper-elevation1 css-fw7llw-MuiPaper-root"[39m
    [33mstyle[39m=[32m"--Paper-shadow: 0px 2px 1px -1px rgba(0,0,0,0.2),0px 1px 1px 0px rgba(0,0,0,0.14),0px 1px 3px 0px rgba(0,0,0,0.12);"[39m
  [36m/>[39m

  Name "Change Item 992":
  [36m<article[39m
    [33maria-labelledby[39m=[32m"change-item-991-heading"[39m
    [33mclass[39m=[32m"MuiPaper-root MuiPaper-elevation MuiPaper-rounded MuiPaper-elevation1 css-fw7llw-MuiPaper-root"[39m
    [33mstyle[39m=[32m"--Paper-shadow: 0px 2px 1px -1px rgba(0,0,0,0.2),0px 1px 1px 0px rgba(0,0,0,0.14),0px 1px 3px 0px rgba(0,0,0,0.12);"[39m
  [36m/>[39m

  Name "Change Item 993":
  [36m<article[39m
    [33maria-labelledby[39m=[32m"change-item-992-heading"[39m
    [33mclass[39m=[32m"MuiPaper-root MuiPaper-elevation MuiPaper-rounded MuiPaper-elevation1 css-fw7llw-MuiPaper-root"[39m
    [33mstyle[39m=[32m"--Paper-shadow: 0px 2px 1px -1px rgba(0,0,0,0.2),0px 1px 1px 0px rgba(0,0,0,0.14),0px 1px 3px 0px rgba(0,0,0,0.12);"[39m
  [36m/>[39m

  Name "Change Item 994":
  [36m<article[39m
    [33maria-labelledby[39m=[32m"change-item-993-heading"[39m
    [33mclass[39m=[32m"MuiPaper-root MuiPaper-elevation MuiPaper-rounded MuiPaper-elevation1 css-fw7llw-MuiPaper-root"[39m
    [33mstyle[39m=[32m"--Paper-shadow: 0px 2px 1px -1px rgba(0,0,0,0.2),0px 1px 1px 0px rgba(0,0,0,0.14),0px 1px 3px 0px rgba(0,0,0,0.12);"[39m
  [36m/>[39m

  Name "Change Item 995":
  [36m<article[39m
    [33maria-labelledby[39m=[32m"change-item-994-heading"[39m
    [33mclass[39m=[32m"MuiPaper-root MuiPaper-elevation MuiPaper-rounded MuiPaper-elevation1 css-fw7llw-MuiPaper-root"[39m
    [33mstyle[39m=[32m"--Paper-shadow: 0px 2px 1px -1px rgba(0,0,0,0.2),0px 1px 1px 0px rgba(0,0,0,0.14),0px 1px 3px 0px rgba(0,0,0,0.12);"[39m
  [36m/>[39m

  Name "Change Item 996":
  [36m<article[39m
    [33maria-labelledby[39m=[32m"change-item-995-heading"[39m
    [33mclass[39m=[32m"MuiPaper-root MuiPaper-elevation MuiPaper-rounded MuiPaper-elevation1 css-fw7llw-MuiPaper-root"[39m
    [33mstyle[39m=[32m"--Paper-shadow: 0px 2px 1px -1px rgba(0,0,0,0.2),0px 1px 1px 0px rgba(0,0,0,0.14),0px 1px 3px 0px rgba(0,0,0,0.12);"[39m
  [36m/>[39m

  Name "Change Item 997":
  [36m<article[39m
    [33maria-labelledby[39m=[32m"change-item-996-heading"[39m
    [33mclass[39m=[32m"MuiPaper-root MuiPaper-elevation MuiPaper-rounded MuiPaper-elevation1 css-fw7llw-MuiPaper-root"[39m
    [33mstyle[39m=[32m"--Paper-shadow: 0px 2px 1px -1px rgba(0,0,0,0.2),0px 1px 1px 0px rgba(0,0,0,0.14),0px 1px 3px 0px rgba(0,0,0,0.12);"[39m
  [36m/>[39m

  Name "Change Item 998":
  [36m<article[39m
    [33maria-labelledby[39m=[32m"change-item-997-heading"[39m
    [33mclass[39m=[32m"MuiPaper-root MuiPaper-elevation MuiPaper-rounded MuiPaper-elevation1 css-fw7llw-MuiPaper-root"[39m
    [33mstyle[39m=[32m"--Paper-shadow: 0px 2px 1px -1px rgba(0,0,0,0.2),0px 1px 1px 0px rgba(0,0,0,0.14),0px 1px 3px 0px rgba(0,0,0,0.12);"[39m
  [36m/>[39m

  Name "Change Item 999":
  [36m<article[39m
    [33maria-labelledby[39m=[32m"change-item-998-heading"[39m
    [33mclass[39m=[32m"MuiPaper-root MuiPaper-elevation MuiPaper-rounded MuiPaper-elevation1 css-fw7llw-MuiPaper-root"[39m
    [33mstyle[39m=[32m"--Paper-shadow: 0px 2px 1px -1px rgba(0,0,0,0.2),0px 1px 1px 0px rgba(0,0,0,0.14),0px 1px 3px 0px rgba(0,0,0,0.12);"[39m
  [36m/>[39m

  --------------------------------------------------
  textbox:

  Name "Jira number for change item 1":
  [36m<input[39m
    [33maria-describedby[39m=[32m"change-item-0-jira-help"[39m
    [33maria-invalid[39m=[32m"false"[39m
    [33maria-label[39m=[32m"Jira number for change item 1"[39m
    [33mclass[39m=[32m"MuiInputBase-input MuiOutlinedInput-input css-16wblaj-MuiInputBase-input-MuiOutlinedInput-input"[39m
    [33mid[39m=[32m"_r_6c_"[39m
    [33mmaxlength[39m=[32m"50"[39m
    [33mrequired[39m=[32m""[39m
    [33mtype[39m=[32m"text"[39m
    [33mvalue[39m=[32m"JIRA-0001"[39m
  [36m/>[39m

  Name "Description for change item 1":
  [36m<textarea[39m
    [33maria-describedby[39m=[32m"change-item-0-desc-help"[39m
    [33maria-invalid[39m=[32m"false"[39m
    [33maria-label[39m=[32m"Description for change item 1"[39m
    [33mclass[39m=[32m"MuiInputBase-input MuiOutlinedInput-input css-w4nesw-MuiInputBase-input-MuiOutlinedInput-input"[39m
    [33mid[39m=[32m"_r_6d_"[39m
    [33mmaxlength[39m=[32m"500"[39m
    [33mrequired[39m=[32m""[39m
    [33mrows[39m=[32m"3"[39m
    [33mstyle[39m=[32m"height: 0px; overflow: hidden;"[39m
  [36m/>[39m

  Name "Jira number for change item 2":
  [36m<input[39m
    [33maria-describedby[39m=[32m"change-item-1-jira-help"[39m
    [33maria-invalid[39m=[32m"false"[39m
    [33maria-label[39m=[32m"Jira number for change item 2"[39m
    [33mclass[39m=[32m"MuiInputBase-input MuiOutlinedInput-input css-16wblaj-MuiInputBase-input-MuiOutlinedInput-input"[39m
    [33mid[39m=[32m"_r_6f_"[39m
    [33mmaxlength[39m=[32m"50"[39m
    [33mrequired[39m=[32m""[39m
    [33mtype[39m=[32m"text"[39m
    [33mvalue[39m=[32m"JIRA-0002"[39m
  [36m/>[39m

  Name "Description for change item 2":
  [36m<textarea[39m
    [33maria-describedby[39m=[32m"change-item-1-desc-help"[39m
    [33maria-invalid[39m=[32m"false"[39m
    [33maria-label[39m=[32m"Description for change item 2"[39m
    [33mclass[39m=[32m"MuiInputBase-input MuiOutlinedInput-input css-w4nesw-MuiInputBase-input-MuiOutlinedInput-input"[39m
    [33mid[39m=[32m"_r_6g_"[39m
    [33mmaxlength[39m=[32m"500"[39m
    [33mrequired[39m=[32m""[39m
    [33mrows[39m=[32m"3"[39m
    [33mstyle[39m=[32m"height: 0px; overflow: hidden;"[39m
  [36m/>[39m

  Name "Jira number for change item 3":
  [36m<input[39m
    [33maria-describedby[39m=[32m"change-item-2-jira-help"[39m
    [33maria-invalid[39m=[32m"false"[39m
    [33maria-label[39m=[32m"Jira number for change item 3"[39m
    [33mclass[39m=[32m"MuiInputBase-input MuiOutlinedInput-input css-16wblaj-MuiInputBase-input-MuiOutlinedInput-input"[39m
    [33mid[39m=[32m"_r_6i_"[39m
    [33mmaxlength[39m=[32m"50"[39m
    [33mrequired[39m=[32m""[39m
    [33mtype[39m=[32m"text"[39m
    [33mvalue[39m=[32m"JIRA-0003"[39m
  [36m/>[39m

  Name "Description for change item 3":
  [36m<textarea[39m
    [33maria-describedby[39m=[32m"change-item-2-desc-help"[39m
    [33maria-invalid[39m=[32m"false"[39m
    [33maria-label[39m=[32m"Description for change item 3"[39m
    [33mclass[39m=[32m"MuiInputBase-input MuiOutlinedInput-input css-w4nesw-MuiInputBase-input-MuiOutlinedInput-input"[39m
    [33mid[39m=[32m"_r_6j_"[39m
    [33mmaxlength[39m=[32m"500"[39m
    [33mrequired[39m=[32m""[39m
    [33mrows[39m=[32m"3"[39m
    [33mstyle[39m=[32m"height: 0px; overflow: hidden;"[39m
  [36m/>[39m

  Name "Jira number for change item 4":
  [36m<input[39m
    [33maria-describedby[39m=[32m"change-item-3-jira-help"[39m
    [33maria-invalid[39m=[32m"false"[39m
    [33maria-label[39m=[32m"Jira number for change item 4"[39m
    [33mclass[39m=[32m"MuiInputBase-input MuiOutlinedInput-input css-16wblaj-MuiInputBase-input-MuiOutlinedInput-input"[39m
    [33mid[39m=[32m"_r_6l_"[39m
    [33mmaxlength[39m=[32m"50"[39m
    [33mrequired[39m=[32m""[39m
    [33mtype[39m=[32m"text"[39m
    [33mvalue[39m=[32m"JIRA-0004"[39m
  [36m/>[39m

  Name "Description for change item 4":
  [36m<textarea[39m
    [33maria-describedby[39m=[32m"change-item-3-desc-help"[39m
    [33maria-invalid[39m=[32m"false"[39m
    [33maria-label[39m=[32m"Description for change item 4"[39m
    [33mclass[39m=[32m"MuiInputBase-input MuiOutlinedInput-input css-w4nesw-MuiInputBase-input-MuiOutlinedInput-input"[39m
    [33mid[39m=[32m"_r_6m_"[39m
    [33mmaxlength[39m=[32m"500"[39m
    [33mrequired[39m=[32m""[39m
    [33mrows[39m=[32m"3"[39m
    [33mstyle[39m=[32m"height: 0px; overflow: hidden;"[39m
  [36m/>[39m

  Name "Jira number for change item 5":
  [36m<input[39m
    [33maria-describedby[39m=[32m"change-item-4-jira-help"[39m
    [33maria-invalid[39m=[32m"false"[39m
    [33maria-label[39m=[32m"Jira number for change item 5"[39m
    [33mclass[39m=[32m"MuiInputBase-input MuiOutlinedInput-input css-16wblaj-MuiInputBase-input-MuiOutlinedInput-input"[39m
    [33mid[39m=[32m"_r_6o_"[39m
    [33mmaxlength[39m=[32m"50"[39m
    [33mrequired[39m=[32m""[39m
    [33mtype[39m=[32m"text"[39m
    [33mvalue[39m=[32m"JIRA-0005"[39m
  [36m/>[39m

  Name "Description for change item 5":
  [36m<textarea[39m
    [33maria-describedby[39m=[32m"change-item-4-desc-help"[39m
    [33maria-invalid[39m=[32m"false"[39m
    [33maria-label[39m=[32m"Description for change item 5"[39m
    [33mclass[39m=[32m"MuiInputBase-input MuiOutlinedInput-input css-w4nesw-MuiInputBase-input-MuiOutlinedInput-input"[39m
    [33mid[39m=[32m"_r_6p_"[39m
    [33mmaxlength[39m=[32m"500"[39m
    [33mrequired[39m=[32m""[39m
    [33mrows[39m=[32m"3"[39m
    [33mstyle[39m=[32m"height: 0px; overflow: hidden;"[39m
  [36m/>[39m

  Name "Jira number for change item 6":
  [36m<input[39m
    [33maria-describedby[39m=[32m"change-item-5-jira-help"[39m
    [33maria-invalid[39m=[32m"false"[39m
    [33maria-label[39m=[32m"Jira number for change item 6"[39m
    [33mclass[39m=[32m"MuiInputBase-input MuiOutlinedInput-input css-16wblaj-MuiInputBase-input-MuiOutlinedInput-input"[39m
    [33mid[39m=[32m"_r_6r_"[39m
    [33mmaxlength[39m=[32m"50"[39m
    [33mrequired[39m=[32m""[39m
    [33mtype[39m=[32m"text"[39m
    [33mvalue[39m=[32m"JIRA-0006"[39m
  [36m/>[39m

  Name "Description for change item 6":
  [36m<textarea[39m
    [33maria-describedby[39m=[32m"change-item-5-desc-help"[39m
    [33maria-invalid[39m=[32m"false"[39m
    [33maria-label[39m=[32m"Description for change item 6"[39m
    [33mclass[39m=[32m"MuiInputBase-input MuiOutlinedInput-input css-w4nesw-MuiInputBase-input-MuiOutlinedInput-input"[39m
    [33mid[39m=[32m"_r_6s_"[39m
    [33mmaxlength[39m=[32m"500"[39m
    [33mrequired[39m=[32m""[39m
    [33mrows[39m=[32m"3"[39m
    [33mstyle[39m=[32m"height: 0px; overflow: hidden;"[39m
  [36m/>[39m

  Name "Jira number for change item 7":
  [36m<input[39m
    [33maria-describedby[39m=[32m"change-item-6-jira-help"[39m
    [33maria-invalid[39m=[32m"false"[39m
    [33maria-label[39m=[32m"Jira number for change item 7"[39m
    [33mclass[39m=[32m"MuiInputBase-input MuiOutlinedInput-input css-16wblaj-MuiInputBase-input-MuiOutlinedInput-input"[39m
    [33mid[39m=[32m"_r_6u_"[39m
    [33mmaxlength[39m=[32m"50"[39m
    [33mrequired[39m=[32m""[39m
    [33mtype[39m=[32m"text"[39m
    [33mvalue[39m=[32m"JIRA-0007"[39m
  [36m/>[39m

  Name "Description for change item 7":
  [36m<textarea[39m
    [33maria-describedby[39m=[32m"change-item-6-desc-help"[39m
    [33maria-invalid[39m=[32m"false"[39m
    [33maria-label[39m=[32m"Description for change item 7"[39m
    [33mclass[39m=[32m"MuiInputBase-input MuiOutlinedInput-input css-w4nesw-MuiInputBase-input-MuiOutlinedInput-input"[39m
    [33mid[39m=[32m"_r_6v_"[39m
    [33mmaxlength[39m=[32m"500"[39m
    [33mrequired[39m=[32m""[39m
    [33mrows[39m=[32m"3"[39m
    [33mstyle[39m=[32m"height: 0px; overflow: hidden;"[39m
  [36m/>[39m

  Name "Jira number for change item 8":
  [36m<input[39m
    [33maria-describedby[39m=[32m"change-item-7-jira-help"[39m
    [33maria-invalid[39m=[32m"false"[39m
    [33maria-label[39m=[32m"Jira number for change item 8"[39m
    [33mclass[39m=[32m"MuiInputBase-input MuiOutlinedInput-input css-16wblaj-MuiInputBase-input-MuiOutlinedInput-input"[39m
    [33mid[39m=[32m"_r_71_"[39m
    [33mmaxlength[39m=[32m"50"[39m
    [33mrequired[39m=[32m""[39m
    [33mtype[39m=[32m"text"[39m
    [33mvalue[39m=[32m"JIRA-0008"[39m
  [36m/>[39m

  Name "Description for change item 8":
  [36m<textarea[39m
    [33maria-describedby[39m=[32m"change-item-7-desc-help"[39m
    [33maria-invalid[39m=[32m"false"[39m
    [33maria-label[39m=[32m"Description for change item 8"[39m
    [33mclass[39m=[32m"MuiInputBase-input MuiOutlinedInput-input css-w4nesw-MuiInputBase-input-MuiOutlinedInput-input"[39m
    [33mid[39m=[32m"_r_72_"[39m
    [33mmaxlength[39m=[32m"500"[39m
    [33mrequired[39m=[32m""[39m
    [33mrows[39m=[32m"3"[39m
    [33mstyle[39m=[32m"height: 0px; overflow: hidden;"[39m
  [36m/>[39m

  Name "Jira number for change item 9":
  [36m<input[39m
    [33maria-describedby[39m=[32m"change-item-8-jira-help"[39m
    [33maria-invalid[39m=[32m"false"[39m
    [33maria-label[39m=[32m"Jira number for change item 9"[39m
    [33mclass[39m=[32m"MuiInputBase-input MuiOutlinedInput-input css-16wblaj-MuiInputBase-input-MuiOutlinedInput-input"[39m
    [33mid[39m=[32m"_r_74_"[39m
    [33mmaxlength[39m=[32m"50"[39m
    [33mrequired[39m=[32m""[39m
    [33mtype[39m=[32m"text"[39m
    [33mvalue[39m=[32m"JIRA-0009"[39m
  [36m/>[39m

  Name "Description for change item 9":
  [36m<textarea[39m
    [33maria-describedby[39m=[32m"change-item-8-desc-help"[39m
    [33maria-invalid[39m=[32m"false"[39m
    [33maria-label[39m=[32m"Description for change item 9"[39m
    [33mclass[39m=[32m"MuiInputBase-input MuiOutlinedInput-input css-w4nesw-MuiInputBase-input-MuiOutlinedInput-input"[39m
    [33mid[39m=[32m"_r_75_"[39m
    [33mmaxlength[39m=[32m"500"[39m
    [33mrequired[39m=[32m""[39m
    [33mrows[39m=[32m"3"[39m
    [33mstyle[39m=[32m"height: 0px; overflow: hidden;"[39m
  [36m/>[39m

  Name "Jira number for change item 10":
  [36m<input[39m
    [33maria-describedby[39m=[32m"change-item-9-jira-help"[39m
    [33maria-invalid[39m=[32m"false"[39m
    [33maria-label[39m=[32m"Jira number for change item 10"[39m
    [33mclass[39m=[32m"MuiInputBase-input MuiOutlinedInput-input css-16wblaj-MuiInputBase-input-MuiOutlinedInput-input"[39m
    [33mid[39m=[32m"_r_77_"[39m
    [33mmaxlength[39m=[32m"50"[39m
    [33mrequired[39m=[32m""[39m
    [33mtype[39m=[32m"text"[39m
    [33mvalue[39m=[32m"JIRA-0010"[39m
  [36m/>[39m

  Name "Description for change item 10":
  [36m<textarea[39m
    [33maria-describedby[39m=[32m"change-item-9-desc-help"[39m
    [33maria-invalid[39m=[32m"false"[39m
    [33maria-label[39m=[32m"Description for change item 10"[39m
    [33mclass[39m=[32m"MuiInputBase-input MuiOutlinedInput-input css-w4nesw-MuiInputBase-input-MuiOutlinedInput-input"[39m
    [33mid[39m=[32m"_r_78_"[39m
    [33mmaxlength[39m=[32m"500"[39m
    [33mrequired[39m=[32m""[39m
    [33mrows[39m=[32m"3"[39m
    [33mstyle[39m=[32m"height: 0px; overflow: hidden;"[39m
  [36m/>[39m

  Name "Jira number for change item 11":
  [36m<input[39m
    [33maria-describedby[39m=[32m"change-item-10-jira-help"[39m
    [33maria-invalid[39m=[32m"false"[39m
    [33maria-label[39m=[32m"Jira number for change item 11"[39m
    [33mclass[39m=[32m"MuiInputBase-input MuiOutlinedInput-input css-16wblaj-MuiInputBase-input-MuiOutlinedInput-input"[39m
    [33mid[39m=[32m"_r_7a_"[39m
    [33mmaxlength[39m=[32m"50"[39m
    [33mrequired[39m=[32m""[39m
    [33mtype[39m=[32m"text"[39m
    [33mvalue[39m=[32m"JIRA-0011"[39m
  [36m/>[39m

  Name "Description for change item 11":
  [36m<textarea[39m
    [33maria-describedby[39m=[32m"change-item-10-desc-help"[39m
    [33maria-invalid[39m=[32m"false"[39m
    [33maria-label[39m=[32m"Description for change item 11"[39m
    [33mclass[39m=[32m"MuiInputBase-input MuiOutlinedInput-input css-w4nesw-MuiInputBase-input-MuiOutlinedInput-input"[39m
    [33mid[39m=[32m"_r_7b_"[39m
    [33mmaxlength[39m=[32m"500"[39m
    [33mrequired[39m=[32m""[39m
    [33mrows[39m=[32m"3"[39m
    [33mstyle[39m=[32m"height: 0px; overflow: hidden;"[39m
  [36m/>[39m

  Name "Jira number for change item 12":
  [36m<input[39m
    [33maria-describedby[39m=[32m"change-item-11-jira-help"[39m
    [33maria-invalid[39m=[32m"false"[39m
    [33maria-label[39m=[32m"Jira number for change item 12"[39m
    [33mclass[39m=[32m"MuiInputBase-input MuiOutlinedInput-input css-16wblaj-MuiInputBase-input-MuiOutlinedInput-input"[39m
    [33mid[39m=[32m"_r_7d_"[39m
    [33mmaxlength[39m=[32m"50"[39m
    [33mrequired[39m=[32m""[39m
    [33mtype[39m=[32m"text"[39m
    [33mvalue[39m=[32m"JIRA-0012"[39m
  [36m/>[39m

  Name "Description for change item 12":
  [36m<textarea[39m
    [33maria-describedby[39m=[32m"change-item-11-desc-help"[39m
    [33maria-invalid[39m=[32m"false"[39m
    [33maria-label[39m=[32m"Description for change item 12"[39m
    [33mclass[39m=[32m"MuiInputBase-input MuiOutlinedInput-input css-w4nesw-MuiInputBase-input-MuiOutlinedInput-input"[39m
    [33mid[39m=[32m"_r_7e_"[39m
    [33mmaxlength[39m=[32m"500"[39m
    [33mrequired[39m=[32m""[39m
    [33mrows[39m=[32m"3"[39m
    [33mstyle[39m=[32m"height: 0px; overflow: hidden;"[39m
  [36m/>[39m

  Name "Jira number for change item 13":
  [36m<input[39m
    [33maria-describedby[39m=[32m"change-item-12-jira-help"[39m
    [33maria-invalid[39m=[32m"false"[39m
    [33maria-label[39m=[32m"Jira number for change item 13"[39m
    [33mclass[39m=[32m"MuiInputBase-input MuiOutlinedInput-input css-16wblaj-MuiInputBase-input-MuiOutlinedInput-input"[39m
    [33mid[39m=[32m"_r_7g_"[39m
    [33mmaxlength[39m=[32m"50"[39m
    [33mrequired[39m=[32m""[39m
    [33mtype[39m=[32m"text"[39m
    [33mvalue[39m=[32m"JIRA-0013"[39m
  [36m/>[39m

  Name "Description for change item 13":
  [36m<textarea[39m
    [33maria-describedby[39m=[32m"change-item-12-desc-help"[39m
    [33maria-invalid[39m=[32m"false"[39m
    [33maria-label[39m=[32m"Description for change item 13"[39m
    [33mclass[39m=[32m"MuiInputBase-input MuiOutlinedInput-input css-w4nesw-MuiInputBase-input-MuiOutlinedInput-input"[39m
    [33mid[39m=[32m"_r_7h_"[39m
    [33mmaxlength[39m=[32m"500"[39m
    [33mrequired[39m=[32m""[39m
    [33mrows[39m=[32m"3"[39m
    [33mstyle[39m=[32m"height: 0px; overflow: hidden;"[39m
  [36m/>[39m

  Name "Jira number for change item 14":
  [36m<input[39m
    [33maria-describedby[39m=[32m"change-item-13-jira-help"[39m
    [33maria-invalid[39m=[32m"false"[39m
    [33maria-label[39m=[32m"Jira number for change item 14"[39m
    [33mclass[39m=[32m"MuiInputBase-input MuiOutlinedInput-input css-16wblaj-MuiInputBase-input-MuiOutlinedInput-input"[39m
    [33mid[39m=[32m"_r_7j_"[39m
    [33mmaxlength[39m=[32m"50"[39m
    [33mrequired[39m=[32m""[39m
    [33mtype[39m=[32m"text"[39m
    [33mvalue[39m=[32m"JIRA-0014"[39m
  [36m/>[39m

  Name "Description for change item 14":
  [36m<textarea[39m
    [33maria-describedby[39m=[32m"change-item-13-desc-help"[39m
    [33maria-invalid[39m=[32m"false"[39m
    [33maria-label[39m=[32m"Description for change item 14"[39m
    [33mclass[39m=[32m"MuiInputBase-input MuiOutlinedInput-input css-w4nesw-MuiInputBase-input-MuiOutlinedInput-input"[39m
    [33mid[39m=[32m"_r_7k_"[39m
    [33mmaxlength[39m=[32m"500"[39m
    [33mrequired[39m=[32m""[39m
    [33mrows[39m=[32m"3"[39m
    [33mstyle[39m=[32m"height: 0px; overflow: hidden;"[39m
  [36m/>[39m

  Name "Jira number for change item 15":
  [36m<input[39m
    [33maria-describedby[39m=[32m"change-item-14-jira-help"[39m
    [33maria-invalid[39m=[32m"false"[39m
    [33maria-label[39m=[32m"Jira number for change item 15"[39m
    [33mclass[39m=[32m"MuiInputBase-input MuiOutlinedInput-input css-16wblaj-MuiInputBase-input-MuiOutlinedInput-input"[39m
    [33mid[39m=[32m"_r_7m_"[39m
    [33mmaxlength[39m=[32m"50"[39m
    [33mrequired[39m=[32m""[39m
    [33mtype[39m=[32m"text"[39m
    [33mvalue[39m=[32m"JIRA-0015"[39m
  [36m/>[39m

  Name "Description for change item 15":
  [36m<textarea[39m
    [33maria-describedby[39m=[32m"change-item-14-desc-help"[39m
    [33maria-invalid[39m=[32m"false"[39m
    [33maria-label[39m=[32m"Description for change item 15"[39m
    [33mclass[39m=[32m"MuiInputBase-input MuiOutlinedInput-input css-w4nesw-MuiInputBase-input-MuiOutlinedInput-input"[39m
    [33mid[39m=[32m"_r_7n_"[39m
    [33mmaxlength[39m=[32m"500"[39m
    [33mrequired[39m=[32m""[39m
    [33mrows[39m=[32m"3"[39m
    [33mstyle[39m=[32m"height: 0px; overflow: hidden;"[39m
  [36m/>[39m

  Name "Jira number for change item 16":
  [36m<input[39m
    [33maria-describedby[39m=[32m"change-item-15-jira-help"[39m
    [33maria-invalid[39m=[32m"false"[39m
    [33maria-label[39m=[32m"Jira number for change item 16"[39m
    [33mclass[39m=[32m"MuiInputBase-input MuiOutlinedInput-input css-16wblaj-MuiInputBase-input-MuiOutlinedInput-input"[39m
    [33mid[39m=[32m"_r_7p_"[39m
    [33mmaxlength[39m=[32m"50"[39m
    [33mrequired[39m=[32m""[39m
    [33mtype[39m=[32m"text"[39m
    [33mvalue[39m=[32m"JIRA-0016"[39m
  [36m/>[39m

  Name "Description for change item 16":
  [36m<textarea[39m
    [33maria-describedby[39m=[32m"change-item-15-desc-help"[39m
    [33maria-invalid[39m=[32m"false"[39m
    [33maria-label[39m=[32m"Description for change item 16"[39m
    [33mclass[39m=[32m"MuiInputBase-input MuiOutlinedInput-input css-w4nesw-MuiInputBase-input-MuiOutlinedInput-input"[39m
    [33mid[39m=[32m"_r_7q_"[39m
    [33mmaxlength[39m=[32m"500"[39m
    [33mrequired[39m=[32m""[39m
    [33mrows[39m=[32m"3"[39m
    [33mstyle[39m=[32m"height: 0px; overflow: hidden;"[39m
  [36m/>[39m

  Name "Jira number for change item 17":
  [36m<input[39m
    [33maria-describedby[39m=[32m"change-item-16-jira-help"[39m
    [33maria-invalid[39m=[32m"false"[39m
    [33maria-label[39m=[32m"Jira number for change item 17"[39m
    [33mclass[39m=[32m"MuiInputBase-input MuiOutlinedInput-input css-16wblaj-MuiInputBase-input-MuiOutlinedInput-input"[39m
    [33mid[39m=[32m"_r_7s_"[39m
    [33mmaxlength[39m=[32m"50"[39m
    [33mrequired[39m=[32m""[39m
    [33mtype[39m=[32m"text"[39m
    [33mvalue[39m=[32m"JIRA-0017"[39m
  [36m/>[39m

  Name "Description for change item 17":
  [36m<textarea[39m
    [33maria-describedby[39m=[32m"change-item-16-desc-help"[39m
    [33maria-invalid[39m=[32m"false"[39m
    [33maria-label[39m=[32m"Description for change item 17"[39m
    [33mclass[39m=[32m"MuiInputBase-input MuiOutlinedInput-input css-w4nesw-MuiInputBase-input-MuiOutlinedInput-input"[39m
    [33mid[39m=[32m"_r_7t_"[39m
    [33mmaxlength[39m=[32m"500"[39m
    [33mrequired[39m=[32m""[39m
    [33mrows[39m=[32m"3"[39m
    [33mstyle[39m=[32m"height: 0px; overflow: hidden;"[39m
  [36m/>[39m

  Name "Jira number for change item 18":
  [36m<input[39m
    [33maria-describedby[39m=[32m"change-item-17-jira-help"[39m
    [33maria-invalid[39m=[32m"false"[39m
    [33maria-label[39m=[32m"Jira number for change item 18"[39m
    [33mclass[39m=[32m"MuiInputBase-input MuiOutlinedInput-input css-16wblaj-MuiInputBase-input-MuiOutlinedInput-input"[39m
    [33mid[39m=[32m"_r_7v_"[39m
    [33mmaxlength[39m=[32m"50"[39m
    [33mrequired[39m=[32m""[39m
    [33mtype[39m=[32m"text"[39m
    [33mvalue[39m=[32m"JIRA-0018"[39m
  [36m/>[39m

  Name "Description for change item 18":
  [36m<textarea[39m
    [33maria-describedby[39m=[32m"change-item-17-desc-help"[39m
    [33maria-invalid[39m=[32m"false"[39m
    [33maria-label[39m=[32m"Description for change item 18"[39m
    [33mclass[39m=[32m"MuiInputBase-input MuiOutlinedInput-input css-w4nesw-MuiInputBase-input-MuiOutlinedInput-input"[39m
    [33mid[39m=[32m"_r_80_"[39m
    [33mmaxlength[39m=[32m"500"[39m
    [33mrequired[39m=[32m""[39m
    [33mrows[39m=[32m"3"[39m
    [33mstyle[39m=[32m"height: 0px; overflow: hidden;"[39m
  [36m/>[39m

  Name "Jira number for change item 19":
  [36m<input[39m
    [33maria-describedby[39m=[32m"change-item-18-jira-help"[39m
    [33maria-invalid[39m=[32m"false"[39m
    [33maria-label[39m=[32m"Jira number for change item 19"[39m
    [33mclass[39m=[32m"MuiInputBase-input MuiOutlinedInput-input css-16wblaj-MuiInputBase-input-MuiOutlinedInput-input"[39m
    [33mid[39m=[32m"_r_82_"[39m
    [33mmaxlength[39m=[32m"50"[39m
    [33mrequired[39m=[32m""[39m
    [33mtype[39m=[32m"text"[39m
    [33mvalue[39m=[32m"JIRA-0019"[39m
  [36m/>[39m

  Name "Description for change item 19":
  [36m<textarea[39m
    [33maria-describedby[39m=[32m"change-item-18-desc-help"[39m
    [33maria-invalid[39m=[32m"false"[39m
    [33maria-label[39m=[32m"Description for change item 19"[39m
    [33mclass[39m=[32m"MuiInputBase-input MuiOutlinedInput-input css-w4nesw-MuiInputBase-input-MuiOutlinedInput-input"[39m
    [33mid[39m=[32m"_r_83_"[39m
    [33mmaxlength[39m=[32m"500"[39m
    [33mrequired[39m=[32m""[39m
    [33mrows[39m=[32m"3"[39m
    [33mstyle[39m=[32m"height: 0px; overflow: hidden;"[39m
  [36m/>[39m

  Name "Jira number for change item 20":
  [36m<input[39m
    [33maria-describedby[39m=[32m"change-item-19-jira-help"[39m
    [33maria-invalid[39m=[32m"false"[39m
    [33maria-label[39m=[32m"Jira number for change item 20"[39m
    [33mclass[39m=[32m"MuiInputBase-input MuiOutlinedInput-input css-16wblaj-MuiInputBase-input-MuiOutlinedInput-input"[39m
    [33mid[39m=[32m"_r_85_"[39m
    [33mmaxlength[39m=[32m"50"[39m
    [33mrequired[39m=[32m""[39m
    [33mtype[39m=[32m"text"[39m
    [33mvalue[39m=[32m"JIRA-0020"[39m
  [36m/>[39m

  Name "Description for change item 20":
  [36m<textarea[39m
    [33maria-describedby[39m=[32m"change-item-19-desc-help"[39m
    [33maria-invalid[39m=[32m"false"[39m
    [33maria-label[39m=[32m"Description for change item 20"[39m
    [33mclass[39m=[32m"MuiInputBase-input MuiOutlinedInput-input css-w4nesw-MuiInputBase-input-MuiOutlinedInput-input"[39m
    [33mid[39m=[32m"_r_86_"[39m
    [33mmaxlength[39m=[32m"500"[39m
    [33mrequired[39m=[32m""[39m
    [33mrows[39m=[32m"3"[39m
    [33mstyle[39m=[32m"height: 0px; overflow: hidden;"[39m
  [36m/>[39m

  Name "Jira number for change item 21":
  [36m<input[39m
    [33maria-describedby[39m=[32m"change-item-20-jira-help"[39m
    [33maria-invalid[39m=[32m"false"[39m
    [33maria-label[39m=[32m"Jira number for change item 21"[39m
    [33mclass[39m=[32m"MuiInputBase-input MuiOutlinedInput-input css-16wblaj-MuiInputBase-input-MuiOutlinedInput-input"[39m
    [33mid[39m=[32m"_r_88_"[39m
    [33mmaxlength[39m=[32m"50"[39m
    [33mrequired[39m=[32m""[39m
    [33mtype[39m=[32m"text"[39m
    [33mvalue[39m=[32m"JIRA-0021"[39m
  [36m/>[39m

  Name "Description for change item 21":
  [36m<textarea[39m
    [33maria-describedby[39m=[32m"change-item-20-desc-help"[39m
    [33maria-invalid[39m=[32m"false"[39m
    [33maria-label[39m=[32m"Description for change item 21"[39m
    [33mclass[39m=[32m"MuiInputBase-input MuiOutlinedInput-input css-w4nesw-MuiInputBase-input-MuiOutlinedInput-input"[39m
    [33mid[39m=[32m"_r_89_"[39m
    [33mmaxlength[39m=[32m"500"[39m
    [33mrequired[39m=[32m""[39m
    [33mrows[39m=[32m"3"[39m
    [33mstyle[39m=[32m"height: 0px; overflow: hidden;"[39m
  [36m/>[39m

  Name "Jira number for change item 22":
  [36m<input[39m
    [33maria-describedby[39m=[32m"change-item-21-jira-help"[39m
    [33maria-invalid[39m=[32m"false"[39m
    [33maria-label[39m=[32m"Jira number for change item 22"[39m
    [33mclass[39m=[32m"MuiInputBase-input MuiOutlinedInput-input css-16wblaj-MuiInputBase-input-MuiOutlinedInput-input"[39m
    [33mid[39m=[32m"_r_8b_"[39m
    [33mmaxlength[39m=[32m"50"[39m
    [33mrequired[39m=[32m""[39m
    [33mtype[39m=[32m"text"[39m
    [33mvalue[39m=[32m"JIRA-0022"[39m
  [36m/>[39m

  Name "Description for change item 22":
  [36m<textarea[39m
    [33maria-describedby[39m=[32m"change-item-21-desc-help"[39m
    [33maria-invalid[39m=[32m"false"[39m
    [33maria-label[39m=[32m"Description for change item 22"[39m
    [33mclass[39m=[32m"MuiInputBase-input MuiOutlinedInput-input css-w4nesw-MuiInputBase-input-MuiOutlinedInput-input"[39m
    [33mid[39m=[32m"_r_8c_"[39m
    [33mmaxlength[39m=[32m"500"[39m
    [33mrequired[39m=[32m""[39m
    [33mrows[39m=[32m"3"[39m
    [33mstyle[39m=[32m"height: 0px; overflow: hidden;"[39m
  [36m/>[39m

  Name "Jira number for change item 23":
  [36m<input[39m
    [33maria-describedby[39m=[32m"change-item-22-jira-help"[39m
    [33maria-invalid[39m=[32m"false"[39m
    [33maria-label[39m=[32m"Jira number for change item 23"[39m
    [33mclass[39m=[32m"MuiInputBase-input MuiOutlinedInput-input css-16wblaj-MuiInputBase-input-MuiOutlinedInput-input"[39m
    [33mid[39m=[32m"_r_8e_"[39m
    [33mmaxlength[39m=[32m"50"[39m
    [33mrequired[39m=[32m""[39m
    [33mtype[39m=[32m"text"[39m
    [33mvalue[39m=[32m"JIRA-0023"[39m
  [36m/>[39m

  Name "Description for change item 23":
  [36m<textarea[39m
    [33maria-describedby[39m=[32m"change-item-22-desc-help"[39m
    [33maria-invalid[39m=[32m"false"[39m
    [33maria-label[39m=[32m"Description for change item 23"[39m
    [33mclass[39m=[32m"MuiInputBase-input MuiOutlinedInput-input css-w4nesw-MuiInputBase-input-MuiOutlinedInput-input"[39m
    [33mid[39m=[32m"_r_8f_"[39m
    [33mmaxlength[39m=[32m"500"[39m
    [33mrequired[39m=[32m""[39m
    [33mrows[39m=[32m"3"[39m
    [33mstyle[39m=[32m"height: 0px; overflow: hidden;"[39m
  [36m/>[39m

  Name "Jira number for change item 24":
  [36m<input[39m
    [33maria-describedby[39m=[32m"change-item-23-jira-help"[39m
    [33maria-invalid[39m=[32m"false"[39m
    [33maria-label[39m=[32m"Jira number for change item 24"[39m
    [33mclass[39m=[32m"MuiInputBase-input MuiOutlinedInput-input css-16wblaj-MuiInputBase-input-MuiOutlinedInput-input"[39m
    [33mid[39m=[32m"_r_8h_"[39m
    [33mmaxlength[39m=[32m"50"[39m
    [33mrequired[39m=[32m""[39m
    [33mtype[39m=[32m"text"[39m
    [33mvalue[39m=[32m"JIRA-0024"[39m
  [36m/>[39m

  Name "Description for change item 24":
  [36m<textarea[39m
    [33maria-describedby[39m=[32m"change-item-23-desc-help"[39m
    [33maria-invalid[39m=[32m"false"[39m
    [33maria-label[39m=[32m"Description for change item 24"[39m
    [33mclass[39m=[32m"MuiInputBase-input MuiOutlinedInput-input css-w4nesw-MuiInputBase-input-MuiOutlinedInput-input"[39m
    [33mid[39m=[32m"_r_8i_"[39m
    [33mmaxlength[39m=[32m"500"[39m
    [33mrequired[39m=[32m""[39m
    [33mrows[39m=[32m"3"[39m
    [33mstyle[39m=[32m"height: 0px; overflow: hidden;"[39m
  [36m/>[39m

  Name "Jira number for change item 25":
  [36m<input[39m
    [33maria-describedby[39m=[32m"change-item-24-jira-help"[39m
    [33maria-invalid[39m=[32m"false"[39m
    [33maria-label[39m=[32m"Jira number for change item 25"[39m
    [33mclass[39m=[32m"MuiInputBase-input MuiOutlinedInput-input css-16wblaj-MuiInputBase-input-MuiOutlinedInput-input"[39m
    [33mid[39m=[32m"_r_8k_"[39m
    [33mmaxlength[39m=[32m"50"[39m
    [33mrequired[39m=[32m""[39m
    [33mtype[39m=[32m"text"[39m
    [33mvalue[39m=[32m"JIRA-0025"[39m
  [36m/>[39m

  Name "Description for change item 25":
  [36m<textarea[39m
    [33maria-describedby[39m=[32m"change-item-24-desc-help"[39m
    [33maria-invalid[39m=[32m"false"[39m
    [33maria-label[39m=[32m"Description for change item 25"[39m
    [33mclass[39m=[32m"MuiInputBase-input MuiOutlinedInput-input css-w4nesw-MuiInputBase-input-MuiOutlinedInput-input"[39m
    [33mid[39m=[32m"_r_8l_"[39m
    [33mmaxlength[39m=[32m"500"[39m
    [33mrequired[39m=[32m""[39m
    [33mrows[39m=[32m"3"[39m
    [33mstyle[39m=[32m"height: 0px; overflow: hidden;"[39m
  [36m/>[39m

  Name "Jira number for change item 26":
  [36m<input[39m
    [33maria-describedby[39m=[32m"change-item-25-jira-help"[39m
    [33maria-invalid[39m=[32m"false"[39m
    [33maria-label[39m=[32m"Jira number for change item 26"[39m
    [33mclass[39m=[32m"MuiInputBase-input MuiOutlinedInput-input css-16wblaj-MuiInputBase-input-MuiOutlinedInput-input"[39m
    [33mid[39m=[32m"_r_8n_"[39m
    [33mmaxlength[39m=[32m"50"[39m
    [33mrequired[39m=[32m""[39m
    [33mtype[39m=[32m"text"[39m
    [33mvalue[39m=[32m"JIRA-0026"[39m
  [36m/>[39m

  Name "Description for change item 26":
  [36m<textarea[39m
    [33maria-describedby[39m=[32m"change-item-25-desc-help"[39m
    [33maria-invalid[39m=[32m"false"[39m
    [33maria-label[39m=[32m"Description for change item 26"[39m
    [33mclass[39m=[32m"MuiInputBase-input MuiOutlinedInput-input css-w4nesw-MuiInputBase-input-MuiOutlinedInput-input"[39m
    [33mid[39m=[32m"_r_8o_"[39m
    [33mmaxlength[39m=[32m"500"[39m
    [33mrequired[39m=[32m""[39m
    [33mrows[39m=[32m"3"[39m
    [33mstyle[39m=[32m"height: 0px; overflow: hidden;"[39m
  [36m/>[39m

  Name "Jira number for change item 27":
  [36m<input[39m
    [33maria-describedby[39m=[32m"change-item-26-jira-help"[39m
    [33maria-invalid[39m=[32m"false"[39m
    [33maria-label[39m=[32m"Jira number for change item 27"[39m
    [33mclass[39m=[32m"MuiInputBase-input MuiOutlinedInput-input css-16wblaj-MuiInputBase-input-MuiOutlinedInput-input"[39m
    [33mid[39m=[32m"_r_8q_"[39m
    [33mmaxlength[39m=[32m"50"[39m
    [33mrequired[39m=[32m""[39m
    [33mtype[39m=[32m"text"[39m
    [33mvalue[39m=[32m"JIRA-0027"[39m
  [36m/>[39m

  Name "Description for change item 27":
  [36m<textarea[39m
    [33maria-describedby[39m=[32m"change-item-26-desc-help"[39m
    [33maria-invalid[39m=[32m"false"[39m
    [33maria-label[39m=[32m"Description for change item 27"[39m
    [33mclass[39m=[32m"MuiInputBase-input MuiOutlinedInput-input css-w4nesw-MuiInputBase-input-MuiOutlinedInput-input"[39m
    [33mid[39m=[32m"_r_8r_"[39m
    [33mmaxlength[39m=[32m"500"[39m
    [33mrequired[39m=[32m""[39m
    [33mrows[39m=[32m"3"[39m
    [33mstyle[39m=[32m"height: 0px; overflow: hidden;"[39m
  [36m/>[39m

  Name "Jira number for change item 28":
  [36m<input[39m
    [33maria-describedby[39m=[32m"change-item-27-jira-help"[39m
    [33maria-invalid[39m=[32m"false"[39m
    [33maria-label[39m=[32m"Jira number for change item 28"[39m
    [33mclass[39m=[32m"MuiInputBase-input MuiOutlinedInput-input css-16wblaj-MuiInputBase-input-MuiOutlinedInput-input"[39m
    [33mid[39m=[32m"_r_8t_"[39m
    [33mmaxlength[39m=[32m"50"[39m
    [33mrequired[39m=[32m""[39m
    [33mtype[39m=[32m"text"[39m
    [33mvalue[39m=[32m"JIRA-0028"[39m
  [36m/>[39m

  Name "Description for change item 28":
  [36m<textarea[39m
    [33maria-describedby[39m=[32m"change-item-27-desc-help"[39m
    [33maria-invalid[39m=[32m"false"[39m
    [33maria-label[39m=[32m"Description for change item 28"[39m
    [33mclass[39m=[32m"MuiInputBase-input MuiOutlinedInput-input css-w4nesw-MuiInputBase-input-MuiOutlinedInput-input"[39m
    [33mid[39m=[32m"_r_8u_"[39m
    [33mmaxlength[39m=[32m"500"[39m
    [33mrequired[39m=[32m""[39m
    [33mrows[39m=[32m"3"[39m
    [33mstyle[39m=[32m"height: 0px; overflow: hidden;"[39m
  [36m/>[39m

  Name "Jira number for change item 29":
  [36m<input[39m
    [33maria-describedby[39m=[32m"change-item-28-jira-help"[39m
    [33maria-invalid[39m=[32m"false"[39m
    [33maria-label[39m=[32m"Jira number for change item 29"[39m
    [33mclass[39m=[32m"MuiInputBase-input MuiOutlinedInput-input css-16wblaj-MuiInputBase-input-MuiOutlinedInput-input"[39m
    [33mid[39m=[32m"_r_90_"[39m
    [33mmaxlength[39m=[32m"50"[39m
    [33mrequired[39m=[32m""[39m
    [33mtype[39m=[32m"text"[39m
    [33mvalue[39m=[32m"JIRA-0029"[39m
  [36m/>[39m

  Name "Description for change item 29":
  [36m<textarea[39m
    [33maria-describedby[39m=[32m"change-item-28-desc-help"[39m
    [33maria-invalid[39m=[32m"false"[39m
    [33maria-label[39m=[32m"Description for change item 29"[39m
    [33mclass[39m=[32m"MuiInputBase-input MuiOutlinedInput-input css-w4nesw-MuiInputBase-input-MuiOutlinedInput-input"[39m
    [33mid[39m=[32m"_r_91_"[39m
    [33mmaxlength[39m=[32m"500"[39m
    [33mrequired[39m=[32m""[39m
    [33mrows[39m=[32m"3"[39m
    [33mstyle[39m=[32m"height: 0px; overflow: hidden;"[39m
  [36m/>[39m

  Name "Jira number for change item 30":
  [36m<input[39m
    [33maria-describedby[39m=[32m"change-item-29-jira-help"[39m
    [33maria-invalid[39m=[32m"false"[39m
    [33maria-label[39m=[32m"Jira number for change item 30"[39m
    [33mclass[39m=[32m"MuiInputBase-input MuiOutlinedInput-input css-16wblaj-MuiInputBase-input-MuiOutlinedInput-input"[39m
    [33mid[39m=[32m"_r_93_"[39m
    [33mmaxlength[39m=[32m"50"[39m
    [33mrequired[39m=[32m""[39m
    [33mtype[39m=[32m"text"[39m
    [33mvalue[39m=[32m"JIRA-0030"[39m
  [36m/>[39m

  Name "Description for change item 30":
  [36m<textarea[39m
    [33maria-describedby[39m=[32m"change-item-29-desc-help"[39m
    [33maria-invalid[39m=[32m"false"[39m
    [33maria-label[39m=[32m"Description for change item 30"[39m
    [33mclass[39m=[32m"MuiInputBase-input MuiOutlinedInput-input css-w4nesw-MuiInputBase-input-MuiOutlinedInput-input"[39m
    [33mid[39m=[32m"_r_94_"[39m
    [33mmaxlength[39m=[32m"500"[39m
    [33mrequired[39m=[32m""[39m
    [33mrows[39m=[32m"3"[39m
    [33mstyle[39m=[32m"height: 0px; overflow: hidden;"[39m
  [36m/>[39m

  Name "Jira number for change item 31":
  [36m<input[39m
    [33maria-describedby[39m=[32m"change-item-30-jira-help"[39m
    [33maria-invalid[39m=[32m"false"[39m
    [33maria-label[39m=[32m"Jira number for change item 31"[39m
    [33mclass[39m=[32m"MuiInputBase-input MuiOutlinedInput-input css-16wblaj-MuiInputBase-input-MuiOutlinedInput-input"[39m
    [33mid[39m=[32m"_r_96_"[39m
    [33mmaxlength[39m=[32m"50"[39m
    [33mrequired[39m=[32m""[39m
    [33mtype[39m=[32m"text"[39m
    [33mvalue[39m=[32m"JIRA-0031"[39m
  [36m/>[39m

  Name "Description for change item 31":
  [36m<textarea[39m
    [33maria-describedby[39m=[32m"change-item-30-desc-help"[39m
    [33maria-invalid[39m=[32m"false"[39m
    [33maria-label[39m=[32m"Description for change item 31"[39m
    [33mclass[39m=[32m"MuiInputBase-input MuiOutlinedInput-input css-w4nesw-MuiInputBase-input-MuiOutlinedInput-input"[39m
    [33mid[39m=[32m"_r_97_"[39m
    [33mmaxlength[39m=[32m"500"[39m
    [33mrequired[39m=[32m""[39m
    [33mrows[39m=[32m"3"[39m
    [33mstyle[39m=[32m"height: 0px; overflow: hidden;"[39m
  [36m/>[39m

  Name "Jira number for change item 32":
  [36m<input[39m
    [33maria-describedby[39m=[32m"change-item-31-jira-help"[39m
    [33maria-invalid[39m=[32m"false"[39m
    [33maria-label[39m=[32m"Jira number for change item 32"[39m
    [33mclass[39m=[32m"MuiInputBase-input MuiOutlinedInput-input css-16wblaj-MuiInputBase-input-MuiOutlinedInput-input"[39m
    [33mid[39m=[32m"_r_99_"[39m
    [33mmaxlength[39m=[32m"50"[39m
    [33mrequired[39m=[32m""[39m
    [33mtype[39m=[32m"text"[39m
    [33mvalue[39m=[32m"JIRA-0032"[39m
  [36m/>[39m

  Name "Description for change item 32":
  [36m<textarea[39m
    [33maria-describedby[39m=[32m"change-item-31-desc-help"[39m
    [33maria-invalid[39m=[32m"false"[39m
    [33maria-label[39m=[32m"Description for change item 32"[39m
    [33mclass[39m=[32m"MuiInputBase-input MuiOutlinedInput-input css-w4nesw-MuiInputBase-input-MuiOutlinedInput-input"[39m
    [33mid[39m=[32m"_r_9a_"[39m
    [33mmaxlength[39m=[32m"500"[39m
    [33mrequired[39m=[32m""[39m
    [33mrows[39m=[32m"3"[39m
    [33mstyle[39m=[32m"height: 0px; overflow: hidden;"[39m
  [36m/>[39m

  Name "Jira number for change item 33":
  [36m<input[39m
    [33maria-describedby[39m=[32m"change-item-32-jira-help"[39m
    [33maria-invalid[39m=[32m"false"[39m
    [33maria-label[39m=[32m"Jira number for change item 33"[39m
    [33mclass[39m=[32m"MuiInputBase-input MuiOutlinedInput-input css-16wblaj-MuiInputBase-input-MuiOutlinedInput-input"[39m
    [33mid[39m=[32m"_r_9c_"[39m
    [33mmaxlength[39m=[32m"50"[39m
    [33mrequired[39m=[32m""[39m
    [33mtype[39m=[32m"text"[39m
    [33mvalue[39m=[32m"JIRA-0033"[39m
  [36m/>[39m

  Name "Description for change item 33":
  [36m<textarea[39m
    [33maria-describedby[39m=[32m"change-item-32-desc-help"[39m
    [33maria-invalid[39m=[32m"false"[39m
    [33maria-label[39m=[32m"Description for change item 33"[39m
    [33mclass[39m=[32m"MuiInputBase-input MuiOutlinedInput-input css-w4nesw-MuiInputBase-input-MuiOutlinedInput-input"[39m
    [33mid[39m=[32m"_r_9d_"[39m
    [33mmaxlength[39m=[32m"500"[39m
    [33mrequired[39m=[32m""[39m
    [33mrows[39m=[32m"3"[39m
    [33mstyle[39m=[32m"height: 0px; overflow: hidden;"[39m
  [36m/>[39m

  Name "Jira number for change item 34":
  [36m<input[39m
    [33maria-describedby[39m=[32m"change-item-33-jira-help"[39m
    [33maria-invalid[39m=[32m"false"[39m
    [33maria-label[39m=[32m"Jira number for change item 34"[39m
    [33mclass[39m=[32m"MuiInputBase-input MuiOutlinedInput-input css-16wblaj-MuiInputBase-input-MuiOutlinedInput-input"[39m
    [33mid[39m=[32m"_r_9f_"[39m
    [33mmaxlength[39m=[32m"50"[39m
    [33mrequired[39m=[32m""[39m
    [33mtype[39m=[32m"text"[39m
    [33mvalue[39m=[32m"JIRA-0034"[39m
  [36m/>[39m

  Name "Description for change item 34":
  [36m<textarea[39m
    [33maria-describedby[39m=[32m"change-item-33-desc-help"[39m
    [33maria-invalid[39m=[32m"false"[39m
    [33maria-label[39m=[32m"Description for change item 34"[39m
    [33mclass[39m=[32m"MuiInputBase-input MuiOutlinedInput-input css-w4nesw-MuiInputBase-input-MuiOutlinedInput-input"[39m
    [33mid[39m=[32m"_r_9g_"[39m
    [33mmaxlength[39m=[32m"500"[39m
    [33mrequired[39m=[32m""[39m
    [33mrows[39m=[32m"3"[39m
    [33mstyle[39m=[32m"height: 0px; overflow: hidden;"[39m
  [36m/>[39m

  Name "Jira number for change item 35":
  [36m<input[39m
    [33maria-describedby[39m=[32m"change-item-34-jira-help"[39m
    [33maria-invalid[39m=[32m"false"[39m
    [33maria-label[39m=[32m"Jira number for change item 35"[39m
    [33mclass[39m=[32m"MuiInputBase-input MuiOutlinedInput-input css-16wblaj-MuiInputBase-input-MuiOutlinedInput-input"[39m
    [33mid[39m=[32m"_r_9i_"[39m
    [33mmaxlength[39m=[32m"50"[39m
    [33mrequired[39m=[32m""[39m
    [33mtype[39m=[32m"text"[39m
    [33mvalue[39m=[32m"JIRA-0035"[39m
  [36m/>[39m

  Name "Description for change item 35":
  [36m<textarea[39m
    [33maria-describedby[39m=[32m"change-item-34-desc-help"[39m
    [33maria-invalid[39m=[32m"false"[39m
    [33maria-label[39m=[32m"Description for change item 35"[39m
    [33mclass[39m=[32m"MuiInputBase-input MuiOutlinedInput-input css-w4nesw-MuiInputBase-input-MuiOutlinedInput-input"[39m
    [33mid[39m=[32m"_r_9j_"[39m
    [33mmaxlength[39m=[32m"500"[39m
    [33mrequired[39m=[32m""[39m
    [33mrows[39m=[32m"3"[39m
    [33mstyle[39m=[32m"height: 0px; overflow: hidden;"[39m
  [36m/>[39m

  Name "Jira number for change item 36":
  [36m<input[39m
    [33maria-describedby[39m=[32m"change-item-35-jira-help"[39m
    [33maria-invalid[39m=[32m"false"[39m
    [33maria-label[39m=[32m"Jira number for change item 36"[39m
    [33mclass[39m=[32m"MuiInputBase-input MuiOutlinedInput-input css-16wblaj-MuiInputBase-input-MuiOutlinedInput-input"[39m
    [33mid[39m=[32m"_r_9l_"[39m
    [33mmaxlength[39m=[32m"50"[39m
    [33mrequired[39m=[32m""[39m
    [33mtype[39m=[32m"text"[39m
    [33mvalue[39m=[32m"JIRA-0036"[39m
  [36m/>[39m

  Name "Description for change item 36":
  [36m<textarea[39m
    [33maria-describedby[39m=[32m"change-item-35-desc-help"[39m
    [33maria-invalid[39m=[32m"false"[39m
    [33maria-label[39m=[32m"Description for change item 36"[39m
    [33mclass[39m=[32m"MuiInputBase-input MuiOutlinedInput-input css-w4nesw-MuiInputBase-input-MuiOutlinedInput-input"[39m
    [33mid[39m=[32m"_r_9m_"[39m
    [33mmaxlength[39m=[32m"500"[39m
    [33mrequired[39m=[32m""[39m
    [33mrows[39m=[32m"3"[39m
    [33mstyle[39m=[32m"height: 0px; overflow: hidden;"[39m
  [36m/>[39m

  Name "Jira number for change item 37":
  [36m<input[39m
    [33maria-describedby[39m=[32m"change-item-36-jira-help"[39m
    [33maria-invalid[39m=[32m"false"[39m
    [33maria-label[39m=[32m"Jira number for change item 37"[39m
    [33mclass[39m=[32m"MuiInputBase-input MuiOutlinedInput-input css-16wblaj-MuiInputBase-input-MuiOutlinedInput-input"[39m
    [33mid[39m=[32m"_r_9o_"[39m
    [33mmaxlength[39m=[32m"50"[39m
    [33mrequired[39m=[32m""[39m
    [33mtype[39m=[32m"text"[39m
    [33mvalue[39m=[32m"JIRA-0037"[39m
  [36m/>[39m

  Name "Description for change item 37":
  [36m<textarea[39m
    [33maria-describedby[39m=[32m"change-item-36-desc-help"[39m
    [33maria-invalid[39m=[32m"false"[39m
    [33maria-label[39m=[32m"Description for change item 37"[39m
    [33mclass[39m=[32m"MuiInputBase-input MuiOutlinedInput-input css-w4nesw-MuiInputBase-input-MuiOutlinedInput-input"[39m
    [33mid[39m=[32m"_r_9p_"[39m
    [33mmaxlength[39m=[32m"500"[39m
    [33mrequired[39m=[32m""[39m
    [33mrows[39m=[32m"3"[39m
    [33mstyle[39m=[32m"height: 0px; overflow: hidden;"[39m
  [36m/>[39m

  Name "Jira number for change item 38":
  [36m<input[39m
    [33maria-describedby[39m=[32m"change-item-37-jira-help"[39m
    [33maria-invalid[39m=[32m"false"[39m
    [33maria-label[39m=[32m"Jira number for change item 38"[39m
    [33mclass[39m=[32m"MuiInputBase-input MuiOutlinedInput-input css-16wblaj-MuiInputBase-input-MuiOutlinedInput-input"[39m
    [33mid[39m=[32m"_r_9r_"[39m
    [33mmaxlength[39m=[32m"50"[39m
    [33mrequired[39m=[32m""[39m
    [33mtype[39m=[32m"text"[39m
    [33mvalue[39m=[32m"JIRA-0038"[39m
  [36m/>[39m

  Name "Description for change item 38":
  [36m<textarea[39m
    [33maria-describedby[39m=[32m"change-item-37-desc-help"[39m
    [33maria-invalid[39m=[32m"false"[39m
    [33maria-label[39m=[32m"Description for change item 38"[39m
    [33mclass[39m=[32m"MuiInputBase-input MuiOutlinedInput-input css-w4nesw-MuiInputBase-input-MuiOutlinedInput-input"[39m
    [33mid[39m=[32m"_r_9s_"[39m
    [33mmaxlength[39m=[32m"500"[39m
    [33mrequired[39m=[32m""[39m
    [33mrows[39m=[32m"3"[39m
    [33mstyle[39m=[32m"height: 0px; overflow: hidden;"[39m
  [36m/>[39m

  Name "Jira number for change item 39":
  [36m<input[39m
    [33maria-describedby[39m=[32m"change-item-38-jira-help"[39m
    [33maria-invalid[39m=[32m"false"[39m
    [33maria-label[39m=[32m"Jira number for change item 39"[39m
    [33mclass[39m=[32m"MuiInputBase-input MuiOutlinedInput-input css-16wblaj-MuiInputBase-input-MuiOutlinedInput-input"[39m
    [33mid[39m=[32m"_r_9u_"[39m
    [33mmaxlength[39m=[32m"50"[39m
    [33mrequired[39m=[32m""[39m
    [33mtype[39m=[32m"text"[39m
    [33mvalue[39m=[32m"JIRA-0039"[39m
  [36m/>[39m

  Name "Description for change item 39":
  [36m<textarea[39m
    [33maria-describedby[39m=[32m"change-item-38-desc-help"[39m
    [33maria-invalid[39m=[32m"false"[39m
    [33maria-label[39m=[32m"Description for change item 39"[39m
    [33mclass[39m=[32m"MuiInputBase-input MuiOutlinedInput-input css-w4nesw-MuiInputBase-input-MuiOutlinedInput-input"[39m
    [33mid[39m=[32m"_r_9v_"[39m
    [33mmaxlength[39m=[32m"500"[39m
    [33mrequired[39m=[32m""[39m
    [33mrows[39m=[32m"3"[39m
    [33mstyle[39m=[32m"height: 0px; overflow: hidden;"[39m
  [36m/>[39m

  Name "Jira number for change item 40":
  [36m<input[39m
    [33maria-describedby[39m=[32m"change-item-39-jira-help"[39m
    [33maria-invalid[39m=[32m"false"[39m
    [33maria-label[39m=[32m"Jira number for change item 40"[39m
    [33mclass[39m=[32m"MuiInputBase-input MuiOutlinedInput-input css-16wblaj-MuiInputBase-input-MuiOutlinedInput-input"[39m
    [33mid[39m=[32m"_r_a1_"[39m
    [33mmaxlength[39m=[32m"50"[39m
    [33mrequired[39m=[32m""[39m
    [33mtype[39m=[32m"text"[39m
    [33mvalue[39m=[32m"JIRA-0040"[39m
  [36m/>[39m

  Name "Description for change item 40":
  [36m<textarea[39m
    [33maria-describedby[39m=[32m"change-item-39-desc-help"[39m
    [33maria-invalid[39m=[32m"false"[39m
    [33maria-label[39m=[32m"Description for change item 40"[39m
    [33mclass[39m=[32m"MuiInputBase-input MuiOutlinedInput-input css-w4nesw-MuiInputBase-input-MuiOutlinedInput-input"[39m
    [33mid[39m=[32m"_r_a2_"[39m
    [33mmaxlength[39m=[32m"500"[39m
    [33mrequired[39m=[32m""[39m
    [33mrows[39m=[32m"3"[39m
    [33mstyle[39m=[32m"height: 0px; overflow: hidden;"[39m
  [36m/>[39m

  Name "Jira number for change item 41":
  [36m<input[39m
    [33maria-describedby[39m=[32m"change-item-40-jira-help"[39m
    [33maria-invalid[39m=[32m"false"[39m
    [33maria-label[39m=[32m"Jira number for change item 41"[39m
    [33mclass[39m=[32m"MuiInputBase-input MuiOutlinedInput-input css-16wblaj-MuiInputBase-input-MuiOutlinedInput-input"[39m
    [33mid[39m=[32m"_r_a4_"[39m
    [33mmaxlength[39m=[32m"50"[39m
    [33mrequired[39m=[32m""[39m
    [33mtype[39m=[32m"text"[39m
    [33mvalue[39m=[32m"JIRA-0041"[39m
  [36m/>[39m

  Name "Description for change item 41":
  [36m<textarea[39m
    [33maria-describedby[39m=[32m"change-item-40-desc-help"[39m
    [33maria-invalid[39m=[32m"false"[39m
    [33maria-label[39m=[32m"Description for change item 41"[39m
    [33mclass[39m=[32m"MuiInputBase-input MuiOutlinedInput-input css-w4nesw-MuiInputBase-input-MuiOutlinedInput-input"[39m
    [33mid[39m=[32m"_r_a5_"[39m
    [33mmaxlength[39m=[32m"500"[39m
    [33mrequired[39m=[32m""[39m
    [33mrows[39m=[32m"3"[39m
    [33mstyle[39m=[32m"height: 0px; overflow: hidden;"[39m
  [36m/>[39m

  Name "Jira number for change item 42":
  [36m<input[39m
    [33maria-describedby[39m=[32m"change-item-41-jira-help"[39m
    [33maria-invalid[39m=[32m"false"[39m
    [33maria-label[39m=[32m"Jira number for change item 42"[39m
    [33mclass[39m=[32m"MuiInputBase-input MuiOutlinedInput-input css-16wblaj-MuiInputBase-input-MuiOutlinedInput-input"[39m
    [33mid[39m=[32m"_r_a7_"[39m
    [33mmaxlength[39m=[32m"50"[39m
    [33mrequired[39m=[32m""[39m
    [33mtype[39m=[32m"text"[39m
    [33mvalue[39m=[32m"JIRA-0042"[39m
  [36m/>[39m

  Name "Description for change item 42":
  [36m<textarea[39m
    [33maria-describedby[39m=[32m"change-item-41-desc-help"[39m
    [33maria-invalid[39m=[32m"false"[39m
    [33maria-label[39m=[32m"Description for change item 42"[39m
    [33mclass[39m=[32m"MuiInputBase-input MuiOutlinedInput-input css-w4nesw-MuiInputBase-input-MuiOutlinedInput-input"[39m
    [33mid[39m=[32m"_r_a8_"[39m
    [33mmaxlength[39m=[32m"500"[39m
    [33mrequired[39m=[32m""[39m
    [33mrows[39m=[32m"3"[39m
    [33mstyle[39m=[32m"height: 0px; overflow: hidden;"[39m
  [36m/>[39m

  Name "Jira number for change item 43":
  [36m<input[39m
    [33maria-describedby[39m=[32m"change-item-42-jira-help"[39m
    [33maria-invalid[39m=[32m"false"[39m
    [33maria-label[39m=[32m"Jira number for change item 43"[39m
    [33mclass[39m=[32m"MuiInputBase-input MuiOutlinedInput-input css-16wblaj-MuiInputBase-input-MuiOutlinedInput-input"[39m
    [33mid[39m=[32m"_r_aa_"[39m
    [33mmaxlength[39m=[32m"50"[39m
    [33mrequired[39m=[32m""[39m
    [33mtype[39m=[32m"text"[39m
    [33mvalue[39m=[32m"JIRA-0043"[39m
  [36m/>[39m

  Name "Description for change item 43":
  [36m<textarea[39m
    [33maria-describedby[39m=[32m"change-item-42-desc-help"[39m
    [33maria-invalid[39m=[32m"false"[39m
    [33maria-label[39m=[32m"Description for change item 43"[39m
    [33mclass[39m=[32m"MuiInputBase-input MuiOutlinedInput-input css-w4nesw-MuiInputBase-input-MuiOutlinedInput-input"[39m
    [33mid[39m=[32m"_r_ab_"[39m
    [33mmaxlength[39m=[32m"500"[39m
    [33mrequired[39m=[32m""[39m
    [33mrows[39m=[32m"3"[39m
    [33mstyle[39m=[32m"height: 0px; overflow: hidden;"[39m
  [36m/>[39m

  Name "Jira number for change item 44":
  [36m<input[39m
    [33maria-describedby[39m=[32m"change-item-43-jira-help"[39m
    [33maria-invalid[39m=[32m"false"[39m
    [33maria-label[39m=[32m"Jira number for change item 44"[39m
    [33mclass[39m=[32m"MuiInputBase-input MuiOutlinedInput-input css-16wblaj-MuiInputBase-input-MuiOutlinedInput-input"[39m
    [33mid[39m=[32m"_r_ad_"[39m
    [33mmaxlength[39m=[32m"50"[39m
    [33mrequired[39m=[32m""[39m
    [33mtype[39m=[32m"text"[39m
    [33mvalue[39m=[32m"JIRA-0044"[39m
  [36m/>[39m

  Name "Description for change item 44":
  [36m<textarea[39m
    [33maria-describedby[39m=[32m"change-item-43-desc-help"[39m
    [33maria-invalid[39m=[32m"false"[39m
    [33maria-label[39m=[32m"Description for change item 44"[39m
    [33mclass[39m=[32m"MuiInputBase-input MuiOutlinedInput-input css-w4nesw-MuiInputBase-input-MuiOutlinedInput-input"[39m
    [33mid[39m=[32m"_r_ae_"[39m
    [33mmaxlength[39m=[32m"500"[39m
    [33mrequired[39m=[32m""[39m
    [33mrows[39m=[32m"3"[39m
    [33mstyle[39m=[32m"height: 0px; overflow: hidden;"[39m
  [36m/>[39m

  Name "Jira number for change item 45":
  [36m<input[39m
    [33maria-describedby[39m=[32m"change-item-44-jira-help"[39m
    [33maria-invalid[39m=[32m"false"[39m
    [33maria-label[39m=[32m"Jira number for change item 45"[39m
    [33mclass[39m=[32m"MuiInputBase-input MuiOutlinedInput-input css-16wblaj-MuiInputBase-input-MuiOutlinedInput-input"[39m
    [33mid[39m=[32m"_r_ag_"[39m
    [33mmaxlength[39m=[32m"50"[39m
    [33mrequired[39m=[32m""[39m
    [33mtype[39m=[32m"text"[39m
    [33mvalue[39m=[32m"JIRA-0045"[39m
  [36m/>[39m

  Name "Description for change item 45":
  [36m<textarea[39m
    [33maria-describedby[39m=[32m"change-item-44-desc-help"[39m
    [33maria-invalid[39m=[32m"false"[39m
    [33maria-label[39m=[32m"Description for change item 45"[39m
    [33mclass[39m=[32m"MuiInputBase-input MuiOutlinedInput-input css-w4nesw-MuiInputBase-input-MuiOutlinedInput-input"[39m
    [33mid[39m=[32m"_r_ah_"[39m
    [33mmaxlength[39m=[32m"500"[39m
    [33mrequired[39m=[32m""[39m
    [33mrows[39m=[32m"3"[39m
    [33mstyle[39m=[32m"height: 0px; overflow: hidden;"[39m
  [36m/>[39m

  Name "Jira number for change item 46":
  [36m<input[39m
    [33maria-describedby[39m=[32m"change-item-45-jira-help"[39m
    [33maria-invalid[39m=[32m"false"[39m
    [33maria-label[39m=[32m"Jira number for change item 46"[39m
    [33mclass[39m=[32m"MuiInputBase-input MuiOutlinedInput-input css-16wblaj-MuiInputBase-input-MuiOutlinedInput-input"[39m
    [33mid[39m=[32m"_r_aj_"[39m
    [33mmaxlength[39m=[32m"50"[39m
    [33mrequired[39m=[32m""[39m
    [33mtype[39m=[32m"text"[39m
    [33mvalue[39m=[32m"JIRA-0046"[39m
  [36m/>[39m

  Name "Description for change item 46":
  [36m<textarea[39m
    [33maria-describedby[39m=[32m"change-item-45-desc-help"[39m
    [33maria-invalid[39m=[32m"false"[39m
    [33maria-label[39m=[32m"Description for change item 46"[39m
    [33mclass[39m=[32m"MuiInputBase-input MuiOutlinedInput-input css-w4nesw-MuiInputBase-input-MuiOutlinedInput-input"[39m
    [33mid[39m=[32m"_r_ak_"[39m
    [33mmaxlength[39m=[32m"500"[39m
    [33mrequired[39m=[32m""[39m
    [33mrows[39m=[32m"3"[39m
    [33mstyle[39m=[32m"height: 0px; overflow: hidden;"[39m
  [36m/>[39m

  Name "Jira number for change item 47":
  [36m<input[39m
    [33maria-describedby[39m=[32m"change-item-46-jira-help"[39m
    [33maria-invalid[39m=[32m"false"[39m
    [33maria-label[39m=[32m"Jira number for change item 47"[39m
    [33mclass[39m=[32m"MuiInputBase-input MuiOutlinedInput-input css-16wblaj-MuiInputBase-input-MuiOutlinedInput-input"[39m
    [33mid[39m=[32m"_r_am_"[39m
    [33mmaxlength[39m=[32m"50"[39m
    [33mrequired[39m=[32m""[39m
    [33mtype[39m=[32m"text"[39m
    [33mvalue[39m=[32m"JIRA-0047"[39m
  [36m/>[39m

  Name "Description for change item 47":
  [36m<textarea[39m
    [33maria-describedby[39m=[32m"change-item-46-desc-help"[39m
    [33maria-invalid[39m=[32m"false"[39m
    [33maria-label[39m=[32m"Description for change item 47"[39m
    [33mclass[39m=[32m"MuiInputBase-input MuiOutlinedInput-input css-w4nesw-MuiInputBase-input-MuiOutlinedInput-input"[39m
    [33mid[39m=[32m"_r_an_"[39m
    [33mmaxlength[39m=[32m"500"[39m
    [33mrequired[39m=[32m""[39m
    [33mrows[39m=[32m"3"[39m
    [33mstyle[39m=[32m"height: 0px; overflow: hidden;"[39m
  [36m/>[39m

  Name "Jira number for change item 48":
  [36m<input[39m
    [33maria-describedby[39m=[32m"change-item-47-jira-help"[39m
    [33maria-invalid[39m=[32m"false"[39m
    [33maria-label[39m=[32m"Jira number for change item 48"[39m
    [33mclass[39m=[32m"MuiInputBase-input MuiOutlinedInput-input css-16wblaj-MuiInputBase-input-MuiOutlinedInput-input"[39m
    [33mid[39m=[32m"_r_ap_"[39m
    [33mmaxlength[39m=[32m"50"[39m
    [33mrequired[39m=[32m""[39m
    [33mtype[39m=[32m"text"[39m
    [33mvalue[39m=[32m"JIRA-0048"[39m
  [36m/>[39m

  Name "Description for change item 48":
  [36m<textarea[39m
    [33maria-describedby[39m=[32m"change-item-47-desc-help"[39m
    [33maria-invalid[39m=[32m"false"[39m
    [33maria-label[39m=[32m"Description for change item 48"[39m
    [33mclass[39m=[32m"MuiInputBase-input MuiOutlinedInput-input css-w4nesw-MuiInputBase-input-MuiOutlinedInput-input"[39m
    [33mid[39m=[32m"_r_aq_"[39m
    [33mmaxlength[39m=[32m"500"[39m
    [33mrequired[39m=[32m""[39m
    [33mrows[39m=[32m"3"[39m
    [33mstyle[39m=[32m"height: 0px; overflow: hidden;"[39m
  [36m/>[39m

  Name "Jira number for change item 49":
  [36m<input[39m
    [33maria-describedby[39m=[32m"change-item-48-jira-help"[39m
    [33maria-invalid[39m=[32m"false"[39m
    [33maria-label[39m=[32m"Jira number for change item 49"[39m
    [33mclass[39m=[32m"MuiInputBase-input MuiOutlinedInput-input css-16wblaj-MuiInputBase-input-MuiOutlinedInput-input"[39m
    [33mid[39m=[32m"_r_as_"[39m
    [33mmaxlength[39m=[32m"50"[39m
    [33mrequired[39m=[32m""[39m
    [33mtype[39m=[32m"text"[39m
    [33mvalue[39m=[32m"JIRA-0049"[39m
  [36m/>[39m

  Name "Description for change item 49":
  [36m<textarea[39m
    [33maria-describedby[39m=[32m"change-item-48-desc-help"[39m
    [33maria-invalid[39m=[32m"false"[39m
    [33maria-label[39m=[32m"Description for change item 49"[39m
    [33mclass[39m=[32m"MuiInputBase-input MuiOutlinedInput-input css-w4nesw-MuiInputBase-input-MuiOutlinedInput-input"[39m
    [33mid[39m=[32m"_r_at_"[39m
    [33mmaxlength[39m=[32m"500"[39m
    [33mrequired[39m=[32m""[39m
    [33mrows[39m=[32m"3"[39m
    [33mstyle[39m=[32m"height: 0px; overflow: hidden;"[39m
  [36m/>[39m

  Name "Jira number for change item 50":
  [36m<input[39m
    [33maria-describedby[39m=[32m"change-item-49-jira-help"[39m
    [33maria-invalid[39m=[32m"false"[39m
    [33maria-label[39m=[32m"Jira number for change item 50"[39m
    [33mclass[39m=[32m"MuiInputBase-input MuiOutlinedInput-input css-16wblaj-MuiInputBase-input-MuiOutlinedInput-input"[39m
    [33mid[39m=[32m"_r_av_"[39m
    [33mmaxlength[39m=[32m"50"[39m
    [33mrequired[39m=[32m""[39m
    [33mtype[39m=[32m"text"[39m
    [33mvalue[39m=[32m"JIRA-0050"[39m
  [36m/>[39m

  Name "Description for change item 50":
  [36m<textarea[39m
    [33maria-describedby[39m=[32m"change-item-49-desc-help"[39m
    [33maria-invalid[39m=[32m"false"[39m
    [33maria-label[39m=[32m"Description for change item 50"[39m
    [33mclass[39m=[32m"MuiInputBase-input MuiOutlinedInput-input css-w4nesw-MuiInputBase-input-MuiOutlinedInput-input"[39m
    [33mid[39m=[32m"_r_b0_"[39m
    [33mmaxlength[39m=[32m"500"[39m
    [33mrequired[39m=[32m""[39m
    [33mrows[39m=[32m"3"[39m
    [33mstyle[39m=[32m"height: 0px; overflow: hidden;"[39m
  [36m/>[39m

  Name "Jira number for change item 51":
  [36m<input[39m
    [33maria-describedby[39m=[32m"change-item-50-jira-help"[39m
    [33maria-invalid[39m=[32m"false"[39m
    [33maria-label[39m=[32m"Jira number for change item 51"[39m
    [33mclass[39m=[32m"MuiInputBase-input MuiOutlinedInput-input css-16wblaj-MuiInputBase-input-MuiOutlinedInput-input"[39m
    [33mid[39m=[32m"_r_b2_"[39m
    [33mmaxlength[39m=[32m"50"[39m
    [33mrequired[39m=[32m""[39m
    [33mtype[39m=[32m"text"[39m
    [33mvalue[39m=[32m"JIRA-0051"[39m
  [36m/>[39m

  Name "Description for change item 51":
  [36m<textarea[39m
    [33maria-describedby[39m=[32m"change-item-50-desc-help"[39m
    [33maria-invalid[39m=[32m"false"[39m
    [33maria-label[39m=[32m"Description for change item 51"[39m
    [33mclass[39m=[32m"MuiInputBase-input MuiOutlinedInput-input css-w4nesw-MuiInputBase-input-MuiOutlinedInput-input"[39m
    [33mid[39m=[32m"_r_b3_"[39m
    [33mmaxlength[39m=[32m"500"[39m
    [33mrequired[39m=[32m""[39m
    [33mrows[39m=[32m"3"[39m
    [33mstyle[39m=[32m"height: 0px; overflow: hidden;"[39m
  [36m/>[39m

  Name "Jira number for change item 52":
  [36m<input[39m
    [33maria-describedby[39m=[32m"change-item-51-jira-help"[39m
    [33maria-invalid[39m=[32m"false"[39m
    [33maria-label[39m=[32m"Jira number for change item 52"[39m
    [33mclass[39m=[32m"MuiInputBase-input MuiOutlinedInput-input css-16wblaj-MuiInputBase-input-MuiOutlinedInput-input"[39m
    [33mid[39m=[32m"_r_b5_"[39m
    [33mmaxlength[39m=[32m"50"[39m
    [33mrequired[39m=[32m""[39m
    [33mtype[39m=[32m"text"[39m
    [33mvalue[39m=[32m"JIRA-0052"[39m
  [36m/>[39m

  Name "Description for change item 52":
  [36m<textarea[39m
    [33maria-describedby[39m=[32m"change-item-51-desc-help"[39m
    [33maria-invalid[39m=[32m"false"[39m
    [33maria-label[39m=[32m"Description for change item 52"[39m
    [33mclass[39m=[32m"MuiInputBase-input MuiOutlinedInput-input css-w4nesw-MuiInputBase-input-MuiOutlinedInput-input"[39m
    [33mid[39m=[32m"_r_b6_"[39m
    [33mmaxlength[39m=[32m"500"[39m
    [33mrequired[39m=[32m""[39m
    [33mrows[39m=[32m"3"[39m
    [33mstyle[39m=[32m"height: 0px; overflow: hidden;"[39m
  [36m/>[39m

  Name "Jira number for change item 53":
  [36m<input[39m
    [33maria-describedby[39m=[32m"change-item-52-jira-help"[39m
    [33maria-invalid[39m=[32m"false"[39m
    [33maria-label[39m=[32m"Jira number for change item 53"[39m
    [33mclass[39m=[32m"MuiInputBase-input MuiOutlinedInput-input css-16wblaj-MuiInputBase-input-MuiOutlinedInput-input"[39m
    [33mid[39m=[32m"_r_b8_"[39m
    [33mmaxlength[39m=[32m"50"[39m
    [33mrequired[39m=[32m""[39m
    [33mtype[39m=[32m"text"[39m
    [33mvalue[39m=[32m"JIRA-0053"[39m
  [36m/>[39m

  Name "Description for change item 53":
  [36m<textarea[39m
    [33maria-describedby[39m=[32m"change-item-52-desc-help"[39m
    [33maria-invalid[39m=[32m"false"[39m
    [33maria-label[39m=[32m"Description for change item 53"[39m
    [33mclass[39m=[32m"MuiInputBase-input MuiOutlinedInput-input css-w4nesw-MuiInputBase-input-MuiOutlinedInput-input"[39m
    [33mid[39m=[32m"_r_b9_"[39m
    [33mmaxlength[39m=[32m"500"[39m
    [33mrequired[39m=[32m""[39m
    [33mrows[39m=[32m"3"[39m
    [33mstyle[39m=[32m"height: 0px; overflow: hidden;"[39m
  [36m/>[39m

  Name "Jira number for change item 54":
  [36m<input[39m
    [33maria-describedby[39m=[32m"change-item-53-jira-help"[39m
    [33maria-invalid[39m=[32m"false"[39m
    [33maria-label[39m=[32m"Jira number for change item 54"[39m
    [33mclass[39m=[32m"MuiInputBase-input MuiOutlinedInput-input css-16wblaj-MuiInputBase-input-MuiOutlinedInput-input"[39m
    [33mid[39m=[32m"_r_bb_"[39m
    [33mmaxlength[39m=[32m"50"[39m
    [33mrequired[39m=[32m""[39m
    [33mtype[39m=[32m"text"[39m
    [33mvalue[39m=[32m"JIRA-0054"[39m
  [36m/>[39m

  Name "Description for change item 54":
  [36m<textarea[39m
    [33maria-describedby[39m=[32m"change-item-53-desc-help"[39m
    [33maria-invalid[39m=[32m"false"[39m
    [33maria-label[39m=[32m"Description for change item 54"[39m
    [33mclass[39m=[32m"MuiInputBase-input MuiOutlinedInput-input css-w4nesw-MuiInputBase-input-MuiOutlinedInput-input"[39m
    [33mid[39m=[32m"_r_bc_"[39m
    [33mmaxlength[39m=[32m"500"[39m
    [33mrequired[39m=[32m""[39m
    [33mrows[39m=[32m"3"[39m
    [33mstyle[39m=[32m"height: 0px; overflow: hidden;"[39m
  [36m/>[39m

  Name "Jira number for change item 55":
  [36m<input[39m
    [33maria-describedby[39m=[32m"change-item-54-jira-help"[39m
    [33maria-invalid[39m=[32m"false"[39m
    [33maria-label[39m=[32m"Jira number for change item 55"[39m
    [33mclass[39m=[32m"MuiInputBase-input MuiOutlinedInput-input css-16wblaj-MuiInputBase-input-MuiOutlinedInput-input"[39m
    [33mid[39m=[32m"_r_be_"[39m
    [33mmaxlength[39m=[32m"50"[39m
    [33mrequired[39m=[32m""[39m
    [33mtype[39m=[32m"text"[39m
    [33mvalue[39m=[32m"JIRA-0055"[39m
  [36m/>[39m

  Name "Description for change item 55":
  [36m<textarea[39m
    [33maria-describedby[39m=[32m"change-item-54-desc-help"[39m
    [33maria-invalid[39m=[32m"false"[39m
    [33maria-label[39m=[32m"Description for change item 55"[39m
    [33mclass[39m=[32m"MuiInputBase-input MuiOutlinedInput-input css-w4nesw-MuiInputBase-input-MuiOutlinedInput-input"[39m
    [33mid[39m=[32m"_r_bf_"[39m
    [33mmaxlength[39m=[32m"500"[39m
    [33mrequired[39m=[32m""[39m
    [33mrows[39m=[32m"3"[39m
    [33mstyle[39m=[32m"height: 0px; overflow: hidden;"[39m
  [36m/>[39m

  Name "Jira number for change item 56":
  [36m<input[39m
    [33maria-describedby[39m=[32m"change-item-55-jira-help"[39m
    [33maria-invalid[39m=[32m"false"[39m
    [33maria-label[39m=[32m"Jira number for change item 56"[39m
    [33mclass[39m=[32m"MuiInputBase-input MuiOutlinedInput-input css-16wblaj-MuiInputBase-input-MuiOutlinedInput-input"[39m
    [33mid[39m=[32m"_r_bh_"[39m
    [33mmaxlength[39m=[32m"50"[39m
    [33mrequired[39m=[32m""[39m
    [33mtype[39m=[32m"text"[39m
    [33mvalue[39m=[32m"JIRA-0056"[39m
  [36m/>[39m

  Name "Description for change item 56":
  [36m<textarea[39m
    [33maria-describedby[39m=[32m"change-item-55-desc-help"[39m
    [33maria-invalid[39m=[32m"false"[39m
    [33maria-label[39m=[32m"Description for change item 56"[39m
    [33mclass[39m=[32m"MuiInputBase-input MuiOutlinedInput-input css-w4nesw-MuiInputBase-input-MuiOutlinedInput-input"[39m
    [33mid[39m=[32m"_r_bi_"[39m
    [33mmaxlength[39m=[32m"500"[39m
    [33mrequired[39m=[32m""[39m
    [33mrows[39m=[32m"3"[39m
    [33mstyle[39m=[32m"height: 0px; overflow: hidden;"[39m
  [36m/>[39m

  Name "Jira number for change item 57":
  [36m<input[39m
    [33maria-describedby[39m=[32m"change-item-56-jira-help"[39m
    [33maria-invalid[39m=[32m"false"[39m
    [33maria-label[39m=[32m"Jira number for change item 57"[39m
    [33mclass[39m=[32m"MuiInputBase-input MuiOutlinedInput-input css-16wblaj-MuiInputBase-input-MuiOutlinedInput-input"[39m
    [33mid[39m=[32m"_r_bk_"[39m
    [33mmaxlength[39m=[32m"50"[39m
    [33mrequired[39m=[32m""[39m
    [33mtype[39m=[32m"text"[39m
    [33mvalue[39m=[32m"JIRA-0057"[39m
  [36m/>[39m

  Name "Description for change item 57":
  [36m<textarea[39m
    [33maria-describedby[39m=[32m"change-item-56-desc-help"[39m
    [33maria-invalid[39m=[32m"false"[39m
    [33maria-label[39m=[32m"Description for change item 57"[39m
    [33mclass[39m=[32m"MuiInputBase-input MuiOutlinedInput-input css-w4nesw-MuiInputBase-input-MuiOutlinedInput-input"[39m
    [33mid[39m=[32m"_r_bl_"[39m
    [33mmaxlength[39m=[32m"500"[39m
    [33mrequired[39m=[32m""[39m
    [33mrows[39m=[32m"3"[39m
    [33mstyle[39m=[32m"height: 0px; overflow: hidden;"[39m
  [36m/>[39m

  Name "Jira number for change item 58":
  [36m<input[39m
    [33maria-describedby[39m=[32m"change-item-57-jira-help"[39m
    [33maria-invalid[39m=[32m"false"[39m
    [33maria-label[39m=[32m"Jira number for change item 58"[39m
    [33mclass[39m=[32m"MuiInputBase-input MuiOutlinedInput-input css-16wblaj-MuiInputBase-input-MuiOutlinedInput-input"[39m
    [33mid[39m=[32m"_r_bn_"[39m
    [33mmaxlength[39m=[32m"50"[39m
    [33mrequired[39m=[32m""[39m
    [33mtype[39m=[32m"text"[39m
    [33mvalue[39m=[32m"JIRA-0058"[39m
  [36m/>[39m

  Name "Description for change item 58":
  [36m<textarea[39m
    [33maria-describedby[39m=[32m"change-item-57-desc-help"[39m
    [33maria-invalid[39m=[32m"false"[39m
    [33maria-label[39m=[32m"Description for change item 58"[39m
    [33mclass[39m=[32m"MuiInputBase-input MuiOutlinedInput-input css-w4nesw-MuiInputBase-input-MuiOutlinedInput-input"[39m
    [33mid[39m=[32m"_r_bo_"[39m
    [33mmaxlength[39m=[32m"500"[39m
    [33mrequired[39m=[32m""[39m
    [33mrows[39m=[32m"3"[39m
    [33mstyle[39m=[32m"height: 0px; overflow: hidden;"[39m
  [36m/>[39m

  Name "Jira number for change item 59":
  [36m<input[39m
    [33maria-describedby[39m=[32m"change-item-58-jira-help"[39m
    [33maria-invalid[39m=[32m"false"[39m
    [33maria-label[39m=[32m"Jira number for change item 59"[39m
    [33mclass[39m=[32m"MuiInputBase-input MuiOutlinedInput-input css-16wblaj-MuiInputBase-input-MuiOutlinedInput-input"[39m
    [33mid[39m=[32m"_r_bq_"[39m
    [33mmaxlength[39m=[32m"50"[39m
    [33mrequired[39m=[32m""[39m
    [33mtype[39m=[32m"text"[39m
    [33mvalue[39m=[32m"JIRA-0059"[39m
  [36m/>[39m

  Name "Description for change item 59":
  [36m<textarea[39m
    [33maria-describedby[39m=[32m"change-item-58-desc-help"[39m
    [33maria-invalid[39m=[32m"false"[39m
    [33maria-label[39m=[32m"Description for change item 59"[39m
    [33mclass[39m=[32m"MuiInputBase-input MuiOutlinedInput-input css-w4nesw-MuiInputBase-input-MuiOutlinedInput-input"[39m
    [33mid[39m=[32m"_r_br_"[39m
    [33mmaxlength[39m=[32m"500"[39m
    [33mrequired[39m=[32m""[39m
    [33mrows[39m=[32m"3"[39m
    [33mstyle[39m=[32m"height: 0px; overflow: hidden;"[39m
  [36m/>[39m

  Name "Jira number for change item 60":
  [36m<input[39m
    [33maria-describedby[39m=[32m"change-item-59-jira-help"[39m
    [33maria-invalid[39m=[32m"false"[39m
    [33maria-label[39m=[32m"Jira number for change item 60"[39m
    [33mclass[39m=[32m"MuiInputBase-input MuiOutlinedInput-input css-16wblaj-MuiInputBase-input-MuiOutlinedInput-input"[39m
    [33mid[39m=[32m"_r_bt_"[39m
    [33mmaxlength[39m=[32m"50"[39m
    [33mrequired[39m=[32m""[39m
    [33mtype[39m=[32m"text"[39m
    [33mvalue[39m=[32m"JIRA-0060"[39m
  [36m/>[39m

  Name "Description for change item 60":
  [36m<textarea[39m
    [33maria-describedby[39m=[32m"change-item-59-desc-help"[39m
    [33maria-invalid[39m=[32m"false"[39m
    [33maria-label[39m=[32m"Description for change item 60"[39m
    [33mclass[39m=[32m"MuiInputBase-input MuiOutlinedInput-input css-w4nesw-MuiInputBase-input-MuiOutlinedInput-input"[39m
    [33mid[39m=[32m"_r_bu_"[39m
    [33mmaxlength[39m=[32m"500"[39m
    [33mrequired[39m=[32m""[39m
    [33mrows[39m=[32m"3"[39m
    [33mstyle[39m=[32m"height: 0px; overflow: hidden;"[39m
  [36m/>[39m

  Name "Jira number for change item 61":
  [36m<input[39m
    [33maria-describedby[39m=[32m"change-item-60-jira-help"[39m
    [33maria-invalid[39m=[32m"false"[39m
    [33maria-label[39m=[32m"Jira number for change item 61"[39m
    [33mclass[39m=[32m"MuiInputBase-input MuiOutlinedInput-input css-16wblaj-MuiInputBase-input-MuiOutlinedInput-input"[39m
    [33mid[39m=[32m"_r_c0_"[39m
    [33mmaxlength[39m=[32m"50"[39m
    [33mrequired[39m=[32m""[39m
    [33mtype[39m=[32m"text"[39m
    [33mvalue[39m=[32m"JIRA-0061"[39m
  [36m/>[39m

  Name "Description for change item 61":
  [36m<textarea[39m
    [33maria-describedby[39m=[32m"change-item-60-desc-help"[39m
    [33maria-invalid[39m=[32m"false"[39m
    [33maria-label[39m=[32m"Description for change item 61"[39m
    [33mclass[39m=[32m"MuiInputBase-input MuiOutlinedInput-input css-w4nesw-MuiInputBase-input-MuiOutlinedInput-input"[39m
    [33mid[39m=[32m"_r_c1_"[39m
    [33mmaxlength[39m=[32m"500"[39m
    [33mrequired[39m=[32m""[39m
    [33mrows[39m=[32m"3"[39m
    [33mstyle[39m=[32m"height: 0px; overflow: hidden;"[39m
  [36m/>[39m

  Name "Jira number for change item 62":
  [36m<input[39m
    [33maria-describedby[39m=[32m"change-item-61-jira-help"[39m
    [33maria-invalid[39m=[32m"false"[39m
    [33maria-label[39m=[32m"Jira number for change item 62"[39m
    [33mclass[39m=[32m"MuiInputBase-input MuiOutlinedInput-input css-16wblaj-MuiInputBase-input-MuiOutlinedInput-input"[39m
    [33mid[39m=[32m"_r_c3_"[39m
    [33mmaxlength[39m=[32m"50"[39m
    [33mrequired[39m=[32m""[39m
    [33mtype[39m=[32m"text"[39m
    [33mvalue[39m=[32m"JIRA-0062"[39m
  [36m/>[39m

  Name "Description for change item 62":
  [36m<textarea[39m
    [33maria-describedby[39m=[32m"change-item-61-desc-help"[39m
    [33maria-invalid[39m=[32m"false"[39m
    [33maria-label[39m=[32m"Description for change item 62"[39m
    [33mclass[39m=[32m"MuiInputBase-input MuiOutlinedInput-input css-w4nesw-MuiInputBase-input-MuiOutlinedInput-input"[39m
    [33mid[39m=[32m"_r_c4_"[39m
    [33mmaxlength[39m=[32m"500"[39m
    [33mrequired[39m=[32m""[39m
    [33mrows[39m=[32m"3"[39m
    [33mstyle[39m=[32m"height: 0px; overflow: hidden;"[39m
  [36m/>[39m

  Name "Jira number for change item 63":
  [36m<input[39m
    [33maria-describedby[39m=[32m"change-item-62-jira-help"[39m
    [33maria-invalid[39m=[32m"false"[39m
    [33maria-label[39m=[32m"Jira number for change item 63"[39m
    [33mclass[39m=[32m"MuiInputBase-input MuiOutlinedInput-input css-16wblaj-MuiInputBase-input-MuiOutlinedInput-input"[39m
    [33mid[39m=[32m"_r_c6_"[39m
    [33mmaxlength[39m=[32m"50"[39m
    [33mrequired[39m=[32m""[39m
    [33mtype[39m=[32m"text"[39m
    [33mvalue[39m=[32m"JIRA-0063"[39m
  [36m/>[39m

  Name "Description for change item 63":
  [36m<textarea[39m
    [33maria-describedby[39m=[32m"change-item-62-desc-help"[39m
    [33maria-invalid[39m=[32m"false"[39m
    [33maria-label[39m=[32m"Description for change item 63"[39m
    [33mclass[39m=[32m"MuiInputBase-input MuiOutlinedInput-input css-w4nesw-MuiInputBase-input-MuiOutlinedInput-input"[39m
    [33mid[39m=[32m"_r_c7_"[39m
    [33mmaxlength[39m=[32m"500"[39m
    [33mrequired[39m=[32m""[39m
    [33mrows[39m=[32m"3"[39m
    [33mstyle[39m=[32m"height: 0px; overflow: hidden;"[39m
  [36m/>[39m

  Name "Jira number for change item 64":
  [36m<input[39m
    [33maria-describedby[39m=[32m"change-item-63-jira-help"[39m
    [33maria-invalid[39m=[32m"false"[39m
    [33maria-label[39m=[32m"Jira number for change item 64"[39m
    [33mclass[39m=[32m"MuiInputBase-input MuiOutlinedInput-input css-16wblaj-MuiInputBase-input-MuiOutlinedInput-input"[39m
    [33mid[39m=[32m"_r_c9_"[39m
    [33mmaxlength[39m=[32m"50"[39m
    [33mrequired[39m=[32m""[39m
    [33mtype[39m=[32m"text"[39m
    [33mvalue[39m=[32m"JIRA-0064"[39m
  [36m/>[39m

  Name "Description for change item 64":
  [36m<textarea[39m
    [33maria-describedby[39m=[32m"change-item-63-desc-help"[39m
    [33maria-invalid[39m=[32m"false"[39m
    [33maria-label[39m=[32m"Description for change item 64"[39m
    [33mclass[39m=[32m"MuiInputBase-input MuiOutlinedInput-input css-w4nesw-MuiInputBase-input-MuiOutlinedInput-input"[39m
    [33mid[39m=[32m"_r_ca_"[39m
    [33mmaxlength[39m=[32m"500"[39m
    [33mrequired[39m=[32m""[39m
    [33mrows[39m=[32m"3"[39m
    [33mstyle[39m=[32m"height: 0px; overflow: hidden;"[39m
  [36m/>[39m

  Name "Jira number for change item 65":
  [36m<input[39m
    [33maria-describedby[39m=[32m"change-item-64-jira-help"[39m
    [33maria-invalid[39m=[32m"false"[39m
    [33maria-label[39m=[32m"Jira number for change item 65"[39m
    [33mclass[39m=[32m"MuiInputBase-input MuiOutlinedInput-input css-16wblaj-MuiInputBase-input-MuiOutlinedInput-input"[39m
    [33mid[39m=[32m"_r_cc_"[39m
    [33mmaxlength[39m=[32m"50"[39m
    [33mrequired[39m=[32m""[39m
    [33mtype[39m=[32m"text"[39m
    [33mvalue[39m=[32m"JIRA-0065"[39m
  [36m/>[39m

  Name "Description for change item 65":
  [36m<textarea[39m
    [33maria-describedby[39m=[32m"change-item-64-desc-help"[39m
    [33maria-invalid[39m=[32m"false"[39m
    [33maria-label[39m=[32m"Description for change item 65"[39m
    [33mclass[39m=[32m"MuiInputBase-input MuiOutlinedInput-input css-w4nesw-MuiInputBase-input-MuiOutlinedInput-input"[39m
    [33mid[39m=[32m"_r_cd_"[39m
    [33mmaxlength[39m=[32m"500"[39m
    [33mrequired[39m=[32m""[39m
    [33mrows[39m=[32m"3"[39m
    [33mstyle[39m=[32m"height: 0px; overflow: hidden;"[39m
  [36m/>[39m

  Name "Jira number for change item 66":
  [36m<input[39m
    [33maria-describedby[39m=[32m"change-item-65-jira-help"[39m
    [33maria-invalid[39m=[32m"false"[39m
    [33maria-label[39m=[32m"Jira number for change item 66"[39m
    [33mclass[39m=[32m"MuiInputBase-input MuiOutlinedInput-input css-16wblaj-MuiInputBase-input-MuiOutlinedInput-input"[39m
    [33mid[39m=[32m"_r_cf_"[39m
    [33mmaxlength[39m=[32m"50"[39m
    [33mrequired[39m=[32m""[39m
    [33mtype[39m=[32m"text"[39m
    [33mvalue[39m=[32m"JIRA-0066"[39m
  [36m/>[39m

  Name "Description for change item 66":
  [36m<textarea[39m
    [33maria-describedby[39m=[32m"change-item-65-desc-help"[39m
    [33maria-invalid[39m=[32m"false"[39m
    [33maria-label[39m=[32m"Description for change item 66"[39m
    [33mclass[39m=[32m"MuiInputBase-input MuiOutlinedInput-input css-w4nesw-MuiInputBase-input-MuiOutlinedInput-input"[39m
    [33mid[39m=[32m"_r_cg_"[39m
    [33mmaxlength[39m=[32m"500"[39m
    [33mrequired[39m=[32m""[39m
    [33mrows[39m=[32m"3"[39m
    [33mstyle[39m=[32m"height: 0px; overflow: hidden;"[39m
  [36m/>[39m

  Name "Jira number for change item 67":
  [36m<input[39m
    [33maria-describedby[39m=[32m"change-item-66-jira-help"[39m
    [33maria-invalid[39m=[32m"false"[39m
    [33maria-label[39m=[32m"Jira number for change item 67"[39m
    [33mclass[39m=[32m"MuiInputBase-input MuiOutlinedInput-input css-16wblaj-MuiInputBase-input-MuiOutlinedInput-input"[39m
    [33mid[39m=[32m"_r_ci_"[39m
    [33mmaxlength[39m=[32m"50"[39m
    [33mrequired[39m=[32m""[39m
    [33mtype[39m=[32m"text"[39m
    [33mvalue[39m=[32m"JIRA-0067"[39m
  [36m/>[39m

  Name "Description for change item 67":
  [36m<textarea[39m
    [33maria-describedby[39m=[32m"change-item-66-desc-help"[39m
    [33maria-invalid[39m=[32m"false"[39m
    [33maria-label[39m=[32m"Description for change item 67"[39m
    [33mclass[39m=[32m"MuiInputBase-input MuiOutlinedInput-input css-w4nesw-MuiInputBase-input-MuiOutlinedInput-input"[39m
    [33mid[39m=[32m"_r_cj_"[39m
    [33mmaxlength[39m=[32m"500"[39m
    [33mrequired[39m=[32m""[39m
    [33mrows[39m=[32m"3"[39m
    [33mstyle[39m=[32m"height: 0px; overflow: hidden;"[39m
  [36m/>[39m

  Name "Jira number for change item 68":
  [36m<input[39m
    [33maria-describedby[39m=[32m"change-item-67-jira-help"[39m
    [33maria-invalid[39m=[32m"false"[39m
    [33maria-label[39m=[32m"Jira number for change item 68"[39m
    [33mclass[39m=[32m"MuiInputBase-input MuiOutlinedInput-input css-16wblaj-MuiInputBase-input-MuiOutlinedInput-input"[39m
    [33mid[39m=[32m"_r_cl_"[39m
    [33mmaxlength[39m=[32m"50"[39m
    [33mrequired[39m=[32m""[39m
    [33mtype[39m=[32m"text"[39m
    [33mvalue[39m=[32m"JIRA-0068"[39m
  [36m/>[39m

  Name "Description for change item 68":
  [36m<textarea[39m
    [33maria-describedby[39m=[32m"change-item-67-desc-help"[39m
    [33maria-invalid[39m=[32m"false"[39m
    [33maria-label[39m=[32m"Description for change item 68"[39m
    [33mclass[39m=[32m"MuiInputBase-input MuiOutlinedInput-input css-w4nesw-MuiInputBase-input-MuiOutlinedInput-input"[39m
    [33mid[39m=[32m"_r_cm_"[39m
    [33mmaxlength[39m=[32m"500"[39m
    [33mrequired[39m=[32m""[39m
    [33mrows[39m=[32m"3"[39m
    [33mstyle[39m=[32m"height: 0px; overflow: hidden;"[39m
  [36m/>[39m

  Name "Jira number for change item 69":
  [36m<input[39m
    [33maria-describedby[39m=[32m"change-item-68-jira-help"[39m
    [33maria-invalid[39m=[32m"false"[39m
    [33maria-label[39m=[32m"Jira number for change item 69"[39m
    [33mclass[39m=[32m"MuiInputBase-input MuiOutlinedInput-input css-16wblaj-MuiInputBase-input-MuiOutlinedInput-input"[39m
    [33mid[39m=[32m"_r_co_"[39m
    [33mmaxlength[39m=[32m"50"[39m
    [33mrequired[39m=[32m""[39m
    [33mtype[39m=[32m"text"[39m
    [33mvalue[39m=[32m"JIRA-0069"[39m
  [36m/>[39m

  Name "Description for change item 69":
  [36m<textarea[39m
    [33maria-describedby[39m=[32m"change-item-68-desc-help"[39m
    [33maria-invalid[39m=[32m"false"[39m
    [33maria-label[39m=[32m"Description for change item 69"[39m
    [33mclass[39m=[32m"MuiInputBase-input MuiOutlinedInput-input css-w4nesw-MuiInputBase-input-MuiOutlinedInput-input"[39m
    [33mid[39m=[32m"_r_cp_"[39m
    [33mmaxlength[39m=[32m"500"[39m
    [33mrequired[39m=[32m""[39m
    [33mrows[39m=[32m"3"[39m
    [33mstyle[39m=[32m"height: 0px; overflow: hidden;"[39m
  [36m/>[39m

  Name "Jira number for change item 70":
  [36m<input[39m
    [33maria-describedby[39m=[32m"change-item-69-jira-help"[39m
    [33maria-invalid[39m=[32m"false"[39m
    [33maria-label[39m=[32m"Jira number for change item 70"[39m
    [33mclass[39m=[32m"MuiInputBase-input MuiOutlinedInput-input css-16wblaj-MuiInputBase-input-MuiOutlinedInput-input"[39m
    [33mid[39m=[32m"_r_cr_"[39m
    [33mmaxlength[39m=[32m"50"[39m
    [33mrequired[39m=[32m""[39m
    [33mtype[39m=[32m"text"[39m
    [33mvalue[39m=[32m"JIRA-0070"[39m
  [36m/>[39m

  Name "Description for change item 70":
  [36m<textarea[39m
    [33maria-describedby[39m=[32m"change-item-69-desc-help"[39m
    [33maria-invalid[39m=[32m"false"[39m
    [33maria-label[39m=[32m"Description for change item 70"[39m
    [33mclass[39m=[32m"MuiInputBase-input MuiOutlinedInput-input css-w4nesw-MuiInputBase-input-MuiOutlinedInput-input"[39m
    [33mid[39m=[32m"_r_cs_"[39m
    [33mmaxlength[39m=[32m"500"[39m
    [33mrequired[39m=[32m""[39m
    [33mrows[39m=[32m"3"[39m
    [33mstyle[39m=[32m"height: 0px; overflow: hidden;"[39m
  [36m/>[39m

  Name "Jira number for change item 71":
  [36m<input[39m
    [33maria-describedby[39m=[32m"change-item-70-jira-help"[39m
    [33maria-invalid[39m=[32m"false"[39m
    [33maria-label[39m=[32m"Jira number for change item 71"[39m
    [33mclass[39m=[32m"MuiInputBase-input MuiOutlinedInput-input css-16wblaj-MuiInputBase-input-MuiOutlinedInput-input"[39m
    [33mid[39m=[32m"_r_cu_"[39m
    [33mmaxlength[39m=[32m"50"[39m
    [33mrequired[39m=[32m""[39m
    [33mtype[39m=[32m"text"[39m
    [33mvalue[39m=[32m"JIRA-0071"[39m
  [36m/>[39m

  Name "Description for change item 71":
  [36m<textarea[39m
    [33maria-describedby[39m=[32m"change-item-70-desc-help"[39m
    [33maria-invalid[39m=[32m"false"[39m
    [33maria-label[39m=[32m"Description for change item 71"[39m
    [33mclass[39m=[32m"MuiInputBase-input MuiOutlinedInput-input css-w4nesw-MuiInputBase-input-MuiOutlinedInput-input"[39m
    [33mid[39m=[32m"_r_cv_"[39m
    [33mmaxlength[39m=[32m"500"[39m
    [33mrequired[39m=[32m""[39m
    [33mrows[39m=[32m"3"[39m
    [33mstyle[39m=[32m"height: 0px; overflow: hidden;"[39m
  [36m/>[39m

  Name "Jira number for change item 72":
  [36m<input[39m
    [33maria-describedby[39m=[32m"change-item-71-jira-help"[39m
    [33maria-invalid[39m=[32m"false"[39m
    [33maria-label[39m=[32m"Jira number for change item 72"[39m
    [33mclass[39m=[32m"MuiInputBase-input MuiOutlinedInput-input css-16wblaj-MuiInputBase-input-MuiOutlinedInput-input"[39m
    [33mid[39m=[32m"_r_d1_"[39m
    [33mmaxlength[39m=[32m"50"[39m
    [33mrequired[39m=[32m""[39m
    [33mtype[39m=[32m"text"[39m
    [33mvalue[39m=[32m"JIRA-0072"[39m
  [36m/>[39m

  Name "Description for change item 72":
  [36m<textarea[39m
    [33maria-describedby[39m=[32m"change-item-71-desc-help"[39m
    [33maria-invalid[39m=[32m"false"[39m
    [33maria-label[39m=[32m"Description for change item 72"[39m
    [33mclass[39m=[32m"MuiInputBase-input MuiOutlinedInput-input css-w4nesw-MuiInputBase-input-MuiOutlinedInput-input"[39m
    [33mid[39m=[32m"_r_d2_"[39m
    [33mmaxlength[39m=[32m"500"[39m
    [33mrequired[39m=[32m""[39m
    [33mrows[39m=[32m"3"[39m
    [33mstyle[39m=[32m"height: 0px; overflow: hidden;"[39m
  [36m/>[39m

  Name "Jira number for change item 73":
  [36m<input[39m
    [33maria-describedby[39m=[32m"change-item-72-jira-help"[39m
    [33maria-invalid[39m=[32m"false"[39m
    [33maria-label[39m=[32m"Jira number for change item 73"[39m
    [33mclass[39m=[32m"MuiInputBase-input MuiOutlinedInput-input css-16wblaj-MuiInputBase-input-MuiOutlinedInput-input"[39m
    [33mid[39m=[32m"_r_d4_"[39m
    [33mmaxlength[39m=[32m"50"[39m
    [33mrequired[39m=[32m""[39m
    [33mtype[39m=[32m"text"[39m
    [33mvalue[39m=[32m"JIRA-0073"[39m
  [36m/>[39m

  Name "Description for change item 73":
  [36m<textarea[39m
    [33maria-describedby[39m=[32m"change-item-72-desc-help"[39m
    [33maria-invalid[39m=[32m"false"[39m
    [33maria-label[39m=[32m"Description for change item 73"[39m
    [33mclass[39m=[32m"MuiInputBase-input MuiOutlinedInput-input css-w4nesw-MuiInputBase-input-MuiOutlinedInput-input"[39m
    [33mid[39m=[32m"_r_d5_"[39m
    [33mmaxlength[39m=[32m"500"[39m
    [33mrequired[39m=[32m""[39m
    [33mrows[39m=[32m"3"[39m
    [33mstyle[39m=[32m"height: 0px; overflow: hidden;"[39m
  [36m/>[39m

  Name "Jira number for change item 74":
  [36m<input[39m
    [33maria-describedby[39m=[32m"change-item-73-jira-help"[39m
    [33maria-invalid[39m=[32m"false"[39m
    [33maria-label[39m=[32m"Jira number for change item 74"[39m
    [33mclass[39m=[32m"MuiInputBase-input MuiOutlinedInput-input css-16wblaj-MuiInputBase-input-MuiOutlinedInput-input"[39m
    [33mid[39m=[32m"_r_d7_"[39m
    [33mmaxlength[39m=[32m"50"[39m
    [33mrequired[39m=[32m""[39m
    [33mtype[39m=[32m"text"[39m
    [33mvalue[39m=[32m"JIRA-0074"[39m
  [36m/>[39m

  Name "Description for change item 74":
  [36m<textarea[39m
    [33maria-describedby[39m=[32m"change-item-73-desc-help"[39m
    [33maria-invalid[39m=[32m"false"[39m
    [33maria-label[39m=[32m"Description for change item 74"[39m
    [33mclass[39m=[32m"MuiInputBase-input MuiOutlinedInput-input css-w4nesw-MuiInputBase-input-MuiOutlinedInput-input"[39m
    [33mid[39m=[32m"_r_d8_"[39m
    [33mmaxlength[39m=[32m"500"[39m
    [33mrequired[39m=[32m""[39m
    [33mrows[39m=[32m"3"[39m
    [33mstyle[39m=[32m"height: 0px; overflow: hidden;"[39m
  [36m/>[39m

  Name "Jira number for change item 75":
  [36m<input[39m
    [33maria-describedby[39m=[32m"change-item-74-jira-help"[39m
    [33maria-invalid[39m=[32m"false"[39m
    [33maria-label[39m=[32m"Jira number for change item 75"[39m
    [33mclass[39m=[32m"MuiInputBase-input MuiOutlinedInput-input css-16wblaj-MuiInputBase-input-MuiOutlinedInput-input"[39m
    [33mid[39m=[32m"_r_da_"[39m
    [33mmaxlength[39m=[32m"50"[39m
    [33mrequired[39m=[32m""[39m
    [33mtype[39m=[32m"text"[39m
    [33mvalue[39m=[32m"JIRA-0075"[39m
  [36m/>[39m

  Name "Description for change item 75":
  [36m<textarea[39m
    [33maria-describedby[39m=[32m"change-item-74-desc-help"[39m
    [33maria-invalid[39m=[32m"false"[39m
    [33maria-label[39m=[32m"Description for change item 75"[39m
    [33mclass[39m=[32m"MuiInputBase-input MuiOutlinedInput-input css-w4nesw-MuiInputBase-input-MuiOutlinedInput-input"[39m
    [33mid[39m=[32m"_r_db_"[39m
    [33mmaxlength[39m=[32m"500"[39m
    [33mrequired[39m=[32m""[39m
    [33mrows[39m=[32m"3"[39m
    [33mstyle[39m=[32m"height: 0px; overflow: hidden;"[39m
  [36m/>[39m

  Name "Jira number for change item 76":
  [36m<input[39m
    [33maria-describedby[39m=[32m"change-item-75-jira-help"[39m
    [33maria-invalid[39m=[32m"false"[39m
    [33maria-label[39m=[32m"Jira number for change item 76"[39m
    [33mclass[39m=[32m"MuiInputBase-input MuiOutlinedInput-input css-16wblaj-MuiInputBase-input-MuiOutlinedInput-input"[39m
    [33mid[39m=[32m"_r_dd_"[39m
    [33mmaxlength[39m=[32m"50"[39m
    [33mrequired[39m=[32m""[39m
    [33mtype[39m=[32m"text"[39m
    [33mvalue[39m=[32m"JIRA-0076"[39m
  [36m/>[39m

  Name "Description for change item 76":
  [36m<textarea[39m
    [33maria-describedby[39m=[32m"change-item-75-desc-help"[39m
    [33maria-invalid[39m=[32m"false"[39m
    [33maria-label[39m=[32m"Description for change item 76"[39m
    [33mclass[39m=[32m"MuiInputBase-input MuiOutlinedInput-input css-w4nesw-MuiInputBase-input-MuiOutlinedInput-input"[39m
    [33mid[39m=[32m"_r_de_"[39m
    [33mmaxlength[39m=[32m"500"[39m
    [33mrequired[39m=[32m""[39m
    [33mrows[39m=[32m"3"[39m
    [33mstyle[39m=[32m"height: 0px; overflow: hidden;"[39m
  [36m/>[39m

  Name "Jira number for change item 77":
  [36m<input[39m
    [33maria-describedby[39m=[32m"change-item-76-jira-help"[39m
    [33maria-invalid[39m=[32m"false"[39m
    [33maria-label[39m=[32m"Jira number for change item 77"[39m
    [33mclass[39m=[32m"MuiInputBase-input MuiOutlinedInput-input css-16wblaj-MuiInputBase-input-MuiOutlinedInput-input"[39m
    [33mid[39m=[32m"_r_dg_"[39m
    [33mmaxlength[39m=[32m"50"[39m
    [33mrequired[39m=[32m""[39m
    [33mtype[39m=[32m"text"[39m
    [33mvalue[39m=[32m"JIRA-0077"[39m
  [36m/>[39m

  Name "Description for change item 77":
  [36m<textarea[39m
    [33maria-describedby[39m=[32m"change-item-76-desc-help"[39m
    [33maria-invalid[39m=[32m"false"[39m
    [33maria-label[39m=[32m"Description for change item 77"[39m
    [33mclass[39m=[32m"MuiInputBase-input MuiOutlinedInput-input css-w4nesw-MuiInputBase-input-MuiOutlinedInput-input"[39m
    [33mid[39m=[32m"_r_dh_"[39m
    [33mmaxlength[39m=[32m"500"[39m
    [33mrequired[39m=[32m""[39m
    [33mrows[39m=[32m"3"[39m
    [33mstyle[39m=[32m"height: 0px; overflow: hidden;"[39m
  [36m/>[39m

  Name "Jira number for change item 78":
  [36m<input[39m
    [33maria-describedby[39m=[32m"change-item-77-jira-help"[39m
    [33maria-invalid[39m=[32m"false"[39m
    [33maria-label[39m=[32m"Jira number for change item 78"[39m
    [33mclass[39m=[32m"MuiInputBase-input MuiOutlinedInput-input css-16wblaj-MuiInputBase-input-MuiOutlinedInput-input"[39m
    [33mid[39m=[32m"_r_dj_"[39m
    [33mmaxlength[39m=[32m"50"[39m
    [33mrequired[39m=[32m""[39m
    [33mtype[39m=[32m"text"[39m
    [33mvalue[39m=[32m"JIRA-0078"[39m
  [36m/>[39m

  Name "Description for change item 78":
  [36m<textarea[39m
    [33maria-describedby[39m=[32m"change-item-77-desc-help"[39m
    [33maria-invalid[39m=[32m"false"[39m
    [33maria-label[39m=[32m"Description for change item 78"[39m
    [33mclass[39m=[32m"MuiInputBase-input MuiOutlinedInput-input css-w4nesw-MuiInputBase-input-MuiOutlinedInput-input"[39m
    [33mid[39m=[32m"_r_dk_"[39m
    [33mmaxlength[39m=[32m"500"[39m
    [33mrequired[39m=[32m""[39m
    [33mrows[39m=[32m"3"[39m
    [33mstyle[39m=[32m"height: 0px; overflow: hidden;"[39m
  [36m/>[39m

  Name "Jira number for change item 79":
  [36m<input[39m
    [33maria-describedby[39m=[32m"change-item-78-jira-help"[39m
    [33maria-invalid[39m=[32m"false"[39m
    [33maria-label[39m=[32m"Jira number for change item 79"[39m
    [33mclass[39m=[32m"MuiInputBase-input MuiOutlinedInput-input css-16wblaj-MuiInputBase-input-MuiOutlinedInput-input"[39m
    [33mid[39m=[32m"_r_dm_"[39m
    [33mmaxlength[39m=[32m"50"[39m
    [33mrequired[39m=[32m""[39m
    [33mtype[39m=[32m"text"[39m
    [33mvalue[39m=[32m"JIRA-0079"[39m
  [36m/>[39m

  Name "Description for change item 79":
  [36m<textarea[39m
    [33maria-describedby[39m=[32m"change-item-78-desc-help"[39m
    [33maria-invalid[39m=[32m"false"[39m
    [33maria-label[39m=[32m"Description for change item 79"[39m
    [33mclass[39m=[32m"MuiInputBase-input MuiOutlinedInput-input css-w4nesw-MuiInputBase-input-MuiOutlinedInput-input"[39m
    [33mid[39m=[32m"_r_dn_"[39m
    [33mmaxlength[39m=[32m"500"[39m
    [33mrequired[39m=[32m""[39m
    [33mrows[39m=[32m"3"[39m
    [33mstyle[39m=[32m"height: 0px; overflow: hidden;"[39m
  [36m/>[39m

  Name "Jira number for change item 80":
  [36m<input[39m
    [33maria-describedby[39m=[32m"change-item-79-jira-help"[39m
    [33maria-invalid[39m=[32m"false"[39m
    [33maria-label[39m=[32m"Jira number for change item 80"[39m
    [33mclass[39m=[32m"MuiInputBase-input MuiOutlinedInput-input css-16wblaj-MuiInputBase-input-MuiOutlinedInput-input"[39m
    [33mid[39m=[32m"_r_dp_"[39m
    [33mmaxlength[39m=[32m"50"[39m
    [33mrequired[39m=[32m""[39m
    [33mtype[39m=[32m"text"[39m
    [33mvalue[39m=[32m"JIRA-0080"[39m
  [36m/>[39m

  Name "Description for change item 80":
  [36m<textarea[39m
    [33maria-describedby[39m=[32m"change-item-79-desc-help"[39m
    [33maria-invalid[39m=[32m"false"[39m
    [33maria-label[39m=[32m"Description for change item 80"[39m
    [33mclass[39m=[32m"MuiInputBase-input MuiOutlinedInput-input css-w4nesw-MuiInputBase-input-MuiOutlinedInput-input"[39m
    [33mid[39m=[32m"_r_dq_"[39m
    [33mmaxlength[39m=[32m"500"[39m
    [33mrequired[39m=[32m""[39m
    [33mrows[39m=[32m"3"[39m
    [33mstyle[39m=[32m"height: 0px; overflow: hidden;"[39m
  [36m/>[39m

  Name "Jira number for change item 81":
  [36m<input[39m
    [33maria-describedby[39m=[32m"change-item-80-jira-help"[39m
    [33maria-invalid[39m=[32m"false"[39m
    [33maria-label[39m=[32m"Jira number for change item 81"[39m
    [33mclass[39m=[32m"MuiInputBase-input MuiOutlinedInput-input css-16wblaj-MuiInputBase-input-MuiOutlinedInput-input"[39m
    [33mid[39m=[32m"_r_ds_"[39m
    [33mmaxlength[39m=[32m"50"[39m
    [33mrequired[39m=[32m""[39m
    [33mtype[39m=[32m"text"[39m
    [33mvalue[39m=[32m"JIRA-0081"[39m
  [36m/>[39m

  Name "Description for change item 81":
  [36m<textarea[39m
    [33maria-describedby[39m=[32m"change-item-80-desc-help"[39m
    [33maria-invalid[39m=[32m"false"[39m
    [33maria-label[39m=[32m"Description for change item 81"[39m
    [33mclass[39m=[32m"MuiInputBase-input MuiOutlinedInput-input css-w4nesw-MuiInputBase-input-MuiOutlinedInput-input"[39m
    [33mid[39m=[32m"_r_dt_"[39m
    [33mmaxlength[39m=[32m"500"[39m
    [33mrequired[39m=[32m""[39m
    [33mrows[39m=[32m"3"[39m
    [33mstyle[39m=[32m"height: 0px; overflow: hidden;"[39m
  [36m/>[39m

  Name "Jira number for change item 82":
  [36m<input[39m
    [33maria-describedby[39m=[32m"change-item-81-jira-help"[39m
    [33maria-invalid[39m=[32m"false"[39m
    [33maria-label[39m=[32m"Jira number for change item 82"[39m
    [33mclass[39m=[32m"MuiInputBase-input MuiOutlinedInput-input css-16wblaj-MuiInputBase-input-MuiOutlinedInput-input"[39m
    [33mid[39m=[32m"_r_dv_"[39m
    [33mmaxlength[39m=[32m"50"[39m
    [33mrequired[39m=[32m""[39m
    [33mtype[39m=[32m"text"[39m
    [33mvalue[39m=[32m"JIRA-0082"[39m
  [36m/>[39m

  Name "Description for change item 82":
  [36m<textarea[39m
    [33maria-describedby[39m=[32m"change-item-81-desc-help"[39m
    [33maria-invalid[39m=[32m"false"[39m
    [33maria-label[39m=[32m"Description for change item 82"[39m
    [33mclass[39m=[32m"MuiInputBase-input MuiOutlinedInput-input css-w4nesw-MuiInputBase-input-MuiOutlinedInput-input"[39m
    [33mid[39m=[32m"_r_e0_"[39m
    [33mmaxlength[39m=[32m"500"[39m
    [33mrequired[39m=[32m""[39m
    [33mrows[39m=[32m"3"[39m
    [33mstyle[39m=[32m"height: 0px; overflow: hidden;"[39m
  [36m/>[39m

  Name "Jira number for change item 83":
  [36m<input[39m
    [33maria-describedby[39m=[32m"change-item-82-jira-help"[39m
    [33maria-invalid[39m=[32m"false"[39m
    [33maria-label[39m=[32m"Jira number for change item 83"[39m
    [33mclass[39m=[32m"MuiInputBase-input MuiOutlinedInput-input css-16wblaj-MuiInputBase-input-MuiOutlinedInput-input"[39m
    [33mid[39m=[32m"_r_e2_"[39m
    [33mmaxlength[39m=[32m"50"[39m
    [33mrequired[39m=[32m""[39m
    [33mtype[39m=[32m"text"[39m
    [33mvalue[39m=[32m"JIRA-0083"[39m
  [36m/>[39m

  Name "Description for change item 83":
  [36m<textarea[39m
    [33maria-describedby[39m=[32m"change-item-82-desc-help"[39m
    [33maria-invalid[39m=[32m"false"[39m
    [33maria-label[39m=[32m"Description for change item 83"[39m
    [33mclass[39m=[32m"MuiInputBase-input MuiOutlinedInput-input css-w4nesw-MuiInputBase-input-MuiOutlinedInput-input"[39m
    [33mid[39m=[32m"_r_e3_"[39m
    [33mmaxlength[39m=[32m"500"[39m
    [33mrequired[39m=[32m""[39m
    [33mrows[39m=[32m"3"[39m
    [33mstyle[39m=[32m"height: 0px; overflow: hidden;"[39m
  [36m/>[39m

  Name "Jira number for change item 84":
  [36m<input[39m
    [33maria-describedby[39m=[32m"change-item-83-jira-help"[39m
    [33maria-invalid[39m=[32m"false"[39m
    [33maria-label[39m=[32m"Jira number for change item 84"[39m
    [33mclass[39m=[32m"MuiInputBase-input MuiOutlinedInput-input css-16wblaj-MuiInputBase-input-MuiOutlinedInput-input"[39m
    [33mid[39m=[32m"_r_e5_"[39m
    [33mmaxlength[39m=[32m"50"[39m
    [33mrequired[39m=[32m""[39m
    [33mtype[39m=[32m"text"[39m
    [33mvalue[39m=[32m"JIRA-0084"[39m
  [36m/>[39m

  Name "Description for change item 84":
  [36m<textarea[39m
    [33maria-describedby[39m=[32m"change-item-83-desc-help"[39m
    [33maria-invalid[39m=[32m"false"[39m
    [33maria-label[39m=[32m"Description for change item 84"[39m
    [33mclass[39m=[32m"MuiInputBase-input MuiOutlinedInput-input css-w4nesw-MuiInputBase-input-MuiOutlinedInput-input"[39m
    [33mid[39m=[32m"_r_e6_"[39m
    [33mmaxlength[39m=[32m"500"[39m
    [33mrequired[39m=[32m""[39m
    [33mrows[39m=[32m"3"[39m
    [33mstyle[39m=[32m"height: 0px; overflow: hidden;"[39m
  [36m/>[39m

  Name "Jira number for change item 85":
  [36m<input[39m
    [33maria-describedby[39m=[32m"change-item-84-jira-help"[39m
    [33maria-invalid[39m=[32m"false"[39m
    [33maria-label[39m=[32m"Jira number for change item 85"[39m
    [33mclass[39m=[32m"MuiInputBase-input MuiOutlinedInput-input css-16wblaj-MuiInputBase-input-MuiOutlinedInput-input"[39m
    [33mid[39m=[32m"_r_e8_"[39m
    [33mmaxlength[39m=[32m"50"[39m
    [33mrequired[39m=[32m""[39m
    [33mtype[39m=[32m"text"[39m
    [33mvalue[39m=[32m"JIRA-0085"[39m
  [36m/>[39m

  Name "Description for change item 85":
  [36m<textarea[39m
    [33maria-describedby[39m=[32m"change-item-84-desc-help"[39m
    [33maria-invalid[39m=[32m"false"[39m
    [33maria-label[39m=[32m"Description for change item 85"[39m
    [33mclass[39m=[32m"MuiInputBase-input MuiOutlinedInput-input css-w4nesw-MuiInputBase-input-MuiOutlinedInput-input"[39m
    [33mid[39m=[32m"_r_e9_"[39m
    [33mmaxlength[39m=[32m"500"[39m
    [33mrequired[39m=[32m""[39m
    [33mrows[39m=[32m"3"[39m
    [33mstyle[39m=[32m"height: 0px; overflow: hidden;"[39m
  [36m/>[39m

  Name "Jira number for change item 86":
  [36m<input[39m
    [33maria-describedby[39m=[32m"change-item-85-jira-help"[39m
    [33maria-invalid[39m=[32m"false"[39m
    [33maria-label[39m=[32m"Jira number for change item 86"[39m
    [33mclass[39m=[32m"MuiInputBase-input MuiOutlinedInput-input css-16wblaj-MuiInputBase-input-MuiOutlinedInput-input"[39m
    [33mid[39m=[32m"_r_eb_"[39m
    [33mmaxlength[39m=[32m"50"[39m
    [33mrequired[39m=[32m""[39m
    [33mtype[39m=[32m"text"[39m
    [33mvalue[39m=[32m"JIRA-0086"[39m
  [36m/>[39m

  Name "Description for change item 86":
  [36m<textarea[39m
    [33maria-describedby[39m=[32m"change-item-85-desc-help"[39m
    [33maria-invalid[39m=[32m"false"[39m
    [33maria-label[39m=[32m"Description for change item 86"[39m
    [33mclass[39m=[32m"MuiInputBase-input MuiOutlinedInput-input css-w4nesw-MuiInputBase-input-MuiOutlinedInput-input"[39m
    [33mid[39m=[32m"_r_ec_"[39m
    [33mmaxlength[39m=[32m"500"[39m
    [33mrequired[39m=[32m""[39m
    [33mrows[39m=[32m"3"[39m
    [33mstyle[39m=[32m"height: 0px; overflow: hidden;"[39m
  [36m/>[39m

  Name "Jira number for change item 87":
  [36m<input[39m
    [33maria-describedby[39m=[32m"change-item-86-jira-help"[39m
    [33maria-invalid[39m=[32m"false"[39m
    [33maria-label[39m=[32m"Jira number for change item 87"[39m
    [33mclass[39m=[32m"MuiInputBase-input MuiOutlinedInput-input css-16wblaj-MuiInputBase-input-MuiOutlinedInput-input"[39m
    [33mid[39m=[32m"_r_ee_"[39m
    [33mmaxlength[39m=[32m"50"[39m
    [33mrequired[39m=[32m""[39m
    [33mtype[39m=[32m"text"[39m
    [33mvalue[39m=[32m"JIRA-0087"[39m
  [36m/>[39m

  Name "Description for change item 87":
  [36m<textarea[39m
    [33maria-describedby[39m=[32m"change-item-86-desc-help"[39m
    [33maria-invalid[39m=[32m"false"[39m
    [33maria-label[39m=[32m"Description for change item 87"[39m
    [33mclass[39m=[32m"MuiInputBase-input MuiOutlinedInput-input css-w4nesw-MuiInputBase-input-MuiOutlinedInput-input"[39m
    [33mid[39m=[32m"_r_ef_"[39m
    [33mmaxlength[39m=[32m"500"[39m
    [33mrequired[39m=[32m""[39m
    [33mrows[39m=[32m"3"[39m
    [33mstyle[39m=[32m"height: 0px; overflow: hidden;"[39m
  [36m/>[39m

  Name "Jira number for change item 88":
  [36m<input[39m
    [33maria-describedby[39m=[32m"change-item-87-jira-help"[39m
    [33maria-invalid[39m=[32m"false"[39m
    [33maria-label[39m=[32m"Jira number for change item 88"[39m
    [33mclass[39m=[32m"MuiInputBase-input MuiOutlinedInput-input css-16wblaj-MuiInputBase-input-MuiOutlinedInput-input"[39m
    [33mid[39m=[32m"_r_eh_"[39m
    [33mmaxlength[39m=[32m"50"[39m
    [33mrequired[39m=[32m""[39m
    [33mtype[39m=[32m"text"[39m
    [33mvalue[39m=[32m"JIRA-0088"[39m
  [36m/>[39m

  Name "Description for change item 88":
  [36m<textarea[39m
    [33maria-describedby[39m=[32m"change-item-87-desc-help"[39m
    [33maria-invalid[39m=[32m"false"[39m
    [33maria-label[39m=[32m"Description for change item 88"[39m
    [33mclass[39m=[32m"MuiInputBase-input MuiOutlinedInput-input css-w4nesw-MuiInputBase-input-MuiOutlinedInput-input"[39m
    [33mid[39m=[32m"_r_ei_"[39m
    [33mmaxlength[39m=[32m"500"[39m
    [33mrequired[39m=[32m""[39m
    [33mrows[39m=[32m"3"[39m
    [33mstyle[39m=[32m"height: 0px; overflow: hidden;"[39m
  [36m/>[39m

  Name "Jira number for change item 89":
  [36m<input[39m
    [33maria-describedby[39m=[32m"change-item-88-jira-help"[39m
    [33maria-invalid[39m=[32m"false"[39m
    [33maria-label[39m=[32m"Jira number for change item 89"[39m
    [33mclass[39m=[32m"MuiInputBase-input MuiOutlinedInput-input css-16wblaj-MuiInputBase-input-MuiOutlinedInput-input"[39m
    [33mid[39m=[32m"_r_ek_"[39m
    [33mmaxlength[39m=[32m"50"[39m
    [33mrequired[39m=[32m""[39m
    [33mtype[39m=[32m"text"[39m
    [33mvalue[39m=[32m"JIRA-0089"[39m
  [36m/>[39m

  Name "Description for change item 89":
  [36m<textarea[39m
    [33maria-describedby[39m=[32m"change-item-88-desc-help"[39m
    [33maria-invalid[39m=[32m"false"[39m
    [33maria-label[39m=[32m"Description for change item 89"[39m
    [33mclass[39m=[32m"MuiInputBase-input MuiOutlinedInput-input css-w4nesw-MuiInputBase-input-MuiOutlinedInput-input"[39m
    [33mid[39m=[32m"_r_el_"[39m
    [33mmaxlength[39m=[32m"500"[39m
    [33mrequired[39m=[32m""[39m
    [33mrows[39m=[32m"3"[39m
    [33mstyle[39m=[32m"height: 0px; overflow: hidden;"[39m
  [36m/>[39m

  Name "Jira number for change item 90":
  [36m<input[39m
    [33maria-describedby[39m=[32m"change-item-89-jira-help"[39m
    [33maria-invalid[39m=[32m"false"[39m
    [33maria-label[39m=[32m"Jira number for change item 90"[39m
    [33mclass[39m=[32m"MuiInputBase-input MuiOutlinedInput-input css-16wblaj-MuiInputBase-input-MuiOutlinedInput-input"[39m
    [33mid[39m=[32m"_r_en_"[39m
    [33mmaxlength[39m=[32m"50"[39m
    [33mrequired[39m=[32m""[39m
    [33mtype[39m=[32m"text"[39m
    [33mvalue[39m=[32m"JIRA-0090"[39m
  [36m/>[39m

  Name "Description for change item 90":
  [36m<textarea[39m
    [33maria-describedby[39m=[32m"change-item-89-desc-help"[39m
    [33maria-invalid[39m=[32m"false"[39m
    [33maria-label[39m=[32m"Description for change item 90"[39m
    [33mclass[39m=[32m"MuiInputBase-input MuiOutlinedInput-input css-w4nesw-MuiInputBase-input-MuiOutlinedInput-input"[39m
    [33mid[39m=[32m"_r_eo_"[39m
    [33mmaxlength[39m=[32m"500"[39m
    [33mrequired[39m=[32m""[39m
    [33mrows[39m=[32m"3"[39m
    [33mstyle[39m=[32m"height: 0px; overflow: hidden;"[39m
  [36m/>[39m

  Name "Jira number for change item 91":
  [36m<input[39m
    [33maria-describedby[39m=[32m"change-item-90-jira-help"[39m
    [33maria-invalid[39m=[32m"false"[39m
    [33maria-label[39m=[32m"Jira number for change item 91"[39m
    [33mclass[39m=[32m"MuiInputBase-input MuiOutlinedInput-input css-16wblaj-MuiInputBase-input-MuiOutlinedInput-input"[39m
    [33mid[39m=[32m"_r_eq_"[39m
    [33mmaxlength[39m=[32m"50"[39m
    [33mrequired[39m=[32m""[39m
    [33mtype[39m=[32m"text"[39m
    [33mvalue[39m=[32m"JIRA-0091"[39m
  [36m/>[39m

  Name "Description for change item 91":
  [36m<textarea[39m
    [33maria-describedby[39m=[32m"change-item-90-desc-help"[39m
    [33maria-invalid[39m=[32m"false"[39m
    [33maria-label[39m=[32m"Description for change item 91"[39m
    [33mclass[39m=[32m"MuiInputBase-input MuiOutlinedInput-input css-w4nesw-MuiInputBase-input-MuiOutlinedInput-input"[39m
    [33mid[39m=[32m"_r_er_"[39m
    [33mmaxlength[39m=[32m"500"[39m
    [33mrequired[39m=[32m""[39m
    [33mrows[39m=[32m"3"[39m
    [33mstyle[39m=[32m"height: 0px; overflow: hidden;"[39m
  [36m/>[39m

  Name "Jira number for change item 92":
  [36m<input[39m
    [33maria-describedby[39m=[32m"change-item-91-jira-help"[39m
    [33maria-invalid[39m=[32m"false"[39m
    [33maria-label[39m=[32m"Jira number for change item 92"[39m
    [33mclass[39m=[32m"MuiInputBase-input MuiOutlinedInput-input css-16wblaj-MuiInputBase-input-MuiOutlinedInput-input"[39m
    [33mid[39m=[32m"_r_et_"[39m
    [33mmaxlength[39m=[32m"50"[39m
    [33mrequired[39m=[32m""[39m
    [33mtype[39m=[32m"text"[39m
    [33mvalue[39m=[32m"JIRA-0092"[39m
  [36m/>[39m

  Name "Description for change item 92":
  [36m<textarea[39m
    [33maria-describedby[39m=[32m"change-item-91-desc-help"[39m
    [33maria-invalid[39m=[32m"false"[39m
    [33maria-label[39m=[32m"Description for change item 92"[39m
    [33mclass[39m=[32m"MuiInputBase-input MuiOutlinedInput-input css-w4nesw-MuiInputBase-input-MuiOutlinedInput-input"[39m
    [33mid[39m=[32m"_r_eu_"[39m
    [33mmaxlength[39m=[32m"500"[39m
    [33mrequired[39m=[32m""[39m
    [33mrows[39m=[32m"3"[39m
    [33mstyle[39m=[32m"height: 0px; overflow: hidden;"[39m
  [36m/>[39m

  Name "Jira number for change item 93":
  [36m<input[39m
    [33maria-describedby[39m=[32m"change-item-92-jira-help"[39m
    [33maria-invalid[39m=[32m"false"[39m
    [33maria-label[39m=[32m"Jira number for change item 93"[39m
    [33mclass[39m=[32m"MuiInputBase-input MuiOutlinedInput-input css-16wblaj-MuiInputBase-input-MuiOutlinedInput-input"[39m
    [33mid[39m=[32m"_r_f0_"[39m
    [33mmaxlength[39m=[32m"50"[39m
    [33mrequired[39m=[32m""[39m
    [33mtype[39m=[32m"text"[39m
    [33mvalue[39m=[32m"JIRA-0093"[39m
  [36m/>[39m

  Name "Description for change item 93":
  [36m<textarea[39m
    [33maria-describedby[39m=[32m"change-item-92-desc-help"[39m
    [33maria-invalid[39m=[32m"false"[39m
    [33maria-label[39m=[32m"Description for change item 93"[39m
    [33mclass[39m=[32m"MuiInputBase-input MuiOutlinedInput-input css-w4nesw-MuiInputBase-input-MuiOutlinedInput-input"[39m
    [33mid[39m=[32m"_r_f1_"[39m
    [33mmaxlength[39m=[32m"500"[39m
    [33mrequired[39m=[32m""[39m
    [33mrows[39m=[32m"3"[39m
    [33mstyle[39m=[32m"height: 0px; overflow: hidden;"[39m
  [36m/>[39m

  Name "Jira number for change item 94":
  [36m<input[39m
    [33maria-describedby[39m=[32m"change-item-93-jira-help"[39m
    [33maria-invalid[39m=[32m"false"[39m
    [33maria-label[39m=[32m"Jira number for change item 94"[39m
    [33mclass[39m=[32m"MuiInputBase-input MuiOutlinedInput-input css-16wblaj-MuiInputBase-input-MuiOutlinedInput-input"[39m
    [33mid[39m=[32m"_r_f3_"[39m
    [33mmaxlength[39m=[32m"50"[39m
    [33mrequired[39m=[32m""[39m
    [33mtype[39m=[32m"text"[39m
    [33mvalue[39m=[32m"JIRA-0094"[39m
  [36m/>[39m

  Name "Description for change item 94":
  [36m<textarea[39m
    [33maria-describedby[39m=[32m"change-item-93-desc-help"[39m
    [33maria-invalid[39m=[32m"false"[39m
    [33maria-label[39m=[32m"Description for change item 94"[39m
    [33mclass[39m=[32m"MuiInputBase-input MuiOutlinedInput-input css-w4nesw-MuiInputBase-input-MuiOutlinedInput-input"[39m
    [33mid[39m=[32m"_r_f4_"[39m
    [33mmaxlength[39m=[32m"500"[39m
    [33mrequired[39m=[32m""[39m
    [33mrows[39m=[32m"3"[39m
    [33mstyle[39m=[32m"height: 0px; overflow: hidden;"[39m
  [36m/>[39m

  Name "Jira number for change item 95":
  [36m<input[39m
    [33maria-describedby[39m=[32m"change-item-94-jira-help"[39m
    [33maria-invalid[39m=[32m"false"[39m
    [33maria-label[39m=[32m"Jira number for change item 95"[39m
    [33mclass[39m=[32m"MuiInputBase-input MuiOutlinedInput-input css-16wblaj-MuiInputBase-input-MuiOutlinedInput-input"[39m
    [33mid[39m=[32m"_r_f6_"[39m
    [33mmaxlength[39m=[32m"50"[39m
    [33mrequired[39m=[32m""[39m
    [33mtype[39m=[32m"text"[39m
    [33mvalue[39m=[32m"JIRA-0095"[39m
  [36m/>[39m

  Name "Description for change item 95":
  [36m<textarea[39m
    [33maria-describedby[39m=[32m"change-item-94-desc-help"[39m
    [33maria-invalid[39m=[32m"false"[39m
    [33maria-label[39m=[32m"Description for change item 95"[39m
    [33mclass[39m=[32m"MuiInputBase-input MuiOutlinedInput-input css-w4nesw-MuiInputBase-input-MuiOutlinedInput-input"[39m
    [33mid[39m=[32m"_r_f7_"[39m
    [33mmaxlength[39m=[32m"500"[39m
    [33mrequired[39m=[32m""[39m
    [33mrows[39m=[32m"3"[39m
    [33mstyle[39m=[32m"height: 0px; overflow: hidden;"[39m
  [36m/>[39m

  Name "Jira number for change item 96":
  [36m<input[39m
    [33maria-describedby[39m=[32m"change-item-95-jira-help"[39m
    [33maria-invalid[39m=[32m"false"[39m
    [33maria-label[39m=[32m"Jira number for change item 96"[39m
    [33mclass[39m=[32m"MuiInputBase-input MuiOutlinedInput-input css-16wblaj-MuiInputBase-input-MuiOutlinedInput-input"[39m
    [33mid[39m=[32m"_r_f9_"[39m
    [33mmaxlength[39m=[32m"50"[39m
    [33mrequired[39m=[32m""[39m
    [33mtype[39m=[32m"text"[39m
    [33mvalue[39m=[32m"JIRA-0096"[39m
  [36m/>[39m

  Name "Description for change item 96":
  [36m<textarea[39m
    [33maria-describedby[39m=[32m"change-item-95-desc-help"[39m
    [33maria-invalid[39m=[32m"false"[39m
    [33maria-label[39m=[32m"Description for change item 96"[39m
    [33mclass[39m=[32m"MuiInputBase-input MuiOutlinedInput-input css-w4nesw-MuiInputBase-input-MuiOutlinedInput-input"[39m
    [33mid[39m=[32m"_r_fa_"[39m
    [33mmaxlength[39m=[32m"500"[39m
    [33mrequired[39m=[32m""[39m
    [33mrows[39m=[32m"3"[39m
    [33mstyle[39m=[32m"height: 0px; overflow: hidden;"[39m
  [36m/>[39m

  Name "Jira number for change item 97":
  [36m<input[39m
    [33maria-describedby[39m=[32m"change-item-96-jira-help"[39m
    [33maria-invalid[39m=[32m"false"[39m
    [33maria-label[39m=[32m"Jira number for change item 97"[39m
    [33mclass[39m=[32m"MuiInputBase-input MuiOutlinedInput-input css-16wblaj-MuiInputBase-input-MuiOutlinedInput-input"[39m
    [33mid[39m=[32m"_r_fc_"[39m
    [33mmaxlength[39m=[32m"50"[39m
    [33mrequired[39m=[32m""[39m
    [33mtype[39m=[32m"text"[39m
    [33mvalue[39m=[32m"JIRA-0097"[39m
  [36m/>[39m

  Name "Description for change item 97":
  [36m<textarea[39m
    [33maria-describedby[39m=[32m"change-item-96-desc-help"[39m
    [33maria-invalid[39m=[32m"false"[39m
    [33maria-label[39m=[32m"Description for change item 97"[39m
    [33mclass[39m=[32m"MuiInputBase-input MuiOutlinedInput-input css-w4nesw-MuiInputBase-input-MuiOutlinedInput-input"[39m
    [33mid[39m=[32m"_r_fd_"[39m
    [33mmaxlength[39m=[32m"500"[39m
    [33mrequired[39m=[32m""[39m
    [33mrows[39m=[32m"3"[39m
    [33mstyle[39m=[32m"height: 0px; overflow: hidden;"[39m
  [36m/>[39m

  Name "Jira number for change item 98":
  [36m<input[39m
    [33maria-describedby[39m=[32m"change-item-97-jira-help"[39m
    [33maria-invalid[39m=[32m"false"[39m
    [33maria-label[39m=[32m"Jira number for change item 98"[39m
    [33mclass[39m=[32m"MuiInputBase-input MuiOutlinedInput-input css-16wblaj-MuiInputBase-input-MuiOutlinedInput-input"[39m
    [33mid[39m=[32m"_r_ff_"[39m
    [33mmaxlength[39m=[32m"50"[39m
    [33mrequired[39m=[32m""[39m
    [33mtype[39m=[32m"text"[39m
    [33mvalue[39m=[32m"JIRA-0098"[39m
  [36m/>[39m

  Name "Description for change item 98":
  [36m<textarea[39m
    [33maria-describedby[39m=[32m"change-item-97-desc-help"[39m
    [33maria-invalid[39m=[32m"false"[39m
    [33maria-label[39m=[32m"Description for change item 98"[39m
    [33mclass[39m=[32m"MuiInputBase-input MuiOutlinedInput-input css-w4nesw-MuiInputBase-input-MuiOutlinedInput-input"[39m
    [33mid[39m=[32m"_r_fg_"[39m
    [33mmaxlength[39m=[32m"500"[39m
    [33mrequired[39m=[32m""[39m
    [33mrows[39m=[32m"3"[39m
    [33mstyle[39m=[32m"height: 0px; overflow: hidden;"[39m
  [36m/>[39m

  Name "Jira number for change item 99":
  [36m<input[39m
    [33maria-describedby[39m=[32m"change-item-98-jira-help"[39m
    [33maria-invalid[39m=[32m"false"[39m
    [33maria-label[39m=[32m"Jira number for change item 99"[39m
    [33mclass[39m=[32m"MuiInputBase-input MuiOutlinedInput-input css-16wblaj-MuiInputBase-input-MuiOutlinedInput-input"[39m
    [33mid[39m=[32m"_r_fi_"[39m
    [33mmaxlength[39m=[32m"50"[39m
    [33mrequired[39m=[32m""[39m
    [33mtype[39m=[32m"text"[39m
    [33mvalue[39m=[32m"JIRA-0099"[39m
  [36m/>[39m

  Name "Description for change item 99":
  [36m<textarea[39m
    [33maria-describedby[39m=[32m"change-item-98-desc-help"[39m
    [33maria-invalid[39m=[32m"false"[39m
    [33maria-label[39m=[32m"Description for change item 99"[39m
    [33mclass[39m=[32m"MuiInputBase-input MuiOutlinedInput-input css-w4nesw-MuiInputBase-input-MuiOutlinedInput-input"[39m
    [33mid[39m=[32m"_r_fj_"[39m
    [33mmaxlength[39m=[32m"500"[39m
    [33mrequired[39m=[32m""[39m
    [33mrows[39m=[32m"3"[39m
    [33mstyle[39m=[32m"height: 0px; overflow: hidden;"[39m
  [36m/>[39m

  Name "Jira number for change item 100":
  [36m<input[39m
    [33maria-describedby[39m=[32m"change-item-99-jira-help"[39m
    [33maria-invalid[39m=[32m"false"[39m
    [33maria-label[39m=[32m"Jira number for change item 100"[39m
    [33mclass[39m=[32m"MuiInputBase-input MuiOutlinedInput-input css-16wblaj-MuiInputBase-input-MuiOutlinedInput-input"[39m
    [33mid[39m=[32m"_r_fl_"[39m
    [33mmaxlength[39m=[32m"50"[39m
    [33mrequired[39m=[32m""[39m
    [33mtype[39m=[32m"text"[39m
    [33mvalue[39m=[32m"JIRA-0100"[39m
  [36m/>[39m

  Name "Description for change item 100":
  [36m<textarea[39m
    [33maria-describedby[39m=[32m"change-item-99-desc-help"[39m
    [33maria-invalid[39m=[32m"false"[39m
    [33maria-label[39m=[32m"Description for change item 100"[39m
    [33mclass[39m=[32m"MuiInputBase-input MuiOutlinedInput-input css-w4nesw-MuiInputBase-input-MuiOutlinedInput-input"[39m
    [33mid[39m=[32m"_r_fm_"[39m
    [33mmaxlength[39m=[32m"500"[39m
    [33mrequired[39m=[32m""[39m
    [33mrows[39m=[32m"3"[39m
    [33mstyle[39m=[32m"height: 0px; overflow: hidden;"[39m
  [36m/>[39m

  Name "Jira number for change item 101":
  [36m<input[39m
    [33maria-describedby[39m=[32m"change-item-100-jira-help"[39m
    [33maria-invalid[39m=[32m"false"[39m
    [33maria-label[39m=[32m"Jira number for change item 101"[39m
    [33mclass[39m=[32m"MuiInputBase-input MuiOutlinedInput-input css-16wblaj-MuiInputBase-input-MuiOutlinedInput-input"[39m
    [33mid[39m=[32m"_r_fo_"[39m
    [33mmaxlength[39m=[32m"50"[39m
    [33mrequired[39m=[32m""[39m
    [33mtype[39m=[32m"text"[39m
    [33mvalue[39m=[32m"JIRA-0101"[39m
  [36m/>[39m

  Name "Description for change item 101":
  [36m<textarea[39m
    [33maria-describedby[39m=[32m"change-item-100-desc-help"[39m
    [33maria-invalid[39m=[32m"false"[39m
    [33maria-label[39m=[32m"Description for change item 101"[39m
    [33mclass[39m=[32m"MuiInputBase-input MuiOutlinedInput-input css-w4nesw-MuiInputBase-input-MuiOutlinedInput-input"[39m
    [33mid[39m=[32m"_r_fp_"[39m
    [33mmaxlength[39m=[32m"500"[39m
    [33mrequired[39m=[32m""[39m
    [33mrows[39m=[32m"3"[39m
    [33mstyle[39m=[32m"height: 0px; overflow: hidden;"[39m
  [36m/>[39m

  Name "Jira number for change item 102":
  [36m<input[39m
    [33maria-describedby[39m=[32m"change-item-101-jira-help"[39m
    [33maria-invalid[39m=[32m"false"[39m
    [33maria-label[39m=[32m"Jira number for change item 102"[39m
    [33mclass[39m=[32m"MuiInputBase-input MuiOutlinedInput-input css-16wblaj-MuiInputBase-input-MuiOutlinedInput-input"[39m
    [33mid[39m=[32m"_r_fr_"[39m
    [33mmaxlength[39m=[32m"50"[39m
    [33mrequired[39m=[32m""[39m
    [33mtype[39m=[32m"text"[39m
    [33mvalue[39m=[32m"JIRA-0102"[39m
  [36m/>[39m

  Name "Description for change item 102":
  [36m<textarea[39m
    [33maria-describedby[39m=[32m"change-item-101-desc-help"[39m
    [33maria-invalid[39m=[32m"false"[39m
    [33maria-label[39m=[32m"Description for change item 102"[39m
    [33mclass[39m=[32m"MuiInputBase-input MuiOutlinedInput-input css-w4nesw-MuiInputBase-input-MuiOutlinedInput-input"[39m
    [33mid[39m=[32m"_r_fs_"[39m
    [33mmaxlength[39m=[32m"500"[39m
    [33mrequired[39m=[32m""[39m
    [33mrows[39m=[32m"3"[39m
    [33mstyle[39m=[32m"height: 0px; overflow: hidden;"[39m
  [36m/>[39m

  Name "Jira number for change item 103":
  [36m<input[39m
    [33maria-describedby[39m=[32m"change-item-102-jira-help"[39m
    [33maria-invalid[39m=[32m"false"[39m
    [33maria-label[39m=[32m"Jira number for change item 103"[39m
    [33mclass[39m=[32m"MuiInputBase-input MuiOutlinedInput-input css-16wblaj-MuiInputBase-input-MuiOutlinedInput-input"[39m
    [33mid[39m=[32m"_r_fu_"[39m
    [33mmaxlength[39m=[32m"50"[39m
    [33mrequired[39m=[32m""[39m
    [33mtype[39m=[32m"text"[39m
    [33mvalue[39m=[32m"JIRA-0103"[39m
  [36m/>[39m

  Name "Description for change item 103":
  [36m<textarea[39m
    [33maria-describedby[39m=[32m"change-item-102-desc-help"[39m
    [33maria-invalid[39m=[32m"false"[39m
    [33maria-label[39m=[32m"Description for change item 103"[39m
    [33mclass[39m=[32m"MuiInputBase-input MuiOutlinedInput-input css-w4nesw-MuiInputBase-input-MuiOutlinedInput-input"[39m
    [33mid[39m=[32m"_r_fv_"[39m
    [33mmaxlength[39m=[32m"500"[39m
    [33mrequired[39m=[32m""[39m
    [33mrows[39m=[32m"3"[39m
    [33mstyle[39m=[32m"height: 0px; overflow: hidden;"[39m
  [36m/>[39m

  Name "Jira number for change item 104":
  [36m<input[39m
    [33maria-describedby[39m=[32m"change-item-103-jira-help"[39m
    [33maria-invalid[39m=[32m"false"[39m
    [33maria-label[39m=[32m"Jira number for change item 104"[39m
    [33mclass[39m=[32m"MuiInputBase-input MuiOutlinedInput-input css-16wblaj-MuiInputBase-input-MuiOutlinedInput-input"[39m
    [33mid[39m=[32m"_r_g1_"[39m
    [33mmaxlength[39m=[32m"50"[39m
    [33mrequired[39m=[32m""[39m
    [33mtype[39m=[32m"text"[39m
    [33mvalue[39m=[32m"JIRA-0104"[39m
  [36m/>[39m

  Name "Description for change item 104":
  [36m<textarea[39m
    [33maria-describedby[39m=[32m"change-item-103-desc-help"[39m
    [33maria-invalid[39m=[32m"false"[39m
    [33maria-label[39m=[32m"Description for change item 104"[39m
    [33mclass[39m=[32m"MuiInputBase-input MuiOutlinedInput-input css-w4nesw-MuiInputBase-input-MuiOutlinedInput-input"[39m
    [33mid[39m=[32m"_r_g2_"[39m
    [33mmaxlength[39m=[32m"500"[39m
    [33mrequired[39m=[32m""[39m
    [33mrows[39m=[32m"3"[39m
    [33mstyle[39m=[32m"height: 0px; overflow: hidden;"[39m
  [36m/>[39m

  Name "Jira number for change item 105":
  [36m<input[39m
    [33maria-describedby[39m=[32m"change-item-104-jira-help"[39m
    [33maria-invalid[39m=[32m"false"[39m
    [33maria-label[39m=[32m"Jira number for change item 105"[39m
    [33mclass[39m=[32m"MuiInputBase-input MuiOutlinedInput-input css-16wblaj-MuiInputBase-input-MuiOutlinedInput-input"[39m
    [33mid[39m=[32m"_r_g4_"[39m
    [33mmaxlength[39m=[32m"50"[39m
    [33mrequired[39m=[32m""[39m
    [33mtype[39m=[32m"text"[39m
    [33mvalue[39m=[32m"JIRA-0105"[39m
  [36m/>[39m

  Name "Description for change item 105":
  [36m<textarea[39m
    [33maria-describedby[39m=[32m"change-item-104-desc-help"[39m
    [33maria-invalid[39m=[32m"false"[39m
    [33maria-label[39m=[32m"Description for change item 105"[39m
    [33mclass[39m=[32m"MuiInputBase-input MuiOutlinedInput-input css-w4nesw-MuiInputBase-input-MuiOutlinedInput-input"[39m
    [33mid[39m=[32m"_r_g5_"[39m
    [33mmaxlength[39m=[32m"500"[39m
    [33mrequired[39m=[32m""[39m
    [33mrows[39m=[32m"3"[39m
    [33mstyle[39m=[32m"height: 0px; overflow: hidden;"[39m
  [36m/>[39m

  Name "Jira number for change item 106":
  [36m<input[39m
    [33maria-describedby[39m=[32m"change-item-105-jira-help"[39m
    [33maria-invalid[39m=[32m"false"[39m
    [33maria-label[39m=[32m"Jira number for change item 106"[39m
    [33mclass[39m=[32m"MuiInputBase-input MuiOutlinedInput-input css-16wblaj-MuiInputBase-input-MuiOutlinedInput-input"[39m
    [33mid[39m=[32m"_r_g7_"[39m
    [33mmaxlength[39m=[32m"50"[39m
    [33mrequired[39m=[32m""[39m
    [33mtype[39m=[32m"text"[39m
    [33mvalue[39m=[32m"JIRA-0106"[39m
  [36m/>[39m

  Name "Description for change item 106":
  [36m<textarea[39m
    [33maria-describedby[39m=[32m"change-item-105-desc-help"[39m
    [33maria-invalid[39m=[32m"false"[39m
    [33maria-label[39m=[32m"Description for change item 106"[39m
    [33mclass[39m=[32m"MuiInputBase-input MuiOutlinedInput-input css-w4nesw-MuiInputBase-input-MuiOutlinedInput-input"[39m
    [33mid[39m=[32m"_r_g8_"[39m
    [33mmaxlength[39m=[32m"500"[39m
    [33mrequired[39m=[32m""[39m
    [33mrows[39m=[32m"3"[39m
    [33mstyle[39m=[32m"height: 0px; overflow: hidden;"[39m
  [36m/>[39m

  Name "Jira number for change item 107":
  [36m<input[39m
    [33maria-describedby[39m=[32m"change-item-106-jira-help"[39m
    [33maria-invalid[39m=[32m"false"[39m
    [33maria-label[39m=[32m"Jira number for change item 107"[39m
    [33mclass[39m=[32m"MuiInputBase-input MuiOutlinedInput-input css-16wblaj-MuiInputBase-input-MuiOutlinedInput-input"[39m
    [33mid[39m=[32m"_r_ga_"[39m
    [33mmaxlength[39m=[32m"50"[39m
    [33mrequired[39m=[32m""[39m
    [33mtype[39m=[32m"text"[39m
    [33mvalue[39m=[32m"JIRA-0107"[39m
  [36m/>[39m

  Name "Description for change item 107":
  [36m<textarea[39m
    [33maria-describedby[39m=[32m"change-item-106-desc-help"[39m
    [33maria-invalid[39m=[32m"false"[39m
    [33maria-label[39m=[32m"Description for change item 107"[39m
    [33mclass[39m=[32m"MuiInputBase-input MuiOutlinedInput-input css-w4nesw-MuiInputBase-input-MuiOutlinedInput-input"[39m
    [33mid[39m=[32m"_r_gb_"[39m
    [33mmaxlength[39m=[32m"500"[39m
    [33mrequired[39m=[32m""[39m
    [33mrows[39m=[32m"3"[39m
    [33mstyle[39m=[32m"height: 0px; overflow: hidden;"[39m
  [36m/>[39m

  Name "Jira number for change item 108":
  [36m<input[39m
    [33maria-describedby[39m=[32m"change-item-107-jira-help"[39m
    [33maria-invalid[39m=[32m"false"[39m
    [33maria-label[39m=[32m"Jira number for change item 108"[39m
    [33mclass[39m=[32m"MuiInputBase-input MuiOutlinedInput-input css-16wblaj-MuiInputBase-input-MuiOutlinedInput-input"[39m
    [33mid[39m=[32m"_r_gd_"[39m
    [33mmaxlength[39m=[32m"50"[39m
    [33mrequired[39m=[32m""[39m
    [33mtype[39m=[32m"text"[39m
    [33mvalue[39m=[32m"JIRA-0108"[39m
  [36m/>[39m

  Name "Description for change item 108":
  [36m<textarea[39m
    [33maria-describedby[39m=[32m"change-item-107-desc-help"[39m
    [33maria-invalid[39m=[32m"false"[39m
    [33maria-label[39m=[32m"Description for change item 108"[39m
    [33mclass[39m=[32m"MuiInputBase-input MuiOutlinedInput-input css-w4nesw-MuiInputBase-input-MuiOutlinedInput-input"[39m
    [33mid[39m=[32m"_r_ge_"[39m
    [33mmaxlength[39m=[32m"500"[39m
    [33mrequired[39m=[32m""[39m
    [33mrows[39m=[32m"3"[39m
    [33mstyle[39m=[32m"height: 0px; overflow: hidden;"[39m
  [36m/>[39m

  Name "Jira number for change item 109":
  [36m<input[39m
    [33maria-describedby[39m=[32m"change-item-108-jira-help"[39m
    [33maria-invalid[39m=[32m"false"[39m
    [33maria-label[39m=[32m"Jira number for change item 109"[39m
    [33mclass[39m=[32m"MuiInputBase-input MuiOutlinedInput-input css-16wblaj-MuiInputBase-input-MuiOutlinedInput-input"[39m
    [33mid[39m=[32m"_r_gg_"[39m
    [33mmaxlength[39m=[32m"50"[39m
    [33mrequired[39m=[32m""[39m
    [33mtype[39m=[32m"text"[39m
    [33mvalue[39m=[32m"JIRA-0109"[39m
  [36m/>[39m

  Name "Description for change item 109":
  [36m<textarea[39m
    [33maria-describedby[39m=[32m"change-item-108-desc-help"[39m
    [33maria-invalid[39m=[32m"false"[39m
    [33maria-label[39m=[32m"Description for change item 109"[39m
    [33mclass[39m=[32m"MuiInputBase-input MuiOutlinedInput-input css-w4nesw-MuiInputBase-input-MuiOutlinedInput-input"[39m
    [33mid[39m=[32m"_r_gh_"[39m
    [33mmaxlength[39m=[32m"500"[39m
    [33mrequired[39m=[32m""[39m
    [33mrows[39m=[32m"3"[39m
    [33mstyle[39m=[32m"height: 0px; overflow: hidden;"[39m
  [36m/>[39m

  Name "Jira number for change item 110":
  [36m<input[39m
    [33maria-describedby[39m=[32m"change-item-109-jira-help"[39m
    [33maria-invalid[39m=[32m"false"[39m
    [33maria-label[39m=[32m"Jira number for change item 110"[39m
    [33mclass[39m=[32m"MuiInputBase-input MuiOutlinedInput-input css-16wblaj-MuiInputBase-input-MuiOutlinedInput-input"[39m
    [33mid[39m=[32m"_r_gj_"[39m
    [33mmaxlength[39m=[32m"50"[39m
    [33mrequired[39m=[32m""[39m
    [33mtype[39m=[32m"text"[39m
    [33mvalue[39m=[32m"JIRA-0110"[39m
  [36m/>[39m

  Name "Description for change item 110":
  [36m<textarea[39m
    [33maria-describedby[39m=[32m"change-item-109-desc-help"[39m
    [33maria-invalid[39m=[32m"false"[39m
    [33maria-label[39m=[32m"Description for change item 110"[39m
    [33mclass[39m=[32m"MuiInputBase-input MuiOutlinedInput-input css-w4nesw-MuiInputBase-input-MuiOutlinedInput-input"[39m
    [33mid[39m=[32m"_r_gk_"[39m
    [33mmaxlength[39m=[32m"500"[39m
    [33mrequired[39m=[32m""[39m
    [33mrows[39m=[32m"3"[39m
    [33mstyle[39m=[32m"height: 0px; overflow: hidden;"[39m
  [36m/>[39m

  Name "Jira number for change item 111":
  [36m<input[39m
    [33maria-describedby[39m=[32m"change-item-110-jira-help"[39m
    [33maria-invalid[39m=[32m"false"[39m
    [33maria-label[39m=[32m"Jira number for change item 111"[39m
    [33mclass[39m=[32m"MuiInputBase-input MuiOutlinedInput-input css-16wblaj-MuiInputBase-input-MuiOutlinedInput-input"[39m
    [33mid[39m=[32m"_r_gm_"[39m
    [33mmaxlength[39m=[32m"50"[39m
    [33mrequired[39m=[32m""[39m
    [33mtype[39m=[32m"text"[39m
    [33mvalue[39m=[32m"JIRA-0111"[39m
  [36m/>[39m

  Name "Description for change item 111":
  [36m<textarea[39m
    [33maria-describedby[39m=[32m"change-item-110-desc-help"[39m
    [33maria-invalid[39m=[32m"false"[39m
    [33maria-label[39m=[32m"Description for change item 111"[39m
    [33mclass[39m=[32m"MuiInputBase-input MuiOutlinedInput-input css-w4nesw-MuiInputBase-input-MuiOutlinedInput-input"[39m
    [33mid[39m=[32m"_r_gn_"[39m
    [33mmaxlength[39m=[32m"500"[39m
    [33mrequired[39m=[32m""[39m
    [33mrows[39m=[32m"3"[39m
    [33mstyle[39m=[32m"height: 0px; overflow: hidden;"[39m
  [36m/>[39m

  Name "Jira number for change item 112":
  [36m<input[39m
    [33maria-describedby[39m=[32m"change-item-111-jira-help"[39m
    [33maria-invalid[39m=[32m"false"[39m
    [33maria-label[39m=[32m"Jira number for change item 112"[39m
    [33mclass[39m=[32m"MuiInputBase-input MuiOutlinedInput-input css-16wblaj-MuiInputBase-input-MuiOutlinedInput-input"[39m
    [33mid[39m=[32m"_r_gp_"[39m
    [33mmaxlength[39m=[32m"50"[39m
    [33mrequired[39m=[32m""[39m
    [33mtype[39m=[32m"text"[39m
    [33mvalue[39m=[32m"JIRA-0112"[39m
  [36m/>[39m

  Name "Description for change item 112":
  [36m<textarea[39m
    [33maria-describedby[39m=[32m"change-item-111-desc-help"[39m
    [33maria-invalid[39m=[32m"false"[39m
    [33maria-label[39m=[32m"Description for change item 112"[39m
    [33mclass[39m=[32m"MuiInputBase-input MuiOutlinedInput-input css-w4nesw-MuiInputBase-input-MuiOutlinedInput-input"[39m
    [33mid[39m=[32m"_r_gq_"[39m
    [33mmaxlength[39m=[32m"500"[39m
    [33mrequired[39m=[32m""[39m
    [33mrows[39m=[32m"3"[39m
    [33mstyle[39m=[32m"height: 0px; overflow: hidden;"[39m
  [36m/>[39m

  Name "Jira number for change item 113":
  [36m<input[39m
    [33maria-describedby[39m=[32m"change-item-112-jira-help"[39m
    [33maria-invalid[39m=[32m"false"[39m
    [33maria-label[39m=[32m"Jira number for change item 113"[39m
    [33mclass[39m=[32m"MuiInputBase-input MuiOutlinedInput-input css-16wblaj-MuiInputBase-input-MuiOutlinedInput-input"[39m
    [33mid[39m=[32m"_r_gs_"[39m
    [33mmaxlength[39m=[32m"50"[39m
    [33mrequired[39m=[32m""[39m
    [33mtype[39m=[32m"text"[39m
    [33mvalue[39m=[32m"JIRA-0113"[39m
  [36m/>[39m

  Name "Description for change item 113":
  [36m<textarea[39m
    [33maria-describedby[39m=[32m"change-item-112-desc-help"[39m
    [33maria-invalid[39m=[32m"false"[39m
    [33maria-label[39m=[32m"Description for change item 113"[39m
    [33mclass[39m=[32m"MuiInputBase-input MuiOutlinedInput-input css-w4nesw-MuiInputBase-input-MuiOutlinedInput-input"[39m
    [33mid[39m=[32m"_r_gt_"[39m
    [33mmaxlength[39m=[32m"500"[39m
    [33mrequired[39m=[32m""[39m
    [33mrows[39m=[32m"3"[39m
    [33mstyle[39m=[32m"height: 0px; overflow: hidden;"[39m
  [36m/>[39m

  Name "Jira number for change item 114":
  [36m<input[39m
    [33maria-describedby[39m=[32m"change-item-113-jira-help"[39m
    [33maria-invalid[39m=[32m"false"[39m
    [33maria-label[39m=[32m"Jira number for change item 114"[39m
    [33mclass[39m=[32m"MuiInputBase-input MuiOutlinedInput-input css-16wblaj-MuiInputBase-input-MuiOutlinedInput-input"[39m
    [33mid[39m=[32m"_r_gv_"[39m
    [33mmaxlength[39m=[32m"50"[39m
    [33mrequired[39m=[32m""[39m
    [33mtype[39m=[32m"text"[39m
    [33mvalue[39m=[32m"JIRA-0114"[39m
  [36m/>[39m

  Name "Description for change item 114":
  [36m<textarea[39m
    [33maria-describedby[39m=[32m"change-item-113-desc-help"[39m
    [33maria-invalid[39m=[32m"false"[39m
    [33maria-label[39m=[32m"Description for change item 114"[39m
    [33mclass[39m=[32m"MuiInputBase-input MuiOutlinedInput-input css-w4nesw-MuiInputBase-input-MuiOutlinedInput-input"[39m
    [33mid[39m=[32m"_r_h0_"[39m
    [33mmaxlength[39m=[32m"500"[39m
    [33mrequired[39m=[32m""[39m
    [33mrows[39m=[32m"3"[39m
    [33mstyle[39m=[32m"height: 0px; overflow: hidden;"[39m
  [36m/>[39m

  Name "Jira number for change item 115":
  [36m<input[39m
    [33maria-describedby[39m=[32m"change-item-114-jira-help"[39m
    [33maria-invalid[39m=[32m"false"[39m
    [33maria-label[39m=[32m"Jira number for change item 115"[39m
    [33mclass[39m=[32m"MuiInputBase-input MuiOutlinedInput-input css-16wblaj-MuiInputBase-input-MuiOutlinedInput-input"[39m
    [33mid[39m=[32m"_r_h2_"[39m
    [33mmaxlength[39m=[32m"50"[39m
    [33mrequired[39m=[32m""[39m
    [33mtype[39m=[32m"text"[39m
    [33mvalue[39m=[32m"JIRA-0115"[39m
  [36m/>[39m

  Name "Description for change item 115":
  [36m<textarea[39m
    [33maria-describedby[39m=[32m"change-item-114-desc-help"[39m
    [33maria-invalid[39m=[32m"false"[39m
    [33maria-label[39m=[32m"Description for change item 115"[39m
    [33mclass[39m=[32m"MuiInputBase-input MuiOutlinedInput-input css-w4nesw-MuiInputBase-input-MuiOutlinedInput-input"[39m
    [33mid[39m=[32m"_r_h3_"[39m
    [33mmaxlength[39m=[32m"500"[39m
    [33mrequired[39m=[32m""[39m
    [33mrows[39m=[32m"3"[39m
    [33mstyle[39m=[32m"height: 0px; overflow: hidden;"[39m
  [36m/>[39m

  Name "Jira number for change item 116":
  [36m<input[39m
    [33maria-describedby[39m=[32m"change-item-115-jira-help"[39m
    [33maria-invalid[39m=[32m"false"[39m
    [33maria-label[39m=[32m"Jira number for change item 116"[39m
    [33mclass[39m=[32m"MuiInputBase-input MuiOutlinedInput-input css-16wblaj-MuiInputBase-input-MuiOutlinedInput-input"[39m
    [33mid[39m=[32m"_r_h5_"[39m
    [33mmaxlength[39m=[32m"50"[39m
    [33mrequired[39m=[32m""[39m
    [33mtype[39m=[32m"text"[39m
    [33mvalue[39m=[32m"JIRA-0116"[39m
  [36m/>[39m

  Name "Description for change item 116":
  [36m<textarea[39m
    [33maria-describedby[39m=[32m"change-item-115-desc-help"[39m
    [33maria-invalid[39m=[32m"false"[39m
    [33maria-label[39m=[32m"Description for change item 116"[39m
    [33mclass[39m=[32m"MuiInputBase-input MuiOutlinedInput-input css-w4nesw-MuiInputBase-input-MuiOutlinedInput-input"[39m
    [33mid[39m=[32m"_r_h6_"[39m
    [33mmaxlength[39m=[32m"500"[39m
    [33mrequired[39m=[32m""[39m
    [33mrows[39m=[32m"3"[39m
    [33mstyle[39m=[32m"height: 0px; overflow: hidden;"[39m
  [36m/>[39m

  Name "Jira number for change item 117":
  [36m<input[39m
    [33maria-describedby[39m=[32m"change-item-116-jira-help"[39m
    [33maria-invalid[39m=[32m"false"[39m
    [33maria-label[39m=[32m"Jira number for change item 117"[39m
    [33mclass[39m=[32m"MuiInputBase-input MuiOutlinedInput-input css-16wblaj-MuiInputBase-input-MuiOutlinedInput-input"[39m
    [33mid[39m=[32m"_r_h8_"[39m
    [33mmaxlength[39m=[32m"50"[39m
    [33mrequired[39m=[32m""[39m
    [33mtype[39m=[32m"text"[39m
    [33mvalue[39m=[32m"JIRA-0117"[39m
  [36m/>[39m

  Name "Description for change item 117":
  [36m<textarea[39m
    [33maria-describedby[39m=[32m"change-item-116-desc-help"[39m
    [33maria-invalid[39m=[32m"false"[39m
    [33maria-label[39m=[32m"Description for change item 117"[39m
    [33mclass[39m=[32m"MuiInputBase-input MuiOutlinedInput-input css-w4nesw-MuiInputBase-input-MuiOutlinedInput-input"[39m
    [33mid[39m=[32m"_r_h9_"[39m
    [33mmaxlength[39m=[32m"500"[39m
    [33mrequired[39m=[32m""[39m
    [33mrows[39m=[32m"3"[39m
    [33mstyle[39m=[32m"height: 0px; overflow: hidden;"[39m
  [36m/>[39m

  Name "Jira number for change item 118":
  [36m<input[39m
    [33maria-describedby[39m=[32m"change-item-117-jira-help"[39m
    [33maria-invalid[39m=[32m"false"[39m
    [33maria-label[39m=[32m"Jira number for change item 118"[39m
    [33mclass[39m=[32m"MuiInputBase-input MuiOutlinedInput-input css-16wblaj-MuiInputBase-input-MuiOutlinedInput-input"[39m
    [33mid[39m=[32m"_r_hb_"[39m
    [33mmaxlength[39m=[32m"50"[39m
    [33mrequired[39m=[32m""[39m
    [33mtype[39m=[32m"text"[39m
    [33mvalue[39m=[32m"JIRA-0118"[39m
  [36m/>[39m

  Name "Description for change item 118":
  [36m<textarea[39m
    [33maria-describedby[39m=[32m"change-item-117-desc-help"[39m
    [33maria-invalid[39m=[32m"false"[39m
    [33maria-label[39m=[32m"Description for change item 118"[39m
    [33mclass[39m=[32m"MuiInputBase-input MuiOutlinedInput-input css-w4nesw-MuiInputBase-input-MuiOutlinedInput-input"[39m
    [33mid[39m=[32m"_r_hc_"[39m
    [33mmaxlength[39m=[32m"500"[39m
    [33mrequired[39m=[32m""[39m
    [33mrows[39m=[32m"3"[39m
    [33mstyle[39m=[32m"height: 0px; overflow: hidden;"[39m
  [36m/>[39m

  Name "Jira number for change item 119":
  [36m<input[39m
    [33maria-describedby[39m=[32m"change-item-118-jira-help"[39m
    [33maria-invalid[39m=[32m"false"[39m
    [33maria-label[39m=[32m"Jira number for change item 119"[39m
    [33mclass[39m=[32m"MuiInputBase-input MuiOutlinedInput-input css-16wblaj-MuiInputBase-input-MuiOutlinedInput-input"[39m
    [33mid[39m=[32m"_r_he_"[39m
    [33mmaxlength[39m=[32m"50"[39m
    [33mrequired[39m=[32m""[39m
    [33mtype[39m=[32m"text"[39m
    [33mvalue[39m=[32m"JIRA-0119"[39m
  [36m/>[39m

  Name "Description for change item 119":
  [36m<textarea[39m
    [33maria-describedby[39m=[32m"change-item-118-desc-help"[39m
    [33maria-invalid[39m=[32m"false"[39m
    [33maria-label[39m=[32m"Description for change item 119"[39m
    [33mclass[39m=[32m"MuiInputBase-input MuiOutlinedInput-input css-w4nesw-MuiInputBase-input-MuiOutlinedInput-input"[39m
    [33mid[39m=[32m"_r_hf_"[39m
    [33mmaxlength[39m=[32m"500"[39m
    [33mrequired[39m=[32m""[39m
    [33mrows[39m=[32m"3"[39m
    [33mstyle[39m=[32m"height: 0px; overflow: hidden;"[39m
  [36m/>[39m

  Name "Jira number for change item 120":
  [36m<input[39m
    [33maria-describedby[39m=[32m"change-item-119-jira-help"[39m
    [33maria-invalid[39m=[32m"false"[39m
    [33maria-label[39m=[32m"Jira number for change item 120"[39m
    [33mclass[39m=[32m"MuiInputBase-input MuiOutlinedInput-input css-16wblaj-MuiInputBase-input-MuiOutlinedInput-input"[39m
    [33mid[39m=[32m"_r_hh_"[39m
    [33mmaxlength[39m=[32m"50"[39m
    [33mrequired[39m=[32m""[39m
    [33mtype[39m=[32m"text"[39m
    [33mvalue[39m=[32m"JIRA-0120"[39m
  [36m/>[39m

  Name "Description for change item 120":
  [36m<textarea[39m
    [33maria-describedby[39m=[32m"change-item-119-desc-help"[39m
    [33maria-invalid[39m=[32m"false"[39m
    [33maria-label[39m=[32m"Description for change item 120"[39m
    [33mclass[39m=[32m"MuiInputBase-input MuiOutlinedInput-input css-w4nesw-MuiInputBase-input-MuiOutlinedInput-input"[39m
    [33mid[39m=[32m"_r_hi_"[39m
    [33mmaxlength[39m=[32m"500"[39m
    [33mrequired[39m=[32m""[39m
    [33mrows[39m=[32m"3"[39m
    [33mstyle[39m=[32m"height: 0px; overflow: hidden;"[39m
  [36m/>[39m

  Name "Jira number for change item 121":
  [36m<input[39m
    [33maria-describedby[39m=[32m"change-item-120-jira-help"[39m
    [33maria-invalid[39m=[32m"false"[39m
    [33maria-label[39m=[32m"Jira number for change item 121"[39m
    [33mclass[39m=[32m"MuiInputBase-input MuiOutlinedInput-input css-16wblaj-MuiInputBase-input-MuiOutlinedInput-input"[39m
    [33mid[39m=[32m"_r_hk_"[39m
    [33mmaxlength[39m=[32m"50"[39m
    [33mrequired[39m=[32m""[39m
    [33mtype[39m=[32m"text"[39m
    [33mvalue[39m=[32m"JIRA-0121"[39m
  [36m/>[39m

  Name "Description for change item 121":
  [36m<textarea[39m
    [33maria-describedby[39m=[32m"change-item-120-desc-help"[39m
    [33maria-invalid[39m=[32m"false"[39m
    [33maria-label[39m=[32m"Description for change item 121"[39m
    [33mclass[39m=[32m"MuiInputBase-input MuiOutlinedInput-input css-w4nesw-MuiInputBase-input-MuiOutlinedInput-input"[39m
    [33mid[39m=[32m"_r_hl_"[39m
    [33mmaxlength[39m=[32m"500"[39m
    [33mrequired[39m=[32m""[39m
    [33mrows[39m=[32m"3"[39m
    [33mstyle[39m=[32m"height: 0px; overflow: hidden;"[39m
  [36m/>[39m

  Name "Jira number for change item 122":
  [36m<input[39m
    [33maria-describedby[39m=[32m"change-item-121-jira-help"[39m
    [33maria-invalid[39m=[32m"false"[39m
    [33maria-label[39m=[32m"Jira number for change item 122"[39m
    [33mclass[39m=[32m"MuiInputBase-input MuiOutlinedInput-input css-16wblaj-MuiInputBase-input-MuiOutlinedInput-input"[39m
    [33mid[39m=[32m"_r_hn_"[39m
    [33mmaxlength[39m=[32m"50"[39m
    [33mrequired[39m=[32m""[39m
    [33mtype[39m=[32m"text"[39m
    [33mvalue[39m=[32m"JIRA-0122"[39m
  [36m/>[39m

  Name "Description for change item 122":
  [36m<textarea[39m
    [33maria-describedby[39m=[32m"change-item-121-desc-help"[39m
    [33maria-invalid[39m=[32m"false"[39m
    [33maria-label[39m=[32m"Description for change item 122"[39m
    [33mclass[39m=[32m"MuiInputBase-input MuiOutlinedInput-input css-w4nesw-MuiInputBase-input-MuiOutlinedInput-input"[39m
    [33mid[39m=[32m"_r_ho_"[39m
    [33mmaxlength[39m=[32m"500"[39m
    [33mrequired[39m=[32m""[39m
    [33mrows[39m=[32m"3"[39m
    [33mstyle[39m=[32m"height: 0px; overflow: hidden;"[39m
  [36m/>[39m

  Name "Jira number for change item 123":
  [36m<input[39m
    [33maria-describedby[39m=[32m"change-item-122-jira-help"[39m
    [33maria-invalid[39m=[32m"false"[39m
    [33maria-label[39m=[32m"Jira number for change item 123"[39m
    [33mclass[39m=[32m"MuiInputBase-input MuiOutlinedInput-input css-16wblaj-MuiInputBase-input-MuiOutlinedInput-input"[39m
    [33mid[39m=[32m"_r_hq_"[39m
    [33mmaxlength[39m=[32m"50"[39m
    [33mrequired[39m=[32m""[39m
    [33mtype[39m=[32m"text"[39m
    [33mvalue[39m=[32m"JIRA-0123"[39m
  [36m/>[39m

  Name "Description for change item 123":
  [36m<textarea[39m
    [33maria-describedby[39m=[32m"change-item-122-desc-help"[39m
    [33maria-invalid[39m=[32m"false"[39m
    [33maria-label[39m=[32m"Description for change item 123"[39m
    [33mclass[39m=[32m"MuiInputBase-input MuiOutlinedInput-input css-w4nesw-MuiInputBase-input-MuiOutlinedInput-input"[39m
    [33mid[39m=[32m"_r_hr_"[39m
    [33mmaxlength[39m=[32m"500"[39m
    [33mrequired[39m=[32m""[39m
    [33mrows[39m=[32m"3"[39m
    [33mstyle[39m=[32m"height: 0px; overflow: hidden;"[39m
  [36m/>[39m

  Name "Jira number for change item 124":
  [36m<input[39m
    [33maria-describedby[39m=[32m"change-item-123-jira-help"[39m
    [33maria-invalid[39m=[32m"false"[39m
    [33maria-label[39m=[32m"Jira number for change item 124"[39m
    [33mclass[39m=[32m"MuiInputBase-input MuiOutlinedInput-input css-16wblaj-MuiInputBase-input-MuiOutlinedInput-input"[39m
    [33mid[39m=[32m"_r_ht_"[39m
    [33mmaxlength[39m=[32m"50"[39m
    [33mrequired[39m=[32m""[39m
    [33mtype[39m=[32m"text"[39m
    [33mvalue[39m=[32m"JIRA-0124"[39m
  [36m/>[39m

  Name "Description for change item 124":
  [36m<textarea[39m
    [33maria-describedby[39m=[32m"change-item-123-desc-help"[39m
    [33maria-invalid[39m=[32m"false"[39m
    [33maria-label[39m=[32m"Description for change item 124"[39m
    [33mclass[39m=[32m"MuiInputBase-input MuiOutlinedInput-input css-w4nesw-MuiInputBase-input-MuiOutlinedInput-input"[39m
    [33mid[39m=[32m"_r_hu_"[39m
    [33mmaxlength[39m=[32m"500"[39m
    [33mrequired[39m=[32m""[39m
    [33mrows[39m=[32m"3"[39m
    [33mstyle[39m=[32m"height: 0px; overflow: hidden;"[39m
  [36m/>[39m

  Name "Jira number for change item 125":
  [36m<input[39m
    [33maria-describedby[39m=[32m"change-item-124-jira-help"[39m
    [33maria-invalid[39m=[32m"false"[39m
    [33maria-label[39m=[32m"Jira number for change item 125"[39m
    [33mclass[39m=[32m"MuiInputBase-input MuiOutlinedInput-input css-16wblaj-MuiInputBase-input-MuiOutlinedInput-input"[39m
    [33mid[39m=[32m"_r_i0_"[39m
    [33mmaxlength[39m=[32m"50"[39m
    [33mrequired[39m=[32m""[39m
    [33mtype[39m=[32m"text"[39m
    [33mvalue[39m=[32m"JIRA-0125"[39m
  [36m/>[39m

  Name "Description for change item 125":
  [36m<textarea[39m
    [33maria-describedby[39m=[32m"change-item-124-desc-help"[39m
    [33maria-invalid[39m=[32m"false"[39m
    [33maria-label[39m=[32m"Description for change item 125"[39m
    [33mclass[39m=[32m"MuiInputBase-input MuiOutlinedInput-input css-w4nesw-MuiInputBase-input-MuiOutlinedInput-input"[39m
    [33mid[39m=[32m"_r_i1_"[39m
    [33mmaxlength[39m=[32m"500"[39m
    [33mrequired[39m=[32m""[39m
    [33mrows[39m=[32m"3"[39m
    [33mstyle[39m=[32m"height: 0px; overflow: hidden;"[39m
  [36m/>[39m

  Name "Jira number for change item 126":
  [36m<input[39m
    [33maria-describedby[39m=[32m"change-item-125-jira-help"[39m
    [33maria-invalid[39m=[32m"false"[39m
    [33maria-label[39m=[32m"Jira number for change item 126"[39m
    [33mclass[39m=[32m"MuiInputBase-input MuiOutlinedInput-input css-16wblaj-MuiInputBase-input-MuiOutlinedInput-input"[39m
    [33mid[39m=[32m"_r_i3_"[39m
    [33mmaxlength[39m=[32m"50"[39m
    [33mrequired[39m=[32m""[39m
    [33mtype[39m=[32m"text"[39m
    [33mvalue[39m=[32m"JIRA-0126"[39m
  [36m/>[39m

  Name "Description for change item 126":
  [36m<textarea[39m
    [33maria-describedby[39m=[32m"change-item-125-desc-help"[39m
    [33maria-invalid[39m=[32m"false"[39m
    [33maria-label[39m=[32m"Description for change item 126"[39m
    [33mclass[39m=[32m"MuiInputBase-input MuiOutlinedInput-input css-w4nesw-MuiInputBase-input-MuiOutlinedInput-input"[39m
    [33mid[39m=[32m"_r_i4_"[39m
    [33mmaxlength[39m=[32m"500"[39m
    [33mrequired[39m=[32m""[39m
    [33mrows[39m=[32m"3"[39m
    [33mstyle[39m=[32m"height: 0px; overflow: hidden;"[39m
  [36m/>[39m

  Name "Jira number for change item 127":
  [36m<input[39m
    [33maria-describedby[39m=[32m"change-item-126-jira-help"[39m
    [33maria-invalid[39m=[32m"false"[39m
    [33maria-label[39m=[32m"Jira number for change item 127"[39m
    [33mclass[39m=[32m"MuiInputBase-input MuiOutlinedInput-input css-16wblaj-MuiInputBase-input-MuiOutlinedInput-input"[39m
    [33mid[39m=[32m"_r_i6_"[39m
    [33mmaxlength[39m=[32m"50"[39m
    [33mrequired[39m=[32m""[39m
    [33mtype[39m=[32m"text"[39m
    [33mvalue[39m=[32m"JIRA-0127"[39m
  [36m/>[39m

  Name "Description for change item 127":
  [36m<textarea[39m
    [33maria-describedby[39m=[32m"change-item-126-desc-help"[39m
    [33maria-invalid[39m=[32m"false"[39m
    [33maria-label[39m=[32m"Description for change item 127"[39m
    [33mclass[39m=[32m"MuiInputBase-input MuiOutlinedInput-input css-w4nesw-MuiInputBase-input-MuiOutlinedInput-input"[39m
    [33mid[39m=[32m"_r_i7_"[39m
    [33mmaxlength[39m=[32m"500"[39m
    [33mrequired[39m=[32m""[39m
    [33mrows[39m=[32m"3"[39m
    [33mstyle[39m=[32m"height: 0px; overflow: hidden;"[39m
  [36m/>[39m

  Name "Jira number for change item 128":
  [36m<input[39m
    [33maria-describedby[39m=[32m"change-item-127-jira-help"[39m
    [33maria-invalid[39m=[32m"false"[39m
    [33maria-label[39m=[32m"Jira number for change item 128"[39m
    [33mclass[39m=[32m"MuiInputBase-input MuiOutlinedInput-input css-16wblaj-MuiInputBase-input-MuiOutlinedInput-input"[39m
    [33mid[39m=[32m"_r_i9_"[39m
    [33mmaxlength[39m=[32m"50"[39m
    [33mrequired[39m=[32m""[39m
    [33mtype[39m=[32m"text"[39m
    [33mvalue[39m=[32m"JIRA-0128"[39m
  [36m/>[39m

  Name "Description for change item 128":
  [36m<textarea[39m
    [33maria-describedby[39m=[32m"change-item-127-desc-help"[39m
    [33maria-invalid[39m=[32m"false"[39m
    [33maria-label[39m=[32m"Description for change item 128"[39m
    [33mclass[39m=[32m"MuiInputBase-input MuiOutlinedInput-input css-w4nesw-MuiInputBase-input-MuiOutlinedInput-input"[39m
    [33mid[39m=[32m"_r_ia_"[39m
    [33mmaxlength[39m=[32m"500"[39m
    [33mrequired[39m=[32m""[39m
    [33mrows[39m=[32m"3"[39m
    [33mstyle[39m=[32m"height: 0px; overflow: hidden;"[39m
  [36m/>[39m

  Name "Jira number for change item 129":
  [36m<input[39m
    [33maria-describedby[39m=[32m"change-item-128-jira-help"[39m
    [33maria-invalid[39m=[32m"false"[39m
    [33maria-label[39m=[32m"Jira number for change item 129"[39m
    [33mclass[39m=[32m"MuiInputBase-input MuiOutlinedInput-input css-16wblaj-MuiInputBase-input-MuiOutlinedInput-input"[39m
    [33mid[39m=[32m"_r_ic_"[39m
    [33mmaxlength[39m=[32m"50"[39m
    [33mrequired[39m=[32m""[39m
    [33mtype[39m=[32m"text"[39m
    [33mvalue[39m=[32m"JIRA-0129"[39m
  [36m/>[39m

  Name "Description for change item 129":
  [36m<textarea[39m
    [33maria-describedby[39m=[32m"change-item-128-desc-help"[39m
    [33maria-invalid[39m=[32m"false"[39m
    [33maria-label[39m=[32m"Description for change item 129"[39m
    [33mclass[39m=[32m"MuiInputBase-input MuiOutlinedInput-input css-w4nesw-MuiInputBase-input-MuiOutlinedInput-input"[39m
    [33mid[39m=[32m"_r_id_"[39m
    [33mmaxlength[39m=[32m"500"[39m
    [33mrequired[39m=[32m""[39m
    [33mrows[39m=[32m"3"[39m
    [33mstyle[39m=[32m"height: 0px; overflow: hidden;"[39m
  [36m/>[39m

  Name "Jira number for change item 130":
  [36m<input[39m
    [33maria-describedby[39m=[32m"change-item-129-jira-help"[39m
    [33maria-invalid[39m=[32m"false"[39m
    [33maria-label[39m=[32m"Jira number for change item 130"[39m
    [33mclass[39m=[32m"MuiInputBase-input MuiOutlinedInput-input css-16wblaj-MuiInputBase-input-MuiOutlinedInput-input"[39m
    [33mid[39m=[32m"_r_if_"[39m
    [33mmaxlength[39m=[32m"50"[39m
    [33mrequired[39m=[32m""[39m
    [33mtype[39m=[32m"text"[39m
    [33mvalue[39m=[32m"JIRA-0130"[39m
  [36m/>[39m

  Name "Description for change item 130":
  [36m<textarea[39m
    [33maria-describedby[39m=[32m"change-item-129-desc-help"[39m
    [33maria-invalid[39m=[32m"false"[39m
    [33maria-label[39m=[32m"Description for change item 130"[39m
    [33mclass[39m=[32m"MuiInputBase-input MuiOutlinedInput-input css-w4nesw-MuiInputBase-input-MuiOutlinedInput-input"[39m
    [33mid[39m=[32m"_r_ig_"[39m
    [33mmaxlength[39m=[32m"500"[39m
    [33mrequired[39m=[32m""[39m
    [33mrows[39m=[32m"3"[39m
    [33mstyle[39m=[32m"height: 0px; overflow: hidden;"[39m
  [36m/>[39m

  Name "Jira number for change item 131":
  [36m<input[39m
    [33maria-describedby[39m=[32m"change-item-130-jira-help"[39m
    [33maria-invalid[39m=[32m"false"[39m
    [33maria-label[39m=[32m"Jira number for change item 131"[39m
    [33mclass[39m=[32m"MuiInputBase-input MuiOutlinedInput-input css-16wblaj-MuiInputBase-input-MuiOutlinedInput-input"[39m
    [33mid[39m=[32m"_r_ii_"[39m
    [33mmaxlength[39m=[32m"50"[39m
    [33mrequired[39m=[32m""[39m
    [33mtype[39m=[32m"text"[39m
    [33mvalue[39m=[32m"JIRA-0131"[39m
  [36m/>[39m

  Name "Description for change item 131":
  [36m<textarea[39m
    [33maria-describedby[39m=[32m"change-item-130-desc-help"[39m
    [33maria-invalid[39m=[32m"false"[39m
    [33maria-label[39m=[32m"Description for change item 131"[39m
    [33mclass[39m=[32m"MuiInputBase-input MuiOutlinedInput-input css-w4nesw-MuiInputBase-input-MuiOutlinedInput-input"[39m
    [33mid[39m=[32m"_r_ij_"[39m
    [33mmaxlength[39m=[32m"500"[39m
    [33mrequired[39m=[32m""[39m
    [33mrows[39m=[32m"3"[39m
    [33mstyle[39m=[32m"height: 0px; overflow: hidden;"[39m
  [36m/>[39m

  Name "Jira number for change item 132":
  [36m<input[39m
    [33maria-describedby[39m=[32m"change-item-131-jira-help"[39m
    [33maria-invalid[39m=[32m"false"[39m
    [33maria-label[39m=[32m"Jira number for change item 132"[39m
    [33mclass[39m=[32m"MuiInputBase-input MuiOutlinedInput-input css-16wblaj-MuiInputBase-input-MuiOutlinedInput-input"[39m
    [33mid[39m=[32m"_r_il_"[39m
    [33mmaxlength[39m=[32m"50"[39m
    [33mrequired[39m=[32m""[39m
    [33mtype[39m=[32m"text"[39m
    [33mvalue[39m=[32m"JIRA-0132"[39m
  [36m/>[39m

  Name "Description for change item 132":
  [36m<textarea[39m
    [33maria-describedby[39m=[32m"change-item-131-desc-help"[39m
    [33maria-invalid[39m=[32m"false"[39m
    [33maria-label[39m=[32m"Description for change item 132"[39m
    [33mclass[39m=[32m"MuiInputBase-input MuiOutlinedInput-input css-w4nesw-MuiInputBase-input-MuiOutlinedInput-input"[39m
    [33mid[39m=[32m"_r_im_"[39m
    [33mmaxlength[39m=[32m"500"[39m
    [33mrequired[39m=[32m""[39m
    [33mrows[39m=[32m"3"[39m
    [33mstyle[39m=[32m"height: 0px; overflow: hidden;"[39m
  [36m/>[39m

  Name "Jira number for change item 133":
  [36m<input[39m
    [33maria-describedby[39m=[32m"change-item-132-jira-help"[39m
    [33maria-invalid[39m=[32m"false"[39m
    [33maria-label[39m=[32m"Jira number for change item 133"[39m
    [33mclass[39m=[32m"MuiInputBase-input MuiOutlinedInput-input css-16wblaj-MuiInputBase-input-MuiOutlinedInput-input"[39m
    [33mid[39m=[32m"_r_io_"[39m
    [33mmaxlength[39m=[32m"50"[39m
    [33mrequired[39m=[32m""[39m
    [33mtype[39m=[32m"text"[39m
    [33mvalue[39m=[32m"JIRA-0133"[39m
  [36m/>[39m

  Name "Description for change item 133":
  [36m<textarea[39m
    [33maria-describedby[39m=[32m"change-item-132-desc-help"[39m
    [33maria-invalid[39m=[32m"false"[39m
    [33maria-label[39m=[32m"Description for change item 133"[39m
    [33mclass[39m=[32m"MuiInputBase-input MuiOutlinedInput-input css-w4nesw-MuiInputBase-input-MuiOutlinedInput-input"[39m
    [33mid[39m=[32m"_r_ip_"[39m
    [33mmaxlength[39m=[32m"500"[39m
    [33mrequired[39m=[32m""[39m
    [33mrows[39m=[32m"3"[39m
    [33mstyle[39m=[32m"height: 0px; overflow: hidden;"[39m
  [36m/>[39m

  Name "Jira number for change item 134":
  [36m<input[39m
    [33maria-describedby[39m=[32m"change-item-133-jira-help"[39m
    [33maria-invalid[39m=[32m"false"[39m
    [33maria-label[39m=[32m"Jira number for change item 134"[39m
    [33mclass[39m=[32m"MuiInputBase-input MuiOutlinedInput-input css-16wblaj-MuiInputBase-input-MuiOutlinedInput-input"[39m
    [33mid[39m=[32m"_r_ir_"[39m
    [33mmaxlength[39m=[32m"50"[39m
    [33mrequired[39m=[32m""[39m
    [33mtype[39m=[32m"text"[39m
    [33mvalue[39m=[32m"JIRA-0134"[39m
  [36m/>[39m

  Name "Description for change item 134":
  [36m<textarea[39m
    [33maria-describedby[39m=[32m"change-item-133-desc-help"[39m
    [33maria-invalid[39m=[32m"false"[39m
    [33maria-label[39m=[32m"Description for change item 134"[39m
    [33mclass[39m=[32m"MuiInputBase-input MuiOutlinedInput-input css-w4nesw-MuiInputBase-input-MuiOutlinedInput-input"[39m
    [33mid[39m=[32m"_r_is_"[39m
    [33mmaxlength[39m=[32m"500"[39m
    [33mrequired[39m=[32m""[39m
    [33mrows[39m=[32m"3"[39m
    [33mstyle[39m=[32m"height: 0px; overflow: hidden;"[39m
  [36m/>[39m

  Name "Jira number for change item 135":
  [36m<input[39m
    [33maria-describedby[39m=[32m"change-item-134-jira-help"[39m
    [33maria-invalid[39m=[32m"false"[39m
    [33maria-label[39m=[32m"Jira number for change item 135"[39m
    [33mclass[39m=[32m"MuiInputBase-input MuiOutlinedInput-input css-16wblaj-MuiInputBase-input-MuiOutlinedInput-input"[39m
    [33mid[39m=[32m"_r_iu_"[39m
    [33mmaxlength[39m=[32m"50"[39m
    [33mrequired[39m=[32m""[39m
    [33mtype[39m=[32m"text"[39m
    [33mvalue[39m=[32m"JIRA-0135"[39m
  [36m/>[39m

  Name "Description for change item 135":
  [36m<textarea[39m
    [33maria-describedby[39m=[32m"change-item-134-desc-help"[39m
    [33maria-invalid[39m=[32m"false"[39m
    [33maria-label[39m=[32m"Description for change item 135"[39m
    [33mclass[39m=[32m"MuiInputBase-input MuiOutlinedInput-input css-w4nesw-MuiInputBase-input-MuiOutlinedInput-input"[39m
    [33mid[39m=[32m"_r_iv_"[39m
    [33mmaxlength[39m=[32m"500"[39m
    [33mrequired[39m=[32m""[39m
    [33mrows[39m=[32m"3"[39m
    [33mstyle[39m=[32m"height: 0px; overflow: hidden;"[39m
  [36m/>[39m

  Name "Jira number for change item 136":
  [36m<input[39m
    [33maria-describedby[39m=[32m"change-item-135-jira-help"[39m
    [33maria-invalid[39m=[32m"false"[39m
    [33maria-label[39m=[32m"Jira number for change item 136"[39m
    [33mclass[39m=[32m"MuiInputBase-input MuiOutlinedInput-input css-16wblaj-MuiInputBase-input-MuiOutlinedInput-input"[39m
    [33mid[39m=[32m"_r_j1_"[39m
    [33mmaxlength[39m=[32m"50"[39m
    [33mrequired[39m=[32m""[39m
    [33mtype[39m=[32m"text"[39m
    [33mvalue[39m=[32m"JIRA-0136"[39m
  [36m/>[39m

  Name "Description for change item 136":
  [36m<textarea[39m
    [33maria-describedby[39m=[32m"change-item-135-desc-help"[39m
    [33maria-invalid[39m=[32m"false"[39m
    [33maria-label[39m=[32m"Description for change item 136"[39m
    [33mclass[39m=[32m"MuiInputBase-input MuiOutlinedInput-input css-w4nesw-MuiInputBase-input-MuiOutlinedInput-input"[39m
    [33mid[39m=[32m"_r_j2_"[39m
    [33mmaxlength[39m=[32m"500"[39m
    [33mrequired[39m=[32m""[39m
    [33mrows[39m=[32m"3"[39m
    [33mstyle[39m=[32m"height: 0px; overflow: hidden;"[39m
  [36m/>[39m

  Name "Jira number for change item 137":
  [36m<input[39m
    [33maria-describedby[39m=[32m"change-item-136-jira-help"[39m
    [33maria-invalid[39m=[32m"false"[39m
    [33maria-label[39m=[32m"Jira number for change item 137"[39m
    [33mclass[39m=[32m"MuiInputBase-input MuiOutlinedInput-input css-16wblaj-MuiInputBase-input-MuiOutlinedInput-input"[39m
    [33mid[39m=[32m"_r_j4_"[39m
    [33mmaxlength[39m=[32m"50"[39m
    [33mrequired[39m=[32m""[39m
    [33mtype[39m=[32m"text"[39m
    [33mvalue[39m=[32m"JIRA-0137"[39m
  [36m/>[39m

  Name "Description for change item 137":
  [36m<textarea[39m
    [33maria-describedby[39m=[32m"change-item-136-desc-help"[39m
    [33maria-invalid[39m=[32m"false"[39m
    [33maria-label[39m=[32m"Description for change item 137"[39m
    [33mclass[39m=[32m"MuiInputBase-input MuiOutlinedInput-input css-w4nesw-MuiInputBase-input-MuiOutlinedInput-input"[39m
    [33mid[39m=[32m"_r_j5_"[39m
    [33mmaxlength[39m=[32m"500"[39m
    [33mrequired[39m=[32m""[39m
    [33mrows[39m=[32m"3"[39m
    [33mstyle[39m=[32m"height: 0px; overflow: hidden;"[39m
  [36m/>[39m

  Name "Jira number for change item 138":
  [36m<input[39m
    [33maria-describedby[39m=[32m"change-item-137-jira-help"[39m
    [33maria-invalid[39m=[32m"false"[39m
    [33maria-label[39m=[32m"Jira number for change item 138"[39m
    [33mclass[39m=[32m"MuiInputBase-input MuiOutlinedInput-input css-16wblaj-MuiInputBase-input-MuiOutlinedInput-input"[39m
    [33mid[39m=[32m"_r_j7_"[39m
    [33mmaxlength[39m=[32m"50"[39m
    [33mrequired[39m=[32m""[39m
    [33mtype[39m=[32m"text"[39m
    [33mvalue[39m=[32m"JIRA-0138"[39m
  [36m/>[39m

  Name "Description for change item 138":
  [36m<textarea[39m
    [33maria-describedby[39m=[32m"change-item-137-desc-help"[39m
    [33maria-invalid[39m=[32m"false"[39m
    [33maria-label[39m=[32m"Description for change item 138"[39m
    [33mclass[39m=[32m"MuiInputBase-input MuiOutlinedInput-input css-w4nesw-MuiInputBase-input-MuiOutlinedInput-input"[39m
    [33mid[39m=[32m"_r_j8_"[39m
    [33mmaxlength[39m=[32m"500"[39m
    [33mrequired[39m=[32m""[39m
    [33mrows[39m=[32m"3"[39m
    [33mstyle[39m=[32m"height: 0px; overflow: hidden;"[39m
  [36m/>[39m

  Name "Jira number for change item 139":
  [36m<input[39m
    [33maria-describedby[39m=[32m"change-item-138-jira-help"[39m
    [33maria-invalid[39m=[32m"false"[39m
    [33maria-label[39m=[32m"Jira number for change item 139"[39m
    [33mclass[39m=[32m"MuiInputBase-input MuiOutlinedInput-input css-16wblaj-MuiInputBase-input-MuiOutlinedInput-input"[39m
    [33mid[39m=[32m"_r_ja_"[39m
    [33mmaxlength[39m=[32m"50"[39m
    [33mrequired[39m=[32m""[39m
    [33mtype[39m=[32m"text"[39m
    [33mvalue[39m=[32m"JIRA-0139"[39m
  [36m/>[39m

  Name "Description for change item 139":
  [36m<textarea[39m
    [33maria-describedby[39m=[32m"change-item-138-desc-help"[39m
    [33maria-invalid[39m=[32m"false"[39m
    [33maria-label[39m=[32m"Description for change item 139"[39m
    [33mclass[39m=[32m"MuiInputBase-input MuiOutlinedInput-input css-w4nesw-MuiInputBase-input-MuiOutlinedInput-input"[39m
    [33mid[39m=[32m"_r_jb_"[39m
    [33mmaxlength[39m=[32m"500"[39m
    [33mrequired[39m=[32m""[39m
    [33mrows[39m=[32m"3"[39m
    [33mstyle[39m=[32m"height: 0px; overflow: hidden;"[39m
  [36m/>[39m

  Name "Jira number for change item 140":
  [36m<input[39m
    [33maria-describedby[39m=[32m"change-item-139-jira-help"[39m
    [33maria-invalid[39m=[32m"false"[39m
    [33maria-label[39m=[32m"Jira number for change item 140"[39m
    [33mclass[39m=[32m"MuiInputBase-input MuiOutlinedInput-input css-16wblaj-MuiInputBase-input-MuiOutlinedInput-input"[39m
    [33mid[39m=[32m"_r_jd_"[39m
    [33mmaxlength[39m=[32m"50"[39m
    [33mrequired[39m=[32m""[39m
    [33mtype[39m=[32m"text"[39m
    [33mvalue[39m=[32m"JIRA-0140"[39m
  [36m/>[39m

  Name "Description for change item 140":
  [36m<textarea[39m
    [33maria-describedby[39m=[32m"change-item-139-desc-help"[39m
    [33maria-invalid[39m=[32m"false"[39m
    [33maria-label[39m=[32m"Description for change item 140"[39m
    [33mclass[39m=[32m"MuiInputBase-input MuiOutlinedInput-input css-w4nesw-MuiInputBase-input-MuiOutlinedInput-input"[39m
    [33mid[39m=[32m"_r_je_"[39m
    [33mmaxlength[39m=[32m"500"[39m
    [33mrequired[39m=[32m""[39m
    [33mrows[39m=[32m"3"[39m
    [33mstyle[39m=[32m"height: 0px; overflow: hidden;"[39m
  [36m/>[39m

  Name "Jira number for change item 141":
  [36m<input[39m
    [33maria-describedby[39m=[32m"change-item-140-jira-help"[39m
    [33maria-invalid[39m=[32m"false"[39m
    [33maria-label[39m=[32m"Jira number for change item 141"[39m
    [33mclass[39m=[32m"MuiInputBase-input MuiOutlinedInput-input css-16wblaj-MuiInputBase-input-MuiOutlinedInput-input"[39m
    [33mid[39m=[32m"_r_jg_"[39m
    [33mmaxlength[39m=[32m"50"[39m
    [33mrequired[39m=[32m""[39m
    [33mtype[39m=[32m"text"[39m
    [33mvalue[39m=[32m"JIRA-0141"[39m
  [36m/>[39m

  Name "Description for change item 141":
  [36m<textarea[39m
    [33maria-describedby[39m=[32m"change-item-140-desc-help"[39m
    [33maria-invalid[39m=[32m"false"[39m
    [33maria-label[39m=[32m"Description for change item 141"[39m
    [33mclass[39m=[32m"MuiInputBase-input MuiOutlinedInput-input css-w4nesw-MuiInputBase-input-MuiOutlinedInput-input"[39m
    [33mid[39m=[32m"_r_jh_"[39m
    [33mmaxlength[39m=[32m"500"[39m
    [33mrequired[39m=[32m""[39m
    [33mrows[39m=[32m"3"[39m
    [33mstyle[39m=[32m"height: 0px; overflow: hidden;"[39m
  [36m/>[39m

  Name "Jira number for change item 142":
  [36m<input[39m
    [33maria-describedby[39m=[32m"change-item-141-jira-help"[39m
    [33maria-invalid[39m=[32m"false"[39m
    [33maria-label[39m=[32m"Jira number for change item 142"[39m
    [33mclass[39m=[32m"MuiInputBase-input MuiOutlinedInput-input css-16wblaj-MuiInputBase-input-MuiOutlinedInput-input"[39m
    [33mid[39m=[32m"_r_jj_"[39m
    [33mmaxlength[39m=[32m"50"[39m
    [33mrequired[39m=[32m""[39m
    [33mtype[39m=[32m"text"[39m
    [33mvalue[39m=[32m"JIRA-0142"[39m
  [36m/>[39m

  Name "Description for change item 142":
  [36m<textarea[39m
    [33maria-describedby[39m=[32m"change-item-141-desc-help"[39m
    [33maria-invalid[39m=[32m"false"[39m
    [33maria-label[39m=[32m"Description for change item 142"[39m
    [33mclass[39m=[32m"MuiInputBase-input MuiOutlinedInput-input css-w4nesw-MuiInputBase-input-MuiOutlinedInput-input"[39m
    [33mid[39m=[32m"_r_jk_"[39m
    [33mmaxlength[39m=[32m"500"[39m
    [33mrequired[39m=[32m""[39m
    [33mrows[39m=[32m"3"[39m
    [33mstyle[39m=[32m"height: 0px; overflow: hidden;"[39m
  [36m/>[39m

  Name "Jira number for change item 143":
  [36m<input[39m
    [33maria-describedby[39m=[32m"change-item-142-jira-help"[39m
    [33maria-invalid[39m=[32m"false"[39m
    [33maria-label[39m=[32m"Jira number for change item 143"[39m
    [33mclass[39m=[32m"MuiInputBase-input MuiOutlinedInput-input css-16wblaj-MuiInputBase-input-MuiOutlinedInput-input"[39m
    [33mid[39m=[32m"_r_jm_"[39m
    [33mmaxlength[39m=[32m"50"[39m
    [33mrequired[39m=[32m""[39m
    [33mtype[39m=[32m"text"[39m
    [33mvalue[39m=[32m"JIRA-0143"[39m
  [36m/>[39m

  Name "Description for change item 143":
  [36m<textarea[39m
    [33maria-describedby[39m=[32m"change-item-142-desc-help"[39m
    [33maria-invalid[39m=[32m"false"[39m
    [33maria-label[39m=[32m"Description for change item 143"[39m
    [33mclass[39m=[32m"MuiInputBase-input MuiOutlinedInput-input css-w4nesw-MuiInputBase-input-MuiOutlinedInput-input"[39m
    [33mid[39m=[32m"_r_jn_"[39m
    [33mmaxlength[39m=[32m"500"[39m
    [33mrequired[39m=[32m""[39m
    [33mrows[39m=[32m"3"[39m
    [33mstyle[39m=[32m"height: 0px; overflow: hidden;"[39m
  [36m/>[39m

  Name "Jira number for change item 144":
  [36m<input[39m
    [33maria-describedby[39m=[32m"change-item-143-jira-help"[39m
    [33maria-invalid[39m=[32m"false"[39m
    [33maria-label[39m=[32m"Jira number for change item 144"[39m
    [33mclass[39m=[32m"MuiInputBase-input MuiOutlinedInput-input css-16wblaj-MuiInputBase-input-MuiOutlinedInput-input"[39m
    [33mid[39m=[32m"_r_jp_"[39m
    [33mmaxlength[39m=[32m"50"[39m
    [33mrequired[39m=[32m""[39m
    [33mtype[39m=[32m"text"[39m
    [33mvalue[39m=[32m"JIRA-0144"[39m
  [36m/>[39m

  Name "Description for change item 144":
  [36m<textarea[39m
    [33maria-describedby[39m=[32m"change-item-143-desc-help"[39m
    [33maria-invalid[39m=[32m"false"[39m
    [33maria-label[39m=[32m"Description for change item 144"[39m
    [33mclass[39m=[32m"MuiInputBase-input MuiOutlinedInput-input css-w4nesw-MuiInputBase-input-MuiOutlinedInput-input"[39m
    [33mid[39m=[32m"_r_jq_"[39m
    [33mmaxlength[39m=[32m"500"[39m
    [33mrequired[39m=[32m""[39m
    [33mrows[39m=[32m"3"[39m
    [33mstyle[39m=[32m"height: 0px; overflow: hidden;"[39m
  [36m/>[39m

  Name "Jira number for change item 145":
  [36m<input[39m
    [33maria-describedby[39m=[32m"change-item-144-jira-help"[39m
    [33maria-invalid[39m=[32m"false"[39m
    [33maria-label[39m=[32m"Jira number for change item 145"[39m
    [33mclass[39m=[32m"MuiInputBase-input MuiOutlinedInput-input css-16wblaj-MuiInputBase-input-MuiOutlinedInput-input"[39m
    [33mid[39m=[32m"_r_js_"[39m
    [33mmaxlength[39m=[32m"50"[39m
    [33mrequired[39m=[32m""[39m
    [33mtype[39m=[32m"text"[39m
    [33mvalue[39m=[32m"JIRA-0145"[39m
  [36m/>[39m

  Name "Description for change item 145":
  [36m<textarea[39m
    [33maria-describedby[39m=[32m"change-item-144-desc-help"[39m
    [33maria-invalid[39m=[32m"false"[39m
    [33maria-label[39m=[32m"Description for change item 145"[39m
    [33mclass[39m=[32m"MuiInputBase-input MuiOutlinedInput-input css-w4nesw-MuiInputBase-input-MuiOutlinedInput-input"[39m
    [33mid[39m=[32m"_r_jt_"[39m
    [33mmaxlength[39m=[32m"500"[39m
    [33mrequired[39m=[32m""[39m
    [33mrows[39m=[32m"3"[39m
    [33mstyle[39m=[32m"height: 0px; overflow: hidden;"[39m
  [36m/>[39m

  Name "Jira number for change item 146":
  [36m<input[39m
    [33maria-describedby[39m=[32m"change-item-145-jira-help"[39m
    [33maria-invalid[39m=[32m"false"[39m
    [33maria-label[39m=[32m"Jira number for change item 146"[39m
    [33mclass[39m=[32m"MuiInputBase-input MuiOutlinedInput-input css-16wblaj-MuiInputBase-input-MuiOutlinedInput-input"[39m
    [33mid[39m=[32m"_r_jv_"[39m
    [33mmaxlength[39m=[32m"50"[39m
    [33mrequired[39m=[32m""[39m
    [33mtype[39m=[32m"text"[39m
    [33mvalue[39m=[32m"JIRA-0146"[39m
  [36m/>[39m

  Name "Description for change item 146":
  [36m<textarea[39m
    [33maria-describedby[39m=[32m"change-item-145-desc-help"[39m
    [33maria-invalid[39m=[32m"false"[39m
    [33maria-label[39m=[32m"Description for change item 146"[39m
    [33mclass[39m=[32m"MuiInputBase-input MuiOutlinedInput-input css-w4nesw-MuiInputBase-input-MuiOutlinedInput-input"[39m
    [33mid[39m=[32m"_r_k0_"[39m
    [33mmaxlength[39m=[32m"500"[39m
    [33mrequired[39m=[32m""[39m
    [33mrows[39m=[32m"3"[39m
    [33mstyle[39m=[32m"height: 0px; overflow: hidden;"[39m
  [36m/>[39m

  Name "Jira number for change item 147":
  [36m<input[39m
    [33maria-describedby[39m=[32m"change-item-146-jira-help"[39m
    [33maria-invalid[39m=[32m"false"[39m
    [33maria-label[39m=[32m"Jira number for change item 147"[39m
    [33mclass[39m=[32m"MuiInputBase-input MuiOutlinedInput-input css-16wblaj-MuiInputBase-input-MuiOutlinedInput-input"[39m
    [33mid[39m=[32m"_r_k2_"[39m
    [33mmaxlength[39m=[32m"50"[39m
    [33mrequired[39m=[32m""[39m
    [33mtype[39m=[32m"text"[39m
    [33mvalue[39m=[32m"JIRA-0147"[39m
  [36m/>[39m

  Name "Description for change item 147":
  [36m<textarea[39m
    [33maria-describedby[39m=[32m"change-item-146-desc-help"[39m
    [33maria-invalid[39m=[32m"false"[39m
    [33maria-label[39m=[32m"Description for change item 147"[39m
    [33mclass[39m=[32m"MuiInputBase-input MuiOutlinedInput-input css-w4nesw-MuiInputBase-input-MuiOutlinedInput-input"[39m
    [33mid[39m=[32m"_r_k3_"[39m
    [33mmaxlength[39m=[32m"500"[39m
    [33mrequired[39m=[32m""[39m
    [33mrows[39m=[32m"3"[39m
    [33mstyle[39m=[32m"height: 0px; overflow: hidden;"[39m
  [36m/>[39m

  Name "Jira number for change item 148":
  [36m<input[39m
    [33maria-describedby[39m=[32m"change-item-147-jira-help"[39m
    [33maria-invalid[39m=[32m"false"[39m
    [33maria-label[39m=[32m"Jira number for change item 148"[39m
    [33mclass[39m=[32m"MuiInputBase-input MuiOutlinedInput-input css-16wblaj-MuiInputBase-input-MuiOutlinedInput-input"[39m
    [33mid[39m=[32m"_r_k5_"[39m
    [33mmaxlength[39m=[32m"50"[39m
    [33mrequired[39m=[32m""[39m
    [33mtype[39m=[32m"text"[39m
    [33mvalue[39m=[32m"JIRA-0148"[39m
  [36m/>[39m

  Name "Description for change item 148":
  [36m<textarea[39m
    [33maria-describedby[39m=[32m"change-item-147-desc-help"[39m
    [33maria-invalid[39m=[32m"false"[39m
    [33maria-label[39m=[32m"Description for change item 148"[39m
    [33mclass[39m=[32m"MuiInputBase-input MuiOutlinedInput-input css-w4nesw-MuiInputBase-input-MuiOutlinedInput-input"[39m
    [33mid[39m=[32m"_r_k6_"[39m
    [33mmaxlength[39m=[32m"500"[39m
    [33mrequired[39m=[32m""[39m
    [33mrows[39m=[32m"3"[39m
    [33mstyle[39m=[32m"height: 0px; overflow: hidden;"[39m
  [36m/>[39m

  Name "Jira number for change item 149":
  [36m<input[39m
    [33maria-describedby[39m=[32m"change-item-148-jira-help"[39m
    [33maria-invalid[39m=[32m"false"[39m
    [33maria-label[39m=[32m"Jira number for change item 149"[39m
    [33mclass[39m=[32m"MuiInputBase-input MuiOutlinedInput-input css-16wblaj-MuiInputBase-input-MuiOutlinedInput-input"[39m
    [33mid[39m=[32m"_r_k8_"[39m
    [33mmaxlength[39m=[32m"50"[39m
    [33mrequired[39m=[32m""[39m
    [33mtype[39m=[32m"text"[39m
    [33mvalue[39m=[32m"JIRA-0149"[39m
  [36m/>[39m

  Name "Description for change item 149":
  [36m<textarea[39m
    [33maria-describedby[39m=[32m"change-item-148-desc-help"[39m
    [33maria-invalid[39m=[32m"false"[39m
    [33maria-label[39m=[32m"Description for change item 149"[39m
    [33mclass[39m=[32m"MuiInputBase-input MuiOutlinedInput-input css-w4nesw-MuiInputBase-input-MuiOutlinedInput-input"[39m
    [33mid[39m=[32m"_r_k9_"[39m
    [33mmaxlength[39m=[32m"500"[39m
    [33mrequired[39m=[32m""[39m
    [33mrows[39m=[32m"3"[39m
    [33mstyle[39m=[32m"height: 0px; overflow: hidden;"[39m
  [36m/>[39m

  Name "Jira number for change item 150":
  [36m<input[39m
    [33maria-describedby[39m=[32m"change-item-149-jira-help"[39m
    [33maria-invalid[39m=[32m"false"[39m
    [33maria-label[39m=[32m"Jira number for change item 150"[39m
    [33mclass[39m=[32m"MuiInputBase-input MuiOutlinedInput-input css-16wblaj-MuiInputBase-input-MuiOutlinedInput-input"[39m
    [33mid[39m=[32m"_r_kb_"[39m
    [33mmaxlength[39m=[32m"50"[39m
    [33mrequired[39m=[32m""[39m
    [33mtype[39m=[32m"text"[39m
    [33mvalue[39m=[32m"JIRA-0150"[39m
  [36m/>[39m

  Name "Description for change item 150":
  [36m<textarea[39m
    [33maria-describedby[39m=[32m"change-item-149-desc-help"[39m
    [33maria-invalid[39m=[32m"false"[39m
    [33maria-label[39m=[32m"Description for change item 150"[39m
    [33mclass[39m=[32m"MuiInputBase-input MuiOutlinedInput-input css-w4nesw-MuiInputBase-input-MuiOutlinedInput-input"[39m
    [33mid[39m=[32m"_r_kc_"[39m
    [33mmaxlength[39m=[32m"500"[39m
    [33mrequired[39m=[32m""[39m
    [33mrows[39m=[32m"3"[39m
    [33mstyle[39m=[32m"height: 0px; overflow: hidden;"[39m
  [36m/>[39m

  Name "Jira number for change item 151":
  [36m<input[39m
    [33maria-describedby[39m=[32m"change-item-150-jira-help"[39m
    [33maria-invalid[39m=[32m"false"[39m
    [33maria-label[39m=[32m"Jira number for change item 151"[39m
    [33mclass[39m=[32m"MuiInputBase-input MuiOutlinedInput-input css-16wblaj-MuiInputBase-input-MuiOutlinedInput-input"[39m
    [33mid[39m=[32m"_r_ke_"[39m
    [33mmaxlength[39m=[32m"50"[39m
    [33mrequired[39m=[32m""[39m
    [33mtype[39m=[32m"text"[39m
    [33mvalue[39m=[32m"JIRA-0151"[39m
  [36m/>[39m

  Name "Description for change item 151":
  [36m<textarea[39m
    [33maria-describedby[39m=[32m"change-item-150-desc-help"[39m
    [33maria-invalid[39m=[32m"false"[39m
    [33maria-label[39m=[32m"Description for change item 151"[39m
    [33mclass[39m=[32m"MuiInputBase-input MuiOutlinedInput-input css-w4nesw-MuiInputBase-input-MuiOutlinedInput-input"[39m
    [33mid[39m=[32m"_r_kf_"[39m
    [33mmaxlength[39m=[32m"500"[39m
    [33mrequired[39m=[32m""[39m
    [33mrows[39m=[32m"3"[39m
    [33mstyle[39m=[32m"height: 0px; overflow: hidden;"[39m
  [36m/>[39m

  Name "Jira number for change item 152":
  [36m<input[39m
    [33maria-describedby[39m=[32m"change-item-151-jira-help"[39m
    [33maria-invalid[39m=[32m"false"[39m
    [33maria-label[39m=[32m"Jira number for change item 152"[39m
    [33mclass[39m=[32m"MuiInputBase-input MuiOutlinedInput-input css-16wblaj-MuiInputBase-input-MuiOutlinedInput-input"[39m
    [33mid[39m=[32m"_r_kh_"[39m
    [33mmaxlength[39m=[32m"50"[39m
    [33mrequired[39m=[32m""[39m
    [33mtype[39m=[32m"text"[39m
    [33mvalue[39m=[32m"JIRA-0152"[39m
  [36m/>[39m

  Name "Description for change item 152":
  [36m<textarea[39m
    [33maria-describedby[39m=[32m"change-item-151-desc-help"[39m
    [33maria-invalid[39m=[32m"false"[39m
    [33maria-label[39m=[32m"Description for change item 152"[39m
    [33mclass[39m=[32m"MuiInputBase-input MuiOutlinedInput-input css-w4nesw-MuiInputBase-input-MuiOutlinedInput-input"[39m
    [33mid[39m=[32m"_r_ki_"[39m
    [33mmaxlength[39m=[32m"500"[39m
    [33mrequired[39m=[32m""[39m
    [33mrows[39m=[32m"3"[39m
    [33mstyle[39m=[32m"height: 0px; overflow: hidden;"[39m
  [36m/>[39m

  Name "Jira number for change item 153":
  [36m<input[39m
    [33maria-describedby[39m=[32m"change-item-152-jira-help"[39m
    [33maria-invalid[39m=[32m"false"[39m
    [33maria-label[39m=[32m"Jira number for change item 153"[39m
    [33mclass[39m=[32m"MuiInputBase-input MuiOutlinedInput-input css-16wblaj-MuiInputBase-input-MuiOutlinedInput-input"[39m
    [33mid[39m=[32m"_r_kk_"[39m
    [33mmaxlength[39m=[32m"50"[39m
    [33mrequired[39m=[32m""[39m
    [33mtype[39m=[32m"text"[39m
    [33mvalue[39m=[32m"JIRA-0153"[39m
  [36m/>[39m

  Name "Description for change item 153":
  [36m<textarea[39m
    [33maria-describedby[39m=[32m"change-item-152-desc-help"[39m
    [33maria-invalid[39m=[32m"false"[39m
    [33maria-label[39m=[32m"Description for change item 153"[39m
    [33mclass[39m=[32m"MuiInputBase-input MuiOutlinedInput-input css-w4nesw-MuiInputBase-input-MuiOutlinedInput-input"[39m
    [33mid[39m=[32m"_r_kl_"[39m
    [33mmaxlength[39m=[32m"500"[39m
    [33mrequired[39m=[32m""[39m
    [33mrows[39m=[32m"3"[39m
    [33mstyle[39m=[32m"height: 0px; overflow: hidden;"[39m
  [36m/>[39m

  Name "Jira number for change item 154":
  [36m<input[39m
    [33maria-describedby[39m=[32m"change-item-153-jira-help"[39m
    [33maria-invalid[39m=[32m"false"[39m
    [33maria-label[39m=[32m"Jira number for change item 154"[39m
    [33mclass[39m=[32m"MuiInputBase-input MuiOutlinedInput-input css-16wblaj-MuiInputBase-input-MuiOutlinedInput-input"[39m
    [33mid[39m=[32m"_r_kn_"[39m
    [33mmaxlength[39m=[32m"50"[39m
    [33mrequired[39m=[32m""[39m
    [33mtype[39m=[32m"text"[39m
    [33mvalue[39m=[32m"JIRA-0154"[39m
  [36m/>[39m

  Name "Description for change item 154":
  [36m<textarea[39m
    [33maria-describedby[39m=[32m"change-item-153-desc-help"[39m
    [33maria-invalid[39m=[32m"false"[39m
    [33maria-label[39m=[32m"Description for change item 154"[39m
    [33mclass[39m=[32m"MuiInputBase-input MuiOutlinedInput-input css-w4nesw-MuiInputBase-input-MuiOutlinedInput-input"[39m
    [33mid[39m=[32m"_r_ko_"[39m
    [33mmaxlength[39m=[32m"500"[39m
    [33mrequired[39m=[32m""[39m
    [33mrows[39m=[32m"3"[39m
    [33mstyle[39m=[32m"height: 0px; overflow: hidden;"[39m
  [36m/>[39m

  Name "Jira number for change item 155":
  [36m<input[39m
    [33maria-describedby[39m=[32m"change-item-154-jira-help"[39m
    [33maria-invalid[39m=[32m"false"[39m
    [33maria-label[39m=[32m"Jira number for change item 155"[39m
    [33mclass[39m=[32m"MuiInputBase-input MuiOutlinedInput-input css-16wblaj-MuiInputBase-input-MuiOutlinedInput-input"[39m
    [33mid[39m=[32m"_r_kq_"[39m
    [33mmaxlength[39m=[32m"50"[39m
    [33mrequired[39m=[32m""[39m
    [33mtype[39m=[32m"text"[39m
    [33mvalue[39m=[32m"JIRA-0155"[39m
  [36m/>[39m

  Name "Description for change item 155":
  [36m<textarea[39m
    [33maria-describedby[39m=[32m"change-item-154-desc-help"[39m
    [33maria-invalid[39m=[32m"false"[39m
    [33maria-label[39m=[32m"Description for change item 155"[39m
    [33mclass[39m=[32m"MuiInputBase-input MuiOutlinedInput-input css-w4nesw-MuiInputBase-input-MuiOutlinedInput-input"[39m
    [33mid[39m=[32m"_r_kr_"[39m
    [33mmaxlength[39m=[32m"500"[39m
    [33mrequired[39m=[32m""[39m
    [33mrows[39m=[32m"3"[39m
    [33mstyle[39m=[32m"height: 0px; overflow: hidden;"[39m
  [36m/>[39m

  Name "Jira number for change item 156":
  [36m<input[39m
    [33maria-describedby[39m=[32m"change-item-155-jira-help"[39m
    [33maria-invalid[39m=[32m"false"[39m
    [33maria-label[39m=[32m"Jira number for change item 156"[39m
    [33mclass[39m=[32m"MuiInputBase-input MuiOutlinedInput-input css-16wblaj-MuiInputBase-input-MuiOutlinedInput-input"[39m
    [33mid[39m=[32m"_r_kt_"[39m
    [33mmaxlength[39m=[32m"50"[39m
    [33mrequired[39m=[32m""[39m
    [33mtype[39m=[32m"text"[39m
    [33mvalue[39m=[32m"JIRA-0156"[39m
  [36m/>[39m

  Name "Description for change item 156":
  [36m<textarea[39m
    [33maria-describedby[39m=[32m"change-item-155-desc-help"[39m
    [33maria-invalid[39m=[32m"false"[39m
    [33maria-label[39m=[32m"Description for change item 156"[39m
    [33mclass[39m=[32m"MuiInputBase-input MuiOutlinedInput-input css-w4nesw-MuiInputBase-input-MuiOutlinedInput-input"[39m
    [33mid[39m=[32m"_r_ku_"[39m
    [33mmaxlength[39m=[32m"500"[39m
    [33mrequired[39m=[32m""[39m
    [33mrows[39m=[32m"3"[39m
    [33mstyle[39m=[32m"height: 0px; overflow: hidden;"[39m
  [36m/>[39m

  Name "Jira number for change item 157":
  [36m<input[39m
    [33maria-describedby[39m=[32m"change-item-156-jira-help"[39m
    [33maria-invalid[39m=[32m"false"[39m
    [33maria-label[39m=[32m"Jira number for change item 157"[39m
    [33mclass[39m=[32m"MuiInputBase-input MuiOutlinedInput-input css-16wblaj-MuiInputBase-input-MuiOutlinedInput-input"[39m
    [33mid[39m=[32m"_r_l0_"[39m
    [33mmaxlength[39m=[32m"50"[39m
    [33mrequired[39m=[32m""[39m
    [33mtype[39m=[32m"text"[39m
    [33mvalue[39m=[32m"JIRA-0157"[39m
  [36m/>[39m

  Name "Description for change item 157":
  [36m<textarea[39m
    [33maria-describedby[39m=[32m"change-item-156-desc-help"[39m
    [33maria-invalid[39m=[32m"false"[39m
    [33maria-label[39m=[32m"Description for change item 157"[39m
    [33mclass[39m=[32m"MuiInputBase-input MuiOutlinedInput-input css-w4nesw-MuiInputBase-input-MuiOutlinedInput-input"[39m
    [33mid[39m=[32m"_r_l1_"[39m
    [33mmaxlength[39m=[32m"500"[39m
    [33mrequired[39m=[32m""[39m
    [33mrows[39m=[32m"3"[39m
    [33mstyle[39m=[32m"height: 0px; overflow: hidden;"[39m
  [36m/>[39m

  Name "Jira number for change item 158":
  [36m<input[39m
    [33maria-describedby[39m=[32m"change-item-157-jira-help"[39m
    [33maria-invalid[39m=[32m"false"[39m
    [33maria-label[39m=[32m"Jira number for change item 158"[39m
    [33mclass[39m=[32m"MuiInputBase-input MuiOutlinedInput-input css-16wblaj-MuiInputBase-input-MuiOutlinedInput-input"[39m
    [33mid[39m=[32m"_r_l3_"[39m
    [33mmaxlength[39m=[32m"50"[39m
    [33mrequired[39m=[32m""[39m
    [33mtype[39m=[32m"text"[39m
    [33mvalue[39m=[32m"JIRA-0158"[39m
  [36m/>[39m

  Name "Description for change item 158":
  [36m<textarea[39m
    [33maria-describedby[39m=[32m"change-item-157-desc-help"[39m
    [33maria-invalid[39m=[32m"false"[39m
    [33maria-label[39m=[32m"Description for change item 158"[39m
    [33mclass[39m=[32m"MuiInputBase-input MuiOutlinedInput-input css-w4nesw-MuiInputBase-input-MuiOutlinedInput-input"[39m
    [33mid[39m=[32m"_r_l4_"[39m
    [33mmaxlength[39m=[32m"500"[39m
    [33mrequired[39m=[32m""[39m
    [33mrows[39m=[32m"3"[39m
    [33mstyle[39m=[32m"height: 0px; overflow: hidden;"[39m
  [36m/>[39m

  Name "Jira number for change item 159":
  [36m<input[39m
    [33maria-describedby[39m=[32m"change-item-158-jira-help"[39m
    [33maria-invalid[39m=[32m"false"[39m
    [33maria-label[39m=[32m"Jira number for change item 159"[39m
    [33mclass[39m=[32m"MuiInputBase-input MuiOutlinedInput-input css-16wblaj-MuiInputBase-input-MuiOutlinedInput-input"[39m
    [33mid[39m=[32m"_r_l6_"[39m
    [33mmaxlength[39m=[32m"50"[39m
    [33mrequired[39m=[32m""[39m
    [33mtype[39m=[32m"text"[39m
    [33mvalue[39m=[32m"JIRA-0159"[39m
  [36m/>[39m

  Name "Description for change item 159":
  [36m<textarea[39m
    [33maria-describedby[39m=[32m"change-item-158-desc-help"[39m
    [33maria-invalid[39m=[32m"false"[39m
    [33maria-label[39m=[32m"Description for change item 159"[39m
    [33mclass[39m=[32m"MuiInputBase-input MuiOutlinedInput-input css-w4nesw-MuiInputBase-input-MuiOutlinedInput-input"[39m
    [33mid[39m=[32m"_r_l7_"[39m
    [33mmaxlength[39m=[32m"500"[39m
    [33mrequired[39m=[32m""[39m
    [33mrows[39m=[32m"3"[39m
    [33mstyle[39m=[32m"height: 0px; overflow: hidden;"[39m
  [36m/>[39m

  Name "Jira number for change item 160":
  [36m<input[39m
    [33maria-describedby[39m=[32m"change-item-159-jira-help"[39m
    [33maria-invalid[39m=[32m"false"[39m
    [33maria-label[39m=[32m"Jira number for change item 160"[39m
    [33mclass[39m=[32m"MuiInputBase-input MuiOutlinedInput-input css-16wblaj-MuiInputBase-input-MuiOutlinedInput-input"[39m
    [33mid[39m=[32m"_r_l9_"[39m
    [33mmaxlength[39m=[32m"50"[39m
    [33mrequired[39m=[32m""[39m
    [33mtype[39m=[32m"text"[39m
    [33mvalue[39m=[32m"JIRA-0160"[39m
  [36m/>[39m

  Name "Description for change item 160":
  [36m<textarea[39m
    [33maria-describedby[39m=[32m"change-item-159-desc-help"[39m
    [33maria-invalid[39m=[32m"false"[39m
    [33maria-label[39m=[32m"Description for change item 160"[39m
    [33mclass[39m=[32m"MuiInputBase-input MuiOutlinedInput-input css-w4nesw-MuiInputBase-input-MuiOutlinedInput-input"[39m
    [33mid[39m=[32m"_r_la_"[39m
    [33mmaxlength[39m=[32m"500"[39m
    [33mrequired[39m=[32m""[39m
    [33mrows[39m=[32m"3"[39m
    [33mstyle[39m=[32m"height: 0px; overflow: hidden;"[39m
  [36m/>[39m

  Name "Jira number for change item 161":
  [36m<input[39m
    [33maria-describedby[39m=[32m"change-item-160-jira-help"[39m
    [33maria-invalid[39m=[32m"false"[39m
    [33maria-label[39m=[32m"Jira number for change item 161"[39m
    [33mclass[39m=[32m"MuiInputBase-input MuiOutlinedInput-input css-16wblaj-MuiInputBase-input-MuiOutlinedInput-input"[39m
    [33mid[39m=[32m"_r_lc_"[39m
    [33mmaxlength[39m=[32m"50"[39m
    [33mrequired[39m=[32m""[39m
    [33mtype[39m=[32m"text"[39m
    [33mvalue[39m=[32m"JIRA-0161"[39m
  [36m/>[39m

  Name "Description for change item 161":
  [36m<textarea[39m
    [33maria-describedby[39m=[32m"change-item-160-desc-help"[39m
    [33maria-invalid[39m=[32m"false"[39m
    [33maria-label[39m=[32m"Description for change item 161"[39m
    [33mclass[39m=[32m"MuiInputBase-input MuiOutlinedInput-input css-w4nesw-MuiInputBase-input-MuiOutlinedInput-input"[39m
    [33mid[39m=[32m"_r_ld_"[39m
    [33mmaxlength[39m=[32m"500"[39m
    [33mrequired[39m=[32m""[39m
    [33mrows[39m=[32m"3"[39m
    [33mstyle[39m=[32m"height: 0px; overflow: hidden;"[39m
  [36m/>[39m

  Name "Jira number for change item 162":
  [36m<input[39m
    [33maria-describedby[39m=[32m"change-item-161-jira-help"[39m
    [33maria-invalid[39m=[32m"false"[39m
    [33maria-label[39m=[32m"Jira number for change item 162"[39m
    [33mclass[39m=[32m"MuiInputBase-input MuiOutlinedInput-input css-16wblaj-MuiInputBase-input-MuiOutlinedInput-input"[39m
    [33mid[39m=[32m"_r_lf_"[39m
    [33mmaxlength[39m=[32m"50"[39m
    [33mrequired[39m=[32m""[39m
    [33mtype[39m=[32m"text"[39m
    [33mvalue[39m=[32m"JIRA-0162"[39m
  [36m/>[39m

  Name "Description for change item 162":
  [36m<textarea[39m
    [33maria-describedby[39m=[32m"change-item-161-desc-help"[39m
    [33maria-invalid[39m=[32m"false"[39m
    [33maria-label[39m=[32m"Description for change item 162"[39m
    [33mclass[39m=[32m"MuiInputBase-input MuiOutlinedInput-input css-w4nesw-MuiInputBase-input-MuiOutlinedInput-input"[39m
    [33mid[39m=[32m"_r_lg_"[39m
    [33mmaxlength[39m=[32m"500"[39m
    [33mrequired[39m=[32m""[39m
    [33mrows[39m=[32m"3"[39m
    [33mstyle[39m=[32m"height: 0px; overflow: hidden;"[39m
  [36m/>[39m

  Name "Jira number for change item 163":
  [36m<input[39m
    [33maria-describedby[39m=[32m"change-item-162-jira-help"[39m
    [33maria-invalid[39m=[32m"false"[39m
    [33maria-label[39m=[32m"Jira number for change item 163"[39m
    [33mclass[39m=[32m"MuiInputBase-input MuiOutlinedInput-input css-16wblaj-MuiInputBase-input-MuiOutlinedInput-input"[39m
    [33mid[39m=[32m"_r_li_"[39m
    [33mmaxlength[39m=[32m"50"[39m
    [33mrequired[39m=[32m""[39m
    [33mtype[39m=[32m"text"[39m
    [33mvalue[39m=[32m"JIRA-0163"[39m
  [36m/>[39m

  Name "Description for change item 163":
  [36m<textarea[39m
    [33maria-describedby[39m=[32m"change-item-162-desc-help"[39m
    [33maria-invalid[39m=[32m"false"[39m
    [33maria-label[39m=[32m"Description for change item 163"[39m
    [33mclass[39m=[32m"MuiInputBase-input MuiOutlinedInput-input css-w4nesw-MuiInputBase-input-MuiOutlinedInput-input"[39m
    [33mid[39m=[32m"_r_lj_"[39m
    [33mmaxlength[39m=[32m"500"[39m
    [33mrequired[39m=[32m""[39m
    [33mrows[39m=[32m"3"[39m
    [33mstyle[39m=[32m"height: 0px; overflow: hidden;"[39m
  [36m/>[39m

  Name "Jira number for change item 164":
  [36m<input[39m
    [33maria-describedby[39m=[32m"change-item-163-jira-help"[39m
    [33maria-invalid[39m=[32m"false"[39m
    [33maria-label[39m=[32m"Jira number for change item 164"[39m
    [33mclass[39m=[32m"MuiInputBase-input MuiOutlinedInput-input css-16wblaj-MuiInputBase-input-MuiOutlinedInput-input"[39m
    [33mid[39m=[32m"_r_ll_"[39m
    [33mmaxlength[39m=[32m"50"[39m
    [33mrequired[39m=[32m""[39m
    [33mtype[39m=[32m"text"[39m
    [33mvalue[39m=[32m"JIRA-0164"[39m
  [36m/>[39m

  Name "Description for change item 164":
  [36m<textarea[39m
    [33maria-describedby[39m=[32m"change-item-163-desc-help"[39m
    [33maria-invalid[39m=[32m"false"[39m
    [33maria-label[39m=[32m"Description for change item 164"[39m
    [33mclass[39m=[32m"MuiInputBase-input MuiOutlinedInput-input css-w4nesw-MuiInputBase-input-MuiOutlinedInput-input"[39m
    [33mid[39m=[32m"_r_lm_"[39m
    [33mmaxlength[39m=[32m"500"[39m
    [33mrequired[39m=[32m""[39m
    [33mrows[39m=[32m"3"[39m
    [33mstyle[39m=[32m"height: 0px; overflow: hidden;"[39m
  [36m/>[39m

  Name "Jira number for change item 165":
  [36m<input[39m
    [33maria-describedby[39m=[32m"change-item-164-jira-help"[39m
    [33maria-invalid[39m=[32m"false"[39m
    [33maria-label[39m=[32m"Jira number for change item 165"[39m
    [33mclass[39m=[32m"MuiInputBase-input MuiOutlinedInput-input css-16wblaj-MuiInputBase-input-MuiOutlinedInput-input"[39m
    [33mid[39m=[32m"_r_lo_"[39m
    [33mmaxlength[39m=[32m"50"[39m
    [33mrequired[39m=[32m""[39m
    [33mtype[39m=[32m"text"[39m
    [33mvalue[39m=[32m"JIRA-0165"[39m
  [36m/>[39m

  Name "Description for change item 165":
  [36m<textarea[39m
    [33maria-describedby[39m=[32m"change-item-164-desc-help"[39m
    [33maria-invalid[39m=[32m"false"[39m
    [33maria-label[39m=[32m"Description for change item 165"[39m
    [33mclass[39m=[32m"MuiInputBase-input MuiOutlinedInput-input css-w4nesw-MuiInputBase-input-MuiOutlinedInput-input"[39m
    [33mid[39m=[32m"_r_lp_"[39m
    [33mmaxlength[39m=[32m"500"[39m
    [33mrequired[39m=[32m""[39m
    [33mrows[39m=[32m"3"[39m
    [33mstyle[39m=[32m"height: 0px; overflow: hidden;"[39m
  [36m/>[39m

  Name "Jira number for change item 166":
  [36m<input[39m
    [33maria-describedby[39m=[32m"change-item-165-jira-help"[39m
    [33maria-invalid[39m=[32m"false"[39m
    [33maria-label[39m=[32m"Jira number for change item 166"[39m
    [33mclass[39m=[32m"MuiInputBase-input MuiOutlinedInput-input css-16wblaj-MuiInputBase-input-MuiOutlinedInput-input"[39m
    [33mid[39m=[32m"_r_lr_"[39m
    [33mmaxlength[39m=[32m"50"[39m
    [33mrequired[39m=[32m""[39m
    [33mtype[39m=[32m"text"[39m
    [33mvalue[39m=[32m"JIRA-0166"[39m
  [36m/>[39m

  Name "Description for change item 166":
  [36m<textarea[39m
    [33maria-describedby[39m=[32m"change-item-165-desc-help"[39m
    [33maria-invalid[39m=[32m"false"[39m
    [33maria-label[39m=[32m"Description for change item 166"[39m
    [33mclass[39m=[32m"MuiInputBase-input MuiOutlinedInput-input css-w4nesw-MuiInputBase-input-MuiOutlinedInput-input"[39m
    [33mid[39m=[32m"_r_ls_"[39m
    [33mmaxlength[39m=[32m"500"[39m
    [33mrequired[39m=[32m""[39m
    [33mrows[39m=[32m"3"[39m
    [33mstyle[39m=[32m"height: 0px; overflow: hidden;"[39m
  [36m/>[39m

  Name "Jira number for change item 167":
  [36m<input[39m
    [33maria-describedby[39m=[32m"change-item-166-jira-help"[39m
    [33maria-invalid[39m=[32m"false"[39m
    [33maria-label[39m=[32m"Jira number for change item 167"[39m
    [33mclass[39m=[32m"MuiInputBase-input MuiOutlinedInput-input css-16wblaj-MuiInputBase-input-MuiOutlinedInput-input"[39m
    [33mid[39m=[32m"_r_lu_"[39m
    [33mmaxlength[39m=[32m"50"[39m
    [33mrequired[39m=[32m""[39m
    [33mtype[39m=[32m"text"[39m
    [33mvalue[39m=[32m"JIRA-0167"[39m
  [36m/>[39m

  Name "Description for change item 167":
  [36m<textarea[39m
    [33maria-describedby[39m=[32m"change-item-166-desc-help"[39m
    [33maria-invalid[39m=[32m"false"[39m
    [33maria-label[39m=[32m"Description for change item 167"[39m
    [33mclass[39m=[32m"MuiInputBase-input MuiOutlinedInput-input css-w4nesw-MuiInputBase-input-MuiOutlinedInput-input"[39m
    [33mid[39m=[32m"_r_lv_"[39m
    [33mmaxlength[39m=[32m"500"[39m
    [33mrequired[39m=[32m""[39m
    [33mrows[39m=[32m"3"[39m
    [33mstyle[39m=[32m"height: 0px; overflow: hidden;"[39m
  [36m/>[39m

  Name "Jira number for change item 168":
  [36m<input[39m
    [33maria-describedby[39m=[32m"change-item-167-jira-help"[39m
    [33maria-invalid[39m=[32m"false"[39m
    [33maria-label[39m=[32m"Jira number for change item 168"[39m
    [33mclass[39m=[32m"MuiInputBase-input MuiOutlinedInput-input css-16wblaj-MuiInputBase-input-MuiOutlinedInput-input"[39m
    [33mid[39m=[32m"_r_m1_"[39m
    [33mmaxlength[39m=[32m"50"[39m
    [33mrequired[39m=[32m""[39m
    [33mtype[39m=[32m"text"[39m
    [33mvalue[39m=[32m"JIRA-0168"[39m
  [36m/>[39m

  Name "Description for change item 168":
  [36m<textarea[39m
    [33maria-describedby[39m=[32m"change-item-167-desc-help"[39m
    [33maria-invalid[39m=[32m"false"[39m
    [33maria-label[39m=[32m"Description for change item 168"[39m
    [33mclass[39m=[32m"MuiInputBase-input MuiOutlinedInput-input css-w4nesw-MuiInputBase-input-MuiOutlinedInput-input"[39m
    [33mid[39m=[32m"_r_m2_"[39m
    [33mmaxlength[39m=[32m"500"[39m
    [33mrequired[39m=[32m""[39m
    [33mrows[39m=[32m"3"[39m
    [33mstyle[39m=[32m"height: 0px; overflow: hidden;"[39m
  [36m/>[39m

  Name "Jira number for change item 169":
  [36m<input[39m
    [33maria-describedby[39m=[32m"change-item-168-jira-help"[39m
    [33maria-invalid[39m=[32m"false"[39m
    [33maria-label[39m=[32m"Jira number for change item 169"[39m
    [33mclass[39m=[32m"MuiInputBase-input MuiOutlinedInput-input css-16wblaj-MuiInputBase-input-MuiOutlinedInput-input"[39m
    [33mid[39m=[32m"_r_m4_"[39m
    [33mmaxlength[39m=[32m"50"[39m
    [33mrequired[39m=[32m""[39m
    [33mtype[39m=[32m"text"[39m
    [33mvalue[39m=[32m"JIRA-0169"[39m
  [36m/>[39m

  Name "Description for change item 169":
  [36m<textarea[39m
    [33maria-describedby[39m=[32m"change-item-168-desc-help"[39m
    [33maria-invalid[39m=[32m"false"[39m
    [33maria-label[39m=[32m"Description for change item 169"[39m
    [33mclass[39m=[32m"MuiInputBase-input MuiOutlinedInput-input css-w4nesw-MuiInputBase-input-MuiOutlinedInput-input"[39m
    [33mid[39m=[32m"_r_m5_"[39m
    [33mmaxlength[39m=[32m"500"[39m
    [33mrequired[39m=[32m""[39m
    [33mrows[39m=[32m"3"[39m
    [33mstyle[39m=[32m"height: 0px; overflow: hidden;"[39m
  [36m/>[39m

  Name "Jira number for change item 170":
  [36m<input[39m
    [33maria-describedby[39m=[32m"change-item-169-jira-help"[39m
    [33maria-invalid[39m=[32m"false"[39m
    [33maria-label[39m=[32m"Jira number for change item 170"[39m
    [33mclass[39m=[32m"MuiInputBase-input MuiOutlinedInput-input css-16wblaj-MuiInputBase-input-MuiOutlinedInput-input"[39m
    [33mid[39m=[32m"_r_m7_"[39m
    [33mmaxlength[39m=[32m"50"[39m
    [33mrequired[39m=[32m""[39m
    [33mtype[39m=[32m"text"[39m
    [33mvalue[39m=[32m"JIRA-0170"[39m
  [36m/>[39m

  Name "Description for change item 170":
  [36m<textarea[39m
    [33maria-describedby[39m=[32m"change-item-169-desc-help"[39m
    [33maria-invalid[39m=[32m"false"[39m
    [33maria-label[39m=[32m"Description for change item 170"[39m
    [33mclass[39m=[32m"MuiInputBase-input MuiOutlinedInput-input css-w4nesw-MuiInputBase-input-MuiOutlinedInput-input"[39m
    [33mid[39m=[32m"_r_m8_"[39m
    [33mmaxlength[39m=[32m"500"[39m
    [33mrequired[39m=[32m""[39m
    [33mrows[39m=[32m"3"[39m
    [33mstyle[39m=[32m"height: 0px; overflow: hidden;"[39m
  [36m/>[39m

  Name "Jira number for change item 171":
  [36m<input[39m
    [33maria-describedby[39m=[32m"change-item-170-jira-help"[39m
    [33maria-invalid[39m=[32m"false"[39m
    [33maria-label[39m=[32m"Jira number for change item 171"[39m
    [33mclass[39m=[32m"MuiInputBase-input MuiOutlinedInput-input css-16wblaj-MuiInputBase-input-MuiOutlinedInput-input"[39m
    [33mid[39m=[32m"_r_ma_"[39m
    [33mmaxlength[39m=[32m"50"[39m
    [33mrequired[39m=[32m""[39m
    [33mtype[39m=[32m"text"[39m
    [33mvalue[39m=[32m"JIRA-0171"[39m
  [36m/>[39m

  Name "Description for change item 171":
  [36m<textarea[39m
    [33maria-describedby[39m=[32m"change-item-170-desc-help"[39m
    [33maria-invalid[39m=[32m"false"[39m
    [33maria-label[39m=[32m"Description for change item 171"[39m
    [33mclass[39m=[32m"MuiInputBase-input MuiOutlinedInput-input css-w4nesw-MuiInputBase-input-MuiOutlinedInput-input"[39m
    [33mid[39m=[32m"_r_mb_"[39m
    [33mmaxlength[39m=[32m"500"[39m
    [33mrequired[39m=[32m""[39m
    [33mrows[39m=[32m"3"[39m
    [33mstyle[39m=[32m"height: 0px; overflow: hidden;"[39m
  [36m/>[39m

  Name "Jira number for change item 172":
  [36m<input[39m
    [33maria-describedby[39m=[32m"change-item-171-jira-help"[39m
    [33maria-invalid[39m=[32m"false"[39m
    [33maria-label[39m=[32m"Jira number for change item 172"[39m
    [33mclass[39m=[32m"MuiInputBase-input MuiOutlinedInput-input css-16wblaj-MuiInputBase-input-MuiOutlinedInput-input"[39m
    [33mid[39m=[32m"_r_md_"[39m
    [33mmaxlength[39m=[32m"50"[39m
    [33mrequired[39m=[32m""[39m
    [33mtype[39m=[32m"text"[39m
    [33mvalue[39m=[32m"JIRA-0172"[39m
  [36m/>[39m

  Name "Description for change item 172":
  [36m<textarea[39m
    [33maria-describedby[39m=[32m"change-item-171-desc-help"[39m
    [33maria-invalid[39m=[32m"false"[39m
    [33maria-label[39m=[32m"Description for change item 172"[39m
    [33mclass[39m=[32m"MuiInputBase-input MuiOutlinedInput-input css-w4nesw-MuiInputBase-input-MuiOutlinedInput-input"[39m
    [33mid[39m=[32m"_r_me_"[39m
    [33mmaxlength[39m=[32m"500"[39m
    [33mrequired[39m=[32m""[39m
    [33mrows[39m=[32m"3"[39m
    [33mstyle[39m=[32m"height: 0px; overflow: hidden;"[39m
  [36m/>[39m

  Name "Jira number for change item 173":
  [36m<input[39m
    [33maria-describedby[39m=[32m"change-item-172-jira-help"[39m
    [33maria-invalid[39m=[32m"false"[39m
    [33maria-label[39m=[32m"Jira number for change item 173"[39m
    [33mclass[39m=[32m"MuiInputBase-input MuiOutlinedInput-input css-16wblaj-MuiInputBase-input-MuiOutlinedInput-input"[39m
    [33mid[39m=[32m"_r_mg_"[39m
    [33mmaxlength[39m=[32m"50"[39m
    [33mrequired[39m=[32m""[39m
    [33mtype[39m=[32m"text"[39m
    [33mvalue[39m=[32m"JIRA-0173"[39m
  [36m/>[39m

  Name "Description for change item 173":
  [36m<textarea[39m
    [33maria-describedby[39m=[32m"change-item-172-desc-help"[39m
    [33maria-invalid[39m=[32m"false"[39m
    [33maria-label[39m=[32m"Description for change item 173"[39m
    [33mclass[39m=[32m"MuiInputBase-input MuiOutlinedInput-input css-w4nesw-MuiInputBase-input-MuiOutlinedInput-input"[39m
    [33mid[39m=[32m"_r_mh_"[39m
    [33mmaxlength[39m=[32m"500"[39m
    [33mrequired[39m=[32m""[39m
    [33mrows[39m=[32m"3"[39m
    [33mstyle[39m=[32m"height: 0px; overflow: hidden;"[39m
  [36m/>[39m

  Name "Jira number for change item 174":
  [36m<input[39m
    [33maria-describedby[39m=[32m"change-item-173-jira-help"[39m
    [33maria-invalid[39m=[32m"false"[39m
    [33maria-label[39m=[32m"Jira number for change item 174"[39m
    [33mclass[39m=[32m"MuiInputBase-input MuiOutlinedInput-input css-16wblaj-MuiInputBase-input-MuiOutlinedInput-input"[39m
    [33mid[39m=[32m"_r_mj_"[39m
    [33mmaxlength[39m=[32m"50"[39m
    [33mrequired[39m=[32m""[39m
    [33mtype[39m=[32m"text"[39m
    [33mvalue[39m=[32m"JIRA-0174"[39m
  [36m/>[39m

  Name "Description for change item 174":
  [36m<textarea[39m
    [33maria-describedby[39m=[32m"change-item-173-desc-help"[39m
    [33maria-invalid[39m=[32m"false"[39m
    [33maria-label[39m=[32m"Description for change item 174"[39m
    [33mclass[39m=[32m"MuiInputBase-input MuiOutlinedInput-input css-w4nesw-MuiInputBase-input-MuiOutlinedInput-input"[39m
    [33mid[39m=[32m"_r_mk_"[39m
    [33mmaxlength[39m=[32m"500"[39m
    [33mrequired[39m=[32m""[39m
    [33mrows[39m=[32m"3"[39m
    [33mstyle[39m=[32m"height: 0px; overflow: hidden;"[39m
  [36m/>[39m

  Name "Jira number for change item 175":
  [36m<input[39m
    [33maria-describedby[39m=[32m"change-item-174-jira-help"[39m
    [33maria-invalid[39m=[32m"false"[39m
    [33maria-label[39m=[32m"Jira number for change item 175"[39m
    [33mclass[39m=[32m"MuiInputBase-input MuiOutlinedInput-input css-16wblaj-MuiInputBase-input-MuiOutlinedInput-input"[39m
    [33mid[39m=[32m"_r_mm_"[39m
    [33mmaxlength[39m=[32m"50"[39m
    [33mrequired[39m=[32m""[39m
    [33mtype[39m=[32m"text"[39m
    [33mvalue[39m=[32m"JIRA-0175"[39m
  [36m/>[39m

  Name "Description for change item 175":
  [36m<textarea[39m
    [33maria-describedby[39m=[32m"change-item-174-desc-help"[39m
    [33maria-invalid[39m=[32m"false"[39m
    [33maria-label[39m=[32m"Description for change item 175"[39m
    [33mclass[39m=[32m"MuiInputBase-input MuiOutlinedInput-input css-w4nesw-MuiInputBase-input-MuiOutlinedInput-input"[39m
    [33mid[39m=[32m"_r_mn_"[39m
    [33mmaxlength[39m=[32m"500"[39m
    [33mrequired[39m=[32m""[39m
    [33mrows[39m=[32m"3"[39m
    [33mstyle[39m=[32m"height: 0px; overflow: hidden;"[39m
  [36m/>[39m

  Name "Jira number for change item 176":
  [36m<input[39m
    [33maria-describedby[39m=[32m"change-item-175-jira-help"[39m
    [33maria-invalid[39m=[32m"false"[39m
    [33maria-label[39m=[32m"Jira number for change item 176"[39m
    [33mclass[39m=[32m"MuiInputBase-input MuiOutlinedInput-input css-16wblaj-MuiInputBase-input-MuiOutlinedInput-input"[39m
    [33mid[39m=[32m"_r_mp_"[39m
    [33mmaxlength[39m=[32m"50"[39m
    [33mrequired[39m=[32m""[39m
    [33mtype[39m=[32m"text"[39m
    [33mvalue[39m=[32m"JIRA-0176"[39m
  [36m/>[39m

  Name "Description for change item 176":
  [36m<textarea[39m
    [33maria-describedby[39m=[32m"change-item-175-desc-help"[39m
    [33maria-invalid[39m=[32m"false"[39m
    [33maria-label[39m=[32m"Description for change item 176"[39m
    [33mclass[39m=[32m"MuiInputBase-input MuiOutlinedInput-input css-w4nesw-MuiInputBase-input-MuiOutlinedInput-input"[39m
    [33mid[39m=[32m"_r_mq_"[39m
    [33mmaxlength[39m=[32m"500"[39m
    [33mrequired[39m=[32m""[39m
    [33mrows[39m=[32m"3"[39m
    [33mstyle[39m=[32m"height: 0px; overflow: hidden;"[39m
  [36m/>[39m

  Name "Jira number for change item 177":
  [36m<input[39m
    [33maria-describedby[39m=[32m"change-item-176-jira-help"[39m
    [33maria-invalid[39m=[32m"false"[39m
    [33maria-label[39m=[32m"Jira number for change item 177"[39m
    [33mclass[39m=[32m"MuiInputBase-input MuiOutlinedInput-input css-16wblaj-MuiInputBase-input-MuiOutlinedInput-input"[39m
    [33mid[39m=[32m"_r_ms_"[39m
    [33mmaxlength[39m=[32m"50"[39m
    [33mrequired[39m=[32m""[39m
    [33mtype[39m=[32m"text"[39m
    [33mvalue[39m=[32m"JIRA-0177"[39m
  [36m/>[39m

  Name "Description for change item 177":
  [36m<textarea[39m
    [33maria-describedby[39m=[32m"change-item-176-desc-help"[39m
    [33maria-invalid[39m=[32m"false"[39m
    [33maria-label[39m=[32m"Description for change item 177"[39m
    [33mclass[39m=[32m"MuiInputBase-input MuiOutlinedInput-input css-w4nesw-MuiInputBase-input-MuiOutlinedInput-input"[39m
    [33mid[39m=[32m"_r_mt_"[39m
    [33mmaxlength[39m=[32m"500"[39m
    [33mrequired[39m=[32m""[39m
    [33mrows[39m=[32m"3"[39m
    [33mstyle[39m=[32m"height: 0px; overflow: hidden;"[39m
  [36m/>[39m

  Name "Jira number for change item 178":
  [36m<input[39m
    [33maria-describedby[39m=[32m"change-item-177-jira-help"[39m
    [33maria-invalid[39m=[32m"false"[39m
    [33maria-label[39m=[32m"Jira number for change item 178"[39m
    [33mclass[39m=[32m"MuiInputBase-input MuiOutlinedInput-input css-16wblaj-MuiInputBase-input-MuiOutlinedInput-input"[39m
    [33mid[39m=[32m"_r_mv_"[39m
    [33mmaxlength[39m=[32m"50"[39m
    [33mrequired[39m=[32m""[39m
    [33mtype[39m=[32m"text"[39m
    [33mvalue[39m=[32m"JIRA-0178"[39m
  [36m/>[39m

  Name "Description for change item 178":
  [36m<textarea[39m
    [33maria-describedby[39m=[32m"change-item-177-desc-help"[39m
    [33maria-invalid[39m=[32m"false"[39m
    [33maria-label[39m=[32m"Description for change item 178"[39m
    [33mclass[39m=[32m"MuiInputBase-input MuiOutlinedInput-input css-w4nesw-MuiInputBase-input-MuiOutlinedInput-input"[39m
    [33mid[39m=[32m"_r_n0_"[39m
    [33mmaxlength[39m=[32m"500"[39m
    [33mrequired[39m=[32m""[39m
    [33mrows[39m=[32m"3"[39m
    [33mstyle[39m=[32m"height: 0px; overflow: hidden;"[39m
  [36m/>[39m

  Name "Jira number for change item 179":
  [36m<input[39m
    [33maria-describedby[39m=[32m"change-item-178-jira-help"[39m
    [33maria-invalid[39m=[32m"false"[39m
    [33maria-label[39m=[32m"Jira number for change item 179"[39m
    [33mclass[39m=[32m"MuiInputBase-input MuiOutlinedInput-input css-16wblaj-MuiInputBase-input-MuiOutlinedInput-input"[39m
    [33mid[39m=[32m"_r_n2_"[39m
    [33mmaxlength[39m=[32m"50"[39m
    [33mrequired[39m=[32m""[39m
    [33mtype[39m=[32m"text"[39m
    [33mvalue[39m=[32m"JIRA-0179"[39m
  [36m/>[39m

  Name "Description for change item 179":
  [36m<textarea[39m
    [33maria-describedby[39m=[32m"change-item-178-desc-help"[39m
    [33maria-invalid[39m=[32m"false"[39m
    [33maria-label[39m=[32m"Description for change item 179"[39m
    [33mclass[39m=[32m"MuiInputBase-input MuiOutlinedInput-input css-w4nesw-MuiInputBase-input-MuiOutlinedInput-input"[39m
    [33mid[39m=[32m"_r_n3_"[39m
    [33mmaxlength[39m=[32m"500"[39m
    [33mrequired[39m=[32m""[39m
    [33mrows[39m=[32m"3"[39m
    [33mstyle[39m=[32m"height: 0px; overflow: hidden;"[39m
  [36m/>[39m

  Name "Jira number for change item 180":
  [36m<input[39m
    [33maria-describedby[39m=[32m"change-item-179-jira-help"[39m
    [33maria-invalid[39m=[32m"false"[39m
    [33maria-label[39m=[32m"Jira number for change item 180"[39m
    [33mclass[39m=[32m"MuiInputBase-input MuiOutlinedInput-input css-16wblaj-MuiInputBase-input-MuiOutlinedInput-input"[39m
    [33mid[39m=[32m"_r_n5_"[39m
    [33mmaxlength[39m=[32m"50"[39m
    [33mrequired[39m=[32m""[39m
    [33mtype[39m=[32m"text"[39m
    [33mvalue[39m=[32m"JIRA-0180"[39m
  [36m/>[39m

  Name "Description for change item 180":
  [36m<textarea[39m
    [33maria-describedby[39m=[32m"change-item-179-desc-help"[39m
    [33maria-invalid[39m=[32m"false"[39m
    [33maria-label[39m=[32m"Description for change item 180"[39m
    [33mclass[39m=[32m"MuiInputBase-input MuiOutlinedInput-input css-w4nesw-MuiInputBase-input-MuiOutlinedInput-input"[39m
    [33mid[39m=[32m"_r_n6_"[39m
    [33mmaxlength[39m=[32m"500"[39m
    [33mrequired[39m=[32m""[39m
    [33mrows[39m=[32m"3"[39m
    [33mstyle[39m=[32m"height: 0px; overflow: hidden;"[39m
  [36m/>[39m

  Name "Jira number for change item 181":
  [36m<input[39m
    [33maria-describedby[39m=[32m"change-item-180-jira-help"[39m
    [33maria-invalid[39m=[32m"false"[39m
    [33maria-label[39m=[32m"Jira number for change item 181"[39m
    [33mclass[39m=[32m"MuiInputBase-input MuiOutlinedInput-input css-16wblaj-MuiInputBase-input-MuiOutlinedInput-input"[39m
    [33mid[39m=[32m"_r_n8_"[39m
    [33mmaxlength[39m=[32m"50"[39m
    [33mrequired[39m=[32m""[39m
    [33mtype[39m=[32m"text"[39m
    [33mvalue[39m=[32m"JIRA-0181"[39m
  [36m/>[39m

  Name "Description for change item 181":
  [36m<textarea[39m
    [33maria-describedby[39m=[32m"change-item-180-desc-help"[39m
    [33maria-invalid[39m=[32m"false"[39m
    [33maria-label[39m=[32m"Description for change item 181"[39m
    [33mclass[39m=[32m"MuiInputBase-input MuiOutlinedInput-input css-w4nesw-MuiInputBase-input-MuiOutlinedInput-input"[39m
    [33mid[39m=[32m"_r_n9_"[39m
    [33mmaxlength[39m=[32m"500"[39m
    [33mrequired[39m=[32m""[39m
    [33mrows[39m=[32m"3"[39m
    [33mstyle[39m=[32m"height: 0px; overflow: hidden;"[39m
  [36m/>[39m

  Name "Jira number for change item 182":
  [36m<input[39m
    [33maria-describedby[39m=[32m"change-item-181-jira-help"[39m
    [33maria-invalid[39m=[32m"false"[39m
    [33maria-label[39m=[32m"Jira number for change item 182"[39m
    [33mclass[39m=[32m"MuiInputBase-input MuiOutlinedInput-input css-16wblaj-MuiInputBase-input-MuiOutlinedInput-input"[39m
    [33mid[39m=[32m"_r_nb_"[39m
    [33mmaxlength[39m=[32m"50"[39m
    [33mrequired[39m=[32m""[39m
    [33mtype[39m=[32m"text"[39m
    [33mvalue[39m=[32m"JIRA-0182"[39m
  [36m/>[39m

  Name "Description for change item 182":
  [36m<textarea[39m
    [33maria-describedby[39m=[32m"change-item-181-desc-help"[39m
    [33maria-invalid[39m=[32m"false"[39m
    [33maria-label[39m=[32m"Description for change item 182"[39m
    [33mclass[39m=[32m"MuiInputBase-input MuiOutlinedInput-input css-w4nesw-MuiInputBase-input-MuiOutlinedInput-input"[39m
    [33mid[39m=[32m"_r_nc_"[39m
    [33mmaxlength[39m=[32m"500"[39m
    [33mrequired[39m=[32m""[39m
    [33mrows[39m=[32m"3"[39m
    [33mstyle[39m=[32m"height: 0px; overflow: hidden;"[39m
  [36m/>[39m

  Name "Jira number for change item 183":
  [36m<input[39m
    [33maria-describedby[39m=[32m"change-item-182-jira-help"[39m
    [33maria-invalid[39m=[32m"false"[39m
    [33maria-label[39m=[32m"Jira number for change item 183"[39m
    [33mclass[39m=[32m"MuiInputBase-input MuiOutlinedInput-input css-16wblaj-MuiInputBase-input-MuiOutlinedInput-input"[39m
    [33mid[39m=[32m"_r_ne_"[39m
    [33mmaxlength[39m=[32m"50"[39m
    [33mrequired[39m=[32m""[39m
    [33mtype[39m=[32m"text"[39m
    [33mvalue[39m=[32m"JIRA-0183"[39m
  [36m/>[39m

  Name "Description for change item 183":
  [36m<textarea[39m
    [33maria-describedby[39m=[32m"change-item-182-desc-help"[39m
    [33maria-invalid[39m=[32m"false"[39m
    [33maria-label[39m=[32m"Description for change item 183"[39m
    [33mclass[39m=[32m"MuiInputBase-input MuiOutlinedInput-input css-w4nesw-MuiInputBase-input-MuiOutlinedInput-input"[39m
    [33mid[39m=[32m"_r_nf_"[39m
    [33mmaxlength[39m=[32m"500"[39m
    [33mrequired[39m=[32m""[39m
    [33mrows[39m=[32m"3"[39m
    [33mstyle[39m=[32m"height: 0px; overflow: hidden;"[39m
  [36m/>[39m

  Name "Jira number for change item 184":
  [36m<input[39m
    [33maria-describedby[39m=[32m"change-item-183-jira-help"[39m
    [33maria-invalid[39m=[32m"false"[39m
    [33maria-label[39m=[32m"Jira number for change item 184"[39m
    [33mclass[39m=[32m"MuiInputBase-input MuiOutlinedInput-input css-16wblaj-MuiInputBase-input-MuiOutlinedInput-input"[39m
    [33mid[39m=[32m"_r_nh_"[39m
    [33mmaxlength[39m=[32m"50"[39m
    [33mrequired[39m=[32m""[39m
    [33mtype[39m=[32m"text"[39m
    [33mvalue[39m=[32m"JIRA-0184"[39m
  [36m/>[39m

  Name "Description for change item 184":
  [36m<textarea[39m
    [33maria-describedby[39m=[32m"change-item-183-desc-help"[39m
    [33maria-invalid[39m=[32m"false"[39m
    [33maria-label[39m=[32m"Description for change item 184"[39m
    [33mclass[39m=[32m"MuiInputBase-input MuiOutlinedInput-input css-w4nesw-MuiInputBase-input-MuiOutlinedInput-input"[39m
    [33mid[39m=[32m"_r_ni_"[39m
    [33mmaxlength[39m=[32m"500"[39m
    [33mrequired[39m=[32m""[39m
    [33mrows[39m=[32m"3"[39m
    [33mstyle[39m=[32m"height: 0px; overflow: hidden;"[39m
  [36m/>[39m

  Name "Jira number for change item 185":
  [36m<input[39m
    [33maria-describedby[39m=[32m"change-item-184-jira-help"[39m
    [33maria-invalid[39m=[32m"false"[39m
    [33maria-label[39m=[32m"Jira number for change item 185"[39m
    [33mclass[39m=[32m"MuiInputBase-input MuiOutlinedInput-input css-16wblaj-MuiInputBase-input-MuiOutlinedInput-input"[39m
    [33mid[39m=[32m"_r_nk_"[39m
    [33mmaxlength[39m=[32m"50"[39m
    [33mrequired[39m=[32m""[39m
    [33mtype[39m=[32m"text"[39m
    [33mvalue[39m=[32m"JIRA-0185"[39m
  [36m/>[39m

  Name "Description for change item 185":
  [36m<textarea[39m
    [33maria-describedby[39m=[32m"change-item-184-desc-help"[39m
    [33maria-invalid[39m=[32m"false"[39m
    [33maria-label[39m=[32m"Description for change item 185"[39m
    [33mclass[39m=[32m"MuiInputBase-input MuiOutlinedInput-input css-w4nesw-MuiInputBase-input-MuiOutlinedInput-input"[39m
    [33mid[39m=[32m"_r_nl_"[39m
    [33mmaxlength[39m=[32m"500"[39m
    [33mrequired[39m=[32m""[39m
    [33mrows[39m=[32m"3"[39m
    [33mstyle[39m=[32m"height: 0px; overflow: hidden;"[39m
  [36m/>[39m

  Name "Jira number for change item 186":
  [36m<input[39m
    [33maria-describedby[39m=[32m"change-item-185-jira-help"[39m
    [33maria-invalid[39m=[32m"false"[39m
    [33maria-label[39m=[32m"Jira number for change item 186"[39m
    [33mclass[39m=[32m"MuiInputBase-input MuiOutlinedInput-input css-16wblaj-MuiInputBase-input-MuiOutlinedInput-input"[39m
    [33mid[39m=[32m"_r_nn_"[39m
    [33mmaxlength[39m=[32m"50"[39m
    [33mrequired[39m=[32m""[39m
    [33mtype[39m=[32m"text"[39m
    [33mvalue[39m=[32m"JIRA-0186"[39m
  [36m/>[39m

  Name "Description for change item 186":
  [36m<textarea[39m
    [33maria-describedby[39m=[32m"change-item-185-desc-help"[39m
    [33maria-invalid[39m=[32m"false"[39m
    [33maria-label[39m=[32m"Description for change item 186"[39m
    [33mclass[39m=[32m"MuiInputBase-input MuiOutlinedInput-input css-w4nesw-MuiInputBase-input-MuiOutlinedInput-input"[39m
    [33mid[39m=[32m"_r_no_"[39m
    [33mmaxlength[39m=[32m"500"[39m
    [33mrequired[39m=[32m""[39m
    [33mrows[39m=[32m"3"[39m
    [33mstyle[39m=[32m"height: 0px; overflow: hidden;"[39m
  [36m/>[39m

  Name "Jira number for change item 187":
  [36m<input[39m
    [33maria-describedby[39m=[32m"change-item-186-jira-help"[39m
    [33maria-invalid[39m=[32m"false"[39m
    [33maria-label[39m=[32m"Jira number for change item 187"[39m
    [33mclass[39m=[32m"MuiInputBase-input MuiOutlinedInput-input css-16wblaj-MuiInputBase-input-MuiOutlinedInput-input"[39m
    [33mid[39m=[32m"_r_nq_"[39m
    [33mmaxlength[39m=[32m"50"[39m
    [33mrequired[39m=[32m""[39m
    [33mtype[39m=[32m"text"[39m
    [33mvalue[39m=[32m"JIRA-0187"[39m
  [36m/>[39m

  Name "Description for change item 187":
  [36m<textarea[39m
    [33maria-describedby[39m=[32m"change-item-186-desc-help"[39m
    [33maria-invalid[39m=[32m"false"[39m
    [33maria-label[39m=[32m"Description for change item 187"[39m
    [33mclass[39m=[32m"MuiInputBase-input MuiOutlinedInput-input css-w4nesw-MuiInputBase-input-MuiOutlinedInput-input"[39m
    [33mid[39m=[32m"_r_nr_"[39m
    [33mmaxlength[39m=[32m"500"[39m
    [33mrequired[39m=[32m""[39m
    [33mrows[39m=[32m"3"[39m
    [33mstyle[39m=[32m"height: 0px; overflow: hidden;"[39m
  [36m/>[39m

  Name "Jira number for change item 188":
  [36m<input[39m
    [33maria-describedby[39m=[32m"change-item-187-jira-help"[39m
    [33maria-invalid[39m=[32m"false"[39m
    [33maria-label[39m=[32m"Jira number for change item 188"[39m
    [33mclass[39m=[32m"MuiInputBase-input MuiOutlinedInput-input css-16wblaj-MuiInputBase-input-MuiOutlinedInput-input"[39m
    [33mid[39m=[32m"_r_nt_"[39m
    [33mmaxlength[39m=[32m"50"[39m
    [33mrequired[39m=[32m""[39m
    [33mtype[39m=[32m"text"[39m
    [33mvalue[39m=[32m"JIRA-0188"[39m
  [36m/>[39m

  Name "Description for change item 188":
  [36m<textarea[39m
    [33maria-describedby[39m=[32m"change-item-187-desc-help"[39m
    [33maria-invalid[39m=[32m"false"[39m
    [33maria-label[39m=[32m"Description for change item 188"[39m
    [33mclass[39m=[32m"MuiInputBase-input MuiOutlinedInput-input css-w4nesw-MuiInputBase-input-MuiOutlinedInput-input"[39m
    [33mid[39m=[32m"_r_nu_"[39m
    [33mmaxlength[39m=[32m"500"[39m
    [33mrequired[39m=[32m""[39m
    [33mrows[39m=[32m"3"[39m
    [33mstyle[39m=[32m"height: 0px; overflow: hidden;"[39m
  [36m/>[39m

  Name "Jira number for change item 189":
  [36m<input[39m
    [33maria-describedby[39m=[32m"change-item-188-jira-help"[39m
    [33maria-invalid[39m=[32m"false"[39m
    [33maria-label[39m=[32m"Jira number for change item 189"[39m
    [33mclass[39m=[32m"MuiInputBase-input MuiOutlinedInput-input css-16wblaj-MuiInputBase-input-MuiOutlinedInput-input"[39m
    [33mid[39m=[32m"_r_o0_"[39m
    [33mmaxlength[39m=[32m"50"[39m
    [33mrequired[39m=[32m""[39m
    [33mtype[39m=[32m"text"[39m
    [33mvalue[39m=[32m"JIRA-0189"[39m
  [36m/>[39m

  Name "Description for change item 189":
  [36m<textarea[39m
    [33maria-describedby[39m=[32m"change-item-188-desc-help"[39m
    [33maria-invalid[39m=[32m"false"[39m
    [33maria-label[39m=[32m"Description for change item 189"[39m
    [33mclass[39m=[32m"MuiInputBase-input MuiOutlinedInput-input css-w4nesw-MuiInputBase-input-MuiOutlinedInput-input"[39m
    [33mid[39m=[32m"_r_o1_"[39m
    [33mmaxlength[39m=[32m"500"[39m
    [33mrequired[39m=[32m""[39m
    [33mrows[39m=[32m"3"[39m
    [33mstyle[39m=[32m"height: 0px; overflow: hidden;"[39m
  [36m/>[39m

  Name "Jira number for change item 190":
  [36m<input[39m
    [33maria-describedby[39m=[32m"change-item-189-jira-help"[39m
    [33maria-invalid[39m=[32m"false"[39m
    [33maria-label[39m=[32m"Jira number for change item 190"[39m
    [33mclass[39m=[32m"MuiInputBase-input MuiOutlinedInput-input css-16wblaj-MuiInputBase-input-MuiOutlinedInput-input"[39m
    [33mid[39m=[32m"_r_o3_"[39m
    [33mmaxlength[39m=[32m"50"[39m
    [33mrequired[39m=[32m""[39m
    [33mtype[39m=[32m"text"[39m
    [33mvalue[39m=[32m"JIRA-0190"[39m
  [36m/>[39m

  Name "Description for change item 190":
  [36m<textarea[39m
    [33maria-describedby[39m=[32m"change-item-189-desc-help"[39m
    [33maria-invalid[39m=[32m"false"[39m
    [33maria-label[39m=[32m"Description for change item 190"[39m
    [33mclass[39m=[32m"MuiInputBase-input MuiOutlinedInput-input css-w4nesw-MuiInputBase-input-MuiOutlinedInput-input"[39m
    [33mid[39m=[32m"_r_o4_"[39m
    [33mmaxlength[39m=[32m"500"[39m
    [33mrequired[39m=[32m""[39m
    [33mrows[39m=[32m"3"[39m
    [33mstyle[39m=[32m"height: 0px; overflow: hidden;"[39m
  [36m/>[39m

  Name "Jira number for change item 191":
  [36m<input[39m
    [33maria-describedby[39m=[32m"change-item-190-jira-help"[39m
    [33maria-invalid[39m=[32m"false"[39m
    [33maria-label[39m=[32m"Jira number for change item 191"[39m
    [33mclass[39m=[32m"MuiInputBase-input MuiOutlinedInput-input css-16wblaj-MuiInputBase-input-MuiOutlinedInput-input"[39m
    [33mid[39m=[32m"_r_o6_"[39m
    [33mmaxlength[39m=[32m"50"[39m
    [33mrequired[39m=[32m""[39m
    [33mtype[39m=[32m"text"[39m
    [33mvalue[39m=[32m"JIRA-0191"[39m
  [36m/>[39m

  Name "Description for change item 191":
  [36m<textarea[39m
    [33maria-describedby[39m=[32m"change-item-190-desc-help"[39m
    [33maria-invalid[39m=[32m"false"[39m
    [33maria-label[39m=[32m"Description for change item 191"[39m
    [33mclass[39m=[32m"MuiInputBase-input MuiOutlinedInput-input css-w4nesw-MuiInputBase-input-MuiOutlinedInput-input"[39m
    [33mid[39m=[32m"_r_o7_"[39m
    [33mmaxlength[39m=[32m"500"[39m
    [33mrequired[39m=[32m""[39m
    [33mrows[39m=[32m"3"[39m
    [33mstyle[39m=[32m"height: 0px; overflow: hidden;"[39m
  [36m/>[39m

  Name "Jira number for change item 192":
  [36m<input[39m
    [33maria-describedby[39m=[32m"change-item-191-jira-help"[39m
    [33maria-invalid[39m=[32m"false"[39m
    [33maria-label[39m=[32m"Jira number for change item 192"[39m
    [33mclass[39m=[32m"MuiInputBase-input MuiOutlinedInput-input css-16wblaj-MuiInputBase-input-MuiOutlinedInput-input"[39m
    [33mid[39m=[32m"_r_o9_"[39m
    [33mmaxlength[39m=[32m"50"[39m
    [33mrequired[39m=[32m""[39m
    [33mtype[39m=[32m"text"[39m
    [33mvalue[39m=[32m"JIRA-0192"[39m
  [36m/>[39m

  Name "Description for change item 192":
  [36m<textarea[39m
    [33maria-describedby[39m=[32m"change-item-191-desc-help"[39m
    [33maria-invalid[39m=[32m"false"[39m
    [33maria-label[39m=[32m"Description for change item 192"[39m
    [33mclass[39m=[32m"MuiInputBase-input MuiOutlinedInput-input css-w4nesw-MuiInputBase-input-MuiOutlinedInput-input"[39m
    [33mid[39m=[32m"_r_oa_"[39m
    [33mmaxlength[39m=[32m"500"[39m
    [33mrequired[39m=[32m""[39m
    [33mrows[39m=[32m"3"[39m
    [33mstyle[39m=[32m"height: 0px; overflow: hidden;"[39m
  [36m/>[39m

  Name "Jira number for change item 193":
  [36m<input[39m
    [33maria-describedby[39m=[32m"change-item-192-jira-help"[39m
    [33maria-invalid[39m=[32m"false"[39m
    [33maria-label[39m=[32m"Jira number for change item 193"[39m
    [33mclass[39m=[32m"MuiInputBase-input MuiOutlinedInput-input css-16wblaj-MuiInputBase-input-MuiOutlinedInput-input"[39m
    [33mid[39m=[32m"_r_oc_"[39m
    [33mmaxlength[39m=[32m"50"[39m
    [33mrequired[39m=[32m""[39m
    [33mtype[39m=[32m"text"[39m
    [33mvalue[39m=[32m"JIRA-0193"[39m
  [36m/>[39m

  Name "Description for change item 193":
  [36m<textarea[39m
    [33maria-describedby[39m=[32m"change-item-192-desc-help"[39m
    [33maria-invalid[39m=[32m"false"[39m
    [33maria-label[39m=[32m"Description for change item 193"[39m
    [33mclass[39m=[32m"MuiInputBase-input MuiOutlinedInput-input css-w4nesw-MuiInputBase-input-MuiOutlinedInput-input"[39m
    [33mid[39m=[32m"_r_od_"[39m
    [33mmaxlength[39m=[32m"500"[39m
    [33mrequired[39m=[32m""[39m
    [33mrows[39m=[32m"3"[39m
    [33mstyle[39m=[32m"height: 0px; overflow: hidden;"[39m
  [36m/>[39m

  Name "Jira number for change item 194":
  [36m<input[39m
    [33maria-describedby[39m=[32m"change-item-193-jira-help"[39m
    [33maria-invalid[39m=[32m"false"[39m
    [33maria-label[39m=[32m"Jira number for change item 194"[39m
    [33mclass[39m=[32m"MuiInputBase-input MuiOutlinedInput-input css-16wblaj-MuiInputBase-input-MuiOutlinedInput-input"[39m
    [33mid[39m=[32m"_r_of_"[39m
    [33mmaxlength[39m=[32m"50"[39m
    [33mrequired[39m=[32m""[39m
    [33mtype[39m=[32m"text"[39m
    [33mvalue[39m=[32m"JIRA-0194"[39m
  [36m/>[39m

  Name "Description for change item 194":
  [36m<textarea[39m
    [33maria-describedby[39m=[32m"change-item-193-desc-help"[39m
    [33maria-invalid[39m=[32m"false"[39m
    [33maria-label[39m=[32m"Description for change item 194"[39m
    [33mclass[39m=[32m"MuiInputBase-input MuiOutlinedInput-input css-w4nesw-MuiInputBase-input-MuiOutlinedInput-input"[39m
    [33mid[39m=[32m"_r_og_"[39m
    [33mmaxlength[39m=[32m"500"[39m
    [33mrequired[39m=[32m""[39m
    [33mrows[39m=[32m"3"[39m
    [33mstyle[39m=[32m"height: 0px; overflow: hidden;"[39m
  [36m/>[39m

  Name "Jira number for change item 195":
  [36m<input[39m
    [33maria-describedby[39m=[32m"change-item-194-jira-help"[39m
    [33maria-invalid[39m=[32m"false"[39m
    [33maria-label[39m=[32m"Jira number for change item 195"[39m
    [33mclass[39m=[32m"MuiInputBase-input MuiOutlinedInput-input css-16wblaj-MuiInputBase-input-MuiOutlinedInput-input"[39m
    [33mid[39m=[32m"_r_oi_"[39m
    [33mmaxlength[39m=[32m"50"[39m
    [33mrequired[39m=[32m""[39m
    [33mtype[39m=[32m"text"[39m
    [33mvalue[39m=[32m"JIRA-0195"[39m
  [36m/>[39m

  Name "Description for change item 195":
  [36m<textarea[39m
    [33maria-describedby[39m=[32m"change-item-194-desc-help"[39m
    [33maria-invalid[39m=[32m"false"[39m
    [33maria-label[39m=[32m"Description for change item 195"[39m
    [33mclass[39m=[32m"MuiInputBase-input MuiOutlinedInput-input css-w4nesw-MuiInputBase-input-MuiOutlinedInput-input"[39m
    [33mid[39m=[32m"_r_oj_"[39m
    [33mmaxlength[39m=[32m"500"[39m
    [33mrequired[39m=[32m""[39m
    [33mrows[39m=[32m"3"[39m
    [33mstyle[39m=[32m"height: 0px; overflow: hidden;"[39m
  [36m/>[39m

  Name "Jira number for change item 196":
  [36m<input[39m
    [33maria-describedby[39m=[32m"change-item-195-jira-help"[39m
    [33maria-invalid[39m=[32m"false"[39m
    [33maria-label[39m=[32m"Jira number for change item 196"[39m
    [33mclass[39m=[32m"MuiInputBase-input MuiOutlinedInput-input css-16wblaj-MuiInputBase-input-MuiOutlinedInput-input"[39m
    [33mid[39m=[32m"_r_ol_"[39m
    [33mmaxlength[39m=[32m"50"[39m
    [33mrequired[39m=[32m""[39m
    [33mtype[39m=[32m"text"[39m
    [33mvalue[39m=[32m"JIRA-0196"[39m
  [36m/>[39m

  Name "Description for change item 196":
  [36m<textarea[39m
    [33maria-describedby[39m=[32m"change-item-195-desc-help"[39m
    [33maria-invalid[39m=[32m"false"[39m
    [33maria-label[39m=[32m"Description for change item 196"[39m
    [33mclass[39m=[32m"MuiInputBase-input MuiOutlinedInput-input css-w4nesw-MuiInputBase-input-MuiOutlinedInput-input"[39m
    [33mid[39m=[32m"_r_om_"[39m
    [33mmaxlength[39m=[32m"500"[39m
    [33mrequired[39m=[32m""[39m
    [33mrows[39m=[32m"3"[39m
    [33mstyle[39m=[32m"height: 0px; overflow: hidden;"[39m
  [36m/>[39m

  Name "Jira number for change item 197":
  [36m<input[39m
    [33maria-describedby[39m=[32m"change-item-196-jira-help"[39m
    [33maria-invalid[39m=[32m"false"[39m
    [33maria-label[39m=[32m"Jira number for change item 197"[39m
    [33mclass[39m=[32m"MuiInputBase-input MuiOutlinedInput-input css-16wblaj-MuiInputBase-input-MuiOutlinedInput-input"[39m
    [33mid[39m=[32m"_r_oo_"[39m
    [33mmaxlength[39m=[32m"50"[39m
    [33mrequired[39m=[32m""[39m
    [33mtype[39m=[32m"text"[39m
    [33mvalue[39m=[32m"JIRA-0197"[39m
  [36m/>[39m

  Name "Description for change item 197":
  [36m<textarea[39m
    [33maria-describedby[39m=[32m"change-item-196-desc-help"[39m
    [33maria-invalid[39m=[32m"false"[39m
    [33maria-label[39m=[32m"Description for change item 197"[39m
    [33mclass[39m=[32m"MuiInputBase-input MuiOutlinedInput-input css-w4nesw-MuiInputBase-input-MuiOutlinedInput-input"[39m
    [33mid[39m=[32m"_r_op_"[39m
    [33mmaxlength[39m=[32m"500"[39m
    [33mrequired[39m=[32m""[39m
    [33mrows[39m=[32m"3"[39m
    [33mstyle[39m=[32m"height: 0px; overflow: hidden;"[39m
  [36m/>[39m

  Name "Jira number for change item 198":
  [36m<input[39m
    [33maria-describedby[39m=[32m"change-item-197-jira-help"[39m
    [33maria-invalid[39m=[32m"false"[39m
    [33maria-label[39m=[32m"Jira number for change item 198"[39m
    [33mclass[39m=[32m"MuiInputBase-input MuiOutlinedInput-input css-16wblaj-MuiInputBase-input-MuiOutlinedInput-input"[39m
    [33mid[39m=[32m"_r_or_"[39m
    [33mmaxlength[39m=[32m"50"[39m
    [33mrequired[39m=[32m""[39m
    [33mtype[39m=[32m"text"[39m
    [33mvalue[39m=[32m"JIRA-0198"[39m
  [36m/>[39m

  Name "Description for change item 198":
  [36m<textarea[39m
    [33maria-describedby[39m=[32m"change-item-197-desc-help"[39m
    [33maria-invalid[39m=[32m"false"[39m
    [33maria-label[39m=[32m"Description for change item 198"[39m
    [33mclass[39m=[32m"MuiInputBase-input MuiOutlinedInput-input css-w4nesw-MuiInputBase-input-MuiOutlinedInput-input"[39m
    [33mid[39m=[32m"_r_os_"[39m
    [33mmaxlength[39m=[32m"500"[39m
    [33mrequired[39m=[32m""[39m
    [33mrows[39m=[32m"3"[39m
    [33mstyle[39m=[32m"height: 0px; overflow: hidden;"[39m
  [36m/>[39m

  Name "Jira number for change item 199":
  [36m<input[39m
    [33maria-describedby[39m=[32m"change-item-198-jira-help"[39m
    [33maria-invalid[39m=[32m"false"[39m
    [33maria-label[39m=[32m"Jira number for change item 199"[39m
    [33mclass[39m=[32m"MuiInputBase-input MuiOutlinedInput-input css-16wblaj-MuiInputBase-input-MuiOutlinedInput-input"[39m
    [33mid[39m=[32m"_r_ou_"[39m
    [33mmaxlength[39m=[32m"50"[39m
    [33mrequired[39m=[32m""[39m
    [33mtype[39m=[32m"text"[39m
    [33mvalue[39m=[32m"JIRA-0199"[39m
  [36m/>[39m

  Name "Description for change item 199":
  [36m<textarea[39m
    [33maria-describedby[39m=[32m"change-item-198-desc-help"[39m
    [33maria-invalid[39m=[32m"false"[39m
    [33maria-label[39m=[32m"Description for change item 199"[39m
    [33mclass[39m=[32m"MuiInputBase-input MuiOutlinedInput-input css-w4nesw-MuiInputBase-input-MuiOutlinedInput-input"[39m
    [33mid[39m=[32m"_r_ov_"[39m
    [33mmaxlength[39m=[32m"500"[39m
    [33mrequired[39m=[32m""[39m
    [33mrows[39m=[32m"3"[39m
    [33mstyle[39m=[32m"height: 0px; overflow: hidden;"[39m
  [36m/>[39m

  Name "Jira number for change item 200":
  [36m<input[39m
    [33maria-describedby[39m=[32m"change-item-199-jira-help"[39m
    [33maria-invalid[39m=[32m"false"[39m
    [33maria-label[39m=[32m"Jira number for change item 200"[39m
    [33mclass[39m=[32m"MuiInputBase-input MuiOutlinedInput-input css-16wblaj-MuiInputBase-input-MuiOutlinedInput-input"[39m
    [33mid[39m=[32m"_r_p1_"[39m
    [33mmaxlength[39m=[32m"50"[39m
    [33mrequired[39m=[32m""[39m
    [33mtype[39m=[32m"text"[39m
    [33mvalue[39m=[32m"JIRA-0200"[39m
  [36m/>[39m

  Name "Description for change item 200":
  [36m<textarea[39m
    [33maria-describedby[39m=[32m"change-item-199-desc-help"[39m
    [33maria-invalid[39m=[32m"false"[39m
    [33maria-label[39m=[32m"Description for change item 200"[39m
    [33mclass[39m=[32m"MuiInputBase-input MuiOutlinedInput-input css-w4nesw-MuiInputBase-input-MuiOutlinedInput-input"[39m
    [33mid[39m=[32m"_r_p2_"[39m
    [33mmaxlength[39m=[32m"500"[39m
    [33mrequired[39m=[32m""[39m
    [33mrows[39m=[32m"3"[39m
    [33mstyle[39m=[32m"height: 0px; overflow: hidden;"[39m
  [36m/>[39m

  Name "Jira number for change item 201":
  [36m<input[39m
    [33maria-describedby[39m=[32m"change-item-200-jira-help"[39m
    [33maria-invalid[39m=[32m"false"[39m
    [33maria-label[39m=[32m"Jira number for change item 201"[39m
    [33mclass[39m=[32m"MuiInputBase-input MuiOutlinedInput-input css-16wblaj-MuiInputBase-input-MuiOutlinedInput-input"[39m
    [33mid[39m=[32m"_r_p4_"[39m
    [33mmaxlength[39m=[32m"50"[39m
    [33mrequired[39m=[32m""[39m
    [33mtype[39m=[32m"text"[39m
    [33mvalue[39m=[32m"JIRA-0201"[39m
  [36m/>[39m

  Name "Description for change item 201":
  [36m<textarea[39m
    [33maria-describedby[39m=[32m"change-item-200-desc-help"[39m
    [33maria-invalid[39m=[32m"false"[39m
    [33maria-label[39m=[32m"Description for change item 201"[39m
    [33mclass[39m=[32m"MuiInputBase-input MuiOutlinedInput-input css-w4nesw-MuiInputBase-input-MuiOutlinedInput-input"[39m
    [33mid[39m=[32m"_r_p5_"[39m
    [33mmaxlength[39m=[32m"500"[39m
    [33mrequired[39m=[32m""[39m
    [33mrows[39m=[32m"3"[39m
    [33mstyle[39m=[32m"height: 0px; overflow: hidden;"[39m
  [36m/>[39m

  Name "Jira number for change item 202":
  [36m<input[39m
    [33maria-describedby[39m=[32m"change-item-201-jira-help"[39m
    [33maria-invalid[39m=[32m"false"[39m
    [33maria-label[39m=[32m"Jira number for change item 202"[39m
    [33mclass[39m=[32m"MuiInputBase-input MuiOutlinedInput-input css-16wblaj-MuiInputBase-input-MuiOutlinedInput-input"[39m
    [33mid[39m=[32m"_r_p7_"[39m
    [33mmaxlength[39m=[32m"50"[39m
    [33mrequired[39m=[32m""[39m
    [33mtype[39m=[32m"text"[39m
    [33mvalue[39m=[32m"JIRA-0202"[39m
  [36m/>[39m

  Name "Description for change item 202":
  [36m<textarea[39m
    [33maria-describedby[39m=[32m"change-item-201-desc-help"[39m
    [33maria-invalid[39m=[32m"false"[39m
    [33maria-label[39m=[32m"Description for change item 202"[39m
    [33mclass[39m=[32m"MuiInputBase-input MuiOutlinedInput-input css-w4nesw-MuiInputBase-input-MuiOutlinedInput-input"[39m
    [33mid[39m=[32m"_r_p8_"[39m
    [33mmaxlength[39m=[32m"500"[39m
    [33mrequired[39m=[32m""[39m
    [33mrows[39m=[32m"3"[39m
    [33mstyle[39m=[32m"height: 0px; overflow: hidden;"[39m
  [36m/>[39m

  Name "Jira number for change item 203":
  [36m<input[39m
    [33maria-describedby[39m=[32m"change-item-202-jira-help"[39m
    [33maria-invalid[39m=[32m"false"[39m
    [33maria-label[39m=[32m"Jira number for change item 203"[39m
    [33mclass[39m=[32m"MuiInputBase-input MuiOutlinedInput-input css-16wblaj-MuiInputBase-input-MuiOutlinedInput-input"[39m
    [33mid[39m=[32m"_r_pa_"[39m
    [33mmaxlength[39m=[32m"50"[39m
    [33mrequired[39m=[32m""[39m
    [33mtype[39m=[32m"text"[39m
    [33mvalue[39m=[32m"JIRA-0203"[39m
  [36m/>[39m

  Name "Description for change item 203":
  [36m<textarea[39m
    [33maria-describedby[39m=[32m"change-item-202-desc-help"[39m
    [33maria-invalid[39m=[32m"false"[39m
    [33maria-label[39m=[32m"Description for change item 203"[39m
    [33mclass[39m=[32m"MuiInputBase-input MuiOutlinedInput-input css-w4nesw-MuiInputBase-input-MuiOutlinedInput-input"[39m
    [33mid[39m=[32m"_r_pb_"[39m
    [33mmaxlength[39m=[32m"500"[39m
    [33mrequired[39m=[32m""[39m
    [33mrows[39m=[32m"3"[39m
    [33mstyle[39m=[32m"height: 0px; overflow: hidden;"[39m
  [36m/>[39m

  Name "Jira number for change item 204":
  [36m<input[39m
    [33maria-describedby[39m=[32m"change-item-203-jira-help"[39m
    [33maria-invalid[39m=[32m"false"[39m
    [33maria-label[39m=[32m"Jira number for change item 204"[39m
    [33mclass[39m=[32m"MuiInputBase-input MuiOutlinedInput-input css-16wblaj-MuiInputBase-input-MuiOutlinedInput-input"[39m
    [33mid[39m=[32m"_r_pd_"[39m
    [33mmaxlength[39m=[32m"50"[39m
    [33mrequired[39m=[32m""[39m
    [33mtype[39m=[32m"text"[39m
    [33mvalue[39m=[32m"JIRA-0204"[39m
  [36m/>[39m

  Name "Description for change item 204":
  [36m<textarea[39m
    [33maria-describedby[39m=[32m"change-item-203-desc-help"[39m
    [33maria-invalid[39m=[32m"false"[39m
    [33maria-label[39m=[32m"Description for change item 204"[39m
    [33mclass[39m=[32m"MuiInputBase-input MuiOutlinedInput-input css-w4nesw-MuiInputBase-input-MuiOutlinedInput-input"[39m
    [33mid[39m=[32m"_r_pe_"[39m
    [33mmaxlength[39m=[32m"500"[39m
    [33mrequired[39m=[32m""[39m
    [33mrows[39m=[32m"3"[39m
    [33mstyle[39m=[32m"height: 0px; overflow: hidden;"[39m
  [36m/>[39m

  Name "Jira number for change item 205":
  [36m<input[39m
    [33maria-describedby[39m=[32m"change-item-204-jira-help"[39m
    [33maria-invalid[39m=[32m"false"[39m
    [33maria-label[39m=[32m"Jira number for change item 205"[39m
    [33mclass[39m=[32m"MuiInputBase-input MuiOutlinedInput-input css-16wblaj-MuiInputBase-input-MuiOutlinedInput-input"[39m
    [33mid[39m=[32m"_r_pg_"[39m
    [33mmaxlength[39m=[32m"50"[39m
    [33mrequired[39m=[32m""[39m
    [33mtype[39m=[32m"text"[39m
    [33mvalue[39m=[32m"JIRA-0205"[39m
  [36m/>[39m

  Name "Description for change item 205":
  [36m<textarea[39m
    [33maria-describedby[39m=[32m"change-item-204-desc-help"[39m
    [33maria-invalid[39m=[32m"false"[39m
    [33maria-label[39m=[32m"Description for change item 205"[39m
    [33mclass[39m=[32m"MuiInputBase-input MuiOutlinedInput-input css-w4nesw-MuiInputBase-input-MuiOutlinedInput-input"[39m
    [33mid[39m=[32m"_r_ph_"[39m
    [33mmaxlength[39m=[32m"500"[39m
    [33mrequired[39m=[32m""[39m
    [33mrows[39m=[32m"3"[39m
    [33mstyle[39m=[32m"height: 0px; overflow: hidden;"[39m
  [36m/>[39m

  Name "Jira number for change item 206":
  [36m<input[39m
    [33maria-describedby[39m=[32m"change-item-205-jira-help"[39m
    [33maria-invalid[39m=[32m"false"[39m
    [33maria-label[39m=[32m"Jira number for change item 206"[39m
    [33mclass[39m=[32m"MuiInputBase-input MuiOutlinedInput-input css-16wblaj-MuiInputBase-input-MuiOutlinedInput-input"[39m
    [33mid[39m=[32m"_r_pj_"[39m
    [33mmaxlength[39m=[32m"50"[39m
    [33mrequired[39m=[32m""[39m
    [33mtype[39m=[32m"text"[39m
    [33mvalue[39m=[32m"JIRA-0206"[39m
  [36m/>[39m

  Name "Description for change item 206":
  [36m<textarea[39m
    [33maria-describedby[39m=[32m"change-item-205-desc-help"[39m
    [33maria-invalid[39m=[32m"false"[39m
    [33maria-label[39m=[32m"Description for change item 206"[39m
    [33mclass[39m=[32m"MuiInputBase-input MuiOutlinedInput-input css-w4nesw-MuiInputBase-input-MuiOutlinedInput-input"[39m
    [33mid[39m=[32m"_r_pk_"[39m
    [33mmaxlength[39m=[32m"500"[39m
    [33mrequired[39m=[32m""[39m
    [33mrows[39m=[32m"3"[39m
    [33mstyle[39m=[32m"height: 0px; overflow: hidden;"[39m
  [36m/>[39m

  Name "Jira number for change item 207":
  [36m<input[39m
    [33maria-describedby[39m=[32m"change-item-206-jira-help"[39m
    [33maria-invalid[39m=[32m"false"[39m
    [33maria-label[39m=[32m"Jira number for change item 207"[39m
    [33mclass[39m=[32m"MuiInputBase-input MuiOutlinedInput-input css-16wblaj-MuiInputBase-input-MuiOutlinedInput-input"[39m
    [33mid[39m=[32m"_r_pm_"[39m
    [33mmaxlength[39m=[32m"50"[39m
    [33mrequired[39m=[32m""[39m
    [33mtype[39m=[32m"text"[39m
    [33mvalue[39m=[32m"JIRA-0207"[39m
  [36m/>[39m

  Name "Description for change item 207":
  [36m<textarea[39m
    [33maria-describedby[39m=[32m"change-item-206-desc-help"[39m
    [33maria-invalid[39m=[32m"false"[39m
    [33maria-label[39m=[32m"Description for change item 207"[39m
    [33mclass[39m=[32m"MuiInputBase-input MuiOutlinedInput-input css-w4nesw-MuiInputBase-input-MuiOutlinedInput-input"[39m
    [33mid[39m=[32m"_r_pn_"[39m
    [33mmaxlength[39m=[32m"500"[39m
    [33mrequired[39m=[32m""[39m
    [33mrows[39m=[32m"3"[39m
    [33mstyle[39m=[32m"height: 0px; overflow: hidden;"[39m
  [36m/>[39m

  Name "Jira number for change item 208":
  [36m<input[39m
    [33maria-describedby[39m=[32m"change-item-207-jira-help"[39m
    [33maria-invalid[39m=[32m"false"[39m
    [33maria-label[39m=[32m"Jira number for change item 208"[39m
    [33mclass[39m=[32m"MuiInputBase-input MuiOutlinedInput-input css-16wblaj-MuiInputBase-input-MuiOutlinedInput-input"[39m
    [33mid[39m=[32m"_r_pp_"[39m
    [33mmaxlength[39m=[32m"50"[39m
    [33mrequired[39m=[32m""[39m
    [33mtype[39m=[32m"text"[39m
    [33mvalue[39m=[32m"JIRA-0208"[39m
  [36m/>[39m

  Name "Description for change item 208":
  [36m<textarea[39m
    [33maria-describedby[39m=[32m"change-item-207-desc-help"[39m
    [33maria-invalid[39m=[32m"false"[39m
    [33maria-label[39m=[32m"Description for change item 208"[39m
    [33mclass[39m=[32m"MuiInputBase-input MuiOutlinedInput-input css-w4nesw-MuiInputBase-input-MuiOutlinedInput-input"[39m
    [33mid[39m=[32m"_r_pq_"[39m
    [33mmaxlength[39m=[32m"500"[39m
    [33mrequired[39m=[32m""[39m
    [33mrows[39m=[32m"3"[39m
    [33mstyle[39m=[32m"height: 0px; overflow: hidden;"[39m
  [36m/>[39m

  Name "Jira number for change item 209":
  [36m<input[39m
    [33maria-describedby[39m=[32m"change-item-208-jira-help"[39m
    [33maria-invalid[39m=[32m"false"[39m
    [33maria-label[39m=[32m"Jira number for change item 209"[39m
    [33mclass[39m=[32m"MuiInputBase-input MuiOutlinedInput-input css-16wblaj-MuiInputBase-input-MuiOutlinedInput-input"[39m
    [33mid[39m=[32m"_r_ps_"[39m
    [33mmaxlength[39m=[32m"50"[39m
    [33mrequired[39m=[32m""[39m
    [33mtype[39m=[32m"text"[39m
    [33mvalue[39m=[32m"JIRA-0209"[39m
  [36m/>[39m

  Name "Description for change item 209":
  [36m<textarea[39m
    [33maria-describedby[39m=[32m"change-item-208-desc-help"[39m
    [33maria-invalid[39m=[32m"false"[39m
    [33maria-label[39m=[32m"Description for change item 209"[39m
    [33mclass[39m=[32m"MuiInputBase-input MuiOutlinedInput-input css-w4nesw-MuiInputBase-input-MuiOutlinedInput-input"[39m
    [33mid[39m=[32m"_r_pt_"[39m
    [33mmaxlength[39m=[32m"500"[39m
    [33mrequired[39m=[32m""[39m
    [33mrows[39m=[32m"3"[39m
    [33mstyle[39m=[32m"height: 0px; overflow: hidden;"[39m
  [36m/>[39m

  Name "Jira number for change item 210":
  [36m<input[39m
    [33maria-describedby[39m=[32m"change-item-209-jira-help"[39m
    [33maria-invalid[39m=[32m"false"[39m
    [33maria-label[39m=[32m"Jira number for change item 210"[39m
    [33mclass[39m=[32m"MuiInputBase-input MuiOutlinedInput-input css-16wblaj-MuiInputBase-input-MuiOutlinedInput-input"[39m
    [33mid[39m=[32m"_r_pv_"[39m
    [33mmaxlength[39m=[32m"50"[39m
    [33mrequired[39m=[32m""[39m
    [33mtype[39m=[32m"text"[39m
    [33mvalue[39m=[32m"JIRA-0210"[39m
  [36m/>[39m

  Name "Description for change item 210":
  [36m<textarea[39m
    [33maria-describedby[39m=[32m"change-item-209-desc-help"[39m
    [33maria-invalid[39m=[32m"false"[39m
    [33maria-label[39m=[32m"Description for change item 210"[39m
    [33mclass[39m=[32m"MuiInputBase-input MuiOutlinedInput-input css-w4nesw-MuiInputBase-input-MuiOutlinedInput-input"[39m
    [33mid[39m=[32m"_r_q0_"[39m
    [33mmaxlength[39m=[32m"500"[39m
    [33mrequired[39m=[32m""[39m
    [33mrows[39m=[32m"3"[39m
    [33mstyle[39m=[32m"height: 0px; overflow: hidden;"[39m
  [36m/>[39m

  Name "Jira number for change item 211":
  [36m<input[39m
    [33maria-describedby[39m=[32m"change-item-210-jira-help"[39m
    [33maria-invalid[39m=[32m"false"[39m
    [33maria-label[39m=[32m"Jira number for change item 211"[39m
    [33mclass[39m=[32m"MuiInputBase-input MuiOutlinedInput-input css-16wblaj-MuiInputBase-input-MuiOutlinedInput-input"[39m
    [33mid[39m=[32m"_r_q2_"[39m
    [33mmaxlength[39m=[32m"50"[39m
    [33mrequired[39m=[32m""[39m
    [33mtype[39m=[32m"text"[39m
    [33mvalue[39m=[32m"JIRA-0211"[39m
  [36m/>[39m

  Name "Description for change item 211":
  [36m<textarea[39m
    [33maria-describedby[39m=[32m"change-item-210-desc-help"[39m
    [33maria-invalid[39m=[32m"false"[39m
    [33maria-label[39m=[32m"Description for change item 211"[39m
    [33mclass[39m=[32m"MuiInputBase-input MuiOutlinedInput-input css-w4nesw-MuiInputBase-input-MuiOutlinedInput-input"[39m
    [33mid[39m=[32m"_r_q3_"[39m
    [33mmaxlength[39m=[32m"500"[39m
    [33mrequired[39m=[32m""[39m
    [33mrows[39m=[32m"3"[39m
    [33mstyle[39m=[32m"height: 0px; overflow: hidden;"[39m
  [36m/>[39m

  Name "Jira number for change item 212":
  [36m<input[39m
    [33maria-describedby[39m=[32m"change-item-211-jira-help"[39m
    [33maria-invalid[39m=[32m"false"[39m
    [33maria-label[39m=[32m"Jira number for change item 212"[39m
    [33mclass[39m=[32m"MuiInputBase-input MuiOutlinedInput-input css-16wblaj-MuiInputBase-input-MuiOutlinedInput-input"[39m
    [33mid[39m=[32m"_r_q5_"[39m
    [33mmaxlength[39m=[32m"50"[39m
    [33mrequired[39m=[32m""[39m
    [33mtype[39m=[32m"text"[39m
    [33mvalue[39m=[32m"JIRA-0212"[39m
  [36m/>[39m

  Name "Description for change item 212":
  [36m<textarea[39m
    [33maria-describedby[39m=[32m"change-item-211-desc-help"[39m
    [33maria-invalid[39m=[32m"false"[39m
    [33maria-label[39m=[32m"Description for change item 212"[39m
    [33mclass[39m=[32m"MuiInputBase-input MuiOutlinedInput-input css-w4nesw-MuiInputBase-input-MuiOutlinedInput-input"[39m
    [33mid[39m=[32m"_r_q6_"[39m
    [33mmaxlength[39m=[32m"500"[39m
    [33mrequired[39m=[32m""[39m
    [33mrows[39m=[32m"3"[39m
    [33mstyle[39m=[32m"height: 0px; overflow: hidden;"[39m
  [36m/>[39m

  Name "Jira number for change item 213":
  [36m<input[39m
    [33maria-describedby[39m=[32m"change-item-212-jira-help"[39m
    [33maria-invalid[39m=[32m"false"[39m
    [33maria-label[39m=[32m"Jira number for change item 213"[39m
    [33mclass[39m=[32m"MuiInputBase-input MuiOutlinedInput-input css-16wblaj-MuiInputBase-input-MuiOutlinedInput-input"[39m
    [33mid[39m=[32m"_r_q8_"[39m
    [33mmaxlength[39m=[32m"50"[39m
    [33mrequired[39m=[32m""[39m
    [33mtype[39m=[32m"text"[39m
    [33mvalue[39m=[32m"JIRA-0213"[39m
  [36m/>[39m

  Name "Description for change item 213":
  [36m<textarea[39m
    [33maria-describedby[39m=[32m"change-item-212-desc-help"[39m
    [33maria-invalid[39m=[32m"false"[39m
    [33maria-label[39m=[32m"Description for change item 213"[39m
    [33mclass[39m=[32m"MuiInputBase-input MuiOutlinedInput-input css-w4nesw-MuiInputBase-input-MuiOutlinedInput-input"[39m
    [33mid[39m=[32m"_r_q9_"[39m
    [33mmaxlength[39m=[32m"500"[39m
    [33mrequired[39m=[32m""[39m
    [33mrows[39m=[32m"3"[39m
    [33mstyle[39m=[32m"height: 0px; overflow: hidden;"[39m
  [36m/>[39m

  Name "Jira number for change item 214":
  [36m<input[39m
    [33maria-describedby[39m=[32m"change-item-213-jira-help"[39m
    [33maria-invalid[39m=[32m"false"[39m
    [33maria-label[39m=[32m"Jira number for change item 214"[39m
    [33mclass[39m=[32m"MuiInputBase-input MuiOutlinedInput-input css-16wblaj-MuiInputBase-input-MuiOutlinedInput-input"[39m
    [33mid[39m=[32m"_r_qb_"[39m
    [33mmaxlength[39m=[32m"50"[39m
    [33mrequired[39m=[32m""[39m
    [33mtype[39m=[32m"text"[39m
    [33mvalue[39m=[32m"JIRA-0214"[39m
  [36m/>[39m

  Name "Description for change item 214":
  [36m<textarea[39m
    [33maria-describedby[39m=[32m"change-item-213-desc-help"[39m
    [33maria-invalid[39m=[32m"false"[39m
    [33maria-label[39m=[32m"Description for change item 214"[39m
    [33mclass[39m=[32m"MuiInputBase-input MuiOutlinedInput-input css-w4nesw-MuiInputBase-input-MuiOutlinedInput-input"[39m
    [33mid[39m=[32m"_r_qc_"[39m
    [33mmaxlength[39m=[32m"500"[39m
    [33mrequired[39m=[32m""[39m
    [33mrows[39m=[32m"3"[39m
    [33mstyle[39m=[32m"height: 0px; overflow: hidden;"[39m
  [36m/>[39m

  Name "Jira number for change item 215":
  [36m<input[39m
    [33maria-describedby[39m=[32m"change-item-214-jira-help"[39m
    [33maria-invalid[39m=[32m"false"[39m
    [33maria-label[39m=[32m"Jira number for change item 215"[39m
    [33mclass[39m=[32m"MuiInputBase-input MuiOutlinedInput-input css-16wblaj-MuiInputBase-input-MuiOutlinedInput-input"[39m
    [33mid[39m=[32m"_r_qe_"[39m
    [33mmaxlength[39m=[32m"50"[39m
    [33mrequired[39m=[32m""[39m
    [33mtype[39m=[32m"text"[39m
    [33mvalue[39m=[32m"JIRA-0215"[39m
  [36m/>[39m

  Name "Description for change item 215":
  [36m<textarea[39m
    [33maria-describedby[39m=[32m"change-item-214-desc-help"[39m
    [33maria-invalid[39m=[32m"false"[39m
    [33maria-label[39m=[32m"Description for change item 215"[39m
    [33mclass[39m=[32m"MuiInputBase-input MuiOutlinedInput-input css-w4nesw-MuiInputBase-input-MuiOutlinedInput-input"[39m
    [33mid[39m=[32m"_r_qf_"[39m
    [33mmaxlength[39m=[32m"500"[39m
    [33mrequired[39m=[32m""[39m
    [33mrows[39m=[32m"3"[39m
    [33mstyle[39m=[32m"height: 0px; overflow: hidden;"[39m
  [36m/>[39m

  Name "Jira number for change item 216":
  [36m<input[39m
    [33maria-describedby[39m=[32m"change-item-215-jira-help"[39m
    [33maria-invalid[39m=[32m"false"[39m
    [33maria-label[39m=[32m"Jira number for change item 216"[39m
    [33mclass[39m=[32m"MuiInputBase-input MuiOutlinedInput-input css-16wblaj-MuiInputBase-input-MuiOutlinedInput-input"[39m
    [33mid[39m=[32m"_r_qh_"[39m
    [33mmaxlength[39m=[32m"50"[39m
    [33mrequired[39m=[32m""[39m
    [33mtype[39m=[32m"text"[39m
    [33mvalue[39m=[32m"JIRA-0216"[39m
  [36m/>[39m

  Name "Description for change item 216":
  [36m<textarea[39m
    [33maria-describedby[39m=[32m"change-item-215-desc-help"[39m
    [33maria-invalid[39m=[32m"false"[39m
    [33maria-label[39m=[32m"Description for change item 216"[39m
    [33mclass[39m=[32m"MuiInputBase-input MuiOutlinedInput-input css-w4nesw-MuiInputBase-input-MuiOutlinedInput-input"[39m
    [33mid[39m=[32m"_r_qi_"[39m
    [33mmaxlength[39m=[32m"500"[39m
    [33mrequired[39m=[32m""[39m
    [33mrows[39m=[32m"3"[39m
    [33mstyle[39m=[32m"height: 0px; overflow: hidden;"[39m
  [36m/>[39m

  Name "Jira number for change item 217":
  [36m<input[39m
    [33maria-describedby[39m=[32m"change-item-216-jira-help"[39m
    [33maria-invalid[39m=[32m"false"[39m
    [33maria-label[39m=[32m"Jira number for change item 217"[39m
    [33mclass[39m=[32m"MuiInputBase-input MuiOutlinedInput-input css-16wblaj-MuiInputBase-input-MuiOutlinedInput-input"[39m
    [33mid[39m=[32m"_r_qk_"[39m
    [33mmaxlength[39m=[32m"50"[39m
    [33mrequired[39m=[32m""[39m
    [33mtype[39m=[32m"text"[39m
    [33mvalue[39m=[32m"JIRA-0217"[39m
  [36m/>[39m

  Name "Description for change item 217":
  [36m<textarea[39m
    [33maria-describedby[39m=[32m"change-item-216-desc-help"[39m
    [33maria-invalid[39m=[32m"false"[39m
    [33maria-label[39m=[32m"Description for change item 217"[39m
    [33mclass[39m=[32m"MuiInputBase-input MuiOutlinedInput-input css-w4nesw-MuiInputBase-input-MuiOutlinedInput-input"[39m
    [33mid[39m=[32m"_r_ql_"[39m
    [33mmaxlength[39m=[32m"500"[39m
    [33mrequired[39m=[32m""[39m
    [33mrows[39m=[32m"3"[39m
    [33mstyle[39m=[32m"height: 0px; overflow: hidden;"[39m
  [36m/>[39m

  Name "Jira number for change item 218":
  [36m<input[39m
    [33maria-describedby[39m=[32m"change-item-217-jira-help"[39m
    [33maria-invalid[39m=[32m"false"[39m
    [33maria-label[39m=[32m"Jira number for change item 218"[39m
    [33mclass[39m=[32m"MuiInputBase-input MuiOutlinedInput-input css-16wblaj-MuiInputBase-input-MuiOutlinedInput-input"[39m
    [33mid[39m=[32m"_r_qn_"[39m
    [33mmaxlength[39m=[32m"50"[39m
    [33mrequired[39m=[32m""[39m
    [33mtype[39m=[32m"text"[39m
    [33mvalue[39m=[32m"JIRA-0218"[39m
  [36m/>[39m

  Name "Description for change item 218":
  [36m<textarea[39m
    [33maria-describedby[39m=[32m"change-item-217-desc-help"[39m
    [33maria-invalid[39m=[32m"false"[39m
    [33maria-label[39m=[32m"Description for change item 218"[39m
    [33mclass[39m=[32m"MuiInputBase-input MuiOutlinedInput-input css-w4nesw-MuiInputBase-input-MuiOutlinedInput-input"[39m
    [33mid[39m=[32m"_r_qo_"[39m
    [33mmaxlength[39m=[32m"500"[39m
    [33mrequired[39m=[32m""[39m
    [33mrows[39m=[32m"3"[39m
    [33mstyle[39m=[32m"height: 0px; overflow: hidden;"[39m
  [36m/>[39m

  Name "Jira number for change item 219":
  [36m<input[39m
    [33maria-describedby[39m=[32m"change-item-218-jira-help"[39m
    [33maria-invalid[39m=[32m"false"[39m
    [33maria-label[39m=[32m"Jira number for change item 219"[39m
    [33mclass[39m=[32m"MuiInputBase-input MuiOutlinedInput-input css-16wblaj-MuiInputBase-input-MuiOutlinedInput-input"[39m
    [33mid[39m=[32m"_r_qq_"[39m
    [33mmaxlength[39m=[32m"50"[39m
    [33mrequired[39m=[32m""[39m
    [33mtype[39m=[32m"text"[39m
    [33mvalue[39m=[32m"JIRA-0219"[39m
  [36m/>[39m

  Name "Description for change item 219":
  [36m<textarea[39m
    [33maria-describedby[39m=[32m"change-item-218-desc-help"[39m
    [33maria-invalid[39m=[32m"false"[39m
    [33maria-label[39m=[32m"Description for change item 219"[39m
    [33mclass[39m=[32m"MuiInputBase-input MuiOutlinedInput-input css-w4nesw-MuiInputBase-input-MuiOutlinedInput-input"[39m
    [33mid[39m=[32m"_r_qr_"[39m
    [33mmaxlength[39m=[32m"500"[39m
    [33mrequired[39m=[32m""[39m
    [33mrows[39m=[32m"3"[39m
    [33mstyle[39m=[32m"height: 0px; overflow: hidden;"[39m
  [36m/>[39m

  Name "Jira number for change item 220":
  [36m<input[39m
    [33maria-describedby[39m=[32m"change-item-219-jira-help"[39m
    [33maria-invalid[39m=[32m"false"[39m
    [33maria-label[39m=[32m"Jira number for change item 220"[39m
    [33mclass[39m=[32m"MuiInputBase-input MuiOutlinedInput-input css-16wblaj-MuiInputBase-input-MuiOutlinedInput-input"[39m
    [33mid[39m=[32m"_r_qt_"[39m
    [33mmaxlength[39m=[32m"50"[39m
    [33mrequired[39m=[32m""[39m
    [33mtype[39m=[32m"text"[39m
    [33mvalue[39m=[32m"JIRA-0220"[39m
  [36m/>[39m

  Name "Description for change item 220":
  [36m<textarea[39m
    [33maria-describedby[39m=[32m"change-item-219-desc-help"[39m
    [33maria-invalid[39m=[32m"false"[39m
    [33maria-label[39m=[32m"Description for change item 220"[39m
    [33mclass[39m=[32m"MuiInputBase-input MuiOutlinedInput-input css-w4nesw-MuiInputBase-input-MuiOutlinedInput-input"[39m
    [33mid[39m=[32m"_r_qu_"[39m
    [33mmaxlength[39m=[32m"500"[39m
    [33mrequired[39m=[32m""[39m
    [33mrows[39m=[32m"3"[39m
    [33mstyle[39m=[32m"height: 0px; overflow: hidden;"[39m
  [36m/>[39m

  Name "Jira number for change item 221":
  [36m<input[39m
    [33maria-describedby[39m=[32m"change-item-220-jira-help"[39m
    [33maria-invalid[39m=[32m"false"[39m
    [33maria-label[39m=[32m"Jira number for change item 221"[39m
    [33mclass[39m=[32m"MuiInputBase-input MuiOutlinedInput-input css-16wblaj-MuiInputBase-input-MuiOutlinedInput-input"[39m
    [33mid[39m=[32m"_r_r0_"[39m
    [33mmaxlength[39m=[32m"50"[39m
    [33mrequired[39m=[32m""[39m
    [33mtype[39m=[32m"text"[39m
    [33mvalue[39m=[32m"JIRA-0221"[39m
  [36m/>[39m

  Name "Description for change item 221":
  [36m<textarea[39m
    [33maria-describedby[39m=[32m"change-item-220-desc-help"[39m
    [33maria-invalid[39m=[32m"false"[39m
    [33maria-label[39m=[32m"Description for change item 221"[39m
    [33mclass[39m=[32m"MuiInputBase-input MuiOutlinedInput-input css-w4nesw-MuiInputBase-input-MuiOutlinedInput-input"[39m
    [33mid[39m=[32m"_r_r1_"[39m
    [33mmaxlength[39m=[32m"500"[39m
    [33mrequired[39m=[32m""[39m
    [33mrows[39m=[32m"3"[39m
    [33mstyle[39m=[32m"height: 0px; overflow: hidden;"[39m
  [36m/>[39m

  Name "Jira number for change item 222":
  [36m<input[39m
    [33maria-describedby[39m=[32m"change-item-221-jira-help"[39m
    [33maria-invalid[39m=[32m"false"[39m
    [33maria-label[39m=[32m"Jira number for change item 222"[39m
    [33mclass[39m=[32m"MuiInputBase-input MuiOutlinedInput-input css-16wblaj-MuiInputBase-input-MuiOutlinedInput-input"[39m
    [33mid[39m=[32m"_r_r3_"[39m
    [33mmaxlength[39m=[32m"50"[39m
    [33mrequired[39m=[32m""[39m
    [33mtype[39m=[32m"text"[39m
    [33mvalue[39m=[32m"JIRA-0222"[39m
  [36m/>[39m

  Name "Description for change item 222":
  [36m<textarea[39m
    [33maria-describedby[39m=[32m"change-item-221-desc-help"[39m
    [33maria-invalid[39m=[32m"false"[39m
    [33maria-label[39m=[32m"Description for change item 222"[39m
    [33mclass[39m=[32m"MuiInputBase-input MuiOutlinedInput-input css-w4nesw-MuiInputBase-input-MuiOutlinedInput-input"[39m
    [33mid[39m=[32m"_r_r4_"[39m
    [33mmaxlength[39m=[32m"500"[39m
    [33mrequired[39m=[32m""[39m
    [33mrows[39m=[32m"3"[39m
    [33mstyle[39m=[32m"height: 0px; overflow: hidden;"[39m
  [36m/>[39m

  Name "Jira number for change item 223":
  [36m<input[39m
    [33maria-describedby[39m=[32m"change-item-222-jira-help"[39m
    [33maria-invalid[39m=[32m"false"[39m
    [33maria-label[39m=[32m"Jira number for change item 223"[39m
    [33mclass[39m=[32m"MuiInputBase-input MuiOutlinedInput-input css-16wblaj-MuiInputBase-input-MuiOutlinedInput-input"[39m
    [33mid[39m=[32m"_r_r6_"[39m
    [33mmaxlength[39m=[32m"50"[39m
    [33mrequired[39m=[32m""[39m
    [33mtype[39m=[32m"text"[39m
    [33mvalue[39m=[32m"JIRA-0223"[39m
  [36m/>[39m

  Name "Description for change item 223":
  [36m<textarea[39m
    [33maria-describedby[39m=[32m"change-item-222-desc-help"[39m
    [33maria-invalid[39m=[32m"false"[39m
    [33maria-label[39m=[32m"Description for change item 223"[39m
    [33mclass[39m=[32m"MuiInputBase-input MuiOutlinedInput-input css-w4nesw-MuiInputBase-input-MuiOutlinedInput-input"[39m
    [33mid[39m=[32m"_r_r7_"[39m
    [33mmaxlength[39m=[32m"500"[39m
    [33mrequired[39m=[32m""[39m
    [33mrows[39m=[32m"3"[39m
    [33mstyle[39m=[32m"height: 0px; overflow: hidden;"[39m
  [36m/>[39m

  Name "Jira number for change item 224":
  [36m<input[39m
    [33maria-describedby[39m=[32m"change-item-223-jira-help"[39m
    [33maria-invalid[39m=[32m"false"[39m
    [33maria-label[39m=[32m"Jira number for change item 224"[39m
    [33mclass[39m=[32m"MuiInputBase-input MuiOutlinedInput-input css-16wblaj-MuiInputBase-input-MuiOutlinedInput-input"[39m
    [33mid[39m=[32m"_r_r9_"[39m
    [33mmaxlength[39m=[32m"50"[39m
    [33mrequired[39m=[32m""[39m
    [33mtype[39m=[32m"text"[39m
    [33mvalue[39m=[32m"JIRA-0224"[39m
  [36m/>[39m

  Name "Description for change item 224":
  [36m<textarea[39m
    [33maria-describedby[39m=[32m"change-item-223-desc-help"[39m
    [33maria-invalid[39m=[32m"false"[39m
    [33maria-label[39m=[32m"Description for change item 224"[39m
    [33mclass[39m=[32m"MuiInputBase-input MuiOutlinedInput-input css-w4nesw-MuiInputBase-input-MuiOutlinedInput-input"[39m
    [33mid[39m=[32m"_r_ra_"[39m
    [33mmaxlength[39m=[32m"500"[39m
    [33mrequired[39m=[32m""[39m
    [33mrows[39m=[32m"3"[39m
    [33mstyle[39m=[32m"height: 0px; overflow: hidden;"[39m
  [36m/>[39m

  Name "Jira number for change item 225":
  [36m<input[39m
    [33maria-describedby[39m=[32m"change-item-224-jira-help"[39m
    [33maria-invalid[39m=[32m"false"[39m
    [33maria-label[39m=[32m"Jira number for change item 225"[39m
    [33mclass[39m=[32m"MuiInputBase-input MuiOutlinedInput-input css-16wblaj-MuiInputBase-input-MuiOutlinedInput-input"[39m
    [33mid[39m=[32m"_r_rc_"[39m
    [33mmaxlength[39m=[32m"50"[39m
    [33mrequired[39m=[32m""[39m
    [33mtype[39m=[32m"text"[39m
    [33mvalue[39m=[32m"JIRA-0225"[39m
  [36m/>[39m

  Name "Description for change item 225":
  [36m<textarea[39m
    [33maria-describedby[39m=[32m"change-item-224-desc-help"[39m
    [33maria-invalid[39m=[32m"false"[39m
    [33maria-label[39m=[32m"Description for change item 225"[39m
    [33mclass[39m=[32m"MuiInputBase-input MuiOutlinedInput-input css-w4nesw-MuiInputBase-input-MuiOutlinedInput-input"[39m
    [33mid[39m=[32m"_r_rd_"[39m
    [33mmaxlength[39m=[32m"500"[39m
    [33mrequired[39m=[32m""[39m
    [33mrows[39m=[32m"3"[39m
    [33mstyle[39m=[32m"height: 0px; overflow: hidden;"[39m
  [36m/>[39m

  Name "Jira number for change item 226":
  [36m<input[39m
    [33maria-describedby[39m=[32m"change-item-225-jira-help"[39m
    [33maria-invalid[39m=[32m"false"[39m
    [33maria-label[39m=[32m"Jira number for change item 226"[39m
    [33mclass[39m=[32m"MuiInputBase-input MuiOutlinedInput-input css-16wblaj-MuiInputBase-input-MuiOutlinedInput-input"[39m
    [33mid[39m=[32m"_r_rf_"[39m
    [33mmaxlength[39m=[32m"50"[39m
    [33mrequired[39m=[32m""[39m
    [33mtype[39m=[32m"text"[39m
    [33mvalue[39m=[32m"JIRA-0226"[39m
  [36m/>[39m

  Name "Description for change item 226":
  [36m<textarea[39m
    [33maria-describedby[39m=[32m"change-item-225-desc-help"[39m
    [33maria-invalid[39m=[32m"false"[39m
    [33maria-label[39m=[32m"Description for change item 226"[39m
    [33mclass[39m=[32m"MuiInputBase-input MuiOutlinedInput-input css-w4nesw-MuiInputBase-input-MuiOutlinedInput-input"[39m
    [33mid[39m=[32m"_r_rg_"[39m
    [33mmaxlength[39m=[32m"500"[39m
    [33mrequired[39m=[32m""[39m
    [33mrows[39m=[32m"3"[39m
    [33mstyle[39m=[32m"height: 0px; overflow: hidden;"[39m
  [36m/>[39m

  Name "Jira number for change item 227":
  [36m<input[39m
    [33maria-describedby[39m=[32m"change-item-226-jira-help"[39m
    [33maria-invalid[39m=[32m"false"[39m
    [33maria-label[39m=[32m"Jira number for change item 227"[39m
    [33mclass[39m=[32m"MuiInputBase-input MuiOutlinedInput-input css-16wblaj-MuiInputBase-input-MuiOutlinedInput-input"[39m
    [33mid[39m=[32m"_r_ri_"[39m
    [33mmaxlength[39m=[32m"50"[39m
    [33mrequired[39m=[32m""[39m
    [33mtype[39m=[32m"text"[39m
    [33mvalue[39m=[32m"JIRA-0227"[39m
  [36m/>[39m

  Name "Description for change item 227":
  [36m<textarea[39m
    [33maria-describedby[39m=[32m"change-item-226-desc-help"[39m
    [33maria-invalid[39m=[32m"false"[39m
    [33maria-label[39m=[32m"Description for change item 227"[39m
    [33mclass[39m=[32m"MuiInputBase-input MuiOutlinedInput-input css-w4nesw-MuiInputBase-input-MuiOutlinedInput-input"[39m
    [33mid[39m=[32m"_r_rj_"[39m
    [33mmaxlength[39m=[32m"500"[39m
    [33mrequired[39m=[32m""[39m
    [33mrows[39m=[32m"3"[39m
    [33mstyle[39m=[32m"height: 0px; overflow: hidden;"[39m
  [36m/>[39m

  Name "Jira number for change item 228":
  [36m<input[39m
    [33maria-describedby[39m=[32m"change-item-227-jira-help"[39m
    [33maria-invalid[39m=[32m"false"[39m
    [33maria-label[39m=[32m"Jira number for change item 228"[39m
    [33mclass[39m=[32m"MuiInputBase-input MuiOutlinedInput-input css-16wblaj-MuiInputBase-input-MuiOutlinedInput-input"[39m
    [33mid[39m=[32m"_r_rl_"[39m
    [33mmaxlength[39m=[32m"50"[39m
    [33mrequired[39m=[32m""[39m
    [33mtype[39m=[32m"text"[39m
    [33mvalue[39m=[32m"JIRA-0228"[39m
  [36m/>[39m

  Name "Description for change item 228":
  [36m<textarea[39m
    [33maria-describedby[39m=[32m"change-item-227-desc-help"[39m
    [33maria-invalid[39m=[32m"false"[39m
    [33maria-label[39m=[32m"Description for change item 228"[39m
    [33mclass[39m=[32m"MuiInputBase-input MuiOutlinedInput-input css-w4nesw-MuiInputBase-input-MuiOutlinedInput-input"[39m
    [33mid[39m=[32m"_r_rm_"[39m
    [33mmaxlength[39m=[32m"500"[39m
    [33mrequired[39m=[32m""[39m
    [33mrows[39m=[32m"3"[39m
    [33mstyle[39m=[32m"height: 0px; overflow: hidden;"[39m
  [36m/>[39m

  Name "Jira number for change item 229":
  [36m<input[39m
    [33maria-describedby[39m=[32m"change-item-228-jira-help"[39m
    [33maria-invalid[39m=[32m"false"[39m
    [33maria-label[39m=[32m"Jira number for change item 229"[39m
    [33mclass[39m=[32m"MuiInputBase-input MuiOutlinedInput-input css-16wblaj-MuiInputBase-input-MuiOutlinedInput-input"[39m
    [33mid[39m=[32m"_r_ro_"[39m
    [33mmaxlength[39m=[32m"50"[39m
    [33mrequired[39m=[32m""[39m
    [33mtype[39m=[32m"text"[39m
    [33mvalue[39m=[32m"JIRA-0229"[39m
  [36m/>[39m

  Name "Description for change item 229":
  [36m<textarea[39m
    [33maria-describedby[39m=[32m"change-item-228-desc-help"[39m
    [33maria-invalid[39m=[32m"false"[39m
    [33maria-label[39m=[32m"Description for change item 229"[39m
    [33mclass[39m=[32m"MuiInputBase-input MuiOutlinedInput-input css-w4nesw-MuiInputBase-input-MuiOutlinedInput-input"[39m
    [33mid[39m=[32m"_r_rp_"[39m
    [33mmaxlength[39m=[32m"500"[39m
    [33mrequired[39m=[32m""[39m
    [33mrows[39m=[32m"3"[39m
    [33mstyle[39m=[32m"height: 0px; overflow: hidden;"[39m
  [36m/>[39m

  Name "Jira number for change item 230":
  [36m<input[39m
    [33maria-describedby[39m=[32m"change-item-229-jira-help"[39m
    [33maria-invalid[39m=[32m"false"[39m
    [33maria-label[39m=[32m"Jira number for change item 230"[39m
    [33mclass[39m=[32m"MuiInputBase-input MuiOutlinedInput-input css-16wblaj-MuiInputBase-input-MuiOutlinedInput-input"[39m
    [33mid[39m=[32m"_r_rr_"[39m
    [33mmaxlength[39m=[32m"50"[39m
    [33mrequired[39m=[32m""[39m
    [33mtype[39m=[32m"text"[39m
    [33mvalue[39m=[32m"JIRA-0230"[39m
  [36m/>[39m

  Name "Description for change item 230":
  [36m<textarea[39m
    [33maria-describedby[39m=[32m"change-item-229-desc-help"[39m
    [33maria-invalid[39m=[32m"false"[39m
    [33maria-label[39m=[32m"Description for change item 230"[39m
    [33mclass[39m=[32m"MuiInputBase-input MuiOutlinedInput-input css-w4nesw-MuiInputBase-input-MuiOutlinedInput-input"[39m
    [33mid[39m=[32m"_r_rs_"[39m
    [33mmaxlength[39m=[32m"500"[39m
    [33mrequired[39m=[32m""[39m
    [33mrows[39m=[32m"3"[39m
    [33mstyle[39m=[32m"height: 0px; overflow: hidden;"[39m
  [36m/>[39m

  Name "Jira number for change item 231":
  [36m<input[39m
    [33maria-describedby[39m=[32m"change-item-230-jira-help"[39m
    [33maria-invalid[39m=[32m"false"[39m
    [33maria-label[39m=[32m"Jira number for change item 231"[39m
    [33mclass[39m=[32m"MuiInputBase-input MuiOutlinedInput-input css-16wblaj-MuiInputBase-input-MuiOutlinedInput-input"[39m
    [33mid[39m=[32m"_r_ru_"[39m
    [33mmaxlength[39m=[32m"50"[39m
    [33mrequired[39m=[32m""[39m
    [33mtype[39m=[32m"text"[39m
    [33mvalue[39m=[32m"JIRA-0231"[39m
  [36m/>[39m

  Name "Description for change item 231":
  [36m<textarea[39m
    [33maria-describedby[39m=[32m"change-item-230-desc-help"[39m
    [33maria-invalid[39m=[32m"false"[39m
    [33maria-label[39m=[32m"Description for change item 231"[39m
    [33mclass[39m=[32m"MuiInputBase-input MuiOutlinedInput-input css-w4nesw-MuiInputBase-input-MuiOutlinedInput-input"[39m
    [33mid[39m=[32m"_r_rv_"[39m
    [33mmaxlength[39m=[32m"500"[39m
    [33mrequired[39m=[32m""[39m
    [33mrows[39m=[32m"3"[39m
    [33mstyle[39m=[32m"height: 0px; overflow: hidden;"[39m
  [36m/>[39m

  Name "Jira number for change item 232":
  [36m<input[39m
    [33maria-describedby[39m=[32m"change-item-231-jira-help"[39m
    [33maria-invalid[39m=[32m"false"[39m
    [33maria-label[39m=[32m"Jira number for change item 232"[39m
    [33mclass[39m=[32m"MuiInputBase-input MuiOutlinedInput-input css-16wblaj-MuiInputBase-input-MuiOutlinedInput-input"[39m
    [33mid[39m=[32m"_r_s1_"[39m
    [33mmaxlength[39m=[32m"50"[39m
    [33mrequired[39m=[32m""[39m
    [33mtype[39m=[32m"text"[39m
    [33mvalue[39m=[32m"JIRA-0232"[39m
  [36m/>[39m

  Name "Description for change item 232":
  [36m<textarea[39m
    [33maria-describedby[39m=[32m"change-item-231-desc-help"[39m
    [33maria-invalid[39m=[32m"false"[39m
    [33maria-label[39m=[32m"Description for change item 232"[39m
    [33mclass[39m=[32m"MuiInputBase-input MuiOutlinedInput-input css-w4nesw-MuiInputBase-input-MuiOutlinedInput-input"[39m
    [33mid[39m=[32m"_r_s2_"[39m
    [33mmaxlength[39m=[32m"500"[39m
    [33mrequired[39m=[32m""[39m
    [33mrows[39m=[32m"3"[39m
    [33mstyle[39m=[32m"height: 0px; overflow: hidden;"[39m
  [36m/>[39m

  Name "Jira number for change item 233":
  [36m<input[39m
    [33maria-describedby[39m=[32m"change-item-232-jira-help"[39m
    [33maria-invalid[39m=[32m"false"[39m
    [33maria-label[39m=[32m"Jira number for change item 233"[39m
    [33mclass[39m=[32m"MuiInputBase-input MuiOutlinedInput-input css-16wblaj-MuiInputBase-input-MuiOutlinedInput-input"[39m
    [33mid[39m=[32m"_r_s4_"[39m
    [33mmaxlength[39m=[32m"50"[39m
    [33mrequired[39m=[32m""[39m
    [33mtype[39m=[32m"text"[39m
    [33mvalue[39m=[32m"JIRA-0233"[39m
  [36m/>[39m

  Name "Description for change item 233":
  [36m<textarea[39m
    [33maria-describedby[39m=[32m"change-item-232-desc-help"[39m
    [33maria-invalid[39m=[32m"false"[39m
    [33maria-label[39m=[32m"Description for change item 233"[39m
    [33mclass[39m=[32m"MuiInputBase-input MuiOutlinedInput-input css-w4nesw-MuiInputBase-input-MuiOutlinedInput-input"[39m
    [33mid[39m=[32m"_r_s5_"[39m
    [33mmaxlength[39m=[32m"500"[39m
    [33mrequired[39m=[32m""[39m
    [33mrows[39m=[32m"3"[39m
    [33mstyle[39m=[32m"height: 0px; overflow: hidden;"[39m
  [36m/>[39m

  Name "Jira number for change item 234":
  [36m<input[39m
    [33maria-describedby[39m=[32m"change-item-233-jira-help"[39m
    [33maria-invalid[39m=[32m"false"[39m
    [33maria-label[39m=[32m"Jira number for change item 234"[39m
    [33mclass[39m=[32m"MuiInputBase-input MuiOutlinedInput-input css-16wblaj-MuiInputBase-input-MuiOutlinedInput-input"[39m
    [33mid[39m=[32m"_r_s7_"[39m
    [33mmaxlength[39m=[32m"50"[39m
    [33mrequired[39m=[32m""[39m
    [33mtype[39m=[32m"text"[39m
    [33mvalue[39m=[32m"JIRA-0234"[39m
  [36m/>[39m

  Name "Description for change item 234":
  [36m<textarea[39m
    [33maria-describedby[39m=[32m"change-item-233-desc-help"[39m
    [33maria-invalid[39m=[32m"false"[39m
    [33maria-label[39m=[32m"Description for change item 234"[39m
    [33mclass[39m=[32m"MuiInputBase-input MuiOutlinedInput-input css-w4nesw-MuiInputBase-input-MuiOutlinedInput-input"[39m
    [33mid[39m=[32m"_r_s8_"[39m
    [33mmaxlength[39m=[32m"500"[39m
    [33mrequired[39m=[32m""[39m
    [33mrows[39m=[32m"3"[39m
    [33mstyle[39m=[32m"height: 0px; overflow: hidden;"[39m
  [36m/>[39m

  Name "Jira number for change item 235":
  [36m<input[39m
    [33maria-describedby[39m=[32m"change-item-234-jira-help"[39m
    [33maria-invalid[39m=[32m"false"[39m
    [33maria-label[39m=[32m"Jira number for change item 235"[39m
    [33mclass[39m=[32m"MuiInputBase-input MuiOutlinedInput-input css-16wblaj-MuiInputBase-input-MuiOutlinedInput-input"[39m
    [33mid[39m=[32m"_r_sa_"[39m
    [33mmaxlength[39m=[32m"50"[39m
    [33mrequired[39m=[32m""[39m
    [33mtype[39m=[32m"text"[39m
    [33mvalue[39m=[32m"JIRA-0235"[39m
  [36m/>[39m

  Name "Description for change item 235":
  [36m<textarea[39m
    [33maria-describedby[39m=[32m"change-item-234-desc-help"[39m
    [33maria-invalid[39m=[32m"false"[39m
    [33maria-label[39m=[32m"Description for change item 235"[39m
    [33mclass[39m=[32m"MuiInputBase-input MuiOutlinedInput-input css-w4nesw-MuiInputBase-input-MuiOutlinedInput-input"[39m
    [33mid[39m=[32m"_r_sb_"[39m
    [33mmaxlength[39m=[32m"500"[39m
    [33mrequired[39m=[32m""[39m
    [33mrows[39m=[32m"3"[39m
    [33mstyle[39m=[32m"height: 0px; overflow: hidden;"[39m
  [36m/>[39m

  Name "Jira number for change item 236":
  [36m<input[39m
    [33maria-describedby[39m=[32m"change-item-235-jira-help"[39m
    [33maria-invalid[39m=[32m"false"[39m
    [33maria-label[39m=[32m"Jira number for change item 236"[39m
    [33mclass[39m=[32m"MuiInputBase-input MuiOutlinedInput-input css-16wblaj-MuiInputBase-input-MuiOutlinedInput-input"[39m
    [33mid[39m=[32m"_r_sd_"[39m
    [33mmaxlength[39m=[32m"50"[39m
    [33mrequired[39m=[32m""[39m
    [33mtype[39m=[32m"text"[39m
    [33mvalue[39m=[32m"JIRA-0236"[39m
  [36m/>[39m

  Name "Description for change item 236":
  [36m<textarea[39m
    [33maria-describedby[39m=[32m"change-item-235-desc-help"[39m
    [33maria-invalid[39m=[32m"false"[39m
    [33maria-label[39m=[32m"Description for change item 236"[39m
    [33mclass[39m=[32m"MuiInputBase-input MuiOutlinedInput-input css-w4nesw-MuiInputBase-input-MuiOutlinedInput-input"[39m
    [33mid[39m=[32m"_r_se_"[39m
    [33mmaxlength[39m=[32m"500"[39m
    [33mrequired[39m=[32m""[39m
    [33mrows[39m=[32m"3"[39m
    [33mstyle[39m=[32m"height: 0px; overflow: hidden;"[39m
  [36m/>[39m

  Name "Jira number for change item 237":
  [36m<input[39m
    [33maria-describedby[39m=[32m"change-item-236-jira-help"[39m
    [33maria-invalid[39m=[32m"false"[39m
    [33maria-label[39m=[32m"Jira number for change item 237"[39m
    [33mclass[39m=[32m"MuiInputBase-input MuiOutlinedInput-input css-16wblaj-MuiInputBase-input-MuiOutlinedInput-input"[39m
    [33mid[39m=[32m"_r_sg_"[39m
    [33mmaxlength[39m=[32m"50"[39m
    [33mrequired[39m=[32m""[39m
    [33mtype[39m=[32m"text"[39m
    [33mvalue[39m=[32m"JIRA-0237"[39m
  [36m/>[39m

  Name "Description for change item 237":
  [36m<textarea[39m
    [33maria-describedby[39m=[32m"change-item-236-desc-help"[39m
    [33maria-invalid[39m=[32m"false"[39m
    [33maria-label[39m=[32m"Description for change item 237"[39m
    [33mclass[39m=[32m"MuiInputBase-input MuiOutlinedInput-input css-w4nesw-MuiInputBase-input-MuiOutlinedInput-input"[39m
    [33mid[39m=[32m"_r_sh_"[39m
    [33mmaxlength[39m=[32m"500"[39m
    [33mrequired[39m=[32m""[39m
    [33mrows[39m=[32m"3"[39m
    [33mstyle[39m=[32m"height: 0px; overflow: hidden;"[39m
  [36m/>[39m

  Name "Jira number for change item 238":
  [36m<input[39m
    [33maria-describedby[39m=[32m"change-item-237-jira-help"[39m
    [33maria-invalid[39m=[32m"false"[39m
    [33maria-label[39m=[32m"Jira number for change item 238"[39m
    [33mclass[39m=[32m"MuiInputBase-input MuiOutlinedInput-input css-16wblaj-MuiInputBase-input-MuiOutlinedInput-input"[39m
    [33mid[39m=[32m"_r_sj_"[39m
    [33mmaxlength[39m=[32m"50"[39m
    [33mrequired[39m=[32m""[39m
    [33mtype[39m=[32m"text"[39m
    [33mvalue[39m=[32m"JIRA-0238"[39m
  [36m/>[39m

  Name "Description for change item 238":
  [36m<textarea[39m
    [33maria-describedby[39m=[32m"change-item-237-desc-help"[39m
    [33maria-invalid[39m=[32m"false"[39m
    [33maria-label[39m=[32m"Description for change item 238"[39m
    [33mclass[39m=[32m"MuiInputBase-input MuiOutlinedInput-input css-w4nesw-MuiInputBase-input-MuiOutlinedInput-input"[39m
    [33mid[39m=[32m"_r_sk_"[39m
    [33mmaxlength[39m=[32m"500"[39m
    [33mrequired[39m=[32m""[39m
    [33mrows[39m=[32m"3"[39m
    [33mstyle[39m=[32m"height: 0px; overflow: hidden;"[39m
  [36m/>[39m

  Name "Jira number for change item 239":
  [36m<input[39m
    [33maria-describedby[39m=[32m"change-item-238-jira-help"[39m
    [33maria-invalid[39m=[32m"false"[39m
    [33maria-label[39m=[32m"Jira number for change item 239"[39m
    [33mclass[39m=[32m"MuiInputBase-input MuiOutlinedInput-input css-16wblaj-MuiInputBase-input-MuiOutlinedInput-input"[39m
    [33mid[39m=[32m"_r_sm_"[39m
    [33mmaxlength[39m=[32m"50"[39m
    [33mrequired[39m=[32m""[39m
    [33mtype[39m=[32m"text"[39m
    [33mvalue[39m=[32m"JIRA-0239"[39m
  [36m/>[39m

  Name "Description for change item 239":
  [36m<textarea[39m
    [33maria-describedby[39m=[32m"change-item-238-desc-help"[39m
    [33maria-invalid[39m=[32m"false"[39m
    [33maria-label[39m=[32m"Description for change item 239"[39m
    [33mclass[39m=[32m"MuiInputBase-input MuiOutlinedInput-input css-w4nesw-MuiInputBase-input-MuiOutlinedInput-input"[39m
    [33mid[39m=[32m"_r_sn_"[39m
    [33mmaxlength[39m=[32m"500"[39m
    [33mrequired[39m=[32m""[39m
    [33mrows[39m=[32m"3"[39m
    [33mstyle[39m=[32m"height: 0px; overflow: hidden;"[39m
  [36m/>[39m

  Name "Jira number for change item 240":
  [36m<input[39m
    [33maria-describedby[39m=[32m"change-item-239-jira-help"[39m
    [33maria-invalid[39m=[32m"false"[39m
    [33maria-label[39m=[32m"Jira number for change item 240"[39m
    [33mclass[39m=[32m"MuiInputBase-input MuiOutlinedInput-input css-16wblaj-MuiInputBase-input-MuiOutlinedInput-input"[39m
    [33mid[39m=[32m"_r_sp_"[39m
    [33mmaxlength[39m=[32m"50"[39m
    [33mrequired[39m=[32m""[39m
    [33mtype[39m=[32m"text"[39m
    [33mvalue[39m=[32m"JIRA-0240"[39m
  [36m/>[39m

  Name "Description for change item 240":
  [36m<textarea[39m
    [33maria-describedby[39m=[32m"change-item-239-desc-help"[39m
    [33maria-invalid[39m=[32m"false"[39m
    [33maria-label[39m=[32m"Description for change item 240"[39m
    [33mclass[39m=[32m"MuiInputBase-input MuiOutlinedInput-input css-w4nesw-MuiInputBase-input-MuiOutlinedInput-input"[39m
    [33mid[39m=[32m"_r_sq_"[39m
    [33mmaxlength[39m=[32m"500"[39m
    [33mrequired[39m=[32m""[39m
    [33mrows[39m=[32m"3"[39m
    [33mstyle[39m=[32m"height: 0px; overflow: hidden;"[39m
  [36m/>[39m

  Name "Jira number for change item 241":
  [36m<input[39m
    [33maria-describedby[39m=[32m"change-item-240-jira-help"[39m
    [33maria-invalid[39m=[32m"false"[39m
    [33maria-label[39m=[32m"Jira number for change item 241"[39m
    [33mclass[39m=[32m"MuiInputBase-input MuiOutlinedInput-input css-16wblaj-MuiInputBase-input-MuiOutlinedInput-input"[39m
    [33mid[39m=[32m"_r_ss_"[39m
    [33mmaxlength[39m=[32m"50"[39m
    [33mrequired[39m=[32m""[39m
    [33mtype[39m=[32m"text"[39m
    [33mvalue[39m=[32m"JIRA-0241"[39m
  [36m/>[39m

  Name "Description for change item 241":
  [36m<textarea[39m
    [33maria-describedby[39m=[32m"change-item-240-desc-help"[39m
    [33maria-invalid[39m=[32m"false"[39m
    [33maria-label[39m=[32m"Description for change item 241"[39m
    [33mclass[39m=[32m"MuiInputBase-input MuiOutlinedInput-input css-w4nesw-MuiInputBase-input-MuiOutlinedInput-input"[39m
    [33mid[39m=[32m"_r_st_"[39m
    [33mmaxlength[39m=[32m"500"[39m
    [33mrequired[39m=[32m""[39m
    [33mrows[39m=[32m"3"[39m
    [33mstyle[39m=[32m"height: 0px; overflow: hidden;"[39m
  [36m/>[39m

  Name "Jira number for change item 242":
  [36m<input[39m
    [33maria-describedby[39m=[32m"change-item-241-jira-help"[39m
    [33maria-invalid[39m=[32m"false"[39m
    [33maria-label[39m=[32m"Jira number for change item 242"[39m
    [33mclass[39m=[32m"MuiInputBase-input MuiOutlinedInput-input css-16wblaj-MuiInputBase-input-MuiOutlinedInput-input"[39m
    [33mid[39m=[32m"_r_sv_"[39m
    [33mmaxlength[39m=[32m"50"[39m
    [33mrequired[39m=[32m""[39m
    [33mtype[39m=[32m"text"[39m
    [33mvalue[39m=[32m"JIRA-0242"[39m
  [36m/>[39m

  Name "Description for change item 242":
  [36m<textarea[39m
    [33maria-describedby[39m=[32m"change-item-241-desc-help"[39m
    [33maria-invalid[39m=[32m"false"[39m
    [33maria-label[39m=[32m"Description for change item 242"[39m
    [33mclass[39m=[32m"MuiInputBase-input MuiOutlinedInput-input css-w4nesw-MuiInputBase-input-MuiOutlinedInput-input"[39m
    [33mid[39m=[32m"_r_t0_"[39m
    [33mmaxlength[39m=[32m"500"[39m
    [33mrequired[39m=[32m""[39m
    [33mrows[39m=[32m"3"[39m
    [33mstyle[39m=[32m"height: 0px; overflow: hidden;"[39m
  [36m/>[39m

  Name "Jira number for change item 243":
  [36m<input[39m
    [33maria-describedby[39m=[32m"change-item-242-jira-help"[39m
    [33maria-invalid[39m=[32m"false"[39m
    [33maria-label[39m=[32m"Jira number for change item 243"[39m
    [33mclass[39m=[32m"MuiInputBase-input MuiOutlinedInput-input css-16wblaj-MuiInputBase-input-MuiOutlinedInput-input"[39m
    [33mid[39m=[32m"_r_t2_"[39m
    [33mmaxlength[39m=[32m"50"[39m
    [33mrequired[39m=[32m""[39m
    [33mtype[39m=[32m"text"[39m
    [33mvalue[39m=[32m"JIRA-0243"[39m
  [36m/>[39m

  Name "Description for change item 243":
  [36m<textarea[39m
    [33maria-describedby[39m=[32m"change-item-242-desc-help"[39m
    [33maria-invalid[39m=[32m"false"[39m
    [33maria-label[39m=[32m"Description for change item 243"[39m
    [33mclass[39m=[32m"MuiInputBase-input MuiOutlinedInput-input css-w4nesw-MuiInputBase-input-MuiOutlinedInput-input"[39m
    [33mid[39m=[32m"_r_t3_"[39m
    [33mmaxlength[39m=[32m"500"[39m
    [33mrequired[39m=[32m""[39m
    [33mrows[39m=[32m"3"[39m
    [33mstyle[39m=[32m"height: 0px; overflow: hidden;"[39m
  [36m/>[39m

  Name "Jira number for change item 244":
  [36m<input[39m
    [33maria-describedby[39m=[32m"change-item-243-jira-help"[39m
    [33maria-invalid[39m=[32m"false"[39m
    [33maria-label[39m=[32m"Jira number for change item 244"[39m
    [33mclass[39m=[32m"MuiInputBase-input MuiOutlinedInput-input css-16wblaj-MuiInputBase-input-MuiOutlinedInput-input"[39m
    [33mid[39m=[32m"_r_t5_"[39m
    [33mmaxlength[39m=[32m"50"[39m
    [33mrequired[39m=[32m""[39m
    [33mtype[39m=[32m"text"[39m
    [33mvalue[39m=[32m"JIRA-0244"[39m
  [36m/>[39m

  Name "Description for change item 244":
  [36m<textarea[39m
    [33maria-describedby[39m=[32m"change-item-243-desc-help"[39m
    [33maria-invalid[39m=[32m"false"[39m
    [33maria-label[39m=[32m"Description for change item 244"[39m
    [33mclass[39m=[32m"MuiInputBase-input MuiOutlinedInput-input css-w4nesw-MuiInputBase-input-MuiOutlinedInput-input"[39m
    [33mid[39m=[32m"_r_t6_"[39m
    [33mmaxlength[39m=[32m"500"[39m
    [33mrequired[39m=[32m""[39m
    [33mrows[39m=[32m"3"[39m
    [33mstyle[39m=[32m"height: 0px; overflow: hidden;"[39m
  [36m/>[39m

  Name "Jira number for change item 245":
  [36m<input[39m
    [33maria-describedby[39m=[32m"change-item-244-jira-help"[39m
    [33maria-invalid[39m=[32m"false"[39m
    [33maria-label[39m=[32m"Jira number for change item 245"[39m
    [33mclass[39m=[32m"MuiInputBase-input MuiOutlinedInput-input css-16wblaj-MuiInputBase-input-MuiOutlinedInput-input"[39m
    [33mid[39m=[32m"_r_t8_"[39m
    [33mmaxlength[39m=[32m"50"[39m
    [33mrequired[39m=[32m""[39m
    [33mtype[39m=[32m"text"[39m
    [33mvalue[39m=[32m"JIRA-0245"[39m
  [36m/>[39m

  Name "Description for change item 245":
  [36m<textarea[39m
    [33maria-describedby[39m=[32m"change-item-244-desc-help"[39m
    [33maria-invalid[39m=[32m"false"[39m
    [33maria-label[39m=[32m"Description for change item 245"[39m
    [33mclass[39m=[32m"MuiInputBase-input MuiOutlinedInput-input css-w4nesw-MuiInputBase-input-MuiOutlinedInput-input"[39m
    [33mid[39m=[32m"_r_t9_"[39m
    [33mmaxlength[39m=[32m"500"[39m
    [33mrequired[39m=[32m""[39m
    [33mrows[39m=[32m"3"[39m
    [33mstyle[39m=[32m"height: 0px; overflow: hidden;"[39m
  [36m/>[39m

  Name "Jira number for change item 246":
  [36m<input[39m
    [33maria-describedby[39m=[32m"change-item-245-jira-help"[39m
    [33maria-invalid[39m=[32m"false"[39m
    [33maria-label[39m=[32m"Jira number for change item 246"[39m
    [33mclass[39m=[32m"MuiInputBase-input MuiOutlinedInput-input css-16wblaj-MuiInputBase-input-MuiOutlinedInput-input"[39m
    [33mid[39m=[32m"_r_tb_"[39m
    [33mmaxlength[39m=[32m"50"[39m
    [33mrequired[39m=[32m""[39m
    [33mtype[39m=[32m"text"[39m
    [33mvalue[39m=[32m"JIRA-0246"[39m
  [36m/>[39m

  Name "Description for change item 246":
  [36m<textarea[39m
    [33maria-describedby[39m=[32m"change-item-245-desc-help"[39m
    [33maria-invalid[39m=[32m"false"[39m
    [33maria-label[39m=[32m"Description for change item 246"[39m
    [33mclass[39m=[32m"MuiInputBase-input MuiOutlinedInput-input css-w4nesw-MuiInputBase-input-MuiOutlinedInput-input"[39m
    [33mid[39m=[32m"_r_tc_"[39m
    [33mmaxlength[39m=[32m"500"[39m
    [33mrequired[39m=[32m""[39m
    [33mrows[39m=[32m"3"[39m
    [33mstyle[39m=[32m"height: 0px; overflow: hidden;"[39m
  [36m/>[39m

  Name "Jira number for change item 247":
  [36m<input[39m
    [33maria-describedby[39m=[32m"change-item-246-jira-help"[39m
    [33maria-invalid[39m=[32m"false"[39m
    [33maria-label[39m=[32m"Jira number for change item 247"[39m
    [33mclass[39m=[32m"MuiInputBase-input MuiOutlinedInput-input css-16wblaj-MuiInputBase-input-MuiOutlinedInput-input"[39m
    [33mid[39m=[32m"_r_te_"[39m
    [33mmaxlength[39m=[32m"50"[39m
    [33mrequired[39m=[32m""[39m
    [33mtype[39m=[32m"text"[39m
    [33mvalue[39m=[32m"JIRA-0247"[39m
  [36m/>[39m

  Name "Description for change item 247":
  [36m<textarea[39m
    [33maria-describedby[39m=[32m"change-item-246-desc-help"[39m
    [33maria-invalid[39m=[32m"false"[39m
    [33maria-label[39m=[32m"Description for change item 247"[39m
    [33mclass[39m=[32m"MuiInputBase-input MuiOutlinedInput-input css-w4nesw-MuiInputBase-input-MuiOutlinedInput-input"[39m
    [33mid[39m=[32m"_r_tf_"[39m
    [33mmaxlength[39m=[32m"500"[39m
    [33mrequired[39m=[32m""[39m
    [33mrows[39m=[32m"3"[39m
    [33mstyle[39m=[32m"height: 0px; overflow: hidden;"[39m
  [36m/>[39m

  Name "Jira number for change item 248":
  [36m<input[39m
    [33maria-describedby[39m=[32m"change-item-247-jira-help"[39m
    [33maria-invalid[39m=[32m"false"[39m
    [33maria-label[39m=[32m"Jira number for change item 248"[39m
    [33mclass[39m=[32m"MuiInputBase-input MuiOutlinedInput-input css-16wblaj-MuiInputBase-input-MuiOutlinedInput-input"[39m
    [33mid[39m=[32m"_r_th_"[39m
    [33mmaxlength[39m=[32m"50"[39m
    [33mrequired[39m=[32m""[39m
    [33mtype[39m=[32m"text"[39m
    [33mvalue[39m=[32m"JIRA-0248"[39m
  [36m/>[39m

  Name "Description for change item 248":
  [36m<textarea[39m
    [33maria-describedby[39m=[32m"change-item-247-desc-help"[39m
    [33maria-invalid[39m=[32m"false"[39m
    [33maria-label[39m=[32m"Description for change item 248"[39m
    [33mclass[39m=[32m"MuiInputBase-input MuiOutlinedInput-input css-w4nesw-MuiInputBase-input-MuiOutlinedInput-input"[39m
    [33mid[39m=[32m"_r_ti_"[39m
    [33mmaxlength[39m=[32m"500"[39m
    [33mrequired[39m=[32m""[39m
    [33mrows[39m=[32m"3"[39m
    [33mstyle[39m=[32m"height: 0px; overflow: hidden;"[39m
  [36m/>[39m

  Name "Jira number for change item 249":
  [36m<input[39m
    [33maria-describedby[39m=[32m"change-item-248-jira-help"[39m
    [33maria-invalid[39m=[32m"false"[39m
    [33maria-label[39m=[32m"Jira number for change item 249"[39m
    [33mclass[39m=[32m"MuiInputBase-input MuiOutlinedInput-input css-16wblaj-MuiInputBase-input-MuiOutlinedInput-input"[39m
    [33mid[39m=[32m"_r_tk_"[39m
    [33mmaxlength[39m=[32m"50"[39m
    [33mrequired[39m=[32m""[39m
    [33mtype[39m=[32m"text"[39m
    [33mvalue[39m=[32m"JIRA-0249"[39m
  [36m/>[39m

  Name "Description for change item 249":
  [36m<textarea[39m
    [33maria-describedby[39m=[32m"change-item-248-desc-help"[39m
    [33maria-invalid[39m=[32m"false"[39m
    [33maria-label[39m=[32m"Description for change item 249"[39m
    [33mclass[39m=[32m"MuiInputBase-input MuiOutlinedInput-input css-w4nesw-MuiInputBase-input-MuiOutlinedInput-input"[39m
    [33mid[39m=[32m"_r_tl_"[39m
    [33mmaxlength[39m=[32m"500"[39m
    [33mrequired[39m=[32m""[39m
    [33mrows[39m=[32m"3"[39m
    [33mstyle[39m=[32m"height: 0px; overflow: hidden;"[39m
  [36m/>[39m

  Name "Jira number for change item 250":
  [36m<input[39m
    [33maria-describedby[39m=[32m"change-item-249-jira-help"[39m
    [33maria-invalid[39m=[32m"false"[39m
    [33maria-label[39m=[32m"Jira number for change item 250"[39m
    [33mclass[39m=[32m"MuiInputBase-input MuiOutlinedInput-input css-16wblaj-MuiInputBase-input-MuiOutlinedInput-input"[39m
    [33mid[39m=[32m"_r_tn_"[39m
    [33mmaxlength[39m=[32m"50"[39m
    [33mrequired[39m=[32m""[39m
    [33mtype[39m=[32m"text"[39m
    [33mvalue[39m=[32m"JIRA-0250"[39m
  [36m/>[39m

  Name "Description for change item 250":
  [36m<textarea[39m
    [33maria-describedby[39m=[32m"change-item-249-desc-help"[39m
    [33maria-invalid[39m=[32m"false"[39m
    [33maria-label[39m=[32m"Description for change item 250"[39m
    [33mclass[39m=[32m"MuiInputBase-input MuiOutlinedInput-input css-w4nesw-MuiInputBase-input-MuiOutlinedInput-input"[39m
    [33mid[39m=[32m"_r_to_"[39m
    [33mmaxlength[39m=[32m"500"[39m
    [33mrequired[39m=[32m""[39m
    [33mrows[39m=[32m"3"[39m
    [33mstyle[39m=[32m"height: 0px; overflow: hidden;"[39m
  [36m/>[39m

  Name "Jira number for change item 251":
  [36m<input[39m
    [33maria-describedby[39m=[32m"change-item-250-jira-help"[39m
    [33maria-invalid[39m=[32m"false"[39m
    [33maria-label[39m=[32m"Jira number for change item 251"[39m
    [33mclass[39m=[32m"MuiInputBase-input MuiOutlinedInput-input css-16wblaj-MuiInputBase-input-MuiOutlinedInput-input"[39m
    [33mid[39m=[32m"_r_tq_"[39m
    [33mmaxlength[39m=[32m"50"[39m
    [33mrequired[39m=[32m""[39m
    [33mtype[39m=[32m"text"[39m
    [33mvalue[39m=[32m"JIRA-0251"[39m
  [36m/>[39m

  Name "Description for change item 251":
  [36m<textarea[39m
    [33maria-describedby[39m=[32m"change-item-250-desc-help"[39m
    [33maria-invalid[39m=[32m"false"[39m
    [33maria-label[39m=[32m"Description for change item 251"[39m
    [33mclass[39m=[32m"MuiInputBase-input MuiOutlinedInput-input css-w4nesw-MuiInputBase-input-MuiOutlinedInput-input"[39m
    [33mid[39m=[32m"_r_tr_"[39m
    [33mmaxlength[39m=[32m"500"[39m
    [33mrequired[39m=[32m""[39m
    [33mrows[39m=[32m"3"[39m
    [33mstyle[39m=[32m"height: 0px; overflow: hidden;"[39m
  [36m/>[39m

  Name "Jira number for change item 252":
  [36m<input[39m
    [33maria-describedby[39m=[32m"change-item-251-jira-help"[39m
    [33maria-invalid[39m=[32m"false"[39m
    [33maria-label[39m=[32m"Jira number for change item 252"[39m
    [33mclass[39m=[32m"MuiInputBase-input MuiOutlinedInput-input css-16wblaj-MuiInputBase-input-MuiOutlinedInput-input"[39m
    [33mid[39m=[32m"_r_tt_"[39m
    [33mmaxlength[39m=[32m"50"[39m
    [33mrequired[39m=[32m""[39m
    [33mtype[39m=[32m"text"[39m
    [33mvalue[39m=[32m"JIRA-0252"[39m
  [36m/>[39m

  Name "Description for change item 252":
  [36m<textarea[39m
    [33maria-describedby[39m=[32m"change-item-251-desc-help"[39m
    [33maria-invalid[39m=[32m"false"[39m
    [33maria-label[39m=[32m"Description for change item 252"[39m
    [33mclass[39m=[32m"MuiInputBase-input MuiOutlinedInput-input css-w4nesw-MuiInputBase-input-MuiOutlinedInput-input"[39m
    [33mid[39m=[32m"_r_tu_"[39m
    [33mmaxlength[39m=[32m"500"[39m
    [33mrequired[39m=[32m""[39m
    [33mrows[39m=[32m"3"[39m
    [33mstyle[39m=[32m"height: 0px; overflow: hidden;"[39m
  [36m/>[39m

  Name "Jira number for change item 253":
  [36m<input[39m
    [33maria-describedby[39m=[32m"change-item-252-jira-help"[39m
    [33maria-invalid[39m=[32m"false"[39m
    [33maria-label[39m=[32m"Jira number for change item 253"[39m
    [33mclass[39m=[32m"MuiInputBase-input MuiOutlinedInput-input css-16wblaj-MuiInputBase-input-MuiOutlinedInput-input"[39m
    [33mid[39m=[32m"_r_u0_"[39m
    [33mmaxlength[39m=[32m"50"[39m
    [33mrequired[39m=[32m""[39m
    [33mtype[39m=[32m"text"[39m
    [33mvalue[39m=[32m"JIRA-0253"[39m
  [36m/>[39m

  Name "Description for change item 253":
  [36m<textarea[39m
    [33maria-describedby[39m=[32m"change-item-252-desc-help"[39m
    [33maria-invalid[39m=[32m"false"[39m
    [33maria-label[39m=[32m"Description for change item 253"[39m
    [33mclass[39m=[32m"MuiInputBase-input MuiOutlinedInput-input css-w4nesw-MuiInputBase-input-MuiOutlinedInput-input"[39m
    [33mid[39m=[32m"_r_u1_"[39m
    [33mmaxlength[39m=[32m"500"[39m
    [33mrequired[39m=[32m""[39m
    [33mrows[39m=[32m"3"[39m
    [33mstyle[39m=[32m"height: 0px; overflow: hidden;"[39m
  [36m/>[39m

  Name "Jira number for change item 254":
  [36m<input[39m
    [33maria-describedby[39m=[32m"change-item-253-jira-help"[39m
    [33maria-invalid[39m=[32m"false"[39m
    [33maria-label[39m=[32m"Jira number for change item 254"[39m
    [33mclass[39m=[32m"MuiInputBase-input MuiOutlinedInput-input css-16wblaj-MuiInputBase-input-MuiOutlinedInput-input"[39m
    [33mid[39m=[32m"_r_u3_"[39m
    [33mmaxlength[39m=[32m"50"[39m
    [33mrequired[39m=[32m""[39m
    [33mtype[39m=[32m"text"[39m
    [33mvalue[39m=[32m"JIRA-0254"[39m
  [36m/>[39m

  Name "Description for change item 254":
  [36m<textarea[39m
    [33maria-describedby[39m=[32m"change-item-253-desc-help"[39m
    [33maria-invalid[39m=[32m"false"[39m
    [33maria-label[39m=[32m"Description for change item 254"[39m
    [33mclass[39m=[32m"MuiInputBase-input MuiOutlinedInput-input css-w4nesw-MuiInputBase-input-MuiOutlinedInput-input"[39m
    [33mid[39m=[32m"_r_u4_"[39m
    [33mmaxlength[39m=[32m"500"[39m
    [33mrequired[39m=[32m""[39m
    [33mrows[39m=[32m"3"[39m
    [33mstyle[39m=[32m"height: 0px; overflow: hidden;"[39m
  [36m/>[39m

  Name "Jira number for change item 255":
  [36m<input[39m
    [33maria-describedby[39m=[32m"change-item-254-jira-help"[39m
    [33maria-invalid[39m=[32m"false"[39m
    [33maria-label[39m=[32m"Jira number for change item 255"[39m
    [33mclass[39m=[32m"MuiInputBase-input MuiOutlinedInput-input css-16wblaj-MuiInputBase-input-MuiOutlinedInput-input"[39m
    [33mid[39m=[32m"_r_u6_"[39m
    [33mmaxlength[39m=[32m"50"[39m
    [33mrequired[39m=[32m""[39m
    [33mtype[39m=[32m"text"[39m
    [33mvalue[39m=[32m"JIRA-0255"[39m
  [36m/>[39m

  Name "Description for change item 255":
  [36m<textarea[39m
    [33maria-describedby[39m=[32m"change-item-254-desc-help"[39m
    [33maria-invalid[39m=[32m"false"[39m
    [33maria-label[39m=[32m"Description for change item 255"[39m
    [33mclass[39m=[32m"MuiInputBase-input MuiOutlinedInput-input css-w4nesw-MuiInputBase-input-MuiOutlinedInput-input"[39m
    [33mid[39m=[32m"_r_u7_"[39m
    [33mmaxlength[39m=[32m"500"[39m
    [33mrequired[39m=[32m""[39m
    [33mrows[39m=[32m"3"[39m
    [33mstyle[39m=[32m"height: 0px; overflow: hidden;"[39m
  [36m/>[39m

  Name "Jira number for change item 256":
  [36m<input[39m
    [33maria-describedby[39m=[32m"change-item-255-jira-help"[39m
    [33maria-invalid[39m=[32m"false"[39m
    [33maria-label[39m=[32m"Jira number for change item 256"[39m
    [33mclass[39m=[32m"MuiInputBase-input MuiOutlinedInput-input css-16wblaj-MuiInputBase-input-MuiOutlinedInput-input"[39m
    [33mid[39m=[32m"_r_u9_"[39m
    [33mmaxlength[39m=[32m"50"[39m
    [33mrequired[39m=[32m""[39m
    [33mtype[39m=[32m"text"[39m
    [33mvalue[39m=[32m"JIRA-0256"[39m
  [36m/>[39m

  Name "Description for change item 256":
  [36m<textarea[39m
    [33maria-describedby[39m=[32m"change-item-255-desc-help"[39m
    [33maria-invalid[39m=[32m"false"[39m
    [33maria-label[39m=[32m"Description for change item 256"[39m
    [33mclass[39m=[32m"MuiInputBase-input MuiOutlinedInput-input css-w4nesw-MuiInputBase-input-MuiOutlinedInput-input"[39m
    [33mid[39m=[32m"_r_ua_"[39m
    [33mmaxlength[39m=[32m"500"[39m
    [33mrequired[39m=[32m""[39m
    [33mrows[39m=[32m"3"[39m
    [33mstyle[39m=[32m"height: 0px; overflow: hidden;"[39m
  [36m/>[39m

  Name "Jira number for change item 257":
  [36m<input[39m
    [33maria-describedby[39m=[32m"change-item-256-jira-help"[39m
    [33maria-invalid[39m=[32m"false"[39m
    [33maria-label[39m=[32m"Jira number for change item 257"[39m
    [33mclass[39m=[32m"MuiInputBase-input MuiOutlinedInput-input css-16wblaj-MuiInputBase-input-MuiOutlinedInput-input"[39m
    [33mid[39m=[32m"_r_uc_"[39m
    [33mmaxlength[39m=[32m"50"[39m
    [33mrequired[39m=[32m""[39m
    [33mtype[39m=[32m"text"[39m
    [33mvalue[39m=[32m"JIRA-0257"[39m
  [36m/>[39m

  Name "Description for change item 257":
  [36m<textarea[39m
    [33maria-describedby[39m=[32m"change-item-256-desc-help"[39m
    [33maria-invalid[39m=[32m"false"[39m
    [33maria-label[39m=[32m"Description for change item 257"[39m
    [33mclass[39m=[32m"MuiInputBase-input MuiOutlinedInput-input css-w4nesw-MuiInputBase-input-MuiOutlinedInput-input"[39m
    [33mid[39m=[32m"_r_ud_"[39m
    [33mmaxlength[39m=[32m"500"[39m
    [33mrequired[39m=[32m""[39m
    [33mrows[39m=[32m"3"[39m
    [33mstyle[39m=[32m"height: 0px; overflow: hidden;"[39m
  [36m/>[39m

  Name "Jira number for change item 258":
  [36m<input[39m
    [33maria-describedby[39m=[32m"change-item-257-jira-help"[39m
    [33maria-invalid[39m=[32m"false"[39m
    [33maria-label[39m=[32m"Jira number for change item 258"[39m
    [33mclass[39m=[32m"MuiInputBase-input MuiOutlinedInput-input css-16wblaj-MuiInputBase-input-MuiOutlinedInput-input"[39m
    [33mid[39m=[32m"_r_uf_"[39m
    [33mmaxlength[39m=[32m"50"[39m
    [33mrequired[39m=[32m""[39m
    [33mtype[39m=[32m"text"[39m
    [33mvalue[39m=[32m"JIRA-0258"[39m
  [36m/>[39m

  Name "Description for change item 258":
  [36m<textarea[39m
    [33maria-describedby[39m=[32m"change-item-257-desc-help"[39m
    [33maria-invalid[39m=[32m"false"[39m
    [33maria-label[39m=[32m"Description for change item 258"[39m
    [33mclass[39m=[32m"MuiInputBase-input MuiOutlinedInput-input css-w4nesw-MuiInputBase-input-MuiOutlinedInput-input"[39m
    [33mid[39m=[32m"_r_ug_"[39m
    [33mmaxlength[39m=[32m"500"[39m
    [33mrequired[39m=[32m""[39m
    [33mrows[39m=[32m"3"[39m
    [33mstyle[39m=[32m"height: 0px; overflow: hidden;"[39m
  [36m/>[39m

  Name "Jira number for change item 259":
  [36m<input[39m
    [33maria-describedby[39m=[32m"change-item-258-jira-help"[39m
    [33maria-invalid[39m=[32m"false"[39m
    [33maria-label[39m=[32m"Jira number for change item 259"[39m
    [33mclass[39m=[32m"MuiInputBase-input MuiOutlinedInput-input css-16wblaj-MuiInputBase-input-MuiOutlinedInput-input"[39m
    [33mid[39m=[32m"_r_ui_"[39m
    [33mmaxlength[39m=[32m"50"[39m
    [33mrequired[39m=[32m""[39m
    [33mtype[39m=[32m"text"[39m
    [33mvalue[39m=[32m"JIRA-0259"[39m
  [36m/>[39m

  Name "Description for change item 259":
  [36m<textarea[39m
    [33maria-describedby[39m=[32m"change-item-258-desc-help"[39m
    [33maria-invalid[39m=[32m"false"[39m
    [33maria-label[39m=[32m"Description for change item 259"[39m
    [33mclass[39m=[32m"MuiInputBase-input MuiOutlinedInput-input css-w4nesw-MuiInputBase-input-MuiOutlinedInput-input"[39m
    [33mid[39m=[32m"_r_uj_"[39m
    [33mmaxlength[39m=[32m"500"[39m
    [33mrequired[39m=[32m""[39m
    [33mrows[39m=[32m"3"[39m
    [33mstyle[39m=[32m"height: 0px; overflow: hidden;"[39m
  [36m/>[39m

  Name "Jira number for change item 260":
  [36m<input[39m
    [33maria-describedby[39m=[32m"change-item-259-jira-help"[39m
    [33maria-invalid[39m=[32m"false"[39m
    [33maria-label[39m=[32m"Jira number for change item 260"[39m
    [33mclass[39m=[32m"MuiInputBase-input MuiOutlinedInput-input css-16wblaj-MuiInputBase-input-MuiOutlinedInput-input"[39m
    [33mid[39m=[32m"_r_ul_"[39m
    [33mmaxlength[39m=[32m"50"[39m
    [33mrequired[39m=[32m""[39m
    [33mtype[39m=[32m"text"[39m
    [33mvalue[39m=[32m"JIRA-0260"[39m
  [36m/>[39m

  Name "Description for change item 260":
  [36m<textarea[39m
    [33maria-describedby[39m=[32m"change-item-259-desc-help"[39m
    [33maria-invalid[39m=[32m"false"[39m
    [33maria-label[39m=[32m"Description for change item 260"[39m
    [33mclass[39m=[32m"MuiInputBase-input MuiOutlinedInput-input css-w4nesw-MuiInputBase-input-MuiOutlinedInput-input"[39m
    [33mid[39m=[32m"_r_um_"[39m
    [33mmaxlength[39m=[32m"500"[39m
    [33mrequired[39m=[32m""[39m
    [33mrows[39m=[32m"3"[39m
    [33mstyle[39m=[32m"height: 0px; overflow: hidden;"[39m
  [36m/>[39m

  Name "Jira number for change item 261":
  [36m<input[39m
    [33maria-describedby[39m=[32m"change-item-260-jira-help"[39m
    [33maria-invalid[39m=[32m"false"[39m
    [33maria-label[39m=[32m"Jira number for change item 261"[39m
    [33mclass[39m=[32m"MuiInputBase-input MuiOutlinedInput-input css-16wblaj-MuiInputBase-input-MuiOutlinedInput-input"[39m
    [33mid[39m=[32m"_r_uo_"[39m
    [33mmaxlength[39m=[32m"50"[39m
    [33mrequired[39m=[32m""[39m
    [33mtype[39m=[32m"text"[39m
    [33mvalue[39m=[32m"JIRA-0261"[39m
  [36m/>[39m

  Name "Description for change item 261":
  [36m<textarea[39m
    [33maria-describedby[39m=[32m"change-item-260-desc-help"[39m
    [33maria-invalid[39m=[32m"false"[39m
    [33maria-label[39m=[32m"Description for change item 261"[39m
    [33mclass[39m=[32m"MuiInputBase-input MuiOutlinedInput-input css-w4nesw-MuiInputBase-input-MuiOutlinedInput-input"[39m
    [33mid[39m=[32m"_r_up_"[39m
    [33mmaxlength[39m=[32m"500"[39m
    [33mrequired[39m=[32m""[39m
    [33mrows[39m=[32m"3"[39m
    [33mstyle[39m=[32m"height: 0px; overflow: hidden;"[39m
  [36m/>[39m

  Name "Jira number for change item 262":
  [36m<input[39m
    [33maria-describedby[39m=[32m"change-item-261-jira-help"[39m
    [33maria-invalid[39m=[32m"false"[39m
    [33maria-label[39m=[32m"Jira number for change item 262"[39m
    [33mclass[39m=[32m"MuiInputBase-input MuiOutlinedInput-input css-16wblaj-MuiInputBase-input-MuiOutlinedInput-input"[39m
    [33mid[39m=[32m"_r_ur_"[39m
    [33mmaxlength[39m=[32m"50"[39m
    [33mrequired[39m=[32m""[39m
    [33mtype[39m=[32m"text"[39m
    [33mvalue[39m=[32m"JIRA-0262"[39m
  [36m/>[39m

  Name "Description for change item 262":
  [36m<textarea[39m
    [33maria-describedby[39m=[32m"change-item-261-desc-help"[39m
    [33maria-invalid[39m=[32m"false"[39m
    [33maria-label[39m=[32m"Description for change item 262"[39m
    [33mclass[39m=[32m"MuiInputBase-input MuiOutlinedInput-input css-w4nesw-MuiInputBase-input-MuiOutlinedInput-input"[39m
    [33mid[39m=[32m"_r_us_"[39m
    [33mmaxlength[39m=[32m"500"[39m
    [33mrequired[39m=[32m""[39m
    [33mrows[39m=[32m"3"[39m
    [33mstyle[39m=[32m"height: 0px; overflow: hidden;"[39m
  [36m/>[39m

  Name "Jira number for change item 263":
  [36m<input[39m
    [33maria-describedby[39m=[32m"change-item-262-jira-help"[39m
    [33maria-invalid[39m=[32m"false"[39m
    [33maria-label[39m=[32m"Jira number for change item 263"[39m
    [33mclass[39m=[32m"MuiInputBase-input MuiOutlinedInput-input css-16wblaj-MuiInputBase-input-MuiOutlinedInput-input"[39m
    [33mid[39m=[32m"_r_uu_"[39m
    [33mmaxlength[39m=[32m"50"[39m
    [33mrequired[39m=[32m""[39m
    [33mtype[39m=[32m"text"[39m
    [33mvalue[39m=[32m"JIRA-0263"[39m
  [36m/>[39m

  Name "Description for change item 263":
  [36m<textarea[39m
    [33maria-describedby[39m=[32m"change-item-262-desc-help"[39m
    [33maria-invalid[39m=[32m"false"[39m
    [33maria-label[39m=[32m"Description for change item 263"[39m
    [33mclass[39m=[32m"MuiInputBase-input MuiOutlinedInput-input css-w4nesw-MuiInputBase-input-MuiOutlinedInput-input"[39m
    [33mid[39m=[32m"_r_uv_"[39m
    [33mmaxlength[39m=[32m"500"[39m
    [33mrequired[39m=[32m""[39m
    [33mrows[39m=[32m"3"[39m
    [33mstyle[39m=[32m"height: 0px; overflow: hidden;"[39m
  [36m/>[39m

  Name "Jira number for change item 264":
  [36m<input[39m
    [33maria-describedby[39m=[32m"change-item-263-jira-help"[39m
    [33maria-invalid[39m=[32m"false"[39m
    [33maria-label[39m=[32m"Jira number for change item 264"[39m
    [33mclass[39m=[32m"MuiInputBase-input MuiOutlinedInput-input css-16wblaj-MuiInputBase-input-MuiOutlinedInput-input"[39m
    [33mid[39m=[32m"_r_v1_"[39m
    [33mmaxlength[39m=[32m"50"[39m
    [33mrequired[39m=[32m""[39m
    [33mtype[39m=[32m"text"[39m
    [33mvalue[39m=[32m"JIRA-0264"[39m
  [36m/>[39m

  Name "Description for change item 264":
  [36m<textarea[39m
    [33maria-describedby[39m=[32m"change-item-263-desc-help"[39m
    [33maria-invalid[39m=[32m"false"[39m
    [33maria-label[39m=[32m"Description for change item 264"[39m
    [33mclass[39m=[32m"MuiInputBase-input MuiOutlinedInput-input css-w4nesw-MuiInputBase-input-MuiOutlinedInput-input"[39m
    [33mid[39m=[32m"_r_v2_"[39m
    [33mmaxlength[39m=[32m"500"[39m
    [33mrequired[39m=[32m""[39m
    [33mrows[39m=[32m"3"[39m
    [33mstyle[39m=[32m"height: 0px; overflow: hidden;"[39m
  [36m/>[39m

  Name "Jira number for change item 265":
  [36m<input[39m
    [33maria-describedby[39m=[32m"change-item-264-jira-help"[39m
    [33maria-invalid[39m=[32m"false"[39m
    [33maria-label[39m=[32m"Jira number for change item 265"[39m
    [33mclass[39m=[32m"MuiInputBase-input MuiOutlinedInput-input css-16wblaj-MuiInputBase-input-MuiOutlinedInput-input"[39m
    [33mid[39m=[32m"_r_v4_"[39m
    [33mmaxlength[39m=[32m"50"[39m
    [33mrequired[39m=[32m""[39m
    [33mtype[39m=[32m"text"[39m
    [33mvalue[39m=[32m"JIRA-0265"[39m
  [36m/>[39m

  Name "Description for change item 265":
  [36m<textarea[39m
    [33maria-describedby[39m=[32m"change-item-264-desc-help"[39m
    [33maria-invalid[39m=[32m"false"[39m
    [33maria-label[39m=[32m"Description for change item 265"[39m
    [33mclass[39m=[32m"MuiInputBase-input MuiOutlinedInput-input css-w4nesw-MuiInputBase-input-MuiOutlinedInput-input"[39m
    [33mid[39m=[32m"_r_v5_"[39m
    [33mmaxlength[39m=[32m"500"[39m
    [33mrequired[39m=[32m""[39m
    [33mrows[39m=[32m"3"[39m
    [33mstyle[39m=[32m"height: 0px; overflow: hidden;"[39m
  [36m/>[39m

  Name "Jira number for change item 266":
  [36m<input[39m
    [33maria-describedby[39m=[32m"change-item-265-jira-help"[39m
    [33maria-invalid[39m=[32m"false"[39m
    [33maria-label[39m=[32m"Jira number for change item 266"[39m
    [33mclass[39m=[32m"MuiInputBase-input MuiOutlinedInput-input css-16wblaj-MuiInputBase-input-MuiOutlinedInput-input"[39m
    [33mid[39m=[32m"_r_v7_"[39m
    [33mmaxlength[39m=[32m"50"[39m
    [33mrequired[39m=[32m""[39m
    [33mtype[39m=[32m"text"[39m
    [33mvalue[39m=[32m"JIRA-0266"[39m
  [36m/>[39m

  Name "Description for change item 266":
  [36m<textarea[39m
    [33maria-describedby[39m=[32m"change-item-265-desc-help"[39m
    [33maria-invalid[39m=[32m"false"[39m
    [33maria-label[39m=[32m"Description for change item 266"[39m
    [33mclass[39m=[32m"MuiInputBase-input MuiOutlinedInput-input css-w4nesw-MuiInputBase-input-MuiOutlinedInput-input"[39m
    [33mid[39m=[32m"_r_v8_"[39m
    [33mmaxlength[39m=[32m"500"[39m
    [33mrequired[39m=[32m""[39m
    [33mrows[39m=[32m"3"[39m
    [33mstyle[39m=[32m"height: 0px; overflow: hidden;"[39m
  [36m/>[39m

  Name "Jira number for change item 267":
  [36m<input[39m
    [33maria-describedby[39m=[32m"change-item-266-jira-help"[39m
    [33maria-invalid[39m=[32m"false"[39m
    [33maria-label[39m=[32m"Jira number for change item 267"[39m
    [33mclass[39m=[32m"MuiInputBase-input MuiOutlinedInput-input css-16wblaj-MuiInputBase-input-MuiOutlinedInput-input"[39m
    [33mid[39m=[32m"_r_va_"[39m
    [33mmaxlength[39m=[32m"50"[39m
    [33mrequired[39m=[32m""[39m
    [33mtype[39m=[32m"text"[39m
    [33mvalue[39m=[32m"JIRA-0267"[39m
  [36m/>[39m

  Name "Description for change item 267":
  [36m<textarea[39m
    [33maria-describedby[39m=[32m"change-item-266-desc-help"[39m
    [33maria-invalid[39m=[32m"false"[39m
    [33maria-label[39m=[32m"Description for change item 267"[39m
    [33mclass[39m=[32m"MuiInputBase-input MuiOutlinedInput-input css-w4nesw-MuiInputBase-input-MuiOutlinedInput-input"[39m
    [33mid[39m=[32m"_r_vb_"[39m
    [33mmaxlength[39m=[32m"500"[39m
    [33mrequired[39m=[32m""[39m
    [33mrows[39m=[32m"3"[39m
    [33mstyle[39m=[32m"height: 0px; overflow: hidden;"[39m
  [36m/>[39m

  Name "Jira number for change item 268":
  [36m<input[39m
    [33maria-describedby[39m=[32m"change-item-267-jira-help"[39m
    [33maria-invalid[39m=[32m"false"[39m
    [33maria-label[39m=[32m"Jira number for change item 268"[39m
    [33mclass[39m=[32m"MuiInputBase-input MuiOutlinedInput-input css-16wblaj-MuiInputBase-input-MuiOutlinedInput-input"[39m
    [33mid[39m=[32m"_r_vd_"[39m
    [33mmaxlength[39m=[32m"50"[39m
    [33mrequired[39m=[32m""[39m
    [33mtype[39m=[32m"text"[39m
    [33mvalue[39m=[32m"JIRA-0268"[39m
  [36m/>[39m

  Name "Description for change item 268":
  [36m<textarea[39m
    [33maria-describedby[39m=[32m"change-item-267-desc-help"[39m
    [33maria-invalid[39m=[32m"false"[39m
    [33maria-label[39m=[32m"Description for change item 268"[39m
    [33mclass[39m=[32m"MuiInputBase-input MuiOutlinedInput-input css-w4nesw-MuiInputBase-input-MuiOutlinedInput-input"[39m
    [33mid[39m=[32m"_r_ve_"[39m
    [33mmaxlength[39m=[32m"500"[39m
    [33mrequired[39m=[32m""[39m
    [33mrows[39m=[32m"3"[39m
    [33mstyle[39m=[32m"height: 0px; overflow: hidden;"[39m
  [36m/>[39m

  Name "Jira number for change item 269":
  [36m<input[39m
    [33maria-describedby[39m=[32m"change-item-268-jira-help"[39m
    [33maria-invalid[39m=[32m"false"[39m
    [33maria-label[39m=[32m"Jira number for change item 269"[39m
    [33mclass[39m=[32m"MuiInputBase-input MuiOutlinedInput-input css-16wblaj-MuiInputBase-input-MuiOutlinedInput-input"[39m
    [33mid[39m=[32m"_r_vg_"[39m
    [33mmaxlength[39m=[32m"50"[39m
    [33mrequired[39m=[32m""[39m
    [33mtype[39m=[32m"text"[39m
    [33mvalue[39m=[32m"JIRA-0269"[39m
  [36m/>[39m

  Name "Description for change item 269":
  [36m<textarea[39m
    [33maria-describedby[39m=[32m"change-item-268-desc-help"[39m
    [33maria-invalid[39m=[32m"false"[39m
    [33maria-label[39m=[32m"Description for change item 269"[39m
    [33mclass[39m=[32m"MuiInputBase-input MuiOutlinedInput-input css-w4nesw-MuiInputBase-input-MuiOutlinedInput-input"[39m
    [33mid[39m=[32m"_r_vh_"[39m
    [33mmaxlength[39m=[32m"500"[39m
    [33mrequired[39m=[32m""[39m
    [33mrows[39m=[32m"3"[39m
    [33mstyle[39m=[32m"height: 0px; overflow: hidden;"[39m
  [36m/>[39m

  Name "Jira number for change item 270":
  [36m<input[39m
    [33maria-describedby[39m=[32m"change-item-269-jira-help"[39m
    [33maria-invalid[39m=[32m"false"[39m
    [33maria-label[39m=[32m"Jira number for change item 270"[39m
    [33mclass[39m=[32m"MuiInputBase-input MuiOutlinedInput-input css-16wblaj-MuiInputBase-input-MuiOutlinedInput-input"[39m
    [33mid[39m=[32m"_r_vj_"[39m
    [33mmaxlength[39m=[32m"50"[39m
    [33mrequired[39m=[32m""[39m
    [33mtype[39m=[32m"text"[39m
    [33mvalue[39m=[32m"JIRA-0270"[39m
  [36m/>[39m

  Name "Description for change item 270":
  [36m<textarea[39m
    [33maria-describedby[39m=[32m"change-item-269-desc-help"[39m
    [33maria-invalid[39m=[32m"false"[39m
    [33maria-label[39m=[32m"Description for change item 270"[39m
    [33mclass[39m=[32m"MuiInputBase-input MuiOutlinedInput-input css-w4nesw-MuiInputBase-input-MuiOutlinedInput-input"[39m
    [33mid[39m=[32m"_r_vk_"[39m
    [33mmaxlength[39m=[32m"500"[39m
    [33mrequired[39m=[32m""[39m
    [33mrows[39m=[32m"3"[39m
    [33mstyle[39m=[32m"height: 0px; overflow: hidden;"[39m
  [36m/>[39m

  Name "Jira number for change item 271":
  [36m<input[39m
    [33maria-describedby[39m=[32m"change-item-270-jira-help"[39m
    [33maria-invalid[39m=[32m"false"[39m
    [33maria-label[39m=[32m"Jira number for change item 271"[39m
    [33mclass[39m=[32m"MuiInputBase-input MuiOutlinedInput-input css-16wblaj-MuiInputBase-input-MuiOutlinedInput-input"[39m
    [33mid[39m=[32m"_r_vm_"[39m
    [33mmaxlength[39m=[32m"50"[39m
    [33mrequired[39m=[32m""[39m
    [33mtype[39m=[32m"text"[39m
    [33mvalue[39m=[32m"JIRA-0271"[39m
  [36m/>[39m

  Name "Description for change item 271":
  [36m<textarea[39m
    [33maria-describedby[39m=[32m"change-item-270-desc-help"[39m
    [33maria-invalid[39m=[32m"false"[39m
    [33maria-label[39m=[32m"Description for change item 271"[39m
    [33mclass[39m=[32m"MuiInputBase-input MuiOutlinedInput-input css-w4nesw-MuiInputBase-input-MuiOutlinedInput-input"[39m
    [33mid[39m=[32m"_r_vn_"[39m
    [33mmaxlength[39m=[32m"500"[39m
    [33mrequired[39m=[32m""[39m
    [33mrows[39m=[32m"3"[39m
    [33mstyle[39m=[32m"height: 0px; overflow: hidden;"[39m
  [36m/>[39m

  Name "Jira number for change item 272":
  [36m<input[39m
    [33maria-describedby[39m=[32m"change-item-271-jira-help"[39m
    [33maria-invalid[39m=[32m"false"[39m
    [33maria-label[39m=[32m"Jira number for change item 272"[39m
    [33mclass[39m=[32m"MuiInputBase-input MuiOutlinedInput-input css-16wblaj-MuiInputBase-input-MuiOutlinedInput-input"[39m
    [33mid[39m=[32m"_r_vp_"[39m
    [33mmaxlength[39m=[32m"50"[39m
    [33mrequired[39m=[32m""[39m
    [33mtype[39m=[32m"text"[39m
    [33mvalue[39m=[32m"JIRA-0272"[39m
  [36m/>[39m

  Name "Description for change item 272":
  [36m<textarea[39m
    [33maria-describedby[39m=[32m"change-item-271-desc-help"[39m
    [33maria-invalid[39m=[32m"false"[39m
    [33maria-label[39m=[32m"Description for change item 272"[39m
    [33mclass[39m=[32m"MuiInputBase-input MuiOutlinedInput-input css-w4nesw-MuiInputBase-input-MuiOutlinedInput-input"[39m
    [33mid[39m=[32m"_r_vq_"[39m
    [33mmaxlength[39m=[32m"500"[39m
    [33mrequired[39m=[32m""[39m
    [33mrows[39m=[32m"3"[39m
    [33mstyle[39m=[32m"height: 0px; overflow: hidden;"[39m
  [36m/>[39m

  Name "Jira number for change item 273":
  [36m<input[39m
    [33maria-describedby[39m=[32m"change-item-272-jira-help"[39m
    [33maria-invalid[39m=[32m"false"[39m
    [33maria-label[39m=[32m"Jira number for change item 273"[39m
    [33mclass[39m=[32m"MuiInputBase-input MuiOutlinedInput-input css-16wblaj-MuiInputBase-input-MuiOutlinedInput-input"[39m
    [33mid[39m=[32m"_r_vs_"[39m
    [33mmaxlength[39m=[32m"50"[39m
    [33mrequired[39m=[32m""[39m
    [33mtype[39m=[32m"text"[39m
    [33mvalue[39m=[32m"JIRA-0273"[39m
  [36m/>[39m

  Name "Description for change item 273":
  [36m<textarea[39m
    [33maria-describedby[39m=[32m"change-item-272-desc-help"[39m
    [33maria-invalid[39m=[32m"false"[39m
    [33maria-label[39m=[32m"Description for change item 273"[39m
    [33mclass[39m=[32m"MuiInputBase-input MuiOutlinedInput-input css-w4nesw-MuiInputBase-input-MuiOutlinedInput-input"[39m
    [33mid[39m=[32m"_r_vt_"[39m
    [33mmaxlength[39m=[32m"500"[39m
    [33mrequired[39m=[32m""[39m
    [33mrows[39m=[32m"3"[39m
    [33mstyle[39m=[32m"height: 0px; overflow: hidden;"[39m
  [36m/>[39m

  Name "Jira number for change item 274":
  [36m<input[39m
    [33maria-describedby[39m=[32m"change-item-273-jira-help"[39m
    [33maria-invalid[39m=[32m"false"[39m
    [33maria-label[39m=[32m"Jira number for change item 274"[39m
    [33mclass[39m=[32m"MuiInputBase-input MuiOutlinedInput-input css-16wblaj-MuiInputBase-input-MuiOutlinedInput-input"[39m
    [33mid[39m=[32m"_r_vv_"[39m
    [33mmaxlength[39m=[32m"50"[39m
    [33mrequired[39m=[32m""[39m
    [33mtype[39m=[32m"text"[39m
    [33mvalue[39m=[32m"JIRA-0274"[39m
  [36m/>[39m

  Name "Description for change item 274":
  [36m<textarea[39m
    [33maria-describedby[39m=[32m"change-item-273-desc-help"[39m
    [33maria-invalid[39m=[32m"false"[39m
    [33maria-label[39m=[32m"Description for change item 274"[39m
    [33mclass[39m=[32m"MuiInputBase-input MuiOutlinedInput-input css-w4nesw-MuiInputBase-input-MuiOutlinedInput-input"[39m
    [33mid[39m=[32m"_r_100_"[39m
    [33mmaxlength[39m=[32m"500"[39m
    [33mrequired[39m=[32m""[39m
    [33mrows[39m=[32m"3"[39m
    [33mstyle[39m=[32m"height: 0px; overflow: hidden;"[39m
  [36m/>[39m

  Name "Jira number for change item 275":
  [36m<input[39m
    [33maria-describedby[39m=[32m"change-item-274-jira-help"[39m
    [33maria-invalid[39m=[32m"false"[39m
    [33maria-label[39m=[32m"Jira number for change item 275"[39m
    [33mclass[39m=[32m"MuiInputBase-input MuiOutlinedInput-input css-16wblaj-MuiInputBase-input-MuiOutlinedInput-input"[39m
    [33mid[39m=[32m"_r_102_"[39m
    [33mmaxlength[39m=[32m"50"[39m
    [33mrequired[39m=[32m""[39m
    [33mtype[39m=[32m"text"[39m
    [33mvalue[39m=[32m"JIRA-0275"[39m
  [36m/>[39m

  Name "Description for change item 275":
  [36m<textarea[39m
    [33maria-describedby[39m=[32m"change-item-274-desc-help"[39m
    [33maria-invalid[39m=[32m"false"[39m
    [33maria-label[39m=[32m"Description for change item 275"[39m
    [33mclass[39m=[32m"MuiInputBase-input MuiOutlinedInput-input css-w4nesw-MuiInputBase-input-MuiOutlinedInput-input"[39m
    [33mid[39m=[32m"_r_103_"[39m
    [33mmaxlength[39m=[32m"500"[39m
    [33mrequired[39m=[32m""[39m
    [33mrows[39m=[32m"3"[39m
    [33mstyle[39m=[32m"height: 0px; overflow: hidden;"[39m
  [36m/>[39m

  Name "Jira number for change item 276":
  [36m<input[39m
    [33maria-describedby[39m=[32m"change-item-275-jira-help"[39m
    [33maria-invalid[39m=[32m"false"[39m
    [33maria-label[39m=[32m"Jira number for change item 276"[39m
    [33mclass[39m=[32m"MuiInputBase-input MuiOutlinedInput-input css-16wblaj-MuiInputBase-input-MuiOutlinedInput-input"[39m
    [33mid[39m=[32m"_r_105_"[39m
    [33mmaxlength[39m=[32m"50"[39m
    [33mrequired[39m=[32m""[39m
    [33mtype[39m=[32m"text"[39m
    [33mvalue[39m=[32m"JIRA-0276"[39m
  [36m/>[39m

  Name "Description for change item 276":
  [36m<textarea[39m
    [33maria-describedby[39m=[32m"change-item-275-desc-help"[39m
    [33maria-invalid[39m=[32m"false"[39m
    [33maria-label[39m=[32m"Description for change item 276"[39m
    [33mclass[39m=[32m"MuiInputBase-input MuiOutlinedInput-input css-w4nesw-MuiInputBase-input-MuiOutlinedInput-input"[39m
    [33mid[39m=[32m"_r_106_"[39m
    [33mmaxlength[39m=[32m"500"[39m
    [33mrequired[39m=[32m""[39m
    [33mrows[39m=[32m"3"[39m
    [33mstyle[39m=[32m"height: 0px; overflow: hidden;"[39m
  [36m/>[39m

  Name "Jira number for change item 277":
  [36m<input[39m
    [33maria-describedby[39m=[32m"change-item-276-jira-help"[39m
    [33maria-invalid[39m=[32m"false"[39m
    [33maria-label[39m=[32m"Jira number for change item 277"[39m
    [33mclass[39m=[32m"MuiInputBase-input MuiOutlinedInput-input css-16wblaj-MuiInputBase-input-MuiOutlinedInput-input"[39m
    [33mid[39m=[32m"_r_108_"[39m
    [33mmaxlength[39m=[32m"50"[39m
    [33mrequired[39m=[32m""[39m
    [33mtype[39m=[32m"text"[39m
    [33mvalue[39m=[32m"JIRA-0277"[39m
  [36m/>[39m

  Name "Description for change item 277":
  [36m<textarea[39m
    [33maria-describedby[39m=[32m"change-item-276-desc-help"[39m
    [33maria-invalid[39m=[32m"false"[39m
    [33maria-label[39m=[32m"Description for change item 277"[39m
    [33mclass[39m=[32m"MuiInputBase-input MuiOutlinedInput-input css-w4nesw-MuiInputBase-input-MuiOutlinedInput-input"[39m
    [33mid[39m=[32m"_r_109_"[39m
    [33mmaxlength[39m=[32m"500"[39m
    [33mrequired[39m=[32m""[39m
    [33mrows[39m=[32m"3"[39m
    [33mstyle[39m=[32m"height: 0px; overflow: hidden;"[39m
  [36m/>[39m

  Name "Jira number for change item 278":
  [36m<input[39m
    [33maria-describedby[39m=[32m"change-item-277-jira-help"[39m
    [33maria-invalid[39m=[32m"false"[39m
    [33maria-label[39m=[32m"Jira number for change item 278"[39m
    [33mclass[39m=[32m"MuiInputBase-input MuiOutlinedInput-input css-16wblaj-MuiInputBase-input-MuiOutlinedInput-input"[39m
    [33mid[39m=[32m"_r_10b_"[39m
    [33mmaxlength[39m=[32m"50"[39m
    [33mrequired[39m=[32m""[39m
    [33mtype[39m=[32m"text"[39m
    [33mvalue[39m=[32m"JIRA-0278"[39m
  [36m/>[39m

  Name "Description for change item 278":
  [36m<textarea[39m
    [33maria-describedby[39m=[32m"change-item-277-desc-help"[39m
    [33maria-invalid[39m=[32m"false"[39m
    [33maria-label[39m=[32m"Description for change item 278"[39m
    [33mclass[39m=[32m"MuiInputBase-input MuiOutlinedInput-input css-w4nesw-MuiInputBase-input-MuiOutlinedInput-input"[39m
    [33mid[39m=[32m"_r_10c_"[39m
    [33mmaxlength[39m=[32m"500"[39m
    [33mrequired[39m=[32m""[39m
    [33mrows[39m=[32m"3"[39m
    [33mstyle[39m=[32m"height: 0px; overflow: hidden;"[39m
  [36m/>[39m

  Name "Jira number for change item 279":
  [36m<input[39m
    [33maria-describedby[39m=[32m"change-item-278-jira-help"[39m
    [33maria-invalid[39m=[32m"false"[39m
    [33maria-label[39m=[32m"Jira number for change item 279"[39m
    [33mclass[39m=[32m"MuiInputBase-input MuiOutlinedInput-input css-16wblaj-MuiInputBase-input-MuiOutlinedInput-input"[39m
    [33mid[39m=[32m"_r_10e_"[39m
    [33mmaxlength[39m=[32m"50"[39m
    [33mrequired[39m=[32m""[39m
    [33mtype[39m=[32m"text"[39m
    [33mvalue[39m=[32m"JIRA-0279"[39m
  [36m/>[39m

  Name "Description for change item 279":
  [36m<textarea[39m
    [33maria-describedby[39m=[32m"change-item-278-desc-help"[39m
    [33maria-invalid[39m=[32m"false"[39m
    [33maria-label[39m=[32m"Description for change item 279"[39m
    [33mclass[39m=[32m"MuiInputBase-input MuiOutlinedInput-input css-w4nesw-MuiInputBase-input-MuiOutlinedInput-input"[39m
    [33mid[39m=[32m"_r_10f_"[39m
    [33mmaxlength[39m=[32m"500"[39m
    [33mrequired[39m=[32m""[39m
    [33mrows[39m=[32m"3"[39m
    [33mstyle[39m=[32m"height: 0px; overflow: hidden;"[39m
  [36m/>[39m

  Name "Jira number for change item 280":
  [36m<input[39m
    [33maria-describedby[39m=[32m"change-item-279-jira-help"[39m
    [33maria-invalid[39m=[32m"false"[39m
    [33maria-label[39m=[32m"Jira number for change item 280"[39m
    [33mclass[39m=[32m"MuiInputBase-input MuiOutlinedInput-input css-16wblaj-MuiInputBase-input-MuiOutlinedInput-input"[39m
    [33mid[39m=[32m"_r_10h_"[39m
    [33mmaxlength[39m=[32m"50"[39m
    [33mrequired[39m=[32m""[39m
    [33mtype[39m=[32m"text"[39m
    [33mvalue[39m=[32m"JIRA-0280"[39m
  [36m/>[39m

  Name "Description for change item 280":
  [36m<textarea[39m
    [33maria-describedby[39m=[32m"change-item-279-desc-help"[39m
    [33maria-invalid[39m=[32m"false"[39m
    [33maria-label[39m=[32m"Description for change item 280"[39m
    [33mclass[39m=[32m"MuiInputBase-input MuiOutlinedInput-input css-w4nesw-MuiInputBase-input-MuiOutlinedInput-input"[39m
    [33mid[39m=[32m"_r_10i_"[39m
    [33mmaxlength[39m=[32m"500"[39m
    [33mrequired[39m=[32m""[39m
    [33mrows[39m=[32m"3"[39m
    [33mstyle[39m=[32m"height: 0px; overflow: hidden;"[39m
  [36m/>[39m

  Name "Jira number for change item 281":
  [36m<input[39m
    [33maria-describedby[39m=[32m"change-item-280-jira-help"[39m
    [33maria-invalid[39m=[32m"false"[39m
    [33maria-label[39m=[32m"Jira number for change item 281"[39m
    [33mclass[39m=[32m"MuiInputBase-input MuiOutlinedInput-input css-16wblaj-MuiInputBase-input-MuiOutlinedInput-input"[39m
    [33mid[39m=[32m"_r_10k_"[39m
    [33mmaxlength[39m=[32m"50"[39m
    [33mrequired[39m=[32m""[39m
    [33mtype[39m=[32m"text"[39m
    [33mvalue[39m=[32m"JIRA-0281"[39m
  [36m/>[39m

  Name "Description for change item 281":
  [36m<textarea[39m
    [33maria-describedby[39m=[32m"change-item-280-desc-help"[39m
    [33maria-invalid[39m=[32m"false"[39m
    [33maria-label[39m=[32m"Description for change item 281"[39m
    [33mclass[39m=[32m"MuiInputBase-input MuiOutlinedInput-input css-w4nesw-MuiInputBase-input-MuiOutlinedInput-input"[39m
    [33mid[39m=[32m"_r_10l_"[39m
    [33mmaxlength[39m=[32m"500"[39m
    [33mrequired[39m=[32m""[39m
    [33mrows[39m=[32m"3"[39m
    [33mstyle[39m=[32m"height: 0px; overflow: hidden;"[39m
  [36m/>[39m

  Name "Jira number for change item 282":
  [36m<input[39m
    [33maria-describedby[39m=[32m"change-item-281-jira-help"[39m
    [33maria-invalid[39m=[32m"false"[39m
    [33maria-label[39m=[32m"Jira number for change item 282"[39m
    [33mclass[39m=[32m"MuiInputBase-input MuiOutlinedInput-input css-16wblaj-MuiInputBase-input-MuiOutlinedInput-input"[39m
    [33mid[39m=[32m"_r_10n_"[39m
    [33mmaxlength[39m=[32m"50"[39m
    [33mrequired[39m=[32m""[39m
    [33mtype[39m=[32m"text"[39m
    [33mvalue[39m=[32m"JIRA-0282"[39m
  [36m/>[39m

  Name "Description for change item 282":
  [36m<textarea[39m
    [33maria-describedby[39m=[32m"change-item-281-desc-help"[39m
    [33maria-invalid[39m=[32m"false"[39m
    [33maria-label[39m=[32m"Description for change item 282"[39m
    [33mclass[39m=[32m"MuiInputBase-input MuiOutlinedInput-input css-w4nesw-MuiInputBase-input-MuiOutlinedInput-input"[39m
    [33mid[39m=[32m"_r_10o_"[39m
    [33mmaxlength[39m=[32m"500"[39m
    [33mrequired[39m=[32m""[39m
    [33mrows[39m=[32m"3"[39m
    [33mstyle[39m=[32m"height: 0px; overflow: hidden;"[39m
  [36m/>[39m

  Name "Jira number for change item 283":
  [36m<input[39m
    [33maria-describedby[39m=[32m"change-item-282-jira-help"[39m
    [33maria-invalid[39m=[32m"false"[39m
    [33maria-label[39m=[32m"Jira number for change item 283"[39m
    [33mclass[39m=[32m"MuiInputBase-input MuiOutlinedInput-input css-16wblaj-MuiInputBase-input-MuiOutlinedInput-input"[39m
    [33mid[39m=[32m"_r_10q_"[39m
    [33mmaxlength[39m=[32m"50"[39m
    [33mrequired[39m=[32m""[39m
    [33mtype[39m=[32m"text"[39m
    [33mvalue[39m=[32m"JIRA-0283"[39m
  [36m/>[39m

  Name "Description for change item 283":
  [36m<textarea[39m
    [33maria-describedby[39m=[32m"change-item-282-desc-help"[39m
    [33maria-invalid[39m=[32m"false"[39m
    [33maria-label[39m=[32m"Description for change item 283"[39m
    [33mclass[39m=[32m"MuiInputBase-input MuiOutlinedInput-input css-w4nesw-MuiInputBase-input-MuiOutlinedInput-input"[39m
    [33mid[39m=[32m"_r_10r_"[39m
    [33mmaxlength[39m=[32m"500"[39m
    [33mrequired[39m=[32m""[39m
    [33mrows[39m=[32m"3"[39m
    [33mstyle[39m=[32m"height: 0px; overflow: hidden;"[39m
  [36m/>[39m

  Name "Jira number for change item 284":
  [36m<input[39m
    [33maria-describedby[39m=[32m"change-item-283-jira-help"[39m
    [33maria-invalid[39m=[32m"false"[39m
    [33maria-label[39m=[32m"Jira number for change item 284"[39m
    [33mclass[39m=[32m"MuiInputBase-input MuiOutlinedInput-input css-16wblaj-MuiInputBase-input-MuiOutlinedInput-input"[39m
    [33mid[39m=[32m"_r_10t_"[39m
    [33mmaxlength[39m=[32m"50"[39m
    [33mrequired[39m=[32m""[39m
    [33mtype[39m=[32m"text"[39m
    [33mvalue[39m=[32m"JIRA-0284"[39m
  [36m/>[39m

  Name "Description for change item 284":
  [36m<textarea[39m
    [33maria-describedby[39m=[32m"change-item-283-desc-help"[39m
    [33maria-invalid[39m=[32m"false"[39m
    [33maria-label[39m=[32m"Description for change item 284"[39m
    [33mclass[39m=[32m"MuiInputBase-input MuiOutlinedInput-input css-w4nesw-MuiInputBase-input-MuiOutlinedInput-input"[39m
    [33mid[39m=[32m"_r_10u_"[39m
    [33mmaxlength[39m=[32m"500"[39m
    [33mrequired[39m=[32m""[39m
    [33mrows[39m=[32m"3"[39m
    [33mstyle[39m=[32m"height: 0px; overflow: hidden;"[39m
  [36m/>[39m

  Name "Jira number for change item 285":
  [36m<input[39m
    [33maria-describedby[39m=[32m"change-item-284-jira-help"[39m
    [33maria-invalid[39m=[32m"false"[39m
    [33maria-label[39m=[32m"Jira number for change item 285"[39m
    [33mclass[39m=[32m"MuiInputBase-input MuiOutlinedInput-input css-16wblaj-MuiInputBase-input-MuiOutlinedInput-input"[39m
    [33mid[39m=[32m"_r_110_"[39m
    [33mmaxlength[39m=[32m"50"[39m
    [33mrequired[39m=[32m""[39m
    [33mtype[39m=[32m"text"[39m
    [33mvalue[39m=[32m"JIRA-0285"[39m
  [36m/>[39m

  Name "Description for change item 285":
  [36m<textarea[39m
    [33maria-describedby[39m=[32m"change-item-284-desc-help"[39m
    [33maria-invalid[39m=[32m"false"[39m
    [33maria-label[39m=[32m"Description for change item 285"[39m
    [33mclass[39m=[32m"MuiInputBase-input MuiOutlinedInput-input css-w4nesw-MuiInputBase-input-MuiOutlinedInput-input"[39m
    [33mid[39m=[32m"_r_111_"[39m
    [33mmaxlength[39m=[32m"500"[39m
    [33mrequired[39m=[32m""[39m
    [33mrows[39m=[32m"3"[39m
    [33mstyle[39m=[32m"height: 0px; overflow: hidden;"[39m
  [36m/>[39m

  Name "Jira number for change item 286":
  [36m<input[39m
    [33maria-describedby[39m=[32m"change-item-285-jira-help"[39m
    [33maria-invalid[39m=[32m"false"[39m
    [33maria-label[39m=[32m"Jira number for change item 286"[39m
    [33mclass[39m=[32m"MuiInputBase-input MuiOutlinedInput-input css-16wblaj-MuiInputBase-input-MuiOutlinedInput-input"[39m
    [33mid[39m=[32m"_r_113_"[39m
    [33mmaxlength[39m=[32m"50"[39m
    [33mrequired[39m=[32m""[39m
    [33mtype[39m=[32m"text"[39m
    [33mvalue[39m=[32m"JIRA-0286"[39m
  [36m/>[39m

  Name "Description for change item 286":
  [36m<textarea[39m
    [33maria-describedby[39m=[32m"change-item-285-desc-help"[39m
    [33maria-invalid[39m=[32m"false"[39m
    [33maria-label[39m=[32m"Description for change item 286"[39m
    [33mclass[39m=[32m"MuiInputBase-input MuiOutlinedInput-input css-w4nesw-MuiInputBase-input-MuiOutlinedInput-input"[39m
    [33mid[39m=[32m"_r_114_"[39m
    [33mmaxlength[39m=[32m"500"[39m
    [33mrequired[39m=[32m""[39m
    [33mrows[39m=[32m"3"[39m
    [33mstyle[39m=[32m"height: 0px; overflow: hidden;"[39m
  [36m/>[39m

  Name "Jira number for change item 287":
  [36m<input[39m
    [33maria-describedby[39m=[32m"change-item-286-jira-help"[39m
    [33maria-invalid[39m=[32m"false"[39m
    [33maria-label[39m=[32m"Jira number for change item 287"[39m
    [33mclass[39m=[32m"MuiInputBase-input MuiOutlinedInput-input css-16wblaj-MuiInputBase-input-MuiOutlinedInput-input"[39m
    [33mid[39m=[32m"_r_116_"[39m
    [33mmaxlength[39m=[32m"50"[39m
    [33mrequired[39m=[32m""[39m
    [33mtype[39m=[32m"text"[39m
    [33mvalue[39m=[32m"JIRA-0287"[39m
  [36m/>[39m

  Name "Description for change item 287":
  [36m<textarea[39m
    [33maria-describedby[39m=[32m"change-item-286-desc-help"[39m
    [33maria-invalid[39m=[32m"false"[39m
    [33maria-label[39m=[32m"Description for change item 287"[39m
    [33mclass[39m=[32m"MuiInputBase-input MuiOutlinedInput-input css-w4nesw-MuiInputBase-input-MuiOutlinedInput-input"[39m
    [33mid[39m=[32m"_r_117_"[39m
    [33mmaxlength[39m=[32m"500"[39m
    [33mrequired[39m=[32m""[39m
    [33mrows[39m=[32m"3"[39m
    [33mstyle[39m=[32m"height: 0px; overflow: hidden;"[39m
  [36m/>[39m

  Name "Jira number for change item 288":
  [36m<input[39m
    [33maria-describedby[39m=[32m"change-item-287-jira-help"[39m
    [33maria-invalid[39m=[32m"false"[39m
    [33maria-label[39m=[32m"Jira number for change item 288"[39m
    [33mclass[39m=[32m"MuiInputBase-input MuiOutlinedInput-input css-16wblaj-MuiInputBase-input-MuiOutlinedInput-input"[39m
    [33mid[39m=[32m"_r_119_"[39m
    [33mmaxlength[39m=[32m"50"[39m
    [33mrequired[39m=[32m""[39m
    [33mtype[39m=[32m"text"[39m
    [33mvalue[39m=[32m"JIRA-0288"[39m
  [36m/>[39m

  Name "Description for change item 288":
  [36m<textarea[39m
    [33maria-describedby[39m=[32m"change-item-287-desc-help"[39m
    [33maria-invalid[39m=[32m"false"[39m
    [33maria-label[39m=[32m"Description for change item 288"[39m
    [33mclass[39m=[32m"MuiInputBase-input MuiOutlinedInput-input css-w4nesw-MuiInputBase-input-MuiOutlinedInput-input"[39m
    [33mid[39m=[32m"_r_11a_"[39m
    [33mmaxlength[39m=[32m"500"[39m
    [33mrequired[39m=[32m""[39m
    [33mrows[39m=[32m"3"[39m
    [33mstyle[39m=[32m"height: 0px; overflow: hidden;"[39m
  [36m/>[39m

  Name "Jira number for change item 289":
  [36m<input[39m
    [33maria-describedby[39m=[32m"change-item-288-jira-help"[39m
    [33maria-invalid[39m=[32m"false"[39m
    [33maria-label[39m=[32m"Jira number for change item 289"[39m
    [33mclass[39m=[32m"MuiInputBase-input MuiOutlinedInput-input css-16wblaj-MuiInputBase-input-MuiOutlinedInput-input"[39m
    [33mid[39m=[32m"_r_11c_"[39m
    [33mmaxlength[39m=[32m"50"[39m
    [33mrequired[39m=[32m""[39m
    [33mtype[39m=[32m"text"[39m
    [33mvalue[39m=[32m"JIRA-0289"[39m
  [36m/>[39m

  Name "Description for change item 289":
  [36m<textarea[39m
    [33maria-describedby[39m=[32m"change-item-288-desc-help"[39m
    [33maria-invalid[39m=[32m"false"[39m
    [33maria-label[39m=[32m"Description for change item 289"[39m
    [33mclass[39m=[32m"MuiInputBase-input MuiOutlinedInput-input css-w4nesw-MuiInputBase-input-MuiOutlinedInput-input"[39m
    [33mid[39m=[32m"_r_11d_"[39m
    [33mmaxlength[39m=[32m"500"[39m
    [33mrequired[39m=[32m""[39m
    [33mrows[39m=[32m"3"[39m
    [33mstyle[39m=[32m"height: 0px; overflow: hidden;"[39m
  [36m/>[39m

  Name "Jira number for change item 290":
  [36m<input[39m
    [33maria-describedby[39m=[32m"change-item-289-jira-help"[39m
    [33maria-invalid[39m=[32m"false"[39m
    [33maria-label[39m=[32m"Jira number for change item 290"[39m
    [33mclass[39m=[32m"MuiInputBase-input MuiOutlinedInput-input css-16wblaj-MuiInputBase-input-MuiOutlinedInput-input"[39m
    [33mid[39m=[32m"_r_11f_"[39m
    [33mmaxlength[39m=[32m"50"[39m
    [33mrequired[39m=[32m""[39m
    [33mtype[39m=[32m"text"[39m
    [33mvalue[39m=[32m"JIRA-0290"[39m
  [36m/>[39m

  Name "Description for change item 290":
  [36m<textarea[39m
    [33maria-describedby[39m=[32m"change-item-289-desc-help"[39m
    [33maria-invalid[39m=[32m"false"[39m
    [33maria-label[39m=[32m"Description for change item 290"[39m
    [33mclass[39m=[32m"MuiInputBase-input MuiOutlinedInput-input css-w4nesw-MuiInputBase-input-MuiOutlinedInput-input"[39m
    [33mid[39m=[32m"_r_11g_"[39m
    [33mmaxlength[39m=[32m"500"[39m
    [33mrequired[39m=[32m""[39m
    [33mrows[39m=[32m"3"[39m
    [33mstyle[39m=[32m"height: 0px; overflow: hidden;"[39m
  [36m/>[39m

  Name "Jira number for change item 291":
  [36m<input[39m
    [33maria-describedby[39m=[32m"change-item-290-jira-help"[39m
    [33maria-invalid[39m=[32m"false"[39m
    [33maria-label[39m=[32m"Jira number for change item 291"[39m
    [33mclass[39m=[32m"MuiInputBase-input MuiOutlinedInput-input css-16wblaj-MuiInputBase-input-MuiOutlinedInput-input"[39m
    [33mid[39m=[32m"_r_11i_"[39m
    [33mmaxlength[39m=[32m"50"[39m
    [33mrequired[39m=[32m""[39m
    [33mtype[39m=[32m"text"[39m
    [33mvalue[39m=[32m"JIRA-0291"[39m
  [36m/>[39m

  Name "Description for change item 291":
  [36m<textarea[39m
    [33maria-describedby[39m=[32m"change-item-290-desc-help"[39m
    [33maria-invalid[39m=[32m"false"[39m
    [33maria-label[39m=[32m"Description for change item 291"[39m
    [33mclass[39m=[32m"MuiInputBase-input MuiOutlinedInput-input css-w4nesw-MuiInputBase-input-MuiOutlinedInput-input"[39m
    [33mid[39m=[32m"_r_11j_"[39m
    [33mmaxlength[39m=[32m"500"[39m
    [33mrequired[39m=[32m""[39m
    [33mrows[39m=[32m"3"[39m
    [33mstyle[39m=[32m"height: 0px; overflow: hidden;"[39m
  [36m/>[39m

  Name "Jira number for change item 292":
  [36m<input[39m
    [33maria-describedby[39m=[32m"change-item-291-jira-help"[39m
    [33maria-invalid[39m=[32m"false"[39m
    [33maria-label[39m=[32m"Jira number for change item 292"[39m
    [33mclass[39m=[32m"MuiInputBase-input MuiOutlinedInput-input css-16wblaj-MuiInputBase-input-MuiOutlinedInput-input"[39m
    [33mid[39m=[32m"_r_11l_"[39m
    [33mmaxlength[39m=[32m"50"[39m
    [33mrequired[39m=[32m""[39m
    [33mtype[39m=[32m"text"[39m
    [33mvalue[39m=[32m"JIRA-0292"[39m
  [36m/>[39m

  Name "Description for change item 292":
  [36m<textarea[39m
    [33maria-describedby[39m=[32m"change-item-291-desc-help"[39m
    [33maria-invalid[39m=[32m"false"[39m
    [33maria-label[39m=[32m"Description for change item 292"[39m
    [33mclass[39m=[32m"MuiInputBase-input MuiOutlinedInput-input css-w4nesw-MuiInputBase-input-MuiOutlinedInput-input"[39m
    [33mid[39m=[32m"_r_11m_"[39m
    [33mmaxlength[39m=[32m"500"[39m
    [33mrequired[39m=[32m""[39m
    [33mrows[39m=[32m"3"[39m
    [33mstyle[39m=[32m"height: 0px; overflow: hidden;"[39m
  [36m/>[39m

  Name "Jira number for change item 293":
  [36m<input[39m
    [33maria-describedby[39m=[32m"change-item-292-jira-help"[39m
    [33maria-invalid[39m=[32m"false"[39m
    [33maria-label[39m=[32m"Jira number for change item 293"[39m
    [33mclass[39m=[32m"MuiInputBase-input MuiOutlinedInput-input css-16wblaj-MuiInputBase-input-MuiOutlinedInput-input"[39m
    [33mid[39m=[32m"_r_11o_"[39m
    [33mmaxlength[39m=[32m"50"[39m
    [33mrequired[39m=[32m""[39m
    [33mtype[39m=[32m"text"[39m
    [33mvalue[39m=[32m"JIRA-0293"[39m
  [36m/>[39m

  Name "Description for change item 293":
  [36m<textarea[39m
    [33maria-describedby[39m=[32m"change-item-292-desc-help"[39m
    [33maria-invalid[39m=[32m"false"[39m
    [33maria-label[39m=[32m"Description for change item 293"[39m
    [33mclass[39m=[32m"MuiInputBase-input MuiOutlinedInput-input css-w4nesw-MuiInputBase-input-MuiOutlinedInput-input"[39m
    [33mid[39m=[32m"_r_11p_"[39m
    [33mmaxlength[39m=[32m"500"[39m
    [33mrequired[39m=[32m""[39m
    [33mrows[39m=[32m"3"[39m
    [33mstyle[39m=[32m"height: 0px; overflow: hidden;"[39m
  [36m/>[39m

  Name "Jira number for change item 294":
  [36m<input[39m
    [33maria-describedby[39m=[32m"change-item-293-jira-help"[39m
    [33maria-invalid[39m=[32m"false"[39m
    [33maria-label[39m=[32m"Jira number for change item 294"[39m
    [33mclass[39m=[32m"MuiInputBase-input MuiOutlinedInput-input css-16wblaj-MuiInputBase-input-MuiOutlinedInput-input"[39m
    [33mid[39m=[32m"_r_11r_"[39m
    [33mmaxlength[39m=[32m"50"[39m
    [33mrequired[39m=[32m""[39m
    [33mtype[39m=[32m"text"[39m
    [33mvalue[39m=[32m"JIRA-0294"[39m
  [36m/>[39m

  Name "Description for change item 294":
  [36m<textarea[39m
    [33maria-describedby[39m=[32m"change-item-293-desc-help"[39m
    [33maria-invalid[39m=[32m"false"[39m
    [33maria-label[39m=[32m"Description for change item 294"[39m
    [33mclass[39m=[32m"MuiInputBase-input MuiOutlinedInput-input css-w4nesw-MuiInputBase-input-MuiOutlinedInput-input"[39m
    [33mid[39m=[32m"_r_11s_"[39m
    [33mmaxlength[39m=[32m"500"[39m
    [33mrequired[39m=[32m""[39m
    [33mrows[39m=[32m"3"[39m
    [33mstyle[39m=[32m"height: 0px; overflow: hidden;"[39m
  [36m/>[39m

  Name "Jira number for change item 295":
  [36m<input[39m
    [33maria-describedby[39m=[32m"change-item-294-jira-help"[39m
    [33maria-invalid[39m=[32m"false"[39m
    [33maria-label[39m=[32m"Jira number for change item 295"[39m
    [33mclass[39m=[32m"MuiInputBase-input MuiOutlinedInput-input css-16wblaj-MuiInputBase-input-MuiOutlinedInput-input"[39m
    [33mid[39m=[32m"_r_11u_"[39m
    [33mmaxlength[39m=[32m"50"[39m
    [33mrequired[39m=[32m""[39m
    [33mtype[39m=[32m"text"[39m
    [33mvalue[39m=[32m"JIRA-0295"[39m
  [36m/>[39m

  Name "Description for change item 295":
  [36m<textarea[39m
    [33maria-describedby[39m=[32m"change-item-294-desc-help"[39m
    [33maria-invalid[39m=[32m"false"[39m
    [33maria-label[39m=[32m"Description for change item 295"[39m
    [33mclass[39m=[32m"MuiInputBase-input MuiOutlinedInput-input css-w4nesw-MuiInputBase-input-MuiOutlinedInput-input"[39m
    [33mid[39m=[32m"_r_11v_"[39m
    [33mmaxlength[39m=[32m"500"[39m
    [33mrequired[39m=[32m""[39m
    [33mrows[39m=[32m"3"[39m
    [33mstyle[39m=[32m"height: 0px; overflow: hidden;"[39m
  [36m/>[39m

  Name "Jira number for change item 296":
  [36m<input[39m
    [33maria-describedby[39m=[32m"change-item-295-jira-help"[39m
    [33maria-invalid[39m=[32m"false"[39m
    [33maria-label[39m=[32m"Jira number for change item 296"[39m
    [33mclass[39m=[32m"MuiInputBase-input MuiOutlinedInput-input css-16wblaj-MuiInputBase-input-MuiOutlinedInput-input"[39m
    [33mid[39m=[32m"_r_121_"[39m
    [33mmaxlength[39m=[32m"50"[39m
    [33mrequired[39m=[32m""[39m
    [33mtype[39m=[32m"text"[39m
    [33mvalue[39m=[32m"JIRA-0296"[39m
  [36m/>[39m

  Name "Description for change item 296":
  [36m<textarea[39m
    [33maria-describedby[39m=[32m"change-item-295-desc-help"[39m
    [33maria-invalid[39m=[32m"false"[39m
    [33maria-label[39m=[32m"Description for change item 296"[39m
    [33mclass[39m=[32m"MuiInputBase-input MuiOutlinedInput-input css-w4nesw-MuiInputBase-input-MuiOutlinedInput-input"[39m
    [33mid[39m=[32m"_r_122_"[39m
    [33mmaxlength[39m=[32m"500"[39m
    [33mrequired[39m=[32m""[39m
    [33mrows[39m=[32m"3"[39m
    [33mstyle[39m=[32m"height: 0px; overflow: hidden;"[39m
  [36m/>[39m

  Name "Jira number for change item 297":
  [36m<input[39m
    [33maria-describedby[39m=[32m"change-item-296-jira-help"[39m
    [33maria-invalid[39m=[32m"false"[39m
    [33maria-label[39m=[32m"Jira number for change item 297"[39m
    [33mclass[39m=[32m"MuiInputBase-input MuiOutlinedInput-input css-16wblaj-MuiInputBase-input-MuiOutlinedInput-input"[39m
    [33mid[39m=[32m"_r_124_"[39m
    [33mmaxlength[39m=[32m"50"[39m
    [33mrequired[39m=[32m""[39m
    [33mtype[39m=[32m"text"[39m
    [33mvalue[39m=[32m"JIRA-0297"[39m
  [36m/>[39m

  Name "Description for change item 297":
  [36m<textarea[39m
    [33maria-describedby[39m=[32m"change-item-296-desc-help"[39m
    [33maria-invalid[39m=[32m"false"[39m
    [33maria-label[39m=[32m"Description for change item 297"[39m
    [33mclass[39m=[32m"MuiInputBase-input MuiOutlinedInput-input css-w4nesw-MuiInputBase-input-MuiOutlinedInput-input"[39m
    [33mid[39m=[32m"_r_125_"[39m
    [33mmaxlength[39m=[32m"500"[39m
    [33mrequired[39m=[32m""[39m
    [33mrows[39m=[32m"3"[39m
    [33mstyle[39m=[32m"height: 0px; overflow: hidden;"[39m
  [36m/>[39m

  Name "Jira number for change item 298":
  [36m<input[39m
    [33maria-describedby[39m=[32m"change-item-297-jira-help"[39m
    [33maria-invalid[39m=[32m"false"[39m
    [33maria-label[39m=[32m"Jira number for change item 298"[39m
    [33mclass[39m=[32m"MuiInputBase-input MuiOutlinedInput-input css-16wblaj-MuiInputBase-input-MuiOutlinedInput-input"[39m
    [33mid[39m=[32m"_r_127_"[39m
    [33mmaxlength[39m=[32m"50"[39m
    [33mrequired[39m=[32m""[39m
    [33mtype[39m=[32m"text"[39m
    [33mvalue[39m=[32m"JIRA-0298"[39m
  [36m/>[39m

  Name "Description for change item 298":
  [36m<textarea[39m
    [33maria-describedby[39m=[32m"change-item-297-desc-help"[39m
    [33maria-invalid[39m=[32m"false"[39m
    [33maria-label[39m=[32m"Description for change item 298"[39m
    [33mclass[39m=[32m"MuiInputBase-input MuiOutlinedInput-input css-w4nesw-MuiInputBase-input-MuiOutlinedInput-input"[39m
    [33mid[39m=[32m"_r_128_"[39m
    [33mmaxlength[39m=[32m"500"[39m
    [33mrequired[39m=[32m""[39m
    [33mrows[39m=[32m"3"[39m
    [33mstyle[39m=[32m"height: 0px; overflow: hidden;"[39m
  [36m/>[39m

  Name "Jira number for change item 299":
  [36m<input[39m
    [33maria-describedby[39m=[32m"change-item-298-jira-help"[39m
    [33maria-invalid[39m=[32m"false"[39m
    [33maria-label[39m=[32m"Jira number for change item 299"[39m
    [33mclass[39m=[32m"MuiInputBase-input MuiOutlinedInput-input css-16wblaj-MuiInputBase-input-MuiOutlinedInput-input"[39m
    [33mid[39m=[32m"_r_12a_"[39m
    [33mmaxlength[39m=[32m"50"[39m
    [33mrequired[39m=[32m""[39m
    [33mtype[39m=[32m"text"[39m
    [33mvalue[39m=[32m"JIRA-0299"[39m
  [36m/>[39m

  Name "Description for change item 299":
  [36m<textarea[39m
    [33maria-describedby[39m=[32m"change-item-298-desc-help"[39m
    [33maria-invalid[39m=[32m"false"[39m
    [33maria-label[39m=[32m"Description for change item 299"[39m
    [33mclass[39m=[32m"MuiInputBase-input MuiOutlinedInput-input css-w4nesw-MuiInputBase-input-MuiOutlinedInput-input"[39m
    [33mid[39m=[32m"_r_12b_"[39m
    [33mmaxlength[39m=[32m"500"[39m
    [33mrequired[39m=[32m""[39m
    [33mrows[39m=[32m"3"[39m
    [33mstyle[39m=[32m"height: 0px; overflow: hidden;"[39m
  [36m/>[39m

  Name "Jira number for change item 300":
  [36m<input[39m
    [33maria-describedby[39m=[32m"change-item-299-jira-help"[39m
    [33maria-invalid[39m=[32m"false"[39m
    [33maria-label[39m=[32m"Jira number for change item 300"[39m
    [33mclass[39m=[32m"MuiInputBase-input MuiOutlinedInput-input css-16wblaj-MuiInputBase-input-MuiOutlinedInput-input"[39m
    [33mid[39m=[32m"_r_12d_"[39m
    [33mmaxlength[39m=[32m"50"[39m
    [33mrequired[39m=[32m""[39m
    [33mtype[39m=[32m"text"[39m
    [33mvalue[39m=[32m"JIRA-0300"[39m
  [36m/>[39m

  Name "Description for change item 300":
  [36m<textarea[39m
    [33maria-describedby[39m=[32m"change-item-299-desc-help"[39m
    [33maria-invalid[39m=[32m"false"[39m
    [33maria-label[39m=[32m"Description for change item 300"[39m
    [33mclass[39m=[32m"MuiInputBase-input MuiOutlinedInput-input css-w4nesw-MuiInputBase-input-MuiOutlinedInput-input"[39m
    [33mid[39m=[32m"_r_12e_"[39m
    [33mmaxlength[39m=[32m"500"[39m
    [33mrequired[39m=[32m""[39m
    [33mrows[39m=[32m"3"[39m
    [33mstyle[39m=[32m"height: 0px; overflow: hidden;"[39m
  [36m/>[39m

  Name "Jira number for change item 301":
  [36m<input[39m
    [33maria-describedby[39m=[32m"change-item-300-jira-help"[39m
    [33maria-invalid[39m=[32m"false"[39m
    [33maria-label[39m=[32m"Jira number for change item 301"[39m
    [33mclass[39m=[32m"MuiInputBase-input MuiOutlinedInput-input css-16wblaj-MuiInputBase-input-MuiOutlinedInput-input"[39m
    [33mid[39m=[32m"_r_12g_"[39m
    [33mmaxlength[39m=[32m"50"[39m
    [33mrequired[39m=[32m""[39m
    [33mtype[39m=[32m"text"[39m
    [33mvalue[39m=[32m"JIRA-0301"[39m
  [36m/>[39m

  Name "Description for change item 301":
  [36m<textarea[39m
    [33maria-describedby[39m=[32m"change-item-300-desc-help"[39m
    [33maria-invalid[39m=[32m"false"[39m
    [33maria-label[39m=[32m"Description for change item 301"[39m
    [33mclass[39m=[32m"MuiInputBase-input MuiOutlinedInput-input css-w4nesw-MuiInputBase-input-MuiOutlinedInput-input"[39m
    [33mid[39m=[32m"_r_12h_"[39m
    [33mmaxlength[39m=[32m"500"[39m
    [33mrequired[39m=[32m""[39m
    [33mrows[39m=[32m"3"[39m
    [33mstyle[39m=[32m"height: 0px; overflow: hidden;"[39m
  [36m/>[39m

  Name "Jira number for change item 302":
  [36m<input[39m
    [33maria-describedby[39m=[32m"change-item-301-jira-help"[39m
    [33maria-invalid[39m=[32m"false"[39m
    [33maria-label[39m=[32m"Jira number for change item 302"[39m
    [33mclass[39m=[32m"MuiInputBase-input MuiOutlinedInput-input css-16wblaj-MuiInputBase-input-MuiOutlinedInput-input"[39m
    [33mid[39m=[32m"_r_12j_"[39m
    [33mmaxlength[39m=[32m"50"[39m
    [33mrequired[39m=[32m""[39m
    [33mtype[39m=[32m"text"[39m
    [33mvalue[39m=[32m"JIRA-0302"[39m
  [36m/>[39m

  Name "Description for change item 302":
  [36m<textarea[39m
    [33maria-describedby[39m=[32m"change-item-301-desc-help"[39m
    [33maria-invalid[39m=[32m"false"[39m
    [33maria-label[39m=[32m"Description for change item 302"[39m
    [33mclass[39m=[32m"MuiInputBase-input MuiOutlinedInput-input css-w4nesw-MuiInputBase-input-MuiOutlinedInput-input"[39m
    [33mid[39m=[32m"_r_12k_"[39m
    [33mmaxlength[39m=[32m"500"[39m
    [33mrequired[39m=[32m""[39m
    [33mrows[39m=[32m"3"[39m
    [33mstyle[39m=[32m"height: 0px; overflow: hidden;"[39m
  [36m/>[39m

  Name "Jira number for change item 303":
  [36m<input[39m
    [33maria-describedby[39m=[32m"change-item-302-jira-help"[39m
    [33maria-invalid[39m=[32m"false"[39m
    [33maria-label[39m=[32m"Jira number for change item 303"[39m
    [33mclass[39m=[32m"MuiInputBase-input MuiOutlinedInput-input css-16wblaj-MuiInputBase-input-MuiOutlinedInput-input"[39m
    [33mid[39m=[32m"_r_12m_"[39m
    [33mmaxlength[39m=[32m"50"[39m
    [33mrequired[39m=[32m""[39m
    [33mtype[39m=[32m"text"[39m
    [33mvalue[39m=[32m"JIRA-0303"[39m
  [36m/>[39m

  Name "Description for change item 303":
  [36m<textarea[39m
    [33maria-describedby[39m=[32m"change-item-302-desc-help"[39m
    [33maria-invalid[39m=[32m"false"[39m
    [33maria-label[39m=[32m"Description for change item 303"[39m
    [33mclass[39m=[32m"MuiInputBase-input MuiOutlinedInput-input css-w4nesw-MuiInputBase-input-MuiOutlinedInput-input"[39m
    [33mid[39m=[32m"_r_12n_"[39m
    [33mmaxlength[39m=[32m"500"[39m
    [33mrequired[39m=[32m""[39m
    [33mrows[39m=[32m"3"[39m
    [33mstyle[39m=[32m"height: 0px; overflow: hidden;"[39m
  [36m/>[39m

  Name "Jira number for change item 304":
  [36m<input[39m
    [33maria-describedby[39m=[32m"change-item-303-jira-help"[39m
    [33maria-invalid[39m=[32m"false"[39m
    [33maria-label[39m=[32m"Jira number for change item 304"[39m
    [33mclass[39m=[32m"MuiInputBase-input MuiOutlinedInput-input css-16wblaj-MuiInputBase-input-MuiOutlinedInput-input"[39m
    [33mid[39m=[32m"_r_12p_"[39m
    [33mmaxlength[39m=[32m"50"[39m
    [33mrequired[39m=[32m""[39m
    [33mtype[39m=[32m"text"[39m
    [33mvalue[39m=[32m"JIRA-0304"[39m
  [36m/>[39m

  Name "Description for change item 304":
  [36m<textarea[39m
    [33maria-describedby[39m=[32m"change-item-303-desc-help"[39m
    [33maria-invalid[39m=[32m"false"[39m
    [33maria-label[39m=[32m"Description for change item 304"[39m
    [33mclass[39m=[32m"MuiInputBase-input MuiOutlinedInput-input css-w4nesw-MuiInputBase-input-MuiOutlinedInput-input"[39m
    [33mid[39m=[32m"_r_12q_"[39m
    [33mmaxlength[39m=[32m"500"[39m
    [33mrequired[39m=[32m""[39m
    [33mrows[39m=[32m"3"[39m
    [33mstyle[39m=[32m"height: 0px; overflow: hidden;"[39m
  [36m/>[39m

  Name "Jira number for change item 305":
  [36m<input[39m
    [33maria-describedby[39m=[32m"change-item-304-jira-help"[39m
    [33maria-invalid[39m=[32m"false"[39m
    [33maria-label[39m=[32m"Jira number for change item 305"[39m
    [33mclass[39m=[32m"MuiInputBase-input MuiOutlinedInput-input css-16wblaj-MuiInputBase-input-MuiOutlinedInput-input"[39m
    [33mid[39m=[32m"_r_12s_"[39m
    [33mmaxlength[39m=[32m"50"[39m
    [33mrequired[39m=[32m""[39m
    [33mtype[39m=[32m"text"[39m
    [33mvalue[39m=[32m"JIRA-0305"[39m
  [36m/>[39m

  Name "Description for change item 305":
  [36m<textarea[39m
    [33maria-describedby[39m=[32m"change-item-304-desc-help"[39m
    [33maria-invalid[39m=[32m"false"[39m
    [33maria-label[39m=[32m"Description for change item 305"[39m
    [33mclass[39m=[32m"MuiInputBase-input MuiOutlinedInput-input css-w4nesw-MuiInputBase-input-MuiOutlinedInput-input"[39m
    [33mid[39m=[32m"_r_12t_"[39m
    [33mmaxlength[39m=[32m"500"[39m
    [33mrequired[39m=[32m""[39m
    [33mrows[39m=[32m"3"[39m
    [33mstyle[39m=[32m"height: 0px; overflow: hidden;"[39m
  [36m/>[39m

  Name "Jira number for change item 306":
  [36m<input[39m
    [33maria-describedby[39m=[32m"change-item-305-jira-help"[39m
    [33maria-invalid[39m=[32m"false"[39m
    [33maria-label[39m=[32m"Jira number for change item 306"[39m
    [33mclass[39m=[32m"MuiInputBase-input MuiOutlinedInput-input css-16wblaj-MuiInputBase-input-MuiOutlinedInput-input"[39m
    [33mid[39m=[32m"_r_12v_"[39m
    [33mmaxlength[39m=[32m"50"[39m
    [33mrequired[39m=[32m""[39m
    [33mtype[39m=[32m"text"[39m
    [33mvalue[39m=[32m"JIRA-0306"[39m
  [36m/>[39m

  Name "Description for change item 306":
  [36m<textarea[39m
    [33maria-describedby[39m=[32m"change-item-305-desc-help"[39m
    [33maria-invalid[39m=[32m"false"[39m
    [33maria-label[39m=[32m"Description for change item 306"[39m
    [33mclass[39m=[32m"MuiInputBase-input MuiOutlinedInput-input css-w4nesw-MuiInputBase-input-MuiOutlinedInput-input"[39m
    [33mid[39m=[32m"_r_130_"[39m
    [33mmaxlength[39m=[32m"500"[39m
    [33mrequired[39m=[32m""[39m
    [33mrows[39m=[32m"3"[39m
    [33mstyle[39m=[32m"height: 0px; overflow: hidden;"[39m
  [36m/>[39m

  Name "Jira number for change item 307":
  [36m<input[39m
    [33maria-describedby[39m=[32m"change-item-306-jira-help"[39m
    [33maria-invalid[39m=[32m"false"[39m
    [33maria-label[39m=[32m"Jira number for change item 307"[39m
    [33mclass[39m=[32m"MuiInputBase-input MuiOutlinedInput-input css-16wblaj-MuiInputBase-input-MuiOutlinedInput-input"[39m
    [33mid[39m=[32m"_r_132_"[39m
    [33mmaxlength[39m=[32m"50"[39m
    [33mrequired[39m=[32m""[39m
    [33mtype[39m=[32m"text"[39m
    [33mvalue[39m=[32m"JIRA-0307"[39m
  [36m/>[39m

  Name "Description for change item 307":
  [36m<textarea[39m
    [33maria-describedby[39m=[32m"change-item-306-desc-help"[39m
    [33maria-invalid[39m=[32m"false"[39m
    [33maria-label[39m=[32m"Description for change item 307"[39m
    [33mclass[39m=[32m"MuiInputBase-input MuiOutlinedInput-input css-w4nesw-MuiInputBase-input-MuiOutlinedInput-input"[39m
    [33mid[39m=[32m"_r_133_"[39m
    [33mmaxlength[39m=[32m"500"[39m
    [33mrequired[39m=[32m""[39m
    [33mrows[39m=[32m"3"[39m
    [33mstyle[39m=[32m"height: 0px; overflow: hidden;"[39m
  [36m/>[39m

  Name "Jira number for change item 308":
  [36m<input[39m
    [33maria-describedby[39m=[32m"change-item-307-jira-help"[39m
    [33maria-invalid[39m=[32m"false"[39m
    [33maria-label[39m=[32m"Jira number for change item 308"[39m
    [33mclass[39m=[32m"MuiInputBase-input MuiOutlinedInput-input css-16wblaj-MuiInputBase-input-MuiOutlinedInput-input"[39m
    [33mid[39m=[32m"_r_135_"[39m
    [33mmaxlength[39m=[32m"50"[39m
    [33mrequired[39m=[32m""[39m
    [33mtype[39m=[32m"text"[39m
    [33mvalue[39m=[32m"JIRA-0308"[39m
  [36m/>[39m

  Name "Description for change item 308":
  [36m<textarea[39m
    [33maria-describedby[39m=[32m"change-item-307-desc-help"[39m
    [33maria-invalid[39m=[32m"false"[39m
    [33maria-label[39m=[32m"Description for change item 308"[39m
    [33mclass[39m=[32m"MuiInputBase-input MuiOutlinedInput-input css-w4nesw-MuiInputBase-input-MuiOutlinedInput-input"[39m
    [33mid[39m=[32m"_r_136_"[39m
    [33mmaxlength[39m=[32m"500"[39m
    [33mrequired[39m=[32m""[39m
    [33mrows[39m=[32m"3"[39m
    [33mstyle[39m=[32m"height: 0px; overflow: hidden;"[39m
  [36m/>[39m

  Name "Jira number for change item 309":
  [36m<input[39m
    [33maria-describedby[39m=[32m"change-item-308-jira-help"[39m
    [33maria-invalid[39m=[32m"false"[39m
    [33maria-label[39m=[32m"Jira number for change item 309"[39m
    [33mclass[39m=[32m"MuiInputBase-input MuiOutlinedInput-input css-16wblaj-MuiInputBase-input-MuiOutlinedInput-input"[39m
    [33mid[39m=[32m"_r_138_"[39m
    [33mmaxlength[39m=[32m"50"[39m
    [33mrequired[39m=[32m""[39m
    [33mtype[39m=[32m"text"[39m
    [33mvalue[39m=[32m"JIRA-0309"[39m
  [36m/>[39m

  Name "Description for change item 309":
  [36m<textarea[39m
    [33maria-describedby[39m=[32m"change-item-308-desc-help"[39m
    [33maria-invalid[39m=[32m"false"[39m
    [33maria-label[39m=[32m"Description for change item 309"[39m
    [33mclass[39m=[32m"MuiInputBase-input MuiOutlinedInput-input css-w4nesw-MuiInputBase-input-MuiOutlinedInput-input"[39m
    [33mid[39m=[32m"_r_139_"[39m
    [33mmaxlength[39m=[32m"500"[39m
    [33mrequired[39m=[32m""[39m
    [33mrows[39m=[32m"3"[39m
    [33mstyle[39m=[32m"height: 0px; overflow: hidden;"[39m
  [36m/>[39m

  Name "Jira number for change item 310":
  [36m<input[39m
    [33maria-describedby[39m=[32m"change-item-309-jira-help"[39m
    [33maria-invalid[39m=[32m"false"[39m
    [33maria-label[39m=[32m"Jira number for change item 310"[39m
    [33mclass[39m=[32m"MuiInputBase-input MuiOutlinedInput-input css-16wblaj-MuiInputBase-input-MuiOutlinedInput-input"[39m
    [33mid[39m=[32m"_r_13b_"[39m
    [33mmaxlength[39m=[32m"50"[39m
    [33mrequired[39m=[32m""[39m
    [33mtype[39m=[32m"text"[39m
    [33mvalue[39m=[32m"JIRA-0310"[39m
  [36m/>[39m

  Name "Description for change item 310":
  [36m<textarea[39m
    [33maria-describedby[39m=[32m"change-item-309-desc-help"[39m
    [33maria-invalid[39m=[32m"false"[39m
    [33maria-label[39m=[32m"Description for change item 310"[39m
    [33mclass[39m=[32m"MuiInputBase-input MuiOutlinedInput-input css-w4nesw-MuiInputBase-input-MuiOutlinedInput-input"[39m
    [33mid[39m=[32m"_r_13c_"[39m
    [33mmaxlength[39m=[32m"500"[39m
    [33mrequired[39m=[32m""[39m
    [33mrows[39m=[32m"3"[39m
    [33mstyle[39m=[32m"height: 0px; overflow: hidden;"[39m
  [36m/>[39m

  Name "Jira number for change item 311":
  [36m<input[39m
    [33maria-describedby[39m=[32m"change-item-310-jira-help"[39m
    [33maria-invalid[39m=[32m"false"[39m
    [33maria-label[39m=[32m"Jira number for change item 311"[39m
    [33mclass[39m=[32m"MuiInputBase-input MuiOutlinedInput-input css-16wblaj-MuiInputBase-input-MuiOutlinedInput-input"[39m
    [33mid[39m=[32m"_r_13e_"[39m
    [33mmaxlength[39m=[32m"50"[39m
    [33mrequired[39m=[32m""[39m
    [33mtype[39m=[32m"text"[39m
    [33mvalue[39m=[32m"JIRA-0311"[39m
  [36m/>[39m

  Name "Description for change item 311":
  [36m<textarea[39m
    [33maria-describedby[39m=[32m"change-item-310-desc-help"[39m
    [33maria-invalid[39m=[32m"false"[39m
    [33maria-label[39m=[32m"Description for change item 311"[39m
    [33mclass[39m=[32m"MuiInputBase-input MuiOutlinedInput-input css-w4nesw-MuiInputBase-input-MuiOutlinedInput-input"[39m
    [33mid[39m=[32m"_r_13f_"[39m
    [33mmaxlength[39m=[32m"500"[39m
    [33mrequired[39m=[32m""[39m
    [33mrows[39m=[32m"3"[39m
    [33mstyle[39m=[32m"height: 0px; overflow: hidden;"[39m
  [36m/>[39m

  Name "Jira number for change item 312":
  [36m<input[39m
    [33maria-describedby[39m=[32m"change-item-311-jira-help"[39m
    [33maria-invalid[39m=[32m"false"[39m
    [33maria-label[39m=[32m"Jira number for change item 312"[39m
    [33mclass[39m=[32m"MuiInputBase-input MuiOutlinedInput-input css-16wblaj-MuiInputBase-input-MuiOutlinedInput-input"[39m
    [33mid[39m=[32m"_r_13h_"[39m
    [33mmaxlength[39m=[32m"50"[39m
    [33mrequired[39m=[32m""[39m
    [33mtype[39m=[32m"text"[39m
    [33mvalue[39m=[32m"JIRA-0312"[39m
  [36m/>[39m

  Name "Description for change item 312":
  [36m<textarea[39m
    [33maria-describedby[39m=[32m"change-item-311-desc-help"[39m
    [33maria-invalid[39m=[32m"false"[39m
    [33maria-label[39m=[32m"Description for change item 312"[39m
    [33mclass[39m=[32m"MuiInputBase-input MuiOutlinedInput-input css-w4nesw-MuiInputBase-input-MuiOutlinedInput-input"[39m
    [33mid[39m=[32m"_r_13i_"[39m
    [33mmaxlength[39m=[32m"500"[39m
    [33mrequired[39m=[32m""[39m
    [33mrows[39m=[32m"3"[39m
    [33mstyle[39m=[32m"height: 0px; overflow: hidden;"[39m
  [36m/>[39m

  Name "Jira number for change item 313":
  [36m<input[39m
    [33maria-describedby[39m=[32m"change-item-312-jira-help"[39m
    [33maria-invalid[39m=[32m"false"[39m
    [33maria-label[39m=[32m"Jira number for change item 313"[39m
    [33mclass[39m=[32m"MuiInputBase-input MuiOutlinedInput-input css-16wblaj-MuiInputBase-input-MuiOutlinedInput-input"[39m
    [33mid[39m=[32m"_r_13k_"[39m
    [33mmaxlength[39m=[32m"50"[39m
    [33mrequired[39m=[32m""[39m
    [33mtype[39m=[32m"text"[39m
    [33mvalue[39m=[32m"JIRA-0313"[39m
  [36m/>[39m

  Name "Description for change item 313":
  [36m<textarea[39m
    [33maria-describedby[39m=[32m"change-item-312-desc-help"[39m
    [33maria-invalid[39m=[32m"false"[39m
    [33maria-label[39m=[32m"Description for change item 313"[39m
    [33mclass[39m=[32m"MuiInputBase-input MuiOutlinedInput-input css-w4nesw-MuiInputBase-input-MuiOutlinedInput-input"[39m
    [33mid[39m=[32m"_r_13l_"[39m
    [33mmaxlength[39m=[32m"500"[39m
    [33mrequired[39m=[32m""[39m
    [33mrows[39m=[32m"3"[39m
    [33mstyle[39m=[32m"height: 0px; overflow: hidden;"[39m
  [36m/>[39m

  Name "Jira number for change item 314":
  [36m<input[39m
    [33maria-describedby[39m=[32m"change-item-313-jira-help"[39m
    [33maria-invalid[39m=[32m"false"[39m
    [33maria-label[39m=[32m"Jira number for change item 314"[39m
    [33mclass[39m=[32m"MuiInputBase-input MuiOutlinedInput-input css-16wblaj-MuiInputBase-input-MuiOutlinedInput-input"[39m
    [33mid[39m=[32m"_r_13n_"[39m
    [33mmaxlength[39m=[32m"50"[39m
    [33mrequired[39m=[32m""[39m
    [33mtype[39m=[32m"text"[39m
    [33mvalue[39m=[32m"JIRA-0314"[39m
  [36m/>[39m

  Name "Description for change item 314":
  [36m<textarea[39m
    [33maria-describedby[39m=[32m"change-item-313-desc-help"[39m
    [33maria-invalid[39m=[32m"false"[39m
    [33maria-label[39m=[32m"Description for change item 314"[39m
    [33mclass[39m=[32m"MuiInputBase-input MuiOutlinedInput-input css-w4nesw-MuiInputBase-input-MuiOutlinedInput-input"[39m
    [33mid[39m=[32m"_r_13o_"[39m
    [33mmaxlength[39m=[32m"500"[39m
    [33mrequired[39m=[32m""[39m
    [33mrows[39m=[32m"3"[39m
    [33mstyle[39m=[32m"height: 0px; overflow: hidden;"[39m
  [36m/>[39m

  Name "Jira number for change item 315":
  [36m<input[39m
    [33maria-describedby[39m=[32m"change-item-314-jira-help"[39m
    [33maria-invalid[39m=[32m"false"[39m
    [33maria-label[39m=[32m"Jira number for change item 315"[39m
    [33mclass[39m=[32m"MuiInputBase-input MuiOutlinedInput-input css-16wblaj-MuiInputBase-input-MuiOutlinedInput-input"[39m
    [33mid[39m=[32m"_r_13q_"[39m
    [33mmaxlength[39m=[32m"50"[39m
    [33mrequired[39m=[32m""[39m
    [33mtype[39m=[32m"text"[39m
    [33mvalue[39m=[32m"JIRA-0315"[39m
  [36m/>[39m

  Name "Description for change item 315":
  [36m<textarea[39m
    [33maria-describedby[39m=[32m"change-item-314-desc-help"[39m
    [33maria-invalid[39m=[32m"false"[39m
    [33maria-label[39m=[32m"Description for change item 315"[39m
    [33mclass[39m=[32m"MuiInputBase-input MuiOutlinedInput-input css-w4nesw-MuiInputBase-input-MuiOutlinedInput-input"[39m
    [33mid[39m=[32m"_r_13r_"[39m
    [33mmaxlength[39m=[32m"500"[39m
    [33mrequired[39m=[32m""[39m
    [33mrows[39m=[32m"3"[39m
    [33mstyle[39m=[32m"height: 0px; overflow: hidden;"[39m
  [36m/>[39m

  Name "Jira number for change item 316":
  [36m<input[39m
    [33maria-describedby[39m=[32m"change-item-315-jira-help"[39m
    [33maria-invalid[39m=[32m"false"[39m
    [33maria-label[39m=[32m"Jira number for change item 316"[39m
    [33mclass[39m=[32m"MuiInputBase-input MuiOutlinedInput-input css-16wblaj-MuiInputBase-input-MuiOutlinedInput-input"[39m
    [33mid[39m=[32m"_r_13t_"[39m
    [33mmaxlength[39m=[32m"50"[39m
    [33mrequired[39m=[32m""[39m
    [33mtype[39m=[32m"text"[39m
    [33mvalue[39m=[32m"JIRA-0316"[39m
  [36m/>[39m

  Name "Description for change item 316":
  [36m<textarea[39m
    [33maria-describedby[39m=[32m"change-item-315-desc-help"[39m
    [33maria-invalid[39m=[32m"false"[39m
    [33maria-label[39m=[32m"Description for change item 316"[39m
    [33mclass[39m=[32m"MuiInputBase-input MuiOutlinedInput-input css-w4nesw-MuiInputBase-input-MuiOutlinedInput-input"[39m
    [33mid[39m=[32m"_r_13u_"[39m
    [33mmaxlength[39m=[32m"500"[39m
    [33mrequired[39m=[32m""[39m
    [33mrows[39m=[32m"3"[39m
    [33mstyle[39m=[32m"height: 0px; overflow: hidden;"[39m
  [36m/>[39m

  Name "Jira number for change item 317":
  [36m<input[39m
    [33maria-describedby[39m=[32m"change-item-316-jira-help"[39m
    [33maria-invalid[39m=[32m"false"[39m
    [33maria-label[39m=[32m"Jira number for change item 317"[39m
    [33mclass[39m=[32m"MuiInputBase-input MuiOutlinedInput-input css-16wblaj-MuiInputBase-input-MuiOutlinedInput-input"[39m
    [33mid[39m=[32m"_r_140_"[39m
    [33mmaxlength[39m=[32m"50"[39m
    [33mrequired[39m=[32m""[39m
    [33mtype[39m=[32m"text"[39m
    [33mvalue[39m=[32m"JIRA-0317"[39m
  [36m/>[39m

  Name "Description for change item 317":
  [36m<textarea[39m
    [33maria-describedby[39m=[32m"change-item-316-desc-help"[39m
    [33maria-invalid[39m=[32m"false"[39m
    [33maria-label[39m=[32m"Description for change item 317"[39m
    [33mclass[39m=[32m"MuiInputBase-input MuiOutlinedInput-input css-w4nesw-MuiInputBase-input-MuiOutlinedInput-input"[39m
    [33mid[39m=[32m"_r_141_"[39m
    [33mmaxlength[39m=[32m"500"[39m
    [33mrequired[39m=[32m""[39m
    [33mrows[39m=[32m"3"[39m
    [33mstyle[39m=[32m"height: 0px; overflow: hidden;"[39m
  [36m/>[39m

  Name "Jira number for change item 318":
  [36m<input[39m
    [33maria-describedby[39m=[32m"change-item-317-jira-help"[39m
    [33maria-invalid[39m=[32m"false"[39m
    [33maria-label[39m=[32m"Jira number for change item 318"[39m
    [33mclass[39m=[32m"MuiInputBase-input MuiOutlinedInput-input css-16wblaj-MuiInputBase-input-MuiOutlinedInput-input"[39m
    [33mid[39m=[32m"_r_143_"[39m
    [33mmaxlength[39m=[32m"50"[39m
    [33mrequired[39m=[32m""[39m
    [33mtype[39m=[32m"text"[39m
    [33mvalue[39m=[32m"JIRA-0318"[39m
  [36m/>[39m

  Name "Description for change item 318":
  [36m<textarea[39m
    [33maria-describedby[39m=[32m"change-item-317-desc-help"[39m
    [33maria-invalid[39m=[32m"false"[39m
    [33maria-label[39m=[32m"Description for change item 318"[39m
    [33mclass[39m=[32m"MuiInputBase-input MuiOutlinedInput-input css-w4nesw-MuiInputBase-input-MuiOutlinedInput-input"[39m
    [33mid[39m=[32m"_r_144_"[39m
    [33mmaxlength[39m=[32m"500"[39m
    [33mrequired[39m=[32m""[39m
    [33mrows[39m=[32m"3"[39m
    [33mstyle[39m=[32m"height: 0px; overflow: hidden;"[39m
  [36m/>[39m

  Name "Jira number for change item 319":
  [36m<input[39m
    [33maria-describedby[39m=[32m"change-item-318-jira-help"[39m
    [33maria-invalid[39m=[32m"false"[39m
    [33maria-label[39m=[32m"Jira number for change item 319"[39m
    [33mclass[39m=[32m"MuiInputBase-input MuiOutlinedInput-input css-16wblaj-MuiInputBase-input-MuiOutlinedInput-input"[39m
    [33mid[39m=[32m"_r_146_"[39m
    [33mmaxlength[39m=[32m"50"[39m
    [33mrequired[39m=[32m""[39m
    [33mtype[39m=[32m"text"[39m
    [33mvalue[39m=[32m"JIRA-0319"[39m
  [36m/>[39m

  Name "Description for change item 319":
  [36m<textarea[39m
    [33maria-describedby[39m=[32m"change-item-318-desc-help"[39m
    [33maria-invalid[39m=[32m"false"[39m
    [33maria-label[39m=[32m"Description for change item 319"[39m
    [33mclass[39m=[32m"MuiInputBase-input MuiOutlinedInput-input css-w4nesw-MuiInputBase-input-MuiOutlinedInput-input"[39m
    [33mid[39m=[32m"_r_147_"[39m
    [33mmaxlength[39m=[32m"500"[39m
    [33mrequired[39m=[32m""[39m
    [33mrows[39m=[32m"3"[39m
    [33mstyle[39m=[32m"height: 0px; overflow: hidden;"[39m
  [36m/>[39m

  Name "Jira number for change item 320":
  [36m<input[39m
    [33maria-describedby[39m=[32m"change-item-319-jira-help"[39m
    [33maria-invalid[39m=[32m"false"[39m
    [33maria-label[39m=[32m"Jira number for change item 320"[39m
    [33mclass[39m=[32m"MuiInputBase-input MuiOutlinedInput-input css-16wblaj-MuiInputBase-input-MuiOutlinedInput-input"[39m
    [33mid[39m=[32m"_r_149_"[39m
    [33mmaxlength[39m=[32m"50"[39m
    [33mrequired[39m=[32m""[39m
    [33mtype[39m=[32m"text"[39m
    [33mvalue[39m=[32m"JIRA-0320"[39m
  [36m/>[39m

  Name "Description for change item 320":
  [36m<textarea[39m
    [33maria-describedby[39m=[32m"change-item-319-desc-help"[39m
    [33maria-invalid[39m=[32m"false"[39m
    [33maria-label[39m=[32m"Description for change item 320"[39m
    [33mclass[39m=[32m"MuiInputBase-input MuiOutlinedInput-input css-w4nesw-MuiInputBase-input-MuiOutlinedInput-input"[39m
    [33mid[39m=[32m"_r_14a_"[39m
    [33mmaxlength[39m=[32m"500"[39m
    [33mrequired[39m=[32m""[39m
    [33mrows[39m=[32m"3"[39m
    [33mstyle[39m=[32m"height: 0px; overflow: hidden;"[39m
  [36m/>[39m

  Name "Jira number for change item 321":
  [36m<input[39m
    [33maria-describedby[39m=[32m"change-item-320-jira-help"[39m
    [33maria-invalid[39m=[32m"false"[39m
    [33maria-label[39m=[32m"Jira number for change item 321"[39m
    [33mclass[39m=[32m"MuiInputBase-input MuiOutlinedInput-input css-16wblaj-MuiInputBase-input-MuiOutlinedInput-input"[39m
    [33mid[39m=[32m"_r_14c_"[39m
    [33mmaxlength[39m=[32m"50"[39m
    [33mrequired[39m=[32m""[39m
    [33mtype[39m=[32m"text"[39m
    [33mvalue[39m=[32m"JIRA-0321"[39m
  [36m/>[39m

  Name "Description for change item 321":
  [36m<textarea[39m
    [33maria-describedby[39m=[32m"change-item-320-desc-help"[39m
    [33maria-invalid[39m=[32m"false"[39m
    [33maria-label[39m=[32m"Description for change item 321"[39m
    [33mclass[39m=[32m"MuiInputBase-input MuiOutlinedInput-input css-w4nesw-MuiInputBase-input-MuiOutlinedInput-input"[39m
    [33mid[39m=[32m"_r_14d_"[39m
    [33mmaxlength[39m=[32m"500"[39m
    [33mrequired[39m=[32m""[39m
    [33mrows[39m=[32m"3"[39m
    [33mstyle[39m=[32m"height: 0px; overflow: hidden;"[39m
  [36m/>[39m

  Name "Jira number for change item 322":
  [36m<input[39m
    [33maria-describedby[39m=[32m"change-item-321-jira-help"[39m
    [33maria-invalid[39m=[32m"false"[39m
    [33maria-label[39m=[32m"Jira number for change item 322"[39m
    [33mclass[39m=[32m"MuiInputBase-input MuiOutlinedInput-input css-16wblaj-MuiInputBase-input-MuiOutlinedInput-input"[39m
    [33mid[39m=[32m"_r_14f_"[39m
    [33mmaxlength[39m=[32m"50"[39m
    [33mrequired[39m=[32m""[39m
    [33mtype[39m=[32m"text"[39m
    [33mvalue[39m=[32m"JIRA-0322"[39m
  [36m/>[39m

  Name "Description for change item 322":
  [36m<textarea[39m
    [33maria-describedby[39m=[32m"change-item-321-desc-help"[39m
    [33maria-invalid[39m=[32m"false"[39m
    [33maria-label[39m=[32m"Description for change item 322"[39m
    [33mclass[39m=[32m"MuiInputBase-input MuiOutlinedInput-input css-w4nesw-MuiInputBase-input-MuiOutlinedInput-input"[39m
    [33mid[39m=[32m"_r_14g_"[39m
    [33mmaxlength[39m=[32m"500"[39m
    [33mrequired[39m=[32m""[39m
    [33mrows[39m=[32m"3"[39m
    [33mstyle[39m=[32m"height: 0px; overflow: hidden;"[39m
  [36m/>[39m

  Name "Jira number for change item 323":
  [36m<input[39m
    [33maria-describedby[39m=[32m"change-item-322-jira-help"[39m
    [33maria-invalid[39m=[32m"false"[39m
    [33maria-label[39m=[32m"Jira number for change item 323"[39m
    [33mclass[39m=[32m"MuiInputBase-input MuiOutlinedInput-input css-16wblaj-MuiInputBase-input-MuiOutlinedInput-input"[39m
    [33mid[39m=[32m"_r_14i_"[39m
    [33mmaxlength[39m=[32m"50"[39m
    [33mrequired[39m=[32m""[39m
    [33mtype[39m=[32m"text"[39m
    [33mvalue[39m=[32m"JIRA-0323"[39m
  [36m/>[39m

  Name "Description for change item 323":
  [36m<textarea[39m
    [33maria-describedby[39m=[32m"change-item-322-desc-help"[39m
    [33maria-invalid[39m=[32m"false"[39m
    [33maria-label[39m=[32m"Description for change item 323"[39m
    [33mclass[39m=[32m"MuiInputBase-input MuiOutlinedInput-input css-w4nesw-MuiInputBase-input-MuiOutlinedInput-input"[39m
    [33mid[39m=[32m"_r_14j_"[39m
    [33mmaxlength[39m=[32m"500"[39m
    [33mrequired[39m=[32m""[39m
    [33mrows[39m=[32m"3"[39m
    [33mstyle[39m=[32m"height: 0px; overflow: hidden;"[39m
  [36m/>[39m

  Name "Jira number for change item 324":
  [36m<input[39m
    [33maria-describedby[39m=[32m"change-item-323-jira-help"[39m
    [33maria-invalid[39m=[32m"false"[39m
    [33maria-label[39m=[32m"Jira number for change item 324"[39m
    [33mclass[39m=[32m"MuiInputBase-input MuiOutlinedInput-input css-16wblaj-MuiInputBase-input-MuiOutlinedInput-input"[39m
    [33mid[39m=[32m"_r_14l_"[39m
    [33mmaxlength[39m=[32m"50"[39m
    [33mrequired[39m=[32m""[39m
    [33mtype[39m=[32m"text"[39m
    [33mvalue[39m=[32m"JIRA-0324"[39m
  [36m/>[39m

  Name "Description for change item 324":
  [36m<textarea[39m
    [33maria-describedby[39m=[32m"change-item-323-desc-help"[39m
    [33maria-invalid[39m=[32m"false"[39m
    [33maria-label[39m=[32m"Description for change item 324"[39m
    [33mclass[39m=[32m"MuiInputBase-input MuiOutlinedInput-input css-w4nesw-MuiInputBase-input-MuiOutlinedInput-input"[39m
    [33mid[39m=[32m"_r_14m_"[39m
    [33mmaxlength[39m=[32m"500"[39m
    [33mrequired[39m=[32m""[39m
    [33mrows[39m=[32m"3"[39m
    [33mstyle[39m=[32m"height: 0px; overflow: hidden;"[39m
  [36m/>[39m

  Name "Jira number for change item 325":
  [36m<input[39m
    [33maria-describedby[39m=[32m"change-item-324-jira-help"[39m
    [33maria-invalid[39m=[32m"false"[39m
    [33maria-label[39m=[32m"Jira number for change item 325"[39m
    [33mclass[39m=[32m"MuiInputBase-input MuiOutlinedInput-input css-16wblaj-MuiInputBase-input-MuiOutlinedInput-input"[39m
    [33mid[39m=[32m"_r_14o_"[39m
    [33mmaxlength[39m=[32m"50"[39m
    [33mrequired[39m=[32m""[39m
    [33mtype[39m=[32m"text"[39m
    [33mvalue[39m=[32m"JIRA-0325"[39m
  [36m/>[39m

  Name "Description for change item 325":
  [36m<textarea[39m
    [33maria-describedby[39m=[32m"change-item-324-desc-help"[39m
    [33maria-invalid[39m=[32m"false"[39m
    [33maria-label[39m=[32m"Description for change item 325"[39m
    [33mclass[39m=[32m"MuiInputBase-input MuiOutlinedInput-input css-w4nesw-MuiInputBase-input-MuiOutlinedInput-input"[39m
    [33mid[39m=[32m"_r_14p_"[39m
    [33mmaxlength[39m=[32m"500"[39m
    [33mrequired[39m=[32m""[39m
    [33mrows[39m=[32m"3"[39m
    [33mstyle[39m=[32m"height: 0px; overflow: hidden;"[39m
  [36m/>[39m

  Name "Jira number for change item 326":
  [36m<input[39m
    [33maria-describedby[39m=[32m"change-item-325-jira-help"[39m
    [33maria-invalid[39m=[32m"false"[39m
    [33maria-label[39m=[32m"Jira number for change item 326"[39m
    [33mclass[39m=[32m"MuiInputBase-input MuiOutlinedInput-input css-16wblaj-MuiInputBase-input-MuiOutlinedInput-input"[39m
    [33mid[39m=[32m"_r_14r_"[39m
    [33mmaxlength[39m=[32m"50"[39m
    [33mrequired[39m=[32m""[39m
    [33mtype[39m=[32m"text"[39m
    [33mvalue[39m=[32m"JIRA-0326"[39m
  [36m/>[39m

  Name "Description for change item 326":
  [36m<textarea[39m
    [33maria-describedby[39m=[32m"change-item-325-desc-help"[39m
    [33maria-invalid[39m=[32m"false"[39m
    [33maria-label[39m=[32m"Description for change item 326"[39m
    [33mclass[39m=[32m"MuiInputBase-input MuiOutlinedInput-input css-w4nesw-MuiInputBase-input-MuiOutlinedInput-input"[39m
    [33mid[39m=[32m"_r_14s_"[39m
    [33mmaxlength[39m=[32m"500"[39m
    [33mrequired[39m=[32m""[39m
    [33mrows[39m=[32m"3"[39m
    [33mstyle[39m=[32m"height: 0px; overflow: hidden;"[39m
  [36m/>[39m

  Name "Jira number for change item 327":
  [36m<input[39m
    [33maria-describedby[39m=[32m"change-item-326-jira-help"[39m
    [33maria-invalid[39m=[32m"false"[39m
    [33maria-label[39m=[32m"Jira number for change item 327"[39m
    [33mclass[39m=[32m"MuiInputBase-input MuiOutlinedInput-input css-16wblaj-MuiInputBase-input-MuiOutlinedInput-input"[39m
    [33mid[39m=[32m"_r_14u_"[39m
    [33mmaxlength[39m=[32m"50"[39m
    [33mrequired[39m=[32m""[39m
    [33mtype[39m=[32m"text"[39m
    [33mvalue[39m=[32m"JIRA-0327"[39m
  [36m/>[39m

  Name "Description for change item 327":
  [36m<textarea[39m
    [33maria-describedby[39m=[32m"change-item-326-desc-help"[39m
    [33maria-invalid[39m=[32m"false"[39m
    [33maria-label[39m=[32m"Description for change item 327"[39m
    [33mclass[39m=[32m"MuiInputBase-input MuiOutlinedInput-input css-w4nesw-MuiInputBase-input-MuiOutlinedInput-input"[39m
    [33mid[39m=[32m"_r_14v_"[39m
    [33mmaxlength[39m=[32m"500"[39m
    [33mrequired[39m=[32m""[39m
    [33mrows[39m=[32m"3"[39m
    [33mstyle[39m=[32m"height: 0px; overflow: hidden;"[39m
  [36m/>[39m

  Name "Jira number for change item 328":
  [36m<input[39m
    [33maria-describedby[39m=[32m"change-item-327-jira-help"[39m
    [33maria-invalid[39m=[32m"false"[39m
    [33maria-label[39m=[32m"Jira number for change item 328"[39m
    [33mclass[39m=[32m"MuiInputBase-input MuiOutlinedInput-input css-16wblaj-MuiInputBase-input-MuiOutlinedInput-input"[39m
    [33mid[39m=[32m"_r_151_"[39m
    [33mmaxlength[39m=[32m"50"[39m
    [33mrequired[39m=[32m""[39m
    [33mtype[39m=[32m"text"[39m
    [33mvalue[39m=[32m"JIRA-0328"[39m
  [36m/>[39m

  Name "Description for change item 328":
  [36m<textarea[39m
    [33maria-describedby[39m=[32m"change-item-327-desc-help"[39m
    [33maria-invalid[39m=[32m"false"[39m
    [33maria-label[39m=[32m"Description for change item 328"[39m
    [33mclass[39m=[32m"MuiInputBase-input MuiOutlinedInput-input css-w4nesw-MuiInputBase-input-MuiOutlinedInput-input"[39m
    [33mid[39m=[32m"_r_152_"[39m
    [33mmaxlength[39m=[32m"500"[39m
    [33mrequired[39m=[32m""[39m
    [33mrows[39m=[32m"3"[39m
    [33mstyle[39m=[32m"height: 0px; overflow: hidden;"[39m
  [36m/>[39m

  Name "Jira number for change item 329":
  [36m<input[39m
    [33maria-describedby[39m=[32m"change-item-328-jira-help"[39m
    [33maria-invalid[39m=[32m"false"[39m
    [33maria-label[39m=[32m"Jira number for change item 329"[39m
    [33mclass[39m=[32m"MuiInputBase-input MuiOutlinedInput-input css-16wblaj-MuiInputBase-input-MuiOutlinedInput-input"[39m
    [33mid[39m=[32m"_r_154_"[39m
    [33mmaxlength[39m=[32m"50"[39m
    [33mrequired[39m=[32m""[39m
    [33mtype[39m=[32m"text"[39m
    [33mvalue[39m=[32m"JIRA-0329"[39m
  [36m/>[39m

  Name "Description for change item 329":
  [36m<textarea[39m
    [33maria-describedby[39m=[32m"change-item-328-desc-help"[39m
    [33maria-invalid[39m=[32m"false"[39m
    [33maria-label[39m=[32m"Description for change item 329"[39m
    [33mclass[39m=[32m"MuiInputBase-input MuiOutlinedInput-input css-w4nesw-MuiInputBase-input-MuiOutlinedInput-input"[39m
    [33mid[39m=[32m"_r_155_"[39m
    [33mmaxlength[39m=[32m"500"[39m
    [33mrequired[39m=[32m""[39m
    [33mrows[39m=[32m"3"[39m
    [33mstyle[39m=[32m"height: 0px; overflow: hidden;"[39m
  [36m/>[39m

  Name "Jira number for change item 330":
  [36m<input[39m
    [33maria-describedby[39m=[32m"change-item-329-jira-help"[39m
    [33maria-invalid[39m=[32m"false"[39m
    [33maria-label[39m=[32m"Jira number for change item 330"[39m
    [33mclass[39m=[32m"MuiInputBase-input MuiOutlinedInput-input css-16wblaj-MuiInputBase-input-MuiOutlinedInput-input"[39m
    [33mid[39m=[32m"_r_157_"[39m
    [33mmaxlength[39m=[32m"50"[39m
    [33mrequired[39m=[32m""[39m
    [33mtype[39m=[32m"text"[39m
    [33mvalue[39m=[32m"JIRA-0330"[39m
  [36m/>[39m

  Name "Description for change item 330":
  [36m<textarea[39m
    [33maria-describedby[39m=[32m"change-item-329-desc-help"[39m
    [33maria-invalid[39m=[32m"false"[39m
    [33maria-label[39m=[32m"Description for change item 330"[39m
    [33mclass[39m=[32m"MuiInputBase-input MuiOutlinedInput-input css-w4nesw-MuiInputBase-input-MuiOutlinedInput-input"[39m
    [33mid[39m=[32m"_r_158_"[39m
    [33mmaxlength[39m=[32m"500"[39m
    [33mrequired[39m=[32m""[39m
    [33mrows[39m=[32m"3"[39m
    [33mstyle[39m=[32m"height: 0px; overflow: hidden;"[39m
  [36m/>[39m

  Name "Jira number for change item 331":
  [36m<input[39m
    [33maria-describedby[39m=[32m"change-item-330-jira-help"[39m
    [33maria-invalid[39m=[32m"false"[39m
    [33maria-label[39m=[32m"Jira number for change item 331"[39m
    [33mclass[39m=[32m"MuiInputBase-input MuiOutlinedInput-input css-16wblaj-MuiInputBase-input-MuiOutlinedInput-input"[39m
    [33mid[39m=[32m"_r_15a_"[39m
    [33mmaxlength[39m=[32m"50"[39m
    [33mrequired[39m=[32m""[39m
    [33mtype[39m=[32m"text"[39m
    [33mvalue[39m=[32m"JIRA-0331"[39m
  [36m/>[39m

  Name "Description for change item 331":
  [36m<textarea[39m
    [33maria-describedby[39m=[32m"change-item-330-desc-help"[39m
    [33maria-invalid[39m=[32m"false"[39m
    [33maria-label[39m=[32m"Description for change item 331"[39m
    [33mclass[39m=[32m"MuiInputBase-input MuiOutlinedInput-input css-w4nesw-MuiInputBase-input-MuiOutlinedInput-input"[39m
    [33mid[39m=[32m"_r_15b_"[39m
    [33mmaxlength[39m=[32m"500"[39m
    [33mrequired[39m=[32m""[39m
    [33mrows[39m=[32m"3"[39m
    [33mstyle[39m=[32m"height: 0px; overflow: hidden;"[39m
  [36m/>[39m

  Name "Jira number for change item 332":
  [36m<input[39m
    [33maria-describedby[39m=[32m"change-item-331-jira-help"[39m
    [33maria-invalid[39m=[32m"false"[39m
    [33maria-label[39m=[32m"Jira number for change item 332"[39m
    [33mclass[39m=[32m"MuiInputBase-input MuiOutlinedInput-input css-16wblaj-MuiInputBase-input-MuiOutlinedInput-input"[39m
    [33mid[39m=[32m"_r_15d_"[39m
    [33mmaxlength[39m=[32m"50"[39m
    [33mrequired[39m=[32m""[39m
    [33mtype[39m=[32m"text"[39m
    [33mvalue[39m=[32m"JIRA-0332"[39m
  [36m/>[39m

  Name "Description for change item 332":
  [36m<textarea[39m
    [33maria-describedby[39m=[32m"change-item-331-desc-help"[39m
    [33maria-invalid[39m=[32m"false"[39m
    [33maria-label[39m=[32m"Description for change item 332"[39m
    [33mclass[39m=[32m"MuiInputBase-input MuiOutlinedInput-input css-w4nesw-MuiInputBase-input-MuiOutlinedInput-input"[39m
    [33mid[39m=[32m"_r_15e_"[39m
    [33mmaxlength[39m=[32m"500"[39m
    [33mrequired[39m=[32m""[39m
    [33mrows[39m=[32m"3"[39m
    [33mstyle[39m=[32m"height: 0px; overflow: hidden;"[39m
  [36m/>[39m

  Name "Jira number for change item 333":
  [36m<input[39m
    [33maria-describedby[39m=[32m"change-item-332-jira-help"[39m
    [33maria-invalid[39m=[32m"false"[39m
    [33maria-label[39m=[32m"Jira number for change item 333"[39m
    [33mclass[39m=[32m"MuiInputBase-input MuiOutlinedInput-input css-16wblaj-MuiInputBase-input-MuiOutlinedInput-input"[39m
    [33mid[39m=[32m"_r_15g_"[39m
    [33mmaxlength[39m=[32m"50"[39m
    [33mrequired[39m=[32m""[39m
    [33mtype[39m=[32m"text"[39m
    [33mvalue[39m=[32m"JIRA-0333"[39m
  [36m/>[39m

  Name "Description for change item 333":
  [36m<textarea[39m
    [33maria-describedby[39m=[32m"change-item-332-desc-help"[39m
    [33maria-invalid[39m=[32m"false"[39m
    [33maria-label[39m=[32m"Description for change item 333"[39m
    [33mclass[39m=[32m"MuiInputBase-input MuiOutlinedInput-input css-w4nesw-MuiInputBase-input-MuiOutlinedInput-input"[39m
    [33mid[39m=[32m"_r_15h_"[39m
    [33mmaxlength[39m=[32m"500"[39m
    [33mrequired[39m=[32m""[39m
    [33mrows[39m=[32m"3"[39m
    [33mstyle[39m=[32m"height: 0px; overflow: hidden;"[39m
  [36m/>[39m

  Name "Jira number for change item 334":
  [36m<input[39m
    [33maria-describedby[39m=[32m"change-item-333-jira-help"[39m
    [33maria-invalid[39m=[32m"false"[39m
    [33maria-label[39m=[32m"Jira number for change item 334"[39m
    [33mclass[39m=[32m"MuiInputBase-input MuiOutlinedInput-input css-16wblaj-MuiInputBase-input-MuiOutlinedInput-input"[39m
    [33mid[39m=[32m"_r_15j_"[39m
    [33mmaxlength[39m=[32m"50"[39m
    [33mrequired[39m=[32m""[39m
    [33mtype[39m=[32m"text"[39m
    [33mvalue[39m=[32m"JIRA-0334"[39m
  [36m/>[39m

  Name "Description for change item 334":
  [36m<textarea[39m
    [33maria-describedby[39m=[32m"change-item-333-desc-help"[39m
    [33maria-invalid[39m=[32m"false"[39m
    [33maria-label[39m=[32m"Description for change item 334"[39m
    [33mclass[39m=[32m"MuiInputBase-input MuiOutlinedInput-input css-w4nesw-MuiInputBase-input-MuiOutlinedInput-input"[39m
    [33mid[39m=[32m"_r_15k_"[39m
    [33mmaxlength[39m=[32m"500"[39m
    [33mrequired[39m=[32m""[39m
    [33mrows[39m=[32m"3"[39m
    [33mstyle[39m=[32m"height: 0px; overflow: hidden;"[39m
  [36m/>[39m

  Name "Jira number for change item 335":
  [36m<input[39m
    [33maria-describedby[39m=[32m"change-item-334-jira-help"[39m
    [33maria-invalid[39m=[32m"false"[39m
    [33maria-label[39m=[32m"Jira number for change item 335"[39m
    [33mclass[39m=[32m"MuiInputBase-input MuiOutlinedInput-input css-16wblaj-MuiInputBase-input-MuiOutlinedInput-input"[39m
    [33mid[39m=[32m"_r_15m_"[39m
    [33mmaxlength[39m=[32m"50"[39m
    [33mrequired[39m=[32m""[39m
    [33mtype[39m=[32m"text"[39m
    [33mvalue[39m=[32m"JIRA-0335"[39m
  [36m/>[39m

  Name "Description for change item 335":
  [36m<textarea[39m
    [33maria-describedby[39m=[32m"change-item-334-desc-help"[39m
    [33maria-invalid[39m=[32m"false"[39m
    [33maria-label[39m=[32m"Description for change item 335"[39m
    [33mclass[39m=[32m"MuiInputBase-input MuiOutlinedInput-input css-w4nesw-MuiInputBase-input-MuiOutlinedInput-input"[39m
    [33mid[39m=[32m"_r_15n_"[39m
    [33mmaxlength[39m=[32m"500"[39m
    [33mrequired[39m=[32m""[39m
    [33mrows[39m=[32m"3"[39m
    [33mstyle[39m=[32m"height: 0px; overflow: hidden;"[39m
  [36m/>[39m

  Name "Jira number for change item 336":
  [36m<input[39m
    [33maria-describedby[39m=[32m"change-item-335-jira-help"[39m
    [33maria-invalid[39m=[32m"false"[39m
    [33maria-label[39m=[32m"Jira number for change item 336"[39m
    [33mclass[39m=[32m"MuiInputBase-input MuiOutlinedInput-input css-16wblaj-MuiInputBase-input-MuiOutlinedInput-input"[39m
    [33mid[39m=[32m"_r_15p_"[39m
    [33mmaxlength[39m=[32m"50"[39m
    [33mrequired[39m=[32m""[39m
    [33mtype[39m=[32m"text"[39m
    [33mvalue[39m=[32m"JIRA-0336"[39m
  [36m/>[39m

  Name "Description for change item 336":
  [36m<textarea[39m
    [33maria-describedby[39m=[32m"change-item-335-desc-help"[39m
    [33maria-invalid[39m=[32m"false"[39m
    [33maria-label[39m=[32m"Description for change item 336"[39m
    [33mclass[39m=[32m"MuiInputBase-input MuiOutlinedInput-input css-w4nesw-MuiInputBase-input-MuiOutlinedInput-input"[39m
    [33mid[39m=[32m"_r_15q_"[39m
    [33mmaxlength[39m=[32m"500"[39m
    [33mrequired[39m=[32m""[39m
    [33mrows[39m=[32m"3"[39m
    [33mstyle[39m=[32m"height: 0px; overflow: hidden;"[39m
  [36m/>[39m

  Name "Jira number for change item 337":
  [36m<input[39m
    [33maria-describedby[39m=[32m"change-item-336-jira-help"[39m
    [33maria-invalid[39m=[32m"false"[39m
    [33maria-label[39m=[32m"Jira number for change item 337"[39m
    [33mclass[39m=[32m"MuiInputBase-input MuiOutlinedInput-input css-16wblaj-MuiInputBase-input-MuiOutlinedInput-input"[39m
    [33mid[39m=[32m"_r_15s_"[39m
    [33mmaxlength[39m=[32m"50"[39m
    [33mrequired[39m=[32m""[39m
    [33mtype[39m=[32m"text"[39m
    [33mvalue[39m=[32m"JIRA-0337"[39m
  [36m/>[39m

  Name "Description for change item 337":
  [36m<textarea[39m
    [33maria-describedby[39m=[32m"change-item-336-desc-help"[39m
    [33maria-invalid[39m=[32m"false"[39m
    [33maria-label[39m=[32m"Description for change item 337"[39m
    [33mclass[39m=[32m"MuiInputBase-input MuiOutlinedInput-input css-w4nesw-MuiInputBase-input-MuiOutlinedInput-input"[39m
    [33mid[39m=[32m"_r_15t_"[39m
    [33mmaxlength[39m=[32m"500"[39m
    [33mrequired[39m=[32m""[39m
    [33mrows[39m=[32m"3"[39m
    [33mstyle[39m=[32m"height: 0px; overflow: hidden;"[39m
  [36m/>[39m

  Name "Jira number for change item 338":
  [36m<input[39m
    [33maria-describedby[39m=[32m"change-item-337-jira-help"[39m
    [33maria-invalid[39m=[32m"false"[39m
    [33maria-label[39m=[32m"Jira number for change item 338"[39m
    [33mclass[39m=[32m"MuiInputBase-input MuiOutlinedInput-input css-16wblaj-MuiInputBase-input-MuiOutlinedInput-input"[39m
    [33mid[39m=[32m"_r_15v_"[39m
    [33mmaxlength[39m=[32m"50"[39m
    [33mrequired[39m=[32m""[39m
    [33mtype[39m=[32m"text"[39m
    [33mvalue[39m=[32m"JIRA-0338"[39m
  [36m/>[39m

  Name "Description for change item 338":
  [36m<textarea[39m
    [33maria-describedby[39m=[32m"change-item-337-desc-help"[39m
    [33maria-invalid[39m=[32m"false"[39m
    [33maria-label[39m=[32m"Description for change item 338"[39m
    [33mclass[39m=[32m"MuiInputBase-input MuiOutlinedInput-input css-w4nesw-MuiInputBase-input-MuiOutlinedInput-input"[39m
    [33mid[39m=[32m"_r_160_"[39m
    [33mmaxlength[39m=[32m"500"[39m
    [33mrequired[39m=[32m""[39m
    [33mrows[39m=[32m"3"[39m
    [33mstyle[39m=[32m"height: 0px; overflow: hidden;"[39m
  [36m/>[39m

  Name "Jira number for change item 339":
  [36m<input[39m
    [33maria-describedby[39m=[32m"change-item-338-jira-help"[39m
    [33maria-invalid[39m=[32m"false"[39m
    [33maria-label[39m=[32m"Jira number for change item 339"[39m
    [33mclass[39m=[32m"MuiInputBase-input MuiOutlinedInput-input css-16wblaj-MuiInputBase-input-MuiOutlinedInput-input"[39m
    [33mid[39m=[32m"_r_162_"[39m
    [33mmaxlength[39m=[32m"50"[39m
    [33mrequired[39m=[32m""[39m
    [33mtype[39m=[32m"text"[39m
    [33mvalue[39m=[32m"JIRA-0339"[39m
  [36m/>[39m

  Name "Description for change item 339":
  [36m<textarea[39m
    [33maria-describedby[39m=[32m"change-item-338-desc-help"[39m
    [33maria-invalid[39m=[32m"false"[39m
    [33maria-label[39m=[32m"Description for change item 339"[39m
    [33mclass[39m=[32m"MuiInputBase-input MuiOutlinedInput-input css-w4nesw-MuiInputBase-input-MuiOutlinedInput-input"[39m
    [33mid[39m=[32m"_r_163_"[39m
    [33mmaxlength[39m=[32m"500"[39m
    [33mrequired[39m=[32m""[39m
    [33mrows[39m=[32m"3"[39m
    [33mstyle[39m=[32m"height: 0px; overflow: hidden;"[39m
  [36m/>[39m

  Name "Jira number for change item 340":
  [36m<input[39m
    [33maria-describedby[39m=[32m"change-item-339-jira-help"[39m
    [33maria-invalid[39m=[32m"false"[39m
    [33maria-label[39m=[32m"Jira number for change item 340"[39m
    [33mclass[39m=[32m"MuiInputBase-input MuiOutlinedInput-input css-16wblaj-MuiInputBase-input-MuiOutlinedInput-input"[39m
    [33mid[39m=[32m"_r_165_"[39m
    [33mmaxlength[39m=[32m"50"[39m
    [33mrequired[39m=[32m""[39m
    [33mtype[39m=[32m"text"[39m
    [33mvalue[39m=[32m"JIRA-0340"[39m
  [36m/>[39m

  Name "Description for change item 340":
  [36m<textarea[39m
    [33maria-describedby[39m=[32m"change-item-339-desc-help"[39m
    [33maria-invalid[39m=[32m"false"[39m
    [33maria-label[39m=[32m"Description for change item 340"[39m
    [33mclass[39m=[32m"MuiInputBase-input MuiOutlinedInput-input css-w4nesw-MuiInputBase-input-MuiOutlinedInput-input"[39m
    [33mid[39m=[32m"_r_166_"[39m
    [33mmaxlength[39m=[32m"500"[39m
    [33mrequired[39m=[32m""[39m
    [33mrows[39m=[32m"3"[39m
    [33mstyle[39m=[32m"height: 0px; overflow: hidden;"[39m
  [36m/>[39m

  Name "Jira number for change item 341":
  [36m<input[39m
    [33maria-describedby[39m=[32m"change-item-340-jira-help"[39m
    [33maria-invalid[39m=[32m"false"[39m
    [33maria-label[39m=[32m"Jira number for change item 341"[39m
    [33mclass[39m=[32m"MuiInputBase-input MuiOutlinedInput-input css-16wblaj-MuiInputBase-input-MuiOutlinedInput-input"[39m
    [33mid[39m=[32m"_r_168_"[39m
    [33mmaxlength[39m=[32m"50"[39m
    [33mrequired[39m=[32m""[39m
    [33mtype[39m=[32m"text"[39m
    [33mvalue[39m=[32m"JIRA-0341"[39m
  [36m/>[39m

  Name "Description for change item 341":
  [36m<textarea[39m
    [33maria-describedby[39m=[32m"change-item-340-desc-help"[39m
    [33maria-invalid[39m=[32m"false"[39m
    [33maria-label[39m=[32m"Description for change item 341"[39m
    [33mclass[39m=[32m"MuiInputBase-input MuiOutlinedInput-input css-w4nesw-MuiInputBase-input-MuiOutlinedInput-input"[39m
    [33mid[39m=[32m"_r_169_"[39m
    [33mmaxlength[39m=[32m"500"[39m
    [33mrequired[39m=[32m""[39m
    [33mrows[39m=[32m"3"[39m
    [33mstyle[39m=[32m"height: 0px; overflow: hidden;"[39m
  [36m/>[39m

  Name "Jira number for change item 342":
  [36m<input[39m
    [33maria-describedby[39m=[32m"change-item-341-jira-help"[39m
    [33maria-invalid[39m=[32m"false"[39m
    [33maria-label[39m=[32m"Jira number for change item 342"[39m
    [33mclass[39m=[32m"MuiInputBase-input MuiOutlinedInput-input css-16wblaj-MuiInputBase-input-MuiOutlinedInput-input"[39m
    [33mid[39m=[32m"_r_16b_"[39m
    [33mmaxlength[39m=[32m"50"[39m
    [33mrequired[39m=[32m""[39m
    [33mtype[39m=[32m"text"[39m
    [33mvalue[39m=[32m"JIRA-0342"[39m
  [36m/>[39m

  Name "Description for change item 342":
  [36m<textarea[39m
    [33maria-describedby[39m=[32m"change-item-341-desc-help"[39m
    [33maria-invalid[39m=[32m"false"[39m
    [33maria-label[39m=[32m"Description for change item 342"[39m
    [33mclass[39m=[32m"MuiInputBase-input MuiOutlinedInput-input css-w4nesw-MuiInputBase-input-MuiOutlinedInput-input"[39m
    [33mid[39m=[32m"_r_16c_"[39m
    [33mmaxlength[39m=[32m"500"[39m
    [33mrequired[39m=[32m""[39m
    [33mrows[39m=[32m"3"[39m
    [33mstyle[39m=[32m"height: 0px; overflow: hidden;"[39m
  [36m/>[39m

  Name "Jira number for change item 343":
  [36m<input[39m
    [33maria-describedby[39m=[32m"change-item-342-jira-help"[39m
    [33maria-invalid[39m=[32m"false"[39m
    [33maria-label[39m=[32m"Jira number for change item 343"[39m
    [33mclass[39m=[32m"MuiInputBase-input MuiOutlinedInput-input css-16wblaj-MuiInputBase-input-MuiOutlinedInput-input"[39m
    [33mid[39m=[32m"_r_16e_"[39m
    [33mmaxlength[39m=[32m"50"[39m
    [33mrequired[39m=[32m""[39m
    [33mtype[39m=[32m"text"[39m
    [33mvalue[39m=[32m"JIRA-0343"[39m
  [36m/>[39m

  Name "Description for change item 343":
  [36m<textarea[39m
    [33maria-describedby[39m=[32m"change-item-342-desc-help"[39m
    [33maria-invalid[39m=[32m"false"[39m
    [33maria-label[39m=[32m"Description for change item 343"[39m
    [33mclass[39m=[32m"MuiInputBase-input MuiOutlinedInput-input css-w4nesw-MuiInputBase-input-MuiOutlinedInput-input"[39m
    [33mid[39m=[32m"_r_16f_"[39m
    [33mmaxlength[39m=[32m"500"[39m
    [33mrequired[39m=[32m""[39m
    [33mrows[39m=[32m"3"[39m
    [33mstyle[39m=[32m"height: 0px; overflow: hidden;"[39m
  [36m/>[39m

  Name "Jira number for change item 344":
  [36m<input[39m
    [33maria-describedby[39m=[32m"change-item-343-jira-help"[39m
    [33maria-invalid[39m=[32m"false"[39m
    [33maria-label[39m=[32m"Jira number for change item 344"[39m
    [33mclass[39m=[32m"MuiInputBase-input MuiOutlinedInput-input css-16wblaj-MuiInputBase-input-MuiOutlinedInput-input"[39m
    [33mid[39m=[32m"_r_16h_"[39m
    [33mmaxlength[39m=[32m"50"[39m
    [33mrequired[39m=[32m""[39m
    [33mtype[39m=[32m"text"[39m
    [33mvalue[39m=[32m"JIRA-0344"[39m
  [36m/>[39m

  Name "Description for change item 344":
  [36m<textarea[39m
    [33maria-describedby[39m=[32m"change-item-343-desc-help"[39m
    [33maria-invalid[39m=[32m"false"[39m
    [33maria-label[39m=[32m"Description for change item 344"[39m
    [33mclass[39m=[32m"MuiInputBase-input MuiOutlinedInput-input css-w4nesw-MuiInputBase-input-MuiOutlinedInput-input"[39m
    [33mid[39m=[32m"_r_16i_"[39m
    [33mmaxlength[39m=[32m"500"[39m
    [33mrequired[39m=[32m""[39m
    [33mrows[39m=[32m"3"[39m
    [33mstyle[39m=[32m"height: 0px; overflow: hidden;"[39m
  [36m/>[39m

  Name "Jira number for change item 345":
  [36m<input[39m
    [33maria-describedby[39m=[32m"change-item-344-jira-help"[39m
    [33maria-invalid[39m=[32m"false"[39m
    [33maria-label[39m=[32m"Jira number for change item 345"[39m
    [33mclass[39m=[32m"MuiInputBase-input MuiOutlinedInput-input css-16wblaj-MuiInputBase-input-MuiOutlinedInput-input"[39m
    [33mid[39m=[32m"_r_16k_"[39m
    [33mmaxlength[39m=[32m"50"[39m
    [33mrequired[39m=[32m""[39m
    [33mtype[39m=[32m"text"[39m
    [33mvalue[39m=[32m"JIRA-0345"[39m
  [36m/>[39m

  Name "Description for change item 345":
  [36m<textarea[39m
    [33maria-describedby[39m=[32m"change-item-344-desc-help"[39m
    [33maria-invalid[39m=[32m"false"[39m
    [33maria-label[39m=[32m"Description for change item 345"[39m
    [33mclass[39m=[32m"MuiInputBase-input MuiOutlinedInput-input css-w4nesw-MuiInputBase-input-MuiOutlinedInput-input"[39m
    [33mid[39m=[32m"_r_16l_"[39m
    [33mmaxlength[39m=[32m"500"[39m
    [33mrequired[39m=[32m""[39m
    [33mrows[39m=[32m"3"[39m
    [33mstyle[39m=[32m"height: 0px; overflow: hidden;"[39m
  [36m/>[39m

  Name "Jira number for change item 346":
  [36m<input[39m
    [33maria-describedby[39m=[32m"change-item-345-jira-help"[39m
    [33maria-invalid[39m=[32m"false"[39m
    [33maria-label[39m=[32m"Jira number for change item 346"[39m
    [33mclass[39m=[32m"MuiInputBase-input MuiOutlinedInput-input css-16wblaj-MuiInputBase-input-MuiOutlinedInput-input"[39m
    [33mid[39m=[32m"_r_16n_"[39m
    [33mmaxlength[39m=[32m"50"[39m
    [33mrequired[39m=[32m""[39m
    [33mtype[39m=[32m"text"[39m
    [33mvalue[39m=[32m"JIRA-0346"[39m
  [36m/>[39m

  Name "Description for change item 346":
  [36m<textarea[39m
    [33maria-describedby[39m=[32m"change-item-345-desc-help"[39m
    [33maria-invalid[39m=[32m"false"[39m
    [33maria-label[39m=[32m"Description for change item 346"[39m
    [33mclass[39m=[32m"MuiInputBase-input MuiOutlinedInput-input css-w4nesw-MuiInputBase-input-MuiOutlinedInput-input"[39m
    [33mid[39m=[32m"_r_16o_"[39m
    [33mmaxlength[39m=[32m"500"[39m
    [33mrequired[39m=[32m""[39m
    [33mrows[39m=[32m"3"[39m
    [33mstyle[39m=[32m"height: 0px; overflow: hidden;"[39m
  [36m/>[39m

  Name "Jira number for change item 347":
  [36m<input[39m
    [33maria-describedby[39m=[32m"change-item-346-jira-help"[39m
    [33maria-invalid[39m=[32m"false"[39m
    [33maria-label[39m=[32m"Jira number for change item 347"[39m
    [33mclass[39m=[32m"MuiInputBase-input MuiOutlinedInput-input css-16wblaj-MuiInputBase-input-MuiOutlinedInput-input"[39m
    [33mid[39m=[32m"_r_16q_"[39m
    [33mmaxlength[39m=[32m"50"[39m
    [33mrequired[39m=[32m""[39m
    [33mtype[39m=[32m"text"[39m
    [33mvalue[39m=[32m"JIRA-0347"[39m
  [36m/>[39m

  Name "Description for change item 347":
  [36m<textarea[39m
    [33maria-describedby[39m=[32m"change-item-346-desc-help"[39m
    [33maria-invalid[39m=[32m"false"[39m
    [33maria-label[39m=[32m"Description for change item 347"[39m
    [33mclass[39m=[32m"MuiInputBase-input MuiOutlinedInput-input css-w4nesw-MuiInputBase-input-MuiOutlinedInput-input"[39m
    [33mid[39m=[32m"_r_16r_"[39m
    [33mmaxlength[39m=[32m"500"[39m
    [33mrequired[39m=[32m""[39m
    [33mrows[39m=[32m"3"[39m
    [33mstyle[39m=[32m"height: 0px; overflow: hidden;"[39m
  [36m/>[39m

  Name "Jira number for change item 348":
  [36m<input[39m
    [33maria-describedby[39m=[32m"change-item-347-jira-help"[39m
    [33maria-invalid[39m=[32m"false"[39m
    [33maria-label[39m=[32m"Jira number for change item 348"[39m
    [33mclass[39m=[32m"MuiInputBase-input MuiOutlinedInput-input css-16wblaj-MuiInputBase-input-MuiOutlinedInput-input"[39m
    [33mid[39m=[32m"_r_16t_"[39m
    [33mmaxlength[39m=[32m"50"[39m
    [33mrequired[39m=[32m""[39m
    [33mtype[39m=[32m"text"[39m
    [33mvalue[39m=[32m"JIRA-0348"[39m
  [36m/>[39m

  Name "Description for change item 348":
  [36m<textarea[39m
    [33maria-describedby[39m=[32m"change-item-347-desc-help"[39m
    [33maria-invalid[39m=[32m"false"[39m
    [33maria-label[39m=[32m"Description for change item 348"[39m
    [33mclass[39m=[32m"MuiInputBase-input MuiOutlinedInput-input css-w4nesw-MuiInputBase-input-MuiOutlinedInput-input"[39m
    [33mid[39m=[32m"_r_16u_"[39m
    [33mmaxlength[39m=[32m"500"[39m
    [33mrequired[39m=[32m""[39m
    [33mrows[39m=[32m"3"[39m
    [33mstyle[39m=[32m"height: 0px; overflow: hidden;"[39m
  [36m/>[39m

  Name "Jira number for change item 349":
  [36m<input[39m
    [33maria-describedby[39m=[32m"change-item-348-jira-help"[39m
    [33maria-invalid[39m=[32m"false"[39m
    [33maria-label[39m=[32m"Jira number for change item 349"[39m
    [33mclass[39m=[32m"MuiInputBase-input MuiOutlinedInput-input css-16wblaj-MuiInputBase-input-MuiOutlinedInput-input"[39m
    [33mid[39m=[32m"_r_170_"[39m
    [33mmaxlength[39m=[32m"50"[39m
    [33mrequired[39m=[32m""[39m
    [33mtype[39m=[32m"text"[39m
    [33mvalue[39m=[32m"JIRA-0349"[39m
  [36m/>[39m

  Name "Description for change item 349":
  [36m<textarea[39m
    [33maria-describedby[39m=[32m"change-item-348-desc-help"[39m
    [33maria-invalid[39m=[32m"false"[39m
    [33maria-label[39m=[32m"Description for change item 349"[39m
    [33mclass[39m=[32m"MuiInputBase-input MuiOutlinedInput-input css-w4nesw-MuiInputBase-input-MuiOutlinedInput-input"[39m
    [33mid[39m=[32m"_r_171_"[39m
    [33mmaxlength[39m=[32m"500"[39m
    [33mrequired[39m=[32m""[39m
    [33mrows[39m=[32m"3"[39m
    [33mstyle[39m=[32m"height: 0px; overflow: hidden;"[39m
  [36m/>[39m

  Name "Jira number for change item 350":
  [36m<input[39m
    [33maria-describedby[39m=[32m"change-item-349-jira-help"[39m
    [33maria-invalid[39m=[32m"false"[39m
    [33maria-label[39m=[32m"Jira number for change item 350"[39m
    [33mclass[39m=[32m"MuiInputBase-input MuiOutlinedInput-input css-16wblaj-MuiInputBase-input-MuiOutlinedInput-input"[39m
    [33mid[39m=[32m"_r_173_"[39m
    [33mmaxlength[39m=[32m"50"[39m
    [33mrequired[39m=[32m""[39m
    [33mtype[39m=[32m"text"[39m
    [33mvalue[39m=[32m"JIRA-0350"[39m
  [36m/>[39m

  Name "Description for change item 350":
  [36m<textarea[39m
    [33maria-describedby[39m=[32m"change-item-349-desc-help"[39m
    [33maria-invalid[39m=[32m"false"[39m
    [33maria-label[39m=[32m"Description for change item 350"[39m
    [33mclass[39m=[32m"MuiInputBase-input MuiOutlinedInput-input css-w4nesw-MuiInputBase-input-MuiOutlinedInput-input"[39m
    [33mid[39m=[32m"_r_174_"[39m
    [33mmaxlength[39m=[32m"500"[39m
    [33mrequired[39m=[32m""[39m
    [33mrows[39m=[32m"3"[39m
    [33mstyle[39m=[32m"height: 0px; overflow: hidden;"[39m
  [36m/>[39m

  Name "Jira number for change item 351":
  [36m<input[39m
    [33maria-describedby[39m=[32m"change-item-350-jira-help"[39m
    [33maria-invalid[39m=[32m"false"[39m
    [33maria-label[39m=[32m"Jira number for change item 351"[39m
    [33mclass[39m=[32m"MuiInputBase-input MuiOutlinedInput-input css-16wblaj-MuiInputBase-input-MuiOutlinedInput-input"[39m
    [33mid[39m=[32m"_r_176_"[39m
    [33mmaxlength[39m=[32m"50"[39m
    [33mrequired[39m=[32m""[39m
    [33mtype[39m=[32m"text"[39m
    [33mvalue[39m=[32m"JIRA-0351"[39m
  [36m/>[39m

  Name "Description for change item 351":
  [36m<textarea[39m
    [33maria-describedby[39m=[32m"change-item-350-desc-help"[39m
    [33maria-invalid[39m=[32m"false"[39m
    [33maria-label[39m=[32m"Description for change item 351"[39m
    [33mclass[39m=[32m"MuiInputBase-input MuiOutlinedInput-input css-w4nesw-MuiInputBase-input-MuiOutlinedInput-input"[39m
    [33mid[39m=[32m"_r_177_"[39m
    [33mmaxlength[39m=[32m"500"[39m
    [33mrequired[39m=[32m""[39m
    [33mrows[39m=[32m"3"[39m
    [33mstyle[39m=[32m"height: 0px; overflow: hidden;"[39m
  [36m/>[39m

  Name "Jira number for change item 352":
  [36m<input[39m
    [33maria-describedby[39m=[32m"change-item-351-jira-help"[39m
    [33maria-invalid[39m=[32m"false"[39m
    [33maria-label[39m=[32m"Jira number for change item 352"[39m
    [33mclass[39m=[32m"MuiInputBase-input MuiOutlinedInput-input css-16wblaj-MuiInputBase-input-MuiOutlinedInput-input"[39m
    [33mid[39m=[32m"_r_179_"[39m
    [33mmaxlength[39m=[32m"50"[39m
    [33mrequired[39m=[32m""[39m
    [33mtype[39m=[32m"text"[39m
    [33mvalue[39m=[32m"JIRA-0352"[39m
  [36m/>[39m

  Name "Description for change item 352":
  [36m<textarea[39m
    [33maria-describedby[39m=[32m"change-item-351-desc-help"[39m
    [33maria-invalid[39m=[32m"false"[39m
    [33maria-label[39m=[32m"Description for change item 352"[39m
    [33mclass[39m=[32m"MuiInputBase-input MuiOutlinedInput-input css-w4nesw-MuiInputBase-input-MuiOutlinedInput-input"[39m
    [33mid[39m=[32m"_r_17a_"[39m
    [33mmaxlength[39m=[32m"500"[39m
    [33mrequired[39m=[32m""[39m
    [33mrows[39m=[32m"3"[39m
    [33mstyle[39m=[32m"height: 0px; overflow: hidden;"[39m
  [36m/>[39m

  Name "Jira number for change item 353":
  [36m<input[39m
    [33maria-describedby[39m=[32m"change-item-352-jira-help"[39m
    [33maria-invalid[39m=[32m"false"[39m
    [33maria-label[39m=[32m"Jira number for change item 353"[39m
    [33mclass[39m=[32m"MuiInputBase-input MuiOutlinedInput-input css-16wblaj-MuiInputBase-input-MuiOutlinedInput-input"[39m
    [33mid[39m=[32m"_r_17c_"[39m
    [33mmaxlength[39m=[32m"50"[39m
    [33mrequired[39m=[32m""[39m
    [33mtype[39m=[32m"text"[39m
    [33mvalue[39m=[32m"JIRA-0353"[39m
  [36m/>[39m

  Name "Description for change item 353":
  [36m<textarea[39m
    [33maria-describedby[39m=[32m"change-item-352-desc-help"[39m
    [33maria-invalid[39m=[32m"false"[39m
    [33maria-label[39m=[32m"Description for change item 353"[39m
    [33mclass[39m=[32m"MuiInputBase-input MuiOutlinedInput-input css-w4nesw-MuiInputBase-input-MuiOutlinedInput-input"[39m
    [33mid[39m=[32m"_r_17d_"[39m
    [33mmaxlength[39m=[32m"500"[39m
    [33mrequired[39m=[32m""[39m
    [33mrows[39m=[32m"3"[39m
    [33mstyle[39m=[32m"height: 0px; overflow: hidden;"[39m
  [36m/>[39m

  Name "Jira number for change item 354":
  [36m<input[39m
    [33maria-describedby[39m=[32m"change-item-353-jira-help"[39m
    [33maria-invalid[39m=[32m"false"[39m
    [33maria-label[39m=[32m"Jira number for change item 354"[39m
    [33mclass[39m=[32m"MuiInputBase-input MuiOutlinedInput-input css-16wblaj-MuiInputBase-input-MuiOutlinedInput-input"[39m
    [33mid[39m=[32m"_r_17f_"[39m
    [33mmaxlength[39m=[32m"50"[39m
    [33mrequired[39m=[32m""[39m
    [33mtype[39m=[32m"text"[39m
    [33mvalue[39m=[32m"JIRA-0354"[39m
  [36m/>[39m

  Name "Description for change item 354":
  [36m<textarea[39m
    [33maria-describedby[39m=[32m"change-item-353-desc-help"[39m
    [33maria-invalid[39m=[32m"false"[39m
    [33maria-label[39m=[32m"Description for change item 354"[39m
    [33mclass[39m=[32m"MuiInputBase-input MuiOutlinedInput-input css-w4nesw-MuiInputBase-input-MuiOutlinedInput-input"[39m
    [33mid[39m=[32m"_r_17g_"[39m
    [33mmaxlength[39m=[32m"500"[39m
    [33mrequired[39m=[32m""[39m
    [33mrows[39m=[32m"3"[39m
    [33mstyle[39m=[32m"height: 0px; overflow: hidden;"[39m
  [36m/>[39m

  Name "Jira number for change item 355":
  [36m<input[39m
    [33maria-describedby[39m=[32m"change-item-354-jira-help"[39m
    [33maria-invalid[39m=[32m"false"[39m
    [33maria-label[39m=[32m"Jira number for change item 355"[39m
    [33mclass[39m=[32m"MuiInputBase-input MuiOutlinedInput-input css-16wblaj-MuiInputBase-input-MuiOutlinedInput-input"[39m
    [33mid[39m=[32m"_r_17i_"[39m
    [33mmaxlength[39m=[32m"50"[39m
    [33mrequired[39m=[32m""[39m
    [33mtype[39m=[32m"text"[39m
    [33mvalue[39m=[32m"JIRA-0355"[39m
  [36m/>[39m

  Name "Description for change item 355":
  [36m<textarea[39m
    [33maria-describedby[39m=[32m"change-item-354-desc-help"[39m
    [33maria-invalid[39m=[32m"false"[39m
    [33maria-label[39m=[32m"Description for change item 355"[39m
    [33mclass[39m=[32m"MuiInputBase-input MuiOutlinedInput-input css-w4nesw-MuiInputBase-input-MuiOutlinedInput-input"[39m
    [33mid[39m=[32m"_r_17j_"[39m
    [33mmaxlength[39m=[32m"500"[39m
    [33mrequired[39m=[32m""[39m
    [33mrows[39m=[32m"3"[39m
    [33mstyle[39m=[32m"height: 0px; overflow: hidden;"[39m
  [36m/>[39m

  Name "Jira number for change item 356":
  [36m<input[39m
    [33maria-describedby[39m=[32m"change-item-355-jira-help"[39m
    [33maria-invalid[39m=[32m"false"[39m
    [33maria-label[39m=[32m"Jira number for change item 356"[39m
    [33mclass[39m=[32m"MuiInputBase-input MuiOutlinedInput-input css-16wblaj-MuiInputBase-input-MuiOutlinedInput-input"[39m
    [33mid[39m=[32m"_r_17l_"[39m
    [33mmaxlength[39m=[32m"50"[39m
    [33mrequired[39m=[32m""[39m
    [33mtype[39m=[32m"text"[39m
    [33mvalue[39m=[32m"JIRA-0356"[39m
  [36m/>[39m

  Name "Description for change item 356":
  [36m<textarea[39m
    [33maria-describedby[39m=[32m"change-item-355-desc-help"[39m
    [33maria-invalid[39m=[32m"false"[39m
    [33maria-label[39m=[32m"Description for change item 356"[39m
    [33mclass[39m=[32m"MuiInputBase-input MuiOutlinedInput-input css-w4nesw-MuiInputBase-input-MuiOutlinedInput-input"[39m
    [33mid[39m=[32m"_r_17m_"[39m
    [33mmaxlength[39m=[32m"500"[39m
    [33mrequired[39m=[32m""[39m
    [33mrows[39m=[32m"3"[39m
    [33mstyle[39m=[32m"height: 0px; overflow: hidden;"[39m
  [36m/>[39m

  Name "Jira number for change item 357":
  [36m<input[39m
    [33maria-describedby[39m=[32m"change-item-356-jira-help"[39m
    [33maria-invalid[39m=[32m"false"[39m
    [33maria-label[39m=[32m"Jira number for change item 357"[39m
    [33mclass[39m=[32m"MuiInputBase-input MuiOutlinedInput-input css-16wblaj-MuiInputBase-input-MuiOutlinedInput-input"[39m
    [33mid[39m=[32m"_r_17o_"[39m
    [33mmaxlength[39m=[32m"50"[39m
    [33mrequired[39m=[32m""[39m
    [33mtype[39m=[32m"text"[39m
    [33mvalue[39m=[32m"JIRA-0357"[39m
  [36m/>[39m

  Name "Description for change item 357":
  [36m<textarea[39m
    [33maria-describedby[39m=[32m"change-item-356-desc-help"[39m
    [33maria-invalid[39m=[32m"false"[39m
    [33maria-label[39m=[32m"Description for change item 357"[39m
    [33mclass[39m=[32m"MuiInputBase-input MuiOutlinedInput-input css-w4nesw-MuiInputBase-input-MuiOutlinedInput-input"[39m
    [33mid[39m=[32m"_r_17p_"[39m
    [33mmaxlength[39m=[32m"500"[39m
    [33mrequired[39m=[32m""[39m
    [33mrows[39m=[32m"3"[39m
    [33mstyle[39m=[32m"height: 0px; overflow: hidden;"[39m
  [36m/>[39m

  Name "Jira number for change item 358":
  [36m<input[39m
    [33maria-describedby[39m=[32m"change-item-357-jira-help"[39m
    [33maria-invalid[39m=[32m"false"[39m
    [33maria-label[39m=[32m"Jira number for change item 358"[39m
    [33mclass[39m=[32m"MuiInputBase-input MuiOutlinedInput-input css-16wblaj-MuiInputBase-input-MuiOutlinedInput-input"[39m
    [33mid[39m=[32m"_r_17r_"[39m
    [33mmaxlength[39m=[32m"50"[39m
    [33mrequired[39m=[32m""[39m
    [33mtype[39m=[32m"text"[39m
    [33mvalue[39m=[32m"JIRA-0358"[39m
  [36m/>[39m

  Name "Description for change item 358":
  [36m<textarea[39m
    [33maria-describedby[39m=[32m"change-item-357-desc-help"[39m
    [33maria-invalid[39m=[32m"false"[39m
    [33maria-label[39m=[32m"Description for change item 358"[39m
    [33mclass[39m=[32m"MuiInputBase-input MuiOutlinedInput-input css-w4nesw-MuiInputBase-input-MuiOutlinedInput-input"[39m
    [33mid[39m=[32m"_r_17s_"[39m
    [33mmaxlength[39m=[32m"500"[39m
    [33mrequired[39m=[32m""[39m
    [33mrows[39m=[32m"3"[39m
    [33mstyle[39m=[32m"height: 0px; overflow: hidden;"[39m
  [36m/>[39m

  Name "Jira number for change item 359":
  [36m<input[39m
    [33maria-describedby[39m=[32m"change-item-358-jira-help"[39m
    [33maria-invalid[39m=[32m"false"[39m
    [33maria-label[39m=[32m"Jira number for change item 359"[39m
    [33mclass[39m=[32m"MuiInputBase-input MuiOutlinedInput-input css-16wblaj-MuiInputBase-input-MuiOutlinedInput-input"[39m
    [33mid[39m=[32m"_r_17u_"[39m
    [33mmaxlength[39m=[32m"50"[39m
    [33mrequired[39m=[32m""[39m
    [33mtype[39m=[32m"text"[39m
    [33mvalue[39m=[32m"JIRA-0359"[39m
  [36m/>[39m

  Name "Description for change item 359":
  [36m<textarea[39m
    [33maria-describedby[39m=[32m"change-item-358-desc-help"[39m
    [33maria-invalid[39m=[32m"false"[39m
    [33maria-label[39m=[32m"Description for change item 359"[39m
    [33mclass[39m=[32m"MuiInputBase-input MuiOutlinedInput-input css-w4nesw-MuiInputBase-input-MuiOutlinedInput-input"[39m
    [33mid[39m=[32m"_r_17v_"[39m
    [33mmaxlength[39m=[32m"500"[39m
    [33mrequired[39m=[32m""[39m
    [33mrows[39m=[32m"3"[39m
    [33mstyle[39m=[32m"height: 0px; overflow: hidden;"[39m
  [36m/>[39m

  Name "Jira number for change item 360":
  [36m<input[39m
    [33maria-describedby[39m=[32m"change-item-359-jira-help"[39m
    [33maria-invalid[39m=[32m"false"[39m
    [33maria-label[39m=[32m"Jira number for change item 360"[39m
    [33mclass[39m=[32m"MuiInputBase-input MuiOutlinedInput-input css-16wblaj-MuiInputBase-input-MuiOutlinedInput-input"[39m
    [33mid[39m=[32m"_r_181_"[39m
    [33mmaxlength[39m=[32m"50"[39m
    [33mrequired[39m=[32m""[39m
    [33mtype[39m=[32m"text"[39m
    [33mvalue[39m=[32m"JIRA-0360"[39m
  [36m/>[39m

  Name "Description for change item 360":
  [36m<textarea[39m
    [33maria-describedby[39m=[32m"change-item-359-desc-help"[39m
    [33maria-invalid[39m=[32m"false"[39m
    [33maria-label[39m=[32m"Description for change item 360"[39m
    [33mclass[39m=[32m"MuiInputBase-input MuiOutlinedInput-input css-w4nesw-MuiInputBase-input-MuiOutlinedInput-input"[39m
    [33mid[39m=[32m"_r_182_"[39m
    [33mmaxlength[39m=[32m"500"[39m
    [33mrequired[39m=[32m""[39m
    [33mrows[39m=[32m"3"[39m
    [33mstyle[39m=[32m"height: 0px; overflow: hidden;"[39m
  [36m/>[39m

  Name "Jira number for change item 361":
  [36m<input[39m
    [33maria-describedby[39m=[32m"change-item-360-jira-help"[39m
    [33maria-invalid[39m=[32m"false"[39m
    [33maria-label[39m=[32m"Jira number for change item 361"[39m
    [33mclass[39m=[32m"MuiInputBase-input MuiOutlinedInput-input css-16wblaj-MuiInputBase-input-MuiOutlinedInput-input"[39m
    [33mid[39m=[32m"_r_184_"[39m
    [33mmaxlength[39m=[32m"50"[39m
    [33mrequired[39m=[32m""[39m
    [33mtype[39m=[32m"text"[39m
    [33mvalue[39m=[32m"JIRA-0361"[39m
  [36m/>[39m

  Name "Description for change item 361":
  [36m<textarea[39m
    [33maria-describedby[39m=[32m"change-item-360-desc-help"[39m
    [33maria-invalid[39m=[32m"false"[39m
    [33maria-label[39m=[32m"Description for change item 361"[39m
    [33mclass[39m=[32m"MuiInputBase-input MuiOutlinedInput-input css-w4nesw-MuiInputBase-input-MuiOutlinedInput-input"[39m
    [33mid[39m=[32m"_r_185_"[39m
    [33mmaxlength[39m=[32m"500"[39m
    [33mrequired[39m=[32m""[39m
    [33mrows[39m=[32m"3"[39m
    [33mstyle[39m=[32m"height: 0px; overflow: hidden;"[39m
  [36m/>[39m

  Name "Jira number for change item 362":
  [36m<input[39m
    [33maria-describedby[39m=[32m"change-item-361-jira-help"[39m
    [33maria-invalid[39m=[32m"false"[39m
    [33maria-label[39m=[32m"Jira number for change item 362"[39m
    [33mclass[39m=[32m"MuiInputBase-input MuiOutlinedInput-input css-16wblaj-MuiInputBase-input-MuiOutlinedInput-input"[39m
    [33mid[39m=[32m"_r_187_"[39m
    [33mmaxlength[39m=[32m"50"[39m
    [33mrequired[39m=[32m""[39m
    [33mtype[39m=[32m"text"[39m
    [33mvalue[39m=[32m"JIRA-0362"[39m
  [36m/>[39m

  Name "Description for change item 362":
  [36m<textarea[39m
    [33maria-describedby[39m=[32m"change-item-361-desc-help"[39m
    [33maria-invalid[39m=[32m"false"[39m
    [33maria-label[39m=[32m"Description for change item 362"[39m
    [33mclass[39m=[32m"MuiInputBase-input MuiOutlinedInput-input css-w4nesw-MuiInputBase-input-MuiOutlinedInput-input"[39m
    [33mid[39m=[32m"_r_188_"[39m
    [33mmaxlength[39m=[32m"500"[39m
    [33mrequired[39m=[32m""[39m
    [33mrows[39m=[32m"3"[39m
    [33mstyle[39m=[32m"height: 0px; overflow: hidden;"[39m
  [36m/>[39m

  Name "Jira number for change item 363":
  [36m<input[39m
    [33maria-describedby[39m=[32m"change-item-362-jira-help"[39m
    [33maria-invalid[39m=[32m"false"[39m
    [33maria-label[39m=[32m"Jira number for change item 363"[39m
    [33mclass[39m=[32m"MuiInputBase-input MuiOutlinedInput-input css-16wblaj-MuiInputBase-input-MuiOutlinedInput-input"[39m
    [33mid[39m=[32m"_r_18a_"[39m
    [33mmaxlength[39m=[32m"50"[39m
    [33mrequired[39m=[32m""[39m
    [33mtype[39m=[32m"text"[39m
    [33mvalue[39m=[32m"JIRA-0363"[39m
  [36m/>[39m

  Name "Description for change item 363":
  [36m<textarea[39m
    [33maria-describedby[39m=[32m"change-item-362-desc-help"[39m
    [33maria-invalid[39m=[32m"false"[39m
    [33maria-label[39m=[32m"Description for change item 363"[39m
    [33mclass[39m=[32m"MuiInputBase-input MuiOutlinedInput-input css-w4nesw-MuiInputBase-input-MuiOutlinedInput-input"[39m
    [33mid[39m=[32m"_r_18b_"[39m
    [33mmaxlength[39m=[32m"500"[39m
    [33mrequired[39m=[32m""[39m
    [33mrows[39m=[32m"3"[39m
    [33mstyle[39m=[32m"height: 0px; overflow: hidden;"[39m
  [36m/>[39m

  Name "Jira number for change item 364":
  [36m<input[39m
    [33maria-describedby[39m=[32m"change-item-363-jira-help"[39m
    [33maria-invalid[39m=[32m"false"[39m
    [33maria-label[39m=[32m"Jira number for change item 364"[39m
    [33mclass[39m=[32m"MuiInputBase-input MuiOutlinedInput-input css-16wblaj-MuiInputBase-input-MuiOutlinedInput-input"[39m
    [33mid[39m=[32m"_r_18d_"[39m
    [33mmaxlength[39m=[32m"50"[39m
    [33mrequired[39m=[32m""[39m
    [33mtype[39m=[32m"text"[39m
    [33mvalue[39m=[32m"JIRA-0364"[39m
  [36m/>[39m

  Name "Description for change item 364":
  [36m<textarea[39m
    [33maria-describedby[39m=[32m"change-item-363-desc-help"[39m
    [33maria-invalid[39m=[32m"false"[39m
    [33maria-label[39m=[32m"Description for change item 364"[39m
    [33mclass[39m=[32m"MuiInputBase-input MuiOutlinedInput-input css-w4nesw-MuiInputBase-input-MuiOutlinedInput-input"[39m
    [33mid[39m=[32m"_r_18e_"[39m
    [33mmaxlength[39m=[32m"500"[39m
    [33mrequired[39m=[32m""[39m
    [33mrows[39m=[32m"3"[39m
    [33mstyle[39m=[32m"height: 0px; overflow: hidden;"[39m
  [36m/>[39m

  Name "Jira number for change item 365":
  [36m<input[39m
    [33maria-describedby[39m=[32m"change-item-364-jira-help"[39m
    [33maria-invalid[39m=[32m"false"[39m
    [33maria-label[39m=[32m"Jira number for change item 365"[39m
    [33mclass[39m=[32m"MuiInputBase-input MuiOutlinedInput-input css-16wblaj-MuiInputBase-input-MuiOutlinedInput-input"[39m
    [33mid[39m=[32m"_r_18g_"[39m
    [33mmaxlength[39m=[32m"50"[39m
    [33mrequired[39m=[32m""[39m
    [33mtype[39m=[32m"text"[39m
    [33mvalue[39m=[32m"JIRA-0365"[39m
  [36m/>[39m

  Name "Description for change item 365":
  [36m<textarea[39m
    [33maria-describedby[39m=[32m"change-item-364-desc-help"[39m
    [33maria-invalid[39m=[32m"false"[39m
    [33maria-label[39m=[32m"Description for change item 365"[39m
    [33mclass[39m=[32m"MuiInputBase-input MuiOutlinedInput-input css-w4nesw-MuiInputBase-input-MuiOutlinedInput-input"[39m
    [33mid[39m=[32m"_r_18h_"[39m
    [33mmaxlength[39m=[32m"500"[39m
    [33mrequired[39m=[32m""[39m
    [33mrows[39m=[32m"3"[39m
    [33mstyle[39m=[32m"height: 0px; overflow: hidden;"[39m
  [36m/>[39m

  Name "Jira number for change item 366":
  [36m<input[39m
    [33maria-describedby[39m=[32m"change-item-365-jira-help"[39m
    [33maria-invalid[39m=[32m"false"[39m
    [33maria-label[39m=[32m"Jira number for change item 366"[39m
    [33mclass[39m=[32m"MuiInputBase-input MuiOutlinedInput-input css-16wblaj-MuiInputBase-input-MuiOutlinedInput-input"[39m
    [33mid[39m=[32m"_r_18j_"[39m
    [33mmaxlength[39m=[32m"50"[39m
    [33mrequired[39m=[32m""[39m
    [33mtype[39m=[32m"text"[39m
    [33mvalue[39m=[32m"JIRA-0366"[39m
  [36m/>[39m

  Name "Description for change item 366":
  [36m<textarea[39m
    [33maria-describedby[39m=[32m"change-item-365-desc-help"[39m
    [33maria-invalid[39m=[32m"false"[39m
    [33maria-label[39m=[32m"Description for change item 366"[39m
    [33mclass[39m=[32m"MuiInputBase-input MuiOutlinedInput-input css-w4nesw-MuiInputBase-input-MuiOutlinedInput-input"[39m
    [33mid[39m=[32m"_r_18k_"[39m
    [33mmaxlength[39m=[32m"500"[39m
    [33mrequired[39m=[32m""[39m
    [33mrows[39m=[32m"3"[39m
    [33mstyle[39m=[32m"height: 0px; overflow: hidden;"[39m
  [36m/>[39m

  Name "Jira number for change item 367":
  [36m<input[39m
    [33maria-describedby[39m=[32m"change-item-366-jira-help"[39m
    [33maria-invalid[39m=[32m"false"[39m
    [33maria-label[39m=[32m"Jira number for change item 367"[39m
    [33mclass[39m=[32m"MuiInputBase-input MuiOutlinedInput-input css-16wblaj-MuiInputBase-input-MuiOutlinedInput-input"[39m
    [33mid[39m=[32m"_r_18m_"[39m
    [33mmaxlength[39m=[32m"50"[39m
    [33mrequired[39m=[32m""[39m
    [33mtype[39m=[32m"text"[39m
    [33mvalue[39m=[32m"JIRA-0367"[39m
  [36m/>[39m

  Name "Description for change item 367":
  [36m<textarea[39m
    [33maria-describedby[39m=[32m"change-item-366-desc-help"[39m
    [33maria-invalid[39m=[32m"false"[39m
    [33maria-label[39m=[32m"Description for change item 367"[39m
    [33mclass[39m=[32m"MuiInputBase-input MuiOutlinedInput-input css-w4nesw-MuiInputBase-input-MuiOutlinedInput-input"[39m
    [33mid[39m=[32m"_r_18n_"[39m
    [33mmaxlength[39m=[32m"500"[39m
    [33mrequired[39m=[32m""[39m
    [33mrows[39m=[32m"3"[39m
    [33mstyle[39m=[32m"height: 0px; overflow: hidden;"[39m
  [36m/>[39m

  Name "Jira number for change item 368":
  [36m<input[39m
    [33maria-describedby[39m=[32m"change-item-367-jira-help"[39m
    [33maria-invalid[39m=[32m"false"[39m
    [33maria-label[39m=[32m"Jira number for change item 368"[39m
    [33mclass[39m=[32m"MuiInputBase-input MuiOutlinedInput-input css-16wblaj-MuiInputBase-input-MuiOutlinedInput-input"[39m
    [33mid[39m=[32m"_r_18p_"[39m
    [33mmaxlength[39m=[32m"50"[39m
    [33mrequired[39m=[32m""[39m
    [33mtype[39m=[32m"text"[39m
    [33mvalue[39m=[32m"JIRA-0368"[39m
  [36m/>[39m

  Name "Description for change item 368":
  [36m<textarea[39m
    [33maria-describedby[39m=[32m"change-item-367-desc-help"[39m
    [33maria-invalid[39m=[32m"false"[39m
    [33maria-label[39m=[32m"Description for change item 368"[39m
    [33mclass[39m=[32m"MuiInputBase-input MuiOutlinedInput-input css-w4nesw-MuiInputBase-input-MuiOutlinedInput-input"[39m
    [33mid[39m=[32m"_r_18q_"[39m
    [33mmaxlength[39m=[32m"500"[39m
    [33mrequired[39m=[32m""[39m
    [33mrows[39m=[32m"3"[39m
    [33mstyle[39m=[32m"height: 0px; overflow: hidden;"[39m
  [36m/>[39m

  Name "Jira number for change item 369":
  [36m<input[39m
    [33maria-describedby[39m=[32m"change-item-368-jira-help"[39m
    [33maria-invalid[39m=[32m"false"[39m
    [33maria-label[39m=[32m"Jira number for change item 369"[39m
    [33mclass[39m=[32m"MuiInputBase-input MuiOutlinedInput-input css-16wblaj-MuiInputBase-input-MuiOutlinedInput-input"[39m
    [33mid[39m=[32m"_r_18s_"[39m
    [33mmaxlength[39m=[32m"50"[39m
    [33mrequired[39m=[32m""[39m
    [33mtype[39m=[32m"text"[39m
    [33mvalue[39m=[32m"JIRA-0369"[39m
  [36m/>[39m

  Name "Description for change item 369":
  [36m<textarea[39m
    [33maria-describedby[39m=[32m"change-item-368-desc-help"[39m
    [33maria-invalid[39m=[32m"false"[39m
    [33maria-label[39m=[32m"Description for change item 369"[39m
    [33mclass[39m=[32m"MuiInputBase-input MuiOutlinedInput-input css-w4nesw-MuiInputBase-input-MuiOutlinedInput-input"[39m
    [33mid[39m=[32m"_r_18t_"[39m
    [33mmaxlength[39m=[32m"500"[39m
    [33mrequired[39m=[32m""[39m
    [33mrows[39m=[32m"3"[39m
    [33mstyle[39m=[32m"height: 0px; overflow: hidden;"[39m
  [36m/>[39m

  Name "Jira number for change item 370":
  [36m<input[39m
    [33maria-describedby[39m=[32m"change-item-369-jira-help"[39m
    [33maria-invalid[39m=[32m"false"[39m
    [33maria-label[39m=[32m"Jira number for change item 370"[39m
    [33mclass[39m=[32m"MuiInputBase-input MuiOutlinedInput-input css-16wblaj-MuiInputBase-input-MuiOutlinedInput-input"[39m
    [33mid[39m=[32m"_r_18v_"[39m
    [33mmaxlength[39m=[32m"50"[39m
    [33mrequired[39m=[32m""[39m
    [33mtype[39m=[32m"text"[39m
    [33mvalue[39m=[32m"JIRA-0370"[39m
  [36m/>[39m

  Name "Description for change item 370":
  [36m<textarea[39m
    [33maria-describedby[39m=[32m"change-item-369-desc-help"[39m
    [33maria-invalid[39m=[32m"false"[39m
    [33maria-label[39m=[32m"Description for change item 370"[39m
    [33mclass[39m=[32m"MuiInputBase-input MuiOutlinedInput-input css-w4nesw-MuiInputBase-input-MuiOutlinedInput-input"[39m
    [33mid[39m=[32m"_r_190_"[39m
    [33mmaxlength[39m=[32m"500"[39m
    [33mrequired[39m=[32m""[39m
    [33mrows[39m=[32m"3"[39m
    [33mstyle[39m=[32m"height: 0px; overflow: hidden;"[39m
  [36m/>[39m

  Name "Jira number for change item 371":
  [36m<input[39m
    [33maria-describedby[39m=[32m"change-item-370-jira-help"[39m
    [33maria-invalid[39m=[32m"false"[39m
    [33maria-label[39m=[32m"Jira number for change item 371"[39m
    [33mclass[39m=[32m"MuiInputBase-input MuiOutlinedInput-input css-16wblaj-MuiInputBase-input-MuiOutlinedInput-input"[39m
    [33mid[39m=[32m"_r_192_"[39m
    [33mmaxlength[39m=[32m"50"[39m
    [33mrequired[39m=[32m""[39m
    [33mtype[39m=[32m"text"[39m
    [33mvalue[39m=[32m"JIRA-0371"[39m
  [36m/>[39m

  Name "Description for change item 371":
  [36m<textarea[39m
    [33maria-describedby[39m=[32m"change-item-370-desc-help"[39m
    [33maria-invalid[39m=[32m"false"[39m
    [33maria-label[39m=[32m"Description for change item 371"[39m
    [33mclass[39m=[32m"MuiInputBase-input MuiOutlinedInput-input css-w4nesw-MuiInputBase-input-MuiOutlinedInput-input"[39m
    [33mid[39m=[32m"_r_193_"[39m
    [33mmaxlength[39m=[32m"500"[39m
    [33mrequired[39m=[32m""[39m
    [33mrows[39m=[32m"3"[39m
    [33mstyle[39m=[32m"height: 0px; overflow: hidden;"[39m
  [36m/>[39m

  Name "Jira number for change item 372":
  [36m<input[39m
    [33maria-describedby[39m=[32m"change-item-371-jira-help"[39m
    [33maria-invalid[39m=[32m"false"[39m
    [33maria-label[39m=[32m"Jira number for change item 372"[39m
    [33mclass[39m=[32m"MuiInputBase-input MuiOutlinedInput-input css-16wblaj-MuiInputBase-input-MuiOutlinedInput-input"[39m
    [33mid[39m=[32m"_r_195_"[39m
    [33mmaxlength[39m=[32m"50"[39m
    [33mrequired[39m=[32m""[39m
    [33mtype[39m=[32m"text"[39m
    [33mvalue[39m=[32m"JIRA-0372"[39m
  [36m/>[39m

  Name "Description for change item 372":
  [36m<textarea[39m
    [33maria-describedby[39m=[32m"change-item-371-desc-help"[39m
    [33maria-invalid[39m=[32m"false"[39m
    [33maria-label[39m=[32m"Description for change item 372"[39m
    [33mclass[39m=[32m"MuiInputBase-input MuiOutlinedInput-input css-w4nesw-MuiInputBase-input-MuiOutlinedInput-input"[39m
    [33mid[39m=[32m"_r_196_"[39m
    [33mmaxlength[39m=[32m"500"[39m
    [33mrequired[39m=[32m""[39m
    [33mrows[39m=[32m"3"[39m
    [33mstyle[39m=[32m"height: 0px; overflow: hidden;"[39m
  [36m/>[39m

  Name "Jira number for change item 373":
  [36m<input[39m
    [33maria-describedby[39m=[32m"change-item-372-jira-help"[39m
    [33maria-invalid[39m=[32m"false"[39m
    [33maria-label[39m=[32m"Jira number for change item 373"[39m
    [33mclass[39m=[32m"MuiInputBase-input MuiOutlinedInput-input css-16wblaj-MuiInputBase-input-MuiOutlinedInput-input"[39m
    [33mid[39m=[32m"_r_198_"[39m
    [33mmaxlength[39m=[32m"50"[39m
    [33mrequired[39m=[32m""[39m
    [33mtype[39m=[32m"text"[39m
    [33mvalue[39m=[32m"JIRA-0373"[39m
  [36m/>[39m

  Name "Description for change item 373":
  [36m<textarea[39m
    [33maria-describedby[39m=[32m"change-item-372-desc-help"[39m
    [33maria-invalid[39m=[32m"false"[39m
    [33maria-label[39m=[32m"Description for change item 373"[39m
    [33mclass[39m=[32m"MuiInputBase-input MuiOutlinedInput-input css-w4nesw-MuiInputBase-input-MuiOutlinedInput-input"[39m
    [33mid[39m=[32m"_r_199_"[39m
    [33mmaxlength[39m=[32m"500"[39m
    [33mrequired[39m=[32m""[39m
    [33mrows[39m=[32m"3"[39m
    [33mstyle[39m=[32m"height: 0px; overflow: hidden;"[39m
  [36m/>[39m

  Name "Jira number for change item 374":
  [36m<input[39m
    [33maria-describedby[39m=[32m"change-item-373-jira-help"[39m
    [33maria-invalid[39m=[32m"false"[39m
    [33maria-label[39m=[32m"Jira number for change item 374"[39m
    [33mclass[39m=[32m"MuiInputBase-input MuiOutlinedInput-input css-16wblaj-MuiInputBase-input-MuiOutlinedInput-input"[39m
    [33mid[39m=[32m"_r_19b_"[39m
    [33mmaxlength[39m=[32m"50"[39m
    [33mrequired[39m=[32m""[39m
    [33mtype[39m=[32m"text"[39m
    [33mvalue[39m=[32m"JIRA-0374"[39m
  [36m/>[39m

  Name "Description for change item 374":
  [36m<textarea[39m
    [33maria-describedby[39m=[32m"change-item-373-desc-help"[39m
    [33maria-invalid[39m=[32m"false"[39m
    [33maria-label[39m=[32m"Description for change item 374"[39m
    [33mclass[39m=[32m"MuiInputBase-input MuiOutlinedInput-input css-w4nesw-MuiInputBase-input-MuiOutlinedInput-input"[39m
    [33mid[39m=[32m"_r_19c_"[39m
    [33mmaxlength[39m=[32m"500"[39m
    [33mrequired[39m=[32m""[39m
    [33mrows[39m=[32m"3"[39m
    [33mstyle[39m=[32m"height: 0px; overflow: hidden;"[39m
  [36m/>[39m

  Name "Jira number for change item 375":
  [36m<input[39m
    [33maria-describedby[39m=[32m"change-item-374-jira-help"[39m
    [33maria-invalid[39m=[32m"false"[39m
    [33maria-label[39m=[32m"Jira number for change item 375"[39m
    [33mclass[39m=[32m"MuiInputBase-input MuiOutlinedInput-input css-16wblaj-MuiInputBase-input-MuiOutlinedInput-input"[39m
    [33mid[39m=[32m"_r_19e_"[39m
    [33mmaxlength[39m=[32m"50"[39m
    [33mrequired[39m=[32m""[39m
    [33mtype[39m=[32m"text"[39m
    [33mvalue[39m=[32m"JIRA-0375"[39m
  [36m/>[39m

  Name "Description for change item 375":
  [36m<textarea[39m
    [33maria-describedby[39m=[32m"change-item-374-desc-help"[39m
    [33maria-invalid[39m=[32m"false"[39m
    [33maria-label[39m=[32m"Description for change item 375"[39m
    [33mclass[39m=[32m"MuiInputBase-input MuiOutlinedInput-input css-w4nesw-MuiInputBase-input-MuiOutlinedInput-input"[39m
    [33mid[39m=[32m"_r_19f_"[39m
    [33mmaxlength[39m=[32m"500"[39m
    [33mrequired[39m=[32m""[39m
    [33mrows[39m=[32m"3"[39m
    [33mstyle[39m=[32m"height: 0px; overflow: hidden;"[39m
  [36m/>[39m

  Name "Jira number for change item 376":
  [36m<input[39m
    [33maria-describedby[39m=[32m"change-item-375-jira-help"[39m
    [33maria-invalid[39m=[32m"false"[39m
    [33maria-label[39m=[32m"Jira number for change item 376"[39m
    [33mclass[39m=[32m"MuiInputBase-input MuiOutlinedInput-input css-16wblaj-MuiInputBase-input-MuiOutlinedInput-input"[39m
    [33mid[39m=[32m"_r_19h_"[39m
    [33mmaxlength[39m=[32m"50"[39m
    [33mrequired[39m=[32m""[39m
    [33mtype[39m=[32m"text"[39m
    [33mvalue[39m=[32m"JIRA-0376"[39m
  [36m/>[39m

  Name "Description for change item 376":
  [36m<textarea[39m
    [33maria-describedby[39m=[32m"change-item-375-desc-help"[39m
    [33maria-invalid[39m=[32m"false"[39m
    [33maria-label[39m=[32m"Description for change item 376"[39m
    [33mclass[39m=[32m"MuiInputBase-input MuiOutlinedInput-input css-w4nesw-MuiInputBase-input-MuiOutlinedInput-input"[39m
    [33mid[39m=[32m"_r_19i_"[39m
    [33mmaxlength[39m=[32m"500"[39m
    [33mrequired[39m=[32m""[39m
    [33mrows[39m=[32m"3"[39m
    [33mstyle[39m=[32m"height: 0px; overflow: hidden;"[39m
  [36m/>[39m

  Name "Jira number for change item 377":
  [36m<input[39m
    [33maria-describedby[39m=[32m"change-item-376-jira-help"[39m
    [33maria-invalid[39m=[32m"false"[39m
    [33maria-label[39m=[32m"Jira number for change item 377"[39m
    [33mclass[39m=[32m"MuiInputBase-input MuiOutlinedInput-input css-16wblaj-MuiInputBase-input-MuiOutlinedInput-input"[39m
    [33mid[39m=[32m"_r_19k_"[39m
    [33mmaxlength[39m=[32m"50"[39m
    [33mrequired[39m=[32m""[39m
    [33mtype[39m=[32m"text"[39m
    [33mvalue[39m=[32m"JIRA-0377"[39m
  [36m/>[39m

  Name "Description for change item 377":
  [36m<textarea[39m
    [33maria-describedby[39m=[32m"change-item-376-desc-help"[39m
    [33maria-invalid[39m=[32m"false"[39m
    [33maria-label[39m=[32m"Description for change item 377"[39m
    [33mclass[39m=[32m"MuiInputBase-input MuiOutlinedInput-input css-w4nesw-MuiInputBase-input-MuiOutlinedInput-input"[39m
    [33mid[39m=[32m"_r_19l_"[39m
    [33mmaxlength[39m=[32m"500"[39m
    [33mrequired[39m=[32m""[39m
    [33mrows[39m=[32m"3"[39m
    [33mstyle[39m=[32m"height: 0px; overflow: hidden;"[39m
  [36m/>[39m

  Name "Jira number for change item 378":
  [36m<input[39m
    [33maria-describedby[39m=[32m"change-item-377-jira-help"[39m
    [33maria-invalid[39m=[32m"false"[39m
    [33maria-label[39m=[32m"Jira number for change item 378"[39m
    [33mclass[39m=[32m"MuiInputBase-input MuiOutlinedInput-input css-16wblaj-MuiInputBase-input-MuiOutlinedInput-input"[39m
    [33mid[39m=[32m"_r_19n_"[39m
    [33mmaxlength[39m=[32m"50"[39m
    [33mrequired[39m=[32m""[39m
    [33mtype[39m=[32m"text"[39m
    [33mvalue[39m=[32m"JIRA-0378"[39m
  [36m/>[39m

  Name "Description for change item 378":
  [36m<textarea[39m
    [33maria-describedby[39m=[32m"change-item-377-desc-help"[39m
    [33maria-invalid[39m=[32m"false"[39m
    [33maria-label[39m=[32m"Description for change item 378"[39m
    [33mclass[39m=[32m"MuiInputBase-input MuiOutlinedInput-input css-w4nesw-MuiInputBase-input-MuiOutlinedInput-input"[39m
    [33mid[39m=[32m"_r_19o_"[39m
    [33mmaxlength[39m=[32m"500"[39m
    [33mrequired[39m=[32m""[39m
    [33mrows[39m=[32m"3"[39m
    [33mstyle[39m=[32m"height: 0px; overflow: hidden;"[39m
  [36m/>[39m

  Name "Jira number for change item 379":
  [36m<input[39m
    [33maria-describedby[39m=[32m"change-item-378-jira-help"[39m
    [33maria-invalid[39m=[32m"false"[39m
    [33maria-label[39m=[32m"Jira number for change item 379"[39m
    [33mclass[39m=[32m"MuiInputBase-input MuiOutlinedInput-input css-16wblaj-MuiInputBase-input-MuiOutlinedInput-input"[39m
    [33mid[39m=[32m"_r_19q_"[39m
    [33mmaxlength[39m=[32m"50"[39m
    [33mrequired[39m=[32m""[39m
    [33mtype[39m=[32m"text"[39m
    [33mvalue[39m=[32m"JIRA-0379"[39m
  [36m/>[39m

  Name "Description for change item 379":
  [36m<textarea[39m
    [33maria-describedby[39m=[32m"change-item-378-desc-help"[39m
    [33maria-invalid[39m=[32m"false"[39m
    [33maria-label[39m=[32m"Description for change item 379"[39m
    [33mclass[39m=[32m"MuiInputBase-input MuiOutlinedInput-input css-w4nesw-MuiInputBase-input-MuiOutlinedInput-input"[39m
    [33mid[39m=[32m"_r_19r_"[39m
    [33mmaxlength[39m=[32m"500"[39m
    [33mrequired[39m=[32m""[39m
    [33mrows[39m=[32m"3"[39m
    [33mstyle[39m=[32m"height: 0px; overflow: hidden;"[39m
  [36m/>[39m

  Name "Jira number for change item 380":
  [36m<input[39m
    [33maria-describedby[39m=[32m"change-item-379-jira-help"[39m
    [33maria-invalid[39m=[32m"false"[39m
    [33maria-label[39m=[32m"Jira number for change item 380"[39m
    [33mclass[39m=[32m"MuiInputBase-input MuiOutlinedInput-input css-16wblaj-MuiInputBase-input-MuiOutlinedInput-input"[39m
    [33mid[39m=[32m"_r_19t_"[39m
    [33mmaxlength[39m=[32m"50"[39m
    [33mrequired[39m=[32m""[39m
    [33mtype[39m=[32m"text"[39m
    [33mvalue[39m=[32m"JIRA-0380"[39m
  [36m/>[39m

  Name "Description for change item 380":
  [36m<textarea[39m
    [33maria-describedby[39m=[32m"change-item-379-desc-help"[39m
    [33maria-invalid[39m=[32m"false"[39m
    [33maria-label[39m=[32m"Description for change item 380"[39m
    [33mclass[39m=[32m"MuiInputBase-input MuiOutlinedInput-input css-w4nesw-MuiInputBase-input-MuiOutlinedInput-input"[39m
    [33mid[39m=[32m"_r_19u_"[39m
    [33mmaxlength[39m=[32m"500"[39m
    [33mrequired[39m=[32m""[39m
    [33mrows[39m=[32m"3"[39m
    [33mstyle[39m=[32m"height: 0px; overflow: hidden;"[39m
  [36m/>[39m

  Name "Jira number for change item 381":
  [36m<input[39m
    [33maria-describedby[39m=[32m"change-item-380-jira-help"[39m
    [33maria-invalid[39m=[32m"false"[39m
    [33maria-label[39m=[32m"Jira number for change item 381"[39m
    [33mclass[39m=[32m"MuiInputBase-input MuiOutlinedInput-input css-16wblaj-MuiInputBase-input-MuiOutlinedInput-input"[39m
    [33mid[39m=[32m"_r_1a0_"[39m
    [33mmaxlength[39m=[32m"50"[39m
    [33mrequired[39m=[32m""[39m
    [33mtype[39m=[32m"text"[39m
    [33mvalue[39m=[32m"JIRA-0381"[39m
  [36m/>[39m

  Name "Description for change item 381":
  [36m<textarea[39m
    [33maria-describedby[39m=[32m"change-item-380-desc-help"[39m
    [33maria-invalid[39m=[32m"false"[39m
    [33maria-label[39m=[32m"Description for change item 381"[39m
    [33mclass[39m=[32m"MuiInputBase-input MuiOutlinedInput-input css-w4nesw-MuiInputBase-input-MuiOutlinedInput-input"[39m
    [33mid[39m=[32m"_r_1a1_"[39m
    [33mmaxlength[39m=[32m"500"[39m
    [33mrequired[39m=[32m""[39m
    [33mrows[39m=[32m"3"[39m
    [33mstyle[39m=[32m"height: 0px; overflow: hidden;"[39m
  [36m/>[39m

  Name "Jira number for change item 382":
  [36m<input[39m
    [33maria-describedby[39m=[32m"change-item-381-jira-help"[39m
    [33maria-invalid[39m=[32m"false"[39m
    [33maria-label[39m=[32m"Jira number for change item 382"[39m
    [33mclass[39m=[32m"MuiInputBase-input MuiOutlinedInput-input css-16wblaj-MuiInputBase-input-MuiOutlinedInput-input"[39m
    [33mid[39m=[32m"_r_1a3_"[39m
    [33mmaxlength[39m=[32m"50"[39m
    [33mrequired[39m=[32m""[39m
    [33mtype[39m=[32m"text"[39m
    [33mvalue[39m=[32m"JIRA-0382"[39m
  [36m/>[39m

  Name "Description for change item 382":
  [36m<textarea[39m
    [33maria-describedby[39m=[32m"change-item-381-desc-help"[39m
    [33maria-invalid[39m=[32m"false"[39m
    [33maria-label[39m=[32m"Description for change item 382"[39m
    [33mclass[39m=[32m"MuiInputBase-input MuiOutlinedInput-input css-w4nesw-MuiInputBase-input-MuiOutlinedInput-input"[39m
    [33mid[39m=[32m"_r_1a4_"[39m
    [33mmaxlength[39m=[32m"500"[39m
    [33mrequired[39m=[32m""[39m
    [33mrows[39m=[32m"3"[39m
    [33mstyle[39m=[32m"height: 0px; overflow: hidden;"[39m
  [36m/>[39m

  Name "Jira number for change item 383":
  [36m<input[39m
    [33maria-describedby[39m=[32m"change-item-382-jira-help"[39m
    [33maria-invalid[39m=[32m"false"[39m
    [33maria-label[39m=[32m"Jira number for change item 383"[39m
    [33mclass[39m=[32m"MuiInputBase-input MuiOutlinedInput-input css-16wblaj-MuiInputBase-input-MuiOutlinedInput-input"[39m
    [33mid[39m=[32m"_r_1a6_"[39m
    [33mmaxlength[39m=[32m"50"[39m
    [33mrequired[39m=[32m""[39m
    [33mtype[39m=[32m"text"[39m
    [33mvalue[39m=[32m"JIRA-0383"[39m
  [36m/>[39m

  Name "Description for change item 383":
  [36m<textarea[39m
    [33maria-describedby[39m=[32m"change-item-382-desc-help"[39m
    [33maria-invalid[39m=[32m"false"[39m
    [33maria-label[39m=[32m"Description for change item 383"[39m
    [33mclass[39m=[32m"MuiInputBase-input MuiOutlinedInput-input css-w4nesw-MuiInputBase-input-MuiOutlinedInput-input"[39m
    [33mid[39m=[32m"_r_1a7_"[39m
    [33mmaxlength[39m=[32m"500"[39m
    [33mrequired[39m=[32m""[39m
    [33mrows[39m=[32m"3"[39m
    [33mstyle[39m=[32m"height: 0px; overflow: hidden;"[39m
  [36m/>[39m

  Name "Jira number for change item 384":
  [36m<input[39m
    [33maria-describedby[39m=[32m"change-item-383-jira-help"[39m
    [33maria-invalid[39m=[32m"false"[39m
    [33maria-label[39m=[32m"Jira number for change item 384"[39m
    [33mclass[39m=[32m"MuiInputBase-input MuiOutlinedInput-input css-16wblaj-MuiInputBase-input-MuiOutlinedInput-input"[39m
    [33mid[39m=[32m"_r_1a9_"[39m
    [33mmaxlength[39m=[32m"50"[39m
    [33mrequired[39m=[32m""[39m
    [33mtype[39m=[32m"text"[39m
    [33mvalue[39m=[32m"JIRA-0384"[39m
  [36m/>[39m

  Name "Description for change item 384":
  [36m<textarea[39m
    [33maria-describedby[39m=[32m"change-item-383-desc-help"[39m
    [33maria-invalid[39m=[32m"false"[39m
    [33maria-label[39m=[32m"Description for change item 384"[39m
    [33mclass[39m=[32m"MuiInputBase-input MuiOutlinedInput-input css-w4nesw-MuiInputBase-input-MuiOutlinedInput-input"[39m
    [33mid[39m=[32m"_r_1aa_"[39m
    [33mmaxlength[39m=[32m"500"[39m
    [33mrequired[39m=[32m""[39m
    [33mrows[39m=[32m"3"[39m
    [33mstyle[39m=[32m"height: 0px; overflow: hidden;"[39m
  [36m/>[39m

  Name "Jira number for change item 385":
  [36m<input[39m
    [33maria-describedby[39m=[32m"change-item-384-jira-help"[39m
    [33maria-invalid[39m=[32m"false"[39m
    [33maria-label[39m=[32m"Jira number for change item 385"[39m
    [33mclass[39m=[32m"MuiInputBase-input MuiOutlinedInput-input css-16wblaj-MuiInputBase-input-MuiOutlinedInput-input"[39m
    [33mid[39m=[32m"_r_1ac_"[39m
    [33mmaxlength[39m=[32m"50"[39m
    [33mrequired[39m=[32m""[39m
    [33mtype[39m=[32m"text"[39m
    [33mvalue[39m=[32m"JIRA-0385"[39m
  [36m/>[39m

  Name "Description for change item 385":
  [36m<textarea[39m
    [33maria-describedby[39m=[32m"change-item-384-desc-help"[39m
    [33maria-invalid[39m=[32m"false"[39m
    [33maria-label[39m=[32m"Description for change item 385"[39m
    [33mclass[39m=[32m"MuiInputBase-input MuiOutlinedInput-input css-w4nesw-MuiInputBase-input-MuiOutlinedInput-input"[39m
    [33mid[39m=[32m"_r_1ad_"[39m
    [33mmaxlength[39m=[32m"500"[39m
    [33mrequired[39m=[32m""[39m
    [33mrows[39m=[32m"3"[39m
    [33mstyle[39m=[32m"height: 0px; overflow: hidden;"[39m
  [36m/>[39m

  Name "Jira number for change item 386":
  [36m<input[39m
    [33maria-describedby[39m=[32m"change-item-385-jira-help"[39m
    [33maria-invalid[39m=[32m"false"[39m
    [33maria-label[39m=[32m"Jira number for change item 386"[39m
    [33mclass[39m=[32m"MuiInputBase-input MuiOutlinedInput-input css-16wblaj-MuiInputBase-input-MuiOutlinedInput-input"[39m
    [33mid[39m=[32m"_r_1af_"[39m
    [33mmaxlength[39m=[32m"50"[39m
    [33mrequired[39m=[32m""[39m
    [33mtype[39m=[32m"text"[39m
    [33mvalue[39m=[32m"JIRA-0386"[39m
  [36m/>[39m

  Name "Description for change item 386":
  [36m<textarea[39m
    [33maria-describedby[39m=[32m"change-item-385-desc-help"[39m
    [33maria-invalid[39m=[32m"false"[39m
    [33maria-label[39m=[32m"Description for change item 386"[39m
    [33mclass[39m=[32m"MuiInputBase-input MuiOutlinedInput-input css-w4nesw-MuiInputBase-input-MuiOutlinedInput-input"[39m
    [33mid[39m=[32m"_r_1ag_"[39m
    [33mmaxlength[39m=[32m"500"[39m
    [33mrequired[39m=[32m""[39m
    [33mrows[39m=[32m"3"[39m
    [33mstyle[39m=[32m"height: 0px; overflow: hidden;"[39m
  [36m/>[39m

  Name "Jira number for change item 387":
  [36m<input[39m
    [33maria-describedby[39m=[32m"change-item-386-jira-help"[39m
    [33maria-invalid[39m=[32m"false"[39m
    [33maria-label[39m=[32m"Jira number for change item 387"[39m
    [33mclass[39m=[32m"MuiInputBase-input MuiOutlinedInput-input css-16wblaj-MuiInputBase-input-MuiOutlinedInput-input"[39m
    [33mid[39m=[32m"_r_1ai_"[39m
    [33mmaxlength[39m=[32m"50"[39m
    [33mrequired[39m=[32m""[39m
    [33mtype[39m=[32m"text"[39m
    [33mvalue[39m=[32m"JIRA-0387"[39m
  [36m/>[39m

  Name "Description for change item 387":
  [36m<textarea[39m
    [33maria-describedby[39m=[32m"change-item-386-desc-help"[39m
    [33maria-invalid[39m=[32m"false"[39m
    [33maria-label[39m=[32m"Description for change item 387"[39m
    [33mclass[39m=[32m"MuiInputBase-input MuiOutlinedInput-input css-w4nesw-MuiInputBase-input-MuiOutlinedInput-input"[39m
    [33mid[39m=[32m"_r_1aj_"[39m
    [33mmaxlength[39m=[32m"500"[39m
    [33mrequired[39m=[32m""[39m
    [33mrows[39m=[32m"3"[39m
    [33mstyle[39m=[32m"height: 0px; overflow: hidden;"[39m
  [36m/>[39m

  Name "Jira number for change item 388":
  [36m<input[39m
    [33maria-describedby[39m=[32m"change-item-387-jira-help"[39m
    [33maria-invalid[39m=[32m"false"[39m
    [33maria-label[39m=[32m"Jira number for change item 388"[39m
    [33mclass[39m=[32m"MuiInputBase-input MuiOutlinedInput-input css-16wblaj-MuiInputBase-input-MuiOutlinedInput-input"[39m
    [33mid[39m=[32m"_r_1al_"[39m
    [33mmaxlength[39m=[32m"50"[39m
    [33mrequired[39m=[32m""[39m
    [33mtype[39m=[32m"text"[39m
    [33mvalue[39m=[32m"JIRA-0388"[39m
  [36m/>[39m

  Name "Description for change item 388":
  [36m<textarea[39m
    [33maria-describedby[39m=[32m"change-item-387-desc-help"[39m
    [33maria-invalid[39m=[32m"false"[39m
    [33maria-label[39m=[32m"Description for change item 388"[39m
    [33mclass[39m=[32m"MuiInputBase-input MuiOutlinedInput-input css-w4nesw-MuiInputBase-input-MuiOutlinedInput-input"[39m
    [33mid[39m=[32m"_r_1am_"[39m
    [33mmaxlength[39m=[32m"500"[39m
    [33mrequired[39m=[32m""[39m
    [33mrows[39m=[32m"3"[39m
    [33mstyle[39m=[32m"height: 0px; overflow: hidden;"[39m
  [36m/>[39m

  Name "Jira number for change item 389":
  [36m<input[39m
    [33maria-describedby[39m=[32m"change-item-388-jira-help"[39m
    [33maria-invalid[39m=[32m"false"[39m
    [33maria-label[39m=[32m"Jira number for change item 389"[39m
    [33mclass[39m=[32m"MuiInputBase-input MuiOutlinedInput-input css-16wblaj-MuiInputBase-input-MuiOutlinedInput-input"[39m
    [33mid[39m=[32m"_r_1ao_"[39m
    [33mmaxlength[39m=[32m"50"[39m
    [33mrequired[39m=[32m""[39m
    [33mtype[39m=[32m"text"[39m
    [33mvalue[39m=[32m"JIRA-0389"[39m
  [36m/>[39m

  Name "Description for change item 389":
  [36m<textarea[39m
    [33maria-describedby[39m=[32m"change-item-388-desc-help"[39m
    [33maria-invalid[39m=[32m"false"[39m
    [33maria-label[39m=[32m"Description for change item 389"[39m
    [33mclass[39m=[32m"MuiInputBase-input MuiOutlinedInput-input css-w4nesw-MuiInputBase-input-MuiOutlinedInput-input"[39m
    [33mid[39m=[32m"_r_1ap_"[39m
    [33mmaxlength[39m=[32m"500"[39m
    [33mrequired[39m=[32m""[39m
    [33mrows[39m=[32m"3"[39m
    [33mstyle[39m=[32m"height: 0px; overflow: hidden;"[39m
  [36m/>[39m

  Name "Jira number for change item 390":
  [36m<input[39m
    [33maria-describedby[39m=[32m"change-item-389-jira-help"[39m
    [33maria-invalid[39m=[32m"false"[39m
    [33maria-label[39m=[32m"Jira number for change item 390"[39m
    [33mclass[39m=[32m"MuiInputBase-input MuiOutlinedInput-input css-16wblaj-MuiInputBase-input-MuiOutlinedInput-input"[39m
    [33mid[39m=[32m"_r_1ar_"[39m
    [33mmaxlength[39m=[32m"50"[39m
    [33mrequired[39m=[32m""[39m
    [33mtype[39m=[32m"text"[39m
    [33mvalue[39m=[32m"JIRA-0390"[39m
  [36m/>[39m

  Name "Description for change item 390":
  [36m<textarea[39m
    [33maria-describedby[39m=[32m"change-item-389-desc-help"[39m
    [33maria-invalid[39m=[32m"false"[39m
    [33maria-label[39m=[32m"Description for change item 390"[39m
    [33mclass[39m=[32m"MuiInputBase-input MuiOutlinedInput-input css-w4nesw-MuiInputBase-input-MuiOutlinedInput-input"[39m
    [33mid[39m=[32m"_r_1as_"[39m
    [33mmaxlength[39m=[32m"500"[39m
    [33mrequired[39m=[32m""[39m
    [33mrows[39m=[32m"3"[39m
    [33mstyle[39m=[32m"height: 0px; overflow: hidden;"[39m
  [36m/>[39m

  Name "Jira number for change item 391":
  [36m<input[39m
    [33maria-describedby[39m=[32m"change-item-390-jira-help"[39m
    [33maria-invalid[39m=[32m"false"[39m
    [33maria-label[39m=[32m"Jira number for change item 391"[39m
    [33mclass[39m=[32m"MuiInputBase-input MuiOutlinedInput-input css-16wblaj-MuiInputBase-input-MuiOutlinedInput-input"[39m
    [33mid[39m=[32m"_r_1au_"[39m
    [33mmaxlength[39m=[32m"50"[39m
    [33mrequired[39m=[32m""[39m
    [33mtype[39m=[32m"text"[39m
    [33mvalue[39m=[32m"JIRA-0391"[39m
  [36m/>[39m

  Name "Description for change item 391":
  [36m<textarea[39m
    [33maria-describedby[39m=[32m"change-item-390-desc-help"[39m
    [33maria-invalid[39m=[32m"false"[39m
    [33maria-label[39m=[32m"Description for change item 391"[39m
    [33mclass[39m=[32m"MuiInputBase-input MuiOutlinedInput-input css-w4nesw-MuiInputBase-input-MuiOutlinedInput-input"[39m
    [33mid[39m=[32m"_r_1av_"[39m
    [33mmaxlength[39m=[32m"500"[39m
    [33mrequired[39m=[32m""[39m
    [33mrows[39m=[32m"3"[39m
    [33mstyle[39m=[32m"height: 0px; overflow: hidden;"[39m
  [36m/>[39m

  Name "Jira number for change item 392":
  [36m<input[39m
    [33maria-describedby[39m=[32m"change-item-391-jira-help"[39m
    [33maria-invalid[39m=[32m"false"[39m
    [33maria-label[39m=[32m"Jira number for change item 392"[39m
    [33mclass[39m=[32m"MuiInputBase-input MuiOutlinedInput-input css-16wblaj-MuiInputBase-input-MuiOutlinedInput-input"[39m
    [33mid[39m=[32m"_r_1b1_"[39m
    [33mmaxlength[39m=[32m"50"[39m
    [33mrequired[39m=[32m""[39m
    [33mtype[39m=[32m"text"[39m
    [33mvalue[39m=[32m"JIRA-0392"[39m
  [36m/>[39m

  Name "Description for change item 392":
  [36m<textarea[39m
    [33maria-describedby[39m=[32m"change-item-391-desc-help"[39m
    [33maria-invalid[39m=[32m"false"[39m
    [33maria-label[39m=[32m"Description for change item 392"[39m
    [33mclass[39m=[32m"MuiInputBase-input MuiOutlinedInput-input css-w4nesw-MuiInputBase-input-MuiOutlinedInput-input"[39m
    [33mid[39m=[32m"_r_1b2_"[39m
    [33mmaxlength[39m=[32m"500"[39m
    [33mrequired[39m=[32m""[39m
    [33mrows[39m=[32m"3"[39m
    [33mstyle[39m=[32m"height: 0px; overflow: hidden;"[39m
  [36m/>[39m

  Name "Jira number for change item 393":
  [36m<input[39m
    [33maria-describedby[39m=[32m"change-item-392-jira-help"[39m
    [33maria-invalid[39m=[32m"false"[39m
    [33maria-label[39m=[32m"Jira number for change item 393"[39m
    [33mclass[39m=[32m"MuiInputBase-input MuiOutlinedInput-input css-16wblaj-MuiInputBase-input-MuiOutlinedInput-input"[39m
    [33mid[39m=[32m"_r_1b4_"[39m
    [33mmaxlength[39m=[32m"50"[39m
    [33mrequired[39m=[32m""[39m
    [33mtype[39m=[32m"text"[39m
    [33mvalue[39m=[32m"JIRA-0393"[39m
  [36m/>[39m

  Name "Description for change item 393":
  [36m<textarea[39m
    [33maria-describedby[39m=[32m"change-item-392-desc-help"[39m
    [33maria-invalid[39m=[32m"false"[39m
    [33maria-label[39m=[32m"Description for change item 393"[39m
    [33mclass[39m=[32m"MuiInputBase-input MuiOutlinedInput-input css-w4nesw-MuiInputBase-input-MuiOutlinedInput-input"[39m
    [33mid[39m=[32m"_r_1b5_"[39m
    [33mmaxlength[39m=[32m"500"[39m
    [33mrequired[39m=[32m""[39m
    [33mrows[39m=[32m"3"[39m
    [33mstyle[39m=[32m"height: 0px; overflow: hidden;"[39m
  [36m/>[39m

  Name "Jira number for change item 394":
  [36m<input[39m
    [33maria-describedby[39m=[32m"change-item-393-jira-help"[39m
    [33maria-invalid[39m=[32m"false"[39m
    [33maria-label[39m=[32m"Jira number for change item 394"[39m
    [33mclass[39m=[32m"MuiInputBase-input MuiOutlinedInput-input css-16wblaj-MuiInputBase-input-MuiOutlinedInput-input"[39m
    [33mid[39m=[32m"_r_1b7_"[39m
    [33mmaxlength[39m=[32m"50"[39m
    [33mrequired[39m=[32m""[39m
    [33mtype[39m=[32m"text"[39m
    [33mvalue[39m=[32m"JIRA-0394"[39m
  [36m/>[39m

  Name "Description for change item 394":
  [36m<textarea[39m
    [33maria-describedby[39m=[32m"change-item-393-desc-help"[39m
    [33maria-invalid[39m=[32m"false"[39m
    [33maria-label[39m=[32m"Description for change item 394"[39m
    [33mclass[39m=[32m"MuiInputBase-input MuiOutlinedInput-input css-w4nesw-MuiInputBase-input-MuiOutlinedInput-input"[39m
    [33mid[39m=[32m"_r_1b8_"[39m
    [33mmaxlength[39m=[32m"500"[39m
    [33mrequired[39m=[32m""[39m
    [33mrows[39m=[32m"3"[39m
    [33mstyle[39m=[32m"height: 0px; overflow: hidden;"[39m
  [36m/>[39m

  Name "Jira number for change item 395":
  [36m<input[39m
    [33maria-describedby[39m=[32m"change-item-394-jira-help"[39m
    [33maria-invalid[39m=[32m"false"[39m
    [33maria-label[39m=[32m"Jira number for change item 395"[39m
    [33mclass[39m=[32m"MuiInputBase-input MuiOutlinedInput-input css-16wblaj-MuiInputBase-input-MuiOutlinedInput-input"[39m
    [33mid[39m=[32m"_r_1ba_"[39m
    [33mmaxlength[39m=[32m"50"[39m
    [33mrequired[39m=[32m""[39m
    [33mtype[39m=[32m"text"[39m
    [33mvalue[39m=[32m"JIRA-0395"[39m
  [36m/>[39m

  Name "Description for change item 395":
  [36m<textarea[39m
    [33maria-describedby[39m=[32m"change-item-394-desc-help"[39m
    [33maria-invalid[39m=[32m"false"[39m
    [33maria-label[39m=[32m"Description for change item 395"[39m
    [33mclass[39m=[32m"MuiInputBase-input MuiOutlinedInput-input css-w4nesw-MuiInputBase-input-MuiOutlinedInput-input"[39m
    [33mid[39m=[32m"_r_1bb_"[39m
    [33mmaxlength[39m=[32m"500"[39m
    [33mrequired[39m=[32m""[39m
    [33mrows[39m=[32m"3"[39m
    [33mstyle[39m=[32m"height: 0px; overflow: hidden;"[39m
  [36m/>[39m

  Name "Jira number for change item 396":
  [36m<input[39m
    [33maria-describedby[39m=[32m"change-item-395-jira-help"[39m
    [33maria-invalid[39m=[32m"false"[39m
    [33maria-label[39m=[32m"Jira number for change item 396"[39m
    [33mclass[39m=[32m"MuiInputBase-input MuiOutlinedInput-input css-16wblaj-MuiInputBase-input-MuiOutlinedInput-input"[39m
    [33mid[39m=[32m"_r_1bd_"[39m
    [33mmaxlength[39m=[32m"50"[39m
    [33mrequired[39m=[32m""[39m
    [33mtype[39m=[32m"text"[39m
    [33mvalue[39m=[32m"JIRA-0396"[39m
  [36m/>[39m

  Name "Description for change item 396":
  [36m<textarea[39m
    [33maria-describedby[39m=[32m"change-item-395-desc-help"[39m
    [33maria-invalid[39m=[32m"false"[39m
    [33maria-label[39m=[32m"Description for change item 396"[39m
    [33mclass[39m=[32m"MuiInputBase-input MuiOutlinedInput-input css-w4nesw-MuiInputBase-input-MuiOutlinedInput-input"[39m
    [33mid[39m=[32m"_r_1be_"[39m
    [33mmaxlength[39m=[32m"500"[39m
    [33mrequired[39m=[32m""[39m
    [33mrows[39m=[32m"3"[39m
    [33mstyle[39m=[32m"height: 0px; overflow: hidden;"[39m
  [36m/>[39m

  Name "Jira number for change item 397":
  [36m<input[39m
    [33maria-describedby[39m=[32m"change-item-396-jira-help"[39m
    [33maria-invalid[39m=[32m"false"[39m
    [33maria-label[39m=[32m"Jira number for change item 397"[39m
    [33mclass[39m=[32m"MuiInputBase-input MuiOutlinedInput-input css-16wblaj-MuiInputBase-input-MuiOutlinedInput-input"[39m
    [33mid[39m=[32m"_r_1bg_"[39m
    [33mmaxlength[39m=[32m"50"[39m
    [33mrequired[39m=[32m""[39m
    [33mtype[39m=[32m"text"[39m
    [33mvalue[39m=[32m"JIRA-0397"[39m
  [36m/>[39m

  Name "Description for change item 397":
  [36m<textarea[39m
    [33maria-describedby[39m=[32m"change-item-396-desc-help"[39m
    [33maria-invalid[39m=[32m"false"[39m
    [33maria-label[39m=[32m"Description for change item 397"[39m
    [33mclass[39m=[32m"MuiInputBase-input MuiOutlinedInput-input css-w4nesw-MuiInputBase-input-MuiOutlinedInput-input"[39m
    [33mid[39m=[32m"_r_1bh_"[39m
    [33mmaxlength[39m=[32m"500"[39m
    [33mrequired[39m=[32m""[39m
    [33mrows[39m=[32m"3"[39m
    [33mstyle[39m=[32m"height: 0px; overflow: hidden;"[39m
  [36m/>[39m

  Name "Jira number for change item 398":
  [36m<input[39m
    [33maria-describedby[39m=[32m"change-item-397-jira-help"[39m
    [33maria-invalid[39m=[32m"false"[39m
    [33maria-label[39m=[32m"Jira number for change item 398"[39m
    [33mclass[39m=[32m"MuiInputBase-input MuiOutlinedInput-input css-16wblaj-MuiInputBase-input-MuiOutlinedInput-input"[39m
    [33mid[39m=[32m"_r_1bj_"[39m
    [33mmaxlength[39m=[32m"50"[39m
    [33mrequired[39m=[32m""[39m
    [33mtype[39m=[32m"text"[39m
    [33mvalue[39m=[32m"JIRA-0398"[39m
  [36m/>[39m

  Name "Description for change item 398":
  [36m<textarea[39m
    [33maria-describedby[39m=[32m"change-item-397-desc-help"[39m
    [33maria-invalid[39m=[32m"false"[39m
    [33maria-label[39m=[32m"Description for change item 398"[39m
    [33mclass[39m=[32m"MuiInputBase-input MuiOutlinedInput-input css-w4nesw-MuiInputBase-input-MuiOutlinedInput-input"[39m
    [33mid[39m=[32m"_r_1bk_"[39m
    [33mmaxlength[39m=[32m"500"[39m
    [33mrequired[39m=[32m""[39m
    [33mrows[39m=[32m"3"[39m
    [33mstyle[39m=[32m"height: 0px; overflow: hidden;"[39m
  [36m/>[39m

  Name "Jira number for change item 399":
  [36m<input[39m
    [33maria-describedby[39m=[32m"change-item-398-jira-help"[39m
    [33maria-invalid[39m=[32m"false"[39m
    [33maria-label[39m=[32m"Jira number for change item 399"[39m
    [33mclass[39m=[32m"MuiInputBase-input MuiOutlinedInput-input css-16wblaj-MuiInputBase-input-MuiOutlinedInput-input"[39m
    [33mid[39m=[32m"_r_1bm_"[39m
    [33mmaxlength[39m=[32m"50"[39m
    [33mrequired[39m=[32m""[39m
    [33mtype[39m=[32m"text"[39m
    [33mvalue[39m=[32m"JIRA-0399"[39m
  [36m/>[39m

  Name "Description for change item 399":
  [36m<textarea[39m
    [33maria-describedby[39m=[32m"change-item-398-desc-help"[39m
    [33maria-invalid[39m=[32m"false"[39m
    [33maria-label[39m=[32m"Description for change item 399"[39m
    [33mclass[39m=[32m"MuiInputBase-input MuiOutlinedInput-input css-w4nesw-MuiInputBase-input-MuiOutlinedInput-input"[39m
    [33mid[39m=[32m"_r_1bn_"[39m
    [33mmaxlength[39m=[32m"500"[39m
    [33mrequired[39m=[32m""[39m
    [33mrows[39m=[32m"3"[39m
    [33mstyle[39m=[32m"height: 0px; overflow: hidden;"[39m
  [36m/>[39m

  Name "Jira number for change item 400":
  [36m<input[39m
    [33maria-describedby[39m=[32m"change-item-399-jira-help"[39m
    [33maria-invalid[39m=[32m"false"[39m
    [33maria-label[39m=[32m"Jira number for change item 400"[39m
    [33mclass[39m=[32m"MuiInputBase-input MuiOutlinedInput-input css-16wblaj-MuiInputBase-input-MuiOutlinedInput-input"[39m
    [33mid[39m=[32m"_r_1bp_"[39m
    [33mmaxlength[39m=[32m"50"[39m
    [33mrequired[39m=[32m""[39m
    [33mtype[39m=[32m"text"[39m
    [33mvalue[39m=[32m"JIRA-0400"[39m
  [36m/>[39m

  Name "Description for change item 400":
  [36m<textarea[39m
    [33maria-describedby[39m=[32m"change-item-399-desc-help"[39m
    [33maria-invalid[39m=[32m"false"[39m
    [33maria-label[39m=[32m"Description for change item 400"[39m
    [33mclass[39m=[32m"MuiInputBase-input MuiOutlinedInput-input css-w4nesw-MuiInputBase-input-MuiOutlinedInput-input"[39m
    [33mid[39m=[32m"_r_1bq_"[39m
    [33mmaxlength[39m=[32m"500"[39m
    [33mrequired[39m=[32m""[39m
    [33mrows[39m=[32m"3"[39m
    [33mstyle[39m=[32m"height: 0px; overflow: hidden;"[39m
  [36m/>[39m

  Name "Jira number for change item 401":
  [36m<input[39m
    [33maria-describedby[39m=[32m"change-item-400-jira-help"[39m
    [33maria-invalid[39m=[32m"false"[39m
    [33maria-label[39m=[32m"Jira number for change item 401"[39m
    [33mclass[39m=[32m"MuiInputBase-input MuiOutlinedInput-input css-16wblaj-MuiInputBase-input-MuiOutlinedInput-input"[39m
    [33mid[39m=[32m"_r_1bs_"[39m
    [33mmaxlength[39m=[32m"50"[39m
    [33mrequired[39m=[32m""[39m
    [33mtype[39m=[32m"text"[39m
    [33mvalue[39m=[32m"JIRA-0401"[39m
  [36m/>[39m

  Name "Description for change item 401":
  [36m<textarea[39m
    [33maria-describedby[39m=[32m"change-item-400-desc-help"[39m
    [33maria-invalid[39m=[32m"false"[39m
    [33maria-label[39m=[32m"Description for change item 401"[39m
    [33mclass[39m=[32m"MuiInputBase-input MuiOutlinedInput-input css-w4nesw-MuiInputBase-input-MuiOutlinedInput-input"[39m
    [33mid[39m=[32m"_r_1bt_"[39m
    [33mmaxlength[39m=[32m"500"[39m
    [33mrequired[39m=[32m""[39m
    [33mrows[39m=[32m"3"[39m
    [33mstyle[39m=[32m"height: 0px; overflow: hidden;"[39m
  [36m/>[39m

  Name "Jira number for change item 402":
  [36m<input[39m
    [33maria-describedby[39m=[32m"change-item-401-jira-help"[39m
    [33maria-invalid[39m=[32m"false"[39m
    [33maria-label[39m=[32m"Jira number for change item 402"[39m
    [33mclass[39m=[32m"MuiInputBase-input MuiOutlinedInput-input css-16wblaj-MuiInputBase-input-MuiOutlinedInput-input"[39m
    [33mid[39m=[32m"_r_1bv_"[39m
    [33mmaxlength[39m=[32m"50"[39m
    [33mrequired[39m=[32m""[39m
    [33mtype[39m=[32m"text"[39m
    [33mvalue[39m=[32m"JIRA-0402"[39m
  [36m/>[39m

  Name "Description for change item 402":
  [36m<textarea[39m
    [33maria-describedby[39m=[32m"change-item-401-desc-help"[39m
    [33maria-invalid[39m=[32m"false"[39m
    [33maria-label[39m=[32m"Description for change item 402"[39m
    [33mclass[39m=[32m"MuiInputBase-input MuiOutlinedInput-input css-w4nesw-MuiInputBase-input-MuiOutlinedInput-input"[39m
    [33mid[39m=[32m"_r_1c0_"[39m
    [33mmaxlength[39m=[32m"500"[39m
    [33mrequired[39m=[32m""[39m
    [33mrows[39m=[32m"3"[39m
    [33mstyle[39m=[32m"height: 0px; overflow: hidden;"[39m
  [36m/>[39m

  Name "Jira number for change item 403":
  [36m<input[39m
    [33maria-describedby[39m=[32m"change-item-402-jira-help"[39m
    [33maria-invalid[39m=[32m"false"[39m
    [33maria-label[39m=[32m"Jira number for change item 403"[39m
    [33mclass[39m=[32m"MuiInputBase-input MuiOutlinedInput-input css-16wblaj-MuiInputBase-input-MuiOutlinedInput-input"[39m
    [33mid[39m=[32m"_r_1c2_"[39m
    [33mmaxlength[39m=[32m"50"[39m
    [33mrequired[39m=[32m""[39m
    [33mtype[39m=[32m"text"[39m
    [33mvalue[39m=[32m"JIRA-0403"[39m
  [36m/>[39m

  Name "Description for change item 403":
  [36m<textarea[39m
    [33maria-describedby[39m=[32m"change-item-402-desc-help"[39m
    [33maria-invalid[39m=[32m"false"[39m
    [33maria-label[39m=[32m"Description for change item 403"[39m
    [33mclass[39m=[32m"MuiInputBase-input MuiOutlinedInput-input css-w4nesw-MuiInputBase-input-MuiOutlinedInput-input"[39m
    [33mid[39m=[32m"_r_1c3_"[39m
    [33mmaxlength[39m=[32m"500"[39m
    [33mrequired[39m=[32m""[39m
    [33mrows[39m=[32m"3"[39m
    [33mstyle[39m=[32m"height: 0px; overflow: hidden;"[39m
  [36m/>[39m

  Name "Jira number for change item 404":
  [36m<input[39m
    [33maria-describedby[39m=[32m"change-item-403-jira-help"[39m
    [33maria-invalid[39m=[32m"false"[39m
    [33maria-label[39m=[32m"Jira number for change item 404"[39m
    [33mclass[39m=[32m"MuiInputBase-input MuiOutlinedInput-input css-16wblaj-MuiInputBase-input-MuiOutlinedInput-input"[39m
    [33mid[39m=[32m"_r_1c5_"[39m
    [33mmaxlength[39m=[32m"50"[39m
    [33mrequired[39m=[32m""[39m
    [33mtype[39m=[32m"text"[39m
    [33mvalue[39m=[32m"JIRA-0404"[39m
  [36m/>[39m

  Name "Description for change item 404":
  [36m<textarea[39m
    [33maria-describedby[39m=[32m"change-item-403-desc-help"[39m
    [33maria-invalid[39m=[32m"false"[39m
    [33maria-label[39m=[32m"Description for change item 404"[39m
    [33mclass[39m=[32m"MuiInputBase-input MuiOutlinedInput-input css-w4nesw-MuiInputBase-input-MuiOutlinedInput-input"[39m
    [33mid[39m=[32m"_r_1c6_"[39m
    [33mmaxlength[39m=[32m"500"[39m
    [33mrequired[39m=[32m""[39m
    [33mrows[39m=[32m"3"[39m
    [33mstyle[39m=[32m"height: 0px; overflow: hidden;"[39m
  [36m/>[39m

  Name "Jira number for change item 405":
  [36m<input[39m
    [33maria-describedby[39m=[32m"change-item-404-jira-help"[39m
    [33maria-invalid[39m=[32m"false"[39m
    [33maria-label[39m=[32m"Jira number for change item 405"[39m
    [33mclass[39m=[32m"MuiInputBase-input MuiOutlinedInput-input css-16wblaj-MuiInputBase-input-MuiOutlinedInput-input"[39m
    [33mid[39m=[32m"_r_1c8_"[39m
    [33mmaxlength[39m=[32m"50"[39m
    [33mrequired[39m=[32m""[39m
    [33mtype[39m=[32m"text"[39m
    [33mvalue[39m=[32m"JIRA-0405"[39m
  [36m/>[39m

  Name "Description for change item 405":
  [36m<textarea[39m
    [33maria-describedby[39m=[32m"change-item-404-desc-help"[39m
    [33maria-invalid[39m=[32m"false"[39m
    [33maria-label[39m=[32m"Description for change item 405"[39m
    [33mclass[39m=[32m"MuiInputBase-input MuiOutlinedInput-input css-w4nesw-MuiInputBase-input-MuiOutlinedInput-input"[39m
    [33mid[39m=[32m"_r_1c9_"[39m
    [33mmaxlength[39m=[32m"500"[39m
    [33mrequired[39m=[32m""[39m
    [33mrows[39m=[32m"3"[39m
    [33mstyle[39m=[32m"height: 0px; overflow: hidden;"[39m
  [36m/>[39m

  Name "Jira number for change item 406":
  [36m<input[39m
    [33maria-describedby[39m=[32m"change-item-405-jira-help"[39m
    [33maria-invalid[39m=[32m"false"[39m
    [33maria-label[39m=[32m"Jira number for change item 406"[39m
    [33mclass[39m=[32m"MuiInputBase-input MuiOutlinedInput-input css-16wblaj-MuiInputBase-input-MuiOutlinedInput-input"[39m
    [33mid[39m=[32m"_r_1cb_"[39m
    [33mmaxlength[39m=[32m"50"[39m
    [33mrequired[39m=[32m""[39m
    [33mtype[39m=[32m"text"[39m
    [33mvalue[39m=[32m"JIRA-0406"[39m
  [36m/>[39m

  Name "Description for change item 406":
  [36m<textarea[39m
    [33maria-describedby[39m=[32m"change-item-405-desc-help"[39m
    [33maria-invalid[39m=[32m"false"[39m
    [33maria-label[39m=[32m"Description for change item 406"[39m
    [33mclass[39m=[32m"MuiInputBase-input MuiOutlinedInput-input css-w4nesw-MuiInputBase-input-MuiOutlinedInput-input"[39m
    [33mid[39m=[32m"_r_1cc_"[39m
    [33mmaxlength[39m=[32m"500"[39m
    [33mrequired[39m=[32m""[39m
    [33mrows[39m=[32m"3"[39m
    [33mstyle[39m=[32m"height: 0px; overflow: hidden;"[39m
  [36m/>[39m

  Name "Jira number for change item 407":
  [36m<input[39m
    [33maria-describedby[39m=[32m"change-item-406-jira-help"[39m
    [33maria-invalid[39m=[32m"false"[39m
    [33maria-label[39m=[32m"Jira number for change item 407"[39m
    [33mclass[39m=[32m"MuiInputBase-input MuiOutlinedInput-input css-16wblaj-MuiInputBase-input-MuiOutlinedInput-input"[39m
    [33mid[39m=[32m"_r_1ce_"[39m
    [33mmaxlength[39m=[32m"50"[39m
    [33mrequired[39m=[32m""[39m
    [33mtype[39m=[32m"text"[39m
    [33mvalue[39m=[32m"JIRA-0407"[39m
  [36m/>[39m

  Name "Description for change item 407":
  [36m<textarea[39m
    [33maria-describedby[39m=[32m"change-item-406-desc-help"[39m
    [33maria-invalid[39m=[32m"false"[39m
    [33maria-label[39m=[32m"Description for change item 407"[39m
    [33mclass[39m=[32m"MuiInputBase-input MuiOutlinedInput-input css-w4nesw-MuiInputBase-input-MuiOutlinedInput-input"[39m
    [33mid[39m=[32m"_r_1cf_"[39m
    [33mmaxlength[39m=[32m"500"[39m
    [33mrequired[39m=[32m""[39m
    [33mrows[39m=[32m"3"[39m
    [33mstyle[39m=[32m"height: 0px; overflow: hidden;"[39m
  [36m/>[39m

  Name "Jira number for change item 408":
  [36m<input[39m
    [33maria-describedby[39m=[32m"change-item-407-jira-help"[39m
    [33maria-invalid[39m=[32m"false"[39m
    [33maria-label[39m=[32m"Jira number for change item 408"[39m
    [33mclass[39m=[32m"MuiInputBase-input MuiOutlinedInput-input css-16wblaj-MuiInputBase-input-MuiOutlinedInput-input"[39m
    [33mid[39m=[32m"_r_1ch_"[39m
    [33mmaxlength[39m=[32m"50"[39m
    [33mrequired[39m=[32m""[39m
    [33mtype[39m=[32m"text"[39m
    [33mvalue[39m=[32m"JIRA-0408"[39m
  [36m/>[39m

  Name "Description for change item 408":
  [36m<textarea[39m
    [33maria-describedby[39m=[32m"change-item-407-desc-help"[39m
    [33maria-invalid[39m=[32m"false"[39m
    [33maria-label[39m=[32m"Description for change item 408"[39m
    [33mclass[39m=[32m"MuiInputBase-input MuiOutlinedInput-input css-w4nesw-MuiInputBase-input-MuiOutlinedInput-input"[39m
    [33mid[39m=[32m"_r_1ci_"[39m
    [33mmaxlength[39m=[32m"500"[39m
    [33mrequired[39m=[32m""[39m
    [33mrows[39m=[32m"3"[39m
    [33mstyle[39m=[32m"height: 0px; overflow: hidden;"[39m
  [36m/>[39m

  Name "Jira number for change item 409":
  [36m<input[39m
    [33maria-describedby[39m=[32m"change-item-408-jira-help"[39m
    [33maria-invalid[39m=[32m"false"[39m
    [33maria-label[39m=[32m"Jira number for change item 409"[39m
    [33mclass[39m=[32m"MuiInputBase-input MuiOutlinedInput-input css-16wblaj-MuiInputBase-input-MuiOutlinedInput-input"[39m
    [33mid[39m=[32m"_r_1ck_"[39m
    [33mmaxlength[39m=[32m"50"[39m
    [33mrequired[39m=[32m""[39m
    [33mtype[39m=[32m"text"[39m
    [33mvalue[39m=[32m"JIRA-0409"[39m
  [36m/>[39m

  Name "Description for change item 409":
  [36m<textarea[39m
    [33maria-describedby[39m=[32m"change-item-408-desc-help"[39m
    [33maria-invalid[39m=[32m"false"[39m
    [33maria-label[39m=[32m"Description for change item 409"[39m
    [33mclass[39m=[32m"MuiInputBase-input MuiOutlinedInput-input css-w4nesw-MuiInputBase-input-MuiOutlinedInput-input"[39m
    [33mid[39m=[32m"_r_1cl_"[39m
    [33mmaxlength[39m=[32m"500"[39m
    [33mrequired[39m=[32m""[39m
    [33mrows[39m=[32m"3"[39m
    [33mstyle[39m=[32m"height: 0px; overflow: hidden;"[39m
  [36m/>[39m

  Name "Jira number for change item 410":
  [36m<input[39m
    [33maria-describedby[39m=[32m"change-item-409-jira-help"[39m
    [33maria-invalid[39m=[32m"false"[39m
    [33maria-label[39m=[32m"Jira number for change item 410"[39m
    [33mclass[39m=[32m"MuiInputBase-input MuiOutlinedInput-input css-16wblaj-MuiInputBase-input-MuiOutlinedInput-input"[39m
    [33mid[39m=[32m"_r_1cn_"[39m
    [33mmaxlength[39m=[32m"50"[39m
    [33mrequired[39m=[32m""[39m
    [33mtype[39m=[32m"text"[39m
    [33mvalue[39m=[32m"JIRA-0410"[39m
  [36m/>[39m

  Name "Description for change item 410":
  [36m<textarea[39m
    [33maria-describedby[39m=[32m"change-item-409-desc-help"[39m
    [33maria-invalid[39m=[32m"false"[39m
    [33maria-label[39m=[32m"Description for change item 410"[39m
    [33mclass[39m=[32m"MuiInputBase-input MuiOutlinedInput-input css-w4nesw-MuiInputBase-input-MuiOutlinedInput-input"[39m
    [33mid[39m=[32m"_r_1co_"[39m
    [33mmaxlength[39m=[32m"500"[39m
    [33mrequired[39m=[32m""[39m
    [33mrows[39m=[32m"3"[39m
    [33mstyle[39m=[32m"height: 0px; overflow: hidden;"[39m
  [36m/>[39m

  Name "Jira number for change item 411":
  [36m<input[39m
    [33maria-describedby[39m=[32m"change-item-410-jira-help"[39m
    [33maria-invalid[39m=[32m"false"[39m
    [33maria-label[39m=[32m"Jira number for change item 411"[39m
    [33mclass[39m=[32m"MuiInputBase-input MuiOutlinedInput-input css-16wblaj-MuiInputBase-input-MuiOutlinedInput-input"[39m
    [33mid[39m=[32m"_r_1cq_"[39m
    [33mmaxlength[39m=[32m"50"[39m
    [33mrequired[39m=[32m""[39m
    [33mtype[39m=[32m"text"[39m
    [33mvalue[39m=[32m"JIRA-0411"[39m
  [36m/>[39m

  Name "Description for change item 411":
  [36m<textarea[39m
    [33maria-describedby[39m=[32m"change-item-410-desc-help"[39m
    [33maria-invalid[39m=[32m"false"[39m
    [33maria-label[39m=[32m"Description for change item 411"[39m
    [33mclass[39m=[32m"MuiInputBase-input MuiOutlinedInput-input css-w4nesw-MuiInputBase-input-MuiOutlinedInput-input"[39m
    [33mid[39m=[32m"_r_1cr_"[39m
    [33mmaxlength[39m=[32m"500"[39m
    [33mrequired[39m=[32m""[39m
    [33mrows[39m=[32m"3"[39m
    [33mstyle[39m=[32m"height: 0px; overflow: hidden;"[39m
  [36m/>[39m

  Name "Jira number for change item 412":
  [36m<input[39m
    [33maria-describedby[39m=[32m"change-item-411-jira-help"[39m
    [33maria-invalid[39m=[32m"false"[39m
    [33maria-label[39m=[32m"Jira number for change item 412"[39m
    [33mclass[39m=[32m"MuiInputBase-input MuiOutlinedInput-input css-16wblaj-MuiInputBase-input-MuiOutlinedInput-input"[39m
    [33mid[39m=[32m"_r_1ct_"[39m
    [33mmaxlength[39m=[32m"50"[39m
    [33mrequired[39m=[32m""[39m
    [33mtype[39m=[32m"text"[39m
    [33mvalue[39m=[32m"JIRA-0412"[39m
  [36m/>[39m

  Name "Description for change item 412":
  [36m<textarea[39m
    [33maria-describedby[39m=[32m"change-item-411-desc-help"[39m
    [33maria-invalid[39m=[32m"false"[39m
    [33maria-label[39m=[32m"Description for change item 412"[39m
    [33mclass[39m=[32m"MuiInputBase-input MuiOutlinedInput-input css-w4nesw-MuiInputBase-input-MuiOutlinedInput-input"[39m
    [33mid[39m=[32m"_r_1cu_"[39m
    [33mmaxlength[39m=[32m"500"[39m
    [33mrequired[39m=[32m""[39m
    [33mrows[39m=[32m"3"[39m
    [33mstyle[39m=[32m"height: 0px; overflow: hidden;"[39m
  [36m/>[39m

  Name "Jira number for change item 413":
  [36m<input[39m
    [33maria-describedby[39m=[32m"change-item-412-jira-help"[39m
    [33maria-invalid[39m=[32m"false"[39m
    [33maria-label[39m=[32m"Jira number for change item 413"[39m
    [33mclass[39m=[32m"MuiInputBase-input MuiOutlinedInput-input css-16wblaj-MuiInputBase-input-MuiOutlinedInput-input"[39m
    [33mid[39m=[32m"_r_1d0_"[39m
    [33mmaxlength[39m=[32m"50"[39m
    [33mrequired[39m=[32m""[39m
    [33mtype[39m=[32m"text"[39m
    [33mvalue[39m=[32m"JIRA-0413"[39m
  [36m/>[39m

  Name "Description for change item 413":
  [36m<textarea[39m
    [33maria-describedby[39m=[32m"change-item-412-desc-help"[39m
    [33maria-invalid[39m=[32m"false"[39m
    [33maria-label[39m=[32m"Description for change item 413"[39m
    [33mclass[39m=[32m"MuiInputBase-input MuiOutlinedInput-input css-w4nesw-MuiInputBase-input-MuiOutlinedInput-input"[39m
    [33mid[39m=[32m"_r_1d1_"[39m
    [33mmaxlength[39m=[32m"500"[39m
    [33mrequired[39m=[32m""[39m
    [33mrows[39m=[32m"3"[39m
    [33mstyle[39m=[32m"height: 0px; overflow: hidden;"[39m
  [36m/>[39m

  Name "Jira number for change item 414":
  [36m<input[39m
    [33maria-describedby[39m=[32m"change-item-413-jira-help"[39m
    [33maria-invalid[39m=[32m"false"[39m
    [33maria-label[39m=[32m"Jira number for change item 414"[39m
    [33mclass[39m=[32m"MuiInputBase-input MuiOutlinedInput-input css-16wblaj-MuiInputBase-input-MuiOutlinedInput-input"[39m
    [33mid[39m=[32m"_r_1d3_"[39m
    [33mmaxlength[39m=[32m"50"[39m
    [33mrequired[39m=[32m""[39m
    [33mtype[39m=[32m"text"[39m
    [33mvalue[39m=[32m"JIRA-0414"[39m
  [36m/>[39m

  Name "Description for change item 414":
  [36m<textarea[39m
    [33maria-describedby[39m=[32m"change-item-413-desc-help"[39m
    [33maria-invalid[39m=[32m"false"[39m
    [33maria-label[39m=[32m"Description for change item 414"[39m
    [33mclass[39m=[32m"MuiInputBase-input MuiOutlinedInput-input css-w4nesw-MuiInputBase-input-MuiOutlinedInput-input"[39m
    [33mid[39m=[32m"_r_1d4_"[39m
    [33mmaxlength[39m=[32m"500"[39m
    [33mrequired[39m=[32m""[39m
    [33mrows[39m=[32m"3"[39m
    [33mstyle[39m=[32m"height: 0px; overflow: hidden;"[39m
  [36m/>[39m

  Name "Jira number for change item 415":
  [36m<input[39m
    [33maria-describedby[39m=[32m"change-item-414-jira-help"[39m
    [33maria-invalid[39m=[32m"false"[39m
    [33maria-label[39m=[32m"Jira number for change item 415"[39m
    [33mclass[39m=[32m"MuiInputBase-input MuiOutlinedInput-input css-16wblaj-MuiInputBase-input-MuiOutlinedInput-input"[39m
    [33mid[39m=[32m"_r_1d6_"[39m
    [33mmaxlength[39m=[32m"50"[39m
    [33mrequired[39m=[32m""[39m
    [33mtype[39m=[32m"text"[39m
    [33mvalue[39m=[32m"JIRA-0415"[39m
  [36m/>[39m

  Name "Description for change item 415":
  [36m<textarea[39m
    [33maria-describedby[39m=[32m"change-item-414-desc-help"[39m
    [33maria-invalid[39m=[32m"false"[39m
    [33maria-label[39m=[32m"Description for change item 415"[39m
    [33mclass[39m=[32m"MuiInputBase-input MuiOutlinedInput-input css-w4nesw-MuiInputBase-input-MuiOutlinedInput-input"[39m
    [33mid[39m=[32m"_r_1d7_"[39m
    [33mmaxlength[39m=[32m"500"[39m
    [33mrequired[39m=[32m""[39m
    [33mrows[39m=[32m"3"[39m
    [33mstyle[39m=[32m"height: 0px; overflow: hidden;"[39m
  [36m/>[39m

  Name "Jira number for change item 416":
  [36m<input[39m
    [33maria-describedby[39m=[32m"change-item-415-jira-help"[39m
    [33maria-invalid[39m=[32m"false"[39m
    [33maria-label[39m=[32m"Jira number for change item 416"[39m
    [33mclass[39m=[32m"MuiInputBase-input MuiOutlinedInput-input css-16wblaj-MuiInputBase-input-MuiOutlinedInput-input"[39m
    [33mid[39m=[32m"_r_1d9_"[39m
    [33mmaxlength[39m=[32m"50"[39m
    [33mrequired[39m=[32m""[39m
    [33mtype[39m=[32m"text"[39m
    [33mvalue[39m=[32m"JIRA-0416"[39m
  [36m/>[39m

  Name "Description for change item 416":
  [36m<textarea[39m
    [33maria-describedby[39m=[32m"change-item-415-desc-help"[39m
    [33maria-invalid[39m=[32m"false"[39m
    [33maria-label[39m=[32m"Description for change item 416"[39m
    [33mclass[39m=[32m"MuiInputBase-input MuiOutlinedInput-input css-w4nesw-MuiInputBase-input-MuiOutlinedInput-input"[39m
    [33mid[39m=[32m"_r_1da_"[39m
    [33mmaxlength[39m=[32m"500"[39m
    [33mrequired[39m=[32m""[39m
    [33mrows[39m=[32m"3"[39m
    [33mstyle[39m=[32m"height: 0px; overflow: hidden;"[39m
  [36m/>[39m

  Name "Jira number for change item 417":
  [36m<input[39m
    [33maria-describedby[39m=[32m"change-item-416-jira-help"[39m
    [33maria-invalid[39m=[32m"false"[39m
    [33maria-label[39m=[32m"Jira number for change item 417"[39m
    [33mclass[39m=[32m"MuiInputBase-input MuiOutlinedInput-input css-16wblaj-MuiInputBase-input-MuiOutlinedInput-input"[39m
    [33mid[39m=[32m"_r_1dc_"[39m
    [33mmaxlength[39m=[32m"50"[39m
    [33mrequired[39m=[32m""[39m
    [33mtype[39m=[32m"text"[39m
    [33mvalue[39m=[32m"JIRA-0417"[39m
  [36m/>[39m

  Name "Description for change item 417":
  [36m<textarea[39m
    [33maria-describedby[39m=[32m"change-item-416-desc-help"[39m
    [33maria-invalid[39m=[32m"false"[39m
    [33maria-label[39m=[32m"Description for change item 417"[39m
    [33mclass[39m=[32m"MuiInputBase-input MuiOutlinedInput-input css-w4nesw-MuiInputBase-input-MuiOutlinedInput-input"[39m
    [33mid[39m=[32m"_r_1dd_"[39m
    [33mmaxlength[39m=[32m"500"[39m
    [33mrequired[39m=[32m""[39m
    [33mrows[39m=[32m"3"[39m
    [33mstyle[39m=[32m"height: 0px; overflow: hidden;"[39m
  [36m/>[39m

  Name "Jira number for change item 418":
  [36m<input[39m
    [33maria-describedby[39m=[32m"change-item-417-jira-help"[39m
    [33maria-invalid[39m=[32m"false"[39m
    [33maria-label[39m=[32m"Jira number for change item 418"[39m
    [33mclass[39m=[32m"MuiInputBase-input MuiOutlinedInput-input css-16wblaj-MuiInputBase-input-MuiOutlinedInput-input"[39m
    [33mid[39m=[32m"_r_1df_"[39m
    [33mmaxlength[39m=[32m"50"[39m
    [33mrequired[39m=[32m""[39m
    [33mtype[39m=[32m"text"[39m
    [33mvalue[39m=[32m"JIRA-0418"[39m
  [36m/>[39m

  Name "Description for change item 418":
  [36m<textarea[39m
    [33maria-describedby[39m=[32m"change-item-417-desc-help"[39m
    [33maria-invalid[39m=[32m"false"[39m
    [33maria-label[39m=[32m"Description for change item 418"[39m
    [33mclass[39m=[32m"MuiInputBase-input MuiOutlinedInput-input css-w4nesw-MuiInputBase-input-MuiOutlinedInput-input"[39m
    [33mid[39m=[32m"_r_1dg_"[39m
    [33mmaxlength[39m=[32m"500"[39m
    [33mrequired[39m=[32m""[39m
    [33mrows[39m=[32m"3"[39m
    [33mstyle[39m=[32m"height: 0px; overflow: hidden;"[39m
  [36m/>[39m

  Name "Jira number for change item 419":
  [36m<input[39m
    [33maria-describedby[39m=[32m"change-item-418-jira-help"[39m
    [33maria-invalid[39m=[32m"false"[39m
    [33maria-label[39m=[32m"Jira number for change item 419"[39m
    [33mclass[39m=[32m"MuiInputBase-input MuiOutlinedInput-input css-16wblaj-MuiInputBase-input-MuiOutlinedInput-input"[39m
    [33mid[39m=[32m"_r_1di_"[39m
    [33mmaxlength[39m=[32m"50"[39m
    [33mrequired[39m=[32m""[39m
    [33mtype[39m=[32m"text"[39m
    [33mvalue[39m=[32m"JIRA-0419"[39m
  [36m/>[39m

  Name "Description for change item 419":
  [36m<textarea[39m
    [33maria-describedby[39m=[32m"change-item-418-desc-help"[39m
    [33maria-invalid[39m=[32m"false"[39m
    [33maria-label[39m=[32m"Description for change item 419"[39m
    [33mclass[39m=[32m"MuiInputBase-input MuiOutlinedInput-input css-w4nesw-MuiInputBase-input-MuiOutlinedInput-input"[39m
    [33mid[39m=[32m"_r_1dj_"[39m
    [33mmaxlength[39m=[32m"500"[39m
    [33mrequired[39m=[32m""[39m
    [33mrows[39m=[32m"3"[39m
    [33mstyle[39m=[32m"height: 0px; overflow: hidden;"[39m
  [36m/>[39m

  Name "Jira number for change item 420":
  [36m<input[39m
    [33maria-describedby[39m=[32m"change-item-419-jira-help"[39m
    [33maria-invalid[39m=[32m"false"[39m
    [33maria-label[39m=[32m"Jira number for change item 420"[39m
    [33mclass[39m=[32m"MuiInputBase-input MuiOutlinedInput-input css-16wblaj-MuiInputBase-input-MuiOutlinedInput-input"[39m
    [33mid[39m=[32m"_r_1dl_"[39m
    [33mmaxlength[39m=[32m"50"[39m
    [33mrequired[39m=[32m""[39m
    [33mtype[39m=[32m"text"[39m
    [33mvalue[39m=[32m"JIRA-0420"[39m
  [36m/>[39m

  Name "Description for change item 420":
  [36m<textarea[39m
    [33maria-describedby[39m=[32m"change-item-419-desc-help"[39m
    [33maria-invalid[39m=[32m"false"[39m
    [33maria-label[39m=[32m"Description for change item 420"[39m
    [33mclass[39m=[32m"MuiInputBase-input MuiOutlinedInput-input css-w4nesw-MuiInputBase-input-MuiOutlinedInput-input"[39m
    [33mid[39m=[32m"_r_1dm_"[39m
    [33mmaxlength[39m=[32m"500"[39m
    [33mrequired[39m=[32m""[39m
    [33mrows[39m=[32m"3"[39m
    [33mstyle[39m=[32m"height: 0px; overflow: hidden;"[39m
  [36m/>[39m

  Name "Jira number for change item 421":
  [36m<input[39m
    [33maria-describedby[39m=[32m"change-item-420-jira-help"[39m
    [33maria-invalid[39m=[32m"false"[39m
    [33maria-label[39m=[32m"Jira number for change item 421"[39m
    [33mclass[39m=[32m"MuiInputBase-input MuiOutlinedInput-input css-16wblaj-MuiInputBase-input-MuiOutlinedInput-input"[39m
    [33mid[39m=[32m"_r_1do_"[39m
    [33mmaxlength[39m=[32m"50"[39m
    [33mrequired[39m=[32m""[39m
    [33mtype[39m=[32m"text"[39m
    [33mvalue[39m=[32m"JIRA-0421"[39m
  [36m/>[39m

  Name "Description for change item 421":
  [36m<textarea[39m
    [33maria-describedby[39m=[32m"change-item-420-desc-help"[39m
    [33maria-invalid[39m=[32m"false"[39m
    [33maria-label[39m=[32m"Description for change item 421"[39m
    [33mclass[39m=[32m"MuiInputBase-input MuiOutlinedInput-input css-w4nesw-MuiInputBase-input-MuiOutlinedInput-input"[39m
    [33mid[39m=[32m"_r_1dp_"[39m
    [33mmaxlength[39m=[32m"500"[39m
    [33mrequired[39m=[32m""[39m
    [33mrows[39m=[32m"3"[39m
    [33mstyle[39m=[32m"height: 0px; overflow: hidden;"[39m
  [36m/>[39m

  Name "Jira number for change item 422":
  [36m<input[39m
    [33maria-describedby[39m=[32m"change-item-421-jira-help"[39m
    [33maria-invalid[39m=[32m"false"[39m
    [33maria-label[39m=[32m"Jira number for change item 422"[39m
    [33mclass[39m=[32m"MuiInputBase-input MuiOutlinedInput-input css-16wblaj-MuiInputBase-input-MuiOutlinedInput-input"[39m
    [33mid[39m=[32m"_r_1dr_"[39m
    [33mmaxlength[39m=[32m"50"[39m
    [33mrequired[39m=[32m""[39m
    [33mtype[39m=[32m"text"[39m
    [33mvalue[39m=[32m"JIRA-0422"[39m
  [36m/>[39m

  Name "Description for change item 422":
  [36m<textarea[39m
    [33maria-describedby[39m=[32m"change-item-421-desc-help"[39m
    [33maria-invalid[39m=[32m"false"[39m
    [33maria-label[39m=[32m"Description for change item 422"[39m
    [33mclass[39m=[32m"MuiInputBase-input MuiOutlinedInput-input css-w4nesw-MuiInputBase-input-MuiOutlinedInput-input"[39m
    [33mid[39m=[32m"_r_1ds_"[39m
    [33mmaxlength[39m=[32m"500"[39m
    [33mrequired[39m=[32m""[39m
    [33mrows[39m=[32m"3"[39m
    [33mstyle[39m=[32m"height: 0px; overflow: hidden;"[39m
  [36m/>[39m

  Name "Jira number for change item 423":
  [36m<input[39m
    [33maria-describedby[39m=[32m"change-item-422-jira-help"[39m
    [33maria-invalid[39m=[32m"false"[39m
    [33maria-label[39m=[32m"Jira number for change item 423"[39m
    [33mclass[39m=[32m"MuiInputBase-input MuiOutlinedInput-input css-16wblaj-MuiInputBase-input-MuiOutlinedInput-input"[39m
    [33mid[39m=[32m"_r_1du_"[39m
    [33mmaxlength[39m=[32m"50"[39m
    [33mrequired[39m=[32m""[39m
    [33mtype[39m=[32m"text"[39m
    [33mvalue[39m=[32m"JIRA-0423"[39m
  [36m/>[39m

  Name "Description for change item 423":
  [36m<textarea[39m
    [33maria-describedby[39m=[32m"change-item-422-desc-help"[39m
    [33maria-invalid[39m=[32m"false"[39m
    [33maria-label[39m=[32m"Description for change item 423"[39m
    [33mclass[39m=[32m"MuiInputBase-input MuiOutlinedInput-input css-w4nesw-MuiInputBase-input-MuiOutlinedInput-input"[39m
    [33mid[39m=[32m"_r_1dv_"[39m
    [33mmaxlength[39m=[32m"500"[39m
    [33mrequired[39m=[32m""[39m
    [33mrows[39m=[32m"3"[39m
    [33mstyle[39m=[32m"height: 0px; overflow: hidden;"[39m
  [36m/>[39m

  Name "Jira number for change item 424":
  [36m<input[39m
    [33maria-describedby[39m=[32m"change-item-423-jira-help"[39m
    [33maria-invalid[39m=[32m"false"[39m
    [33maria-label[39m=[32m"Jira number for change item 424"[39m
    [33mclass[39m=[32m"MuiInputBase-input MuiOutlinedInput-input css-16wblaj-MuiInputBase-input-MuiOutlinedInput-input"[39m
    [33mid[39m=[32m"_r_1e1_"[39m
    [33mmaxlength[39m=[32m"50"[39m
    [33mrequired[39m=[32m""[39m
    [33mtype[39m=[32m"text"[39m
    [33mvalue[39m=[32m"JIRA-0424"[39m
  [36m/>[39m

  Name "Description for change item 424":
  [36m<textarea[39m
    [33maria-describedby[39m=[32m"change-item-423-desc-help"[39m
    [33maria-invalid[39m=[32m"false"[39m
    [33maria-label[39m=[32m"Description for change item 424"[39m
    [33mclass[39m=[32m"MuiInputBase-input MuiOutlinedInput-input css-w4nesw-MuiInputBase-input-MuiOutlinedInput-input"[39m
    [33mid[39m=[32m"_r_1e2_"[39m
    [33mmaxlength[39m=[32m"500"[39m
    [33mrequired[39m=[32m""[39m
    [33mrows[39m=[32m"3"[39m
    [33mstyle[39m=[32m"height: 0px; overflow: hidden;"[39m
  [36m/>[39m

  Name "Jira number for change item 425":
  [36m<input[39m
    [33maria-describedby[39m=[32m"change-item-424-jira-help"[39m
    [33maria-invalid[39m=[32m"false"[39m
    [33maria-label[39m=[32m"Jira number for change item 425"[39m
    [33mclass[39m=[32m"MuiInputBase-input MuiOutlinedInput-input css-16wblaj-MuiInputBase-input-MuiOutlinedInput-input"[39m
    [33mid[39m=[32m"_r_1e4_"[39m
    [33mmaxlength[39m=[32m"50"[39m
    [33mrequired[39m=[32m""[39m
    [33mtype[39m=[32m"text"[39m
    [33mvalue[39m=[32m"JIRA-0425"[39m
  [36m/>[39m

  Name "Description for change item 425":
  [36m<textarea[39m
    [33maria-describedby[39m=[32m"change-item-424-desc-help"[39m
    [33maria-invalid[39m=[32m"false"[39m
    [33maria-label[39m=[32m"Description for change item 425"[39m
    [33mclass[39m=[32m"MuiInputBase-input MuiOutlinedInput-input css-w4nesw-MuiInputBase-input-MuiOutlinedInput-input"[39m
    [33mid[39m=[32m"_r_1e5_"[39m
    [33mmaxlength[39m=[32m"500"[39m
    [33mrequired[39m=[32m""[39m
    [33mrows[39m=[32m"3"[39m
    [33mstyle[39m=[32m"height: 0px; overflow: hidden;"[39m
  [36m/>[39m

  Name "Jira number for change item 426":
  [36m<input[39m
    [33maria-describedby[39m=[32m"change-item-425-jira-help"[39m
    [33maria-invalid[39m=[32m"false"[39m
    [33maria-label[39m=[32m"Jira number for change item 426"[39m
    [33mclass[39m=[32m"MuiInputBase-input MuiOutlinedInput-input css-16wblaj-MuiInputBase-input-MuiOutlinedInput-input"[39m
    [33mid[39m=[32m"_r_1e7_"[39m
    [33mmaxlength[39m=[32m"50"[39m
    [33mrequired[39m=[32m""[39m
    [33mtype[39m=[32m"text"[39m
    [33mvalue[39m=[32m"JIRA-0426"[39m
  [36m/>[39m

  Name "Description for change item 426":
  [36m<textarea[39m
    [33maria-describedby[39m=[32m"change-item-425-desc-help"[39m
    [33maria-invalid[39m=[32m"false"[39m
    [33maria-label[39m=[32m"Description for change item 426"[39m
    [33mclass[39m=[32m"MuiInputBase-input MuiOutlinedInput-input css-w4nesw-MuiInputBase-input-MuiOutlinedInput-input"[39m
    [33mid[39m=[32m"_r_1e8_"[39m
    [33mmaxlength[39m=[32m"500"[39m
    [33mrequired[39m=[32m""[39m
    [33mrows[39m=[32m"3"[39m
    [33mstyle[39m=[32m"height: 0px; overflow: hidden;"[39m
  [36m/>[39m

  Name "Jira number for change item 427":
  [36m<input[39m
    [33maria-describedby[39m=[32m"change-item-426-jira-help"[39m
    [33maria-invalid[39m=[32m"false"[39m
    [33maria-label[39m=[32m"Jira number for change item 427"[39m
    [33mclass[39m=[32m"MuiInputBase-input MuiOutlinedInput-input css-16wblaj-MuiInputBase-input-MuiOutlinedInput-input"[39m
    [33mid[39m=[32m"_r_1ea_"[39m
    [33mmaxlength[39m=[32m"50"[39m
    [33mrequired[39m=[32m""[39m
    [33mtype[39m=[32m"text"[39m
    [33mvalue[39m=[32m"JIRA-0427"[39m
  [36m/>[39m

  Name "Description for change item 427":
  [36m<textarea[39m
    [33maria-describedby[39m=[32m"change-item-426-desc-help"[39m
    [33maria-invalid[39m=[32m"false"[39m
    [33maria-label[39m=[32m"Description for change item 427"[39m
    [33mclass[39m=[32m"MuiInputBase-input MuiOutlinedInput-input css-w4nesw-MuiInputBase-input-MuiOutlinedInput-input"[39m
    [33mid[39m=[32m"_r_1eb_"[39m
    [33mmaxlength[39m=[32m"500"[39m
    [33mrequired[39m=[32m""[39m
    [33mrows[39m=[32m"3"[39m
    [33mstyle[39m=[32m"height: 0px; overflow: hidden;"[39m
  [36m/>[39m

  Name "Jira number for change item 428":
  [36m<input[39m
    [33maria-describedby[39m=[32m"change-item-427-jira-help"[39m
    [33maria-invalid[39m=[32m"false"[39m
    [33maria-label[39m=[32m"Jira number for change item 428"[39m
    [33mclass[39m=[32m"MuiInputBase-input MuiOutlinedInput-input css-16wblaj-MuiInputBase-input-MuiOutlinedInput-input"[39m
    [33mid[39m=[32m"_r_1ed_"[39m
    [33mmaxlength[39m=[32m"50"[39m
    [33mrequired[39m=[32m""[39m
    [33mtype[39m=[32m"text"[39m
    [33mvalue[39m=[32m"JIRA-0428"[39m
  [36m/>[39m

  Name "Description for change item 428":
  [36m<textarea[39m
    [33maria-describedby[39m=[32m"change-item-427-desc-help"[39m
    [33maria-invalid[39m=[32m"false"[39m
    [33maria-label[39m=[32m"Description for change item 428"[39m
    [33mclass[39m=[32m"MuiInputBase-input MuiOutlinedInput-input css-w4nesw-MuiInputBase-input-MuiOutlinedInput-input"[39m
    [33mid[39m=[32m"_r_1ee_"[39m
    [33mmaxlength[39m=[32m"500"[39m
    [33mrequired[39m=[32m""[39m
    [33mrows[39m=[32m"3"[39m
    [33mstyle[39m=[32m"height: 0px; overflow: hidden;"[39m
  [36m/>[39m

  Name "Jira number for change item 429":
  [36m<input[39m
    [33maria-describedby[39m=[32m"change-item-428-jira-help"[39m
    [33maria-invalid[39m=[32m"false"[39m
    [33maria-label[39m=[32m"Jira number for change item 429"[39m
    [33mclass[39m=[32m"MuiInputBase-input MuiOutlinedInput-input css-16wblaj-MuiInputBase-input-MuiOutlinedInput-input"[39m
    [33mid[39m=[32m"_r_1eg_"[39m
    [33mmaxlength[39m=[32m"50"[39m
    [33mrequired[39m=[32m""[39m
    [33mtype[39m=[32m"text"[39m
    [33mvalue[39m=[32m"JIRA-0429"[39m
  [36m/>[39m

  Name "Description for change item 429":
  [36m<textarea[39m
    [33maria-describedby[39m=[32m"change-item-428-desc-help"[39m
    [33maria-invalid[39m=[32m"false"[39m
    [33maria-label[39m=[32m"Description for change item 429"[39m
    [33mclass[39m=[32m"MuiInputBase-input MuiOutlinedInput-input css-w4nesw-MuiInputBase-input-MuiOutlinedInput-input"[39m
    [33mid[39m=[32m"_r_1eh_"[39m
    [33mmaxlength[39m=[32m"500"[39m
    [33mrequired[39m=[32m""[39m
    [33mrows[39m=[32m"3"[39m
    [33mstyle[39m=[32m"height: 0px; overflow: hidden;"[39m
  [36m/>[39m

  Name "Jira number for change item 430":
  [36m<input[39m
    [33maria-describedby[39m=[32m"change-item-429-jira-help"[39m
    [33maria-invalid[39m=[32m"false"[39m
    [33maria-label[39m=[32m"Jira number for change item 430"[39m
    [33mclass[39m=[32m"MuiInputBase-input MuiOutlinedInput-input css-16wblaj-MuiInputBase-input-MuiOutlinedInput-input"[39m
    [33mid[39m=[32m"_r_1ej_"[39m
    [33mmaxlength[39m=[32m"50"[39m
    [33mrequired[39m=[32m""[39m
    [33mtype[39m=[32m"text"[39m
    [33mvalue[39m=[32m"JIRA-0430"[39m
  [36m/>[39m

  Name "Description for change item 430":
  [36m<textarea[39m
    [33maria-describedby[39m=[32m"change-item-429-desc-help"[39m
    [33maria-invalid[39m=[32m"false"[39m
    [33maria-label[39m=[32m"Description for change item 430"[39m
    [33mclass[39m=[32m"MuiInputBase-input MuiOutlinedInput-input css-w4nesw-MuiInputBase-input-MuiOutlinedInput-input"[39m
    [33mid[39m=[32m"_r_1ek_"[39m
    [33mmaxlength[39m=[32m"500"[39m
    [33mrequired[39m=[32m""[39m
    [33mrows[39m=[32m"3"[39m
    [33mstyle[39m=[32m"height: 0px; overflow: hidden;"[39m
  [36m/>[39m

  Name "Jira number for change item 431":
  [36m<input[39m
    [33maria-describedby[39m=[32m"change-item-430-jira-help"[39m
    [33maria-invalid[39m=[32m"false"[39m
    [33maria-label[39m=[32m"Jira number for change item 431"[39m
    [33mclass[39m=[32m"MuiInputBase-input MuiOutlinedInput-input css-16wblaj-MuiInputBase-input-MuiOutlinedInput-input"[39m
    [33mid[39m=[32m"_r_1em_"[39m
    [33mmaxlength[39m=[32m"50"[39m
    [33mrequired[39m=[32m""[39m
    [33mtype[39m=[32m"text"[39m
    [33mvalue[39m=[32m"JIRA-0431"[39m
  [36m/>[39m

  Name "Description for change item 431":
  [36m<textarea[39m
    [33maria-describedby[39m=[32m"change-item-430-desc-help"[39m
    [33maria-invalid[39m=[32m"false"[39m
    [33maria-label[39m=[32m"Description for change item 431"[39m
    [33mclass[39m=[32m"MuiInputBase-input MuiOutlinedInput-input css-w4nesw-MuiInputBase-input-MuiOutlinedInput-input"[39m
    [33mid[39m=[32m"_r_1en_"[39m
    [33mmaxlength[39m=[32m"500"[39m
    [33mrequired[39m=[32m""[39m
    [33mrows[39m=[32m"3"[39m
    [33mstyle[39m=[32m"height: 0px; overflow: hidden;"[39m
  [36m/>[39m

  Name "Jira number for change item 432":
  [36m<input[39m
    [33maria-describedby[39m=[32m"change-item-431-jira-help"[39m
    [33maria-invalid[39m=[32m"false"[39m
    [33maria-label[39m=[32m"Jira number for change item 432"[39m
    [33mclass[39m=[32m"MuiInputBase-input MuiOutlinedInput-input css-16wblaj-MuiInputBase-input-MuiOutlinedInput-input"[39m
    [33mid[39m=[32m"_r_1ep_"[39m
    [33mmaxlength[39m=[32m"50"[39m
    [33mrequired[39m=[32m""[39m
    [33mtype[39m=[32m"text"[39m
    [33mvalue[39m=[32m"JIRA-0432"[39m
  [36m/>[39m

  Name "Description for change item 432":
  [36m<textarea[39m
    [33maria-describedby[39m=[32m"change-item-431-desc-help"[39m
    [33maria-invalid[39m=[32m"false"[39m
    [33maria-label[39m=[32m"Description for change item 432"[39m
    [33mclass[39m=[32m"MuiInputBase-input MuiOutlinedInput-input css-w4nesw-MuiInputBase-input-MuiOutlinedInput-input"[39m
    [33mid[39m=[32m"_r_1eq_"[39m
    [33mmaxlength[39m=[32m"500"[39m
    [33mrequired[39m=[32m""[39m
    [33mrows[39m=[32m"3"[39m
    [33mstyle[39m=[32m"height: 0px; overflow: hidden;"[39m
  [36m/>[39m

  Name "Jira number for change item 433":
  [36m<input[39m
    [33maria-describedby[39m=[32m"change-item-432-jira-help"[39m
    [33maria-invalid[39m=[32m"false"[39m
    [33maria-label[39m=[32m"Jira number for change item 433"[39m
    [33mclass[39m=[32m"MuiInputBase-input MuiOutlinedInput-input css-16wblaj-MuiInputBase-input-MuiOutlinedInput-input"[39m
    [33mid[39m=[32m"_r_1es_"[39m
    [33mmaxlength[39m=[32m"50"[39m
    [33mrequired[39m=[32m""[39m
    [33mtype[39m=[32m"text"[39m
    [33mvalue[39m=[32m"JIRA-0433"[39m
  [36m/>[39m

  Name "Description for change item 433":
  [36m<textarea[39m
    [33maria-describedby[39m=[32m"change-item-432-desc-help"[39m
    [33maria-invalid[39m=[32m"false"[39m
    [33maria-label[39m=[32m"Description for change item 433"[39m
    [33mclass[39m=[32m"MuiInputBase-input MuiOutlinedInput-input css-w4nesw-MuiInputBase-input-MuiOutlinedInput-input"[39m
    [33mid[39m=[32m"_r_1et_"[39m
    [33mmaxlength[39m=[32m"500"[39m
    [33mrequired[39m=[32m""[39m
    [33mrows[39m=[32m"3"[39m
    [33mstyle[39m=[32m"height: 0px; overflow: hidden;"[39m
  [36m/>[39m

  Name "Jira number for change item 434":
  [36m<input[39m
    [33maria-describedby[39m=[32m"change-item-433-jira-help"[39m
    [33maria-invalid[39m=[32m"false"[39m
    [33maria-label[39m=[32m"Jira number for change item 434"[39m
    [33mclass[39m=[32m"MuiInputBase-input MuiOutlinedInput-input css-16wblaj-MuiInputBase-input-MuiOutlinedInput-input"[39m
    [33mid[39m=[32m"_r_1ev_"[39m
    [33mmaxlength[39m=[32m"50"[39m
    [33mrequired[39m=[32m""[39m
    [33mtype[39m=[32m"text"[39m
    [33mvalue[39m=[32m"JIRA-0434"[39m
  [36m/>[39m

  Name "Description for change item 434":
  [36m<textarea[39m
    [33maria-describedby[39m=[32m"change-item-433-desc-help"[39m
    [33maria-invalid[39m=[32m"false"[39m
    [33maria-label[39m=[32m"Description for change item 434"[39m
    [33mclass[39m=[32m"MuiInputBase-input MuiOutlinedInput-input css-w4nesw-MuiInputBase-input-MuiOutlinedInput-input"[39m
    [33mid[39m=[32m"_r_1f0_"[39m
    [33mmaxlength[39m=[32m"500"[39m
    [33mrequired[39m=[32m""[39m
    [33mrows[39m=[32m"3"[39m
    [33mstyle[39m=[32m"height: 0px; overflow: hidden;"[39m
  [36m/>[39m

  Name "Jira number for change item 435":
  [36m<input[39m
    [33maria-describedby[39m=[32m"change-item-434-jira-help"[39m
    [33maria-invalid[39m=[32m"false"[39m
    [33maria-label[39m=[32m"Jira number for change item 435"[39m
    [33mclass[39m=[32m"MuiInputBase-input MuiOutlinedInput-input css-16wblaj-MuiInputBase-input-MuiOutlinedInput-input"[39m
    [33mid[39m=[32m"_r_1f2_"[39m
    [33mmaxlength[39m=[32m"50"[39m
    [33mrequired[39m=[32m""[39m
    [33mtype[39m=[32m"text"[39m
    [33mvalue[39m=[32m"JIRA-0435"[39m
  [36m/>[39m

  Name "Description for change item 435":
  [36m<textarea[39m
    [33maria-describedby[39m=[32m"change-item-434-desc-help"[39m
    [33maria-invalid[39m=[32m"false"[39m
    [33maria-label[39m=[32m"Description for change item 435"[39m
    [33mclass[39m=[32m"MuiInputBase-input MuiOutlinedInput-input css-w4nesw-MuiInputBase-input-MuiOutlinedInput-input"[39m
    [33mid[39m=[32m"_r_1f3_"[39m
    [33mmaxlength[39m=[32m"500"[39m
    [33mrequired[39m=[32m""[39m
    [33mrows[39m=[32m"3"[39m
    [33mstyle[39m=[32m"height: 0px; overflow: hidden;"[39m
  [36m/>[39m

  Name "Jira number for change item 436":
  [36m<input[39m
    [33maria-describedby[39m=[32m"change-item-435-jira-help"[39m
    [33maria-invalid[39m=[32m"false"[39m
    [33maria-label[39m=[32m"Jira number for change item 436"[39m
    [33mclass[39m=[32m"MuiInputBase-input MuiOutlinedInput-input css-16wblaj-MuiInputBase-input-MuiOutlinedInput-input"[39m
    [33mid[39m=[32m"_r_1f5_"[39m
    [33mmaxlength[39m=[32m"50"[39m
    [33mrequired[39m=[32m""[39m
    [33mtype[39m=[32m"text"[39m
    [33mvalue[39m=[32m"JIRA-0436"[39m
  [36m/>[39m

  Name "Description for change item 436":
  [36m<textarea[39m
    [33maria-describedby[39m=[32m"change-item-435-desc-help"[39m
    [33maria-invalid[39m=[32m"false"[39m
    [33maria-label[39m=[32m"Description for change item 436"[39m
    [33mclass[39m=[32m"MuiInputBase-input MuiOutlinedInput-input css-w4nesw-MuiInputBase-input-MuiOutlinedInput-input"[39m
    [33mid[39m=[32m"_r_1f6_"[39m
    [33mmaxlength[39m=[32m"500"[39m
    [33mrequired[39m=[32m""[39m
    [33mrows[39m=[32m"3"[39m
    [33mstyle[39m=[32m"height: 0px; overflow: hidden;"[39m
  [36m/>[39m

  Name "Jira number for change item 437":
  [36m<input[39m
    [33maria-describedby[39m=[32m"change-item-436-jira-help"[39m
    [33maria-invalid[39m=[32m"false"[39m
    [33maria-label[39m=[32m"Jira number for change item 437"[39m
    [33mclass[39m=[32m"MuiInputBase-input MuiOutlinedInput-input css-16wblaj-MuiInputBase-input-MuiOutlinedInput-input"[39m
    [33mid[39m=[32m"_r_1f8_"[39m
    [33mmaxlength[39m=[32m"50"[39m
    [33mrequired[39m=[32m""[39m
    [33mtype[39m=[32m"text"[39m
    [33mvalue[39m=[32m"JIRA-0437"[39m
  [36m/>[39m

  Name "Description for change item 437":
  [36m<textarea[39m
    [33maria-describedby[39m=[32m"change-item-436-desc-help"[39m
    [33maria-invalid[39m=[32m"false"[39m
    [33maria-label[39m=[32m"Description for change item 437"[39m
    [33mclass[39m=[32m"MuiInputBase-input MuiOutlinedInput-input css-w4nesw-MuiInputBase-input-MuiOutlinedInput-input"[39m
    [33mid[39m=[32m"_r_1f9_"[39m
    [33mmaxlength[39m=[32m"500"[39m
    [33mrequired[39m=[32m""[39m
    [33mrows[39m=[32m"3"[39m
    [33mstyle[39m=[32m"height: 0px; overflow: hidden;"[39m
  [36m/>[39m

  Name "Jira number for change item 438":
  [36m<input[39m
    [33maria-describedby[39m=[32m"change-item-437-jira-help"[39m
    [33maria-invalid[39m=[32m"false"[39m
    [33maria-label[39m=[32m"Jira number for change item 438"[39m
    [33mclass[39m=[32m"MuiInputBase-input MuiOutlinedInput-input css-16wblaj-MuiInputBase-input-MuiOutlinedInput-input"[39m
    [33mid[39m=[32m"_r_1fb_"[39m
    [33mmaxlength[39m=[32m"50"[39m
    [33mrequired[39m=[32m""[39m
    [33mtype[39m=[32m"text"[39m
    [33mvalue[39m=[32m"JIRA-0438"[39m
  [36m/>[39m

  Name "Description for change item 438":
  [36m<textarea[39m
    [33maria-describedby[39m=[32m"change-item-437-desc-help"[39m
    [33maria-invalid[39m=[32m"false"[39m
    [33maria-label[39m=[32m"Description for change item 438"[39m
    [33mclass[39m=[32m"MuiInputBase-input MuiOutlinedInput-input css-w4nesw-MuiInputBase-input-MuiOutlinedInput-input"[39m
    [33mid[39m=[32m"_r_1fc_"[39m
    [33mmaxlength[39m=[32m"500"[39m
    [33mrequired[39m=[32m""[39m
    [33mrows[39m=[32m"3"[39m
    [33mstyle[39m=[32m"height: 0px; overflow: hidden;"[39m
  [36m/>[39m

  Name "Jira number for change item 439":
  [36m<input[39m
    [33maria-describedby[39m=[32m"change-item-438-jira-help"[39m
    [33maria-invalid[39m=[32m"false"[39m
    [33maria-label[39m=[32m"Jira number for change item 439"[39m
    [33mclass[39m=[32m"MuiInputBase-input MuiOutlinedInput-input css-16wblaj-MuiInputBase-input-MuiOutlinedInput-input"[39m
    [33mid[39m=[32m"_r_1fe_"[39m
    [33mmaxlength[39m=[32m"50"[39m
    [33mrequired[39m=[32m""[39m
    [33mtype[39m=[32m"text"[39m
    [33mvalue[39m=[32m"JIRA-0439"[39m
  [36m/>[39m

  Name "Description for change item 439":
  [36m<textarea[39m
    [33maria-describedby[39m=[32m"change-item-438-desc-help"[39m
    [33maria-invalid[39m=[32m"false"[39m
    [33maria-label[39m=[32m"Description for change item 439"[39m
    [33mclass[39m=[32m"MuiInputBase-input MuiOutlinedInput-input css-w4nesw-MuiInputBase-input-MuiOutlinedInput-input"[39m
    [33mid[39m=[32m"_r_1ff_"[39m
    [33mmaxlength[39m=[32m"500"[39m
    [33mrequired[39m=[32m""[39m
    [33mrows[39m=[32m"3"[39m
    [33mstyle[39m=[32m"height: 0px; overflow: hidden;"[39m
  [36m/>[39m

  Name "Jira number for change item 440":
  [36m<input[39m
    [33maria-describedby[39m=[32m"change-item-439-jira-help"[39m
    [33maria-invalid[39m=[32m"false"[39m
    [33maria-label[39m=[32m"Jira number for change item 440"[39m
    [33mclass[39m=[32m"MuiInputBase-input MuiOutlinedInput-input css-16wblaj-MuiInputBase-input-MuiOutlinedInput-input"[39m
    [33mid[39m=[32m"_r_1fh_"[39m
    [33mmaxlength[39m=[32m"50"[39m
    [33mrequired[39m=[32m""[39m
    [33mtype[39m=[32m"text"[39m
    [33mvalue[39m=[32m"JIRA-0440"[39m
  [36m/>[39m

  Name "Description for change item 440":
  [36m<textarea[39m
    [33maria-describedby[39m=[32m"change-item-439-desc-help"[39m
    [33maria-invalid[39m=[32m"false"[39m
    [33maria-label[39m=[32m"Description for change item 440"[39m
    [33mclass[39m=[32m"MuiInputBase-input MuiOutlinedInput-input css-w4nesw-MuiInputBase-input-MuiOutlinedInput-input"[39m
    [33mid[39m=[32m"_r_1fi_"[39m
    [33mmaxlength[39m=[32m"500"[39m
    [33mrequired[39m=[32m""[39m
    [33mrows[39m=[32m"3"[39m
    [33mstyle[39m=[32m"height: 0px; overflow: hidden;"[39m
  [36m/>[39m

  Name "Jira number for change item 441":
  [36m<input[39m
    [33maria-describedby[39m=[32m"change-item-440-jira-help"[39m
    [33maria-invalid[39m=[32m"false"[39m
    [33maria-label[39m=[32m"Jira number for change item 441"[39m
    [33mclass[39m=[32m"MuiInputBase-input MuiOutlinedInput-input css-16wblaj-MuiInputBase-input-MuiOutlinedInput-input"[39m
    [33mid[39m=[32m"_r_1fk_"[39m
    [33mmaxlength[39m=[32m"50"[39m
    [33mrequired[39m=[32m""[39m
    [33mtype[39m=[32m"text"[39m
    [33mvalue[39m=[32m"JIRA-0441"[39m
  [36m/>[39m

  Name "Description for change item 441":
  [36m<textarea[39m
    [33maria-describedby[39m=[32m"change-item-440-desc-help"[39m
    [33maria-invalid[39m=[32m"false"[39m
    [33maria-label[39m=[32m"Description for change item 441"[39m
    [33mclass[39m=[32m"MuiInputBase-input MuiOutlinedInput-input css-w4nesw-MuiInputBase-input-MuiOutlinedInput-input"[39m
    [33mid[39m=[32m"_r_1fl_"[39m
    [33mmaxlength[39m=[32m"500"[39m
    [33mrequired[39m=[32m""[39m
    [33mrows[39m=[32m"3"[39m
    [33mstyle[39m=[32m"height: 0px; overflow: hidden;"[39m
  [36m/>[39m

  Name "Jira number for change item 442":
  [36m<input[39m
    [33maria-describedby[39m=[32m"change-item-441-jira-help"[39m
    [33maria-invalid[39m=[32m"false"[39m
    [33maria-label[39m=[32m"Jira number for change item 442"[39m
    [33mclass[39m=[32m"MuiInputBase-input MuiOutlinedInput-input css-16wblaj-MuiInputBase-input-MuiOutlinedInput-input"[39m
    [33mid[39m=[32m"_r_1fn_"[39m
    [33mmaxlength[39m=[32m"50"[39m
    [33mrequired[39m=[32m""[39m
    [33mtype[39m=[32m"text"[39m
    [33mvalue[39m=[32m"JIRA-0442"[39m
  [36m/>[39m

  Name "Description for change item 442":
  [36m<textarea[39m
    [33maria-describedby[39m=[32m"change-item-441-desc-help"[39m
    [33maria-invalid[39m=[32m"false"[39m
    [33maria-label[39m=[32m"Description for change item 442"[39m
    [33mclass[39m=[32m"MuiInputBase-input MuiOutlinedInput-input css-w4nesw-MuiInputBase-input-MuiOutlinedInput-input"[39m
    [33mid[39m=[32m"_r_1fo_"[39m
    [33mmaxlength[39m=[32m"500"[39m
    [33mrequired[39m=[32m""[39m
    [33mrows[39m=[32m"3"[39m
    [33mstyle[39m=[32m"height: 0px; overflow: hidden;"[39m
  [36m/>[39m

  Name "Jira number for change item 443":
  [36m<input[39m
    [33maria-describedby[39m=[32m"change-item-442-jira-help"[39m
    [33maria-invalid[39m=[32m"false"[39m
    [33maria-label[39m=[32m"Jira number for change item 443"[39m
    [33mclass[39m=[32m"MuiInputBase-input MuiOutlinedInput-input css-16wblaj-MuiInputBase-input-MuiOutlinedInput-input"[39m
    [33mid[39m=[32m"_r_1fq_"[39m
    [33mmaxlength[39m=[32m"50"[39m
    [33mrequired[39m=[32m""[39m
    [33mtype[39m=[32m"text"[39m
    [33mvalue[39m=[32m"JIRA-0443"[39m
  [36m/>[39m

  Name "Description for change item 443":
  [36m<textarea[39m
    [33maria-describedby[39m=[32m"change-item-442-desc-help"[39m
    [33maria-invalid[39m=[32m"false"[39m
    [33maria-label[39m=[32m"Description for change item 443"[39m
    [33mclass[39m=[32m"MuiInputBase-input MuiOutlinedInput-input css-w4nesw-MuiInputBase-input-MuiOutlinedInput-input"[39m
    [33mid[39m=[32m"_r_1fr_"[39m
    [33mmaxlength[39m=[32m"500"[39m
    [33mrequired[39m=[32m""[39m
    [33mrows[39m=[32m"3"[39m
    [33mstyle[39m=[32m"height: 0px; overflow: hidden;"[39m
  [36m/>[39m

  Name "Jira number for change item 444":
  [36m<input[39m
    [33maria-describedby[39m=[32m"change-item-443-jira-help"[39m
    [33maria-invalid[39m=[32m"false"[39m
    [33maria-label[39m=[32m"Jira number for change item 444"[39m
    [33mclass[39m=[32m"MuiInputBase-input MuiOutlinedInput-input css-16wblaj-MuiInputBase-input-MuiOutlinedInput-input"[39m
    [33mid[39m=[32m"_r_1ft_"[39m
    [33mmaxlength[39m=[32m"50"[39m
    [33mrequired[39m=[32m""[39m
    [33mtype[39m=[32m"text"[39m
    [33mvalue[39m=[32m"JIRA-0444"[39m
  [36m/>[39m

  Name "Description for change item 444":
  [36m<textarea[39m
    [33maria-describedby[39m=[32m"change-item-443-desc-help"[39m
    [33maria-invalid[39m=[32m"false"[39m
    [33maria-label[39m=[32m"Description for change item 444"[39m
    [33mclass[39m=[32m"MuiInputBase-input MuiOutlinedInput-input css-w4nesw-MuiInputBase-input-MuiOutlinedInput-input"[39m
    [33mid[39m=[32m"_r_1fu_"[39m
    [33mmaxlength[39m=[32m"500"[39m
    [33mrequired[39m=[32m""[39m
    [33mrows[39m=[32m"3"[39m
    [33mstyle[39m=[32m"height: 0px; overflow: hidden;"[39m
  [36m/>[39m

  Name "Jira number for change item 445":
  [36m<input[39m
    [33maria-describedby[39m=[32m"change-item-444-jira-help"[39m
    [33maria-invalid[39m=[32m"false"[39m
    [33maria-label[39m=[32m"Jira number for change item 445"[39m
    [33mclass[39m=[32m"MuiInputBase-input MuiOutlinedInput-input css-16wblaj-MuiInputBase-input-MuiOutlinedInput-input"[39m
    [33mid[39m=[32m"_r_1g0_"[39m
    [33mmaxlength[39m=[32m"50"[39m
    [33mrequired[39m=[32m""[39m
    [33mtype[39m=[32m"text"[39m
    [33mvalue[39m=[32m"JIRA-0445"[39m
  [36m/>[39m

  Name "Description for change item 445":
  [36m<textarea[39m
    [33maria-describedby[39m=[32m"change-item-444-desc-help"[39m
    [33maria-invalid[39m=[32m"false"[39m
    [33maria-label[39m=[32m"Description for change item 445"[39m
    [33mclass[39m=[32m"MuiInputBase-input MuiOutlinedInput-input css-w4nesw-MuiInputBase-input-MuiOutlinedInput-input"[39m
    [33mid[39m=[32m"_r_1g1_"[39m
    [33mmaxlength[39m=[32m"500"[39m
    [33mrequired[39m=[32m""[39m
    [33mrows[39m=[32m"3"[39m
    [33mstyle[39m=[32m"height: 0px; overflow: hidden;"[39m
  [36m/>[39m

  Name "Jira number for change item 446":
  [36m<input[39m
    [33maria-describedby[39m=[32m"change-item-445-jira-help"[39m
    [33maria-invalid[39m=[32m"false"[39m
    [33maria-label[39m=[32m"Jira number for change item 446"[39m
    [33mclass[39m=[32m"MuiInputBase-input MuiOutlinedInput-input css-16wblaj-MuiInputBase-input-MuiOutlinedInput-input"[39m
    [33mid[39m=[32m"_r_1g3_"[39m
    [33mmaxlength[39m=[32m"50"[39m
    [33mrequired[39m=[32m""[39m
    [33mtype[39m=[32m"text"[39m
    [33mvalue[39m=[32m"JIRA-0446"[39m
  [36m/>[39m

  Name "Description for change item 446":
  [36m<textarea[39m
    [33maria-describedby[39m=[32m"change-item-445-desc-help"[39m
    [33maria-invalid[39m=[32m"false"[39m
    [33maria-label[39m=[32m"Description for change item 446"[39m
    [33mclass[39m=[32m"MuiInputBase-input MuiOutlinedInput-input css-w4nesw-MuiInputBase-input-MuiOutlinedInput-input"[39m
    [33mid[39m=[32m"_r_1g4_"[39m
    [33mmaxlength[39m=[32m"500"[39m
    [33mrequired[39m=[32m""[39m
    [33mrows[39m=[32m"3"[39m
    [33mstyle[39m=[32m"height: 0px; overflow: hidden;"[39m
  [36m/>[39m

  Name "Jira number for change item 447":
  [36m<input[39m
    [33maria-describedby[39m=[32m"change-item-446-jira-help"[39m
    [33maria-invalid[39m=[32m"false"[39m
    [33maria-label[39m=[32m"Jira number for change item 447"[39m
    [33mclass[39m=[32m"MuiInputBase-input MuiOutlinedInput-input css-16wblaj-MuiInputBase-input-MuiOutlinedInput-input"[39m
    [33mid[39m=[32m"_r_1g6_"[39m
    [33mmaxlength[39m=[32m"50"[39m
    [33mrequired[39m=[32m""[39m
    [33mtype[39m=[32m"text"[39m
    [33mvalue[39m=[32m"JIRA-0447"[39m
  [36m/>[39m

  Name "Description for change item 447":
  [36m<textarea[39m
    [33maria-describedby[39m=[32m"change-item-446-desc-help"[39m
    [33maria-invalid[39m=[32m"false"[39m
    [33maria-label[39m=[32m"Description for change item 447"[39m
    [33mclass[39m=[32m"MuiInputBase-input MuiOutlinedInput-input css-w4nesw-MuiInputBase-input-MuiOutlinedInput-input"[39m
    [33mid[39m=[32m"_r_1g7_"[39m
    [33mmaxlength[39m=[32m"500"[39m
    [33mrequired[39m=[32m""[39m
    [33mrows[39m=[32m"3"[39m
    [33mstyle[39m=[32m"height: 0px; overflow: hidden;"[39m
  [36m/>[39m

  Name "Jira number for change item 448":
  [36m<input[39m
    [33maria-describedby[39m=[32m"change-item-447-jira-help"[39m
    [33maria-invalid[39m=[32m"false"[39m
    [33maria-label[39m=[32m"Jira number for change item 448"[39m
    [33mclass[39m=[32m"MuiInputBase-input MuiOutlinedInput-input css-16wblaj-MuiInputBase-input-MuiOutlinedInput-input"[39m
    [33mid[39m=[32m"_r_1g9_"[39m
    [33mmaxlength[39m=[32m"50"[39m
    [33mrequired[39m=[32m""[39m
    [33mtype[39m=[32m"text"[39m
    [33mvalue[39m=[32m"JIRA-0448"[39m
  [36m/>[39m

  Name "Description for change item 448":
  [36m<textarea[39m
    [33maria-describedby[39m=[32m"change-item-447-desc-help"[39m
    [33maria-invalid[39m=[32m"false"[39m
    [33maria-label[39m=[32m"Description for change item 448"[39m
    [33mclass[39m=[32m"MuiInputBase-input MuiOutlinedInput-input css-w4nesw-MuiInputBase-input-MuiOutlinedInput-input"[39m
    [33mid[39m=[32m"_r_1ga_"[39m
    [33mmaxlength[39m=[32m"500"[39m
    [33mrequired[39m=[32m""[39m
    [33mrows[39m=[32m"3"[39m
    [33mstyle[39m=[32m"height: 0px; overflow: hidden;"[39m
  [36m/>[39m

  Name "Jira number for change item 449":
  [36m<input[39m
    [33maria-describedby[39m=[32m"change-item-448-jira-help"[39m
    [33maria-invalid[39m=[32m"false"[39m
    [33maria-label[39m=[32m"Jira number for change item 449"[39m
    [33mclass[39m=[32m"MuiInputBase-input MuiOutlinedInput-input css-16wblaj-MuiInputBase-input-MuiOutlinedInput-input"[39m
    [33mid[39m=[32m"_r_1gc_"[39m
    [33mmaxlength[39m=[32m"50"[39m
    [33mrequired[39m=[32m""[39m
    [33mtype[39m=[32m"text"[39m
    [33mvalue[39m=[32m"JIRA-0449"[39m
  [36m/>[39m

  Name "Description for change item 449":
  [36m<textarea[39m
    [33maria-describedby[39m=[32m"change-item-448-desc-help"[39m
    [33maria-invalid[39m=[32m"false"[39m
    [33maria-label[39m=[32m"Description for change item 449"[39m
    [33mclass[39m=[32m"MuiInputBase-input MuiOutlinedInput-input css-w4nesw-MuiInputBase-input-MuiOutlinedInput-input"[39m
    [33mid[39m=[32m"_r_1gd_"[39m
    [33mmaxlength[39m=[32m"500"[39m
    [33mrequired[39m=[32m""[39m
    [33mrows[39m=[32m"3"[39m
    [33mstyle[39m=[32m"height: 0px; overflow: hidden;"[39m
  [36m/>[39m

  Name "Jira number for change item 450":
  [36m<input[39m
    [33maria-describedby[39m=[32m"change-item-449-jira-help"[39m
    [33maria-invalid[39m=[32m"false"[39m
    [33maria-label[39m=[32m"Jira number for change item 450"[39m
    [33mclass[39m=[32m"MuiInputBase-input MuiOutlinedInput-input css-16wblaj-MuiInputBase-input-MuiOutlinedInput-input"[39m
    [33mid[39m=[32m"_r_1gf_"[39m
    [33mmaxlength[39m=[32m"50"[39m
    [33mrequired[39m=[32m""[39m
    [33mtype[39m=[32m"text"[39m
    [33mvalue[39m=[32m"JIRA-0450"[39m
  [36m/>[39m

  Name "Description for change item 450":
  [36m<textarea[39m
    [33maria-describedby[39m=[32m"change-item-449-desc-help"[39m
    [33maria-invalid[39m=[32m"false"[39m
    [33maria-label[39m=[32m"Description for change item 450"[39m
    [33mclass[39m=[32m"MuiInputBase-input MuiOutlinedInput-input css-w4nesw-MuiInputBase-input-MuiOutlinedInput-input"[39m
    [33mid[39m=[32m"_r_1gg_"[39m
    [33mmaxlength[39m=[32m"500"[39m
    [33mrequired[39m=[32m""[39m
    [33mrows[39m=[32m"3"[39m
    [33mstyle[39m=[32m"height: 0px; overflow: hidden;"[39m
  [36m/>[39m

  Name "Jira number for change item 451":
  [36m<input[39m
    [33maria-describedby[39m=[32m"change-item-450-jira-help"[39m
    [33maria-invalid[39m=[32m"false"[39m
    [33maria-label[39m=[32m"Jira number for change item 451"[39m
    [33mclass[39m=[32m"MuiInputBase-input MuiOutlinedInput-input css-16wblaj-MuiInputBase-input-MuiOutlinedInput-input"[39m
    [33mid[39m=[32m"_r_1gi_"[39m
    [33mmaxlength[39m=[32m"50"[39m
    [33mrequired[39m=[32m""[39m
    [33mtype[39m=[32m"text"[39m
    [33mvalue[39m=[32m"JIRA-0451"[39m
  [36m/>[39m

  Name "Description for change item 451":
  [36m<textarea[39m
    [33maria-describedby[39m=[32m"change-item-450-desc-help"[39m
    [33maria-invalid[39m=[32m"false"[39m
    [33maria-label[39m=[32m"Description for change item 451"[39m
    [33mclass[39m=[32m"MuiInputBase-input MuiOutlinedInput-input css-w4nesw-MuiInputBase-input-MuiOutlinedInput-input"[39m
    [33mid[39m=[32m"_r_1gj_"[39m
    [33mmaxlength[39m=[32m"500"[39m
    [33mrequired[39m=[32m""[39m
    [33mrows[39m=[32m"3"[39m
    [33mstyle[39m=[32m"height: 0px; overflow: hidden;"[39m
  [36m/>[39m

  Name "Jira number for change item 452":
  [36m<input[39m
    [33maria-describedby[39m=[32m"change-item-451-jira-help"[39m
    [33maria-invalid[39m=[32m"false"[39m
    [33maria-label[39m=[32m"Jira number for change item 452"[39m
    [33mclass[39m=[32m"MuiInputBase-input MuiOutlinedInput-input css-16wblaj-MuiInputBase-input-MuiOutlinedInput-input"[39m
    [33mid[39m=[32m"_r_1gl_"[39m
    [33mmaxlength[39m=[32m"50"[39m
    [33mrequired[39m=[32m""[39m
    [33mtype[39m=[32m"text"[39m
    [33mvalue[39m=[32m"JIRA-0452"[39m
  [36m/>[39m

  Name "Description for change item 452":
  [36m<textarea[39m
    [33maria-describedby[39m=[32m"change-item-451-desc-help"[39m
    [33maria-invalid[39m=[32m"false"[39m
    [33maria-label[39m=[32m"Description for change item 452"[39m
    [33mclass[39m=[32m"MuiInputBase-input MuiOutlinedInput-input css-w4nesw-MuiInputBase-input-MuiOutlinedInput-input"[39m
    [33mid[39m=[32m"_r_1gm_"[39m
    [33mmaxlength[39m=[32m"500"[39m
    [33mrequired[39m=[32m""[39m
    [33mrows[39m=[32m"3"[39m
    [33mstyle[39m=[32m"height: 0px; overflow: hidden;"[39m
  [36m/>[39m

  Name "Jira number for change item 453":
  [36m<input[39m
    [33maria-describedby[39m=[32m"change-item-452-jira-help"[39m
    [33maria-invalid[39m=[32m"false"[39m
    [33maria-label[39m=[32m"Jira number for change item 453"[39m
    [33mclass[39m=[32m"MuiInputBase-input MuiOutlinedInput-input css-16wblaj-MuiInputBase-input-MuiOutlinedInput-input"[39m
    [33mid[39m=[32m"_r_1go_"[39m
    [33mmaxlength[39m=[32m"50"[39m
    [33mrequired[39m=[32m""[39m
    [33mtype[39m=[32m"text"[39m
    [33mvalue[39m=[32m"JIRA-0453"[39m
  [36m/>[39m

  Name "Description for change item 453":
  [36m<textarea[39m
    [33maria-describedby[39m=[32m"change-item-452-desc-help"[39m
    [33maria-invalid[39m=[32m"false"[39m
    [33maria-label[39m=[32m"Description for change item 453"[39m
    [33mclass[39m=[32m"MuiInputBase-input MuiOutlinedInput-input css-w4nesw-MuiInputBase-input-MuiOutlinedInput-input"[39m
    [33mid[39m=[32m"_r_1gp_"[39m
    [33mmaxlength[39m=[32m"500"[39m
    [33mrequired[39m=[32m""[39m
    [33mrows[39m=[32m"3"[39m
    [33mstyle[39m=[32m"height: 0px; overflow: hidden;"[39m
  [36m/>[39m

  Name "Jira number for change item 454":
  [36m<input[39m
    [33maria-describedby[39m=[32m"change-item-453-jira-help"[39m
    [33maria-invalid[39m=[32m"false"[39m
    [33maria-label[39m=[32m"Jira number for change item 454"[39m
    [33mclass[39m=[32m"MuiInputBase-input MuiOutlinedInput-input css-16wblaj-MuiInputBase-input-MuiOutlinedInput-input"[39m
    [33mid[39m=[32m"_r_1gr_"[39m
    [33mmaxlength[39m=[32m"50"[39m
    [33mrequired[39m=[32m""[39m
    [33mtype[39m=[32m"text"[39m
    [33mvalue[39m=[32m"JIRA-0454"[39m
  [36m/>[39m

  Name "Description for change item 454":
  [36m<textarea[39m
    [33maria-describedby[39m=[32m"change-item-453-desc-help"[39m
    [33maria-invalid[39m=[32m"false"[39m
    [33maria-label[39m=[32m"Description for change item 454"[39m
    [33mclass[39m=[32m"MuiInputBase-input MuiOutlinedInput-input css-w4nesw-MuiInputBase-input-MuiOutlinedInput-input"[39m
    [33mid[39m=[32m"_r_1gs_"[39m
    [33mmaxlength[39m=[32m"500"[39m
    [33mrequired[39m=[32m""[39m
    [33mrows[39m=[32m"3"[39m
    [33mstyle[39m=[32m"height: 0px; overflow: hidden;"[39m
  [36m/>[39m

  Name "Jira number for change item 455":
  [36m<input[39m
    [33maria-describedby[39m=[32m"change-item-454-jira-help"[39m
    [33maria-invalid[39m=[32m"false"[39m
    [33maria-label[39m=[32m"Jira number for change item 455"[39m
    [33mclass[39m=[32m"MuiInputBase-input MuiOutlinedInput-input css-16wblaj-MuiInputBase-input-MuiOutlinedInput-input"[39m
    [33mid[39m=[32m"_r_1gu_"[39m
    [33mmaxlength[39m=[32m"50"[39m
    [33mrequired[39m=[32m""[39m
    [33mtype[39m=[32m"text"[39m
    [33mvalue[39m=[32m"JIRA-0455"[39m
  [36m/>[39m

  Name "Description for change item 455":
  [36m<textarea[39m
    [33maria-describedby[39m=[32m"change-item-454-desc-help"[39m
    [33maria-invalid[39m=[32m"false"[39m
    [33maria-label[39m=[32m"Description for change item 455"[39m
    [33mclass[39m=[32m"MuiInputBase-input MuiOutlinedInput-input css-w4nesw-MuiInputBase-input-MuiOutlinedInput-input"[39m
    [33mid[39m=[32m"_r_1gv_"[39m
    [33mmaxlength[39m=[32m"500"[39m
    [33mrequired[39m=[32m""[39m
    [33mrows[39m=[32m"3"[39m
    [33mstyle[39m=[32m"height: 0px; overflow: hidden;"[39m
  [36m/>[39m

  Name "Jira number for change item 456":
  [36m<input[39m
    [33maria-describedby[39m=[32m"change-item-455-jira-help"[39m
    [33maria-invalid[39m=[32m"false"[39m
    [33maria-label[39m=[32m"Jira number for change item 456"[39m
    [33mclass[39m=[32m"MuiInputBase-input MuiOutlinedInput-input css-16wblaj-MuiInputBase-input-MuiOutlinedInput-input"[39m
    [33mid[39m=[32m"_r_1h1_"[39m
    [33mmaxlength[39m=[32m"50"[39m
    [33mrequired[39m=[32m""[39m
    [33mtype[39m=[32m"text"[39m
    [33mvalue[39m=[32m"JIRA-0456"[39m
  [36m/>[39m

  Name "Description for change item 456":
  [36m<textarea[39m
    [33maria-describedby[39m=[32m"change-item-455-desc-help"[39m
    [33maria-invalid[39m=[32m"false"[39m
    [33maria-label[39m=[32m"Description for change item 456"[39m
    [33mclass[39m=[32m"MuiInputBase-input MuiOutlinedInput-input css-w4nesw-MuiInputBase-input-MuiOutlinedInput-input"[39m
    [33mid[39m=[32m"_r_1h2_"[39m
    [33mmaxlength[39m=[32m"500"[39m
    [33mrequired[39m=[32m""[39m
    [33mrows[39m=[32m"3"[39m
    [33mstyle[39m=[32m"height: 0px; overflow: hidden;"[39m
  [36m/>[39m

  Name "Jira number for change item 457":
  [36m<input[39m
    [33maria-describedby[39m=[32m"change-item-456-jira-help"[39m
    [33maria-invalid[39m=[32m"false"[39m
    [33maria-label[39m=[32m"Jira number for change item 457"[39m
    [33mclass[39m=[32m"MuiInputBase-input MuiOutlinedInput-input css-16wblaj-MuiInputBase-input-MuiOutlinedInput-input"[39m
    [33mid[39m=[32m"_r_1h4_"[39m
    [33mmaxlength[39m=[32m"50"[39m
    [33mrequired[39m=[32m""[39m
    [33mtype[39m=[32m"text"[39m
    [33mvalue[39m=[32m"JIRA-0457"[39m
  [36m/>[39m

  Name "Description for change item 457":
  [36m<textarea[39m
    [33maria-describedby[39m=[32m"change-item-456-desc-help"[39m
    [33maria-invalid[39m=[32m"false"[39m
    [33maria-label[39m=[32m"Description for change item 457"[39m
    [33mclass[39m=[32m"MuiInputBase-input MuiOutlinedInput-input css-w4nesw-MuiInputBase-input-MuiOutlinedInput-input"[39m
    [33mid[39m=[32m"_r_1h5_"[39m
    [33mmaxlength[39m=[32m"500"[39m
    [33mrequired[39m=[32m""[39m
    [33mrows[39m=[32m"3"[39m
    [33mstyle[39m=[32m"height: 0px; overflow: hidden;"[39m
  [36m/>[39m

  Name "Jira number for change item 458":
  [36m<input[39m
    [33maria-describedby[39m=[32m"change-item-457-jira-help"[39m
    [33maria-invalid[39m=[32m"false"[39m
    [33maria-label[39m=[32m"Jira number for change item 458"[39m
    [33mclass[39m=[32m"MuiInputBase-input MuiOutlinedInput-input css-16wblaj-MuiInputBase-input-MuiOutlinedInput-input"[39m
    [33mid[39m=[32m"_r_1h7_"[39m
    [33mmaxlength[39m=[32m"50"[39m
    [33mrequired[39m=[32m""[39m
    [33mtype[39m=[32m"text"[39m
    [33mvalue[39m=[32m"JIRA-0458"[39m
  [36m/>[39m

  Name "Description for change item 458":
  [36m<textarea[39m
    [33maria-describedby[39m=[32m"change-item-457-desc-help"[39m
    [33maria-invalid[39m=[32m"false"[39m
    [33maria-label[39m=[32m"Description for change item 458"[39m
    [33mclass[39m=[32m"MuiInputBase-input MuiOutlinedInput-input css-w4nesw-MuiInputBase-input-MuiOutlinedInput-input"[39m
    [33mid[39m=[32m"_r_1h8_"[39m
    [33mmaxlength[39m=[32m"500"[39m
    [33mrequired[39m=[32m""[39m
    [33mrows[39m=[32m"3"[39m
    [33mstyle[39m=[32m"height: 0px; overflow: hidden;"[39m
  [36m/>[39m

  Name "Jira number for change item 459":
  [36m<input[39m
    [33maria-describedby[39m=[32m"change-item-458-jira-help"[39m
    [33maria-invalid[39m=[32m"false"[39m
    [33maria-label[39m=[32m"Jira number for change item 459"[39m
    [33mclass[39m=[32m"MuiInputBase-input MuiOutlinedInput-input css-16wblaj-MuiInputBase-input-MuiOutlinedInput-input"[39m
    [33mid[39m=[32m"_r_1ha_"[39m
    [33mmaxlength[39m=[32m"50"[39m
    [33mrequired[39m=[32m""[39m
    [33mtype[39m=[32m"text"[39m
    [33mvalue[39m=[32m"JIRA-0459"[39m
  [36m/>[39m

  Name "Description for change item 459":
  [36m<textarea[39m
    [33maria-describedby[39m=[32m"change-item-458-desc-help"[39m
    [33maria-invalid[39m=[32m"false"[39m
    [33maria-label[39m=[32m"Description for change item 459"[39m
    [33mclass[39m=[32m"MuiInputBase-input MuiOutlinedInput-input css-w4nesw-MuiInputBase-input-MuiOutlinedInput-input"[39m
    [33mid[39m=[32m"_r_1hb_"[39m
    [33mmaxlength[39m=[32m"500"[39m
    [33mrequired[39m=[32m""[39m
    [33mrows[39m=[32m"3"[39m
    [33mstyle[39m=[32m"height: 0px; overflow: hidden;"[39m
  [36m/>[39m

  Name "Jira number for change item 460":
  [36m<input[39m
    [33maria-describedby[39m=[32m"change-item-459-jira-help"[39m
    [33maria-invalid[39m=[32m"false"[39m
    [33maria-label[39m=[32m"Jira number for change item 460"[39m
    [33mclass[39m=[32m"MuiInputBase-input MuiOutlinedInput-input css-16wblaj-MuiInputBase-input-MuiOutlinedInput-input"[39m
    [33mid[39m=[32m"_r_1hd_"[39m
    [33mmaxlength[39m=[32m"50"[39m
    [33mrequired[39m=[32m""[39m
    [33mtype[39m=[32m"text"[39m
    [33mvalue[39m=[32m"JIRA-0460"[39m
  [36m/>[39m

  Name "Description for change item 460":
  [36m<textarea[39m
    [33maria-describedby[39m=[32m"change-item-459-desc-help"[39m
    [33maria-invalid[39m=[32m"false"[39m
    [33maria-label[39m=[32m"Description for change item 460"[39m
    [33mclass[39m=[32m"MuiInputBase-input MuiOutlinedInput-input css-w4nesw-MuiInputBase-input-MuiOutlinedInput-input"[39m
    [33mid[39m=[32m"_r_1he_"[39m
    [33mmaxlength[39m=[32m"500"[39m
    [33mrequired[39m=[32m""[39m
    [33mrows[39m=[32m"3"[39m
    [33mstyle[39m=[32m"height: 0px; overflow: hidden;"[39m
  [36m/>[39m

  Name "Jira number for change item 461":
  [36m<input[39m
    [33maria-describedby[39m=[32m"change-item-460-jira-help"[39m
    [33maria-invalid[39m=[32m"false"[39m
    [33maria-label[39m=[32m"Jira number for change item 461"[39m
    [33mclass[39m=[32m"MuiInputBase-input MuiOutlinedInput-input css-16wblaj-MuiInputBase-input-MuiOutlinedInput-input"[39m
    [33mid[39m=[32m"_r_1hg_"[39m
    [33mmaxlength[39m=[32m"50"[39m
    [33mrequired[39m=[32m""[39m
    [33mtype[39m=[32m"text"[39m
    [33mvalue[39m=[32m"JIRA-0461"[39m
  [36m/>[39m

  Name "Description for change item 461":
  [36m<textarea[39m
    [33maria-describedby[39m=[32m"change-item-460-desc-help"[39m
    [33maria-invalid[39m=[32m"false"[39m
    [33maria-label[39m=[32m"Description for change item 461"[39m
    [33mclass[39m=[32m"MuiInputBase-input MuiOutlinedInput-input css-w4nesw-MuiInputBase-input-MuiOutlinedInput-input"[39m
    [33mid[39m=[32m"_r_1hh_"[39m
    [33mmaxlength[39m=[32m"500"[39m
    [33mrequired[39m=[32m""[39m
    [33mrows[39m=[32m"3"[39m
    [33mstyle[39m=[32m"height: 0px; overflow: hidden;"[39m
  [36m/>[39m

  Name "Jira number for change item 462":
  [36m<input[39m
    [33maria-describedby[39m=[32m"change-item-461-jira-help"[39m
    [33maria-invalid[39m=[32m"false"[39m
    [33maria-label[39m=[32m"Jira number for change item 462"[39m
    [33mclass[39m=[32m"MuiInputBase-input MuiOutlinedInput-input css-16wblaj-MuiInputBase-input-MuiOutlinedInput-input"[39m
    [33mid[39m=[32m"_r_1hj_"[39m
    [33mmaxlength[39m=[32m"50"[39m
    [33mrequired[39m=[32m""[39m
    [33mtype[39m=[32m"text"[39m
    [33mvalue[39m=[32m"JIRA-0462"[39m
  [36m/>[39m

  Name "Description for change item 462":
  [36m<textarea[39m
    [33maria-describedby[39m=[32m"change-item-461-desc-help"[39m
    [33maria-invalid[39m=[32m"false"[39m
    [33maria-label[39m=[32m"Description for change item 462"[39m
    [33mclass[39m=[32m"MuiInputBase-input MuiOutlinedInput-input css-w4nesw-MuiInputBase-input-MuiOutlinedInput-input"[39m
    [33mid[39m=[32m"_r_1hk_"[39m
    [33mmaxlength[39m=[32m"500"[39m
    [33mrequired[39m=[32m""[39m
    [33mrows[39m=[32m"3"[39m
    [33mstyle[39m=[32m"height: 0px; overflow: hidden;"[39m
  [36m/>[39m

  Name "Jira number for change item 463":
  [36m<input[39m
    [33maria-describedby[39m=[32m"change-item-462-jira-help"[39m
    [33maria-invalid[39m=[32m"false"[39m
    [33maria-label[39m=[32m"Jira number for change item 463"[39m
    [33mclass[39m=[32m"MuiInputBase-input MuiOutlinedInput-input css-16wblaj-MuiInputBase-input-MuiOutlinedInput-input"[39m
    [33mid[39m=[32m"_r_1hm_"[39m
    [33mmaxlength[39m=[32m"50"[39m
    [33mrequired[39m=[32m""[39m
    [33mtype[39m=[32m"text"[39m
    [33mvalue[39m=[32m"JIRA-0463"[39m
  [36m/>[39m

  Name "Description for change item 463":
  [36m<textarea[39m
    [33maria-describedby[39m=[32m"change-item-462-desc-help"[39m
    [33maria-invalid[39m=[32m"false"[39m
    [33maria-label[39m=[32m"Description for change item 463"[39m
    [33mclass[39m=[32m"MuiInputBase-input MuiOutlinedInput-input css-w4nesw-MuiInputBase-input-MuiOutlinedInput-input"[39m
    [33mid[39m=[32m"_r_1hn_"[39m
    [33mmaxlength[39m=[32m"500"[39m
    [33mrequired[39m=[32m""[39m
    [33mrows[39m=[32m"3"[39m
    [33mstyle[39m=[32m"height: 0px; overflow: hidden;"[39m
  [36m/>[39m

  Name "Jira number for change item 464":
  [36m<input[39m
    [33maria-describedby[39m=[32m"change-item-463-jira-help"[39m
    [33maria-invalid[39m=[32m"false"[39m
    [33maria-label[39m=[32m"Jira number for change item 464"[39m
    [33mclass[39m=[32m"MuiInputBase-input MuiOutlinedInput-input css-16wblaj-MuiInputBase-input-MuiOutlinedInput-input"[39m
    [33mid[39m=[32m"_r_1hp_"[39m
    [33mmaxlength[39m=[32m"50"[39m
    [33mrequired[39m=[32m""[39m
    [33mtype[39m=[32m"text"[39m
    [33mvalue[39m=[32m"JIRA-0464"[39m
  [36m/>[39m

  Name "Description for change item 464":
  [36m<textarea[39m
    [33maria-describedby[39m=[32m"change-item-463-desc-help"[39m
    [33maria-invalid[39m=[32m"false"[39m
    [33maria-label[39m=[32m"Description for change item 464"[39m
    [33mclass[39m=[32m"MuiInputBase-input MuiOutlinedInput-input css-w4nesw-MuiInputBase-input-MuiOutlinedInput-input"[39m
    [33mid[39m=[32m"_r_1hq_"[39m
    [33mmaxlength[39m=[32m"500"[39m
    [33mrequired[39m=[32m""[39m
    [33mrows[39m=[32m"3"[39m
    [33mstyle[39m=[32m"height: 0px; overflow: hidden;"[39m
  [36m/>[39m

  Name "Jira number for change item 465":
  [36m<input[39m
    [33maria-describedby[39m=[32m"change-item-464-jira-help"[39m
    [33maria-invalid[39m=[32m"false"[39m
    [33maria-label[39m=[32m"Jira number for change item 465"[39m
    [33mclass[39m=[32m"MuiInputBase-input MuiOutlinedInput-input css-16wblaj-MuiInputBase-input-MuiOutlinedInput-input"[39m
    [33mid[39m=[32m"_r_1hs_"[39m
    [33mmaxlength[39m=[32m"50"[39m
    [33mrequired[39m=[32m""[39m
    [33mtype[39m=[32m"text"[39m
    [33mvalue[39m=[32m"JIRA-0465"[39m
  [36m/>[39m

  Name "Description for change item 465":
  [36m<textarea[39m
    [33maria-describedby[39m=[32m"change-item-464-desc-help"[39m
    [33maria-invalid[39m=[32m"false"[39m
    [33maria-label[39m=[32m"Description for change item 465"[39m
    [33mclass[39m=[32m"MuiInputBase-input MuiOutlinedInput-input css-w4nesw-MuiInputBase-input-MuiOutlinedInput-input"[39m
    [33mid[39m=[32m"_r_1ht_"[39m
    [33mmaxlength[39m=[32m"500"[39m
    [33mrequired[39m=[32m""[39m
    [33mrows[39m=[32m"3"[39m
    [33mstyle[39m=[32m"height: 0px; overflow: hidden;"[39m
  [36m/>[39m

  Name "Jira number for change item 466":
  [36m<input[39m
    [33maria-describedby[39m=[32m"change-item-465-jira-help"[39m
    [33maria-invalid[39m=[32m"false"[39m
    [33maria-label[39m=[32m"Jira number for change item 466"[39m
    [33mclass[39m=[32m"MuiInputBase-input MuiOutlinedInput-input css-16wblaj-MuiInputBase-input-MuiOutlinedInput-input"[39m
    [33mid[39m=[32m"_r_1hv_"[39m
    [33mmaxlength[39m=[32m"50"[39m
    [33mrequired[39m=[32m""[39m
    [33mtype[39m=[32m"text"[39m
    [33mvalue[39m=[32m"JIRA-0466"[39m
  [36m/>[39m

  Name "Description for change item 466":
  [36m<textarea[39m
    [33maria-describedby[39m=[32m"change-item-465-desc-help"[39m
    [33maria-invalid[39m=[32m"false"[39m
    [33maria-label[39m=[32m"Description for change item 466"[39m
    [33mclass[39m=[32m"MuiInputBase-input MuiOutlinedInput-input css-w4nesw-MuiInputBase-input-MuiOutlinedInput-input"[39m
    [33mid[39m=[32m"_r_1i0_"[39m
    [33mmaxlength[39m=[32m"500"[39m
    [33mrequired[39m=[32m""[39m
    [33mrows[39m=[32m"3"[39m
    [33mstyle[39m=[32m"height: 0px; overflow: hidden;"[39m
  [36m/>[39m

  Name "Jira number for change item 467":
  [36m<input[39m
    [33maria-describedby[39m=[32m"change-item-466-jira-help"[39m
    [33maria-invalid[39m=[32m"false"[39m
    [33maria-label[39m=[32m"Jira number for change item 467"[39m
    [33mclass[39m=[32m"MuiInputBase-input MuiOutlinedInput-input css-16wblaj-MuiInputBase-input-MuiOutlinedInput-input"[39m
    [33mid[39m=[32m"_r_1i2_"[39m
    [33mmaxlength[39m=[32m"50"[39m
    [33mrequired[39m=[32m""[39m
    [33mtype[39m=[32m"text"[39m
    [33mvalue[39m=[32m"JIRA-0467"[39m
  [36m/>[39m

  Name "Description for change item 467":
  [36m<textarea[39m
    [33maria-describedby[39m=[32m"change-item-466-desc-help"[39m
    [33maria-invalid[39m=[32m"false"[39m
    [33maria-label[39m=[32m"Description for change item 467"[39m
    [33mclass[39m=[32m"MuiInputBase-input MuiOutlinedInput-input css-w4nesw-MuiInputBase-input-MuiOutlinedInput-input"[39m
    [33mid[39m=[32m"_r_1i3_"[39m
    [33mmaxlength[39m=[32m"500"[39m
    [33mrequired[39m=[32m""[39m
    [33mrows[39m=[32m"3"[39m
    [33mstyle[39m=[32m"height: 0px; overflow: hidden;"[39m
  [36m/>[39m

  Name "Jira number for change item 468":
  [36m<input[39m
    [33maria-describedby[39m=[32m"change-item-467-jira-help"[39m
    [33maria-invalid[39m=[32m"false"[39m
    [33maria-label[39m=[32m"Jira number for change item 468"[39m
    [33mclass[39m=[32m"MuiInputBase-input MuiOutlinedInput-input css-16wblaj-MuiInputBase-input-MuiOutlinedInput-input"[39m
    [33mid[39m=[32m"_r_1i5_"[39m
    [33mmaxlength[39m=[32m"50"[39m
    [33mrequired[39m=[32m""[39m
    [33mtype[39m=[32m"text"[39m
    [33mvalue[39m=[32m"JIRA-0468"[39m
  [36m/>[39m

  Name "Description for change item 468":
  [36m<textarea[39m
    [33maria-describedby[39m=[32m"change-item-467-desc-help"[39m
    [33maria-invalid[39m=[32m"false"[39m
    [33maria-label[39m=[32m"Description for change item 468"[39m
    [33mclass[39m=[32m"MuiInputBase-input MuiOutlinedInput-input css-w4nesw-MuiInputBase-input-MuiOutlinedInput-input"[39m
    [33mid[39m=[32m"_r_1i6_"[39m
    [33mmaxlength[39m=[32m"500"[39m
    [33mrequired[39m=[32m""[39m
    [33mrows[39m=[32m"3"[39m
    [33mstyle[39m=[32m"height: 0px; overflow: hidden;"[39m
  [36m/>[39m

  Name "Jira number for change item 469":
  [36m<input[39m
    [33maria-describedby[39m=[32m"change-item-468-jira-help"[39m
    [33maria-invalid[39m=[32m"false"[39m
    [33maria-label[39m=[32m"Jira number for change item 469"[39m
    [33mclass[39m=[32m"MuiInputBase-input MuiOutlinedInput-input css-16wblaj-MuiInputBase-input-MuiOutlinedInput-input"[39m
    [33mid[39m=[32m"_r_1i8_"[39m
    [33mmaxlength[39m=[32m"50"[39m
    [33mrequired[39m=[32m""[39m
    [33mtype[39m=[32m"text"[39m
    [33mvalue[39m=[32m"JIRA-0469"[39m
  [36m/>[39m

  Name "Description for change item 469":
  [36m<textarea[39m
    [33maria-describedby[39m=[32m"change-item-468-desc-help"[39m
    [33maria-invalid[39m=[32m"false"[39m
    [33maria-label[39m=[32m"Description for change item 469"[39m
    [33mclass[39m=[32m"MuiInputBase-input MuiOutlinedInput-input css-w4nesw-MuiInputBase-input-MuiOutlinedInput-input"[39m
    [33mid[39m=[32m"_r_1i9_"[39m
    [33mmaxlength[39m=[32m"500"[39m
    [33mrequired[39m=[32m""[39m
    [33mrows[39m=[32m"3"[39m
    [33mstyle[39m=[32m"height: 0px; overflow: hidden;"[39m
  [36m/>[39m

  Name "Jira number for change item 470":
  [36m<input[39m
    [33maria-describedby[39m=[32m"change-item-469-jira-help"[39m
    [33maria-invalid[39m=[32m"false"[39m
    [33maria-label[39m=[32m"Jira number for change item 470"[39m
    [33mclass[39m=[32m"MuiInputBase-input MuiOutlinedInput-input css-16wblaj-MuiInputBase-input-MuiOutlinedInput-input"[39m
    [33mid[39m=[32m"_r_1ib_"[39m
    [33mmaxlength[39m=[32m"50"[39m
    [33mrequired[39m=[32m""[39m
    [33mtype[39m=[32m"text"[39m
    [33mvalue[39m=[32m"JIRA-0470"[39m
  [36m/>[39m

  Name "Description for change item 470":
  [36m<textarea[39m
    [33maria-describedby[39m=[32m"change-item-469-desc-help"[39m
    [33maria-invalid[39m=[32m"false"[39m
    [33maria-label[39m=[32m"Description for change item 470"[39m
    [33mclass[39m=[32m"MuiInputBase-input MuiOutlinedInput-input css-w4nesw-MuiInputBase-input-MuiOutlinedInput-input"[39m
    [33mid[39m=[32m"_r_1ic_"[39m
    [33mmaxlength[39m=[32m"500"[39m
    [33mrequired[39m=[32m""[39m
    [33mrows[39m=[32m"3"[39m
    [33mstyle[39m=[32m"height: 0px; overflow: hidden;"[39m
  [36m/>[39m

  Name "Jira number for change item 471":
  [36m<input[39m
    [33maria-describedby[39m=[32m"change-item-470-jira-help"[39m
    [33maria-invalid[39m=[32m"false"[39m
    [33maria-label[39m=[32m"Jira number for change item 471"[39m
    [33mclass[39m=[32m"MuiInputBase-input MuiOutlinedInput-input css-16wblaj-MuiInputBase-input-MuiOutlinedInput-input"[39m
    [33mid[39m=[32m"_r_1ie_"[39m
    [33mmaxlength[39m=[32m"50"[39m
    [33mrequired[39m=[32m""[39m
    [33mtype[39m=[32m"text"[39m
    [33mvalue[39m=[32m"JIRA-0471"[39m
  [36m/>[39m

  Name "Description for change item 471":
  [36m<textarea[39m
    [33maria-describedby[39m=[32m"change-item-470-desc-help"[39m
    [33maria-invalid[39m=[32m"false"[39m
    [33maria-label[39m=[32m"Description for change item 471"[39m
    [33mclass[39m=[32m"MuiInputBase-input MuiOutlinedInput-input css-w4nesw-MuiInputBase-input-MuiOutlinedInput-input"[39m
    [33mid[39m=[32m"_r_1if_"[39m
    [33mmaxlength[39m=[32m"500"[39m
    [33mrequired[39m=[32m""[39m
    [33mrows[39m=[32m"3"[39m
    [33mstyle[39m=[32m"height: 0px; overflow: hidden;"[39m
  [36m/>[39m

  Name "Jira number for change item 472":
  [36m<input[39m
    [33maria-describedby[39m=[32m"change-item-471-jira-help"[39m
    [33maria-invalid[39m=[32m"false"[39m
    [33maria-label[39m=[32m"Jira number for change item 472"[39m
    [33mclass[39m=[32m"MuiInputBase-input MuiOutlinedInput-input css-16wblaj-MuiInputBase-input-MuiOutlinedInput-input"[39m
    [33mid[39m=[32m"_r_1ih_"[39m
    [33mmaxlength[39m=[32m"50"[39m
    [33mrequired[39m=[32m""[39m
    [33mtype[39m=[32m"text"[39m
    [33mvalue[39m=[32m"JIRA-0472"[39m
  [36m/>[39m

  Name "Description for change item 472":
  [36m<textarea[39m
    [33maria-describedby[39m=[32m"change-item-471-desc-help"[39m
    [33maria-invalid[39m=[32m"false"[39m
    [33maria-label[39m=[32m"Description for change item 472"[39m
    [33mclass[39m=[32m"MuiInputBase-input MuiOutlinedInput-input css-w4nesw-MuiInputBase-input-MuiOutlinedInput-input"[39m
    [33mid[39m=[32m"_r_1ii_"[39m
    [33mmaxlength[39m=[32m"500"[39m
    [33mrequired[39m=[32m""[39m
    [33mrows[39m=[32m"3"[39m
    [33mstyle[39m=[32m"height: 0px; overflow: hidden;"[39m
  [36m/>[39m

  Name "Jira number for change item 473":
  [36m<input[39m
    [33maria-describedby[39m=[32m"change-item-472-jira-help"[39m
    [33maria-invalid[39m=[32m"false"[39m
    [33maria-label[39m=[32m"Jira number for change item 473"[39m
    [33mclass[39m=[32m"MuiInputBase-input MuiOutlinedInput-input css-16wblaj-MuiInputBase-input-MuiOutlinedInput-input"[39m
    [33mid[39m=[32m"_r_1ik_"[39m
    [33mmaxlength[39m=[32m"50"[39m
    [33mrequired[39m=[32m""[39m
    [33mtype[39m=[32m"text"[39m
    [33mvalue[39m=[32m"JIRA-0473"[39m
  [36m/>[39m

  Name "Description for change item 473":
  [36m<textarea[39m
    [33maria-describedby[39m=[32m"change-item-472-desc-help"[39m
    [33maria-invalid[39m=[32m"false"[39m
    [33maria-label[39m=[32m"Description for change item 473"[39m
    [33mclass[39m=[32m"MuiInputBase-input MuiOutlinedInput-input css-w4nesw-MuiInputBase-input-MuiOutlinedInput-input"[39m
    [33mid[39m=[32m"_r_1il_"[39m
    [33mmaxlength[39m=[32m"500"[39m
    [33mrequired[39m=[32m""[39m
    [33mrows[39m=[32m"3"[39m
    [33mstyle[39m=[32m"height: 0px; overflow: hidden;"[39m
  [36m/>[39m

  Name "Jira number for change item 474":
  [36m<input[39m
    [33maria-describedby[39m=[32m"change-item-473-jira-help"[39m
    [33maria-invalid[39m=[32m"false"[39m
    [33maria-label[39m=[32m"Jira number for change item 474"[39m
    [33mclass[39m=[32m"MuiInputBase-input MuiOutlinedInput-input css-16wblaj-MuiInputBase-input-MuiOutlinedInput-input"[39m
    [33mid[39m=[32m"_r_1in_"[39m
    [33mmaxlength[39m=[32m"50"[39m
    [33mrequired[39m=[32m""[39m
    [33mtype[39m=[32m"text"[39m
    [33mvalue[39m=[32m"JIRA-0474"[39m
  [36m/>[39m

  Name "Description for change item 474":
  [36m<textarea[39m
    [33maria-describedby[39m=[32m"change-item-473-desc-help"[39m
    [33maria-invalid[39m=[32m"false"[39m
    [33maria-label[39m=[32m"Description for change item 474"[39m
    [33mclass[39m=[32m"MuiInputBase-input MuiOutlinedInput-input css-w4nesw-MuiInputBase-input-MuiOutlinedInput-input"[39m
    [33mid[39m=[32m"_r_1io_"[39m
    [33mmaxlength[39m=[32m"500"[39m
    [33mrequired[39m=[32m""[39m
    [33mrows[39m=[32m"3"[39m
    [33mstyle[39m=[32m"height: 0px; overflow: hidden;"[39m
  [36m/>[39m

  Name "Jira number for change item 475":
  [36m<input[39m
    [33maria-describedby[39m=[32m"change-item-474-jira-help"[39m
    [33maria-invalid[39m=[32m"false"[39m
    [33maria-label[39m=[32m"Jira number for change item 475"[39m
    [33mclass[39m=[32m"MuiInputBase-input MuiOutlinedInput-input css-16wblaj-MuiInputBase-input-MuiOutlinedInput-input"[39m
    [33mid[39m=[32m"_r_1iq_"[39m
    [33mmaxlength[39m=[32m"50"[39m
    [33mrequired[39m=[32m""[39m
    [33mtype[39m=[32m"text"[39m
    [33mvalue[39m=[32m"JIRA-0475"[39m
  [36m/>[39m

  Name "Description for change item 475":
  [36m<textarea[39m
    [33maria-describedby[39m=[32m"change-item-474-desc-help"[39m
    [33maria-invalid[39m=[32m"false"[39m
    [33maria-label[39m=[32m"Description for change item 475"[39m
    [33mclass[39m=[32m"MuiInputBase-input MuiOutlinedInput-input css-w4nesw-MuiInputBase-input-MuiOutlinedInput-input"[39m
    [33mid[39m=[32m"_r_1ir_"[39m
    [33mmaxlength[39m=[32m"500"[39m
    [33mrequired[39m=[32m""[39m
    [33mrows[39m=[32m"3"[39m
    [33mstyle[39m=[32m"height: 0px; overflow: hidden;"[39m
  [36m/>[39m

  Name "Jira number for change item 476":
  [36m<input[39m
    [33maria-describedby[39m=[32m"change-item-475-jira-help"[39m
    [33maria-invalid[39m=[32m"false"[39m
    [33maria-label[39m=[32m"Jira number for change item 476"[39m
    [33mclass[39m=[32m"MuiInputBase-input MuiOutlinedInput-input css-16wblaj-MuiInputBase-input-MuiOutlinedInput-input"[39m
    [33mid[39m=[32m"_r_1it_"[39m
    [33mmaxlength[39m=[32m"50"[39m
    [33mrequired[39m=[32m""[39m
    [33mtype[39m=[32m"text"[39m
    [33mvalue[39m=[32m"JIRA-0476"[39m
  [36m/>[39m

  Name "Description for change item 476":
  [36m<textarea[39m
    [33maria-describedby[39m=[32m"change-item-475-desc-help"[39m
    [33maria-invalid[39m=[32m"false"[39m
    [33maria-label[39m=[32m"Description for change item 476"[39m
    [33mclass[39m=[32m"MuiInputBase-input MuiOutlinedInput-input css-w4nesw-MuiInputBase-input-MuiOutlinedInput-input"[39m
    [33mid[39m=[32m"_r_1iu_"[39m
    [33mmaxlength[39m=[32m"500"[39m
    [33mrequired[39m=[32m""[39m
    [33mrows[39m=[32m"3"[39m
    [33mstyle[39m=[32m"height: 0px; overflow: hidden;"[39m
  [36m/>[39m

  Name "Jira number for change item 477":
  [36m<input[39m
    [33maria-describedby[39m=[32m"change-item-476-jira-help"[39m
    [33maria-invalid[39m=[32m"false"[39m
    [33maria-label[39m=[32m"Jira number for change item 477"[39m
    [33mclass[39m=[32m"MuiInputBase-input MuiOutlinedInput-input css-16wblaj-MuiInputBase-input-MuiOutlinedInput-input"[39m
    [33mid[39m=[32m"_r_1j0_"[39m
    [33mmaxlength[39m=[32m"50"[39m
    [33mrequired[39m=[32m""[39m
    [33mtype[39m=[32m"text"[39m
    [33mvalue[39m=[32m"JIRA-0477"[39m
  [36m/>[39m

  Name "Description for change item 477":
  [36m<textarea[39m
    [33maria-describedby[39m=[32m"change-item-476-desc-help"[39m
    [33maria-invalid[39m=[32m"false"[39m
    [33maria-label[39m=[32m"Description for change item 477"[39m
    [33mclass[39m=[32m"MuiInputBase-input MuiOutlinedInput-input css-w4nesw-MuiInputBase-input-MuiOutlinedInput-input"[39m
    [33mid[39m=[32m"_r_1j1_"[39m
    [33mmaxlength[39m=[32m"500"[39m
    [33mrequired[39m=[32m""[39m
    [33mrows[39m=[32m"3"[39m
    [33mstyle[39m=[32m"height: 0px; overflow: hidden;"[39m
  [36m/>[39m

  Name "Jira number for change item 478":
  [36m<input[39m
    [33maria-describedby[39m=[32m"change-item-477-jira-help"[39m
    [33maria-invalid[39m=[32m"false"[39m
    [33maria-label[39m=[32m"Jira number for change item 478"[39m
    [33mclass[39m=[32m"MuiInputBase-input MuiOutlinedInput-input css-16wblaj-MuiInputBase-input-MuiOutlinedInput-input"[39m
    [33mid[39m=[32m"_r_1j3_"[39m
    [33mmaxlength[39m=[32m"50"[39m
    [33mrequired[39m=[32m""[39m
    [33mtype[39m=[32m"text"[39m
    [33mvalue[39m=[32m"JIRA-0478"[39m
  [36m/>[39m

  Name "Description for change item 478":
  [36m<textarea[39m
    [33maria-describedby[39m=[32m"change-item-477-desc-help"[39m
    [33maria-invalid[39m=[32m"false"[39m
    [33maria-label[39m=[32m"Description for change item 478"[39m
    [33mclass[39m=[32m"MuiInputBase-input MuiOutlinedInput-input css-w4nesw-MuiInputBase-input-MuiOutlinedInput-input"[39m
    [33mid[39m=[32m"_r_1j4_"[39m
    [33mmaxlength[39m=[32m"500"[39m
    [33mrequired[39m=[32m""[39m
    [33mrows[39m=[32m"3"[39m
    [33mstyle[39m=[32m"height: 0px; overflow: hidden;"[39m
  [36m/>[39m

  Name "Jira number for change item 479":
  [36m<input[39m
    [33maria-describedby[39m=[32m"change-item-478-jira-help"[39m
    [33maria-invalid[39m=[32m"false"[39m
    [33maria-label[39m=[32m"Jira number for change item 479"[39m
    [33mclass[39m=[32m"MuiInputBase-input MuiOutlinedInput-input css-16wblaj-MuiInputBase-input-MuiOutlinedInput-input"[39m
    [33mid[39m=[32m"_r_1j6_"[39m
    [33mmaxlength[39m=[32m"50"[39m
    [33mrequired[39m=[32m""[39m
    [33mtype[39m=[32m"text"[39m
    [33mvalue[39m=[32m"JIRA-0479"[39m
  [36m/>[39m

  Name "Description for change item 479":
  [36m<textarea[39m
    [33maria-describedby[39m=[32m"change-item-478-desc-help"[39m
    [33maria-invalid[39m=[32m"false"[39m
    [33maria-label[39m=[32m"Description for change item 479"[39m
    [33mclass[39m=[32m"MuiInputBase-input MuiOutlinedInput-input css-w4nesw-MuiInputBase-input-MuiOutlinedInput-input"[39m
    [33mid[39m=[32m"_r_1j7_"[39m
    [33mmaxlength[39m=[32m"500"[39m
    [33mrequired[39m=[32m""[39m
    [33mrows[39m=[32m"3"[39m
    [33mstyle[39m=[32m"height: 0px; overflow: hidden;"[39m
  [36m/>[39m

  Name "Jira number for change item 480":
  [36m<input[39m
    [33maria-describedby[39m=[32m"change-item-479-jira-help"[39m
    [33maria-invalid[39m=[32m"false"[39m
    [33maria-label[39m=[32m"Jira number for change item 480"[39m
    [33mclass[39m=[32m"MuiInputBase-input MuiOutlinedInput-input css-16wblaj-MuiInputBase-input-MuiOutlinedInput-input"[39m
    [33mid[39m=[32m"_r_1j9_"[39m
    [33mmaxlength[39m=[32m"50"[39m
    [33mrequired[39m=[32m""[39m
    [33mtype[39m=[32m"text"[39m
    [33mvalue[39m=[32m"JIRA-0480"[39m
  [36m/>[39m

  Name "Description for change item 480":
  [36m<textarea[39m
    [33maria-describedby[39m=[32m"change-item-479-desc-help"[39m
    [33maria-invalid[39m=[32m"false"[39m
    [33maria-label[39m=[32m"Description for change item 480"[39m
    [33mclass[39m=[32m"MuiInputBase-input MuiOutlinedInput-input css-w4nesw-MuiInputBase-input-MuiOutlinedInput-input"[39m
    [33mid[39m=[32m"_r_1ja_"[39m
    [33mmaxlength[39m=[32m"500"[39m
    [33mrequired[39m=[32m""[39m
    [33mrows[39m=[32m"3"[39m
    [33mstyle[39m=[32m"height: 0px; overflow: hidden;"[39m
  [36m/>[39m

  Name "Jira number for change item 481":
  [36m<input[39m
    [33maria-describedby[39m=[32m"change-item-480-jira-help"[39m
    [33maria-invalid[39m=[32m"false"[39m
    [33maria-label[39m=[32m"Jira number for change item 481"[39m
    [33mclass[39m=[32m"MuiInputBase-input MuiOutlinedInput-input css-16wblaj-MuiInputBase-input-MuiOutlinedInput-input"[39m
    [33mid[39m=[32m"_r_1jc_"[39m
    [33mmaxlength[39m=[32m"50"[39m
    [33mrequired[39m=[32m""[39m
    [33mtype[39m=[32m"text"[39m
    [33mvalue[39m=[32m"JIRA-0481"[39m
  [36m/>[39m

  Name "Description for change item 481":
  [36m<textarea[39m
    [33maria-describedby[39m=[32m"change-item-480-desc-help"[39m
    [33maria-invalid[39m=[32m"false"[39m
    [33maria-label[39m=[32m"Description for change item 481"[39m
    [33mclass[39m=[32m"MuiInputBase-input MuiOutlinedInput-input css-w4nesw-MuiInputBase-input-MuiOutlinedInput-input"[39m
    [33mid[39m=[32m"_r_1jd_"[39m
    [33mmaxlength[39m=[32m"500"[39m
    [33mrequired[39m=[32m""[39m
    [33mrows[39m=[32m"3"[39m
    [33mstyle[39m=[32m"height: 0px; overflow: hidden;"[39m
  [36m/>[39m

  Name "Jira number for change item 482":
  [36m<input[39m
    [33maria-describedby[39m=[32m"change-item-481-jira-help"[39m
    [33maria-invalid[39m=[32m"false"[39m
    [33maria-label[39m=[32m"Jira number for change item 482"[39m
    [33mclass[39m=[32m"MuiInputBase-input MuiOutlinedInput-input css-16wblaj-MuiInputBase-input-MuiOutlinedInput-input"[39m
    [33mid[39m=[32m"_r_1jf_"[39m
    [33mmaxlength[39m=[32m"50"[39m
    [33mrequired[39m=[32m""[39m
    [33mtype[39m=[32m"text"[39m
    [33mvalue[39m=[32m"JIRA-0482"[39m
  [36m/>[39m

  Name "Description for change item 482":
  [36m<textarea[39m
    [33maria-describedby[39m=[32m"change-item-481-desc-help"[39m
    [33maria-invalid[39m=[32m"false"[39m
    [33maria-label[39m=[32m"Description for change item 482"[39m
    [33mclass[39m=[32m"MuiInputBase-input MuiOutlinedInput-input css-w4nesw-MuiInputBase-input-MuiOutlinedInput-input"[39m
    [33mid[39m=[32m"_r_1jg_"[39m
    [33mmaxlength[39m=[32m"500"[39m
    [33mrequired[39m=[32m""[39m
    [33mrows[39m=[32m"3"[39m
    [33mstyle[39m=[32m"height: 0px; overflow: hidden;"[39m
  [36m/>[39m

  Name "Jira number for change item 483":
  [36m<input[39m
    [33maria-describedby[39m=[32m"change-item-482-jira-help"[39m
    [33maria-invalid[39m=[32m"false"[39m
    [33maria-label[39m=[32m"Jira number for change item 483"[39m
    [33mclass[39m=[32m"MuiInputBase-input MuiOutlinedInput-input css-16wblaj-MuiInputBase-input-MuiOutlinedInput-input"[39m
    [33mid[39m=[32m"_r_1ji_"[39m
    [33mmaxlength[39m=[32m"50"[39m
    [33mrequired[39m=[32m""[39m
    [33mtype[39m=[32m"text"[39m
    [33mvalue[39m=[32m"JIRA-0483"[39m
  [36m/>[39m

  Name "Description for change item 483":
  [36m<textarea[39m
    [33maria-describedby[39m=[32m"change-item-482-desc-help"[39m
    [33maria-invalid[39m=[32m"false"[39m
    [33maria-label[39m=[32m"Description for change item 483"[39m
    [33mclass[39m=[32m"MuiInputBase-input MuiOutlinedInput-input css-w4nesw-MuiInputBase-input-MuiOutlinedInput-input"[39m
    [33mid[39m=[32m"_r_1jj_"[39m
    [33mmaxlength[39m=[32m"500"[39m
    [33mrequired[39m=[32m""[39m
    [33mrows[39m=[32m"3"[39m
    [33mstyle[39m=[32m"height: 0px; overflow: hidden;"[39m
  [36m/>[39m

  Name "Jira number for change item 484":
  [36m<input[39m
    [33maria-describedby[39m=[32m"change-item-483-jira-help"[39m
    [33maria-invalid[39m=[32m"false"[39m
    [33maria-label[39m=[32m"Jira number for change item 484"[39m
    [33mclass[39m=[32m"MuiInputBase-input MuiOutlinedInput-input css-16wblaj-MuiInputBase-input-MuiOutlinedInput-input"[39m
    [33mid[39m=[32m"_r_1jl_"[39m
    [33mmaxlength[39m=[32m"50"[39m
    [33mrequired[39m=[32m""[39m
    [33mtype[39m=[32m"text"[39m
    [33mvalue[39m=[32m"JIRA-0484"[39m
  [36m/>[39m

  Name "Description for change item 484":
  [36m<textarea[39m
    [33maria-describedby[39m=[32m"change-item-483-desc-help"[39m
    [33maria-invalid[39m=[32m"false"[39m
    [33maria-label[39m=[32m"Description for change item 484"[39m
    [33mclass[39m=[32m"MuiInputBase-input MuiOutlinedInput-input css-w4nesw-MuiInputBase-input-MuiOutlinedInput-input"[39m
    [33mid[39m=[32m"_r_1jm_"[39m
    [33mmaxlength[39m=[32m"500"[39m
    [33mrequired[39m=[32m""[39m
    [33mrows[39m=[32m"3"[39m
    [33mstyle[39m=[32m"height: 0px; overflow: hidden;"[39m
  [36m/>[39m

  Name "Jira number for change item 485":
  [36m<input[39m
    [33maria-describedby[39m=[32m"change-item-484-jira-help"[39m
    [33maria-invalid[39m=[32m"false"[39m
    [33maria-label[39m=[32m"Jira number for change item 485"[39m
    [33mclass[39m=[32m"MuiInputBase-input MuiOutlinedInput-input css-16wblaj-MuiInputBase-input-MuiOutlinedInput-input"[39m
    [33mid[39m=[32m"_r_1jo_"[39m
    [33mmaxlength[39m=[32m"50"[39m
    [33mrequired[39m=[32m""[39m
    [33mtype[39m=[32m"text"[39m
    [33mvalue[39m=[32m"JIRA-0485"[39m
  [36m/>[39m

  Name "Description for change item 485":
  [36m<textarea[39m
    [33maria-describedby[39m=[32m"change-item-484-desc-help"[39m
    [33maria-invalid[39m=[32m"false"[39m
    [33maria-label[39m=[32m"Description for change item 485"[39m
    [33mclass[39m=[32m"MuiInputBase-input MuiOutlinedInput-input css-w4nesw-MuiInputBase-input-MuiOutlinedInput-input"[39m
    [33mid[39m=[32m"_r_1jp_"[39m
    [33mmaxlength[39m=[32m"500"[39m
    [33mrequired[39m=[32m""[39m
    [33mrows[39m=[32m"3"[39m
    [33mstyle[39m=[32m"height: 0px; overflow: hidden;"[39m
  [36m/>[39m

  Name "Jira number for change item 486":
  [36m<input[39m
    [33maria-describedby[39m=[32m"change-item-485-jira-help"[39m
    [33maria-invalid[39m=[32m"false"[39m
    [33maria-label[39m=[32m"Jira number for change item 486"[39m
    [33mclass[39m=[32m"MuiInputBase-input MuiOutlinedInput-input css-16wblaj-MuiInputBase-input-MuiOutlinedInput-input"[39m
    [33mid[39m=[32m"_r_1jr_"[39m
    [33mmaxlength[39m=[32m"50"[39m
    [33mrequired[39m=[32m""[39m
    [33mtype[39m=[32m"text"[39m
    [33mvalue[39m=[32m"JIRA-0486"[39m
  [36m/>[39m

  Name "Description for change item 486":
  [36m<textarea[39m
    [33maria-describedby[39m=[32m"change-item-485-desc-help"[39m
    [33maria-invalid[39m=[32m"false"[39m
    [33maria-label[39m=[32m"Description for change item 486"[39m
    [33mclass[39m=[32m"MuiInputBase-input MuiOutlinedInput-input css-w4nesw-MuiInputBase-input-MuiOutlinedInput-input"[39m
    [33mid[39m=[32m"_r_1js_"[39m
    [33mmaxlength[39m=[32m"500"[39m
    [33mrequired[39m=[32m""[39m
    [33mrows[39m=[32m"3"[39m
    [33mstyle[39m=[32m"height: 0px; overflow: hidden;"[39m
  [36m/>[39m

  Name "Jira number for change item 487":
  [36m<input[39m
    [33maria-describedby[39m=[32m"change-item-486-jira-help"[39m
    [33maria-invalid[39m=[32m"false"[39m
    [33maria-label[39m=[32m"Jira number for change item 487"[39m
    [33mclass[39m=[32m"MuiInputBase-input MuiOutlinedInput-input css-16wblaj-MuiInputBase-input-MuiOutlinedInput-input"[39m
    [33mid[39m=[32m"_r_1ju_"[39m
    [33mmaxlength[39m=[32m"50"[39m
    [33mrequired[39m=[32m""[39m
    [33mtype[39m=[32m"text"[39m
    [33mvalue[39m=[32m"JIRA-0487"[39m
  [36m/>[39m

  Name "Description for change item 487":
  [36m<textarea[39m
    [33maria-describedby[39m=[32m"change-item-486-desc-help"[39m
    [33maria-invalid[39m=[32m"false"[39m
    [33maria-label[39m=[32m"Description for change item 487"[39m
    [33mclass[39m=[32m"MuiInputBase-input MuiOutlinedInput-input css-w4nesw-MuiInputBase-input-MuiOutlinedInput-input"[39m
    [33mid[39m=[32m"_r_1jv_"[39m
    [33mmaxlength[39m=[32m"500"[39m
    [33mrequired[39m=[32m""[39m
    [33mrows[39m=[32m"3"[39m
    [33mstyle[39m=[32m"height: 0px; overflow: hidden;"[39m
  [36m/>[39m

  Name "Jira number for change item 488":
  [36m<input[39m
    [33maria-describedby[39m=[32m"change-item-487-jira-help"[39m
    [33maria-invalid[39m=[32m"false"[39m
    [33maria-label[39m=[32m"Jira number for change item 488"[39m
    [33mclass[39m=[32m"MuiInputBase-input MuiOutlinedInput-input css-16wblaj-MuiInputBase-input-MuiOutlinedInput-input"[39m
    [33mid[39m=[32m"_r_1k1_"[39m
    [33mmaxlength[39m=[32m"50"[39m
    [33mrequired[39m=[32m""[39m
    [33mtype[39m=[32m"text"[39m
    [33mvalue[39m=[32m"JIRA-0488"[39m
  [36m/>[39m

  Name "Description for change item 488":
  [36m<textarea[39m
    [33maria-describedby[39m=[32m"change-item-487-desc-help"[39m
    [33maria-invalid[39m=[32m"false"[39m
    [33maria-label[39m=[32m"Description for change item 488"[39m
    [33mclass[39m=[32m"MuiInputBase-input MuiOutlinedInput-input css-w4nesw-MuiInputBase-input-MuiOutlinedInput-input"[39m
    [33mid[39m=[32m"_r_1k2_"[39m
    [33mmaxlength[39m=[32m"500"[39m
    [33mrequired[39m=[32m""[39m
    [33mrows[39m=[32m"3"[39m
    [33mstyle[39m=[32m"height: 0px; overflow: hidden;"[39m
  [36m/>[39m

  Name "Jira number for change item 489":
  [36m<input[39m
    [33maria-describedby[39m=[32m"change-item-488-jira-help"[39m
    [33maria-invalid[39m=[32m"false"[39m
    [33maria-label[39m=[32m"Jira number for change item 489"[39m
    [33mclass[39m=[32m"MuiInputBase-input MuiOutlinedInput-input css-16wblaj-MuiInputBase-input-MuiOutlinedInput-input"[39m
    [33mid[39m=[32m"_r_1k4_"[39m
    [33mmaxlength[39m=[32m"50"[39m
    [33mrequired[39m=[32m""[39m
    [33mtype[39m=[32m"text"[39m
    [33mvalue[39m=[32m"JIRA-0489"[39m
  [36m/>[39m

  Name "Description for change item 489":
  [36m<textarea[39m
    [33maria-describedby[39m=[32m"change-item-488-desc-help"[39m
    [33maria-invalid[39m=[32m"false"[39m
    [33maria-label[39m=[32m"Description for change item 489"[39m
    [33mclass[39m=[32m"MuiInputBase-input MuiOutlinedInput-input css-w4nesw-MuiInputBase-input-MuiOutlinedInput-input"[39m
    [33mid[39m=[32m"_r_1k5_"[39m
    [33mmaxlength[39m=[32m"500"[39m
    [33mrequired[39m=[32m""[39m
    [33mrows[39m=[32m"3"[39m
    [33mstyle[39m=[32m"height: 0px; overflow: hidden;"[39m
  [36m/>[39m

  Name "Jira number for change item 490":
  [36m<input[39m
    [33maria-describedby[39m=[32m"change-item-489-jira-help"[39m
    [33maria-invalid[39m=[32m"false"[39m
    [33maria-label[39m=[32m"Jira number for change item 490"[39m
    [33mclass[39m=[32m"MuiInputBase-input MuiOutlinedInput-input css-16wblaj-MuiInputBase-input-MuiOutlinedInput-input"[39m
    [33mid[39m=[32m"_r_1k7_"[39m
    [33mmaxlength[39m=[32m"50"[39m
    [33mrequired[39m=[32m""[39m
    [33mtype[39m=[32m"text"[39m
    [33mvalue[39m=[32m"JIRA-0490"[39m
  [36m/>[39m

  Name "Description for change item 490":
  [36m<textarea[39m
    [33maria-describedby[39m=[32m"change-item-489-desc-help"[39m
    [33maria-invalid[39m=[32m"false"[39m
    [33maria-label[39m=[32m"Description for change item 490"[39m
    [33mclass[39m=[32m"MuiInputBase-input MuiOutlinedInput-input css-w4nesw-MuiInputBase-input-MuiOutlinedInput-input"[39m
    [33mid[39m=[32m"_r_1k8_"[39m
    [33mmaxlength[39m=[32m"500"[39m
    [33mrequired[39m=[32m""[39m
    [33mrows[39m=[32m"3"[39m
    [33mstyle[39m=[32m"height: 0px; overflow: hidden;"[39m
  [36m/>[39m

  Name "Jira number for change item 491":
  [36m<input[39m
    [33maria-describedby[39m=[32m"change-item-490-jira-help"[39m
    [33maria-invalid[39m=[32m"false"[39m
    [33maria-label[39m=[32m"Jira number for change item 491"[39m
    [33mclass[39m=[32m"MuiInputBase-input MuiOutlinedInput-input css-16wblaj-MuiInputBase-input-MuiOutlinedInput-input"[39m
    [33mid[39m=[32m"_r_1ka_"[39m
    [33mmaxlength[39m=[32m"50"[39m
    [33mrequired[39m=[32m""[39m
    [33mtype[39m=[32m"text"[39m
    [33mvalue[39m=[32m"JIRA-0491"[39m
  [36m/>[39m

  Name "Description for change item 491":
  [36m<textarea[39m
    [33maria-describedby[39m=[32m"change-item-490-desc-help"[39m
    [33maria-invalid[39m=[32m"false"[39m
    [33maria-label[39m=[32m"Description for change item 491"[39m
    [33mclass[39m=[32m"MuiInputBase-input MuiOutlinedInput-input css-w4nesw-MuiInputBase-input-MuiOutlinedInput-input"[39m
    [33mid[39m=[32m"_r_1kb_"[39m
    [33mmaxlength[39m=[32m"500"[39m
    [33mrequired[39m=[32m""[39m
    [33mrows[39m=[32m"3"[39m
    [33mstyle[39m=[32m"height: 0px; overflow: hidden;"[39m
  [36m/>[39m

  Name "Jira number for change item 492":
  [36m<input[39m
    [33maria-describedby[39m=[32m"change-item-491-jira-help"[39m
    [33maria-invalid[39m=[32m"false"[39m
    [33maria-label[39m=[32m"Jira number for change item 492"[39m
    [33mclass[39m=[32m"MuiInputBase-input MuiOutlinedInput-input css-16wblaj-MuiInputBase-input-MuiOutlinedInput-input"[39m
    [33mid[39m=[32m"_r_1kd_"[39m
    [33mmaxlength[39m=[32m"50"[39m
    [33mrequired[39m=[32m""[39m
    [33mtype[39m=[32m"text"[39m
    [33mvalue[39m=[32m"JIRA-0492"[39m
  [36m/>[39m

  Name "Description for change item 492":
  [36m<textarea[39m
    [33maria-describedby[39m=[32m"change-item-491-desc-help"[39m
    [33maria-invalid[39m=[32m"false"[39m
    [33maria-label[39m=[32m"Description for change item 492"[39m
    [33mclass[39m=[32m"MuiInputBase-input MuiOutlinedInput-input css-w4nesw-MuiInputBase-input-MuiOutlinedInput-input"[39m
    [33mid[39m=[32m"_r_1ke_"[39m
    [33mmaxlength[39m=[32m"500"[39m
    [33mrequired[39m=[32m""[39m
    [33mrows[39m=[32m"3"[39m
    [33mstyle[39m=[32m"height: 0px; overflow: hidden;"[39m
  [36m/>[39m

  Name "Jira number for change item 493":
  [36m<input[39m
    [33maria-describedby[39m=[32m"change-item-492-jira-help"[39m
    [33maria-invalid[39m=[32m"false"[39m
    [33maria-label[39m=[32m"Jira number for change item 493"[39m
    [33mclass[39m=[32m"MuiInputBase-input MuiOutlinedInput-input css-16wblaj-MuiInputBase-input-MuiOutlinedInput-input"[39m
    [33mid[39m=[32m"_r_1kg_"[39m
    [33mmaxlength[39m=[32m"50"[39m
    [33mrequired[39m=[32m""[39m
    [33mtype[39m=[32m"text"[39m
    [33mvalue[39m=[32m"JIRA-0493"[39m
  [36m/>[39m

  Name "Description for change item 493":
  [36m<textarea[39m
    [33maria-describedby[39m=[32m"change-item-492-desc-help"[39m
    [33maria-invalid[39m=[32m"false"[39m
    [33maria-label[39m=[32m"Description for change item 493"[39m
    [33mclass[39m=[32m"MuiInputBase-input MuiOutlinedInput-input css-w4nesw-MuiInputBase-input-MuiOutlinedInput-input"[39m
    [33mid[39m=[32m"_r_1kh_"[39m
    [33mmaxlength[39m=[32m"500"[39m
    [33mrequired[39m=[32m""[39m
    [33mrows[39m=[32m"3"[39m
    [33mstyle[39m=[32m"height: 0px; overflow: hidden;"[39m
  [36m/>[39m

  Name "Jira number for change item 494":
  [36m<input[39m
    [33maria-describedby[39m=[32m"change-item-493-jira-help"[39m
    [33maria-invalid[39m=[32m"false"[39m
    [33maria-label[39m=[32m"Jira number for change item 494"[39m
    [33mclass[39m=[32m"MuiInputBase-input MuiOutlinedInput-input css-16wblaj-MuiInputBase-input-MuiOutlinedInput-input"[39m
    [33mid[39m=[32m"_r_1kj_"[39m
    [33mmaxlength[39m=[32m"50"[39m
    [33mrequired[39m=[32m""[39m
    [33mtype[39m=[32m"text"[39m
    [33mvalue[39m=[32m"JIRA-0494"[39m
  [36m/>[39m

  Name "Description for change item 494":
  [36m<textarea[39m
    [33maria-describedby[39m=[32m"change-item-493-desc-help"[39m
    [33maria-invalid[39m=[32m"false"[39m
    [33maria-label[39m=[32m"Description for change item 494"[39m
    [33mclass[39m=[32m"MuiInputBase-input MuiOutlinedInput-input css-w4nesw-MuiInputBase-input-MuiOutlinedInput-input"[39m
    [33mid[39m=[32m"_r_1kk_"[39m
    [33mmaxlength[39m=[32m"500"[39m
    [33mrequired[39m=[32m""[39m
    [33mrows[39m=[32m"3"[39m
    [33mstyle[39m=[32m"height: 0px; overflow: hidden;"[39m
  [36m/>[39m

  Name "Jira number for change item 495":
  [36m<input[39m
    [33maria-describedby[39m=[32m"change-item-494-jira-help"[39m
    [33maria-invalid[39m=[32m"false"[39m
    [33maria-label[39m=[32m"Jira number for change item 495"[39m
    [33mclass[39m=[32m"MuiInputBase-input MuiOutlinedInput-input css-16wblaj-MuiInputBase-input-MuiOutlinedInput-input"[39m
    [33mid[39m=[32m"_r_1km_"[39m
    [33mmaxlength[39m=[32m"50"[39m
    [33mrequired[39m=[32m""[39m
    [33mtype[39m=[32m"text"[39m
    [33mvalue[39m=[32m"JIRA-0495"[39m
  [36m/>[39m

  Name "Description for change item 495":
  [36m<textarea[39m
    [33maria-describedby[39m=[32m"change-item-494-desc-help"[39m
    [33maria-invalid[39m=[32m"false"[39m
    [33maria-label[39m=[32m"Description for change item 495"[39m
    [33mclass[39m=[32m"MuiInputBase-input MuiOutlinedInput-input css-w4nesw-MuiInputBase-input-MuiOutlinedInput-input"[39m
    [33mid[39m=[32m"_r_1kn_"[39m
    [33mmaxlength[39m=[32m"500"[39m
    [33mrequired[39m=[32m""[39m
    [33mrows[39m=[32m"3"[39m
    [33mstyle[39m=[32m"height: 0px; overflow: hidden;"[39m
  [36m/>[39m

  Name "Jira number for change item 496":
  [36m<input[39m
    [33maria-describedby[39m=[32m"change-item-495-jira-help"[39m
    [33maria-invalid[39m=[32m"false"[39m
    [33maria-label[39m=[32m"Jira number for change item 496"[39m
    [33mclass[39m=[32m"MuiInputBase-input MuiOutlinedInput-input css-16wblaj-MuiInputBase-input-MuiOutlinedInput-input"[39m
    [33mid[39m=[32m"_r_1kp_"[39m
    [33mmaxlength[39m=[32m"50"[39m
    [33mrequired[39m=[32m""[39m
    [33mtype[39m=[32m"text"[39m
    [33mvalue[39m=[32m"JIRA-0496"[39m
  [36m/>[39m

  Name "Description for change item 496":
  [36m<textarea[39m
    [33maria-describedby[39m=[32m"change-item-495-desc-help"[39m
    [33maria-invalid[39m=[32m"false"[39m
    [33maria-label[39m=[32m"Description for change item 496"[39m
    [33mclass[39m=[32m"MuiInputBase-input MuiOutlinedInput-input css-w4nesw-MuiInputBase-input-MuiOutlinedInput-input"[39m
    [33mid[39m=[32m"_r_1kq_"[39m
    [33mmaxlength[39m=[32m"500"[39m
    [33mrequired[39m=[32m""[39m
    [33mrows[39m=[32m"3"[39m
    [33mstyle[39m=[32m"height: 0px; overflow: hidden;"[39m
  [36m/>[39m

  Name "Jira number for change item 497":
  [36m<input[39m
    [33maria-describedby[39m=[32m"change-item-496-jira-help"[39m
    [33maria-invalid[39m=[32m"false"[39m
    [33maria-label[39m=[32m"Jira number for change item 497"[39m
    [33mclass[39m=[32m"MuiInputBase-input MuiOutlinedInput-input css-16wblaj-MuiInputBase-input-MuiOutlinedInput-input"[39m
    [33mid[39m=[32m"_r_1ks_"[39m
    [33mmaxlength[39m=[32m"50"[39m
    [33mrequired[39m=[32m""[39m
    [33mtype[39m=[32m"text"[39m
    [33mvalue[39m=[32m"JIRA-0497"[39m
  [36m/>[39m

  Name "Description for change item 497":
  [36m<textarea[39m
    [33maria-describedby[39m=[32m"change-item-496-desc-help"[39m
    [33maria-invalid[39m=[32m"false"[39m
    [33maria-label[39m=[32m"Description for change item 497"[39m
    [33mclass[39m=[32m"MuiInputBase-input MuiOutlinedInput-input css-w4nesw-MuiInputBase-input-MuiOutlinedInput-input"[39m
    [33mid[39m=[32m"_r_1kt_"[39m
    [33mmaxlength[39m=[32m"500"[39m
    [33mrequired[39m=[32m""[39m
    [33mrows[39m=[32m"3"[39m
    [33mstyle[39m=[32m"height: 0px; overflow: hidden;"[39m
  [36m/>[39m

  Name "Jira number for change item 498":
  [36m<input[39m
    [33maria-describedby[39m=[32m"change-item-497-jira-help"[39m
    [33maria-invalid[39m=[32m"false"[39m
    [33maria-label[39m=[32m"Jira number for change item 498"[39m
    [33mclass[39m=[32m"MuiInputBase-input MuiOutlinedInput-input css-16wblaj-MuiInputBase-input-MuiOutlinedInput-input"[39m
    [33mid[39m=[32m"_r_1kv_"[39m
    [33mmaxlength[39m=[32m"50"[39m
    [33mrequired[39m=[32m""[39m
    [33mtype[39m=[32m"text"[39m
    [33mvalue[39m=[32m"JIRA-0498"[39m
  [36m/>[39m

  Name "Description for change item 498":
  [36m<textarea[39m
    [33maria-describedby[39m=[32m"change-item-497-desc-help"[39m
    [33maria-invalid[39m=[32m"false"[39m
    [33maria-label[39m=[32m"Description for change item 498"[39m
    [33mclass[39m=[32m"MuiInputBase-input MuiOutlinedInput-input css-w4nesw-MuiInputBase-input-MuiOutlinedInput-input"[39m
    [33mid[39m=[32m"_r_1l0_"[39m
    [33mmaxlength[39m=[32m"500"[39m
    [33mrequired[39m=[32m""[39m
    [33mrows[39m=[32m"3"[39m
    [33mstyle[39m=[32m"height: 0px; overflow: hidden;"[39m
  [36m/>[39m

  Name "Jira number for change item 499":
  [36m<input[39m
    [33maria-describedby[39m=[32m"change-item-498-jira-help"[39m
    [33maria-invalid[39m=[32m"false"[39m
    [33maria-label[39m=[32m"Jira number for change item 499"[39m
    [33mclass[39m=[32m"MuiInputBase-input MuiOutlinedInput-input css-16wblaj-MuiInputBase-input-MuiOutlinedInput-input"[39m
    [33mid[39m=[32m"_r_1l2_"[39m
    [33mmaxlength[39m=[32m"50"[39m
    [33mrequired[39m=[32m""[39m
    [33mtype[39m=[32m"text"[39m
    [33mvalue[39m=[32m"JIRA-0499"[39m
  [36m/>[39m

  Name "Description for change item 499":
  [36m<textarea[39m
    [33maria-describedby[39m=[32m"change-item-498-desc-help"[39m
    [33maria-invalid[39m=[32m"false"[39m
    [33maria-label[39m=[32m"Description for change item 499"[39m
    [33mclass[39m=[32m"MuiInputBase-input MuiOutlinedInput-input css-w4nesw-MuiInputBase-input-MuiOutlinedInput-input"[39m
    [33mid[39m=[32m"_r_1l3_"[39m
    [33mmaxlength[39m=[32m"500"[39m
    [33mrequired[39m=[32m""[39m
    [33mrows[39m=[32m"3"[39m
    [33mstyle[39m=[32m"height: 0px; overflow: hidden;"[39m
  [36m/>[39m

  Name "Jira number for change item 500":
  [36m<input[39m
    [33maria-describedby[39m=[32m"change-item-499-jira-help"[39m
    [33maria-invalid[39m=[32m"false"[39m
    [33maria-label[39m=[32m"Jira number for change item 500"[39m
    [33mclass[39m=[32m"MuiInputBase-input MuiOutlinedInput-input css-16wblaj-MuiInputBase-input-MuiOutlinedInput-input"[39m
    [33mid[39m=[32m"_r_1l5_"[39m
    [33mmaxlength[39m=[32m"50"[39m
    [33mrequired[39m=[32m""[39m
    [33mtype[39m=[32m"text"[39m
    [33mvalue[39m=[32m"JIRA-0500"[39m
  [36m/>[39m

  Name "Description for change item 500":
  [36m<textarea[39m
    [33maria-describedby[39m=[32m"change-item-499-desc-help"[39m
    [33maria-invalid[39m=[32m"false"[39m
    [33maria-label[39m=[32m"Description for change item 500"[39m
    [33mclass[39m=[32m"MuiInputBase-input MuiOutlinedInput-input css-w4nesw-MuiInputBase-input-MuiOutlinedInput-input"[39m
    [33mid[39m=[32m"_r_1l6_"[39m
    [33mmaxlength[39m=[32m"500"[39m
    [33mrequired[39m=[32m""[39m
    [33mrows[39m=[32m"3"[39m
    [33mstyle[39m=[32m"height: 0px; overflow: hidden;"[39m
  [36m/>[39m

  Name "Jira number for change item 501":
  [36m<input[39m
    [33maria-describedby[39m=[32m"change-item-500-jira-help"[39m
    [33maria-invalid[39m=[32m"false"[39m
    [33maria-label[39m=[32m"Jira number for change item 501"[39m
    [33mclass[39m=[32m"MuiInputBase-input MuiOutlinedInput-input css-16wblaj-MuiInputBase-input-MuiOutlinedInput-input"[39m
    [33mid[39m=[32m"_r_1l8_"[39m
    [33mmaxlength[39m=[32m"50"[39m
    [33mrequired[39m=[32m""[39m
    [33mtype[39m=[32m"text"[39m
    [33mvalue[39m=[32m"JIRA-0501"[39m
  [36m/>[39m

  Name "Description for change item 501":
  [36m<textarea[39m
    [33maria-describedby[39m=[32m"change-item-500-desc-help"[39m
    [33maria-invalid[39m=[32m"false"[39m
    [33maria-label[39m=[32m"Description for change item 501"[39m
    [33mclass[39m=[32m"MuiInputBase-input MuiOutlinedInput-input css-w4nesw-MuiInputBase-input-MuiOutlinedInput-input"[39m
    [33mid[39m=[32m"_r_1l9_"[39m
    [33mmaxlength[39m=[32m"500"[39m
    [33mrequired[39m=[32m""[39m
    [33mrows[39m=[32m"3"[39m
    [33mstyle[39m=[32m"height: 0px; overflow: hidden;"[39m
  [36m/>[39m

  Name "Jira number for change item 502":
  [36m<input[39m
    [33maria-describedby[39m=[32m"change-item-501-jira-help"[39m
    [33maria-invalid[39m=[32m"false"[39m
    [33maria-label[39m=[32m"Jira number for change item 502"[39m
    [33mclass[39m=[32m"MuiInputBase-input MuiOutlinedInput-input css-16wblaj-MuiInputBase-input-MuiOutlinedInput-input"[39m
    [33mid[39m=[32m"_r_1lb_"[39m
    [33mmaxlength[39m=[32m"50"[39m
    [33mrequired[39m=[32m""[39m
    [33mtype[39m=[32m"text"[39m
    [33mvalue[39m=[32m"JIRA-0502"[39m
  [36m/>[39m

  Name "Description for change item 502":
  [36m<textarea[39m
    [33maria-describedby[39m=[32m"change-item-501-desc-help"[39m
    [33maria-invalid[39m=[32m"false"[39m
    [33maria-label[39m=[32m"Description for change item 502"[39m
    [33mclass[39m=[32m"MuiInputBase-input MuiOutlinedInput-input css-w4nesw-MuiInputBase-input-MuiOutlinedInput-input"[39m
    [33mid[39m=[32m"_r_1lc_"[39m
    [33mmaxlength[39m=[32m"500"[39m
    [33mrequired[39m=[32m""[39m
    [33mrows[39m=[32m"3"[39m
    [33mstyle[39m=[32m"height: 0px; overflow: hidden;"[39m
  [36m/>[39m

  Name "Jira number for change item 503":
  [36m<input[39m
    [33maria-describedby[39m=[32m"change-item-502-jira-help"[39m
    [33maria-invalid[39m=[32m"false"[39m
    [33maria-label[39m=[32m"Jira number for change item 503"[39m
    [33mclass[39m=[32m"MuiInputBase-input MuiOutlinedInput-input css-16wblaj-MuiInputBase-input-MuiOutlinedInput-input"[39m
    [33mid[39m=[32m"_r_1le_"[39m
    [33mmaxlength[39m=[32m"50"[39m
    [33mrequired[39m=[32m""[39m
    [33mtype[39m=[32m"text"[39m
    [33mvalue[39m=[32m"JIRA-0503"[39m
  [36m/>[39m

  Name "Description for change item 503":
  [36m<textarea[39m
    [33maria-describedby[39m=[32m"change-item-502-desc-help"[39m
    [33maria-invalid[39m=[32m"false"[39m
    [33maria-label[39m=[32m"Description for change item 503"[39m
    [33mclass[39m=[32m"MuiInputBase-input MuiOutlinedInput-input css-w4nesw-MuiInputBase-input-MuiOutlinedInput-input"[39m
    [33mid[39m=[32m"_r_1lf_"[39m
    [33mmaxlength[39m=[32m"500"[39m
    [33mrequired[39m=[32m""[39m
    [33mrows[39m=[32m"3"[39m
    [33mstyle[39m=[32m"height: 0px; overflow: hidden;"[39m
  [36m/>[39m

  Name "Jira number for change item 504":
  [36m<input[39m
    [33maria-describedby[39m=[32m"change-item-503-jira-help"[39m
    [33maria-invalid[39m=[32m"false"[39m
    [33maria-label[39m=[32m"Jira number for change item 504"[39m
    [33mclass[39m=[32m"MuiInputBase-input MuiOutlinedInput-input css-16wblaj-MuiInputBase-input-MuiOutlinedInput-input"[39m
    [33mid[39m=[32m"_r_1lh_"[39m
    [33mmaxlength[39m=[32m"50"[39m
    [33mrequired[39m=[32m""[39m
    [33mtype[39m=[32m"text"[39m
    [33mvalue[39m=[32m"JIRA-0504"[39m
  [36m/>[39m

  Name "Description for change item 504":
  [36m<textarea[39m
    [33maria-describedby[39m=[32m"change-item-503-desc-help"[39m
    [33maria-invalid[39m=[32m"false"[39m
    [33maria-label[39m=[32m"Description for change item 504"[39m
    [33mclass[39m=[32m"MuiInputBase-input MuiOutlinedInput-input css-w4nesw-MuiInputBase-input-MuiOutlinedInput-input"[39m
    [33mid[39m=[32m"_r_1li_"[39m
    [33mmaxlength[39m=[32m"500"[39m
    [33mrequired[39m=[32m""[39m
    [33mrows[39m=[32m"3"[39m
    [33mstyle[39m=[32m"height: 0px; overflow: hidden;"[39m
  [36m/>[39m

  Name "Jira number for change item 505":
  [36m<input[39m
    [33maria-describedby[39m=[32m"change-item-504-jira-help"[39m
    [33maria-invalid[39m=[32m"false"[39m
    [33maria-label[39m=[32m"Jira number for change item 505"[39m
    [33mclass[39m=[32m"MuiInputBase-input MuiOutlinedInput-input css-16wblaj-MuiInputBase-input-MuiOutlinedInput-input"[39m
    [33mid[39m=[32m"_r_1lk_"[39m
    [33mmaxlength[39m=[32m"50"[39m
    [33mrequired[39m=[32m""[39m
    [33mtype[39m=[32m"text"[39m
    [33mvalue[39m=[32m"JIRA-0505"[39m
  [36m/>[39m

  Name "Description for change item 505":
  [36m<textarea[39m
    [33maria-describedby[39m=[32m"change-item-504-desc-help"[39m
    [33maria-invalid[39m=[32m"false"[39m
    [33maria-label[39m=[32m"Description for change item 505"[39m
    [33mclass[39m=[32m"MuiInputBase-input MuiOutlinedInput-input css-w4nesw-MuiInputBase-input-MuiOutlinedInput-input"[39m
    [33mid[39m=[32m"_r_1ll_"[39m
    [33mmaxlength[39m=[32m"500"[39m
    [33mrequired[39m=[32m""[39m
    [33mrows[39m=[32m"3"[39m
    [33mstyle[39m=[32m"height: 0px; overflow: hidden;"[39m
  [36m/>[39m

  Name "Jira number for change item 506":
  [36m<input[39m
    [33maria-describedby[39m=[32m"change-item-505-jira-help"[39m
    [33maria-invalid[39m=[32m"false"[39m
    [33maria-label[39m=[32m"Jira number for change item 506"[39m
    [33mclass[39m=[32m"MuiInputBase-input MuiOutlinedInput-input css-16wblaj-MuiInputBase-input-MuiOutlinedInput-input"[39m
    [33mid[39m=[32m"_r_1ln_"[39m
    [33mmaxlength[39m=[32m"50"[39m
    [33mrequired[39m=[32m""[39m
    [33mtype[39m=[32m"text"[39m
    [33mvalue[39m=[32m"JIRA-0506"[39m
  [36m/>[39m

  Name "Description for change item 506":
  [36m<textarea[39m
    [33maria-describedby[39m=[32m"change-item-505-desc-help"[39m
    [33maria-invalid[39m=[32m"false"[39m
    [33maria-label[39m=[32m"Description for change item 506"[39m
    [33mclass[39m=[32m"MuiInputBase-input MuiOutlinedInput-input css-w4nesw-MuiInputBase-input-MuiOutlinedInput-input"[39m
    [33mid[39m=[32m"_r_1lo_"[39m
    [33mmaxlength[39m=[32m"500"[39m
    [33mrequired[39m=[32m""[39m
    [33mrows[39m=[32m"3"[39m
    [33mstyle[39m=[32m"height: 0px; overflow: hidden;"[39m
  [36m/>[39m

  Name "Jira number for change item 507":
  [36m<input[39m
    [33maria-describedby[39m=[32m"change-item-506-jira-help"[39m
    [33maria-invalid[39m=[32m"false"[39m
    [33maria-label[39m=[32m"Jira number for change item 507"[39m
    [33mclass[39m=[32m"MuiInputBase-input MuiOutlinedInput-input css-16wblaj-MuiInputBase-input-MuiOutlinedInput-input"[39m
    [33mid[39m=[32m"_r_1lq_"[39m
    [33mmaxlength[39m=[32m"50"[39m
    [33mrequired[39m=[32m""[39m
    [33mtype[39m=[32m"text"[39m
    [33mvalue[39m=[32m"JIRA-0507"[39m
  [36m/>[39m

  Name "Description for change item 507":
  [36m<textarea[39m
    [33maria-describedby[39m=[32m"change-item-506-desc-help"[39m
    [33maria-invalid[39m=[32m"false"[39m
    [33maria-label[39m=[32m"Description for change item 507"[39m
    [33mclass[39m=[32m"MuiInputBase-input MuiOutlinedInput-input css-w4nesw-MuiInputBase-input-MuiOutlinedInput-input"[39m
    [33mid[39m=[32m"_r_1lr_"[39m
    [33mmaxlength[39m=[32m"500"[39m
    [33mrequired[39m=[32m""[39m
    [33mrows[39m=[32m"3"[39m
    [33mstyle[39m=[32m"height: 0px; overflow: hidden;"[39m
  [36m/>[39m

  Name "Jira number for change item 508":
  [36m<input[39m
    [33maria-describedby[39m=[32m"change-item-507-jira-help"[39m
    [33maria-invalid[39m=[32m"false"[39m
    [33maria-label[39m=[32m"Jira number for change item 508"[39m
    [33mclass[39m=[32m"MuiInputBase-input MuiOutlinedInput-input css-16wblaj-MuiInputBase-input-MuiOutlinedInput-input"[39m
    [33mid[39m=[32m"_r_1lt_"[39m
    [33mmaxlength[39m=[32m"50"[39m
    [33mrequired[39m=[32m""[39m
    [33mtype[39m=[32m"text"[39m
    [33mvalue[39m=[32m"JIRA-0508"[39m
  [36m/>[39m

  Name "Description for change item 508":
  [36m<textarea[39m
    [33maria-describedby[39m=[32m"change-item-507-desc-help"[39m
    [33maria-invalid[39m=[32m"false"[39m
    [33maria-label[39m=[32m"Description for change item 508"[39m
    [33mclass[39m=[32m"MuiInputBase-input MuiOutlinedInput-input css-w4nesw-MuiInputBase-input-MuiOutlinedInput-input"[39m
    [33mid[39m=[32m"_r_1lu_"[39m
    [33mmaxlength[39m=[32m"500"[39m
    [33mrequired[39m=[32m""[39m
    [33mrows[39m=[32m"3"[39m
    [33mstyle[39m=[32m"height: 0px; overflow: hidden;"[39m
  [36m/>[39m

  Name "Jira number for change item 509":
  [36m<input[39m
    [33maria-describedby[39m=[32m"change-item-508-jira-help"[39m
    [33maria-invalid[39m=[32m"false"[39m
    [33maria-label[39m=[32m"Jira number for change item 509"[39m
    [33mclass[39m=[32m"MuiInputBase-input MuiOutlinedInput-input css-16wblaj-MuiInputBase-input-MuiOutlinedInput-input"[39m
    [33mid[39m=[32m"_r_1m0_"[39m
    [33mmaxlength[39m=[32m"50"[39m
    [33mrequired[39m=[32m""[39m
    [33mtype[39m=[32m"text"[39m
    [33mvalue[39m=[32m"JIRA-0509"[39m
  [36m/>[39m

  Name "Description for change item 509":
  [36m<textarea[39m
    [33maria-describedby[39m=[32m"change-item-508-desc-help"[39m
    [33maria-invalid[39m=[32m"false"[39m
    [33maria-label[39m=[32m"Description for change item 509"[39m
    [33mclass[39m=[32m"MuiInputBase-input MuiOutlinedInput-input css-w4nesw-MuiInputBase-input-MuiOutlinedInput-input"[39m
    [33mid[39m=[32m"_r_1m1_"[39m
    [33mmaxlength[39m=[32m"500"[39m
    [33mrequired[39m=[32m""[39m
    [33mrows[39m=[32m"3"[39m
    [33mstyle[39m=[32m"height: 0px; overflow: hidden;"[39m
  [36m/>[39m

  Name "Jira number for change item 510":
  [36m<input[39m
    [33maria-describedby[39m=[32m"change-item-509-jira-help"[39m
    [33maria-invalid[39m=[32m"false"[39m
    [33maria-label[39m=[32m"Jira number for change item 510"[39m
    [33mclass[39m=[32m"MuiInputBase-input MuiOutlinedInput-input css-16wblaj-MuiInputBase-input-MuiOutlinedInput-input"[39m
    [33mid[39m=[32m"_r_1m3_"[39m
    [33mmaxlength[39m=[32m"50"[39m
    [33mrequired[39m=[32m""[39m
    [33mtype[39m=[32m"text"[39m
    [33mvalue[39m=[32m"JIRA-0510"[39m
  [36m/>[39m

  Name "Description for change item 510":
  [36m<textarea[39m
    [33maria-describedby[39m=[32m"change-item-509-desc-help"[39m
    [33maria-invalid[39m=[32m"false"[39m
    [33maria-label[39m=[32m"Description for change item 510"[39m
    [33mclass[39m=[32m"MuiInputBase-input MuiOutlinedInput-input css-w4nesw-MuiInputBase-input-MuiOutlinedInput-input"[39m
    [33mid[39m=[32m"_r_1m4_"[39m
    [33mmaxlength[39m=[32m"500"[39m
    [33mrequired[39m=[32m""[39m
    [33mrows[39m=[32m"3"[39m
    [33mstyle[39m=[32m"height: 0px; overflow: hidden;"[39m
  [36m/>[39m

  Name "Jira number for change item 511":
  [36m<input[39m
    [33maria-describedby[39m=[32m"change-item-510-jira-help"[39m
    [33maria-invalid[39m=[32m"false"[39m
    [33maria-label[39m=[32m"Jira number for change item 511"[39m
    [33mclass[39m=[32m"MuiInputBase-input MuiOutlinedInput-input css-16wblaj-MuiInputBase-input-MuiOutlinedInput-input"[39m
    [33mid[39m=[32m"_r_1m6_"[39m
    [33mmaxlength[39m=[32m"50"[39m
    [33mrequired[39m=[32m""[39m
    [33mtype[39m=[32m"text"[39m
    [33mvalue[39m=[32m"JIRA-0511"[39m
  [36m/>[39m

  Name "Description for change item 511":
  [36m<textarea[39m
    [33maria-describedby[39m=[32m"change-item-510-desc-help"[39m
    [33maria-invalid[39m=[32m"false"[39m
    [33maria-label[39m=[32m"Description for change item 511"[39m
    [33mclass[39m=[32m"MuiInputBase-input MuiOutlinedInput-input css-w4nesw-MuiInputBase-input-MuiOutlinedInput-input"[39m
    [33mid[39m=[32m"_r_1m7_"[39m
    [33mmaxlength[39m=[32m"500"[39m
    [33mrequired[39m=[32m""[39m
    [33mrows[39m=[32m"3"[39m
    [33mstyle[39m=[32m"height: 0px; overflow: hidden;"[39m
  [36m/>[39m

  Name "Jira number for change item 512":
  [36m<input[39m
    [33maria-describedby[39m=[32m"change-item-511-jira-help"[39m
    [33maria-invalid[39m=[32m"false"[39m
    [33maria-label[39m=[32m"Jira number for change item 512"[39m
    [33mclass[39m=[32m"MuiInputBase-input MuiOutlinedInput-input css-16wblaj-MuiInputBase-input-MuiOutlinedInput-input"[39m
    [33mid[39m=[32m"_r_1m9_"[39m
    [33mmaxlength[39m=[32m"50"[39m
    [33mrequired[39m=[32m""[39m
    [33mtype[39m=[32m"text"[39m
    [33mvalue[39m=[32m"JIRA-0512"[39m
  [36m/>[39m

  Name "Description for change item 512":
  [36m<textarea[39m
    [33maria-describedby[39m=[32m"change-item-511-desc-help"[39m
    [33maria-invalid[39m=[32m"false"[39m
    [33maria-label[39m=[32m"Description for change item 512"[39m
    [33mclass[39m=[32m"MuiInputBase-input MuiOutlinedInput-input css-w4nesw-MuiInputBase-input-MuiOutlinedInput-input"[39m
    [33mid[39m=[32m"_r_1ma_"[39m
    [33mmaxlength[39m=[32m"500"[39m
    [33mrequired[39m=[32m""[39m
    [33mrows[39m=[32m"3"[39m
    [33mstyle[39m=[32m"height: 0px; overflow: hidden;"[39m
  [36m/>[39m

  Name "Jira number for change item 513":
  [36m<input[39m
    [33maria-describedby[39m=[32m"change-item-512-jira-help"[39m
    [33maria-invalid[39m=[32m"false"[39m
    [33maria-label[39m=[32m"Jira number for change item 513"[39m
    [33mclass[39m=[32m"MuiInputBase-input MuiOutlinedInput-input css-16wblaj-MuiInputBase-input-MuiOutlinedInput-input"[39m
    [33mid[39m=[32m"_r_1mc_"[39m
    [33mmaxlength[39m=[32m"50"[39m
    [33mrequired[39m=[32m""[39m
    [33mtype[39m=[32m"text"[39m
    [33mvalue[39m=[32m"JIRA-0513"[39m
  [36m/>[39m

  Name "Description for change item 513":
  [36m<textarea[39m
    [33maria-describedby[39m=[32m"change-item-512-desc-help"[39m
    [33maria-invalid[39m=[32m"false"[39m
    [33maria-label[39m=[32m"Description for change item 513"[39m
    [33mclass[39m=[32m"MuiInputBase-input MuiOutlinedInput-input css-w4nesw-MuiInputBase-input-MuiOutlinedInput-input"[39m
    [33mid[39m=[32m"_r_1md_"[39m
    [33mmaxlength[39m=[32m"500"[39m
    [33mrequired[39m=[32m""[39m
    [33mrows[39m=[32m"3"[39m
    [33mstyle[39m=[32m"height: 0px; overflow: hidden;"[39m
  [36m/>[39m

  Name "Jira number for change item 514":
  [36m<input[39m
    [33maria-describedby[39m=[32m"change-item-513-jira-help"[39m
    [33maria-invalid[39m=[32m"false"[39m
    [33maria-label[39m=[32m"Jira number for change item 514"[39m
    [33mclass[39m=[32m"MuiInputBase-input MuiOutlinedInput-input css-16wblaj-MuiInputBase-input-MuiOutlinedInput-input"[39m
    [33mid[39m=[32m"_r_1mf_"[39m
    [33mmaxlength[39m=[32m"50"[39m
    [33mrequired[39m=[32m""[39m
    [33mtype[39m=[32m"text"[39m
    [33mvalue[39m=[32m"JIRA-0514"[39m
  [36m/>[39m

  Name "Description for change item 514":
  [36m<textarea[39m
    [33maria-describedby[39m=[32m"change-item-513-desc-help"[39m
    [33maria-invalid[39m=[32m"false"[39m
    [33maria-label[39m=[32m"Description for change item 514"[39m
    [33mclass[39m=[32m"MuiInputBase-input MuiOutlinedInput-input css-w4nesw-MuiInputBase-input-MuiOutlinedInput-input"[39m
    [33mid[39m=[32m"_r_1mg_"[39m
    [33mmaxlength[39m=[32m"500"[39m
    [33mrequired[39m=[32m""[39m
    [33mrows[39m=[32m"3"[39m
    [33mstyle[39m=[32m"height: 0px; overflow: hidden;"[39m
  [36m/>[39m

  Name "Jira number for change item 515":
  [36m<input[39m
    [33maria-describedby[39m=[32m"change-item-514-jira-help"[39m
    [33maria-invalid[39m=[32m"false"[39m
    [33maria-label[39m=[32m"Jira number for change item 515"[39m
    [33mclass[39m=[32m"MuiInputBase-input MuiOutlinedInput-input css-16wblaj-MuiInputBase-input-MuiOutlinedInput-input"[39m
    [33mid[39m=[32m"_r_1mi_"[39m
    [33mmaxlength[39m=[32m"50"[39m
    [33mrequired[39m=[32m""[39m
    [33mtype[39m=[32m"text"[39m
    [33mvalue[39m=[32m"JIRA-0515"[39m
  [36m/>[39m

  Name "Description for change item 515":
  [36m<textarea[39m
    [33maria-describedby[39m=[32m"change-item-514-desc-help"[39m
    [33maria-invalid[39m=[32m"false"[39m
    [33maria-label[39m=[32m"Description for change item 515"[39m
    [33mclass[39m=[32m"MuiInputBase-input MuiOutlinedInput-input css-w4nesw-MuiInputBase-input-MuiOutlinedInput-input"[39m
    [33mid[39m=[32m"_r_1mj_"[39m
    [33mmaxlength[39m=[32m"500"[39m
    [33mrequired[39m=[32m""[39m
    [33mrows[39m=[32m"3"[39m
    [33mstyle[39m=[32m"height: 0px; overflow: hidden;"[39m
  [36m/>[39m

  Name "Jira number for change item 516":
  [36m<input[39m
    [33maria-describedby[39m=[32m"change-item-515-jira-help"[39m
    [33maria-invalid[39m=[32m"false"[39m
    [33maria-label[39m=[32m"Jira number for change item 516"[39m
    [33mclass[39m=[32m"MuiInputBase-input MuiOutlinedInput-input css-16wblaj-MuiInputBase-input-MuiOutlinedInput-input"[39m
    [33mid[39m=[32m"_r_1ml_"[39m
    [33mmaxlength[39m=[32m"50"[39m
    [33mrequired[39m=[32m""[39m
    [33mtype[39m=[32m"text"[39m
    [33mvalue[39m=[32m"JIRA-0516"[39m
  [36m/>[39m

  Name "Description for change item 516":
  [36m<textarea[39m
    [33maria-describedby[39m=[32m"change-item-515-desc-help"[39m
    [33maria-invalid[39m=[32m"false"[39m
    [33maria-label[39m=[32m"Description for change item 516"[39m
    [33mclass[39m=[32m"MuiInputBase-input MuiOutlinedInput-input css-w4nesw-MuiInputBase-input-MuiOutlinedInput-input"[39m
    [33mid[39m=[32m"_r_1mm_"[39m
    [33mmaxlength[39m=[32m"500"[39m
    [33mrequired[39m=[32m""[39m
    [33mrows[39m=[32m"3"[39m
    [33mstyle[39m=[32m"height: 0px; overflow: hidden;"[39m
  [36m/>[39m

  Name "Jira number for change item 517":
  [36m<input[39m
    [33maria-describedby[39m=[32m"change-item-516-jira-help"[39m
    [33maria-invalid[39m=[32m"false"[39m
    [33maria-label[39m=[32m"Jira number for change item 517"[39m
    [33mclass[39m=[32m"MuiInputBase-input MuiOutlinedInput-input css-16wblaj-MuiInputBase-input-MuiOutlinedInput-input"[39m
    [33mid[39m=[32m"_r_1mo_"[39m
    [33mmaxlength[39m=[32m"50"[39m
    [33mrequired[39m=[32m""[39m
    [33mtype[39m=[32m"text"[39m
    [33mvalue[39m=[32m"JIRA-0517"[39m
  [36m/>[39m

  Name "Description for change item 517":
  [36m<textarea[39m
    [33maria-describedby[39m=[32m"change-item-516-desc-help"[39m
    [33maria-invalid[39m=[32m"false"[39m
    [33maria-label[39m=[32m"Description for change item 517"[39m
    [33mclass[39m=[32m"MuiInputBase-input MuiOutlinedInput-input css-w4nesw-MuiInputBase-input-MuiOutlinedInput-input"[39m
    [33mid[39m=[32m"_r_1mp_"[39m
    [33mmaxlength[39m=[32m"500"[39m
    [33mrequired[39m=[32m""[39m
    [33mrows[39m=[32m"3"[39m
    [33mstyle[39m=[32m"height: 0px; overflow: hidden;"[39m
  [36m/>[39m

  Name "Jira number for change item 518":
  [36m<input[39m
    [33maria-describedby[39m=[32m"change-item-517-jira-help"[39m
    [33maria-invalid[39m=[32m"false"[39m
    [33maria-label[39m=[32m"Jira number for change item 518"[39m
    [33mclass[39m=[32m"MuiInputBase-input MuiOutlinedInput-input css-16wblaj-MuiInputBase-input-MuiOutlinedInput-input"[39m
    [33mid[39m=[32m"_r_1mr_"[39m
    [33mmaxlength[39m=[32m"50"[39m
    [33mrequired[39m=[32m""[39m
    [33mtype[39m=[32m"text"[39m
    [33mvalue[39m=[32m"JIRA-0518"[39m
  [36m/>[39m

  Name "Description for change item 518":
  [36m<textarea[39m
    [33maria-describedby[39m=[32m"change-item-517-desc-help"[39m
    [33maria-invalid[39m=[32m"false"[39m
    [33maria-label[39m=[32m"Description for change item 518"[39m
    [33mclass[39m=[32m"MuiInputBase-input MuiOutlinedInput-input css-w4nesw-MuiInputBase-input-MuiOutlinedInput-input"[39m
    [33mid[39m=[32m"_r_1ms_"[39m
    [33mmaxlength[39m=[32m"500"[39m
    [33mrequired[39m=[32m""[39m
    [33mrows[39m=[32m"3"[39m
    [33mstyle[39m=[32m"height: 0px; overflow: hidden;"[39m
  [36m/>[39m

  Name "Jira number for change item 519":
  [36m<input[39m
    [33maria-describedby[39m=[32m"change-item-518-jira-help"[39m
    [33maria-invalid[39m=[32m"false"[39m
    [33maria-label[39m=[32m"Jira number for change item 519"[39m
    [33mclass[39m=[32m"MuiInputBase-input MuiOutlinedInput-input css-16wblaj-MuiInputBase-input-MuiOutlinedInput-input"[39m
    [33mid[39m=[32m"_r_1mu_"[39m
    [33mmaxlength[39m=[32m"50"[39m
    [33mrequired[39m=[32m""[39m
    [33mtype[39m=[32m"text"[39m
    [33mvalue[39m=[32m"JIRA-0519"[39m
  [36m/>[39m

  Name "Description for change item 519":
  [36m<textarea[39m
    [33maria-describedby[39m=[32m"change-item-518-desc-help"[39m
    [33maria-invalid[39m=[32m"false"[39m
    [33maria-label[39m=[32m"Description for change item 519"[39m
    [33mclass[39m=[32m"MuiInputBase-input MuiOutlinedInput-input css-w4nesw-MuiInputBase-input-MuiOutlinedInput-input"[39m
    [33mid[39m=[32m"_r_1mv_"[39m
    [33mmaxlength[39m=[32m"500"[39m
    [33mrequired[39m=[32m""[39m
    [33mrows[39m=[32m"3"[39m
    [33mstyle[39m=[32m"height: 0px; overflow: hidden;"[39m
  [36m/>[39m

  Name "Jira number for change item 520":
  [36m<input[39m
    [33maria-describedby[39m=[32m"change-item-519-jira-help"[39m
    [33maria-invalid[39m=[32m"false"[39m
    [33maria-label[39m=[32m"Jira number for change item 520"[39m
    [33mclass[39m=[32m"MuiInputBase-input MuiOutlinedInput-input css-16wblaj-MuiInputBase-input-MuiOutlinedInput-input"[39m
    [33mid[39m=[32m"_r_1n1_"[39m
    [33mmaxlength[39m=[32m"50"[39m
    [33mrequired[39m=[32m""[39m
    [33mtype[39m=[32m"text"[39m
    [33mvalue[39m=[32m"JIRA-0520"[39m
  [36m/>[39m

  Name "Description for change item 520":
  [36m<textarea[39m
    [33maria-describedby[39m=[32m"change-item-519-desc-help"[39m
    [33maria-invalid[39m=[32m"false"[39m
    [33maria-label[39m=[32m"Description for change item 520"[39m
    [33mclass[39m=[32m"MuiInputBase-input MuiOutlinedInput-input css-w4nesw-MuiInputBase-input-MuiOutlinedInput-input"[39m
    [33mid[39m=[32m"_r_1n2_"[39m
    [33mmaxlength[39m=[32m"500"[39m
    [33mrequired[39m=[32m""[39m
    [33mrows[39m=[32m"3"[39m
    [33mstyle[39m=[32m"height: 0px; overflow: hidden;"[39m
  [36m/>[39m

  Name "Jira number for change item 521":
  [36m<input[39m
    [33maria-describedby[39m=[32m"change-item-520-jira-help"[39m
    [33maria-invalid[39m=[32m"false"[39m
    [33maria-label[39m=[32m"Jira number for change item 521"[39m
    [33mclass[39m=[32m"MuiInputBase-input MuiOutlinedInput-input css-16wblaj-MuiInputBase-input-MuiOutlinedInput-input"[39m
    [33mid[39m=[32m"_r_1n4_"[39m
    [33mmaxlength[39m=[32m"50"[39m
    [33mrequired[39m=[32m""[39m
    [33mtype[39m=[32m"text"[39m
    [33mvalue[39m=[32m"JIRA-0521"[39m
  [36m/>[39m

  Name "Description for change item 521":
  [36m<textarea[39m
    [33maria-describedby[39m=[32m"change-item-520-desc-help"[39m
    [33maria-invalid[39m=[32m"false"[39m
    [33maria-label[39m=[32m"Description for change item 521"[39m
    [33mclass[39m=[32m"MuiInputBase-input MuiOutlinedInput-input css-w4nesw-MuiInputBase-input-MuiOutlinedInput-input"[39m
    [33mid[39m=[32m"_r_1n5_"[39m
    [33mmaxlength[39m=[32m"500"[39m
    [33mrequired[39m=[32m""[39m
    [33mrows[39m=[32m"3"[39m
    [33mstyle[39m=[32m"height: 0px; overflow: hidden;"[39m
  [36m/>[39m

  Name "Jira number for change item 522":
  [36m<input[39m
    [33maria-describedby[39m=[32m"change-item-521-jira-help"[39m
    [33maria-invalid[39m=[32m"false"[39m
    [33maria-label[39m=[32m"Jira number for change item 522"[39m
    [33mclass[39m=[32m"MuiInputBase-input MuiOutlinedInput-input css-16wblaj-MuiInputBase-input-MuiOutlinedInput-input"[39m
    [33mid[39m=[32m"_r_1n7_"[39m
    [33mmaxlength[39m=[32m"50"[39m
    [33mrequired[39m=[32m""[39m
    [33mtype[39m=[32m"text"[39m
    [33mvalue[39m=[32m"JIRA-0522"[39m
  [36m/>[39m

  Name "Description for change item 522":
  [36m<textarea[39m
    [33maria-describedby[39m=[32m"change-item-521-desc-help"[39m
    [33maria-invalid[39m=[32m"false"[39m
    [33maria-label[39m=[32m"Description for change item 522"[39m
    [33mclass[39m=[32m"MuiInputBase-input MuiOutlinedInput-input css-w4nesw-MuiInputBase-input-MuiOutlinedInput-input"[39m
    [33mid[39m=[32m"_r_1n8_"[39m
    [33mmaxlength[39m=[32m"500"[39m
    [33mrequired[39m=[32m""[39m
    [33mrows[39m=[32m"3"[39m
    [33mstyle[39m=[32m"height: 0px; overflow: hidden;"[39m
  [36m/>[39m

  Name "Jira number for change item 523":
  [36m<input[39m
    [33maria-describedby[39m=[32m"change-item-522-jira-help"[39m
    [33maria-invalid[39m=[32m"false"[39m
    [33maria-label[39m=[32m"Jira number for change item 523"[39m
    [33mclass[39m=[32m"MuiInputBase-input MuiOutlinedInput-input css-16wblaj-MuiInputBase-input-MuiOutlinedInput-input"[39m
    [33mid[39m=[32m"_r_1na_"[39m
    [33mmaxlength[39m=[32m"50"[39m
    [33mrequired[39m=[32m""[39m
    [33mtype[39m=[32m"text"[39m
    [33mvalue[39m=[32m"JIRA-0523"[39m
  [36m/>[39m

  Name "Description for change item 523":
  [36m<textarea[39m
    [33maria-describedby[39m=[32m"change-item-522-desc-help"[39m
    [33maria-invalid[39m=[32m"false"[39m
    [33maria-label[39m=[32m"Description for change item 523"[39m
    [33mclass[39m=[32m"MuiInputBase-input MuiOutlinedInput-input css-w4nesw-MuiInputBase-input-MuiOutlinedInput-input"[39m
    [33mid[39m=[32m"_r_1nb_"[39m
    [33mmaxlength[39m=[32m"500"[39m
    [33mrequired[39m=[32m""[39m
    [33mrows[39m=[32m"3"[39m
    [33mstyle[39m=[32m"height: 0px; overflow: hidden;"[39m
  [36m/>[39m

  Name "Jira number for change item 524":
  [36m<input[39m
    [33maria-describedby[39m=[32m"change-item-523-jira-help"[39m
    [33maria-invalid[39m=[32m"false"[39m
    [33maria-label[39m=[32m"Jira number for change item 524"[39m
    [33mclass[39m=[32m"MuiInputBase-input MuiOutlinedInput-input css-16wblaj-MuiInputBase-input-MuiOutlinedInput-input"[39m
    [33mid[39m=[32m"_r_1nd_"[39m
    [33mmaxlength[39m=[32m"50"[39m
    [33mrequired[39m=[32m""[39m
    [33mtype[39m=[32m"text"[39m
    [33mvalue[39m=[32m"JIRA-0524"[39m
  [36m/>[39m

  Name "Description for change item 524":
  [36m<textarea[39m
    [33maria-describedby[39m=[32m"change-item-523-desc-help"[39m
    [33maria-invalid[39m=[32m"false"[39m
    [33maria-label[39m=[32m"Description for change item 524"[39m
    [33mclass[39m=[32m"MuiInputBase-input MuiOutlinedInput-input css-w4nesw-MuiInputBase-input-MuiOutlinedInput-input"[39m
    [33mid[39m=[32m"_r_1ne_"[39m
    [33mmaxlength[39m=[32m"500"[39m
    [33mrequired[39m=[32m""[39m
    [33mrows[39m=[32m"3"[39m
    [33mstyle[39m=[32m"height: 0px; overflow: hidden;"[39m
  [36m/>[39m

  Name "Jira number for change item 525":
  [36m<input[39m
    [33maria-describedby[39m=[32m"change-item-524-jira-help"[39m
    [33maria-invalid[39m=[32m"false"[39m
    [33maria-label[39m=[32m"Jira number for change item 525"[39m
    [33mclass[39m=[32m"MuiInputBase-input MuiOutlinedInput-input css-16wblaj-MuiInputBase-input-MuiOutlinedInput-input"[39m
    [33mid[39m=[32m"_r_1ng_"[39m
    [33mmaxlength[39m=[32m"50"[39m
    [33mrequired[39m=[32m""[39m
    [33mtype[39m=[32m"text"[39m
    [33mvalue[39m=[32m"JIRA-0525"[39m
  [36m/>[39m

  Name "Description for change item 525":
  [36m<textarea[39m
    [33maria-describedby[39m=[32m"change-item-524-desc-help"[39m
    [33maria-invalid[39m=[32m"false"[39m
    [33maria-label[39m=[32m"Description for change item 525"[39m
    [33mclass[39m=[32m"MuiInputBase-input MuiOutlinedInput-input css-w4nesw-MuiInputBase-input-MuiOutlinedInput-input"[39m
    [33mid[39m=[32m"_r_1nh_"[39m
    [33mmaxlength[39m=[32m"500"[39m
    [33mrequired[39m=[32m""[39m
    [33mrows[39m=[32m"3"[39m
    [33mstyle[39m=[32m"height: 0px; overflow: hidden;"[39m
  [36m/>[39m

  Name "Jira number for change item 526":
  [36m<input[39m
    [33maria-describedby[39m=[32m"change-item-525-jira-help"[39m
    [33maria-invalid[39m=[32m"false"[39m
    [33maria-label[39m=[32m"Jira number for change item 526"[39m
    [33mclass[39m=[32m"MuiInputBase-input MuiOutlinedInput-input css-16wblaj-MuiInputBase-input-MuiOutlinedInput-input"[39m
    [33mid[39m=[32m"_r_1nj_"[39m
    [33mmaxlength[39m=[32m"50"[39m
    [33mrequired[39m=[32m""[39m
    [33mtype[39m=[32m"text"[39m
    [33mvalue[39m=[32m"JIRA-0526"[39m
  [36m/>[39m

  Name "Description for change item 526":
  [36m<textarea[39m
    [33maria-describedby[39m=[32m"change-item-525-desc-help"[39m
    [33maria-invalid[39m=[32m"false"[39m
    [33maria-label[39m=[32m"Description for change item 526"[39m
    [33mclass[39m=[32m"MuiInputBase-input MuiOutlinedInput-input css-w4nesw-MuiInputBase-input-MuiOutlinedInput-input"[39m
    [33mid[39m=[32m"_r_1nk_"[39m
    [33mmaxlength[39m=[32m"500"[39m
    [33mrequired[39m=[32m""[39m
    [33mrows[39m=[32m"3"[39m
    [33mstyle[39m=[32m"height: 0px; overflow: hidden;"[39m
  [36m/>[39m

  Name "Jira number for change item 527":
  [36m<input[39m
    [33maria-describedby[39m=[32m"change-item-526-jira-help"[39m
    [33maria-invalid[39m=[32m"false"[39m
    [33maria-label[39m=[32m"Jira number for change item 527"[39m
    [33mclass[39m=[32m"MuiInputBase-input MuiOutlinedInput-input css-16wblaj-MuiInputBase-input-MuiOutlinedInput-input"[39m
    [33mid[39m=[32m"_r_1nm_"[39m
    [33mmaxlength[39m=[32m"50"[39m
    [33mrequired[39m=[32m""[39m
    [33mtype[39m=[32m"text"[39m
    [33mvalue[39m=[32m"JIRA-0527"[39m
  [36m/>[39m

  Name "Description for change item 527":
  [36m<textarea[39m
    [33maria-describedby[39m=[32m"change-item-526-desc-help"[39m
    [33maria-invalid[39m=[32m"false"[39m
    [33maria-label[39m=[32m"Description for change item 527"[39m
    [33mclass[39m=[32m"MuiInputBase-input MuiOutlinedInput-input css-w4nesw-MuiInputBase-input-MuiOutlinedInput-input"[39m
    [33mid[39m=[32m"_r_1nn_"[39m
    [33mmaxlength[39m=[32m"500"[39m
    [33mrequired[39m=[32m""[39m
    [33mrows[39m=[32m"3"[39m
    [33mstyle[39m=[32m"height: 0px; overflow: hidden;"[39m
  [36m/>[39m

  Name "Jira number for change item 528":
  [36m<input[39m
    [33maria-describedby[39m=[32m"change-item-527-jira-help"[39m
    [33maria-invalid[39m=[32m"false"[39m
    [33maria-label[39m=[32m"Jira number for change item 528"[39m
    [33mclass[39m=[32m"MuiInputBase-input MuiOutlinedInput-input css-16wblaj-MuiInputBase-input-MuiOutlinedInput-input"[39m
    [33mid[39m=[32m"_r_1np_"[39m
    [33mmaxlength[39m=[32m"50"[39m
    [33mrequired[39m=[32m""[39m
    [33mtype[39m=[32m"text"[39m
    [33mvalue[39m=[32m"JIRA-0528"[39m
  [36m/>[39m

  Name "Description for change item 528":
  [36m<textarea[39m
    [33maria-describedby[39m=[32m"change-item-527-desc-help"[39m
    [33maria-invalid[39m=[32m"false"[39m
    [33maria-label[39m=[32m"Description for change item 528"[39m
    [33mclass[39m=[32m"MuiInputBase-input MuiOutlinedInput-input css-w4nesw-MuiInputBase-input-MuiOutlinedInput-input"[39m
    [33mid[39m=[32m"_r_1nq_"[39m
    [33mmaxlength[39m=[32m"500"[39m
    [33mrequired[39m=[32m""[39m
    [33mrows[39m=[32m"3"[39m
    [33mstyle[39m=[32m"height: 0px; overflow: hidden;"[39m
  [36m/>[39m

  Name "Jira number for change item 529":
  [36m<input[39m
    [33maria-describedby[39m=[32m"change-item-528-jira-help"[39m
    [33maria-invalid[39m=[32m"false"[39m
    [33maria-label[39m=[32m"Jira number for change item 529"[39m
    [33mclass[39m=[32m"MuiInputBase-input MuiOutlinedInput-input css-16wblaj-MuiInputBase-input-MuiOutlinedInput-input"[39m
    [33mid[39m=[32m"_r_1ns_"[39m
    [33mmaxlength[39m=[32m"50"[39m
    [33mrequired[39m=[32m""[39m
    [33mtype[39m=[32m"text"[39m
    [33mvalue[39m=[32m"JIRA-0529"[39m
  [36m/>[39m

  Name "Description for change item 529":
  [36m<textarea[39m
    [33maria-describedby[39m=[32m"change-item-528-desc-help"[39m
    [33maria-invalid[39m=[32m"false"[39m
    [33maria-label[39m=[32m"Description for change item 529"[39m
    [33mclass[39m=[32m"MuiInputBase-input MuiOutlinedInput-input css-w4nesw-MuiInputBase-input-MuiOutlinedInput-input"[39m
    [33mid[39m=[32m"_r_1nt_"[39m
    [33mmaxlength[39m=[32m"500"[39m
    [33mrequired[39m=[32m""[39m
    [33mrows[39m=[32m"3"[39m
    [33mstyle[39m=[32m"height: 0px; overflow: hidden;"[39m
  [36m/>[39m

  Name "Jira number for change item 530":
  [36m<input[39m
    [33maria-describedby[39m=[32m"change-item-529-jira-help"[39m
    [33maria-invalid[39m=[32m"false"[39m
    [33maria-label[39m=[32m"Jira number for change item 530"[39m
    [33mclass[39m=[32m"MuiInputBase-input MuiOutlinedInput-input css-16wblaj-MuiInputBase-input-MuiOutlinedInput-input"[39m
    [33mid[39m=[32m"_r_1nv_"[39m
    [33mmaxlength[39m=[32m"50"[39m
    [33mrequired[39m=[32m""[39m
    [33mtype[39m=[32m"text"[39m
    [33mvalue[39m=[32m"JIRA-0530"[39m
  [36m/>[39m

  Name "Description for change item 530":
  [36m<textarea[39m
    [33maria-describedby[39m=[32m"change-item-529-desc-help"[39m
    [33maria-invalid[39m=[32m"false"[39m
    [33maria-label[39m=[32m"Description for change item 530"[39m
    [33mclass[39m=[32m"MuiInputBase-input MuiOutlinedInput-input css-w4nesw-MuiInputBase-input-MuiOutlinedInput-input"[39m
    [33mid[39m=[32m"_r_1o0_"[39m
    [33mmaxlength[39m=[32m"500"[39m
    [33mrequired[39m=[32m""[39m
    [33mrows[39m=[32m"3"[39m
    [33mstyle[39m=[32m"height: 0px; overflow: hidden;"[39m
  [36m/>[39m

  Name "Jira number for change item 531":
  [36m<input[39m
    [33maria-describedby[39m=[32m"change-item-530-jira-help"[39m
    [33maria-invalid[39m=[32m"false"[39m
    [33maria-label[39m=[32m"Jira number for change item 531"[39m
    [33mclass[39m=[32m"MuiInputBase-input MuiOutlinedInput-input css-16wblaj-MuiInputBase-input-MuiOutlinedInput-input"[39m
    [33mid[39m=[32m"_r_1o2_"[39m
    [33mmaxlength[39m=[32m"50"[39m
    [33mrequired[39m=[32m""[39m
    [33mtype[39m=[32m"text"[39m
    [33mvalue[39m=[32m"JIRA-0531"[39m
  [36m/>[39m

  Name "Description for change item 531":
  [36m<textarea[39m
    [33maria-describedby[39m=[32m"change-item-530-desc-help"[39m
    [33maria-invalid[39m=[32m"false"[39m
    [33maria-label[39m=[32m"Description for change item 531"[39m
    [33mclass[39m=[32m"MuiInputBase-input MuiOutlinedInput-input css-w4nesw-MuiInputBase-input-MuiOutlinedInput-input"[39m
    [33mid[39m=[32m"_r_1o3_"[39m
    [33mmaxlength[39m=[32m"500"[39m
    [33mrequired[39m=[32m""[39m
    [33mrows[39m=[32m"3"[39m
    [33mstyle[39m=[32m"height: 0px; overflow: hidden;"[39m
  [36m/>[39m

  Name "Jira number for change item 532":
  [36m<input[39m
    [33maria-describedby[39m=[32m"change-item-531-jira-help"[39m
    [33maria-invalid[39m=[32m"false"[39m
    [33maria-label[39m=[32m"Jira number for change item 532"[39m
    [33mclass[39m=[32m"MuiInputBase-input MuiOutlinedInput-input css-16wblaj-MuiInputBase-input-MuiOutlinedInput-input"[39m
    [33mid[39m=[32m"_r_1o5_"[39m
    [33mmaxlength[39m=[32m"50"[39m
    [33mrequired[39m=[32m""[39m
    [33mtype[39m=[32m"text"[39m
    [33mvalue[39m=[32m"JIRA-0532"[39m
  [36m/>[39m

  Name "Description for change item 532":
  [36m<textarea[39m
    [33maria-describedby[39m=[32m"change-item-531-desc-help"[39m
    [33maria-invalid[39m=[32m"false"[39m
    [33maria-label[39m=[32m"Description for change item 532"[39m
    [33mclass[39m=[32m"MuiInputBase-input MuiOutlinedInput-input css-w4nesw-MuiInputBase-input-MuiOutlinedInput-input"[39m
    [33mid[39m=[32m"_r_1o6_"[39m
    [33mmaxlength[39m=[32m"500"[39m
    [33mrequired[39m=[32m""[39m
    [33mrows[39m=[32m"3"[39m
    [33mstyle[39m=[32m"height: 0px; overflow: hidden;"[39m
  [36m/>[39m

  Name "Jira number for change item 533":
  [36m<input[39m
    [33maria-describedby[39m=[32m"change-item-532-jira-help"[39m
    [33maria-invalid[39m=[32m"false"[39m
    [33maria-label[39m=[32m"Jira number for change item 533"[39m
    [33mclass[39m=[32m"MuiInputBase-input MuiOutlinedInput-input css-16wblaj-MuiInputBase-input-MuiOutlinedInput-input"[39m
    [33mid[39m=[32m"_r_1o8_"[39m
    [33mmaxlength[39m=[32m"50"[39m
    [33mrequired[39m=[32m""[39m
    [33mtype[39m=[32m"text"[39m
    [33mvalue[39m=[32m"JIRA-0533"[39m
  [36m/>[39m

  Name "Description for change item 533":
  [36m<textarea[39m
    [33maria-describedby[39m=[32m"change-item-532-desc-help"[39m
    [33maria-invalid[39m=[32m"false"[39m
    [33maria-label[39m=[32m"Description for change item 533"[39m
    [33mclass[39m=[32m"MuiInputBase-input MuiOutlinedInput-input css-w4nesw-MuiInputBase-input-MuiOutlinedInput-input"[39m
    [33mid[39m=[32m"_r_1o9_"[39m
    [33mmaxlength[39m=[32m"500"[39m
    [33mrequired[39m=[32m""[39m
    [33mrows[39m=[32m"3"[39m
    [33mstyle[39m=[32m"height: 0px; overflow: hidden;"[39m
  [36m/>[39m

  Name "Jira number for change item 534":
  [36m<input[39m
    [33maria-describedby[39m=[32m"change-item-533-jira-help"[39m
    [33maria-invalid[39m=[32m"false"[39m
    [33maria-label[39m=[32m"Jira number for change item 534"[39m
    [33mclass[39m=[32m"MuiInputBase-input MuiOutlinedInput-input css-16wblaj-MuiInputBase-input-MuiOutlinedInput-input"[39m
    [33mid[39m=[32m"_r_1ob_"[39m
    [33mmaxlength[39m=[32m"50"[39m
    [33mrequired[39m=[32m""[39m
    [33mtype[39m=[32m"text"[39m
    [33mvalue[39m=[32m"JIRA-0534"[39m
  [36m/>[39m

  Name "Description for change item 534":
  [36m<textarea[39m
    [33maria-describedby[39m=[32m"change-item-533-desc-help"[39m
    [33maria-invalid[39m=[32m"false"[39m
    [33maria-label[39m=[32m"Description for change item 534"[39m
    [33mclass[39m=[32m"MuiInputBase-input MuiOutlinedInput-input css-w4nesw-MuiInputBase-input-MuiOutlinedInput-input"[39m
    [33mid[39m=[32m"_r_1oc_"[39m
    [33mmaxlength[39m=[32m"500"[39m
    [33mrequired[39m=[32m""[39m
    [33mrows[39m=[32m"3"[39m
    [33mstyle[39m=[32m"height: 0px; overflow: hidden;"[39m
  [36m/>[39m

  Name "Jira number for change item 535":
  [36m<input[39m
    [33maria-describedby[39m=[32m"change-item-534-jira-help"[39m
    [33maria-invalid[39m=[32m"false"[39m
    [33maria-label[39m=[32m"Jira number for change item 535"[39m
    [33mclass[39m=[32m"MuiInputBase-input MuiOutlinedInput-input css-16wblaj-MuiInputBase-input-MuiOutlinedInput-input"[39m
    [33mid[39m=[32m"_r_1oe_"[39m
    [33mmaxlength[39m=[32m"50"[39m
    [33mrequired[39m=[32m""[39m
    [33mtype[39m=[32m"text"[39m
    [33mvalue[39m=[32m"JIRA-0535"[39m
  [36m/>[39m

  Name "Description for change item 535":
  [36m<textarea[39m
    [33maria-describedby[39m=[32m"change-item-534-desc-help"[39m
    [33maria-invalid[39m=[32m"false"[39m
    [33maria-label[39m=[32m"Description for change item 535"[39m
    [33mclass[39m=[32m"MuiInputBase-input MuiOutlinedInput-input css-w4nesw-MuiInputBase-input-MuiOutlinedInput-input"[39m
    [33mid[39m=[32m"_r_1of_"[39m
    [33mmaxlength[39m=[32m"500"[39m
    [33mrequired[39m=[32m""[39m
    [33mrows[39m=[32m"3"[39m
    [33mstyle[39m=[32m"height: 0px; overflow: hidden;"[39m
  [36m/>[39m

  Name "Jira number for change item 536":
  [36m<input[39m
    [33maria-describedby[39m=[32m"change-item-535-jira-help"[39m
    [33maria-invalid[39m=[32m"false"[39m
    [33maria-label[39m=[32m"Jira number for change item 536"[39m
    [33mclass[39m=[32m"MuiInputBase-input MuiOutlinedInput-input css-16wblaj-MuiInputBase-input-MuiOutlinedInput-input"[39m
    [33mid[39m=[32m"_r_1oh_"[39m
    [33mmaxlength[39m=[32m"50"[39m
    [33mrequired[39m=[32m""[39m
    [33mtype[39m=[32m"text"[39m
    [33mvalue[39m=[32m"JIRA-0536"[39m
  [36m/>[39m

  Name "Description for change item 536":
  [36m<textarea[39m
    [33maria-describedby[39m=[32m"change-item-535-desc-help"[39m
    [33maria-invalid[39m=[32m"false"[39m
    [33maria-label[39m=[32m"Description for change item 536"[39m
    [33mclass[39m=[32m"MuiInputBase-input MuiOutlinedInput-input css-w4nesw-MuiInputBase-input-MuiOutlinedInput-input"[39m
    [33mid[39m=[32m"_r_1oi_"[39m
    [33mmaxlength[39m=[32m"500"[39m
    [33mrequired[39m=[32m""[39m
    [33mrows[39m=[32m"3"[39m
    [33mstyle[39m=[32m"height: 0px; overflow: hidden;"[39m
  [36m/>[39m

  Name "Jira number for change item 537":
  [36m<input[39m
    [33maria-describedby[39m=[32m"change-item-536-jira-help"[39m
    [33maria-invalid[39m=[32m"false"[39m
    [33maria-label[39m=[32m"Jira number for change item 537"[39m
    [33mclass[39m=[32m"MuiInputBase-input MuiOutlinedInput-input css-16wblaj-MuiInputBase-input-MuiOutlinedInput-input"[39m
    [33mid[39m=[32m"_r_1ok_"[39m
    [33mmaxlength[39m=[32m"50"[39m
    [33mrequired[39m=[32m""[39m
    [33mtype[39m=[32m"text"[39m
    [33mvalue[39m=[32m"JIRA-0537"[39m
  [36m/>[39m

  Name "Description for change item 537":
  [36m<textarea[39m
    [33maria-describedby[39m=[32m"change-item-536-desc-help"[39m
    [33maria-invalid[39m=[32m"false"[39m
    [33maria-label[39m=[32m"Description for change item 537"[39m
    [33mclass[39m=[32m"MuiInputBase-input MuiOutlinedInput-input css-w4nesw-MuiInputBase-input-MuiOutlinedInput-input"[39m
    [33mid[39m=[32m"_r_1ol_"[39m
    [33mmaxlength[39m=[32m"500"[39m
    [33mrequired[39m=[32m""[39m
    [33mrows[39m=[32m"3"[39m
    [33mstyle[39m=[32m"height: 0px; overflow: hidden;"[39m
  [36m/>[39m

  Name "Jira number for change item 538":
  [36m<input[39m
    [33maria-describedby[39m=[32m"change-item-537-jira-help"[39m
    [33maria-invalid[39m=[32m"false"[39m
    [33maria-label[39m=[32m"Jira number for change item 538"[39m
    [33mclass[39m=[32m"MuiInputBase-input MuiOutlinedInput-input css-16wblaj-MuiInputBase-input-MuiOutlinedInput-input"[39m
    [33mid[39m=[32m"_r_1on_"[39m
    [33mmaxlength[39m=[32m"50"[39m
    [33mrequired[39m=[32m""[39m
    [33mtype[39m=[32m"text"[39m
    [33mvalue[39m=[32m"JIRA-0538"[39m
  [36m/>[39m

  Name "Description for change item 538":
  [36m<textarea[39m
    [33maria-describedby[39m=[32m"change-item-537-desc-help"[39m
    [33maria-invalid[39m=[32m"false"[39m
    [33maria-label[39m=[32m"Description for change item 538"[39m
    [33mclass[39m=[32m"MuiInputBase-input MuiOutlinedInput-input css-w4nesw-MuiInputBase-input-MuiOutlinedInput-input"[39m
    [33mid[39m=[32m"_r_1oo_"[39m
    [33mmaxlength[39m=[32m"500"[39m
    [33mrequired[39m=[32m""[39m
    [33mrows[39m=[32m"3"[39m
    [33mstyle[39m=[32m"height: 0px; overflow: hidden;"[39m
  [36m/>[39m

  Name "Jira number for change item 539":
  [36m<input[39m
    [33maria-describedby[39m=[32m"change-item-538-jira-help"[39m
    [33maria-invalid[39m=[32m"false"[39m
    [33maria-label[39m=[32m"Jira number for change item 539"[39m
    [33mclass[39m=[32m"MuiInputBase-input MuiOutlinedInput-input css-16wblaj-MuiInputBase-input-MuiOutlinedInput-input"[39m
    [33mid[39m=[32m"_r_1oq_"[39m
    [33mmaxlength[39m=[32m"50"[39m
    [33mrequired[39m=[32m""[39m
    [33mtype[39m=[32m"text"[39m
    [33mvalue[39m=[32m"JIRA-0539"[39m
  [36m/>[39m

  Name "Description for change item 539":
  [36m<textarea[39m
    [33maria-describedby[39m=[32m"change-item-538-desc-help"[39m
    [33maria-invalid[39m=[32m"false"[39m
    [33maria-label[39m=[32m"Description for change item 539"[39m
    [33mclass[39m=[32m"MuiInputBase-input MuiOutlinedInput-input css-w4nesw-MuiInputBase-input-MuiOutlinedInput-input"[39m
    [33mid[39m=[32m"_r_1or_"[39m
    [33mmaxlength[39m=[32m"500"[39m
    [33mrequired[39m=[32m""[39m
    [33mrows[39m=[32m"3"[39m
    [33mstyle[39m=[32m"height: 0px; overflow: hidden;"[39m
  [36m/>[39m

  Name "Jira number for change item 540":
  [36m<input[39m
    [33maria-describedby[39m=[32m"change-item-539-jira-help"[39m
    [33maria-invalid[39m=[32m"false"[39m
    [33maria-label[39m=[32m"Jira number for change item 540"[39m
    [33mclass[39m=[32m"MuiInputBase-input MuiOutlinedInput-input css-16wblaj-MuiInputBase-input-MuiOutlinedInput-input"[39m
    [33mid[39m=[32m"_r_1ot_"[39m
    [33mmaxlength[39m=[32m"50"[39m
    [33mrequired[39m=[32m""[39m
    [33mtype[39m=[32m"text"[39m
    [33mvalue[39m=[32m"JIRA-0540"[39m
  [36m/>[39m

  Name "Description for change item 540":
  [36m<textarea[39m
    [33maria-describedby[39m=[32m"change-item-539-desc-help"[39m
    [33maria-invalid[39m=[32m"false"[39m
    [33maria-label[39m=[32m"Description for change item 540"[39m
    [33mclass[39m=[32m"MuiInputBase-input MuiOutlinedInput-input css-w4nesw-MuiInputBase-input-MuiOutlinedInput-input"[39m
    [33mid[39m=[32m"_r_1ou_"[39m
    [33mmaxlength[39m=[32m"500"[39m
    [33mrequired[39m=[32m""[39m
    [33mrows[39m=[32m"3"[39m
    [33mstyle[39m=[32m"height: 0px; overflow: hidden;"[39m
  [36m/>[39m

  Name "Jira number for change item 541":
  [36m<input[39m
    [33maria-describedby[39m=[32m"change-item-540-jira-help"[39m
    [33maria-invalid[39m=[32m"false"[39m
    [33maria-label[39m=[32m"Jira number for change item 541"[39m
    [33mclass[39m=[32m"MuiInputBase-input MuiOutlinedInput-input css-16wblaj-MuiInputBase-input-MuiOutlinedInput-input"[39m
    [33mid[39m=[32m"_r_1p0_"[39m
    [33mmaxlength[39m=[32m"50"[39m
    [33mrequired[39m=[32m""[39m
    [33mtype[39m=[32m"text"[39m
    [33mvalue[39m=[32m"JIRA-0541"[39m
  [36m/>[39m

  Name "Description for change item 541":
  [36m<textarea[39m
    [33maria-describedby[39m=[32m"change-item-540-desc-help"[39m
    [33maria-invalid[39m=[32m"false"[39m
    [33maria-label[39m=[32m"Description for change item 541"[39m
    [33mclass[39m=[32m"MuiInputBase-input MuiOutlinedInput-input css-w4nesw-MuiInputBase-input-MuiOutlinedInput-input"[39m
    [33mid[39m=[32m"_r_1p1_"[39m
    [33mmaxlength[39m=[32m"500"[39m
    [33mrequired[39m=[32m""[39m
    [33mrows[39m=[32m"3"[39m
    [33mstyle[39m=[32m"height: 0px; overflow: hidden;"[39m
  [36m/>[39m

  Name "Jira number for change item 542":
  [36m<input[39m
    [33maria-describedby[39m=[32m"change-item-541-jira-help"[39m
    [33maria-invalid[39m=[32m"false"[39m
    [33maria-label[39m=[32m"Jira number for change item 542"[39m
    [33mclass[39m=[32m"MuiInputBase-input MuiOutlinedInput-input css-16wblaj-MuiInputBase-input-MuiOutlinedInput-input"[39m
    [33mid[39m=[32m"_r_1p3_"[39m
    [33mmaxlength[39m=[32m"50"[39m
    [33mrequired[39m=[32m""[39m
    [33mtype[39m=[32m"text"[39m
    [33mvalue[39m=[32m"JIRA-0542"[39m
  [36m/>[39m

  Name "Description for change item 542":
  [36m<textarea[39m
    [33maria-describedby[39m=[32m"change-item-541-desc-help"[39m
    [33maria-invalid[39m=[32m"false"[39m
    [33maria-label[39m=[32m"Description for change item 542"[39m
    [33mclass[39m=[32m"MuiInputBase-input MuiOutlinedInput-input css-w4nesw-MuiInputBase-input-MuiOutlinedInput-input"[39m
    [33mid[39m=[32m"_r_1p4_"[39m
    [33mmaxlength[39m=[32m"500"[39m
    [33mrequired[39m=[32m""[39m
    [33mrows[39m=[32m"3"[39m
    [33mstyle[39m=[32m"height: 0px; overflow: hidden;"[39m
  [36m/>[39m

  Name "Jira number for change item 543":
  [36m<input[39m
    [33maria-describedby[39m=[32m"change-item-542-jira-help"[39m
    [33maria-invalid[39m=[32m"false"[39m
    [33maria-label[39m=[32m"Jira number for change item 543"[39m
    [33mclass[39m=[32m"MuiInputBase-input MuiOutlinedInput-input css-16wblaj-MuiInputBase-input-MuiOutlinedInput-input"[39m
    [33mid[39m=[32m"_r_1p6_"[39m
    [33mmaxlength[39m=[32m"50"[39m
    [33mrequired[39m=[32m""[39m
    [33mtype[39m=[32m"text"[39m
    [33mvalue[39m=[32m"JIRA-0543"[39m
  [36m/>[39m

  Name "Description for change item 543":
  [36m<textarea[39m
    [33maria-describedby[39m=[32m"change-item-542-desc-help"[39m
    [33maria-invalid[39m=[32m"false"[39m
    [33maria-label[39m=[32m"Description for change item 543"[39m
    [33mclass[39m=[32m"MuiInputBase-input MuiOutlinedInput-input css-w4nesw-MuiInputBase-input-MuiOutlinedInput-input"[39m
    [33mid[39m=[32m"_r_1p7_"[39m
    [33mmaxlength[39m=[32m"500"[39m
    [33mrequired[39m=[32m""[39m
    [33mrows[39m=[32m"3"[39m
    [33mstyle[39m=[32m"height: 0px; overflow: hidden;"[39m
  [36m/>[39m

  Name "Jira number for change item 544":
  [36m<input[39m
    [33maria-describedby[39m=[32m"change-item-543-jira-help"[39m
    [33maria-invalid[39m=[32m"false"[39m
    [33maria-label[39m=[32m"Jira number for change item 544"[39m
    [33mclass[39m=[32m"MuiInputBase-input MuiOutlinedInput-input css-16wblaj-MuiInputBase-input-MuiOutlinedInput-input"[39m
    [33mid[39m=[32m"_r_1p9_"[39m
    [33mmaxlength[39m=[32m"50"[39m
    [33mrequired[39m=[32m""[39m
    [33mtype[39m=[32m"text"[39m
    [33mvalue[39m=[32m"JIRA-0544"[39m
  [36m/>[39m

  Name "Description for change item 544":
  [36m<textarea[39m
    [33maria-describedby[39m=[32m"change-item-543-desc-help"[39m
    [33maria-invalid[39m=[32m"false"[39m
    [33maria-label[39m=[32m"Description for change item 544"[39m
    [33mclass[39m=[32m"MuiInputBase-input MuiOutlinedInput-input css-w4nesw-MuiInputBase-input-MuiOutlinedInput-input"[39m
    [33mid[39m=[32m"_r_1pa_"[39m
    [33mmaxlength[39m=[32m"500"[39m
    [33mrequired[39m=[32m""[39m
    [33mrows[39m=[32m"3"[39m
    [33mstyle[39m=[32m"height: 0px; overflow: hidden;"[39m
  [36m/>[39m

  Name "Jira number for change item 545":
  [36m<input[39m
    [33maria-describedby[39m=[32m"change-item-544-jira-help"[39m
    [33maria-invalid[39m=[32m"false"[39m
    [33maria-label[39m=[32m"Jira number for change item 545"[39m
    [33mclass[39m=[32m"MuiInputBase-input MuiOutlinedInput-input css-16wblaj-MuiInputBase-input-MuiOutlinedInput-input"[39m
    [33mid[39m=[32m"_r_1pc_"[39m
    [33mmaxlength[39m=[32m"50"[39m
    [33mrequired[39m=[32m""[39m
    [33mtype[39m=[32m"text"[39m
    [33mvalue[39m=[32m"JIRA-0545"[39m
  [36m/>[39m

  Name "Description for change item 545":
  [36m<textarea[39m
    [33maria-describedby[39m=[32m"change-item-544-desc-help"[39m
    [33maria-invalid[39m=[32m"false"[39m
    [33maria-label[39m=[32m"Description for change item 545"[39m
    [33mclass[39m=[32m"MuiInputBase-input MuiOutlinedInput-input css-w4nesw-MuiInputBase-input-MuiOutlinedInput-input"[39m
    [33mid[39m=[32m"_r_1pd_"[39m
    [33mmaxlength[39m=[32m"500"[39m
    [33mrequired[39m=[32m""[39m
    [33mrows[39m=[32m"3"[39m
    [33mstyle[39m=[32m"height: 0px; overflow: hidden;"[39m
  [36m/>[39m

  Name "Jira number for change item 546":
  [36m<input[39m
    [33maria-describedby[39m=[32m"change-item-545-jira-help"[39m
    [33maria-invalid[39m=[32m"false"[39m
    [33maria-label[39m=[32m"Jira number for change item 546"[39m
    [33mclass[39m=[32m"MuiInputBase-input MuiOutlinedInput-input css-16wblaj-MuiInputBase-input-MuiOutlinedInput-input"[39m
    [33mid[39m=[32m"_r_1pf_"[39m
    [33mmaxlength[39m=[32m"50"[39m
    [33mrequired[39m=[32m""[39m
    [33mtype[39m=[32m"text"[39m
    [33mvalue[39m=[32m"JIRA-0546"[39m
  [36m/>[39m

  Name "Description for change item 546":
  [36m<textarea[39m
    [33maria-describedby[39m=[32m"change-item-545-desc-help"[39m
    [33maria-invalid[39m=[32m"false"[39m
    [33maria-label[39m=[32m"Description for change item 546"[39m
    [33mclass[39m=[32m"MuiInputBase-input MuiOutlinedInput-input css-w4nesw-MuiInputBase-input-MuiOutlinedInput-input"[39m
    [33mid[39m=[32m"_r_1pg_"[39m
    [33mmaxlength[39m=[32m"500"[39m
    [33mrequired[39m=[32m""[39m
    [33mrows[39m=[32m"3"[39m
    [33mstyle[39m=[32m"height: 0px; overflow: hidden;"[39m
  [36m/>[39m

  Name "Jira number for change item 547":
  [36m<input[39m
    [33maria-describedby[39m=[32m"change-item-546-jira-help"[39m
    [33maria-invalid[39m=[32m"false"[39m
    [33maria-label[39m=[32m"Jira number for change item 547"[39m
    [33mclass[39m=[32m"MuiInputBase-input MuiOutlinedInput-input css-16wblaj-MuiInputBase-input-MuiOutlinedInput-input"[39m
    [33mid[39m=[32m"_r_1pi_"[39m
    [33mmaxlength[39m=[32m"50"[39m
    [33mrequired[39m=[32m""[39m
    [33mtype[39m=[32m"text"[39m
    [33mvalue[39m=[32m"JIRA-0547"[39m
  [36m/>[39m

  Name "Description for change item 547":
  [36m<textarea[39m
    [33maria-describedby[39m=[32m"change-item-546-desc-help"[39m
    [33maria-invalid[39m=[32m"false"[39m
    [33maria-label[39m=[32m"Description for change item 547"[39m
    [33mclass[39m=[32m"MuiInputBase-input MuiOutlinedInput-input css-w4nesw-MuiInputBase-input-MuiOutlinedInput-input"[39m
    [33mid[39m=[32m"_r_1pj_"[39m
    [33mmaxlength[39m=[32m"500"[39m
    [33mrequired[39m=[32m""[39m
    [33mrows[39m=[32m"3"[39m
    [33mstyle[39m=[32m"height: 0px; overflow: hidden;"[39m
  [36m/>[39m

  Name "Jira number for change item 548":
  [36m<input[39m
    [33maria-describedby[39m=[32m"change-item-547-jira-help"[39m
    [33maria-invalid[39m=[32m"false"[39m
    [33maria-label[39m=[32m"Jira number for change item 548"[39m
    [33mclass[39m=[32m"MuiInputBase-input MuiOutlinedInput-input css-16wblaj-MuiInputBase-input-MuiOutlinedInput-input"[39m
    [33mid[39m=[32m"_r_1pl_"[39m
    [33mmaxlength[39m=[32m"50"[39m
    [33mrequired[39m=[32m""[39m
    [33mtype[39m=[32m"text"[39m
    [33mvalue[39m=[32m"JIRA-0548"[39m
  [36m/>[39m

  Name "Description for change item 548":
  [36m<textarea[39m
    [33maria-describedby[39m=[32m"change-item-547-desc-help"[39m
    [33maria-invalid[39m=[32m"false"[39m
    [33maria-label[39m=[32m"Description for change item 548"[39m
    [33mclass[39m=[32m"MuiInputBase-input MuiOutlinedInput-input css-w4nesw-MuiInputBase-input-MuiOutlinedInput-input"[39m
    [33mid[39m=[32m"_r_1pm_"[39m
    [33mmaxlength[39m=[32m"500"[39m
    [33mrequired[39m=[32m""[39m
    [33mrows[39m=[32m"3"[39m
    [33mstyle[39m=[32m"height: 0px; overflow: hidden;"[39m
  [36m/>[39m

  Name "Jira number for change item 549":
  [36m<input[39m
    [33maria-describedby[39m=[32m"change-item-548-jira-help"[39m
    [33maria-invalid[39m=[32m"false"[39m
    [33maria-label[39m=[32m"Jira number for change item 549"[39m
    [33mclass[39m=[32m"MuiInputBase-input MuiOutlinedInput-input css-16wblaj-MuiInputBase-input-MuiOutlinedInput-input"[39m
    [33mid[39m=[32m"_r_1po_"[39m
    [33mmaxlength[39m=[32m"50"[39m
    [33mrequired[39m=[32m""[39m
    [33mtype[39m=[32m"text"[39m
    [33mvalue[39m=[32m"JIRA-0549"[39m
  [36m/>[39m

  Name "Description for change item 549":
  [36m<textarea[39m
    [33maria-describedby[39m=[32m"change-item-548-desc-help"[39m
    [33maria-invalid[39m=[32m"false"[39m
    [33maria-label[39m=[32m"Description for change item 549"[39m
    [33mclass[39m=[32m"MuiInputBase-input MuiOutlinedInput-input css-w4nesw-MuiInputBase-input-MuiOutlinedInput-input"[39m
    [33mid[39m=[32m"_r_1pp_"[39m
    [33mmaxlength[39m=[32m"500"[39m
    [33mrequired[39m=[32m""[39m
    [33mrows[39m=[32m"3"[39m
    [33mstyle[39m=[32m"height: 0px; overflow: hidden;"[39m
  [36m/>[39m

  Name "Jira number for change item 550":
  [36m<input[39m
    [33maria-describedby[39m=[32m"change-item-549-jira-help"[39m
    [33maria-invalid[39m=[32m"false"[39m
    [33maria-label[39m=[32m"Jira number for change item 550"[39m
    [33mclass[39m=[32m"MuiInputBase-input MuiOutlinedInput-input css-16wblaj-MuiInputBase-input-MuiOutlinedInput-input"[39m
    [33mid[39m=[32m"_r_1pr_"[39m
    [33mmaxlength[39m=[32m"50"[39m
    [33mrequired[39m=[32m""[39m
    [33mtype[39m=[32m"text"[39m
    [33mvalue[39m=[32m"JIRA-0550"[39m
  [36m/>[39m

  Name "Description for change item 550":
  [36m<textarea[39m
    [33maria-describedby[39m=[32m"change-item-549-desc-help"[39m
    [33maria-invalid[39m=[32m"false"[39m
    [33maria-label[39m=[32m"Description for change item 550"[39m
    [33mclass[39m=[32m"MuiInputBase-input MuiOutlinedInput-input css-w4nesw-MuiInputBase-input-MuiOutlinedInput-input"[39m
    [33mid[39m=[32m"_r_1ps_"[39m
    [33mmaxlength[39m=[32m"500"[39m
    [33mrequired[39m=[32m""[39m
    [33mrows[39m=[32m"3"[39m
    [33mstyle[39m=[32m"height: 0px; overflow: hidden;"[39m
  [36m/>[39m

  Name "Jira number for change item 551":
  [36m<input[39m
    [33maria-describedby[39m=[32m"change-item-550-jira-help"[39m
    [33maria-invalid[39m=[32m"false"[39m
    [33maria-label[39m=[32m"Jira number for change item 551"[39m
    [33mclass[39m=[32m"MuiInputBase-input MuiOutlinedInput-input css-16wblaj-MuiInputBase-input-MuiOutlinedInput-input"[39m
    [33mid[39m=[32m"_r_1pu_"[39m
    [33mmaxlength[39m=[32m"50"[39m
    [33mrequired[39m=[32m""[39m
    [33mtype[39m=[32m"text"[39m
    [33mvalue[39m=[32m"JIRA-0551"[39m
  [36m/>[39m

  Name "Description for change item 551":
  [36m<textarea[39m
    [33maria-describedby[39m=[32m"change-item-550-desc-help"[39m
    [33maria-invalid[39m=[32m"false"[39m
    [33maria-label[39m=[32m"Description for change item 551"[39m
    [33mclass[39m=[32m"MuiInputBase-input MuiOutlinedInput-input css-w4nesw-MuiInputBase-input-MuiOutlinedInput-input"[39m
    [33mid[39m=[32m"_r_1pv_"[39m
    [33mmaxlength[39m=[32m"500"[39m
    [33mrequired[39m=[32m""[39m
    [33mrows[39m=[32m"3"[39m
    [33mstyle[39m=[32m"height: 0px; overflow: hidden;"[39m
  [36m/>[39m

  Name "Jira number for change item 552":
  [36m<input[39m
    [33maria-describedby[39m=[32m"change-item-551-jira-help"[39m
    [33maria-invalid[39m=[32m"false"[39m
    [33maria-label[39m=[32m"Jira number for change item 552"[39m
    [33mclass[39m=[32m"MuiInputBase-input MuiOutlinedInput-input css-16wblaj-MuiInputBase-input-MuiOutlinedInput-input"[39m
    [33mid[39m=[32m"_r_1q1_"[39m
    [33mmaxlength[39m=[32m"50"[39m
    [33mrequired[39m=[32m""[39m
    [33mtype[39m=[32m"text"[39m
    [33mvalue[39m=[32m"JIRA-0552"[39m
  [36m/>[39m

  Name "Description for change item 552":
  [36m<textarea[39m
    [33maria-describedby[39m=[32m"change-item-551-desc-help"[39m
    [33maria-invalid[39m=[32m"false"[39m
    [33maria-label[39m=[32m"Description for change item 552"[39m
    [33mclass[39m=[32m"MuiInputBase-input MuiOutlinedInput-input css-w4nesw-MuiInputBase-input-MuiOutlinedInput-input"[39m
    [33mid[39m=[32m"_r_1q2_"[39m
    [33mmaxlength[39m=[32m"500"[39m
    [33mrequired[39m=[32m""[39m
    [33mrows[39m=[32m"3"[39m
    [33mstyle[39m=[32m"height: 0px; overflow: hidden;"[39m
  [36m/>[39m

  Name "Jira number for change item 553":
  [36m<input[39m
    [33maria-describedby[39m=[32m"change-item-552-jira-help"[39m
    [33maria-invalid[39m=[32m"false"[39m
    [33maria-label[39m=[32m"Jira number for change item 553"[39m
    [33mclass[39m=[32m"MuiInputBase-input MuiOutlinedInput-input css-16wblaj-MuiInputBase-input-MuiOutlinedInput-input"[39m
    [33mid[39m=[32m"_r_1q4_"[39m
    [33mmaxlength[39m=[32m"50"[39m
    [33mrequired[39m=[32m""[39m
    [33mtype[39m=[32m"text"[39m
    [33mvalue[39m=[32m"JIRA-0553"[39m
  [36m/>[39m

  Name "Description for change item 553":
  [36m<textarea[39m
    [33maria-describedby[39m=[32m"change-item-552-desc-help"[39m
    [33maria-invalid[39m=[32m"false"[39m
    [33maria-label[39m=[32m"Description for change item 553"[39m
    [33mclass[39m=[32m"MuiInputBase-input MuiOutlinedInput-input css-w4nesw-MuiInputBase-input-MuiOutlinedInput-input"[39m
    [33mid[39m=[32m"_r_1q5_"[39m
    [33mmaxlength[39m=[32m"500"[39m
    [33mrequired[39m=[32m""[39m
    [33mrows[39m=[32m"3"[39m
    [33mstyle[39m=[32m"height: 0px; overflow: hidden;"[39m
  [36m/>[39m

  Name "Jira number for change item 554":
  [36m<input[39m
    [33maria-describedby[39m=[32m"change-item-553-jira-help"[39m
    [33maria-invalid[39m=[32m"false"[39m
    [33maria-label[39m=[32m"Jira number for change item 554"[39m
    [33mclass[39m=[32m"MuiInputBase-input MuiOutlinedInput-input css-16wblaj-MuiInputBase-input-MuiOutlinedInput-input"[39m
    [33mid[39m=[32m"_r_1q7_"[39m
    [33mmaxlength[39m=[32m"50"[39m
    [33mrequired[39m=[32m""[39m
    [33mtype[39m=[32m"text"[39m
    [33mvalue[39m=[32m"JIRA-0554"[39m
  [36m/>[39m

  Name "Description for change item 554":
  [36m<textarea[39m
    [33maria-describedby[39m=[32m"change-item-553-desc-help"[39m
    [33maria-invalid[39m=[32m"false"[39m
    [33maria-label[39m=[32m"Description for change item 554"[39m
    [33mclass[39m=[32m"MuiInputBase-input MuiOutlinedInput-input css-w4nesw-MuiInputBase-input-MuiOutlinedInput-input"[39m
    [33mid[39m=[32m"_r_1q8_"[39m
    [33mmaxlength[39m=[32m"500"[39m
    [33mrequired[39m=[32m""[39m
    [33mrows[39m=[32m"3"[39m
    [33mstyle[39m=[32m"height: 0px; overflow: hidden;"[39m
  [36m/>[39m

  Name "Jira number for change item 555":
  [36m<input[39m
    [33maria-describedby[39m=[32m"change-item-554-jira-help"[39m
    [33maria-invalid[39m=[32m"false"[39m
    [33maria-label[39m=[32m"Jira number for change item 555"[39m
    [33mclass[39m=[32m"MuiInputBase-input MuiOutlinedInput-input css-16wblaj-MuiInputBase-input-MuiOutlinedInput-input"[39m
    [33mid[39m=[32m"_r_1qa_"[39m
    [33mmaxlength[39m=[32m"50"[39m
    [33mrequired[39m=[32m""[39m
    [33mtype[39m=[32m"text"[39m
    [33mvalue[39m=[32m"JIRA-0555"[39m
  [36m/>[39m

  Name "Description for change item 555":
  [36m<textarea[39m
    [33maria-describedby[39m=[32m"change-item-554-desc-help"[39m
    [33maria-invalid[39m=[32m"false"[39m
    [33maria-label[39m=[32m"Description for change item 555"[39m
    [33mclass[39m=[32m"MuiInputBase-input MuiOutlinedInput-input css-w4nesw-MuiInputBase-input-MuiOutlinedInput-input"[39m
    [33mid[39m=[32m"_r_1qb_"[39m
    [33mmaxlength[39m=[32m"500"[39m
    [33mrequired[39m=[32m""[39m
    [33mrows[39m=[32m"3"[39m
    [33mstyle[39m=[32m"height: 0px; overflow: hidden;"[39m
  [36m/>[39m

  Name "Jira number for change item 556":
  [36m<input[39m
    [33maria-describedby[39m=[32m"change-item-555-jira-help"[39m
    [33maria-invalid[39m=[32m"false"[39m
    [33maria-label[39m=[32m"Jira number for change item 556"[39m
    [33mclass[39m=[32m"MuiInputBase-input MuiOutlinedInput-input css-16wblaj-MuiInputBase-input-MuiOutlinedInput-input"[39m
    [33mid[39m=[32m"_r_1qd_"[39m
    [33mmaxlength[39m=[32m"50"[39m
    [33mrequired[39m=[32m""[39m
    [33mtype[39m=[32m"text"[39m
    [33mvalue[39m=[32m"JIRA-0556"[39m
  [36m/>[39m

  Name "Description for change item 556":
  [36m<textarea[39m
    [33maria-describedby[39m=[32m"change-item-555-desc-help"[39m
    [33maria-invalid[39m=[32m"false"[39m
    [33maria-label[39m=[32m"Description for change item 556"[39m
    [33mclass[39m=[32m"MuiInputBase-input MuiOutlinedInput-input css-w4nesw-MuiInputBase-input-MuiOutlinedInput-input"[39m
    [33mid[39m=[32m"_r_1qe_"[39m
    [33mmaxlength[39m=[32m"500"[39m
    [33mrequired[39m=[32m""[39m
    [33mrows[39m=[32m"3"[39m
    [33mstyle[39m=[32m"height: 0px; overflow: hidden;"[39m
  [36m/>[39m

  Name "Jira number for change item 557":
  [36m<input[39m
    [33maria-describedby[39m=[32m"change-item-556-jira-help"[39m
    [33maria-invalid[39m=[32m"false"[39m
    [33maria-label[39m=[32m"Jira number for change item 557"[39m
    [33mclass[39m=[32m"MuiInputBase-input MuiOutlinedInput-input css-16wblaj-MuiInputBase-input-MuiOutlinedInput-input"[39m
    [33mid[39m=[32m"_r_1qg_"[39m
    [33mmaxlength[39m=[32m"50"[39m
    [33mrequired[39m=[32m""[39m
    [33mtype[39m=[32m"text"[39m
    [33mvalue[39m=[32m"JIRA-0557"[39m
  [36m/>[39m

  Name "Description for change item 557":
  [36m<textarea[39m
    [33maria-describedby[39m=[32m"change-item-556-desc-help"[39m
    [33maria-invalid[39m=[32m"false"[39m
    [33maria-label[39m=[32m"Description for change item 557"[39m
    [33mclass[39m=[32m"MuiInputBase-input MuiOutlinedInput-input css-w4nesw-MuiInputBase-input-MuiOutlinedInput-input"[39m
    [33mid[39m=[32m"_r_1qh_"[39m
    [33mmaxlength[39m=[32m"500"[39m
    [33mrequired[39m=[32m""[39m
    [33mrows[39m=[32m"3"[39m
    [33mstyle[39m=[32m"height: 0px; overflow: hidden;"[39m
  [36m/>[39m

  Name "Jira number for change item 558":
  [36m<input[39m
    [33maria-describedby[39m=[32m"change-item-557-jira-help"[39m
    [33maria-invalid[39m=[32m"false"[39m
    [33maria-label[39m=[32m"Jira number for change item 558"[39m
    [33mclass[39m=[32m"MuiInputBase-input MuiOutlinedInput-input css-16wblaj-MuiInputBase-input-MuiOutlinedInput-input"[39m
    [33mid[39m=[32m"_r_1qj_"[39m
    [33mmaxlength[39m=[32m"50"[39m
    [33mrequired[39m=[32m""[39m
    [33mtype[39m=[32m"text"[39m
    [33mvalue[39m=[32m"JIRA-0558"[39m
  [36m/>[39m

  Name "Description for change item 558":
  [36m<textarea[39m
    [33maria-describedby[39m=[32m"change-item-557-desc-help"[39m
    [33maria-invalid[39m=[32m"false"[39m
    [33maria-label[39m=[32m"Description for change item 558"[39m
    [33mclass[39m=[32m"MuiInputBase-input MuiOutlinedInput-input css-w4nesw-MuiInputBase-input-MuiOutlinedInput-input"[39m
    [33mid[39m=[32m"_r_1qk_"[39m
    [33mmaxlength[39m=[32m"500"[39m
    [33mrequired[39m=[32m""[39m
    [33mrows[39m=[32m"3"[39m
    [33mstyle[39m=[32m"height: 0px; overflow: hidden;"[39m
  [36m/>[39m

  Name "Jira number for change item 559":
  [36m<input[39m
    [33maria-describedby[39m=[32m"change-item-558-jira-help"[39m
    [33maria-invalid[39m=[32m"false"[39m
    [33maria-label[39m=[32m"Jira number for change item 559"[39m
    [33mclass[39m=[32m"MuiInputBase-input MuiOutlinedInput-input css-16wblaj-MuiInputBase-input-MuiOutlinedInput-input"[39m
    [33mid[39m=[32m"_r_1qm_"[39m
    [33mmaxlength[39m=[32m"50"[39m
    [33mrequired[39m=[32m""[39m
    [33mtype[39m=[32m"text"[39m
    [33mvalue[39m=[32m"JIRA-0559"[39m
  [36m/>[39m

  Name "Description for change item 559":
  [36m<textarea[39m
    [33maria-describedby[39m=[32m"change-item-558-desc-help"[39m
    [33maria-invalid[39m=[32m"false"[39m
    [33maria-label[39m=[32m"Description for change item 559"[39m
    [33mclass[39m=[32m"MuiInputBase-input MuiOutlinedInput-input css-w4nesw-MuiInputBase-input-MuiOutlinedInput-input"[39m
    [33mid[39m=[32m"_r_1qn_"[39m
    [33mmaxlength[39m=[32m"500"[39m
    [33mrequired[39m=[32m""[39m
    [33mrows[39m=[32m"3"[39m
    [33mstyle[39m=[32m"height: 0px; overflow: hidden;"[39m
  [36m/>[39m

  Name "Jira number for change item 560":
  [36m<input[39m
    [33maria-describedby[39m=[32m"change-item-559-jira-help"[39m
    [33maria-invalid[39m=[32m"false"[39m
    [33maria-label[39m=[32m"Jira number for change item 560"[39m
    [33mclass[39m=[32m"MuiInputBase-input MuiOutlinedInput-input css-16wblaj-MuiInputBase-input-MuiOutlinedInput-input"[39m
    [33mid[39m=[32m"_r_1qp_"[39m
    [33mmaxlength[39m=[32m"50"[39m
    [33mrequired[39m=[32m""[39m
    [33mtype[39m=[32m"text"[39m
    [33mvalue[39m=[32m"JIRA-0560"[39m
  [36m/>[39m

  Name "Description for change item 560":
  [36m<textarea[39m
    [33maria-describedby[39m=[32m"change-item-559-desc-help"[39m
    [33maria-invalid[39m=[32m"false"[39m
    [33maria-label[39m=[32m"Description for change item 560"[39m
    [33mclass[39m=[32m"MuiInputBase-input MuiOutlinedInput-input css-w4nesw-MuiInputBase-input-MuiOutlinedInput-input"[39m
    [33mid[39m=[32m"_r_1qq_"[39m
    [33mmaxlength[39m=[32m"500"[39m
    [33mrequired[39m=[32m""[39m
    [33mrows[39m=[32m"3"[39m
    [33mstyle[39m=[32m"height: 0px; overflow: hidden;"[39m
  [36m/>[39m

  Name "Jira number for change item 561":
  [36m<input[39m
    [33maria-describedby[39m=[32m"change-item-560-jira-help"[39m
    [33maria-invalid[39m=[32m"false"[39m
    [33maria-label[39m=[32m"Jira number for change item 561"[39m
    [33mclass[39m=[32m"MuiInputBase-input MuiOutlinedInput-input css-16wblaj-MuiInputBase-input-MuiOutlinedInput-input"[39m
    [33mid[39m=[32m"_r_1qs_"[39m
    [33mmaxlength[39m=[32m"50"[39m
    [33mrequired[39m=[32m""[39m
    [33mtype[39m=[32m"text"[39m
    [33mvalue[39m=[32m"JIRA-0561"[39m
  [36m/>[39m

  Name "Description for change item 561":
  [36m<textarea[39m
    [33maria-describedby[39m=[32m"change-item-560-desc-help"[39m
    [33maria-invalid[39m=[32m"false"[39m
    [33maria-label[39m=[32m"Description for change item 561"[39m
    [33mclass[39m=[32m"MuiInputBase-input MuiOutlinedInput-input css-w4nesw-MuiInputBase-input-MuiOutlinedInput-input"[39m
    [33mid[39m=[32m"_r_1qt_"[39m
    [33mmaxlength[39m=[32m"500"[39m
    [33mrequired[39m=[32m""[39m
    [33mrows[39m=[32m"3"[39m
    [33mstyle[39m=[32m"height: 0px; overflow: hidden;"[39m
  [36m/>[39m

  Name "Jira number for change item 562":
  [36m<input[39m
    [33maria-describedby[39m=[32m"change-item-561-jira-help"[39m
    [33maria-invalid[39m=[32m"false"[39m
    [33maria-label[39m=[32m"Jira number for change item 562"[39m
    [33mclass[39m=[32m"MuiInputBase-input MuiOutlinedInput-input css-16wblaj-MuiInputBase-input-MuiOutlinedInput-input"[39m
    [33mid[39m=[32m"_r_1qv_"[39m
    [33mmaxlength[39m=[32m"50"[39m
    [33mrequired[39m=[32m""[39m
    [33mtype[39m=[32m"text"[39m
    [33mvalue[39m=[32m"JIRA-0562"[39m
  [36m/>[39m

  Name "Description for change item 562":
  [36m<textarea[39m
    [33maria-describedby[39m=[32m"change-item-561-desc-help"[39m
    [33maria-invalid[39m=[32m"false"[39m
    [33maria-label[39m=[32m"Description for change item 562"[39m
    [33mclass[39m=[32m"MuiInputBase-input MuiOutlinedInput-input css-w4nesw-MuiInputBase-input-MuiOutlinedInput-input"[39m
    [33mid[39m=[32m"_r_1r0_"[39m
    [33mmaxlength[39m=[32m"500"[39m
    [33mrequired[39m=[32m""[39m
    [33mrows[39m=[32m"3"[39m
    [33mstyle[39m=[32m"height: 0px; overflow: hidden;"[39m
  [36m/>[39m

  Name "Jira number for change item 563":
  [36m<input[39m
    [33maria-describedby[39m=[32m"change-item-562-jira-help"[39m
    [33maria-invalid[39m=[32m"false"[39m
    [33maria-label[39m=[32m"Jira number for change item 563"[39m
    [33mclass[39m=[32m"MuiInputBase-input MuiOutlinedInput-input css-16wblaj-MuiInputBase-input-MuiOutlinedInput-input"[39m
    [33mid[39m=[32m"_r_1r2_"[39m
    [33mmaxlength[39m=[32m"50"[39m
    [33mrequired[39m=[32m""[39m
    [33mtype[39m=[32m"text"[39m
    [33mvalue[39m=[32m"JIRA-0563"[39m
  [36m/>[39m

  Name "Description for change item 563":
  [36m<textarea[39m
    [33maria-describedby[39m=[32m"change-item-562-desc-help"[39m
    [33maria-invalid[39m=[32m"false"[39m
    [33maria-label[39m=[32m"Description for change item 563"[39m
    [33mclass[39m=[32m"MuiInputBase-input MuiOutlinedInput-input css-w4nesw-MuiInputBase-input-MuiOutlinedInput-input"[39m
    [33mid[39m=[32m"_r_1r3_"[39m
    [33mmaxlength[39m=[32m"500"[39m
    [33mrequired[39m=[32m""[39m
    [33mrows[39m=[32m"3"[39m
    [33mstyle[39m=[32m"height: 0px; overflow: hidden;"[39m
  [36m/>[39m

  Name "Jira number for change item 564":
  [36m<input[39m
    [33maria-describedby[39m=[32m"change-item-563-jira-help"[39m
    [33maria-invalid[39m=[32m"false"[39m
    [33maria-label[39m=[32m"Jira number for change item 564"[39m
    [33mclass[39m=[32m"MuiInputBase-input MuiOutlinedInput-input css-16wblaj-MuiInputBase-input-MuiOutlinedInput-input"[39m
    [33mid[39m=[32m"_r_1r5_"[39m
    [33mmaxlength[39m=[32m"50"[39m
    [33mrequired[39m=[32m""[39m
    [33mtype[39m=[32m"text"[39m
    [33mvalue[39m=[32m"JIRA-0564"[39m
  [36m/>[39m

  Name "Description for change item 564":
  [36m<textarea[39m
    [33maria-describedby[39m=[32m"change-item-563-desc-help"[39m
    [33maria-invalid[39m=[32m"false"[39m
    [33maria-label[39m=[32m"Description for change item 564"[39m
    [33mclass[39m=[32m"MuiInputBase-input MuiOutlinedInput-input css-w4nesw-MuiInputBase-input-MuiOutlinedInput-input"[39m
    [33mid[39m=[32m"_r_1r6_"[39m
    [33mmaxlength[39m=[32m"500"[39m
    [33mrequired[39m=[32m""[39m
    [33mrows[39m=[32m"3"[39m
    [33mstyle[39m=[32m"height: 0px; overflow: hidden;"[39m
  [36m/>[39m

  Name "Jira number for change item 565":
  [36m<input[39m
    [33maria-describedby[39m=[32m"change-item-564-jira-help"[39m
    [33maria-invalid[39m=[32m"false"[39m
    [33maria-label[39m=[32m"Jira number for change item 565"[39m
    [33mclass[39m=[32m"MuiInputBase-input MuiOutlinedInput-input css-16wblaj-MuiInputBase-input-MuiOutlinedInput-input"[39m
    [33mid[39m=[32m"_r_1r8_"[39m
    [33mmaxlength[39m=[32m"50"[39m
    [33mrequired[39m=[32m""[39m
    [33mtype[39m=[32m"text"[39m
    [33mvalue[39m=[32m"JIRA-0565"[39m
  [36m/>[39m

  Name "Description for change item 565":
  [36m<textarea[39m
    [33maria-describedby[39m=[32m"change-item-564-desc-help"[39m
    [33maria-invalid[39m=[32m"false"[39m
    [33maria-label[39m=[32m"Description for change item 565"[39m
    [33mclass[39m=[32m"MuiInputBase-input MuiOutlinedInput-input css-w4nesw-MuiInputBase-input-MuiOutlinedInput-input"[39m
    [33mid[39m=[32m"_r_1r9_"[39m
    [33mmaxlength[39m=[32m"500"[39m
    [33mrequired[39m=[32m""[39m
    [33mrows[39m=[32m"3"[39m
    [33mstyle[39m=[32m"height: 0px; overflow: hidden;"[39m
  [36m/>[39m

  Name "Jira number for change item 566":
  [36m<input[39m
    [33maria-describedby[39m=[32m"change-item-565-jira-help"[39m
    [33maria-invalid[39m=[32m"false"[39m
    [33maria-label[39m=[32m"Jira number for change item 566"[39m
    [33mclass[39m=[32m"MuiInputBase-input MuiOutlinedInput-input css-16wblaj-MuiInputBase-input-MuiOutlinedInput-input"[39m
    [33mid[39m=[32m"_r_1rb_"[39m
    [33mmaxlength[39m=[32m"50"[39m
    [33mrequired[39m=[32m""[39m
    [33mtype[39m=[32m"text"[39m
    [33mvalue[39m=[32m"JIRA-0566"[39m
  [36m/>[39m

  Name "Description for change item 566":
  [36m<textarea[39m
    [33maria-describedby[39m=[32m"change-item-565-desc-help"[39m
    [33maria-invalid[39m=[32m"false"[39m
    [33maria-label[39m=[32m"Description for change item 566"[39m
    [33mclass[39m=[32m"MuiInputBase-input MuiOutlinedInput-input css-w4nesw-MuiInputBase-input-MuiOutlinedInput-input"[39m
    [33mid[39m=[32m"_r_1rc_"[39m
    [33mmaxlength[39m=[32m"500"[39m
    [33mrequired[39m=[32m""[39m
    [33mrows[39m=[32m"3"[39m
    [33mstyle[39m=[32m"height: 0px; overflow: hidden;"[39m
  [36m/>[39m

  Name "Jira number for change item 567":
  [36m<input[39m
    [33maria-describedby[39m=[32m"change-item-566-jira-help"[39m
    [33maria-invalid[39m=[32m"false"[39m
    [33maria-label[39m=[32m"Jira number for change item 567"[39m
    [33mclass[39m=[32m"MuiInputBase-input MuiOutlinedInput-input css-16wblaj-MuiInputBase-input-MuiOutlinedInput-input"[39m
    [33mid[39m=[32m"_r_1re_"[39m
    [33mmaxlength[39m=[32m"50"[39m
    [33mrequired[39m=[32m""[39m
    [33mtype[39m=[32m"text"[39m
    [33mvalue[39m=[32m"JIRA-0567"[39m
  [36m/>[39m

  Name "Description for change item 567":
  [36m<textarea[39m
    [33maria-describedby[39m=[32m"change-item-566-desc-help"[39m
    [33maria-invalid[39m=[32m"false"[39m
    [33maria-label[39m=[32m"Description for change item 567"[39m
    [33mclass[39m=[32m"MuiInputBase-input MuiOutlinedInput-input css-w4nesw-MuiInputBase-input-MuiOutlinedInput-input"[39m
    [33mid[39m=[32m"_r_1rf_"[39m
    [33mmaxlength[39m=[32m"500"[39m
    [33mrequired[39m=[32m""[39m
    [33mrows[39m=[32m"3"[39m
    [33mstyle[39m=[32m"height: 0px; overflow: hidden;"[39m
  [36m/>[39m

  Name "Jira number for change item 568":
  [36m<input[39m
    [33maria-describedby[39m=[32m"change-item-567-jira-help"[39m
    [33maria-invalid[39m=[32m"false"[39m
    [33maria-label[39m=[32m"Jira number for change item 568"[39m
    [33mclass[39m=[32m"MuiInputBase-input MuiOutlinedInput-input css-16wblaj-MuiInputBase-input-MuiOutlinedInput-input"[39m
    [33mid[39m=[32m"_r_1rh_"[39m
    [33mmaxlength[39m=[32m"50"[39m
    [33mrequired[39m=[32m""[39m
    [33mtype[39m=[32m"text"[39m
    [33mvalue[39m=[32m"JIRA-0568"[39m
  [36m/>[39m

  Name "Description for change item 568":
  [36m<textarea[39m
    [33maria-describedby[39m=[32m"change-item-567-desc-help"[39m
    [33maria-invalid[39m=[32m"false"[39m
    [33maria-label[39m=[32m"Description for change item 568"[39m
    [33mclass[39m=[32m"MuiInputBase-input MuiOutlinedInput-input css-w4nesw-MuiInputBase-input-MuiOutlinedInput-input"[39m
    [33mid[39m=[32m"_r_1ri_"[39m
    [33mmaxlength[39m=[32m"500"[39m
    [33mrequired[39m=[32m""[39m
    [33mrows[39m=[32m"3"[39m
    [33mstyle[39m=[32m"height: 0px; overflow: hidden;"[39m
  [36m/>[39m

  Name "Jira number for change item 569":
  [36m<input[39m
    [33maria-describedby[39m=[32m"change-item-568-jira-help"[39m
    [33maria-invalid[39m=[32m"false"[39m
    [33maria-label[39m=[32m"Jira number for change item 569"[39m
    [33mclass[39m=[32m"MuiInputBase-input MuiOutlinedInput-input css-16wblaj-MuiInputBase-input-MuiOutlinedInput-input"[39m
    [33mid[39m=[32m"_r_1rk_"[39m
    [33mmaxlength[39m=[32m"50"[39m
    [33mrequired[39m=[32m""[39m
    [33mtype[39m=[32m"text"[39m
    [33mvalue[39m=[32m"JIRA-0569"[39m
  [36m/>[39m

  Name "Description for change item 569":
  [36m<textarea[39m
    [33maria-describedby[39m=[32m"change-item-568-desc-help"[39m
    [33maria-invalid[39m=[32m"false"[39m
    [33maria-label[39m=[32m"Description for change item 569"[39m
    [33mclass[39m=[32m"MuiInputBase-input MuiOutlinedInput-input css-w4nesw-MuiInputBase-input-MuiOutlinedInput-input"[39m
    [33mid[39m=[32m"_r_1rl_"[39m
    [33mmaxlength[39m=[32m"500"[39m
    [33mrequired[39m=[32m""[39m
    [33mrows[39m=[32m"3"[39m
    [33mstyle[39m=[32m"height: 0px; overflow: hidden;"[39m
  [36m/>[39m

  Name "Jira number for change item 570":
  [36m<input[39m
    [33maria-describedby[39m=[32m"change-item-569-jira-help"[39m
    [33maria-invalid[39m=[32m"false"[39m
    [33maria-label[39m=[32m"Jira number for change item 570"[39m
    [33mclass[39m=[32m"MuiInputBase-input MuiOutlinedInput-input css-16wblaj-MuiInputBase-input-MuiOutlinedInput-input"[39m
    [33mid[39m=[32m"_r_1rn_"[39m
    [33mmaxlength[39m=[32m"50"[39m
    [33mrequired[39m=[32m""[39m
    [33mtype[39m=[32m"text"[39m
    [33mvalue[39m=[32m"JIRA-0570"[39m
  [36m/>[39m

  Name "Description for change item 570":
  [36m<textarea[39m
    [33maria-describedby[39m=[32m"change-item-569-desc-help"[39m
    [33maria-invalid[39m=[32m"false"[39m
    [33maria-label[39m=[32m"Description for change item 570"[39m
    [33mclass[39m=[32m"MuiInputBase-input MuiOutlinedInput-input css-w4nesw-MuiInputBase-input-MuiOutlinedInput-input"[39m
    [33mid[39m=[32m"_r_1ro_"[39m
    [33mmaxlength[39m=[32m"500"[39m
    [33mrequired[39m=[32m""[39m
    [33mrows[39m=[32m"3"[39m
    [33mstyle[39m=[32m"height: 0px; overflow: hidden;"[39m
  [36m/>[39m

  Name "Jira number for change item 571":
  [36m<input[39m
    [33maria-describedby[39m=[32m"change-item-570-jira-help"[39m
    [33maria-invalid[39m=[32m"false"[39m
    [33maria-label[39m=[32m"Jira number for change item 571"[39m
    [33mclass[39m=[32m"MuiInputBase-input MuiOutlinedInput-input css-16wblaj-MuiInputBase-input-MuiOutlinedInput-input"[39m
    [33mid[39m=[32m"_r_1rq_"[39m
    [33mmaxlength[39m=[32m"50"[39m
    [33mrequired[39m=[32m""[39m
    [33mtype[39m=[32m"text"[39m
    [33mvalue[39m=[32m"JIRA-0571"[39m
  [36m/>[39m

  Name "Description for change item 571":
  [36m<textarea[39m
    [33maria-describedby[39m=[32m"change-item-570-desc-help"[39m
    [33maria-invalid[39m=[32m"false"[39m
    [33maria-label[39m=[32m"Description for change item 571"[39m
    [33mclass[39m=[32m"MuiInputBase-input MuiOutlinedInput-input css-w4nesw-MuiInputBase-input-MuiOutlinedInput-input"[39m
    [33mid[39m=[32m"_r_1rr_"[39m
    [33mmaxlength[39m=[32m"500"[39m
    [33mrequired[39m=[32m""[39m
    [33mrows[39m=[32m"3"[39m
    [33mstyle[39m=[32m"height: 0px; overflow: hidden;"[39m
  [36m/>[39m

  Name "Jira number for change item 572":
  [36m<input[39m
    [33maria-describedby[39m=[32m"change-item-571-jira-help"[39m
    [33maria-invalid[39m=[32m"false"[39m
    [33maria-label[39m=[32m"Jira number for change item 572"[39m
    [33mclass[39m=[32m"MuiInputBase-input MuiOutlinedInput-input css-16wblaj-MuiInputBase-input-MuiOutlinedInput-input"[39m
    [33mid[39m=[32m"_r_1rt_"[39m
    [33mmaxlength[39m=[32m"50"[39m
    [33mrequired[39m=[32m""[39m
    [33mtype[39m=[32m"text"[39m
    [33mvalue[39m=[32m"JIRA-0572"[39m
  [36m/>[39m

  Name "Description for change item 572":
  [36m<textarea[39m
    [33maria-describedby[39m=[32m"change-item-571-desc-help"[39m
    [33maria-invalid[39m=[32m"false"[39m
    [33maria-label[39m=[32m"Description for change item 572"[39m
    [33mclass[39m=[32m"MuiInputBase-input MuiOutlinedInput-input css-w4nesw-MuiInputBase-input-MuiOutlinedInput-input"[39m
    [33mid[39m=[32m"_r_1ru_"[39m
    [33mmaxlength[39m=[32m"500"[39m
    [33mrequired[39m=[32m""[39m
    [33mrows[39m=[32m"3"[39m
    [33mstyle[39m=[32m"height: 0px; overflow: hidden;"[39m
  [36m/>[39m

  Name "Jira number for change item 573":
  [36m<input[39m
    [33maria-describedby[39m=[32m"change-item-572-jira-help"[39m
    [33maria-invalid[39m=[32m"false"[39m
    [33maria-label[39m=[32m"Jira number for change item 573"[39m
    [33mclass[39m=[32m"MuiInputBase-input MuiOutlinedInput-input css-16wblaj-MuiInputBase-input-MuiOutlinedInput-input"[39m
    [33mid[39m=[32m"_r_1s0_"[39m
    [33mmaxlength[39m=[32m"50"[39m
    [33mrequired[39m=[32m""[39m
    [33mtype[39m=[32m"text"[39m
    [33mvalue[39m=[32m"JIRA-0573"[39m
  [36m/>[39m

  Name "Description for change item 573":
  [36m<textarea[39m
    [33maria-describedby[39m=[32m"change-item-572-desc-help"[39m
    [33maria-invalid[39m=[32m"false"[39m
    [33maria-label[39m=[32m"Description for change item 573"[39m
    [33mclass[39m=[32m"MuiInputBase-input MuiOutlinedInput-input css-w4nesw-MuiInputBase-input-MuiOutlinedInput-input"[39m
    [33mid[39m=[32m"_r_1s1_"[39m
    [33mmaxlength[39m=[32m"500"[39m
    [33mrequired[39m=[32m""[39m
    [33mrows[39m=[32m"3"[39m
    [33mstyle[39m=[32m"height: 0px; overflow: hidden;"[39m
  [36m/>[39m

  Name "Jira number for change item 574":
  [36m<input[39m
    [33maria-describedby[39m=[32m"change-item-573-jira-help"[39m
    [33maria-invalid[39m=[32m"false"[39m
    [33maria-label[39m=[32m"Jira number for change item 574"[39m
    [33mclass[39m=[32m"MuiInputBase-input MuiOutlinedInput-input css-16wblaj-MuiInputBase-input-MuiOutlinedInput-input"[39m
    [33mid[39m=[32m"_r_1s3_"[39m
    [33mmaxlength[39m=[32m"50"[39m
    [33mrequired[39m=[32m""[39m
    [33mtype[39m=[32m"text"[39m
    [33mvalue[39m=[32m"JIRA-0574"[39m
  [36m/>[39m

  Name "Description for change item 574":
  [36m<textarea[39m
    [33maria-describedby[39m=[32m"change-item-573-desc-help"[39m
    [33maria-invalid[39m=[32m"false"[39m
    [33maria-label[39m=[32m"Description for change item 574"[39m
    [33mclass[39m=[32m"MuiInputBase-input MuiOutlinedInput-input css-w4nesw-MuiInputBase-input-MuiOutlinedInput-input"[39m
    [33mid[39m=[32m"_r_1s4_"[39m
    [33mmaxlength[39m=[32m"500"[39m
    [33mrequired[39m=[32m""[39m
    [33mrows[39m=[32m"3"[39m
    [33mstyle[39m=[32m"height: 0px; overflow: hidden;"[39m
  [36m/>[39m

  Name "Jira number for change item 575":
  [36m<input[39m
    [33maria-describedby[39m=[32m"change-item-574-jira-help"[39m
    [33maria-invalid[39m=[32m"false"[39m
    [33maria-label[39m=[32m"Jira number for change item 575"[39m
    [33mclass[39m=[32m"MuiInputBase-input MuiOutlinedInput-input css-16wblaj-MuiInputBase-input-MuiOutlinedInput-input"[39m
    [33mid[39m=[32m"_r_1s6_"[39m
    [33mmaxlength[39m=[32m"50"[39m
    [33mrequired[39m=[32m""[39m
    [33mtype[39m=[32m"text"[39m
    [33mvalue[39m=[32m"JIRA-0575"[39m
  [36m/>[39m

  Name "Description for change item 575":
  [36m<textarea[39m
    [33maria-describedby[39m=[32m"change-item-574-desc-help"[39m
    [33maria-invalid[39m=[32m"false"[39m
    [33maria-label[39m=[32m"Description for change item 575"[39m
    [33mclass[39m=[32m"MuiInputBase-input MuiOutlinedInput-input css-w4nesw-MuiInputBase-input-MuiOutlinedInput-input"[39m
    [33mid[39m=[32m"_r_1s7_"[39m
    [33mmaxlength[39m=[32m"500"[39m
    [33mrequired[39m=[32m""[39m
    [33mrows[39m=[32m"3"[39m
    [33mstyle[39m=[32m"height: 0px; overflow: hidden;"[39m
  [36m/>[39m

  Name "Jira number for change item 576":
  [36m<input[39m
    [33maria-describedby[39m=[32m"change-item-575-jira-help"[39m
    [33maria-invalid[39m=[32m"false"[39m
    [33maria-label[39m=[32m"Jira number for change item 576"[39m
    [33mclass[39m=[32m"MuiInputBase-input MuiOutlinedInput-input css-16wblaj-MuiInputBase-input-MuiOutlinedInput-input"[39m
    [33mid[39m=[32m"_r_1s9_"[39m
    [33mmaxlength[39m=[32m"50"[39m
    [33mrequired[39m=[32m""[39m
    [33mtype[39m=[32m"text"[39m
    [33mvalue[39m=[32m"JIRA-0576"[39m
  [36m/>[39m

  Name "Description for change item 576":
  [36m<textarea[39m
    [33maria-describedby[39m=[32m"change-item-575-desc-help"[39m
    [33maria-invalid[39m=[32m"false"[39m
    [33maria-label[39m=[32m"Description for change item 576"[39m
    [33mclass[39m=[32m"MuiInputBase-input MuiOutlinedInput-input css-w4nesw-MuiInputBase-input-MuiOutlinedInput-input"[39m
    [33mid[39m=[32m"_r_1sa_"[39m
    [33mmaxlength[39m=[32m"500"[39m
    [33mrequired[39m=[32m""[39m
    [33mrows[39m=[32m"3"[39m
    [33mstyle[39m=[32m"height: 0px; overflow: hidden;"[39m
  [36m/>[39m

  Name "Jira number for change item 577":
  [36m<input[39m
    [33maria-describedby[39m=[32m"change-item-576-jira-help"[39m
    [33maria-invalid[39m=[32m"false"[39m
    [33maria-label[39m=[32m"Jira number for change item 577"[39m
    [33mclass[39m=[32m"MuiInputBase-input MuiOutlinedInput-input css-16wblaj-MuiInputBase-input-MuiOutlinedInput-input"[39m
    [33mid[39m=[32m"_r_1sc_"[39m
    [33mmaxlength[39m=[32m"50"[39m
    [33mrequired[39m=[32m""[39m
    [33mtype[39m=[32m"text"[39m
    [33mvalue[39m=[32m"JIRA-0577"[39m
  [36m/>[39m

  Name "Description for change item 577":
  [36m<textarea[39m
    [33maria-describedby[39m=[32m"change-item-576-desc-help"[39m
    [33maria-invalid[39m=[32m"false"[39m
    [33maria-label[39m=[32m"Description for change item 577"[39m
    [33mclass[39m=[32m"MuiInputBase-input MuiOutlinedInput-input css-w4nesw-MuiInputBase-input-MuiOutlinedInput-input"[39m
    [33mid[39m=[32m"_r_1sd_"[39m
    [33mmaxlength[39m=[32m"500"[39m
    [33mrequired[39m=[32m""[39m
    [33mrows[39m=[32m"3"[39m
    [33mstyle[39m=[32m"height: 0px; overflow: hidden;"[39m
  [36m/>[39m

  Name "Jira number for change item 578":
  [36m<input[39m
    [33maria-describedby[39m=[32m"change-item-577-jira-help"[39m
    [33maria-invalid[39m=[32m"false"[39m
    [33maria-label[39m=[32m"Jira number for change item 578"[39m
    [33mclass[39m=[32m"MuiInputBase-input MuiOutlinedInput-input css-16wblaj-MuiInputBase-input-MuiOutlinedInput-input"[39m
    [33mid[39m=[32m"_r_1sf_"[39m
    [33mmaxlength[39m=[32m"50"[39m
    [33mrequired[39m=[32m""[39m
    [33mtype[39m=[32m"text"[39m
    [33mvalue[39m=[32m"JIRA-0578"[39m
  [36m/>[39m

  Name "Description for change item 578":
  [36m<textarea[39m
    [33maria-describedby[39m=[32m"change-item-577-desc-help"[39m
    [33maria-invalid[39m=[32m"false"[39m
    [33maria-label[39m=[32m"Description for change item 578"[39m
    [33mclass[39m=[32m"MuiInputBase-input MuiOutlinedInput-input css-w4nesw-MuiInputBase-input-MuiOutlinedInput-input"[39m
    [33mid[39m=[32m"_r_1sg_"[39m
    [33mmaxlength[39m=[32m"500"[39m
    [33mrequired[39m=[32m""[39m
    [33mrows[39m=[32m"3"[39m
    [33mstyle[39m=[32m"height: 0px; overflow: hidden;"[39m
  [36m/>[39m

  Name "Jira number for change item 579":
  [36m<input[39m
    [33maria-describedby[39m=[32m"change-item-578-jira-help"[39m
    [33maria-invalid[39m=[32m"false"[39m
    [33maria-label[39m=[32m"Jira number for change item 579"[39m
    [33mclass[39m=[32m"MuiInputBase-input MuiOutlinedInput-input css-16wblaj-MuiInputBase-input-MuiOutlinedInput-input"[39m
    [33mid[39m=[32m"_r_1si_"[39m
    [33mmaxlength[39m=[32m"50"[39m
    [33mrequired[39m=[32m""[39m
    [33mtype[39m=[32m"text"[39m
    [33mvalue[39m=[32m"JIRA-0579"[39m
  [36m/>[39m

  Name "Description for change item 579":
  [36m<textarea[39m
    [33maria-describedby[39m=[32m"change-item-578-desc-help"[39m
    [33maria-invalid[39m=[32m"false"[39m
    [33maria-label[39m=[32m"Description for change item 579"[39m
    [33mclass[39m=[32m"MuiInputBase-input MuiOutlinedInput-input css-w4nesw-MuiInputBase-input-MuiOutlinedInput-input"[39m
    [33mid[39m=[32m"_r_1sj_"[39m
    [33mmaxlength[39m=[32m"500"[39m
    [33mrequired[39m=[32m""[39m
    [33mrows[39m=[32m"3"[39m
    [33mstyle[39m=[32m"height: 0px; overflow: hidden;"[39m
  [36m/>[39m

  Name "Jira number for change item 580":
  [36m<input[39m
    [33maria-describedby[39m=[32m"change-item-579-jira-help"[39m
    [33maria-invalid[39m=[32m"false"[39m
    [33maria-label[39m=[32m"Jira number for change item 580"[39m
    [33mclass[39m=[32m"MuiInputBase-input MuiOutlinedInput-input css-16wblaj-MuiInputBase-input-MuiOutlinedInput-input"[39m
    [33mid[39m=[32m"_r_1sl_"[39m
    [33mmaxlength[39m=[32m"50"[39m
    [33mrequired[39m=[32m""[39m
    [33mtype[39m=[32m"text"[39m
    [33mvalue[39m=[32m"JIRA-0580"[39m
  [36m/>[39m

  Name "Description for change item 580":
  [36m<textarea[39m
    [33maria-describedby[39m=[32m"change-item-579-desc-help"[39m
    [33maria-invalid[39m=[32m"false"[39m
    [33maria-label[39m=[32m"Description for change item 580"[39m
    [33mclass[39m=[32m"MuiInputBase-input MuiOutlinedInput-input css-w4nesw-MuiInputBase-input-MuiOutlinedInput-input"[39m
    [33mid[39m=[32m"_r_1sm_"[39m
    [33mmaxlength[39m=[32m"500"[39m
    [33mrequired[39m=[32m""[39m
    [33mrows[39m=[32m"3"[39m
    [33mstyle[39m=[32m"height: 0px; overflow: hidden;"[39m
  [36m/>[39m

  Name "Jira number for change item 581":
  [36m<input[39m
    [33maria-describedby[39m=[32m"change-item-580-jira-help"[39m
    [33maria-invalid[39m=[32m"false"[39m
    [33maria-label[39m=[32m"Jira number for change item 581"[39m
    [33mclass[39m=[32m"MuiInputBase-input MuiOutlinedInput-input css-16wblaj-MuiInputBase-input-MuiOutlinedInput-input"[39m
    [33mid[39m=[32m"_r_1so_"[39m
    [33mmaxlength[39m=[32m"50"[39m
    [33mrequired[39m=[32m""[39m
    [33mtype[39m=[32m"text"[39m
    [33mvalue[39m=[32m"JIRA-0581"[39m
  [36m/>[39m

  Name "Description for change item 581":
  [36m<textarea[39m
    [33maria-describedby[39m=[32m"change-item-580-desc-help"[39m
    [33maria-invalid[39m=[32m"false"[39m
    [33maria-label[39m=[32m"Description for change item 581"[39m
    [33mclass[39m=[32m"MuiInputBase-input MuiOutlinedInput-input css-w4nesw-MuiInputBase-input-MuiOutlinedInput-input"[39m
    [33mid[39m=[32m"_r_1sp_"[39m
    [33mmaxlength[39m=[32m"500"[39m
    [33mrequired[39m=[32m""[39m
    [33mrows[39m=[32m"3"[39m
    [33mstyle[39m=[32m"height: 0px; overflow: hidden;"[39m
  [36m/>[39m

  Name "Jira number for change item 582":
  [36m<input[39m
    [33maria-describedby[39m=[32m"change-item-581-jira-help"[39m
    [33maria-invalid[39m=[32m"false"[39m
    [33maria-label[39m=[32m"Jira number for change item 582"[39m
    [33mclass[39m=[32m"MuiInputBase-input MuiOutlinedInput-input css-16wblaj-MuiInputBase-input-MuiOutlinedInput-input"[39m
    [33mid[39m=[32m"_r_1sr_"[39m
    [33mmaxlength[39m=[32m"50"[39m
    [33mrequired[39m=[32m""[39m
    [33mtype[39m=[32m"text"[39m
    [33mvalue[39m=[32m"JIRA-0582"[39m
  [36m/>[39m

  Name "Description for change item 582":
  [36m<textarea[39m
    [33maria-describedby[39m=[32m"change-item-581-desc-help"[39m
    [33maria-invalid[39m=[32m"false"[39m
    [33maria-label[39m=[32m"Description for change item 582"[39m
    [33mclass[39m=[32m"MuiInputBase-input MuiOutlinedInput-input css-w4nesw-MuiInputBase-input-MuiOutlinedInput-input"[39m
    [33mid[39m=[32m"_r_1ss_"[39m
    [33mmaxlength[39m=[32m"500"[39m
    [33mrequired[39m=[32m""[39m
    [33mrows[39m=[32m"3"[39m
    [33mstyle[39m=[32m"height: 0px; overflow: hidden;"[39m
  [36m/>[39m

  Name "Jira number for change item 583":
  [36m<input[39m
    [33maria-describedby[39m=[32m"change-item-582-jira-help"[39m
    [33maria-invalid[39m=[32m"false"[39m
    [33maria-label[39m=[32m"Jira number for change item 583"[39m
    [33mclass[39m=[32m"MuiInputBase-input MuiOutlinedInput-input css-16wblaj-MuiInputBase-input-MuiOutlinedInput-input"[39m
    [33mid[39m=[32m"_r_1su_"[39m
    [33mmaxlength[39m=[32m"50"[39m
    [33mrequired[39m=[32m""[39m
    [33mtype[39m=[32m"text"[39m
    [33mvalue[39m=[32m"JIRA-0583"[39m
  [36m/>[39m

  Name "Description for change item 583":
  [36m<textarea[39m
    [33maria-describedby[39m=[32m"change-item-582-desc-help"[39m
    [33maria-invalid[39m=[32m"false"[39m
    [33maria-label[39m=[32m"Description for change item 583"[39m
    [33mclass[39m=[32m"MuiInputBase-input MuiOutlinedInput-input css-w4nesw-MuiInputBase-input-MuiOutlinedInput-input"[39m
    [33mid[39m=[32m"_r_1sv_"[39m
    [33mmaxlength[39m=[32m"500"[39m
    [33mrequired[39m=[32m""[39m
    [33mrows[39m=[32m"3"[39m
    [33mstyle[39m=[32m"height: 0px; overflow: hidden;"[39m
  [36m/>[39m

  Name "Jira number for change item 584":
  [36m<input[39m
    [33maria-describedby[39m=[32m"change-item-583-jira-help"[39m
    [33maria-invalid[39m=[32m"false"[39m
    [33maria-label[39m=[32m"Jira number for change item 584"[39m
    [33mclass[39m=[32m"MuiInputBase-input MuiOutlinedInput-input css-16wblaj-MuiInputBase-input-MuiOutlinedInput-input"[39m
    [33mid[39m=[32m"_r_1t1_"[39m
    [33mmaxlength[39m=[32m"50"[39m
    [33mrequired[39m=[32m""[39m
    [33mtype[39m=[32m"text"[39m
    [33mvalue[39m=[32m"JIRA-0584"[39m
  [36m/>[39m

  Name "Description for change item 584":
  [36m<textarea[39m
    [33maria-describedby[39m=[32m"change-item-583-desc-help"[39m
    [33maria-invalid[39m=[32m"false"[39m
    [33maria-label[39m=[32m"Description for change item 584"[39m
    [33mclass[39m=[32m"MuiInputBase-input MuiOutlinedInput-input css-w4nesw-MuiInputBase-input-MuiOutlinedInput-input"[39m
    [33mid[39m=[32m"_r_1t2_"[39m
    [33mmaxlength[39m=[32m"500"[39m
    [33mrequired[39m=[32m""[39m
    [33mrows[39m=[32m"3"[39m
    [33mstyle[39m=[32m"height: 0px; overflow: hidden;"[39m
  [36m/>[39m

  Name "Jira number for change item 585":
  [36m<input[39m
    [33maria-describedby[39m=[32m"change-item-584-jira-help"[39m
    [33maria-invalid[39m=[32m"false"[39m
    [33maria-label[39m=[32m"Jira number for change item 585"[39m
    [33mclass[39m=[32m"MuiInputBase-input MuiOutlinedInput-input css-16wblaj-MuiInputBase-input-MuiOutlinedInput-input"[39m
    [33mid[39m=[32m"_r_1t4_"[39m
    [33mmaxlength[39m=[32m"50"[39m
    [33mrequired[39m=[32m""[39m
    [33mtype[39m=[32m"text"[39m
    [33mvalue[39m=[32m"JIRA-0585"[39m
  [36m/>[39m

  Name "Description for change item 585":
  [36m<textarea[39m
    [33maria-describedby[39m=[32m"change-item-584-desc-help"[39m
    [33maria-invalid[39m=[32m"false"[39m
    [33maria-label[39m=[32m"Description for change item 585"[39m
    [33mclass[39m=[32m"MuiInputBase-input MuiOutlinedInput-input css-w4nesw-MuiInputBase-input-MuiOutlinedInput-input"[39m
    [33mid[39m=[32m"_r_1t5_"[39m
    [33mmaxlength[39m=[32m"500"[39m
    [33mrequired[39m=[32m""[39m
    [33mrows[39m=[32m"3"[39m
    [33mstyle[39m=[32m"height: 0px; overflow: hidden;"[39m
  [36m/>[39m

  Name "Jira number for change item 586":
  [36m<input[39m
    [33maria-describedby[39m=[32m"change-item-585-jira-help"[39m
    [33maria-invalid[39m=[32m"false"[39m
    [33maria-label[39m=[32m"Jira number for change item 586"[39m
    [33mclass[39m=[32m"MuiInputBase-input MuiOutlinedInput-input css-16wblaj-MuiInputBase-input-MuiOutlinedInput-input"[39m
    [33mid[39m=[32m"_r_1t7_"[39m
    [33mmaxlength[39m=[32m"50"[39m
    [33mrequired[39m=[32m""[39m
    [33mtype[39m=[32m"text"[39m
    [33mvalue[39m=[32m"JIRA-0586"[39m
  [36m/>[39m

  Name "Description for change item 586":
  [36m<textarea[39m
    [33maria-describedby[39m=[32m"change-item-585-desc-help"[39m
    [33maria-invalid[39m=[32m"false"[39m
    [33maria-label[39m=[32m"Description for change item 586"[39m
    [33mclass[39m=[32m"MuiInputBase-input MuiOutlinedInput-input css-w4nesw-MuiInputBase-input-MuiOutlinedInput-input"[39m
    [33mid[39m=[32m"_r_1t8_"[39m
    [33mmaxlength[39m=[32m"500"[39m
    [33mrequired[39m=[32m""[39m
    [33mrows[39m=[32m"3"[39m
    [33mstyle[39m=[32m"height: 0px; overflow: hidden;"[39m
  [36m/>[39m

  Name "Jira number for change item 587":
  [36m<input[39m
    [33maria-describedby[39m=[32m"change-item-586-jira-help"[39m
    [33maria-invalid[39m=[32m"false"[39m
    [33maria-label[39m=[32m"Jira number for change item 587"[39m
    [33mclass[39m=[32m"MuiInputBase-input MuiOutlinedInput-input css-16wblaj-MuiInputBase-input-MuiOutlinedInput-input"[39m
    [33mid[39m=[32m"_r_1ta_"[39m
    [33mmaxlength[39m=[32m"50"[39m
    [33mrequired[39m=[32m""[39m
    [33mtype[39m=[32m"text"[39m
    [33mvalue[39m=[32m"JIRA-0587"[39m
  [36m/>[39m

  Name "Description for change item 587":
  [36m<textarea[39m
    [33maria-describedby[39m=[32m"change-item-586-desc-help"[39m
    [33maria-invalid[39m=[32m"false"[39m
    [33maria-label[39m=[32m"Description for change item 587"[39m
    [33mclass[39m=[32m"MuiInputBase-input MuiOutlinedInput-input css-w4nesw-MuiInputBase-input-MuiOutlinedInput-input"[39m
    [33mid[39m=[32m"_r_1tb_"[39m
    [33mmaxlength[39m=[32m"500"[39m
    [33mrequired[39m=[32m""[39m
    [33mrows[39m=[32m"3"[39m
    [33mstyle[39m=[32m"height: 0px; overflow: hidden;"[39m
  [36m/>[39m

  Name "Jira number for change item 588":
  [36m<input[39m
    [33maria-describedby[39m=[32m"change-item-587-jira-help"[39m
    [33maria-invalid[39m=[32m"false"[39m
    [33maria-label[39m=[32m"Jira number for change item 588"[39m
    [33mclass[39m=[32m"MuiInputBase-input MuiOutlinedInput-input css-16wblaj-MuiInputBase-input-MuiOutlinedInput-input"[39m
    [33mid[39m=[32m"_r_1td_"[39m
    [33mmaxlength[39m=[32m"50"[39m
    [33mrequired[39m=[32m""[39m
    [33mtype[39m=[32m"text"[39m
    [33mvalue[39m=[32m"JIRA-0588"[39m
  [36m/>[39m

  Name "Description for change item 588":
  [36m<textarea[39m
    [33maria-describedby[39m=[32m"change-item-587-desc-help"[39m
    [33maria-invalid[39m=[32m"false"[39m
    [33maria-label[39m=[32m"Description for change item 588"[39m
    [33mclass[39m=[32m"MuiInputBase-input MuiOutlinedInput-input css-w4nesw-MuiInputBase-input-MuiOutlinedInput-input"[39m
    [33mid[39m=[32m"_r_1te_"[39m
    [33mmaxlength[39m=[32m"500"[39m
    [33mrequired[39m=[32m""[39m
    [33mrows[39m=[32m"3"[39m
    [33mstyle[39m=[32m"height: 0px; overflow: hidden;"[39m
  [36m/>[39m

  Name "Jira number for change item 589":
  [36m<input[39m
    [33maria-describedby[39m=[32m"change-item-588-jira-help"[39m
    [33maria-invalid[39m=[32m"false"[39m
    [33maria-label[39m=[32m"Jira number for change item 589"[39m
    [33mclass[39m=[32m"MuiInputBase-input MuiOutlinedInput-input css-16wblaj-MuiInputBase-input-MuiOutlinedInput-input"[39m
    [33mid[39m=[32m"_r_1tg_"[39m
    [33mmaxlength[39m=[32m"50"[39m
    [33mrequired[39m=[32m""[39m
    [33mtype[39m=[32m"text"[39m
    [33mvalue[39m=[32m"JIRA-0589"[39m
  [36m/>[39m

  Name "Description for change item 589":
  [36m<textarea[39m
    [33maria-describedby[39m=[32m"change-item-588-desc-help"[39m
    [33maria-invalid[39m=[32m"false"[39m
    [33maria-label[39m=[32m"Description for change item 589"[39m
    [33mclass[39m=[32m"MuiInputBase-input MuiOutlinedInput-input css-w4nesw-MuiInputBase-input-MuiOutlinedInput-input"[39m
    [33mid[39m=[32m"_r_1th_"[39m
    [33mmaxlength[39m=[32m"500"[39m
    [33mrequired[39m=[32m""[39m
    [33mrows[39m=[32m"3"[39m
    [33mstyle[39m=[32m"height: 0px; overflow: hidden;"[39m
  [36m/>[39m

  Name "Jira number for change item 590":
  [36m<input[39m
    [33maria-describedby[39m=[32m"change-item-589-jira-help"[39m
    [33maria-invalid[39m=[32m"false"[39m
    [33maria-label[39m=[32m"Jira number for change item 590"[39m
    [33mclass[39m=[32m"MuiInputBase-input MuiOutlinedInput-input css-16wblaj-MuiInputBase-input-MuiOutlinedInput-input"[39m
    [33mid[39m=[32m"_r_1tj_"[39m
    [33mmaxlength[39m=[32m"50"[39m
    [33mrequired[39m=[32m""[39m
    [33mtype[39m=[32m"text"[39m
    [33mvalue[39m=[32m"JIRA-0590"[39m
  [36m/>[39m

  Name "Description for change item 590":
  [36m<textarea[39m
    [33maria-describedby[39m=[32m"change-item-589-desc-help"[39m
    [33maria-invalid[39m=[32m"false"[39m
    [33maria-label[39m=[32m"Description for change item 590"[39m
    [33mclass[39m=[32m"MuiInputBase-input MuiOutlinedInput-input css-w4nesw-MuiInputBase-input-MuiOutlinedInput-input"[39m
    [33mid[39m=[32m"_r_1tk_"[39m
    [33mmaxlength[39m=[32m"500"[39m
    [33mrequired[39m=[32m""[39m
    [33mrows[39m=[32m"3"[39m
    [33mstyle[39m=[32m"height: 0px; overflow: hidden;"[39m
  [36m/>[39m

  Name "Jira number for change item 591":
  [36m<input[39m
    [33maria-describedby[39m=[32m"change-item-590-jira-help"[39m
    [33maria-invalid[39m=[32m"false"[39m
    [33maria-label[39m=[32m"Jira number for change item 591"[39m
    [33mclass[39m=[32m"MuiInputBase-input MuiOutlinedInput-input css-16wblaj-MuiInputBase-input-MuiOutlinedInput-input"[39m
    [33mid[39m=[32m"_r_1tm_"[39m
    [33mmaxlength[39m=[32m"50"[39m
    [33mrequired[39m=[32m""[39m
    [33mtype[39m=[32m"text"[39m
    [33mvalue[39m=[32m"JIRA-0591"[39m
  [36m/>[39m

  Name "Description for change item 591":
  [36m<textarea[39m
    [33maria-describedby[39m=[32m"change-item-590-desc-help"[39m
    [33maria-invalid[39m=[32m"false"[39m
    [33maria-label[39m=[32m"Description for change item 591"[39m
    [33mclass[39m=[32m"MuiInputBase-input MuiOutlinedInput-input css-w4nesw-MuiInputBase-input-MuiOutlinedInput-input"[39m
    [33mid[39m=[32m"_r_1tn_"[39m
    [33mmaxlength[39m=[32m"500"[39m
    [33mrequired[39m=[32m""[39m
    [33mrows[39m=[32m"3"[39m
    [33mstyle[39m=[32m"height: 0px; overflow: hidden;"[39m
  [36m/>[39m

  Name "Jira number for change item 592":
  [36m<input[39m
    [33maria-describedby[39m=[32m"change-item-591-jira-help"[39m
    [33maria-invalid[39m=[32m"false"[39m
    [33maria-label[39m=[32m"Jira number for change item 592"[39m
    [33mclass[39m=[32m"MuiInputBase-input MuiOutlinedInput-input css-16wblaj-MuiInputBase-input-MuiOutlinedInput-input"[39m
    [33mid[39m=[32m"_r_1tp_"[39m
    [33mmaxlength[39m=[32m"50"[39m
    [33mrequired[39m=[32m""[39m
    [33mtype[39m=[32m"text"[39m
    [33mvalue[39m=[32m"JIRA-0592"[39m
  [36m/>[39m

  Name "Description for change item 592":
  [36m<textarea[39m
    [33maria-describedby[39m=[32m"change-item-591-desc-help"[39m
    [33maria-invalid[39m=[32m"false"[39m
    [33maria-label[39m=[32m"Description for change item 592"[39m
    [33mclass[39m=[32m"MuiInputBase-input MuiOutlinedInput-input css-w4nesw-MuiInputBase-input-MuiOutlinedInput-input"[39m
    [33mid[39m=[32m"_r_1tq_"[39m
    [33mmaxlength[39m=[32m"500"[39m
    [33mrequired[39m=[32m""[39m
    [33mrows[39m=[32m"3"[39m
    [33mstyle[39m=[32m"height: 0px; overflow: hidden;"[39m
  [36m/>[39m

  Name "Jira number for change item 593":
  [36m<input[39m
    [33maria-describedby[39m=[32m"change-item-592-jira-help"[39m
    [33maria-invalid[39m=[32m"false"[39m
    [33maria-label[39m=[32m"Jira number for change item 593"[39m
    [33mclass[39m=[32m"MuiInputBase-input MuiOutlinedInput-input css-16wblaj-MuiInputBase-input-MuiOutlinedInput-input"[39m
    [33mid[39m=[32m"_r_1ts_"[39m
    [33mmaxlength[39m=[32m"50"[39m
    [33mrequired[39m=[32m""[39m
    [33mtype[39m=[32m"text"[39m
    [33mvalue[39m=[32m"JIRA-0593"[39m
  [36m/>[39m

  Name "Description for change item 593":
  [36m<textarea[39m
    [33maria-describedby[39m=[32m"change-item-592-desc-help"[39m
    [33maria-invalid[39m=[32m"false"[39m
    [33maria-label[39m=[32m"Description for change item 593"[39m
    [33mclass[39m=[32m"MuiInputBase-input MuiOutlinedInput-input css-w4nesw-MuiInputBase-input-MuiOutlinedInput-input"[39m
    [33mid[39m=[32m"_r_1tt_"[39m
    [33mmaxlength[39m=[32m"500"[39m
    [33mrequired[39m=[32m""[39m
    [33mrows[39m=[32m"3"[39m
    [33mstyle[39m=[32m"height: 0px; overflow: hidden;"[39m
  [36m/>[39m

  Name "Jira number for change item 594":
  [36m<input[39m
    [33maria-describedby[39m=[32m"change-item-593-jira-help"[39m
    [33maria-invalid[39m=[32m"false"[39m
    [33maria-label[39m=[32m"Jira number for change item 594"[39m
    [33mclass[39m=[32m"MuiInputBase-input MuiOutlinedInput-input css-16wblaj-MuiInputBase-input-MuiOutlinedInput-input"[39m
    [33mid[39m=[32m"_r_1tv_"[39m
    [33mmaxlength[39m=[32m"50"[39m
    [33mrequired[39m=[32m""[39m
    [33mtype[39m=[32m"text"[39m
    [33mvalue[39m=[32m"JIRA-0594"[39m
  [36m/>[39m

  Name "Description for change item 594":
  [36m<textarea[39m
    [33maria-describedby[39m=[32m"change-item-593-desc-help"[39m
    [33maria-invalid[39m=[32m"false"[39m
    [33maria-label[39m=[32m"Description for change item 594"[39m
    [33mclass[39m=[32m"MuiInputBase-input MuiOutlinedInput-input css-w4nesw-MuiInputBase-input-MuiOutlinedInput-input"[39m
    [33mid[39m=[32m"_r_1u0_"[39m
    [33mmaxlength[39m=[32m"500"[39m
    [33mrequired[39m=[32m""[39m
    [33mrows[39m=[32m"3"[39m
    [33mstyle[39m=[32m"height: 0px; overflow: hidden;"[39m
  [36m/>[39m

  Name "Jira number for change item 595":
  [36m<input[39m
    [33maria-describedby[39m=[32m"change-item-594-jira-help"[39m
    [33maria-invalid[39m=[32m"false"[39m
    [33maria-label[39m=[32m"Jira number for change item 595"[39m
    [33mclass[39m=[32m"MuiInputBase-input MuiOutlinedInput-input css-16wblaj-MuiInputBase-input-MuiOutlinedInput-input"[39m
    [33mid[39m=[32m"_r_1u2_"[39m
    [33mmaxlength[39m=[32m"50"[39m
    [33mrequired[39m=[32m""[39m
    [33mtype[39m=[32m"text"[39m
    [33mvalue[39m=[32m"JIRA-0595"[39m
  [36m/>[39m

  Name "Description for change item 595":
  [36m<textarea[39m
    [33maria-describedby[39m=[32m"change-item-594-desc-help"[39m
    [33maria-invalid[39m=[32m"false"[39m
    [33maria-label[39m=[32m"Description for change item 595"[39m
    [33mclass[39m=[32m"MuiInputBase-input MuiOutlinedInput-input css-w4nesw-MuiInputBase-input-MuiOutlinedInput-input"[39m
    [33mid[39m=[32m"_r_1u3_"[39m
    [33mmaxlength[39m=[32m"500"[39m
    [33mrequired[39m=[32m""[39m
    [33mrows[39m=[32m"3"[39m
    [33mstyle[39m=[32m"height: 0px; overflow: hidden;"[39m
  [36m/>[39m

  Name "Jira number for change item 596":
  [36m<input[39m
    [33maria-describedby[39m=[32m"change-item-595-jira-help"[39m
    [33maria-invalid[39m=[32m"false"[39m
    [33maria-label[39m=[32m"Jira number for change item 596"[39m
    [33mclass[39m=[32m"MuiInputBase-input MuiOutlinedInput-input css-16wblaj-MuiInputBase-input-MuiOutlinedInput-input"[39m
    [33mid[39m=[32m"_r_1u5_"[39m
    [33mmaxlength[39m=[32m"50"[39m
    [33mrequired[39m=[32m""[39m
    [33mtype[39m=[32m"text"[39m
    [33mvalue[39m=[32m"JIRA-0596"[39m
  [36m/>[39m

  Name "Description for change item 596":
  [36m<textarea[39m
    [33maria-describedby[39m=[32m"change-item-595-desc-help"[39m
    [33maria-invalid[39m=[32m"false"[39m
    [33maria-label[39m=[32m"Description for change item 596"[39m
    [33mclass[39m=[32m"MuiInputBase-input MuiOutlinedInput-input css-w4nesw-MuiInputBase-input-MuiOutlinedInput-input"[39m
    [33mid[39m=[32m"_r_1u6_"[39m
    [33mmaxlength[39m=[32m"500"[39m
    [33mrequired[39m=[32m""[39m
    [33mrows[39m=[32m"3"[39m
    [33mstyle[39m=[32m"height: 0px; overflow: hidden;"[39m
  [36m/>[39m

  Name "Jira number for change item 597":
  [36m<input[39m
    [33maria-describedby[39m=[32m"change-item-596-jira-help"[39m
    [33maria-invalid[39m=[32m"false"[39m
    [33maria-label[39m=[32m"Jira number for change item 597"[39m
    [33mclass[39m=[32m"MuiInputBase-input MuiOutlinedInput-input css-16wblaj-MuiInputBase-input-MuiOutlinedInput-input"[39m
    [33mid[39m=[32m"_r_1u8_"[39m
    [33mmaxlength[39m=[32m"50"[39m
    [33mrequired[39m=[32m""[39m
    [33mtype[39m=[32m"text"[39m
    [33mvalue[39m=[32m"JIRA-0597"[39m
  [36m/>[39m

  Name "Description for change item 597":
  [36m<textarea[39m
    [33maria-describedby[39m=[32m"change-item-596-desc-help"[39m
    [33maria-invalid[39m=[32m"false"[39m
    [33maria-label[39m=[32m"Description for change item 597"[39m
    [33mclass[39m=[32m"MuiInputBase-input MuiOutlinedInput-input css-w4nesw-MuiInputBase-input-MuiOutlinedInput-input"[39m
    [33mid[39m=[32m"_r_1u9_"[39m
    [33mmaxlength[39m=[32m"500"[39m
    [33mrequired[39m=[32m""[39m
    [33mrows[39m=[32m"3"[39m
    [33mstyle[39m=[32m"height: 0px; overflow: hidden;"[39m
  [36m/>[39m

  Name "Jira number for change item 598":
  [36m<input[39m
    [33maria-describedby[39m=[32m"change-item-597-jira-help"[39m
    [33maria-invalid[39m=[32m"false"[39m
    [33maria-label[39m=[32m"Jira number for change item 598"[39m
    [33mclass[39m=[32m"MuiInputBase-input MuiOutlinedInput-input css-16wblaj-MuiInputBase-input-MuiOutlinedInput-input"[39m
    [33mid[39m=[32m"_r_1ub_"[39m
    [33mmaxlength[39m=[32m"50"[39m
    [33mrequired[39m=[32m""[39m
    [33mtype[39m=[32m"text"[39m
    [33mvalue[39m=[32m"JIRA-0598"[39m
  [36m/>[39m

  Name "Description for change item 598":
  [36m<textarea[39m
    [33maria-describedby[39m=[32m"change-item-597-desc-help"[39m
    [33maria-invalid[39m=[32m"false"[39m
    [33maria-label[39m=[32m"Description for change item 598"[39m
    [33mclass[39m=[32m"MuiInputBase-input MuiOutlinedInput-input css-w4nesw-MuiInputBase-input-MuiOutlinedInput-input"[39m
    [33mid[39m=[32m"_r_1uc_"[39m
    [33mmaxlength[39m=[32m"500"[39m
    [33mrequired[39m=[32m""[39m
    [33mrows[39m=[32m"3"[39m
    [33mstyle[39m=[32m"height: 0px; overflow: hidden;"[39m
  [36m/>[39m

  Name "Jira number for change item 599":
  [36m<input[39m
    [33maria-describedby[39m=[32m"change-item-598-jira-help"[39m
    [33maria-invalid[39m=[32m"false"[39m
    [33maria-label[39m=[32m"Jira number for change item 599"[39m
    [33mclass[39m=[32m"MuiInputBase-input MuiOutlinedInput-input css-16wblaj-MuiInputBase-input-MuiOutlinedInput-input"[39m
    [33mid[39m=[32m"_r_1ue_"[39m
    [33mmaxlength[39m=[32m"50"[39m
    [33mrequired[39m=[32m""[39m
    [33mtype[39m=[32m"text"[39m
    [33mvalue[39m=[32m"JIRA-0599"[39m
  [36m/>[39m

  Name "Description for change item 599":
  [36m<textarea[39m
    [33maria-describedby[39m=[32m"change-item-598-desc-help"[39m
    [33maria-invalid[39m=[32m"false"[39m
    [33maria-label[39m=[32m"Description for change item 599"[39m
    [33mclass[39m=[32m"MuiInputBase-input MuiOutlinedInput-input css-w4nesw-MuiInputBase-input-MuiOutlinedInput-input"[39m
    [33mid[39m=[32m"_r_1uf_"[39m
    [33mmaxlength[39m=[32m"500"[39m
    [33mrequired[39m=[32m""[39m
    [33mrows[39m=[32m"3"[39m
    [33mstyle[39m=[32m"height: 0px; overflow: hidden;"[39m
  [36m/>[39m

  Name "Jira number for change item 600":
  [36m<input[39m
    [33maria-describedby[39m=[32m"change-item-599-jira-help"[39m
    [33maria-invalid[39m=[32m"false"[39m
    [33maria-label[39m=[32m"Jira number for change item 600"[39m
    [33mclass[39m=[32m"MuiInputBase-input MuiOutlinedInput-input css-16wblaj-MuiInputBase-input-MuiOutlinedInput-input"[39m
    [33mid[39m=[32m"_r_1uh_"[39m
    [33mmaxlength[39m=[32m"50"[39m
    [33mrequired[39m=[32m""[39m
    [33mtype[39m=[32m"text"[39m
    [33mvalue[39m=[32m"JIRA-0600"[39m
  [36m/>[39m

  Name "Description for change item 600":
  [36m<textarea[39m
    [33maria-describedby[39m=[32m"change-item-599-desc-help"[39m
    [33maria-invalid[39m=[32m"false"[39m
    [33maria-label[39m=[32m"Description for change item 600"[39m
    [33mclass[39m=[32m"MuiInputBase-input MuiOutlinedInput-input css-w4nesw-MuiInputBase-input-MuiOutlinedInput-input"[39m
    [33mid[39m=[32m"_r_1ui_"[39m
    [33mmaxlength[39m=[32m"500"[39m
    [33mrequired[39m=[32m""[39m
    [33mrows[39m=[32m"3"[39m
    [33mstyle[39m=[32m"height: 0px; overflow: hidden;"[39m
  [36m/>[39m

  Name "Jira number for change item 601":
  [36m<input[39m
    [33maria-describedby[39m=[32m"change-item-600-jira-help"[39m
    [33maria-invalid[39m=[32m"false"[39m
    [33maria-label[39m=[32m"Jira number for change item 601"[39m
    [33mclass[39m=[32m"MuiInputBase-input MuiOutlinedInput-input css-16wblaj-MuiInputBase-input-MuiOutlinedInput-input"[39m
    [33mid[39m=[32m"_r_1uk_"[39m
    [33mmaxlength[39m=[32m"50"[39m
    [33mrequired[39m=[32m""[39m
    [33mtype[39m=[32m"text"[39m
    [33mvalue[39m=[32m"JIRA-0601"[39m
  [36m/>[39m

  Name "Description for change item 601":
  [36m<textarea[39m
    [33maria-describedby[39m=[32m"change-item-600-desc-help"[39m
    [33maria-invalid[39m=[32m"false"[39m
    [33maria-label[39m=[32m"Description for change item 601"[39m
    [33mclass[39m=[32m"MuiInputBase-input MuiOutlinedInput-input css-w4nesw-MuiInputBase-input-MuiOutlinedInput-input"[39m
    [33mid[39m=[32m"_r_1ul_"[39m
    [33mmaxlength[39m=[32m"500"[39m
    [33mrequired[39m=[32m""[39m
    [33mrows[39m=[32m"3"[39m
    [33mstyle[39m=[32m"height: 0px; overflow: hidden;"[39m
  [36m/>[39m

  Name "Jira number for change item 602":
  [36m<input[39m
    [33maria-describedby[39m=[32m"change-item-601-jira-help"[39m
    [33maria-invalid[39m=[32m"false"[39m
    [33maria-label[39m=[32m"Jira number for change item 602"[39m
    [33mclass[39m=[32m"MuiInputBase-input MuiOutlinedInput-input css-16wblaj-MuiInputBase-input-MuiOutlinedInput-input"[39m
    [33mid[39m=[32m"_r_1un_"[39m
    [33mmaxlength[39m=[32m"50"[39m
    [33mrequired[39m=[32m""[39m
    [33mtype[39m=[32m"text"[39m
    [33mvalue[39m=[32m"JIRA-0602"[39m
  [36m/>[39m

  Name "Description for change item 602":
  [36m<textarea[39m
    [33maria-describedby[39m=[32m"change-item-601-desc-help"[39m
    [33maria-invalid[39m=[32m"false"[39m
    [33maria-label[39m=[32m"Description for change item 602"[39m
    [33mclass[39m=[32m"MuiInputBase-input MuiOutlinedInput-input css-w4nesw-MuiInputBase-input-MuiOutlinedInput-input"[39m
    [33mid[39m=[32m"_r_1uo_"[39m
    [33mmaxlength[39m=[32m"500"[39m
    [33mrequired[39m=[32m""[39m
    [33mrows[39m=[32m"3"[39m
    [33mstyle[39m=[32m"height: 0px; overflow: hidden;"[39m
  [36m/>[39m

  Name "Jira number for change item 603":
  [36m<input[39m
    [33maria-describedby[39m=[32m"change-item-602-jira-help"[39m
    [33maria-invalid[39m=[32m"false"[39m
    [33maria-label[39m=[32m"Jira number for change item 603"[39m
    [33mclass[39m=[32m"MuiInputBase-input MuiOutlinedInput-input css-16wblaj-MuiInputBase-input-MuiOutlinedInput-input"[39m
    [33mid[39m=[32m"_r_1uq_"[39m
    [33mmaxlength[39m=[32m"50"[39m
    [33mrequired[39m=[32m""[39m
    [33mtype[39m=[32m"text"[39m
    [33mvalue[39m=[32m"JIRA-0603"[39m
  [36m/>[39m

  Name "Description for change item 603":
  [36m<textarea[39m
    [33maria-describedby[39m=[32m"change-item-602-desc-help"[39m
    [33maria-invalid[39m=[32m"false"[39m
    [33maria-label[39m=[32m"Description for change item 603"[39m
    [33mclass[39m=[32m"MuiInputBase-input MuiOutlinedInput-input css-w4nesw-MuiInputBase-input-MuiOutlinedInput-input"[39m
    [33mid[39m=[32m"_r_1ur_"[39m
    [33mmaxlength[39m=[32m"500"[39m
    [33mrequired[39m=[32m""[39m
    [33mrows[39m=[32m"3"[39m
    [33mstyle[39m=[32m"height: 0px; overflow: hidden;"[39m
  [36m/>[39m

  Name "Jira number for change item 604":
  [36m<input[39m
    [33maria-describedby[39m=[32m"change-item-603-jira-help"[39m
    [33maria-invalid[39m=[32m"false"[39m
    [33maria-label[39m=[32m"Jira number for change item 604"[39m
    [33mclass[39m=[32m"MuiInputBase-input MuiOutlinedInput-input css-16wblaj-MuiInputBase-input-MuiOutlinedInput-input"[39m
    [33mid[39m=[32m"_r_1ut_"[39m
    [33mmaxlength[39m=[32m"50"[39m
    [33mrequired[39m=[32m""[39m
    [33mtype[39m=[32m"text"[39m
    [33mvalue[39m=[32m"JIRA-0604"[39m
  [36m/>[39m

  Name "Description for change item 604":
  [36m<textarea[39m
    [33maria-describedby[39m=[32m"change-item-603-desc-help"[39m
    [33maria-invalid[39m=[32m"false"[39m
    [33maria-label[39m=[32m"Description for change item 604"[39m
    [33mclass[39m=[32m"MuiInputBase-input MuiOutlinedInput-input css-w4nesw-MuiInputBase-input-MuiOutlinedInput-input"[39m
    [33mid[39m=[32m"_r_1uu_"[39m
    [33mmaxlength[39m=[32m"500"[39m
    [33mrequired[39m=[32m""[39m
    [33mrows[39m=[32m"3"[39m
    [33mstyle[39m=[32m"height: 0px; overflow: hidden;"[39m
  [36m/>[39m

  Name "Jira number for change item 605":
  [36m<input[39m
    [33maria-describedby[39m=[32m"change-item-604-jira-help"[39m
    [33maria-invalid[39m=[32m"false"[39m
    [33maria-label[39m=[32m"Jira number for change item 605"[39m
    [33mclass[39m=[32m"MuiInputBase-input MuiOutlinedInput-input css-16wblaj-MuiInputBase-input-MuiOutlinedInput-input"[39m
    [33mid[39m=[32m"_r_1v0_"[39m
    [33mmaxlength[39m=[32m"50"[39m
    [33mrequired[39m=[32m""[39m
    [33mtype[39m=[32m"text"[39m
    [33mvalue[39m=[32m"JIRA-0605"[39m
  [36m/>[39m

  Name "Description for change item 605":
  [36m<textarea[39m
    [33maria-describedby[39m=[32m"change-item-604-desc-help"[39m
    [33maria-invalid[39m=[32m"false"[39m
    [33maria-label[39m=[32m"Description for change item 605"[39m
    [33mclass[39m=[32m"MuiInputBase-input MuiOutlinedInput-input css-w4nesw-MuiInputBase-input-MuiOutlinedInput-input"[39m
    [33mid[39m=[32m"_r_1v1_"[39m
    [33mmaxlength[39m=[32m"500"[39m
    [33mrequired[39m=[32m""[39m
    [33mrows[39m=[32m"3"[39m
    [33mstyle[39m=[32m"height: 0px; overflow: hidden;"[39m
  [36m/>[39m

  Name "Jira number for change item 606":
  [36m<input[39m
    [33maria-describedby[39m=[32m"change-item-605-jira-help"[39m
    [33maria-invalid[39m=[32m"false"[39m
    [33maria-label[39m=[32m"Jira number for change item 606"[39m
    [33mclass[39m=[32m"MuiInputBase-input MuiOutlinedInput-input css-16wblaj-MuiInputBase-input-MuiOutlinedInput-input"[39m
    [33mid[39m=[32m"_r_1v3_"[39m
    [33mmaxlength[39m=[32m"50"[39m
    [33mrequired[39m=[32m""[39m
    [33mtype[39m=[32m"text"[39m
    [33mvalue[39m=[32m"JIRA-0606"[39m
  [36m/>[39m

  Name "Description for change item 606":
  [36m<textarea[39m
    [33maria-describedby[39m=[32m"change-item-605-desc-help"[39m
    [33maria-invalid[39m=[32m"false"[39m
    [33maria-label[39m=[32m"Description for change item 606"[39m
    [33mclass[39m=[32m"MuiInputBase-input MuiOutlinedInput-input css-w4nesw-MuiInputBase-input-MuiOutlinedInput-input"[39m
    [33mid[39m=[32m"_r_1v4_"[39m
    [33mmaxlength[39m=[32m"500"[39m
    [33mrequired[39m=[32m""[39m
    [33mrows[39m=[32m"3"[39m
    [33mstyle[39m=[32m"height: 0px; overflow: hidden;"[39m
  [36m/>[39m

  Name "Jira number for change item 607":
  [36m<input[39m
    [33maria-describedby[39m=[32m"change-item-606-jira-help"[39m
    [33maria-invalid[39m=[32m"false"[39m
    [33maria-label[39m=[32m"Jira number for change item 607"[39m
    [33mclass[39m=[32m"MuiInputBase-input MuiOutlinedInput-input css-16wblaj-MuiInputBase-input-MuiOutlinedInput-input"[39m
    [33mid[39m=[32m"_r_1v6_"[39m
    [33mmaxlength[39m=[32m"50"[39m
    [33mrequired[39m=[32m""[39m
    [33mtype[39m=[32m"text"[39m
    [33mvalue[39m=[32m"JIRA-0607"[39m
  [36m/>[39m

  Name "Description for change item 607":
  [36m<textarea[39m
    [33maria-describedby[39m=[32m"change-item-606-desc-help"[39m
    [33maria-invalid[39m=[32m"false"[39m
    [33maria-label[39m=[32m"Description for change item 607"[39m
    [33mclass[39m=[32m"MuiInputBase-input MuiOutlinedInput-input css-w4nesw-MuiInputBase-input-MuiOutlinedInput-input"[39m
    [33mid[39m=[32m"_r_1v7_"[39m
    [33mmaxlength[39m=[32m"500"[39m
    [33mrequired[39m=[32m""[39m
    [33mrows[39m=[32m"3"[39m
    [33mstyle[39m=[32m"height: 0px; overflow: hidden;"[39m
  [36m/>[39m

  Name "Jira number for change item 608":
  [36m<input[39m
    [33maria-describedby[39m=[32m"change-item-607-jira-help"[39m
    [33maria-invalid[39m=[32m"false"[39m
    [33maria-label[39m=[32m"Jira number for change item 608"[39m
    [33mclass[39m=[32m"MuiInputBase-input MuiOutlinedInput-input css-16wblaj-MuiInputBase-input-MuiOutlinedInput-input"[39m
    [33mid[39m=[32m"_r_1v9_"[39m
    [33mmaxlength[39m=[32m"50"[39m
    [33mrequired[39m=[32m""[39m
    [33mtype[39m=[32m"text"[39m
    [33mvalue[39m=[32m"JIRA-0608"[39m
  [36m/>[39m

  Name "Description for change item 608":
  [36m<textarea[39m
    [33maria-describedby[39m=[32m"change-item-607-desc-help"[39m
    [33maria-invalid[39m=[32m"false"[39m
    [33maria-label[39m=[32m"Description for change item 608"[39m
    [33mclass[39m=[32m"MuiInputBase-input MuiOutlinedInput-input css-w4nesw-MuiInputBase-input-MuiOutlinedInput-input"[39m
    [33mid[39m=[32m"_r_1va_"[39m
    [33mmaxlength[39m=[32m"500"[39m
    [33mrequired[39m=[32m""[39m
    [33mrows[39m=[32m"3"[39m
    [33mstyle[39m=[32m"height: 0px; overflow: hidden;"[39m
  [36m/>[39m

  Name "Jira number for change item 609":
  [36m<input[39m
    [33maria-describedby[39m=[32m"change-item-608-jira-help"[39m
    [33maria-invalid[39m=[32m"false"[39m
    [33maria-label[39m=[32m"Jira number for change item 609"[39m
    [33mclass[39m=[32m"MuiInputBase-input MuiOutlinedInput-input css-16wblaj-MuiInputBase-input-MuiOutlinedInput-input"[39m
    [33mid[39m=[32m"_r_1vc_"[39m
    [33mmaxlength[39m=[32m"50"[39m
    [33mrequired[39m=[32m""[39m
    [33mtype[39m=[32m"text"[39m
    [33mvalue[39m=[32m"JIRA-0609"[39m
  [36m/>[39m

  Name "Description for change item 609":
  [36m<textarea[39m
    [33maria-describedby[39m=[32m"change-item-608-desc-help"[39m
    [33maria-invalid[39m=[32m"false"[39m
    [33maria-label[39m=[32m"Description for change item 609"[39m
    [33mclass[39m=[32m"MuiInputBase-input MuiOutlinedInput-input css-w4nesw-MuiInputBase-input-MuiOutlinedInput-input"[39m
    [33mid[39m=[32m"_r_1vd_"[39m
    [33mmaxlength[39m=[32m"500"[39m
    [33mrequired[39m=[32m""[39m
    [33mrows[39m=[32m"3"[39m
    [33mstyle[39m=[32m"height: 0px; overflow: hidden;"[39m
  [36m/>[39m

  Name "Jira number for change item 610":
  [36m<input[39m
    [33maria-describedby[39m=[32m"change-item-609-jira-help"[39m
    [33maria-invalid[39m=[32m"false"[39m
    [33maria-label[39m=[32m"Jira number for change item 610"[39m
    [33mclass[39m=[32m"MuiInputBase-input MuiOutlinedInput-input css-16wblaj-MuiInputBase-input-MuiOutlinedInput-input"[39m
    [33mid[39m=[32m"_r_1vf_"[39m
    [33mmaxlength[39m=[32m"50"[39m
    [33mrequired[39m=[32m""[39m
    [33mtype[39m=[32m"text"[39m
    [33mvalue[39m=[32m"JIRA-0610"[39m
  [36m/>[39m

  Name "Description for change item 610":
  [36m<textarea[39m
    [33maria-describedby[39m=[32m"change-item-609-desc-help"[39m
    [33maria-invalid[39m=[32m"false"[39m
    [33maria-label[39m=[32m"Description for change item 610"[39m
    [33mclass[39m=[32m"MuiInputBase-input MuiOutlinedInput-input css-w4nesw-MuiInputBase-input-MuiOutlinedInput-input"[39m
    [33mid[39m=[32m"_r_1vg_"[39m
    [33mmaxlength[39m=[32m"500"[39m
    [33mrequired[39m=[32m""[39m
    [33mrows[39m=[32m"3"[39m
    [33mstyle[39m=[32m"height: 0px; overflow: hidden;"[39m
  [36m/>[39m

  Name "Jira number for change item 611":
  [36m<input[39m
    [33maria-describedby[39m=[32m"change-item-610-jira-help"[39m
    [33maria-invalid[39m=[32m"false"[39m
    [33maria-label[39m=[32m"Jira number for change item 611"[39m
    [33mclass[39m=[32m"MuiInputBase-input MuiOutlinedInput-input css-16wblaj-MuiInputBase-input-MuiOutlinedInput-input"[39m
    [33mid[39m=[32m"_r_1vi_"[39m
    [33mmaxlength[39m=[32m"50"[39m
    [33mrequired[39m=[32m""[39m
    [33mtype[39m=[32m"text"[39m
    [33mvalue[39m=[32m"JIRA-0611"[39m
  [36m/>[39m

  Name "Description for change item 611":
  [36m<textarea[39m
    [33maria-describedby[39m=[32m"change-item-610-desc-help"[39m
    [33maria-invalid[39m=[32m"false"[39m
    [33maria-label[39m=[32m"Description for change item 611"[39m
    [33mclass[39m=[32m"MuiInputBase-input MuiOutlinedInput-input css-w4nesw-MuiInputBase-input-MuiOutlinedInput-input"[39m
    [33mid[39m=[32m"_r_1vj_"[39m
    [33mmaxlength[39m=[32m"500"[39m
    [33mrequired[39m=[32m""[39m
    [33mrows[39m=[32m"3"[39m
    [33mstyle[39m=[32m"height: 0px; overflow: hidden;"[39m
  [36m/>[39m

  Name "Jira number for change item 612":
  [36m<input[39m
    [33maria-describedby[39m=[32m"change-item-611-jira-help"[39m
    [33maria-invalid[39m=[32m"false"[39m
    [33maria-label[39m=[32m"Jira number for change item 612"[39m
    [33mclass[39m=[32m"MuiInputBase-input MuiOutlinedInput-input css-16wblaj-MuiInputBase-input-MuiOutlinedInput-input"[39m
    [33mid[39m=[32m"_r_1vl_"[39m
    [33mmaxlength[39m=[32m"50"[39m
    [33mrequired[39m=[32m""[39m
    [33mtype[39m=[32m"text"[39m
    [33mvalue[39m=[32m"JIRA-0612"[39m
  [36m/>[39m

  Name "Description for change item 612":
  [36m<textarea[39m
    [33maria-describedby[39m=[32m"change-item-611-desc-help"[39m
    [33maria-invalid[39m=[32m"false"[39m
    [33maria-label[39m=[32m"Description for change item 612"[39m
    [33mclass[39m=[32m"MuiInputBase-input MuiOutlinedInput-input css-w4nesw-MuiInputBase-input-MuiOutlinedInput-input"[39m
    [33mid[39m=[32m"_r_1vm_"[39m
    [33mmaxlength[39m=[32m"500"[39m
    [33mrequired[39m=[32m""[39m
    [33mrows[39m=[32m"3"[39m
    [33mstyle[39m=[32m"height: 0px; overflow: hidden;"[39m
  [36m/>[39m

  Name "Jira number for change item 613":
  [36m<input[39m
    [33maria-describedby[39m=[32m"change-item-612-jira-help"[39m
    [33maria-invalid[39m=[32m"false"[39m
    [33maria-label[39m=[32m"Jira number for change item 613"[39m
    [33mclass[39m=[32m"MuiInputBase-input MuiOutlinedInput-input css-16wblaj-MuiInputBase-input-MuiOutlinedInput-input"[39m
    [33mid[39m=[32m"_r_1vo_"[39m
    [33mmaxlength[39m=[32m"50"[39m
    [33mrequired[39m=[32m""[39m
    [33mtype[39m=[32m"text"[39m
    [33mvalue[39m=[32m"JIRA-0613"[39m
  [36m/>[39m

  Name "Description for change item 613":
  [36m<textarea[39m
    [33maria-describedby[39m=[32m"change-item-612-desc-help"[39m
    [33maria-invalid[39m=[32m"false"[39m
    [33maria-label[39m=[32m"Description for change item 613"[39m
    [33mclass[39m=[32m"MuiInputBase-input MuiOutlinedInput-input css-w4nesw-MuiInputBase-input-MuiOutlinedInput-input"[39m
    [33mid[39m=[32m"_r_1vp_"[39m
    [33mmaxlength[39m=[32m"500"[39m
    [33mrequired[39m=[32m""[39m
    [33mrows[39m=[32m"3"[39m
    [33mstyle[39m=[32m"height: 0px; overflow: hidden;"[39m
  [36m/>[39m

  Name "Jira number for change item 614":
  [36m<input[39m
    [33maria-describedby[39m=[32m"change-item-613-jira-help"[39m
    [33maria-invalid[39m=[32m"false"[39m
    [33maria-label[39m=[32m"Jira number for change item 614"[39m
    [33mclass[39m=[32m"MuiInputBase-input MuiOutlinedInput-input css-16wblaj-MuiInputBase-input-MuiOutlinedInput-input"[39m
    [33mid[39m=[32m"_r_1vr_"[39m
    [33mmaxlength[39m=[32m"50"[39m
    [33mrequired[39m=[32m""[39m
    [33mtype[39m=[32m"text"[39m
    [33mvalue[39m=[32m"JIRA-0614"[39m
  [36m/>[39m

  Name "Description for change item 614":
  [36m<textarea[39m
    [33maria-describedby[39m=[32m"change-item-613-desc-help"[39m
    [33maria-invalid[39m=[32m"false"[39m
    [33maria-label[39m=[32m"Description for change item 614"[39m
    [33mclass[39m=[32m"MuiInputBase-input MuiOutlinedInput-input css-w4nesw-MuiInputBase-input-MuiOutlinedInput-input"[39m
    [33mid[39m=[32m"_r_1vs_"[39m
    [33mmaxlength[39m=[32m"500"[39m
    [33mrequired[39m=[32m""[39m
    [33mrows[39m=[32m"3"[39m
    [33mstyle[39m=[32m"height: 0px; overflow: hidden;"[39m
  [36m/>[39m

  Name "Jira number for change item 615":
  [36m<input[39m
    [33maria-describedby[39m=[32m"change-item-614-jira-help"[39m
    [33maria-invalid[39m=[32m"false"[39m
    [33maria-label[39m=[32m"Jira number for change item 615"[39m
    [33mclass[39m=[32m"MuiInputBase-input MuiOutlinedInput-input css-16wblaj-MuiInputBase-input-MuiOutlinedInput-input"[39m
    [33mid[39m=[32m"_r_1vu_"[39m
    [33mmaxlength[39m=[32m"50"[39m
    [33mrequired[39m=[32m""[39m
    [33mtype[39m=[32m"text"[39m
    [33mvalue[39m=[32m"JIRA-0615"[39m
  [36m/>[39m

  Name "Description for change item 615":
  [36m<textarea[39m
    [33maria-describedby[39m=[32m"change-item-614-desc-help"[39m
    [33maria-invalid[39m=[32m"false"[39m
    [33maria-label[39m=[32m"Description for change item 615"[39m
    [33mclass[39m=[32m"MuiInputBase-input MuiOutlinedInput-input css-w4nesw-MuiInputBase-input-MuiOutlinedInput-input"[39m
    [33mid[39m=[32m"_r_1vv_"[39m
    [33mmaxlength[39m=[32m"500"[39m
    [33mrequired[39m=[32m""[39m
    [33mrows[39m=[32m"3"[39m
    [33mstyle[39m=[32m"height: 0px; overflow: hidden;"[39m
  [36m/>[39m

  Name "Jira number for change item 616":
  [36m<input[39m
    [33maria-describedby[39m=[32m"change-item-615-jira-help"[39m
    [33maria-invalid[39m=[32m"false"[39m
    [33maria-label[39m=[32m"Jira number for change item 616"[39m
    [33mclass[39m=[32m"MuiInputBase-input MuiOutlinedInput-input css-16wblaj-MuiInputBase-input-MuiOutlinedInput-input"[39m
    [33mid[39m=[32m"_r_201_"[39m
    [33mmaxlength[39m=[32m"50"[39m
    [33mrequired[39m=[32m""[39m
    [33mtype[39m=[32m"text"[39m
    [33mvalue[39m=[32m"JIRA-0616"[39m
  [36m/>[39m

  Name "Description for change item 616":
  [36m<textarea[39m
    [33maria-describedby[39m=[32m"change-item-615-desc-help"[39m
    [33maria-invalid[39m=[32m"false"[39m
    [33maria-label[39m=[32m"Description for change item 616"[39m
    [33mclass[39m=[32m"MuiInputBase-input MuiOutlinedInput-input css-w4nesw-MuiInputBase-input-MuiOutlinedInput-input"[39m
    [33mid[39m=[32m"_r_202_"[39m
    [33mmaxlength[39m=[32m"500"[39m
    [33mrequired[39m=[32m""[39m
    [33mrows[39m=[32m"3"[39m
    [33mstyle[39m=[32m"height: 0px; overflow: hidden;"[39m
  [36m/>[39m

  Name "Jira number for change item 617":
  [36m<input[39m
    [33maria-describedby[39m=[32m"change-item-616-jira-help"[39m
    [33maria-invalid[39m=[32m"false"[39m
    [33maria-label[39m=[32m"Jira number for change item 617"[39m
    [33mclass[39m=[32m"MuiInputBase-input MuiOutlinedInput-input css-16wblaj-MuiInputBase-input-MuiOutlinedInput-input"[39m
    [33mid[39m=[32m"_r_204_"[39m
    [33mmaxlength[39m=[32m"50"[39m
    [33mrequired[39m=[32m""[39m
    [33mtype[39m=[32m"text"[39m
    [33mvalue[39m=[32m"JIRA-0617"[39m
  [36m/>[39m

  Name "Description for change item 617":
  [36m<textarea[39m
    [33maria-describedby[39m=[32m"change-item-616-desc-help"[39m
    [33maria-invalid[39m=[32m"false"[39m
    [33maria-label[39m=[32m"Description for change item 617"[39m
    [33mclass[39m=[32m"MuiInputBase-input MuiOutlinedInput-input css-w4nesw-MuiInputBase-input-MuiOutlinedInput-input"[39m
    [33mid[39m=[32m"_r_205_"[39m
    [33mmaxlength[39m=[32m"500"[39m
    [33mrequired[39m=[32m""[39m
    [33mrows[39m=[32m"3"[39m
    [33mstyle[39m=[32m"height: 0px; overflow: hidden;"[39m
  [36m/>[39m

  Name "Jira number for change item 618":
  [36m<input[39m
    [33maria-describedby[39m=[32m"change-item-617-jira-help"[39m
    [33maria-invalid[39m=[32m"false"[39m
    [33maria-label[39m=[32m"Jira number for change item 618"[39m
    [33mclass[39m=[32m"MuiInputBase-input MuiOutlinedInput-input css-16wblaj-MuiInputBase-input-MuiOutlinedInput-input"[39m
    [33mid[39m=[32m"_r_207_"[39m
    [33mmaxlength[39m=[32m"50"[39m
    [33mrequired[39m=[32m""[39m
    [33mtype[39m=[32m"text"[39m
    [33mvalue[39m=[32m"JIRA-0618"[39m
  [36m/>[39m

  Name "Description for change item 618":
  [36m<textarea[39m
    [33maria-describedby[39m=[32m"change-item-617-desc-help"[39m
    [33maria-invalid[39m=[32m"false"[39m
    [33maria-label[39m=[32m"Description for change item 618"[39m
    [33mclass[39m=[32m"MuiInputBase-input MuiOutlinedInput-input css-w4nesw-MuiInputBase-input-MuiOutlinedInput-input"[39m
    [33mid[39m=[32m"_r_208_"[39m
    [33mmaxlength[39m=[32m"500"[39m
    [33mrequired[39m=[32m""[39m
    [33mrows[39m=[32m"3"[39m
    [33mstyle[39m=[32m"height: 0px; overflow: hidden;"[39m
  [36m/>[39m

  Name "Jira number for change item 619":
  [36m<input[39m
    [33maria-describedby[39m=[32m"change-item-618-jira-help"[39m
    [33maria-invalid[39m=[32m"false"[39m
    [33maria-label[39m=[32m"Jira number for change item 619"[39m
    [33mclass[39m=[32m"MuiInputBase-input MuiOutlinedInput-input css-16wblaj-MuiInputBase-input-MuiOutlinedInput-input"[39m
    [33mid[39m=[32m"_r_20a_"[39m
    [33mmaxlength[39m=[32m"50"[39m
    [33mrequired[39m=[32m""[39m
    [33mtype[39m=[32m"text"[39m
    [33mvalue[39m=[32m"JIRA-0619"[39m
  [36m/>[39m

  Name "Description for change item 619":
  [36m<textarea[39m
    [33maria-describedby[39m=[32m"change-item-618-desc-help"[39m
    [33maria-invalid[39m=[32m"false"[39m
    [33maria-label[39m=[32m"Description for change item 619"[39m
    [33mclass[39m=[32m"MuiInputBase-input MuiOutlinedInput-input css-w4nesw-MuiInputBase-input-MuiOutlinedInput-input"[39m
    [33mid[39m=[32m"_r_20b_"[39m
    [33mmaxlength[39m=[32m"500"[39m
    [33mrequired[39m=[32m""[39m
    [33mrows[39m=[32m"3"[39m
    [33mstyle[39m=[32m"height: 0px; overflow: hidden;"[39m
  [36m/>[39m

  Name "Jira number for change item 620":
  [36m<input[39m
    [33maria-describedby[39m=[32m"change-item-619-jira-help"[39m
    [33maria-invalid[39m=[32m"false"[39m
    [33maria-label[39m=[32m"Jira number for change item 620"[39m
    [33mclass[39m=[32m"MuiInputBase-input MuiOutlinedInput-input css-16wblaj-MuiInputBase-input-MuiOutlinedInput-input"[39m
    [33mid[39m=[32m"_r_20d_"[39m
    [33mmaxlength[39m=[32m"50"[39m
    [33mrequired[39m=[32m""[39m
    [33mtype[39m=[32m"text"[39m
    [33mvalue[39m=[32m"JIRA-0620"[39m
  [36m/>[39m

  Name "Description for change item 620":
  [36m<textarea[39m
    [33maria-describedby[39m=[32m"change-item-619-desc-help"[39m
    [33maria-invalid[39m=[32m"false"[39m
    [33maria-label[39m=[32m"Description for change item 620"[39m
    [33mclass[39m=[32m"MuiInputBase-input MuiOutlinedInput-input css-w4nesw-MuiInputBase-input-MuiOutlinedInput-input"[39m
    [33mid[39m=[32m"_r_20e_"[39m
    [33mmaxlength[39m=[32m"500"[39m
    [33mrequired[39m=[32m""[39m
    [33mrows[39m=[32m"3"[39m
    [33mstyle[39m=[32m"height: 0px; overflow: hidden;"[39m
  [36m/>[39m

  Name "Jira number for change item 621":
  [36m<input[39m
    [33maria-describedby[39m=[32m"change-item-620-jira-help"[39m
    [33maria-invalid[39m=[32m"false"[39m
    [33maria-label[39m=[32m"Jira number for change item 621"[39m
    [33mclass[39m=[32m"MuiInputBase-input MuiOutlinedInput-input css-16wblaj-MuiInputBase-input-MuiOutlinedInput-input"[39m
    [33mid[39m=[32m"_r_20g_"[39m
    [33mmaxlength[39m=[32m"50"[39m
    [33mrequired[39m=[32m""[39m
    [33mtype[39m=[32m"text"[39m
    [33mvalue[39m=[32m"JIRA-0621"[39m
  [36m/>[39m

  Name "Description for change item 621":
  [36m<textarea[39m
    [33maria-describedby[39m=[32m"change-item-620-desc-help"[39m
    [33maria-invalid[39m=[32m"false"[39m
    [33maria-label[39m=[32m"Description for change item 621"[39m
    [33mclass[39m=[32m"MuiInputBase-input MuiOutlinedInput-input css-w4nesw-MuiInputBase-input-MuiOutlinedInput-input"[39m
    [33mid[39m=[32m"_r_20h_"[39m
    [33mmaxlength[39m=[32m"500"[39m
    [33mrequired[39m=[32m""[39m
    [33mrows[39m=[32m"3"[39m
    [33mstyle[39m=[32m"height: 0px; overflow: hidden;"[39m
  [36m/>[39m

  Name "Jira number for change item 622":
  [36m<input[39m
    [33maria-describedby[39m=[32m"change-item-621-jira-help"[39m
    [33maria-invalid[39m=[32m"false"[39m
    [33maria-label[39m=[32m"Jira number for change item 622"[39m
    [33mclass[39m=[32m"MuiInputBase-input MuiOutlinedInput-input css-16wblaj-MuiInputBase-input-MuiOutlinedInput-input"[39m
    [33mid[39m=[32m"_r_20j_"[39m
    [33mmaxlength[39m=[32m"50"[39m
    [33mrequired[39m=[32m""[39m
    [33mtype[39m=[32m"text"[39m
    [33mvalue[39m=[32m"JIRA-0622"[39m
  [36m/>[39m

  Name "Description for change item 622":
  [36m<textarea[39m
    [33maria-describedby[39m=[32m"change-item-621-desc-help"[39m
    [33maria-invalid[39m=[32m"false"[39m
    [33maria-label[39m=[32m"Description for change item 622"[39m
    [33mclass[39m=[32m"MuiInputBase-input MuiOutlinedInput-input css-w4nesw-MuiInputBase-input-MuiOutlinedInput-input"[39m
    [33mid[39m=[32m"_r_20k_"[39m
    [33mmaxlength[39m=[32m"500"[39m
    [33mrequired[39m=[32m""[39m
    [33mrows[39m=[32m"3"[39m
    [33mstyle[39m=[32m"height: 0px; overflow: hidden;"[39m
  [36m/>[39m

  Name "Jira number for change item 623":
  [36m<input[39m
    [33maria-describedby[39m=[32m"change-item-622-jira-help"[39m
    [33maria-invalid[39m=[32m"false"[39m
    [33maria-label[39m=[32m"Jira number for change item 623"[39m
    [33mclass[39m=[32m"MuiInputBase-input MuiOutlinedInput-input css-16wblaj-MuiInputBase-input-MuiOutlinedInput-input"[39m
    [33mid[39m=[32m"_r_20m_"[39m
    [33mmaxlength[39m=[32m"50"[39m
    [33mrequired[39m=[32m""[39m
    [33mtype[39m=[32m"text"[39m
    [33mvalue[39m=[32m"JIRA-0623"[39m
  [36m/>[39m

  Name "Description for change item 623":
  [36m<textarea[39m
    [33maria-describedby[39m=[32m"change-item-622-desc-help"[39m
    [33maria-invalid[39m=[32m"false"[39m
    [33maria-label[39m=[32m"Description for change item 623"[39m
    [33mclass[39m=[32m"MuiInputBase-input MuiOutlinedInput-input css-w4nesw-MuiInputBase-input-MuiOutlinedInput-input"[39m
    [33mid[39m=[32m"_r_20n_"[39m
    [33mmaxlength[39m=[32m"500"[39m
    [33mrequired[39m=[32m""[39m
    [33mrows[39m=[32m"3"[39m
    [33mstyle[39m=[32m"height: 0px; overflow: hidden;"[39m
  [36m/>[39m

  Name "Jira number for change item 624":
  [36m<input[39m
    [33maria-describedby[39m=[32m"change-item-623-jira-help"[39m
    [33maria-invalid[39m=[32m"false"[39m
    [33maria-label[39m=[32m"Jira number for change item 624"[39m
    [33mclass[39m=[32m"MuiInputBase-input MuiOutlinedInput-input css-16wblaj-MuiInputBase-input-MuiOutlinedInput-input"[39m
    [33mid[39m=[32m"_r_20p_"[39m
    [33mmaxlength[39m=[32m"50"[39m
    [33mrequired[39m=[32m""[39m
    [33mtype[39m=[32m"text"[39m
    [33mvalue[39m=[32m"JIRA-0624"[39m
  [36m/>[39m

  Name "Description for change item 624":
  [36m<textarea[39m
    [33maria-describedby[39m=[32m"change-item-623-desc-help"[39m
    [33maria-invalid[39m=[32m"false"[39m
    [33maria-label[39m=[32m"Description for change item 624"[39m
    [33mclass[39m=[32m"MuiInputBase-input MuiOutlinedInput-input css-w4nesw-MuiInputBase-input-MuiOutlinedInput-input"[39m
    [33mid[39m=[32m"_r_20q_"[39m
    [33mmaxlength[39m=[32m"500"[39m
    [33mrequired[39m=[32m""[39m
    [33mrows[39m=[32m"3"[39m
    [33mstyle[39m=[32m"height: 0px; overflow: hidden;"[39m
  [36m/>[39m

  Name "Jira number for change item 625":
  [36m<input[39m
    [33maria-describedby[39m=[32m"change-item-624-jira-help"[39m
    [33maria-invalid[39m=[32m"false"[39m
    [33maria-label[39m=[32m"Jira number for change item 625"[39m
    [33mclass[39m=[32m"MuiInputBase-input MuiOutlinedInput-input css-16wblaj-MuiInputBase-input-MuiOutlinedInput-input"[39m
    [33mid[39m=[32m"_r_20s_"[39m
    [33mmaxlength[39m=[32m"50"[39m
    [33mrequired[39m=[32m""[39m
    [33mtype[39m=[32m"text"[39m
    [33mvalue[39m=[32m"JIRA-0625"[39m
  [36m/>[39m

  Name "Description for change item 625":
  [36m<textarea[39m
    [33maria-describedby[39m=[32m"change-item-624-desc-help"[39m
    [33maria-invalid[39m=[32m"false"[39m
    [33maria-label[39m=[32m"Description for change item 625"[39m
    [33mclass[39m=[32m"MuiInputBase-input MuiOutlinedInput-input css-w4nesw-MuiInputBase-input-MuiOutlinedInput-input"[39m
    [33mid[39m=[32m"_r_20t_"[39m
    [33mmaxlength[39m=[32m"500"[39m
    [33mrequired[39m=[32m""[39m
    [33mrows[39m=[32m"3"[39m
    [33mstyle[39m=[32m"height: 0px; overflow: hidden;"[39m
  [36m/>[39m

  Name "Jira number for change item 626":
  [36m<input[39m
    [33maria-describedby[39m=[32m"change-item-625-jira-help"[39m
    [33maria-invalid[39m=[32m"false"[39m
    [33maria-label[39m=[32m"Jira number for change item 626"[39m
    [33mclass[39m=[32m"MuiInputBase-input MuiOutlinedInput-input css-16wblaj-MuiInputBase-input-MuiOutlinedInput-input"[39m
    [33mid[39m=[32m"_r_20v_"[39m
    [33mmaxlength[39m=[32m"50"[39m
    [33mrequired[39m=[32m""[39m
    [33mtype[39m=[32m"text"[39m
    [33mvalue[39m=[32m"JIRA-0626"[39m
  [36m/>[39m

  Name "Description for change item 626":
  [36m<textarea[39m
    [33maria-describedby[39m=[32m"change-item-625-desc-help"[39m
    [33maria-invalid[39m=[32m"false"[39m
    [33maria-label[39m=[32m"Description for change item 626"[39m
    [33mclass[39m=[32m"MuiInputBase-input MuiOutlinedInput-input css-w4nesw-MuiInputBase-input-MuiOutlinedInput-input"[39m
    [33mid[39m=[32m"_r_210_"[39m
    [33mmaxlength[39m=[32m"500"[39m
    [33mrequired[39m=[32m""[39m
    [33mrows[39m=[32m"3"[39m
    [33mstyle[39m=[32m"height: 0px; overflow: hidden;"[39m
  [36m/>[39m

  Name "Jira number for change item 627":
  [36m<input[39m
    [33maria-describedby[39m=[32m"change-item-626-jira-help"[39m
    [33maria-invalid[39m=[32m"false"[39m
    [33maria-label[39m=[32m"Jira number for change item 627"[39m
    [33mclass[39m=[32m"MuiInputBase-input MuiOutlinedInput-input css-16wblaj-MuiInputBase-input-MuiOutlinedInput-input"[39m
    [33mid[39m=[32m"_r_212_"[39m
    [33mmaxlength[39m=[32m"50"[39m
    [33mrequired[39m=[32m""[39m
    [33mtype[39m=[32m"text"[39m
    [33mvalue[39m=[32m"JIRA-0627"[39m
  [36m/>[39m

  Name "Description for change item 627":
  [36m<textarea[39m
    [33maria-describedby[39m=[32m"change-item-626-desc-help"[39m
    [33maria-invalid[39m=[32m"false"[39m
    [33maria-label[39m=[32m"Description for change item 627"[39m
    [33mclass[39m=[32m"MuiInputBase-input MuiOutlinedInput-input css-w4nesw-MuiInputBase-input-MuiOutlinedInput-input"[39m
    [33mid[39m=[32m"_r_213_"[39m
    [33mmaxlength[39m=[32m"500"[39m
    [33mrequired[39m=[32m""[39m
    [33mrows[39m=[32m"3"[39m
    [33mstyle[39m=[32m"height: 0px; overflow: hidden;"[39m
  [36m/>[39m

  Name "Jira number for change item 628":
  [36m<input[39m
    [33maria-describedby[39m=[32m"change-item-627-jira-help"[39m
    [33maria-invalid[39m=[32m"false"[39m
    [33maria-label[39m=[32m"Jira number for change item 628"[39m
    [33mclass[39m=[32m"MuiInputBase-input MuiOutlinedInput-input css-16wblaj-MuiInputBase-input-MuiOutlinedInput-input"[39m
    [33mid[39m=[32m"_r_215_"[39m
    [33mmaxlength[39m=[32m"50"[39m
    [33mrequired[39m=[32m""[39m
    [33mtype[39m=[32m"text"[39m
    [33mvalue[39m=[32m"JIRA-0628"[39m
  [36m/>[39m

  Name "Description for change item 628":
  [36m<textarea[39m
    [33maria-describedby[39m=[32m"change-item-627-desc-help"[39m
    [33maria-invalid[39m=[32m"false"[39m
    [33maria-label[39m=[32m"Description for change item 628"[39m
    [33mclass[39m=[32m"MuiInputBase-input MuiOutlinedInput-input css-w4nesw-MuiInputBase-input-MuiOutlinedInput-input"[39m
    [33mid[39m=[32m"_r_216_"[39m
    [33mmaxlength[39m=[32m"500"[39m
    [33mrequired[39m=[32m""[39m
    [33mrows[39m=[32m"3"[39m
    [33mstyle[39m=[32m"height: 0px; overflow: hidden;"[39m
  [36m/>[39m

  Name "Jira number for change item 629":
  [36m<input[39m
    [33maria-describedby[39m=[32m"change-item-628-jira-help"[39m
    [33maria-invalid[39m=[32m"false"[39m
    [33maria-label[39m=[32m"Jira number for change item 629"[39m
    [33mclass[39m=[32m"MuiInputBase-input MuiOutlinedInput-input css-16wblaj-MuiInputBase-input-MuiOutlinedInput-input"[39m
    [33mid[39m=[32m"_r_218_"[39m
    [33mmaxlength[39m=[32m"50"[39m
    [33mrequired[39m=[32m""[39m
    [33mtype[39m=[32m"text"[39m
    [33mvalue[39m=[32m"JIRA-0629"[39m
  [36m/>[39m

  Name "Description for change item 629":
  [36m<textarea[39m
    [33maria-describedby[39m=[32m"change-item-628-desc-help"[39m
    [33maria-invalid[39m=[32m"false"[39m
    [33maria-label[39m=[32m"Description for change item 629"[39m
    [33mclass[39m=[32m"MuiInputBase-input MuiOutlinedInput-input css-w4nesw-MuiInputBase-input-MuiOutlinedInput-input"[39m
    [33mid[39m=[32m"_r_219_"[39m
    [33mmaxlength[39m=[32m"500"[39m
    [33mrequired[39m=[32m""[39m
    [33mrows[39m=[32m"3"[39m
    [33mstyle[39m=[32m"height: 0px; overflow: hidden;"[39m
  [36m/>[39m

  Name "Jira number for change item 630":
  [36m<input[39m
    [33maria-describedby[39m=[32m"change-item-629-jira-help"[39m
    [33maria-invalid[39m=[32m"false"[39m
    [33maria-label[39m=[32m"Jira number for change item 630"[39m
    [33mclass[39m=[32m"MuiInputBase-input MuiOutlinedInput-input css-16wblaj-MuiInputBase-input-MuiOutlinedInput-input"[39m
    [33mid[39m=[32m"_r_21b_"[39m
    [33mmaxlength[39m=[32m"50"[39m
    [33mrequired[39m=[32m""[39m
    [33mtype[39m=[32m"text"[39m
    [33mvalue[39m=[32m"JIRA-0630"[39m
  [36m/>[39m

  Name "Description for change item 630":
  [36m<textarea[39m
    [33maria-describedby[39m=[32m"change-item-629-desc-help"[39m
    [33maria-invalid[39m=[32m"false"[39m
    [33maria-label[39m=[32m"Description for change item 630"[39m
    [33mclass[39m=[32m"MuiInputBase-input MuiOutlinedInput-input css-w4nesw-MuiInputBase-input-MuiOutlinedInput-input"[39m
    [33mid[39m=[32m"_r_21c_"[39m
    [33mmaxlength[39m=[32m"500"[39m
    [33mrequired[39m=[32m""[39m
    [33mrows[39m=[32m"3"[39m
    [33mstyle[39m=[32m"height: 0px; overflow: hidden;"[39m
  [36m/>[39m

  Name "Jira number for change item 631":
  [36m<input[39m
    [33maria-describedby[39m=[32m"change-item-630-jira-help"[39m
    [33maria-invalid[39m=[32m"false"[39m
    [33maria-label[39m=[32m"Jira number for change item 631"[39m
    [33mclass[39m=[32m"MuiInputBase-input MuiOutlinedInput-input css-16wblaj-MuiInputBase-input-MuiOutlinedInput-input"[39m
    [33mid[39m=[32m"_r_21e_"[39m
    [33mmaxlength[39m=[32m"50"[39m
    [33mrequired[39m=[32m""[39m
    [33mtype[39m=[32m"text"[39m
    [33mvalue[39m=[32m"JIRA-0631"[39m
  [36m/>[39m

  Name "Description for change item 631":
  [36m<textarea[39m
    [33maria-describedby[39m=[32m"change-item-630-desc-help"[39m
    [33maria-invalid[39m=[32m"false"[39m
    [33maria-label[39m=[32m"Description for change item 631"[39m
    [33mclass[39m=[32m"MuiInputBase-input MuiOutlinedInput-input css-w4nesw-MuiInputBase-input-MuiOutlinedInput-input"[39m
    [33mid[39m=[32m"_r_21f_"[39m
    [33mmaxlength[39m=[32m"500"[39m
    [33mrequired[39m=[32m""[39m
    [33mrows[39m=[32m"3"[39m
    [33mstyle[39m=[32m"height: 0px; overflow: hidden;"[39m
  [36m/>[39m

  Name "Jira number for change item 632":
  [36m<input[39m
    [33maria-describedby[39m=[32m"change-item-631-jira-help"[39m
    [33maria-invalid[39m=[32m"false"[39m
    [33maria-label[39m=[32m"Jira number for change item 632"[39m
    [33mclass[39m=[32m"MuiInputBase-input MuiOutlinedInput-input css-16wblaj-MuiInputBase-input-MuiOutlinedInput-input"[39m
    [33mid[39m=[32m"_r_21h_"[39m
    [33mmaxlength[39m=[32m"50"[39m
    [33mrequired[39m=[32m""[39m
    [33mtype[39m=[32m"text"[39m
    [33mvalue[39m=[32m"JIRA-0632"[39m
  [36m/>[39m

  Name "Description for change item 632":
  [36m<textarea[39m
    [33maria-describedby[39m=[32m"change-item-631-desc-help"[39m
    [33maria-invalid[39m=[32m"false"[39m
    [33maria-label[39m=[32m"Description for change item 632"[39m
    [33mclass[39m=[32m"MuiInputBase-input MuiOutlinedInput-input css-w4nesw-MuiInputBase-input-MuiOutlinedInput-input"[39m
    [33mid[39m=[32m"_r_21i_"[39m
    [33mmaxlength[39m=[32m"500"[39m
    [33mrequired[39m=[32m""[39m
    [33mrows[39m=[32m"3"[39m
    [33mstyle[39m=[32m"height: 0px; overflow: hidden;"[39m
  [36m/>[39m

  Name "Jira number for change item 633":
  [36m<input[39m
    [33maria-describedby[39m=[32m"change-item-632-jira-help"[39m
    [33maria-invalid[39m=[32m"false"[39m
    [33maria-label[39m=[32m"Jira number for change item 633"[39m
    [33mclass[39m=[32m"MuiInputBase-input MuiOutlinedInput-input css-16wblaj-MuiInputBase-input-MuiOutlinedInput-input"[39m
    [33mid[39m=[32m"_r_21k_"[39m
    [33mmaxlength[39m=[32m"50"[39m
    [33mrequired[39m=[32m""[39m
    [33mtype[39m=[32m"text"[39m
    [33mvalue[39m=[32m"JIRA-0633"[39m
  [36m/>[39m

  Name "Description for change item 633":
  [36m<textarea[39m
    [33maria-describedby[39m=[32m"change-item-632-desc-help"[39m
    [33maria-invalid[39m=[32m"false"[39m
    [33maria-label[39m=[32m"Description for change item 633"[39m
    [33mclass[39m=[32m"MuiInputBase-input MuiOutlinedInput-input css-w4nesw-MuiInputBase-input-MuiOutlinedInput-input"[39m
    [33mid[39m=[32m"_r_21l_"[39m
    [33mmaxlength[39m=[32m"500"[39m
    [33mrequired[39m=[32m""[39m
    [33mrows[39m=[32m"3"[39m
    [33mstyle[39m=[32m"height: 0px; overflow: hidden;"[39m
  [36m/>[39m

  Name "Jira number for change item 634":
  [36m<input[39m
    [33maria-describedby[39m=[32m"change-item-633-jira-help"[39m
    [33maria-invalid[39m=[32m"false"[39m
    [33maria-label[39m=[32m"Jira number for change item 634"[39m
    [33mclass[39m=[32m"MuiInputBase-input MuiOutlinedInput-input css-16wblaj-MuiInputBase-input-MuiOutlinedInput-input"[39m
    [33mid[39m=[32m"_r_21n_"[39m
    [33mmaxlength[39m=[32m"50"[39m
    [33mrequired[39m=[32m""[39m
    [33mtype[39m=[32m"text"[39m
    [33mvalue[39m=[32m"JIRA-0634"[39m
  [36m/>[39m

  Name "Description for change item 634":
  [36m<textarea[39m
    [33maria-describedby[39m=[32m"change-item-633-desc-help"[39m
    [33maria-invalid[39m=[32m"false"[39m
    [33maria-label[39m=[32m"Description for change item 634"[39m
    [33mclass[39m=[32m"MuiInputBase-input MuiOutlinedInput-input css-w4nesw-MuiInputBase-input-MuiOutlinedInput-input"[39m
    [33mid[39m=[32m"_r_21o_"[39m
    [33mmaxlength[39m=[32m"500"[39m
    [33mrequired[39m=[32m""[39m
    [33mrows[39m=[32m"3"[39m
    [33mstyle[39m=[32m"height: 0px; overflow: hidden;"[39m
  [36m/>[39m

  Name "Jira number for change item 635":
  [36m<input[39m
    [33maria-describedby[39m=[32m"change-item-634-jira-help"[39m
    [33maria-invalid[39m=[32m"false"[39m
    [33maria-label[39m=[32m"Jira number for change item 635"[39m
    [33mclass[39m=[32m"MuiInputBase-input MuiOutlinedInput-input css-16wblaj-MuiInputBase-input-MuiOutlinedInput-input"[39m
    [33mid[39m=[32m"_r_21q_"[39m
    [33mmaxlength[39m=[32m"50"[39m
    [33mrequired[39m=[32m""[39m
    [33mtype[39m=[32m"text"[39m
    [33mvalue[39m=[32m"JIRA-0635"[39m
  [36m/>[39m

  Name "Description for change item 635":
  [36m<textarea[39m
    [33maria-describedby[39m=[32m"change-item-634-desc-help"[39m
    [33maria-invalid[39m=[32m"false"[39m
    [33maria-label[39m=[32m"Description for change item 635"[39m
    [33mclass[39m=[32m"MuiInputBase-input MuiOutlinedInput-input css-w4nesw-MuiInputBase-input-MuiOutlinedInput-input"[39m
    [33mid[39m=[32m"_r_21r_"[39m
    [33mmaxlength[39m=[32m"500"[39m
    [33mrequired[39m=[32m""[39m
    [33mrows[39m=[32m"3"[39m
    [33mstyle[39m=[32m"height: 0px; overflow: hidden;"[39m
  [36m/>[39m

  Name "Jira number for change item 636":
  [36m<input[39m
    [33maria-describedby[39m=[32m"change-item-635-jira-help"[39m
    [33maria-invalid[39m=[32m"false"[39m
    [33maria-label[39m=[32m"Jira number for change item 636"[39m
    [33mclass[39m=[32m"MuiInputBase-input MuiOutlinedInput-input css-16wblaj-MuiInputBase-input-MuiOutlinedInput-input"[39m
    [33mid[39m=[32m"_r_21t_"[39m
    [33mmaxlength[39m=[32m"50"[39m
    [33mrequired[39m=[32m""[39m
    [33mtype[39m=[32m"text"[39m
    [33mvalue[39m=[32m"JIRA-0636"[39m
  [36m/>[39m

  Name "Description for change item 636":
  [36m<textarea[39m
    [33maria-describedby[39m=[32m"change-item-635-desc-help"[39m
    [33maria-invalid[39m=[32m"false"[39m
    [33maria-label[39m=[32m"Description for change item 636"[39m
    [33mclass[39m=[32m"MuiInputBase-input MuiOutlinedInput-input css-w4nesw-MuiInputBase-input-MuiOutlinedInput-input"[39m
    [33mid[39m=[32m"_r_21u_"[39m
    [33mmaxlength[39m=[32m"500"[39m
    [33mrequired[39m=[32m""[39m
    [33mrows[39m=[32m"3"[39m
    [33mstyle[39m=[32m"height: 0px; overflow: hidden;"[39m
  [36m/>[39m

  Name "Jira number for change item 637":
  [36m<input[39m
    [33maria-describedby[39m=[32m"change-item-636-jira-help"[39m
    [33maria-invalid[39m=[32m"false"[39m
    [33maria-label[39m=[32m"Jira number for change item 637"[39m
    [33mclass[39m=[32m"MuiInputBase-input MuiOutlinedInput-input css-16wblaj-MuiInputBase-input-MuiOutlinedInput-input"[39m
    [33mid[39m=[32m"_r_220_"[39m
    [33mmaxlength[39m=[32m"50"[39m
    [33mrequired[39m=[32m""[39m
    [33mtype[39m=[32m"text"[39m
    [33mvalue[39m=[32m"JIRA-0637"[39m
  [36m/>[39m

  Name "Description for change item 637":
  [36m<textarea[39m
    [33maria-describedby[39m=[32m"change-item-636-desc-help"[39m
    [33maria-invalid[39m=[32m"false"[39m
    [33maria-label[39m=[32m"Description for change item 637"[39m
    [33mclass[39m=[32m"MuiInputBase-input MuiOutlinedInput-input css-w4nesw-MuiInputBase-input-MuiOutlinedInput-input"[39m
    [33mid[39m=[32m"_r_221_"[39m
    [33mmaxlength[39m=[32m"500"[39m
    [33mrequired[39m=[32m""[39m
    [33mrows[39m=[32m"3"[39m
    [33mstyle[39m=[32m"height: 0px; overflow: hidden;"[39m
  [36m/>[39m

  Name "Jira number for change item 638":
  [36m<input[39m
    [33maria-describedby[39m=[32m"change-item-637-jira-help"[39m
    [33maria-invalid[39m=[32m"false"[39m
    [33maria-label[39m=[32m"Jira number for change item 638"[39m
    [33mclass[39m=[32m"MuiInputBase-input MuiOutlinedInput-input css-16wblaj-MuiInputBase-input-MuiOutlinedInput-input"[39m
    [33mid[39m=[32m"_r_223_"[39m
    [33mmaxlength[39m=[32m"50"[39m
    [33mrequired[39m=[32m""[39m
    [33mtype[39m=[32m"text"[39m
    [33mvalue[39m=[32m"JIRA-0638"[39m
  [36m/>[39m

  Name "Description for change item 638":
  [36m<textarea[39m
    [33maria-describedby[39m=[32m"change-item-637-desc-help"[39m
    [33maria-invalid[39m=[32m"false"[39m
    [33maria-label[39m=[32m"Description for change item 638"[39m
    [33mclass[39m=[32m"MuiInputBase-input MuiOutlinedInput-input css-w4nesw-MuiInputBase-input-MuiOutlinedInput-input"[39m
    [33mid[39m=[32m"_r_224_"[39m
    [33mmaxlength[39m=[32m"500"[39m
    [33mrequired[39m=[32m""[39m
    [33mrows[39m=[32m"3"[39m
    [33mstyle[39m=[32m"height: 0px; overflow: hidden;"[39m
  [36m/>[39m

  Name "Jira number for change item 639":
  [36m<input[39m
    [33maria-describedby[39m=[32m"change-item-638-jira-help"[39m
    [33maria-invalid[39m=[32m"false"[39m
    [33maria-label[39m=[32m"Jira number for change item 639"[39m
    [33mclass[39m=[32m"MuiInputBase-input MuiOutlinedInput-input css-16wblaj-MuiInputBase-input-MuiOutlinedInput-input"[39m
    [33mid[39m=[32m"_r_226_"[39m
    [33mmaxlength[39m=[32m"50"[39m
    [33mrequired[39m=[32m""[39m
    [33mtype[39m=[32m"text"[39m
    [33mvalue[39m=[32m"JIRA-0639"[39m
  [36m/>[39m

  Name "Description for change item 639":
  [36m<textarea[39m
    [33maria-describedby[39m=[32m"change-item-638-desc-help"[39m
    [33maria-invalid[39m=[32m"false"[39m
    [33maria-label[39m=[32m"Description for change item 639"[39m
    [33mclass[39m=[32m"MuiInputBase-input MuiOutlinedInput-input css-w4nesw-MuiInputBase-input-MuiOutlinedInput-input"[39m
    [33mid[39m=[32m"_r_227_"[39m
    [33mmaxlength[39m=[32m"500"[39m
    [33mrequired[39m=[32m""[39m
    [33mrows[39m=[32m"3"[39m
    [33mstyle[39m=[32m"height: 0px; overflow: hidden;"[39m
  [36m/>[39m

  Name "Jira number for change item 640":
  [36m<input[39m
    [33maria-describedby[39m=[32m"change-item-639-jira-help"[39m
    [33maria-invalid[39m=[32m"false"[39m
    [33maria-label[39m=[32m"Jira number for change item 640"[39m
    [33mclass[39m=[32m"MuiInputBase-input MuiOutlinedInput-input css-16wblaj-MuiInputBase-input-MuiOutlinedInput-input"[39m
    [33mid[39m=[32m"_r_229_"[39m
    [33mmaxlength[39m=[32m"50"[39m
    [33mrequired[39m=[32m""[39m
    [33mtype[39m=[32m"text"[39m
    [33mvalue[39m=[32m"JIRA-0640"[39m
  [36m/>[39m

  Name "Description for change item 640":
  [36m<textarea[39m
    [33maria-describedby[39m=[32m"change-item-639-desc-help"[39m
    [33maria-invalid[39m=[32m"false"[39m
    [33maria-label[39m=[32m"Description for change item 640"[39m
    [33mclass[39m=[32m"MuiInputBase-input MuiOutlinedInput-input css-w4nesw-MuiInputBase-input-MuiOutlinedInput-input"[39m
    [33mid[39m=[32m"_r_22a_"[39m
    [33mmaxlength[39m=[32m"500"[39m
    [33mrequired[39m=[32m""[39m
    [33mrows[39m=[32m"3"[39m
    [33mstyle[39m=[32m"height: 0px; overflow: hidden;"[39m
  [36m/>[39m

  Name "Jira number for change item 641":
  [36m<input[39m
    [33maria-describedby[39m=[32m"change-item-640-jira-help"[39m
    [33maria-invalid[39m=[32m"false"[39m
    [33maria-label[39m=[32m"Jira number for change item 641"[39m
    [33mclass[39m=[32m"MuiInputBase-input MuiOutlinedInput-input css-16wblaj-MuiInputBase-input-MuiOutlinedInput-input"[39m
    [33mid[39m=[32m"_r_22c_"[39m
    [33mmaxlength[39m=[32m"50"[39m
    [33mrequired[39m=[32m""[39m
    [33mtype[39m=[32m"text"[39m
    [33mvalue[39m=[32m"JIRA-0641"[39m
  [36m/>[39m

  Name "Description for change item 641":
  [36m<textarea[39m
    [33maria-describedby[39m=[32m"change-item-640-desc-help"[39m
    [33maria-invalid[39m=[32m"false"[39m
    [33maria-label[39m=[32m"Description for change item 641"[39m
    [33mclass[39m=[32m"MuiInputBase-input MuiOutlinedInput-input css-w4nesw-MuiInputBase-input-MuiOutlinedInput-input"[39m
    [33mid[39m=[32m"_r_22d_"[39m
    [33mmaxlength[39m=[32m"500"[39m
    [33mrequired[39m=[32m""[39m
    [33mrows[39m=[32m"3"[39m
    [33mstyle[39m=[32m"height: 0px; overflow: hidden;"[39m
  [36m/>[39m

  Name "Jira number for change item 642":
  [36m<input[39m
    [33maria-describedby[39m=[32m"change-item-641-jira-help"[39m
    [33maria-invalid[39m=[32m"false"[39m
    [33maria-label[39m=[32m"Jira number for change item 642"[39m
    [33mclass[39m=[32m"MuiInputBase-input MuiOutlinedInput-input css-16wblaj-MuiInputBase-input-MuiOutlinedInput-input"[39m
    [33mid[39m=[32m"_r_22f_"[39m
    [33mmaxlength[39m=[32m"50"[39m
    [33mrequired[39m=[32m""[39m
    [33mtype[39m=[32m"text"[39m
    [33mvalue[39m=[32m"JIRA-0642"[39m
  [36m/>[39m

  Name "Description for change item 642":
  [36m<textarea[39m
    [33maria-describedby[39m=[32m"change-item-641-desc-help"[39m
    [33maria-invalid[39m=[32m"false"[39m
    [33maria-label[39m=[32m"Description for change item 642"[39m
    [33mclass[39m=[32m"MuiInputBase-input MuiOutlinedInput-input css-w4nesw-MuiInputBase-input-MuiOutlinedInput-input"[39m
    [33mid[39m=[32m"_r_22g_"[39m
    [33mmaxlength[39m=[32m"500"[39m
    [33mrequired[39m=[32m""[39m
    [33mrows[39m=[32m"3"[39m
    [33mstyle[39m=[32m"height: 0px; overflow: hidden;"[39m
  [36m/>[39m

  Name "Jira number for change item 643":
  [36m<input[39m
    [33maria-describedby[39m=[32m"change-item-642-jira-help"[39m
    [33maria-invalid[39m=[32m"false"[39m
    [33maria-label[39m=[32m"Jira number for change item 643"[39m
    [33mclass[39m=[32m"MuiInputBase-input MuiOutlinedInput-input css-16wblaj-MuiInputBase-input-MuiOutlinedInput-input"[39m
    [33mid[39m=[32m"_r_22i_"[39m
    [33mmaxlength[39m=[32m"50"[39m
    [33mrequired[39m=[32m""[39m
    [33mtype[39m=[32m"text"[39m
    [33mvalue[39m=[32m"JIRA-0643"[39m
  [36m/>[39m

  Name "Description for change item 643":
  [36m<textarea[39m
    [33maria-describedby[39m=[32m"change-item-642-desc-help"[39m
    [33maria-invalid[39m=[32m"false"[39m
    [33maria-label[39m=[32m"Description for change item 643"[39m
    [33mclass[39m=[32m"MuiInputBase-input MuiOutlinedInput-input css-w4nesw-MuiInputBase-input-MuiOutlinedInput-input"[39m
    [33mid[39m=[32m"_r_22j_"[39m
    [33mmaxlength[39m=[32m"500"[39m
    [33mrequired[39m=[32m""[39m
    [33mrows[39m=[32m"3"[39m
    [33mstyle[39m=[32m"height: 0px; overflow: hidden;"[39m
  [36m/>[39m

  Name "Jira number for change item 644":
  [36m<input[39m
    [33maria-describedby[39m=[32m"change-item-643-jira-help"[39m
    [33maria-invalid[39m=[32m"false"[39m
    [33maria-label[39m=[32m"Jira number for change item 644"[39m
    [33mclass[39m=[32m"MuiInputBase-input MuiOutlinedInput-input css-16wblaj-MuiInputBase-input-MuiOutlinedInput-input"[39m
    [33mid[39m=[32m"_r_22l_"[39m
    [33mmaxlength[39m=[32m"50"[39m
    [33mrequired[39m=[32m""[39m
    [33mtype[39m=[32m"text"[39m
    [33mvalue[39m=[32m"JIRA-0644"[39m
  [36m/>[39m

  Name "Description for change item 644":
  [36m<textarea[39m
    [33maria-describedby[39m=[32m"change-item-643-desc-help"[39m
    [33maria-invalid[39m=[32m"false"[39m
    [33maria-label[39m=[32m"Description for change item 644"[39m
    [33mclass[39m=[32m"MuiInputBase-input MuiOutlinedInput-input css-w4nesw-MuiInputBase-input-MuiOutlinedInput-input"[39m
    [33mid[39m=[32m"_r_22m_"[39m
    [33mmaxlength[39m=[32m"500"[39m
    [33mrequired[39m=[32m""[39m
    [33mrows[39m=[32m"3"[39m
    [33mstyle[39m=[32m"height: 0px; overflow: hidden;"[39m
  [36m/>[39m

  Name "Jira number for change item 645":
  [36m<input[39m
    [33maria-describedby[39m=[32m"change-item-644-jira-help"[39m
    [33maria-invalid[39m=[32m"false"[39m
    [33maria-label[39m=[32m"Jira number for change item 645"[39m
    [33mclass[39m=[32m"MuiInputBase-input MuiOutlinedInput-input css-16wblaj-MuiInputBase-input-MuiOutlinedInput-input"[39m
    [33mid[39m=[32m"_r_22o_"[39m
    [33mmaxlength[39m=[32m"50"[39m
    [33mrequired[39m=[32m""[39m
    [33mtype[39m=[32m"text"[39m
    [33mvalue[39m=[32m"JIRA-0645"[39m
  [36m/>[39m

  Name "Description for change item 645":
  [36m<textarea[39m
    [33maria-describedby[39m=[32m"change-item-644-desc-help"[39m
    [33maria-invalid[39m=[32m"false"[39m
    [33maria-label[39m=[32m"Description for change item 645"[39m
    [33mclass[39m=[32m"MuiInputBase-input MuiOutlinedInput-input css-w4nesw-MuiInputBase-input-MuiOutlinedInput-input"[39m
    [33mid[39m=[32m"_r_22p_"[39m
    [33mmaxlength[39m=[32m"500"[39m
    [33mrequired[39m=[32m""[39m
    [33mrows[39m=[32m"3"[39m
    [33mstyle[39m=[32m"height: 0px; overflow: hidden;"[39m
  [36m/>[39m

  Name "Jira number for change item 646":
  [36m<input[39m
    [33maria-describedby[39m=[32m"change-item-645-jira-help"[39m
    [33maria-invalid[39m=[32m"false"[39m
    [33maria-label[39m=[32m"Jira number for change item 646"[39m
    [33mclass[39m=[32m"MuiInputBase-input MuiOutlinedInput-input css-16wblaj-MuiInputBase-input-MuiOutlinedInput-input"[39m
    [33mid[39m=[32m"_r_22r_"[39m
    [33mmaxlength[39m=[32m"50"[39m
    [33mrequired[39m=[32m""[39m
    [33mtype[39m=[32m"text"[39m
    [33mvalue[39m=[32m"JIRA-0646"[39m
  [36m/>[39m

  Name "Description for change item 646":
  [36m<textarea[39m
    [33maria-describedby[39m=[32m"change-item-645-desc-help"[39m
    [33maria-invalid[39m=[32m"false"[39m
    [33maria-label[39m=[32m"Description for change item 646"[39m
    [33mclass[39m=[32m"MuiInputBase-input MuiOutlinedInput-input css-w4nesw-MuiInputBase-input-MuiOutlinedInput-input"[39m
    [33mid[39m=[32m"_r_22s_"[39m
    [33mmaxlength[39m=[32m"500"[39m
    [33mrequired[39m=[32m""[39m
    [33mrows[39m=[32m"3"[39m
    [33mstyle[39m=[32m"height: 0px; overflow: hidden;"[39m
  [36m/>[39m

  Name "Jira number for change item 647":
  [36m<input[39m
    [33maria-describedby[39m=[32m"change-item-646-jira-help"[39m
    [33maria-invalid[39m=[32m"false"[39m
    [33maria-label[39m=[32m"Jira number for change item 647"[39m
    [33mclass[39m=[32m"MuiInputBase-input MuiOutlinedInput-input css-16wblaj-MuiInputBase-input-MuiOutlinedInput-input"[39m
    [33mid[39m=[32m"_r_22u_"[39m
    [33mmaxlength[39m=[32m"50"[39m
    [33mrequired[39m=[32m""[39m
    [33mtype[39m=[32m"text"[39m
    [33mvalue[39m=[32m"JIRA-0647"[39m
  [36m/>[39m

  Name "Description for change item 647":
  [36m<textarea[39m
    [33maria-describedby[39m=[32m"change-item-646-desc-help"[39m
    [33maria-invalid[39m=[32m"false"[39m
    [33maria-label[39m=[32m"Description for change item 647"[39m
    [33mclass[39m=[32m"MuiInputBase-input MuiOutlinedInput-input css-w4nesw-MuiInputBase-input-MuiOutlinedInput-input"[39m
    [33mid[39m=[32m"_r_22v_"[39m
    [33mmaxlength[39m=[32m"500"[39m
    [33mrequired[39m=[32m""[39m
    [33mrows[39m=[32m"3"[39m
    [33mstyle[39m=[32m"height: 0px; overflow: hidden;"[39m
  [36m/>[39m

  Name "Jira number for change item 648":
  [36m<input[39m
    [33maria-describedby[39m=[32m"change-item-647-jira-help"[39m
    [33maria-invalid[39m=[32m"false"[39m
    [33maria-label[39m=[32m"Jira number for change item 648"[39m
    [33mclass[39m=[32m"MuiInputBase-input MuiOutlinedInput-input css-16wblaj-MuiInputBase-input-MuiOutlinedInput-input"[39m
    [33mid[39m=[32m"_r_231_"[39m
    [33mmaxlength[39m=[32m"50"[39m
    [33mrequired[39m=[32m""[39m
    [33mtype[39m=[32m"text"[39m
    [33mvalue[39m=[32m"JIRA-0648"[39m
  [36m/>[39m

  Name "Description for change item 648":
  [36m<textarea[39m
    [33maria-describedby[39m=[32m"change-item-647-desc-help"[39m
    [33maria-invalid[39m=[32m"false"[39m
    [33maria-label[39m=[32m"Description for change item 648"[39m
    [33mclass[39m=[32m"MuiInputBase-input MuiOutlinedInput-input css-w4nesw-MuiInputBase-input-MuiOutlinedInput-input"[39m
    [33mid[39m=[32m"_r_232_"[39m
    [33mmaxlength[39m=[32m"500"[39m
    [33mrequired[39m=[32m""[39m
    [33mrows[39m=[32m"3"[39m
    [33mstyle[39m=[32m"height: 0px; overflow: hidden;"[39m
  [36m/>[39m

  Name "Jira number for change item 649":
  [36m<input[39m
    [33maria-describedby[39m=[32m"change-item-648-jira-help"[39m
    [33maria-invalid[39m=[32m"false"[39m
    [33maria-label[39m=[32m"Jira number for change item 649"[39m
    [33mclass[39m=[32m"MuiInputBase-input MuiOutlinedInput-input css-16wblaj-MuiInputBase-input-MuiOutlinedInput-input"[39m
    [33mid[39m=[32m"_r_234_"[39m
    [33mmaxlength[39m=[32m"50"[39m
    [33mrequired[39m=[32m""[39m
    [33mtype[39m=[32m"text"[39m
    [33mvalue[39m=[32m"JIRA-0649"[39m
  [36m/>[39m

  Name "Description for change item 649":
  [36m<textarea[39m
    [33maria-describedby[39m=[32m"change-item-648-desc-help"[39m
    [33maria-invalid[39m=[32m"false"[39m
    [33maria-label[39m=[32m"Description for change item 649"[39m
    [33mclass[39m=[32m"MuiInputBase-input MuiOutlinedInput-input css-w4nesw-MuiInputBase-input-MuiOutlinedInput-input"[39m
    [33mid[39m=[32m"_r_235_"[39m
    [33mmaxlength[39m=[32m"500"[39m
    [33mrequired[39m=[32m""[39m
    [33mrows[39m=[32m"3"[39m
    [33mstyle[39m=[32m"height: 0px; overflow: hidden;"[39m
  [36m/>[39m

  Name "Jira number for change item 650":
  [36m<input[39m
    [33maria-describedby[39m=[32m"change-item-649-jira-help"[39m
    [33maria-invalid[39m=[32m"false"[39m
    [33maria-label[39m=[32m"Jira number for change item 650"[39m
    [33mclass[39m=[32m"MuiInputBase-input MuiOutlinedInput-input css-16wblaj-MuiInputBase-input-MuiOutlinedInput-input"[39m
    [33mid[39m=[32m"_r_237_"[39m
    [33mmaxlength[39m=[32m"50"[39m
    [33mrequired[39m=[32m""[39m
    [33mtype[39m=[32m"text"[39m
    [33mvalue[39m=[32m"JIRA-0650"[39m
  [36m/>[39m

  Name "Description for change item 650":
  [36m<textarea[39m
    [33maria-describedby[39m=[32m"change-item-649-desc-help"[39m
    [33maria-invalid[39m=[32m"false"[39m
    [33maria-label[39m=[32m"Description for change item 650"[39m
    [33mclass[39m=[32m"MuiInputBase-input MuiOutlinedInput-input css-w4nesw-MuiInputBase-input-MuiOutlinedInput-input"[39m
    [33mid[39m=[32m"_r_238_"[39m
    [33mmaxlength[39m=[32m"500"[39m
    [33mrequired[39m=[32m""[39m
    [33mrows[39m=[32m"3"[39m
    [33mstyle[39m=[32m"height: 0px; overflow: hidden;"[39m
  [36m/>[39m

  Name "Jira number for change item 651":
  [36m<input[39m
    [33maria-describedby[39m=[32m"change-item-650-jira-help"[39m
    [33maria-invalid[39m=[32m"false"[39m
    [33maria-label[39m=[32m"Jira number for change item 651"[39m
    [33mclass[39m=[32m"MuiInputBase-input MuiOutlinedInput-input css-16wblaj-MuiInputBase-input-MuiOutlinedInput-input"[39m
    [33mid[39m=[32m"_r_23a_"[39m
    [33mmaxlength[39m=[32m"50"[39m
    [33mrequired[39m=[32m""[39m
    [33mtype[39m=[32m"text"[39m
    [33mvalue[39m=[32m"JIRA-0651"[39m
  [36m/>[39m

  Name "Description for change item 651":
  [36m<textarea[39m
    [33maria-describedby[39m=[32m"change-item-650-desc-help"[39m
    [33maria-invalid[39m=[32m"false"[39m
    [33maria-label[39m=[32m"Description for change item 651"[39m
    [33mclass[39m=[32m"MuiInputBase-input MuiOutlinedInput-input css-w4nesw-MuiInputBase-input-MuiOutlinedInput-input"[39m
    [33mid[39m=[32m"_r_23b_"[39m
    [33mmaxlength[39m=[32m"500"[39m
    [33mrequired[39m=[32m""[39m
    [33mrows[39m=[32m"3"[39m
    [33mstyle[39m=[32m"height: 0px; overflow: hidden;"[39m
  [36m/>[39m

  Name "Jira number for change item 652":
  [36m<input[39m
    [33maria-describedby[39m=[32m"change-item-651-jira-help"[39m
    [33maria-invalid[39m=[32m"false"[39m
    [33maria-label[39m=[32m"Jira number for change item 652"[39m
    [33mclass[39m=[32m"MuiInputBase-input MuiOutlinedInput-input css-16wblaj-MuiInputBase-input-MuiOutlinedInput-input"[39m
    [33mid[39m=[32m"_r_23d_"[39m
    [33mmaxlength[39m=[32m"50"[39m
    [33mrequired[39m=[32m""[39m
    [33mtype[39m=[32m"text"[39m
    [33mvalue[39m=[32m"JIRA-0652"[39m
  [36m/>[39m

  Name "Description for change item 652":
  [36m<textarea[39m
    [33maria-describedby[39m=[32m"change-item-651-desc-help"[39m
    [33maria-invalid[39m=[32m"false"[39m
    [33maria-label[39m=[32m"Description for change item 652"[39m
    [33mclass[39m=[32m"MuiInputBase-input MuiOutlinedInput-input css-w4nesw-MuiInputBase-input-MuiOutlinedInput-input"[39m
    [33mid[39m=[32m"_r_23e_"[39m
    [33mmaxlength[39m=[32m"500"[39m
    [33mrequired[39m=[32m""[39m
    [33mrows[39m=[32m"3"[39m
    [33mstyle[39m=[32m"height: 0px; overflow: hidden;"[39m
  [36m/>[39m

  Name "Jira number for change item 653":
  [36m<input[39m
    [33maria-describedby[39m=[32m"change-item-652-jira-help"[39m
    [33maria-invalid[39m=[32m"false"[39m
    [33maria-label[39m=[32m"Jira number for change item 653"[39m
    [33mclass[39m=[32m"MuiInputBase-input MuiOutlinedInput-input css-16wblaj-MuiInputBase-input-MuiOutlinedInput-input"[39m
    [33mid[39m=[32m"_r_23g_"[39m
    [33mmaxlength[39m=[32m"50"[39m
    [33mrequired[39m=[32m""[39m
    [33mtype[39m=[32m"text"[39m
    [33mvalue[39m=[32m"JIRA-0653"[39m
  [36m/>[39m

  Name "Description for change item 653":
  [36m<textarea[39m
    [33maria-describedby[39m=[32m"change-item-652-desc-help"[39m
    [33maria-invalid[39m=[32m"false"[39m
    [33maria-label[39m=[32m"Description for change item 653"[39m
    [33mclass[39m=[32m"MuiInputBase-input MuiOutlinedInput-input css-w4nesw-MuiInputBase-input-MuiOutlinedInput-input"[39m
    [33mid[39m=[32m"_r_23h_"[39m
    [33mmaxlength[39m=[32m"500"[39m
    [33mrequired[39m=[32m""[39m
    [33mrows[39m=[32m"3"[39m
    [33mstyle[39m=[32m"height: 0px; overflow: hidden;"[39m
  [36m/>[39m

  Name "Jira number for change item 654":
  [36m<input[39m
    [33maria-describedby[39m=[32m"change-item-653-jira-help"[39m
    [33maria-invalid[39m=[32m"false"[39m
    [33maria-label[39m=[32m"Jira number for change item 654"[39m
    [33mclass[39m=[32m"MuiInputBase-input MuiOutlinedInput-input css-16wblaj-MuiInputBase-input-MuiOutlinedInput-input"[39m
    [33mid[39m=[32m"_r_23j_"[39m
    [33mmaxlength[39m=[32m"50"[39m
    [33mrequired[39m=[32m""[39m
    [33mtype[39m=[32m"text"[39m
    [33mvalue[39m=[32m"JIRA-0654"[39m
  [36m/>[39m

  Name "Description for change item 654":
  [36m<textarea[39m
    [33maria-describedby[39m=[32m"change-item-653-desc-help"[39m
    [33maria-invalid[39m=[32m"false"[39m
    [33maria-label[39m=[32m"Description for change item 654"[39m
    [33mclass[39m=[32m"MuiInputBase-input MuiOutlinedInput-input css-w4nesw-MuiInputBase-input-MuiOutlinedInput-input"[39m
    [33mid[39m=[32m"_r_23k_"[39m
    [33mmaxlength[39m=[32m"500"[39m
    [33mrequired[39m=[32m""[39m
    [33mrows[39m=[32m"3"[39m
    [33mstyle[39m=[32m"height: 0px; overflow: hidden;"[39m
  [36m/>[39m

  Name "Jira number for change item 655":
  [36m<input[39m
    [33maria-describedby[39m=[32m"change-item-654-jira-help"[39m
    [33maria-invalid[39m=[32m"false"[39m
    [33maria-label[39m=[32m"Jira number for change item 655"[39m
    [33mclass[39m=[32m"MuiInputBase-input MuiOutlinedInput-input css-16wblaj-MuiInputBase-input-MuiOutlinedInput-input"[39m
    [33mid[39m=[32m"_r_23m_"[39m
    [33mmaxlength[39m=[32m"50"[39m
    [33mrequired[39m=[32m""[39m
    [33mtype[39m=[32m"text"[39m
    [33mvalue[39m=[32m"JIRA-0655"[39m
  [36m/>[39m

  Name "Description for change item 655":
  [36m<textarea[39m
    [33maria-describedby[39m=[32m"change-item-654-desc-help"[39m
    [33maria-invalid[39m=[32m"false"[39m
    [33maria-label[39m=[32m"Description for change item 655"[39m
    [33mclass[39m=[32m"MuiInputBase-input MuiOutlinedInput-input css-w4nesw-MuiInputBase-input-MuiOutlinedInput-input"[39m
    [33mid[39m=[32m"_r_23n_"[39m
    [33mmaxlength[39m=[32m"500"[39m
    [33mrequired[39m=[32m""[39m
    [33mrows[39m=[32m"3"[39m
    [33mstyle[39m=[32m"height: 0px; overflow: hidden;"[39m
  [36m/>[39m

  Name "Jira number for change item 656":
  [36m<input[39m
    [33maria-describedby[39m=[32m"change-item-655-jira-help"[39m
    [33maria-invalid[39m=[32m"false"[39m
    [33maria-label[39m=[32m"Jira number for change item 656"[39m
    [33mclass[39m=[32m"MuiInputBase-input MuiOutlinedInput-input css-16wblaj-MuiInputBase-input-MuiOutlinedInput-input"[39m
    [33mid[39m=[32m"_r_23p_"[39m
    [33mmaxlength[39m=[32m"50"[39m
    [33mrequired[39m=[32m""[39m
    [33mtype[39m=[32m"text"[39m
    [33mvalue[39m=[32m"JIRA-0656"[39m
  [36m/>[39m

  Name "Description for change item 656":
  [36m<textarea[39m
    [33maria-describedby[39m=[32m"change-item-655-desc-help"[39m
    [33maria-invalid[39m=[32m"false"[39m
    [33maria-label[39m=[32m"Description for change item 656"[39m
    [33mclass[39m=[32m"MuiInputBase-input MuiOutlinedInput-input css-w4nesw-MuiInputBase-input-MuiOutlinedInput-input"[39m
    [33mid[39m=[32m"_r_23q_"[39m
    [33mmaxlength[39m=[32m"500"[39m
    [33mrequired[39m=[32m""[39m
    [33mrows[39m=[32m"3"[39m
    [33mstyle[39m=[32m"height: 0px; overflow: hidden;"[39m
  [36m/>[39m

  Name "Jira number for change item 657":
  [36m<input[39m
    [33maria-describedby[39m=[32m"change-item-656-jira-help"[39m
    [33maria-invalid[39m=[32m"false"[39m
    [33maria-label[39m=[32m"Jira number for change item 657"[39m
    [33mclass[39m=[32m"MuiInputBase-input MuiOutlinedInput-input css-16wblaj-MuiInputBase-input-MuiOutlinedInput-input"[39m
    [33mid[39m=[32m"_r_23s_"[39m
    [33mmaxlength[39m=[32m"50"[39m
    [33mrequired[39m=[32m""[39m
    [33mtype[39m=[32m"text"[39m
    [33mvalue[39m=[32m"JIRA-0657"[39m
  [36m/>[39m

  Name "Description for change item 657":
  [36m<textarea[39m
    [33maria-describedby[39m=[32m"change-item-656-desc-help"[39m
    [33maria-invalid[39m=[32m"false"[39m
    [33maria-label[39m=[32m"Description for change item 657"[39m
    [33mclass[39m=[32m"MuiInputBase-input MuiOutlinedInput-input css-w4nesw-MuiInputBase-input-MuiOutlinedInput-input"[39m
    [33mid[39m=[32m"_r_23t_"[39m
    [33mmaxlength[39m=[32m"500"[39m
    [33mrequired[39m=[32m""[39m
    [33mrows[39m=[32m"3"[39m
    [33mstyle[39m=[32m"height: 0px; overflow: hidden;"[39m
  [36m/>[39m

  Name "Jira number for change item 658":
  [36m<input[39m
    [33maria-describedby[39m=[32m"change-item-657-jira-help"[39m
    [33maria-invalid[39m=[32m"false"[39m
    [33maria-label[39m=[32m"Jira number for change item 658"[39m
    [33mclass[39m=[32m"MuiInputBase-input MuiOutlinedInput-input css-16wblaj-MuiInputBase-input-MuiOutlinedInput-input"[39m
    [33mid[39m=[32m"_r_23v_"[39m
    [33mmaxlength[39m=[32m"50"[39m
    [33mrequired[39m=[32m""[39m
    [33mtype[39m=[32m"text"[39m
    [33mvalue[39m=[32m"JIRA-0658"[39m
  [36m/>[39m

  Name "Description for change item 658":
  [36m<textarea[39m
    [33maria-describedby[39m=[32m"change-item-657-desc-help"[39m
    [33maria-invalid[39m=[32m"false"[39m
    [33maria-label[39m=[32m"Description for change item 658"[39m
    [33mclass[39m=[32m"MuiInputBase-input MuiOutlinedInput-input css-w4nesw-MuiInputBase-input-MuiOutlinedInput-input"[39m
    [33mid[39m=[32m"_r_240_"[39m
    [33mmaxlength[39m=[32m"500"[39m
    [33mrequired[39m=[32m""[39m
    [33mrows[39m=[32m"3"[39m
    [33mstyle[39m=[32m"height: 0px; overflow: hidden;"[39m
  [36m/>[39m

  Name "Jira number for change item 659":
  [36m<input[39m
    [33maria-describedby[39m=[32m"change-item-658-jira-help"[39m
    [33maria-invalid[39m=[32m"false"[39m
    [33maria-label[39m=[32m"Jira number for change item 659"[39m
    [33mclass[39m=[32m"MuiInputBase-input MuiOutlinedInput-input css-16wblaj-MuiInputBase-input-MuiOutlinedInput-input"[39m
    [33mid[39m=[32m"_r_242_"[39m
    [33mmaxlength[39m=[32m"50"[39m
    [33mrequired[39m=[32m""[39m
    [33mtype[39m=[32m"text"[39m
    [33mvalue[39m=[32m"JIRA-0659"[39m
  [36m/>[39m

  Name "Description for change item 659":
  [36m<textarea[39m
    [33maria-describedby[39m=[32m"change-item-658-desc-help"[39m
    [33maria-invalid[39m=[32m"false"[39m
    [33maria-label[39m=[32m"Description for change item 659"[39m
    [33mclass[39m=[32m"MuiInputBase-input MuiOutlinedInput-input css-w4nesw-MuiInputBase-input-MuiOutlinedInput-input"[39m
    [33mid[39m=[32m"_r_243_"[39m
    [33mmaxlength[39m=[32m"500"[39m
    [33mrequired[39m=[32m""[39m
    [33mrows[39m=[32m"3"[39m
    [33mstyle[39m=[32m"height: 0px; overflow: hidden;"[39m
  [36m/>[39m

  Name "Jira number for change item 660":
  [36m<input[39m
    [33maria-describedby[39m=[32m"change-item-659-jira-help"[39m
    [33maria-invalid[39m=[32m"false"[39m
    [33maria-label[39m=[32m"Jira number for change item 660"[39m
    [33mclass[39m=[32m"MuiInputBase-input MuiOutlinedInput-input css-16wblaj-MuiInputBase-input-MuiOutlinedInput-input"[39m
    [33mid[39m=[32m"_r_245_"[39m
    [33mmaxlength[39m=[32m"50"[39m
    [33mrequired[39m=[32m""[39m
    [33mtype[39m=[32m"text"[39m
    [33mvalue[39m=[32m"JIRA-0660"[39m
  [36m/>[39m

  Name "Description for change item 660":
  [36m<textarea[39m
    [33maria-describedby[39m=[32m"change-item-659-desc-help"[39m
    [33maria-invalid[39m=[32m"false"[39m
    [33maria-label[39m=[32m"Description for change item 660"[39m
    [33mclass[39m=[32m"MuiInputBase-input MuiOutlinedInput-input css-w4nesw-MuiInputBase-input-MuiOutlinedInput-input"[39m
    [33mid[39m=[32m"_r_246_"[39m
    [33mmaxlength[39m=[32m"500"[39m
    [33mrequired[39m=[32m""[39m
    [33mrows[39m=[32m"3"[39m
    [33mstyle[39m=[32m"height: 0px; overflow: hidden;"[39m
  [36m/>[39m

  Name "Jira number for change item 661":
  [36m<input[39m
    [33maria-describedby[39m=[32m"change-item-660-jira-help"[39m
    [33maria-invalid[39m=[32m"false"[39m
    [33maria-label[39m=[32m"Jira number for change item 661"[39m
    [33mclass[39m=[32m"MuiInputBase-input MuiOutlinedInput-input css-16wblaj-MuiInputBase-input-MuiOutlinedInput-input"[39m
    [33mid[39m=[32m"_r_248_"[39m
    [33mmaxlength[39m=[32m"50"[39m
    [33mrequired[39m=[32m""[39m
    [33mtype[39m=[32m"text"[39m
    [33mvalue[39m=[32m"JIRA-0661"[39m
  [36m/>[39m

  Name "Description for change item 661":
  [36m<textarea[39m
    [33maria-describedby[39m=[32m"change-item-660-desc-help"[39m
    [33maria-invalid[39m=[32m"false"[39m
    [33maria-label[39m=[32m"Description for change item 661"[39m
    [33mclass[39m=[32m"MuiInputBase-input MuiOutlinedInput-input css-w4nesw-MuiInputBase-input-MuiOutlinedInput-input"[39m
    [33mid[39m=[32m"_r_249_"[39m
    [33mmaxlength[39m=[32m"500"[39m
    [33mrequired[39m=[32m""[39m
    [33mrows[39m=[32m"3"[39m
    [33mstyle[39m=[32m"height: 0px; overflow: hidden;"[39m
  [36m/>[39m

  Name "Jira number for change item 662":
  [36m<input[39m
    [33maria-describedby[39m=[32m"change-item-661-jira-help"[39m
    [33maria-invalid[39m=[32m"false"[39m
    [33maria-label[39m=[32m"Jira number for change item 662"[39m
    [33mclass[39m=[32m"MuiInputBase-input MuiOutlinedInput-input css-16wblaj-MuiInputBase-input-MuiOutlinedInput-input"[39m
    [33mid[39m=[32m"_r_24b_"[39m
    [33mmaxlength[39m=[32m"50"[39m
    [33mrequired[39m=[32m""[39m
    [33mtype[39m=[32m"text"[39m
    [33mvalue[39m=[32m"JIRA-0662"[39m
  [36m/>[39m

  Name "Description for change item 662":
  [36m<textarea[39m
    [33maria-describedby[39m=[32m"change-item-661-desc-help"[39m
    [33maria-invalid[39m=[32m"false"[39m
    [33maria-label[39m=[32m"Description for change item 662"[39m
    [33mclass[39m=[32m"MuiInputBase-input MuiOutlinedInput-input css-w4nesw-MuiInputBase-input-MuiOutlinedInput-input"[39m
    [33mid[39m=[32m"_r_24c_"[39m
    [33mmaxlength[39m=[32m"500"[39m
    [33mrequired[39m=[32m""[39m
    [33mrows[39m=[32m"3"[39m
    [33mstyle[39m=[32m"height: 0px; overflow: hidden;"[39m
  [36m/>[39m

  Name "Jira number for change item 663":
  [36m<input[39m
    [33maria-describedby[39m=[32m"change-item-662-jira-help"[39m
    [33maria-invalid[39m=[32m"false"[39m
    [33maria-label[39m=[32m"Jira number for change item 663"[39m
    [33mclass[39m=[32m"MuiInputBase-input MuiOutlinedInput-input css-16wblaj-MuiInputBase-input-MuiOutlinedInput-input"[39m
    [33mid[39m=[32m"_r_24e_"[39m
    [33mmaxlength[39m=[32m"50"[39m
    [33mrequired[39m=[32m""[39m
    [33mtype[39m=[32m"text"[39m
    [33mvalue[39m=[32m"JIRA-0663"[39m
  [36m/>[39m

  Name "Description for change item 663":
  [36m<textarea[39m
    [33maria-describedby[39m=[32m"change-item-662-desc-help"[39m
    [33maria-invalid[39m=[32m"false"[39m
    [33maria-label[39m=[32m"Description for change item 663"[39m
    [33mclass[39m=[32m"MuiInputBase-input MuiOutlinedInput-input css-w4nesw-MuiInputBase-input-MuiOutlinedInput-input"[39m
    [33mid[39m=[32m"_r_24f_"[39m
    [33mmaxlength[39m=[32m"500"[39m
    [33mrequired[39m=[32m""[39m
    [33mrows[39m=[32m"3"[39m
    [33mstyle[39m=[32m"height: 0px; overflow: hidden;"[39m
  [36m/>[39m

  Name "Jira number for change item 664":
  [36m<input[39m
    [33maria-describedby[39m=[32m"change-item-663-jira-help"[39m
    [33maria-invalid[39m=[32m"false"[39m
    [33maria-label[39m=[32m"Jira number for change item 664"[39m
    [33mclass[39m=[32m"MuiInputBase-input MuiOutlinedInput-input css-16wblaj-MuiInputBase-input-MuiOutlinedInput-input"[39m
    [33mid[39m=[32m"_r_24h_"[39m
    [33mmaxlength[39m=[32m"50"[39m
    [33mrequired[39m=[32m""[39m
    [33mtype[39m=[32m"text"[39m
    [33mvalue[39m=[32m"JIRA-0664"[39m
  [36m/>[39m

  Name "Description for change item 664":
  [36m<textarea[39m
    [33maria-describedby[39m=[32m"change-item-663-desc-help"[39m
    [33maria-invalid[39m=[32m"false"[39m
    [33maria-label[39m=[32m"Description for change item 664"[39m
    [33mclass[39m=[32m"MuiInputBase-input MuiOutlinedInput-input css-w4nesw-MuiInputBase-input-MuiOutlinedInput-input"[39m
    [33mid[39m=[32m"_r_24i_"[39m
    [33mmaxlength[39m=[32m"500"[39m
    [33mrequired[39m=[32m""[39m
    [33mrows[39m=[32m"3"[39m
    [33mstyle[39m=[32m"height: 0px; overflow: hidden;"[39m
  [36m/>[39m

  Name "Jira number for change item 665":
  [36m<input[39m
    [33maria-describedby[39m=[32m"change-item-664-jira-help"[39m
    [33maria-invalid[39m=[32m"false"[39m
    [33maria-label[39m=[32m"Jira number for change item 665"[39m
    [33mclass[39m=[32m"MuiInputBase-input MuiOutlinedInput-input css-16wblaj-MuiInputBase-input-MuiOutlinedInput-input"[39m
    [33mid[39m=[32m"_r_24k_"[39m
    [33mmaxlength[39m=[32m"50"[39m
    [33mrequired[39m=[32m""[39m
    [33mtype[39m=[32m"text"[39m
    [33mvalue[39m=[32m"JIRA-0665"[39m
  [36m/>[39m

  Name "Description for change item 665":
  [36m<textarea[39m
    [33maria-describedby[39m=[32m"change-item-664-desc-help"[39m
    [33maria-invalid[39m=[32m"false"[39m
    [33maria-label[39m=[32m"Description for change item 665"[39m
    [33mclass[39m=[32m"MuiInputBase-input MuiOutlinedInput-input css-w4nesw-MuiInputBase-input-MuiOutlinedInput-input"[39m
    [33mid[39m=[32m"_r_24l_"[39m
    [33mmaxlength[39m=[32m"500"[39m
    [33mrequired[39m=[32m""[39m
    [33mrows[39m=[32m"3"[39m
    [33mstyle[39m=[32m"height: 0px; overflow: hidden;"[39m
  [36m/>[39m

  Name "Jira number for change item 666":
  [36m<input[39m
    [33maria-describedby[39m=[32m"change-item-665-jira-help"[39m
    [33maria-invalid[39m=[32m"false"[39m
    [33maria-label[39m=[32m"Jira number for change item 666"[39m
    [33mclass[39m=[32m"MuiInputBase-input MuiOutlinedInput-input css-16wblaj-MuiInputBase-input-MuiOutlinedInput-input"[39m
    [33mid[39m=[32m"_r_24n_"[39m
    [33mmaxlength[39m=[32m"50"[39m
    [33mrequired[39m=[32m""[39m
    [33mtype[39m=[32m"text"[39m
    [33mvalue[39m=[32m"JIRA-0666"[39m
  [36m/>[39m

  Name "Description for change item 666":
  [36m<textarea[39m
    [33maria-describedby[39m=[32m"change-item-665-desc-help"[39m
    [33maria-invalid[39m=[32m"false"[39m
    [33maria-label[39m=[32m"Description for change item 666"[39m
    [33mclass[39m=[32m"MuiInputBase-input MuiOutlinedInput-input css-w4nesw-MuiInputBase-input-MuiOutlinedInput-input"[39m
    [33mid[39m=[32m"_r_24o_"[39m
    [33mmaxlength[39m=[32m"500"[39m
    [33mrequired[39m=[32m""[39m
    [33mrows[39m=[32m"3"[39m
    [33mstyle[39m=[32m"height: 0px; overflow: hidden;"[39m
  [36m/>[39m

  Name "Jira number for change item 667":
  [36m<input[39m
    [33maria-describedby[39m=[32m"change-item-666-jira-help"[39m
    [33maria-invalid[39m=[32m"false"[39m
    [33maria-label[39m=[32m"Jira number for change item 667"[39m
    [33mclass[39m=[32m"MuiInputBase-input MuiOutlinedInput-input css-16wblaj-MuiInputBase-input-MuiOutlinedInput-input"[39m
    [33mid[39m=[32m"_r_24q_"[39m
    [33mmaxlength[39m=[32m"50"[39m
    [33mrequired[39m=[32m""[39m
    [33mtype[39m=[32m"text"[39m
    [33mvalue[39m=[32m"JIRA-0667"[39m
  [36m/>[39m

  Name "Description for change item 667":
  [36m<textarea[39m
    [33maria-describedby[39m=[32m"change-item-666-desc-help"[39m
    [33maria-invalid[39m=[32m"false"[39m
    [33maria-label[39m=[32m"Description for change item 667"[39m
    [33mclass[39m=[32m"MuiInputBase-input MuiOutlinedInput-input css-w4nesw-MuiInputBase-input-MuiOutlinedInput-input"[39m
    [33mid[39m=[32m"_r_24r_"[39m
    [33mmaxlength[39m=[32m"500"[39m
    [33mrequired[39m=[32m""[39m
    [33mrows[39m=[32m"3"[39m
    [33mstyle[39m=[32m"height: 0px; overflow: hidden;"[39m
  [36m/>[39m

  Name "Jira number for change item 668":
  [36m<input[39m
    [33maria-describedby[39m=[32m"change-item-667-jira-help"[39m
    [33maria-invalid[39m=[32m"false"[39m
    [33maria-label[39m=[32m"Jira number for change item 668"[39m
    [33mclass[39m=[32m"MuiInputBase-input MuiOutlinedInput-input css-16wblaj-MuiInputBase-input-MuiOutlinedInput-input"[39m
    [33mid[39m=[32m"_r_24t_"[39m
    [33mmaxlength[39m=[32m"50"[39m
    [33mrequired[39m=[32m""[39m
    [33mtype[39m=[32m"text"[39m
    [33mvalue[39m=[32m"JIRA-0668"[39m
  [36m/>[39m

  Name "Description for change item 668":
  [36m<textarea[39m
    [33maria-describedby[39m=[32m"change-item-667-desc-help"[39m
    [33maria-invalid[39m=[32m"false"[39m
    [33maria-label[39m=[32m"Description for change item 668"[39m
    [33mclass[39m=[32m"MuiInputBase-input MuiOutlinedInput-input css-w4nesw-MuiInputBase-input-MuiOutlinedInput-input"[39m
    [33mid[39m=[32m"_r_24u_"[39m
    [33mmaxlength[39m=[32m"500"[39m
    [33mrequired[39m=[32m""[39m
    [33mrows[39m=[32m"3"[39m
    [33mstyle[39m=[32m"height: 0px; overflow: hidden;"[39m
  [36m/>[39m

  Name "Jira number for change item 669":
  [36m<input[39m
    [33maria-describedby[39m=[32m"change-item-668-jira-help"[39m
    [33maria-invalid[39m=[32m"false"[39m
    [33maria-label[39m=[32m"Jira number for change item 669"[39m
    [33mclass[39m=[32m"MuiInputBase-input MuiOutlinedInput-input css-16wblaj-MuiInputBase-input-MuiOutlinedInput-input"[39m
    [33mid[39m=[32m"_r_250_"[39m
    [33mmaxlength[39m=[32m"50"[39m
    [33mrequired[39m=[32m""[39m
    [33mtype[39m=[32m"text"[39m
    [33mvalue[39m=[32m"JIRA-0669"[39m
  [36m/>[39m

  Name "Description for change item 669":
  [36m<textarea[39m
    [33maria-describedby[39m=[32m"change-item-668-desc-help"[39m
    [33maria-invalid[39m=[32m"false"[39m
    [33maria-label[39m=[32m"Description for change item 669"[39m
    [33mclass[39m=[32m"MuiInputBase-input MuiOutlinedInput-input css-w4nesw-MuiInputBase-input-MuiOutlinedInput-input"[39m
    [33mid[39m=[32m"_r_251_"[39m
    [33mmaxlength[39m=[32m"500"[39m
    [33mrequired[39m=[32m""[39m
    [33mrows[39m=[32m"3"[39m
    [33mstyle[39m=[32m"height: 0px; overflow: hidden;"[39m
  [36m/>[39m

  Name "Jira number for change item 670":
  [36m<input[39m
    [33maria-describedby[39m=[32m"change-item-669-jira-help"[39m
    [33maria-invalid[39m=[32m"false"[39m
    [33maria-label[39m=[32m"Jira number for change item 670"[39m
    [33mclass[39m=[32m"MuiInputBase-input MuiOutlinedInput-input css-16wblaj-MuiInputBase-input-MuiOutlinedInput-input"[39m
    [33mid[39m=[32m"_r_253_"[39m
    [33mmaxlength[39m=[32m"50"[39m
    [33mrequired[39m=[32m""[39m
    [33mtype[39m=[32m"text"[39m
    [33mvalue[39m=[32m"JIRA-0670"[39m
  [36m/>[39m

  Name "Description for change item 670":
  [36m<textarea[39m
    [33maria-describedby[39m=[32m"change-item-669-desc-help"[39m
    [33maria-invalid[39m=[32m"false"[39m
    [33maria-label[39m=[32m"Description for change item 670"[39m
    [33mclass[39m=[32m"MuiInputBase-input MuiOutlinedInput-input css-w4nesw-MuiInputBase-input-MuiOutlinedInput-input"[39m
    [33mid[39m=[32m"_r_254_"[39m
    [33mmaxlength[39m=[32m"500"[39m
    [33mrequired[39m=[32m""[39m
    [33mrows[39m=[32m"3"[39m
    [33mstyle[39m=[32m"height: 0px; overflow: hidden;"[39m
  [36m/>[39m

  Name "Jira number for change item 671":
  [36m<input[39m
    [33maria-describedby[39m=[32m"change-item-670-jira-help"[39m
    [33maria-invalid[39m=[32m"false"[39m
    [33maria-label[39m=[32m"Jira number for change item 671"[39m
    [33mclass[39m=[32m"MuiInputBase-input MuiOutlinedInput-input css-16wblaj-MuiInputBase-input-MuiOutlinedInput-input"[39m
    [33mid[39m=[32m"_r_256_"[39m
    [33mmaxlength[39m=[32m"50"[39m
    [33mrequired[39m=[32m""[39m
    [33mtype[39m=[32m"text"[39m
    [33mvalue[39m=[32m"JIRA-0671"[39m
  [36m/>[39m

  Name "Description for change item 671":
  [36m<textarea[39m
    [33maria-describedby[39m=[32m"change-item-670-desc-help"[39m
    [33maria-invalid[39m=[32m"false"[39m
    [33maria-label[39m=[32m"Description for change item 671"[39m
    [33mclass[39m=[32m"MuiInputBase-input MuiOutlinedInput-input css-w4nesw-MuiInputBase-input-MuiOutlinedInput-input"[39m
    [33mid[39m=[32m"_r_257_"[39m
    [33mmaxlength[39m=[32m"500"[39m
    [33mrequired[39m=[32m""[39m
    [33mrows[39m=[32m"3"[39m
    [33mstyle[39m=[32m"height: 0px; overflow: hidden;"[39m
  [36m/>[39m

  Name "Jira number for change item 672":
  [36m<input[39m
    [33maria-describedby[39m=[32m"change-item-671-jira-help"[39m
    [33maria-invalid[39m=[32m"false"[39m
    [33maria-label[39m=[32m"Jira number for change item 672"[39m
    [33mclass[39m=[32m"MuiInputBase-input MuiOutlinedInput-input css-16wblaj-MuiInputBase-input-MuiOutlinedInput-input"[39m
    [33mid[39m=[32m"_r_259_"[39m
    [33mmaxlength[39m=[32m"50"[39m
    [33mrequired[39m=[32m""[39m
    [33mtype[39m=[32m"text"[39m
    [33mvalue[39m=[32m"JIRA-0672"[39m
  [36m/>[39m

  Name "Description for change item 672":
  [36m<textarea[39m
    [33maria-describedby[39m=[32m"change-item-671-desc-help"[39m
    [33maria-invalid[39m=[32m"false"[39m
    [33maria-label[39m=[32m"Description for change item 672"[39m
    [33mclass[39m=[32m"MuiInputBase-input MuiOutlinedInput-input css-w4nesw-MuiInputBase-input-MuiOutlinedInput-input"[39m
    [33mid[39m=[32m"_r_25a_"[39m
    [33mmaxlength[39m=[32m"500"[39m
    [33mrequired[39m=[32m""[39m
    [33mrows[39m=[32m"3"[39m
    [33mstyle[39m=[32m"height: 0px; overflow: hidden;"[39m
  [36m/>[39m

  Name "Jira number for change item 673":
  [36m<input[39m
    [33maria-describedby[39m=[32m"change-item-672-jira-help"[39m
    [33maria-invalid[39m=[32m"false"[39m
    [33maria-label[39m=[32m"Jira number for change item 673"[39m
    [33mclass[39m=[32m"MuiInputBase-input MuiOutlinedInput-input css-16wblaj-MuiInputBase-input-MuiOutlinedInput-input"[39m
    [33mid[39m=[32m"_r_25c_"[39m
    [33mmaxlength[39m=[32m"50"[39m
    [33mrequired[39m=[32m""[39m
    [33mtype[39m=[32m"text"[39m
    [33mvalue[39m=[32m"JIRA-0673"[39m
  [36m/>[39m

  Name "Description for change item 673":
  [36m<textarea[39m
    [33maria-describedby[39m=[32m"change-item-672-desc-help"[39m
    [33maria-invalid[39m=[32m"false"[39m
    [33maria-label[39m=[32m"Description for change item 673"[39m
    [33mclass[39m=[32m"MuiInputBase-input MuiOutlinedInput-input css-w4nesw-MuiInputBase-input-MuiOutlinedInput-input"[39m
    [33mid[39m=[32m"_r_25d_"[39m
    [33mmaxlength[39m=[32m"500"[39m
    [33mrequired[39m=[32m""[39m
    [33mrows[39m=[32m"3"[39m
    [33mstyle[39m=[32m"height: 0px; overflow: hidden;"[39m
  [36m/>[39m

  Name "Jira number for change item 674":
  [36m<input[39m
    [33maria-describedby[39m=[32m"change-item-673-jira-help"[39m
    [33maria-invalid[39m=[32m"false"[39m
    [33maria-label[39m=[32m"Jira number for change item 674"[39m
    [33mclass[39m=[32m"MuiInputBase-input MuiOutlinedInput-input css-16wblaj-MuiInputBase-input-MuiOutlinedInput-input"[39m
    [33mid[39m=[32m"_r_25f_"[39m
    [33mmaxlength[39m=[32m"50"[39m
    [33mrequired[39m=[32m""[39m
    [33mtype[39m=[32m"text"[39m
    [33mvalue[39m=[32m"JIRA-0674"[39m
  [36m/>[39m

  Name "Description for change item 674":
  [36m<textarea[39m
    [33maria-describedby[39m=[32m"change-item-673-desc-help"[39m
    [33maria-invalid[39m=[32m"false"[39m
    [33maria-label[39m=[32m"Description for change item 674"[39m
    [33mclass[39m=[32m"MuiInputBase-input MuiOutlinedInput-input css-w4nesw-MuiInputBase-input-MuiOutlinedInput-input"[39m
    [33mid[39m=[32m"_r_25g_"[39m
    [33mmaxlength[39m=[32m"500"[39m
    [33mrequired[39m=[32m""[39m
    [33mrows[39m=[32m"3"[39m
    [33mstyle[39m=[32m"height: 0px; overflow: hidden;"[39m
  [36m/>[39m

  Name "Jira number for change item 675":
  [36m<input[39m
    [33maria-describedby[39m=[32m"change-item-674-jira-help"[39m
    [33maria-invalid[39m=[32m"false"[39m
    [33maria-label[39m=[32m"Jira number for change item 675"[39m
    [33mclass[39m=[32m"MuiInputBase-input MuiOutlinedInput-input css-16wblaj-MuiInputBase-input-MuiOutlinedInput-input"[39m
    [33mid[39m=[32m"_r_25i_"[39m
    [33mmaxlength[39m=[32m"50"[39m
    [33mrequired[39m=[32m""[39m
    [33mtype[39m=[32m"text"[39m
    [33mvalue[39m=[32m"JIRA-0675"[39m
  [36m/>[39m

  Name "Description for change item 675":
  [36m<textarea[39m
    [33maria-describedby[39m=[32m"change-item-674-desc-help"[39m
    [33maria-invalid[39m=[32m"false"[39m
    [33maria-label[39m=[32m"Description for change item 675"[39m
    [33mclass[39m=[32m"MuiInputBase-input MuiOutlinedInput-input css-w4nesw-MuiInputBase-input-MuiOutlinedInput-input"[39m
    [33mid[39m=[32m"_r_25j_"[39m
    [33mmaxlength[39m=[32m"500"[39m
    [33mrequired[39m=[32m""[39m
    [33mrows[39m=[32m"3"[39m
    [33mstyle[39m=[32m"height: 0px; overflow: hidden;"[39m
  [36m/>[39m

  Name "Jira number for change item 676":
  [36m<input[39m
    [33maria-describedby[39m=[32m"change-item-675-jira-help"[39m
    [33maria-invalid[39m=[32m"false"[39m
    [33maria-label[39m=[32m"Jira number for change item 676"[39m
    [33mclass[39m=[32m"MuiInputBase-input MuiOutlinedInput-input css-16wblaj-MuiInputBase-input-MuiOutlinedInput-input"[39m
    [33mid[39m=[32m"_r_25l_"[39m
    [33mmaxlength[39m=[32m"50"[39m
    [33mrequired[39m=[32m""[39m
    [33mtype[39m=[32m"text"[39m
    [33mvalue[39m=[32m"JIRA-0676"[39m
  [36m/>[39m

  Name "Description for change item 676":
  [36m<textarea[39m
    [33maria-describedby[39m=[32m"change-item-675-desc-help"[39m
    [33maria-invalid[39m=[32m"false"[39m
    [33maria-label[39m=[32m"Description for change item 676"[39m
    [33mclass[39m=[32m"MuiInputBase-input MuiOutlinedInput-input css-w4nesw-MuiInputBase-input-MuiOutlinedInput-input"[39m
    [33mid[39m=[32m"_r_25m_"[39m
    [33mmaxlength[39m=[32m"500"[39m
    [33mrequired[39m=[32m""[39m
    [33mrows[39m=[32m"3"[39m
    [33mstyle[39m=[32m"height: 0px; overflow: hidden;"[39m
  [36m/>[39m

  Name "Jira number for change item 677":
  [36m<input[39m
    [33maria-describedby[39m=[32m"change-item-676-jira-help"[39m
    [33maria-invalid[39m=[32m"false"[39m
    [33maria-label[39m=[32m"Jira number for change item 677"[39m
    [33mclass[39m=[32m"MuiInputBase-input MuiOutlinedInput-input css-16wblaj-MuiInputBase-input-MuiOutlinedInput-input"[39m
    [33mid[39m=[32m"_r_25o_"[39m
    [33mmaxlength[39m=[32m"50"[39m
    [33mrequired[39m=[32m""[39m
    [33mtype[39m=[32m"text"[39m
    [33mvalue[39m=[32m"JIRA-0677"[39m
  [36m/>[39m

  Name "Description for change item 677":
  [36m<textarea[39m
    [33maria-describedby[39m=[32m"change-item-676-desc-help"[39m
    [33maria-invalid[39m=[32m"false"[39m
    [33maria-label[39m=[32m"Description for change item 677"[39m
    [33mclass[39m=[32m"MuiInputBase-input MuiOutlinedInput-input css-w4nesw-MuiInputBase-input-MuiOutlinedInput-input"[39m
    [33mid[39m=[32m"_r_25p_"[39m
    [33mmaxlength[39m=[32m"500"[39m
    [33mrequired[39m=[32m""[39m
    [33mrows[39m=[32m"3"[39m
    [33mstyle[39m=[32m"height: 0px; overflow: hidden;"[39m
  [36m/>[39m

  Name "Jira number for change item 678":
  [36m<input[39m
    [33maria-describedby[39m=[32m"change-item-677-jira-help"[39m
    [33maria-invalid[39m=[32m"false"[39m
    [33maria-label[39m=[32m"Jira number for change item 678"[39m
    [33mclass[39m=[32m"MuiInputBase-input MuiOutlinedInput-input css-16wblaj-MuiInputBase-input-MuiOutlinedInput-input"[39m
    [33mid[39m=[32m"_r_25r_"[39m
    [33mmaxlength[39m=[32m"50"[39m
    [33mrequired[39m=[32m""[39m
    [33mtype[39m=[32m"text"[39m
    [33mvalue[39m=[32m"JIRA-0678"[39m
  [36m/>[39m

  Name "Description for change item 678":
  [36m<textarea[39m
    [33maria-describedby[39m=[32m"change-item-677-desc-help"[39m
    [33maria-invalid[39m=[32m"false"[39m
    [33maria-label[39m=[32m"Description for change item 678"[39m
    [33mclass[39m=[32m"MuiInputBase-input MuiOutlinedInput-input css-w4nesw-MuiInputBase-input-MuiOutlinedInput-input"[39m
    [33mid[39m=[32m"_r_25s_"[39m
    [33mmaxlength[39m=[32m"500"[39m
    [33mrequired[39m=[32m""[39m
    [33mrows[39m=[32m"3"[39m
    [33mstyle[39m=[32m"height: 0px; overflow: hidden;"[39m
  [36m/>[39m

  Name "Jira number for change item 679":
  [36m<input[39m
    [33maria-describedby[39m=[32m"change-item-678-jira-help"[39m
    [33maria-invalid[39m=[32m"false"[39m
    [33maria-label[39m=[32m"Jira number for change item 679"[39m
    [33mclass[39m=[32m"MuiInputBase-input MuiOutlinedInput-input css-16wblaj-MuiInputBase-input-MuiOutlinedInput-input"[39m
    [33mid[39m=[32m"_r_25u_"[39m
    [33mmaxlength[39m=[32m"50"[39m
    [33mrequired[39m=[32m""[39m
    [33mtype[39m=[32m"text"[39m
    [33mvalue[39m=[32m"JIRA-0679"[39m
  [36m/>[39m

  Name "Description for change item 679":
  [36m<textarea[39m
    [33maria-describedby[39m=[32m"change-item-678-desc-help"[39m
    [33maria-invalid[39m=[32m"false"[39m
    [33maria-label[39m=[32m"Description for change item 679"[39m
    [33mclass[39m=[32m"MuiInputBase-input MuiOutlinedInput-input css-w4nesw-MuiInputBase-input-MuiOutlinedInput-input"[39m
    [33mid[39m=[32m"_r_25v_"[39m
    [33mmaxlength[39m=[32m"500"[39m
    [33mrequired[39m=[32m""[39m
    [33mrows[39m=[32m"3"[39m
    [33mstyle[39m=[32m"height: 0px; overflow: hidden;"[39m
  [36m/>[39m

  Name "Jira number for change item 680":
  [36m<input[39m
    [33maria-describedby[39m=[32m"change-item-679-jira-help"[39m
    [33maria-invalid[39m=[32m"false"[39m
    [33maria-label[39m=[32m"Jira number for change item 680"[39m
    [33mclass[39m=[32m"MuiInputBase-input MuiOutlinedInput-input css-16wblaj-MuiInputBase-input-MuiOutlinedInput-input"[39m
    [33mid[39m=[32m"_r_261_"[39m
    [33mmaxlength[39m=[32m"50"[39m
    [33mrequired[39m=[32m""[39m
    [33mtype[39m=[32m"text"[39m
    [33mvalue[39m=[32m"JIRA-0680"[39m
  [36m/>[39m

  Name "Description for change item 680":
  [36m<textarea[39m
    [33maria-describedby[39m=[32m"change-item-679-desc-help"[39m
    [33maria-invalid[39m=[32m"false"[39m
    [33maria-label[39m=[32m"Description for change item 680"[39m
    [33mclass[39m=[32m"MuiInputBase-input MuiOutlinedInput-input css-w4nesw-MuiInputBase-input-MuiOutlinedInput-input"[39m
    [33mid[39m=[32m"_r_262_"[39m
    [33mmaxlength[39m=[32m"500"[39m
    [33mrequired[39m=[32m""[39m
    [33mrows[39m=[32m"3"[39m
    [33mstyle[39m=[32m"height: 0px; overflow: hidden;"[39m
  [36m/>[39m

  Name "Jira number for change item 681":
  [36m<input[39m
    [33maria-describedby[39m=[32m"change-item-680-jira-help"[39m
    [33maria-invalid[39m=[32m"false"[39m
    [33maria-label[39m=[32m"Jira number for change item 681"[39m
    [33mclass[39m=[32m"MuiInputBase-input MuiOutlinedInput-input css-16wblaj-MuiInputBase-input-MuiOutlinedInput-input"[39m
    [33mid[39m=[32m"_r_264_"[39m
    [33mmaxlength[39m=[32m"50"[39m
    [33mrequired[39m=[32m""[39m
    [33mtype[39m=[32m"text"[39m
    [33mvalue[39m=[32m"JIRA-0681"[39m
  [36m/>[39m

  Name "Description for change item 681":
  [36m<textarea[39m
    [33maria-describedby[39m=[32m"change-item-680-desc-help"[39m
    [33maria-invalid[39m=[32m"false"[39m
    [33maria-label[39m=[32m"Description for change item 681"[39m
    [33mclass[39m=[32m"MuiInputBase-input MuiOutlinedInput-input css-w4nesw-MuiInputBase-input-MuiOutlinedInput-input"[39m
    [33mid[39m=[32m"_r_265_"[39m
    [33mmaxlength[39m=[32m"500"[39m
    [33mrequired[39m=[32m""[39m
    [33mrows[39m=[32m"3"[39m
    [33mstyle[39m=[32m"height: 0px; overflow: hidden;"[39m
  [36m/>[39m

  Name "Jira number for change item 682":
  [36m<input[39m
    [33maria-describedby[39m=[32m"change-item-681-jira-help"[39m
    [33maria-invalid[39m=[32m"false"[39m
    [33maria-label[39m=[32m"Jira number for change item 682"[39m
    [33mclass[39m=[32m"MuiInputBase-input MuiOutlinedInput-input css-16wblaj-MuiInputBase-input-MuiOutlinedInput-input"[39m
    [33mid[39m=[32m"_r_267_"[39m
    [33mmaxlength[39m=[32m"50"[39m
    [33mrequired[39m=[32m""[39m
    [33mtype[39m=[32m"text"[39m
    [33mvalue[39m=[32m"JIRA-0682"[39m
  [36m/>[39m

  Name "Description for change item 682":
  [36m<textarea[39m
    [33maria-describedby[39m=[32m"change-item-681-desc-help"[39m
    [33maria-invalid[39m=[32m"false"[39m
    [33maria-label[39m=[32m"Description for change item 682"[39m
    [33mclass[39m=[32m"MuiInputBase-input MuiOutlinedInput-input css-w4nesw-MuiInputBase-input-MuiOutlinedInput-input"[39m
    [33mid[39m=[32m"_r_268_"[39m
    [33mmaxlength[39m=[32m"500"[39m
    [33mrequired[39m=[32m""[39m
    [33mrows[39m=[32m"3"[39m
    [33mstyle[39m=[32m"height: 0px; overflow: hidden;"[39m
  [36m/>[39m

  Name "Jira number for change item 683":
  [36m<input[39m
    [33maria-describedby[39m=[32m"change-item-682-jira-help"[39m
    [33maria-invalid[39m=[32m"false"[39m
    [33maria-label[39m=[32m"Jira number for change item 683"[39m
    [33mclass[39m=[32m"MuiInputBase-input MuiOutlinedInput-input css-16wblaj-MuiInputBase-input-MuiOutlinedInput-input"[39m
    [33mid[39m=[32m"_r_26a_"[39m
    [33mmaxlength[39m=[32m"50"[39m
    [33mrequired[39m=[32m""[39m
    [33mtype[39m=[32m"text"[39m
    [33mvalue[39m=[32m"JIRA-0683"[39m
  [36m/>[39m

  Name "Description for change item 683":
  [36m<textarea[39m
    [33maria-describedby[39m=[32m"change-item-682-desc-help"[39m
    [33maria-invalid[39m=[32m"false"[39m
    [33maria-label[39m=[32m"Description for change item 683"[39m
    [33mclass[39m=[32m"MuiInputBase-input MuiOutlinedInput-input css-w4nesw-MuiInputBase-input-MuiOutlinedInput-input"[39m
    [33mid[39m=[32m"_r_26b_"[39m
    [33mmaxlength[39m=[32m"500"[39m
    [33mrequired[39m=[32m""[39m
    [33mrows[39m=[32m"3"[39m
    [33mstyle[39m=[32m"height: 0px; overflow: hidden;"[39m
  [36m/>[39m

  Name "Jira number for change item 684":
  [36m<input[39m
    [33maria-describedby[39m=[32m"change-item-683-jira-help"[39m
    [33maria-invalid[39m=[32m"false"[39m
    [33maria-label[39m=[32m"Jira number for change item 684"[39m
    [33mclass[39m=[32m"MuiInputBase-input MuiOutlinedInput-input css-16wblaj-MuiInputBase-input-MuiOutlinedInput-input"[39m
    [33mid[39m=[32m"_r_26d_"[39m
    [33mmaxlength[39m=[32m"50"[39m
    [33mrequired[39m=[32m""[39m
    [33mtype[39m=[32m"text"[39m
    [33mvalue[39m=[32m"JIRA-0684"[39m
  [36m/>[39m

  Name "Description for change item 684":
  [36m<textarea[39m
    [33maria-describedby[39m=[32m"change-item-683-desc-help"[39m
    [33maria-invalid[39m=[32m"false"[39m
    [33maria-label[39m=[32m"Description for change item 684"[39m
    [33mclass[39m=[32m"MuiInputBase-input MuiOutlinedInput-input css-w4nesw-MuiInputBase-input-MuiOutlinedInput-input"[39m
    [33mid[39m=[32m"_r_26e_"[39m
    [33mmaxlength[39m=[32m"500"[39m
    [33mrequired[39m=[32m""[39m
    [33mrows[39m=[32m"3"[39m
    [33mstyle[39m=[32m"height: 0px; overflow: hidden;"[39m
  [36m/>[39m

  Name "Jira number for change item 685":
  [36m<input[39m
    [33maria-describedby[39m=[32m"change-item-684-jira-help"[39m
    [33maria-invalid[39m=[32m"false"[39m
    [33maria-label[39m=[32m"Jira number for change item 685"[39m
    [33mclass[39m=[32m"MuiInputBase-input MuiOutlinedInput-input css-16wblaj-MuiInputBase-input-MuiOutlinedInput-input"[39m
    [33mid[39m=[32m"_r_26g_"[39m
    [33mmaxlength[39m=[32m"50"[39m
    [33mrequired[39m=[32m""[39m
    [33mtype[39m=[32m"text"[39m
    [33mvalue[39m=[32m"JIRA-0685"[39m
  [36m/>[39m

  Name "Description for change item 685":
  [36m<textarea[39m
    [33maria-describedby[39m=[32m"change-item-684-desc-help"[39m
    [33maria-invalid[39m=[32m"false"[39m
    [33maria-label[39m=[32m"Description for change item 685"[39m
    [33mclass[39m=[32m"MuiInputBase-input MuiOutlinedInput-input css-w4nesw-MuiInputBase-input-MuiOutlinedInput-input"[39m
    [33mid[39m=[32m"_r_26h_"[39m
    [33mmaxlength[39m=[32m"500"[39m
    [33mrequired[39m=[32m""[39m
    [33mrows[39m=[32m"3"[39m
    [33mstyle[39m=[32m"height: 0px; overflow: hidden;"[39m
  [36m/>[39m

  Name "Jira number for change item 686":
  [36m<input[39m
    [33maria-describedby[39m=[32m"change-item-685-jira-help"[39m
    [33maria-invalid[39m=[32m"false"[39m
    [33maria-label[39m=[32m"Jira number for change item 686"[39m
    [33mclass[39m=[32m"MuiInputBase-input MuiOutlinedInput-input css-16wblaj-MuiInputBase-input-MuiOutlinedInput-input"[39m
    [33mid[39m=[32m"_r_26j_"[39m
    [33mmaxlength[39m=[32m"50"[39m
    [33mrequired[39m=[32m""[39m
    [33mtype[39m=[32m"text"[39m
    [33mvalue[39m=[32m"JIRA-0686"[39m
  [36m/>[39m

  Name "Description for change item 686":
  [36m<textarea[39m
    [33maria-describedby[39m=[32m"change-item-685-desc-help"[39m
    [33maria-invalid[39m=[32m"false"[39m
    [33maria-label[39m=[32m"Description for change item 686"[39m
    [33mclass[39m=[32m"MuiInputBase-input MuiOutlinedInput-input css-w4nesw-MuiInputBase-input-MuiOutlinedInput-input"[39m
    [33mid[39m=[32m"_r_26k_"[39m
    [33mmaxlength[39m=[32m"500"[39m
    [33mrequired[39m=[32m""[39m
    [33mrows[39m=[32m"3"[39m
    [33mstyle[39m=[32m"height: 0px; overflow: hidden;"[39m
  [36m/>[39m

  Name "Jira number for change item 687":
  [36m<input[39m
    [33maria-describedby[39m=[32m"change-item-686-jira-help"[39m
    [33maria-invalid[39m=[32m"false"[39m
    [33maria-label[39m=[32m"Jira number for change item 687"[39m
    [33mclass[39m=[32m"MuiInputBase-input MuiOutlinedInput-input css-16wblaj-MuiInputBase-input-MuiOutlinedInput-input"[39m
    [33mid[39m=[32m"_r_26m_"[39m
    [33mmaxlength[39m=[32m"50"[39m
    [33mrequired[39m=[32m""[39m
    [33mtype[39m=[32m"text"[39m
    [33mvalue[39m=[32m"JIRA-0687"[39m
  [36m/>[39m

  Name "Description for change item 687":
  [36m<textarea[39m
    [33maria-describedby[39m=[32m"change-item-686-desc-help"[39m
    [33maria-invalid[39m=[32m"false"[39m
    [33maria-label[39m=[32m"Description for change item 687"[39m
    [33mclass[39m=[32m"MuiInputBase-input MuiOutlinedInput-input css-w4nesw-MuiInputBase-input-MuiOutlinedInput-input"[39m
    [33mid[39m=[32m"_r_26n_"[39m
    [33mmaxlength[39m=[32m"500"[39m
    [33mrequired[39m=[32m""[39m
    [33mrows[39m=[32m"3"[39m
    [33mstyle[39m=[32m"height: 0px; overflow: hidden;"[39m
  [36m/>[39m

  Name "Jira number for change item 688":
  [36m<input[39m
    [33maria-describedby[39m=[32m"change-item-687-jira-help"[39m
    [33maria-invalid[39m=[32m"false"[39m
    [33maria-label[39m=[32m"Jira number for change item 688"[39m
    [33mclass[39m=[32m"MuiInputBase-input MuiOutlinedInput-input css-16wblaj-MuiInputBase-input-MuiOutlinedInput-input"[39m
    [33mid[39m=[32m"_r_26p_"[39m
    [33mmaxlength[39m=[32m"50"[39m
    [33mrequired[39m=[32m""[39m
    [33mtype[39m=[32m"text"[39m
    [33mvalue[39m=[32m"JIRA-0688"[39m
  [36m/>[39m

  Name "Description for change item 688":
  [36m<textarea[39m
    [33maria-describedby[39m=[32m"change-item-687-desc-help"[39m
    [33maria-invalid[39m=[32m"false"[39m
    [33maria-label[39m=[32m"Description for change item 688"[39m
    [33mclass[39m=[32m"MuiInputBase-input MuiOutlinedInput-input css-w4nesw-MuiInputBase-input-MuiOutlinedInput-input"[39m
    [33mid[39m=[32m"_r_26q_"[39m
    [33mmaxlength[39m=[32m"500"[39m
    [33mrequired[39m=[32m""[39m
    [33mrows[39m=[32m"3"[39m
    [33mstyle[39m=[32m"height: 0px; overflow: hidden;"[39m
  [36m/>[39m

  Name "Jira number for change item 689":
  [36m<input[39m
    [33maria-describedby[39m=[32m"change-item-688-jira-help"[39m
    [33maria-invalid[39m=[32m"false"[39m
    [33maria-label[39m=[32m"Jira number for change item 689"[39m
    [33mclass[39m=[32m"MuiInputBase-input MuiOutlinedInput-input css-16wblaj-MuiInputBase-input-MuiOutlinedInput-input"[39m
    [33mid[39m=[32m"_r_26s_"[39m
    [33mmaxlength[39m=[32m"50"[39m
    [33mrequired[39m=[32m""[39m
    [33mtype[39m=[32m"text"[39m
    [33mvalue[39m=[32m"JIRA-0689"[39m
  [36m/>[39m

  Name "Description for change item 689":
  [36m<textarea[39m
    [33maria-describedby[39m=[32m"change-item-688-desc-help"[39m
    [33maria-invalid[39m=[32m"false"[39m
    [33maria-label[39m=[32m"Description for change item 689"[39m
    [33mclass[39m=[32m"MuiInputBase-input MuiOutlinedInput-input css-w4nesw-MuiInputBase-input-MuiOutlinedInput-input"[39m
    [33mid[39m=[32m"_r_26t_"[39m
    [33mmaxlength[39m=[32m"500"[39m
    [33mrequired[39m=[32m""[39m
    [33mrows[39m=[32m"3"[39m
    [33mstyle[39m=[32m"height: 0px; overflow: hidden;"[39m
  [36m/>[39m

  Name "Jira number for change item 690":
  [36m<input[39m
    [33maria-describedby[39m=[32m"change-item-689-jira-help"[39m
    [33maria-invalid[39m=[32m"false"[39m
    [33maria-label[39m=[32m"Jira number for change item 690"[39m
    [33mclass[39m=[32m"MuiInputBase-input MuiOutlinedInput-input css-16wblaj-MuiInputBase-input-MuiOutlinedInput-input"[39m
    [33mid[39m=[32m"_r_26v_"[39m
    [33mmaxlength[39m=[32m"50"[39m
    [33mrequired[39m=[32m""[39m
    [33mtype[39m=[32m"text"[39m
    [33mvalue[39m=[32m"JIRA-0690"[39m
  [36m/>[39m

  Name "Description for change item 690":
  [36m<textarea[39m
    [33maria-describedby[39m=[32m"change-item-689-desc-help"[39m
    [33maria-invalid[39m=[32m"false"[39m
    [33maria-label[39m=[32m"Description for change item 690"[39m
    [33mclass[39m=[32m"MuiInputBase-input MuiOutlinedInput-input css-w4nesw-MuiInputBase-input-MuiOutlinedInput-input"[39m
    [33mid[39m=[32m"_r_270_"[39m
    [33mmaxlength[39m=[32m"500"[39m
    [33mrequired[39m=[32m""[39m
    [33mrows[39m=[32m"3"[39m
    [33mstyle[39m=[32m"height: 0px; overflow: hidden;"[39m
  [36m/>[39m

  Name "Jira number for change item 691":
  [36m<input[39m
    [33maria-describedby[39m=[32m"change-item-690-jira-help"[39m
    [33maria-invalid[39m=[32m"false"[39m
    [33maria-label[39m=[32m"Jira number for change item 691"[39m
    [33mclass[39m=[32m"MuiInputBase-input MuiOutlinedInput-input css-16wblaj-MuiInputBase-input-MuiOutlinedInput-input"[39m
    [33mid[39m=[32m"_r_272_"[39m
    [33mmaxlength[39m=[32m"50"[39m
    [33mrequired[39m=[32m""[39m
    [33mtype[39m=[32m"text"[39m
    [33mvalue[39m=[32m"JIRA-0691"[39m
  [36m/>[39m

  Name "Description for change item 691":
  [36m<textarea[39m
    [33maria-describedby[39m=[32m"change-item-690-desc-help"[39m
    [33maria-invalid[39m=[32m"false"[39m
    [33maria-label[39m=[32m"Description for change item 691"[39m
    [33mclass[39m=[32m"MuiInputBase-input MuiOutlinedInput-input css-w4nesw-MuiInputBase-input-MuiOutlinedInput-input"[39m
    [33mid[39m=[32m"_r_273_"[39m
    [33mmaxlength[39m=[32m"500"[39m
    [33mrequired[39m=[32m""[39m
    [33mrows[39m=[32m"3"[39m
    [33mstyle[39m=[32m"height: 0px; overflow: hidden;"[39m
  [36m/>[39m

  Name "Jira number for change item 692":
  [36m<input[39m
    [33maria-describedby[39m=[32m"change-item-691-jira-help"[39m
    [33maria-invalid[39m=[32m"false"[39m
    [33maria-label[39m=[32m"Jira number for change item 692"[39m
    [33mclass[39m=[32m"MuiInputBase-input MuiOutlinedInput-input css-16wblaj-MuiInputBase-input-MuiOutlinedInput-input"[39m
    [33mid[39m=[32m"_r_275_"[39m
    [33mmaxlength[39m=[32m"50"[39m
    [33mrequired[39m=[32m""[39m
    [33mtype[39m=[32m"text"[39m
    [33mvalue[39m=[32m"JIRA-0692"[39m
  [36m/>[39m

  Name "Description for change item 692":
  [36m<textarea[39m
    [33maria-describedby[39m=[32m"change-item-691-desc-help"[39m
    [33maria-invalid[39m=[32m"false"[39m
    [33maria-label[39m=[32m"Description for change item 692"[39m
    [33mclass[39m=[32m"MuiInputBase-input MuiOutlinedInput-input css-w4nesw-MuiInputBase-input-MuiOutlinedInput-input"[39m
    [33mid[39m=[32m"_r_276_"[39m
    [33mmaxlength[39m=[32m"500"[39m
    [33mrequired[39m=[32m""[39m
    [33mrows[39m=[32m"3"[39m
    [33mstyle[39m=[32m"height: 0px; overflow: hidden;"[39m
  [36m/>[39m

  Name "Jira number for change item 693":
  [36m<input[39m
    [33maria-describedby[39m=[32m"change-item-692-jira-help"[39m
    [33maria-invalid[39m=[32m"false"[39m
    [33maria-label[39m=[32m"Jira number for change item 693"[39m
    [33mclass[39m=[32m"MuiInputBase-input MuiOutlinedInput-input css-16wblaj-MuiInputBase-input-MuiOutlinedInput-input"[39m
    [33mid[39m=[32m"_r_278_"[39m
    [33mmaxlength[39m=[32m"50"[39m
    [33mrequired[39m=[32m""[39m
    [33mtype[39m=[32m"text"[39m
    [33mvalue[39m=[32m"JIRA-0693"[39m
  [36m/>[39m

  Name "Description for change item 693":
  [36m<textarea[39m
    [33maria-describedby[39m=[32m"change-item-692-desc-help"[39m
    [33maria-invalid[39m=[32m"false"[39m
    [33maria-label[39m=[32m"Description for change item 693"[39m
    [33mclass[39m=[32m"MuiInputBase-input MuiOutlinedInput-input css-w4nesw-MuiInputBase-input-MuiOutlinedInput-input"[39m
    [33mid[39m=[32m"_r_279_"[39m
    [33mmaxlength[39m=[32m"500"[39m
    [33mrequired[39m=[32m""[39m
    [33mrows[39m=[32m"3"[39m
    [33mstyle[39m=[32m"height: 0px; overflow: hidden;"[39m
  [36m/>[39m

  Name "Jira number for change item 694":
  [36m<input[39m
    [33maria-describedby[39m=[32m"change-item-693-jira-help"[39m
    [33maria-invalid[39m=[32m"false"[39m
    [33maria-label[39m=[32m"Jira number for change item 694"[39m
    [33mclass[39m=[32m"MuiInputBase-input MuiOutlinedInput-input css-16wblaj-MuiInputBase-input-MuiOutlinedInput-input"[39m
    [33mid[39m=[32m"_r_27b_"[39m
    [33mmaxlength[39m=[32m"50"[39m
    [33mrequired[39m=[32m""[39m
    [33mtype[39m=[32m"text"[39m
    [33mvalue[39m=[32m"JIRA-0694"[39m
  [36m/>[39m

  Name "Description for change item 694":
  [36m<textarea[39m
    [33maria-describedby[39m=[32m"change-item-693-desc-help"[39m
    [33maria-invalid[39m=[32m"false"[39m
    [33maria-label[39m=[32m"Description for change item 694"[39m
    [33mclass[39m=[32m"MuiInputBase-input MuiOutlinedInput-input css-w4nesw-MuiInputBase-input-MuiOutlinedInput-input"[39m
    [33mid[39m=[32m"_r_27c_"[39m
    [33mmaxlength[39m=[32m"500"[39m
    [33mrequired[39m=[32m""[39m
    [33mrows[39m=[32m"3"[39m
    [33mstyle[39m=[32m"height: 0px; overflow: hidden;"[39m
  [36m/>[39m

  Name "Jira number for change item 695":
  [36m<input[39m
    [33maria-describedby[39m=[32m"change-item-694-jira-help"[39m
    [33maria-invalid[39m=[32m"false"[39m
    [33maria-label[39m=[32m"Jira number for change item 695"[39m
    [33mclass[39m=[32m"MuiInputBase-input MuiOutlinedInput-input css-16wblaj-MuiInputBase-input-MuiOutlinedInput-input"[39m
    [33mid[39m=[32m"_r_27e_"[39m
    [33mmaxlength[39m=[32m"50"[39m
    [33mrequired[39m=[32m""[39m
    [33mtype[39m=[32m"text"[39m
    [33mvalue[39m=[32m"JIRA-0695"[39m
  [36m/>[39m

  Name "Description for change item 695":
  [36m<textarea[39m
    [33maria-describedby[39m=[32m"change-item-694-desc-help"[39m
    [33maria-invalid[39m=[32m"false"[39m
    [33maria-label[39m=[32m"Description for change item 695"[39m
    [33mclass[39m=[32m"MuiInputBase-input MuiOutlinedInput-input css-w4nesw-MuiInputBase-input-MuiOutlinedInput-input"[39m
    [33mid[39m=[32m"_r_27f_"[39m
    [33mmaxlength[39m=[32m"500"[39m
    [33mrequired[39m=[32m""[39m
    [33mrows[39m=[32m"3"[39m
    [33mstyle[39m=[32m"height: 0px; overflow: hidden;"[39m
  [36m/>[39m

  Name "Jira number for change item 696":
  [36m<input[39m
    [33maria-describedby[39m=[32m"change-item-695-jira-help"[39m
    [33maria-invalid[39m=[32m"false"[39m
    [33maria-label[39m=[32m"Jira number for change item 696"[39m
    [33mclass[39m=[32m"MuiInputBase-input MuiOutlinedInput-input css-16wblaj-MuiInputBase-input-MuiOutlinedInput-input"[39m
    [33mid[39m=[32m"_r_27h_"[39m
    [33mmaxlength[39m=[32m"50"[39m
    [33mrequired[39m=[32m""[39m
    [33mtype[39m=[32m"text"[39m
    [33mvalue[39m=[32m"JIRA-0696"[39m
  [36m/>[39m

  Name "Description for change item 696":
  [36m<textarea[39m
    [33maria-describedby[39m=[32m"change-item-695-desc-help"[39m
    [33maria-invalid[39m=[32m"false"[39m
    [33maria-label[39m=[32m"Description for change item 696"[39m
    [33mclass[39m=[32m"MuiInputBase-input MuiOutlinedInput-input css-w4nesw-MuiInputBase-input-MuiOutlinedInput-input"[39m
    [33mid[39m=[32m"_r_27i_"[39m
    [33mmaxlength[39m=[32m"500"[39m
    [33mrequired[39m=[32m""[39m
    [33mrows[39m=[32m"3"[39m
    [33mstyle[39m=[32m"height: 0px; overflow: hidden;"[39m
  [36m/>[39m

  Name "Jira number for change item 697":
  [36m<input[39m
    [33maria-describedby[39m=[32m"change-item-696-jira-help"[39m
    [33maria-invalid[39m=[32m"false"[39m
    [33maria-label[39m=[32m"Jira number for change item 697"[39m
    [33mclass[39m=[32m"MuiInputBase-input MuiOutlinedInput-input css-16wblaj-MuiInputBase-input-MuiOutlinedInput-input"[39m
    [33mid[39m=[32m"_r_27k_"[39m
    [33mmaxlength[39m=[32m"50"[39m
    [33mrequired[39m=[32m""[39m
    [33mtype[39m=[32m"text"[39m
    [33mvalue[39m=[32m"JIRA-0697"[39m
  [36m/>[39m

  Name "Description for change item 697":
  [36m<textarea[39m
    [33maria-describedby[39m=[32m"change-item-696-desc-help"[39m
    [33maria-invalid[39m=[32m"false"[39m
    [33maria-label[39m=[32m"Description for change item 697"[39m
    [33mclass[39m=[32m"MuiInputBase-input MuiOutlinedInput-input css-w4nesw-MuiInputBase-input-MuiOutlinedInput-input"[39m
    [33mid[39m=[32m"_r_27l_"[39m
    [33mmaxlength[39m=[32m"500"[39m
    [33mrequired[39m=[32m""[39m
    [33mrows[39m=[32m"3"[39m
    [33mstyle[39m=[32m"height: 0px; overflow: hidden;"[39m
  [36m/>[39m

  Name "Jira number for change item 698":
  [36m<input[39m
    [33maria-describedby[39m=[32m"change-item-697-jira-help"[39m
    [33maria-invalid[39m=[32m"false"[39m
    [33maria-label[39m=[32m"Jira number for change item 698"[39m
    [33mclass[39m=[32m"MuiInputBase-input MuiOutlinedInput-input css-16wblaj-MuiInputBase-input-MuiOutlinedInput-input"[39m
    [33mid[39m=[32m"_r_27n_"[39m
    [33mmaxlength[39m=[32m"50"[39m
    [33mrequired[39m=[32m""[39m
    [33mtype[39m=[32m"text"[39m
    [33mvalue[39m=[32m"JIRA-0698"[39m
  [36m/>[39m

  Name "Description for change item 698":
  [36m<textarea[39m
    [33maria-describedby[39m=[32m"change-item-697-desc-help"[39m
    [33maria-invalid[39m=[32m"false"[39m
    [33maria-label[39m=[32m"Description for change item 698"[39m
    [33mclass[39m=[32m"MuiInputBase-input MuiOutlinedInput-input css-w4nesw-MuiInputBase-input-MuiOutlinedInput-input"[39m
    [33mid[39m=[32m"_r_27o_"[39m
    [33mmaxlength[39m=[32m"500"[39m
    [33mrequired[39m=[32m""[39m
    [33mrows[39m=[32m"3"[39m
    [33mstyle[39m=[32m"height: 0px; overflow: hidden;"[39m
  [36m/>[39m

  Name "Jira number for change item 699":
  [36m<input[39m
    [33maria-describedby[39m=[32m"change-item-698-jira-help"[39m
    [33maria-invalid[39m=[32m"false"[39m
    [33maria-label[39m=[32m"Jira number for change item 699"[39m
    [33mclass[39m=[32m"MuiInputBase-input MuiOutlinedInput-input css-16wblaj-MuiInputBase-input-MuiOutlinedInput-input"[39m
    [33mid[39m=[32m"_r_27q_"[39m
    [33mmaxlength[39m=[32m"50"[39m
    [33mrequired[39m=[32m""[39m
    [33mtype[39m=[32m"text"[39m
    [33mvalue[39m=[32m"JIRA-0699"[39m
  [36m/>[39m

  Name "Description for change item 699":
  [36m<textarea[39m
    [33maria-describedby[39m=[32m"change-item-698-desc-help"[39m
    [33maria-invalid[39m=[32m"false"[39m
    [33maria-label[39m=[32m"Description for change item 699"[39m
    [33mclass[39m=[32m"MuiInputBase-input MuiOutlinedInput-input css-w4nesw-MuiInputBase-input-MuiOutlinedInput-input"[39m
    [33mid[39m=[32m"_r_27r_"[39m
    [33mmaxlength[39m=[32m"500"[39m
    [33mrequired[39m=[32m""[39m
    [33mrows[39m=[32m"3"[39m
    [33mstyle[39m=[32m"height: 0px; overflow: hidden;"[39m
  [36m/>[39m

  Name "Jira number for change item 700":
  [36m<input[39m
    [33maria-describedby[39m=[32m"change-item-699-jira-help"[39m
    [33maria-invalid[39m=[32m"false"[39m
    [33maria-label[39m=[32m"Jira number for change item 700"[39m
    [33mclass[39m=[32m"MuiInputBase-input MuiOutlinedInput-input css-16wblaj-MuiInputBase-input-MuiOutlinedInput-input"[39m
    [33mid[39m=[32m"_r_27t_"[39m
    [33mmaxlength[39m=[32m"50"[39m
    [33mrequired[39m=[32m""[39m
    [33mtype[39m=[32m"text"[39m
    [33mvalue[39m=[32m"JIRA-0700"[39m
  [36m/>[39m

  Name "Description for change item 700":
  [36m<textarea[39m
    [33maria-describedby[39m=[32m"change-item-699-desc-help"[39m
    [33maria-invalid[39m=[32m"false"[39m
    [33maria-label[39m=[32m"Description for change item 700"[39m
    [33mclass[39m=[32m"MuiInputBase-input MuiOutlinedInput-input css-w4nesw-MuiInputBase-input-MuiOutlinedInput-input"[39m
    [33mid[39m=[32m"_r_27u_"[39m
    [33mmaxlength[39m=[32m"500"[39m
    [33mrequired[39m=[32m""[39m
    [33mrows[39m=[32m"3"[39m
    [33mstyle[39m=[32m"height: 0px; overflow: hidden;"[39m
  [36m/>[39m

  Name "Jira number for change item 701":
  [36m<input[39m
    [33maria-describedby[39m=[32m"change-item-700-jira-help"[39m
    [33maria-invalid[39m=[32m"false"[39m
    [33maria-label[39m=[32m"Jira number for change item 701"[39m
    [33mclass[39m=[32m"MuiInputBase-input MuiOutlinedInput-input css-16wblaj-MuiInputBase-input-MuiOutlinedInput-input"[39m
    [33mid[39m=[32m"_r_280_"[39m
    [33mmaxlength[39m=[32m"50"[39m
    [33mrequired[39m=[32m""[39m
    [33mtype[39m=[32m"text"[39m
    [33mvalue[39m=[32m"JIRA-0701"[39m
  [36m/>[39m

  Name "Description for change item 701":
  [36m<textarea[39m
    [33maria-describedby[39m=[32m"change-item-700-desc-help"[39m
    [33maria-invalid[39m=[32m"false"[39m
    [33maria-label[39m=[32m"Description for change item 701"[39m
    [33mclass[39m=[32m"MuiInputBase-input MuiOutlinedInput-input css-w4nesw-MuiInputBase-input-MuiOutlinedInput-input"[39m
    [33mid[39m=[32m"_r_281_"[39m
    [33mmaxlength[39m=[32m"500"[39m
    [33mrequired[39m=[32m""[39m
    [33mrows[39m=[32m"3"[39m
    [33mstyle[39m=[32m"height: 0px; overflow: hidden;"[39m
  [36m/>[39m

  Name "Jira number for change item 702":
  [36m<input[39m
    [33maria-describedby[39m=[32m"change-item-701-jira-help"[39m
    [33maria-invalid[39m=[32m"false"[39m
    [33maria-label[39m=[32m"Jira number for change item 702"[39m
    [33mclass[39m=[32m"MuiInputBase-input MuiOutlinedInput-input css-16wblaj-MuiInputBase-input-MuiOutlinedInput-input"[39m
    [33mid[39m=[32m"_r_283_"[39m
    [33mmaxlength[39m=[32m"50"[39m
    [33mrequired[39m=[32m""[39m
    [33mtype[39m=[32m"text"[39m
    [33mvalue[39m=[32m"JIRA-0702"[39m
  [36m/>[39m

  Name "Description for change item 702":
  [36m<textarea[39m
    [33maria-describedby[39m=[32m"change-item-701-desc-help"[39m
    [33maria-invalid[39m=[32m"false"[39m
    [33maria-label[39m=[32m"Description for change item 702"[39m
    [33mclass[39m=[32m"MuiInputBase-input MuiOutlinedInput-input css-w4nesw-MuiInputBase-input-MuiOutlinedInput-input"[39m
    [33mid[39m=[32m"_r_284_"[39m
    [33mmaxlength[39m=[32m"500"[39m
    [33mrequired[39m=[32m""[39m
    [33mrows[39m=[32m"3"[39m
    [33mstyle[39m=[32m"height: 0px; overflow: hidden;"[39m
  [36m/>[39m

  Name "Jira number for change item 703":
  [36m<input[39m
    [33maria-describedby[39m=[32m"change-item-702-jira-help"[39m
    [33maria-invalid[39m=[32m"false"[39m
    [33maria-label[39m=[32m"Jira number for change item 703"[39m
    [33mclass[39m=[32m"MuiInputBase-input MuiOutlinedInput-input css-16wblaj-MuiInputBase-input-MuiOutlinedInput-input"[39m
    [33mid[39m=[32m"_r_286_"[39m
    [33mmaxlength[39m=[32m"50"[39m
    [33mrequired[39m=[32m""[39m
    [33mtype[39m=[32m"text"[39m
    [33mvalue[39m=[32m"JIRA-0703"[39m
  [36m/>[39m

  Name "Description for change item 703":
  [36m<textarea[39m
    [33maria-describedby[39m=[32m"change-item-702-desc-help"[39m
    [33maria-invalid[39m=[32m"false"[39m
    [33maria-label[39m=[32m"Description for change item 703"[39m
    [33mclass[39m=[32m"MuiInputBase-input MuiOutlinedInput-input css-w4nesw-MuiInputBase-input-MuiOutlinedInput-input"[39m
    [33mid[39m=[32m"_r_287_"[39m
    [33mmaxlength[39m=[32m"500"[39m
    [33mrequired[39m=[32m""[39m
    [33mrows[39m=[32m"3"[39m
    [33mstyle[39m=[32m"height: 0px; overflow: hidden;"[39m
  [36m/>[39m

  Name "Jira number for change item 704":
  [36m<input[39m
    [33maria-describedby[39m=[32m"change-item-703-jira-help"[39m
    [33maria-invalid[39m=[32m"false"[39m
    [33maria-label[39m=[32m"Jira number for change item 704"[39m
    [33mclass[39m=[32m"MuiInputBase-input MuiOutlinedInput-input css-16wblaj-MuiInputBase-input-MuiOutlinedInput-input"[39m
    [33mid[39m=[32m"_r_289_"[39m
    [33mmaxlength[39m=[32m"50"[39m
    [33mrequired[39m=[32m""[39m
    [33mtype[39m=[32m"text"[39m
    [33mvalue[39m=[32m"JIRA-0704"[39m
  [36m/>[39m

  Name "Description for change item 704":
  [36m<textarea[39m
    [33maria-describedby[39m=[32m"change-item-703-desc-help"[39m
    [33maria-invalid[39m=[32m"false"[39m
    [33maria-label[39m=[32m"Description for change item 704"[39m
    [33mclass[39m=[32m"MuiInputBase-input MuiOutlinedInput-input css-w4nesw-MuiInputBase-input-MuiOutlinedInput-input"[39m
    [33mid[39m=[32m"_r_28a_"[39m
    [33mmaxlength[39m=[32m"500"[39m
    [33mrequired[39m=[32m""[39m
    [33mrows[39m=[32m"3"[39m
    [33mstyle[39m=[32m"height: 0px; overflow: hidden;"[39m
  [36m/>[39m

  Name "Jira number for change item 705":
  [36m<input[39m
    [33maria-describedby[39m=[32m"change-item-704-jira-help"[39m
    [33maria-invalid[39m=[32m"false"[39m
    [33maria-label[39m=[32m"Jira number for change item 705"[39m
    [33mclass[39m=[32m"MuiInputBase-input MuiOutlinedInput-input css-16wblaj-MuiInputBase-input-MuiOutlinedInput-input"[39m
    [33mid[39m=[32m"_r_28c_"[39m
    [33mmaxlength[39m=[32m"50"[39m
    [33mrequired[39m=[32m""[39m
    [33mtype[39m=[32m"text"[39m
    [33mvalue[39m=[32m"JIRA-0705"[39m
  [36m/>[39m

  Name "Description for change item 705":
  [36m<textarea[39m
    [33maria-describedby[39m=[32m"change-item-704-desc-help"[39m
    [33maria-invalid[39m=[32m"false"[39m
    [33maria-label[39m=[32m"Description for change item 705"[39m
    [33mclass[39m=[32m"MuiInputBase-input MuiOutlinedInput-input css-w4nesw-MuiInputBase-input-MuiOutlinedInput-input"[39m
    [33mid[39m=[32m"_r_28d_"[39m
    [33mmaxlength[39m=[32m"500"[39m
    [33mrequired[39m=[32m""[39m
    [33mrows[39m=[32m"3"[39m
    [33mstyle[39m=[32m"height: 0px; overflow: hidden;"[39m
  [36m/>[39m

  Name "Jira number for change item 706":
  [36m<input[39m
    [33maria-describedby[39m=[32m"change-item-705-jira-help"[39m
    [33maria-invalid[39m=[32m"false"[39m
    [33maria-label[39m=[32m"Jira number for change item 706"[39m
    [33mclass[39m=[32m"MuiInputBase-input MuiOutlinedInput-input css-16wblaj-MuiInputBase-input-MuiOutlinedInput-input"[39m
    [33mid[39m=[32m"_r_28f_"[39m
    [33mmaxlength[39m=[32m"50"[39m
    [33mrequired[39m=[32m""[39m
    [33mtype[39m=[32m"text"[39m
    [33mvalue[39m=[32m"JIRA-0706"[39m
  [36m/>[39m

  Name "Description for change item 706":
  [36m<textarea[39m
    [33maria-describedby[39m=[32m"change-item-705-desc-help"[39m
    [33maria-invalid[39m=[32m"false"[39m
    [33maria-label[39m=[32m"Description for change item 706"[39m
    [33mclass[39m=[32m"MuiInputBase-input MuiOutlinedInput-input css-w4nesw-MuiInputBase-input-MuiOutlinedInput-input"[39m
    [33mid[39m=[32m"_r_28g_"[39m
    [33mmaxlength[39m=[32m"500"[39m
    [33mrequired[39m=[32m""[39m
    [33mrows[39m=[32m"3"[39m
    [33mstyle[39m=[32m"height: 0px; overflow: hidden;"[39m
  [36m/>[39m

  Name "Jira number for change item 707":
  [36m<input[39m
    [33maria-describedby[39m=[32m"change-item-706-jira-help"[39m
    [33maria-invalid[39m=[32m"false"[39m
    [33maria-label[39m=[32m"Jira number for change item 707"[39m
    [33mclass[39m=[32m"MuiInputBase-input MuiOutlinedInput-input css-16wblaj-MuiInputBase-input-MuiOutlinedInput-input"[39m
    [33mid[39m=[32m"_r_28i_"[39m
    [33mmaxlength[39m=[32m"50"[39m
    [33mrequired[39m=[32m""[39m
    [33mtype[39m=[32m"text"[39m
    [33mvalue[39m=[32m"JIRA-0707"[39m
  [36m/>[39m

  Name "Description for change item 707":
  [36m<textarea[39m
    [33maria-describedby[39m=[32m"change-item-706-desc-help"[39m
    [33maria-invalid[39m=[32m"false"[39m
    [33maria-label[39m=[32m"Description for change item 707"[39m
    [33mclass[39m=[32m"MuiInputBase-input MuiOutlinedInput-input css-w4nesw-MuiInputBase-input-MuiOutlinedInput-input"[39m
    [33mid[39m=[32m"_r_28j_"[39m
    [33mmaxlength[39m=[32m"500"[39m
    [33mrequired[39m=[32m""[39m
    [33mrows[39m=[32m"3"[39m
    [33mstyle[39m=[32m"height: 0px; overflow: hidden;"[39m
  [36m/>[39m

  Name "Jira number for change item 708":
  [36m<input[39m
    [33maria-describedby[39m=[32m"change-item-707-jira-help"[39m
    [33maria-invalid[39m=[32m"false"[39m
    [33maria-label[39m=[32m"Jira number for change item 708"[39m
    [33mclass[39m=[32m"MuiInputBase-input MuiOutlinedInput-input css-16wblaj-MuiInputBase-input-MuiOutlinedInput-input"[39m
    [33mid[39m=[32m"_r_28l_"[39m
    [33mmaxlength[39m=[32m"50"[39m
    [33mrequired[39m=[32m""[39m
    [33mtype[39m=[32m"text"[39m
    [33mvalue[39m=[32m"JIRA-0708"[39m
  [36m/>[39m

  Name "Description for change item 708":
  [36m<textarea[39m
    [33maria-describedby[39m=[32m"change-item-707-desc-help"[39m
    [33maria-invalid[39m=[32m"false"[39m
    [33maria-label[39m=[32m"Description for change item 708"[39m
    [33mclass[39m=[32m"MuiInputBase-input MuiOutlinedInput-input css-w4nesw-MuiInputBase-input-MuiOutlinedInput-input"[39m
    [33mid[39m=[32m"_r_28m_"[39m
    [33mmaxlength[39m=[32m"500"[39m
    [33mrequired[39m=[32m""[39m
    [33mrows[39m=[32m"3"[39m
    [33mstyle[39m=[32m"height: 0px; overflow: hidden;"[39m
  [36m/>[39m

  Name "Jira number for change item 709":
  [36m<input[39m
    [33maria-describedby[39m=[32m"change-item-708-jira-help"[39m
    [33maria-invalid[39m=[32m"false"[39m
    [33maria-label[39m=[32m"Jira number for change item 709"[39m
    [33mclass[39m=[32m"MuiInputBase-input MuiOutlinedInput-input css-16wblaj-MuiInputBase-input-MuiOutlinedInput-input"[39m
    [33mid[39m=[32m"_r_28o_"[39m
    [33mmaxlength[39m=[32m"50"[39m
    [33mrequired[39m=[32m""[39m
    [33mtype[39m=[32m"text"[39m
    [33mvalue[39m=[32m"JIRA-0709"[39m
  [36m/>[39m

  Name "Description for change item 709":
  [36m<textarea[39m
    [33maria-describedby[39m=[32m"change-item-708-desc-help"[39m
    [33maria-invalid[39m=[32m"false"[39m
    [33maria-label[39m=[32m"Description for change item 709"[39m
    [33mclass[39m=[32m"MuiInputBase-input MuiOutlinedInput-input css-w4nesw-MuiInputBase-input-MuiOutlinedInput-input"[39m
    [33mid[39m=[32m"_r_28p_"[39m
    [33mmaxlength[39m=[32m"500"[39m
    [33mrequired[39m=[32m""[39m
    [33mrows[39m=[32m"3"[39m
    [33mstyle[39m=[32m"height: 0px; overflow: hidden;"[39m
  [36m/>[39m

  Name "Jira number for change item 710":
  [36m<input[39m
    [33maria-describedby[39m=[32m"change-item-709-jira-help"[39m
    [33maria-invalid[39m=[32m"false"[39m
    [33maria-label[39m=[32m"Jira number for change item 710"[39m
    [33mclass[39m=[32m"MuiInputBase-input MuiOutlinedInput-input css-16wblaj-MuiInputBase-input-MuiOutlinedInput-input"[39m
    [33mid[39m=[32m"_r_28r_"[39m
    [33mmaxlength[39m=[32m"50"[39m
    [33mrequired[39m=[32m""[39m
    [33mtype[39m=[32m"text"[39m
    [33mvalue[39m=[32m"JIRA-0710"[39m
  [36m/>[39m

  Name "Description for change item 710":
  [36m<textarea[39m
    [33maria-describedby[39m=[32m"change-item-709-desc-help"[39m
    [33maria-invalid[39m=[32m"false"[39m
    [33maria-label[39m=[32m"Description for change item 710"[39m
    [33mclass[39m=[32m"MuiInputBase-input MuiOutlinedInput-input css-w4nesw-MuiInputBase-input-MuiOutlinedInput-input"[39m
    [33mid[39m=[32m"_r_28s_"[39m
    [33mmaxlength[39m=[32m"500"[39m
    [33mrequired[39m=[32m""[39m
    [33mrows[39m=[32m"3"[39m
    [33mstyle[39m=[32m"height: 0px; overflow: hidden;"[39m
  [36m/>[39m

  Name "Jira number for change item 711":
  [36m<input[39m
    [33maria-describedby[39m=[32m"change-item-710-jira-help"[39m
    [33maria-invalid[39m=[32m"false"[39m
    [33maria-label[39m=[32m"Jira number for change item 711"[39m
    [33mclass[39m=[32m"MuiInputBase-input MuiOutlinedInput-input css-16wblaj-MuiInputBase-input-MuiOutlinedInput-input"[39m
    [33mid[39m=[32m"_r_28u_"[39m
    [33mmaxlength[39m=[32m"50"[39m
    [33mrequired[39m=[32m""[39m
    [33mtype[39m=[32m"text"[39m
    [33mvalue[39m=[32m"JIRA-0711"[39m
  [36m/>[39m

  Name "Description for change item 711":
  [36m<textarea[39m
    [33maria-describedby[39m=[32m"change-item-710-desc-help"[39m
    [33maria-invalid[39m=[32m"false"[39m
    [33maria-label[39m=[32m"Description for change item 711"[39m
    [33mclass[39m=[32m"MuiInputBase-input MuiOutlinedInput-input css-w4nesw-MuiInputBase-input-MuiOutlinedInput-input"[39m
    [33mid[39m=[32m"_r_28v_"[39m
    [33mmaxlength[39m=[32m"500"[39m
    [33mrequired[39m=[32m""[39m
    [33mrows[39m=[32m"3"[39m
    [33mstyle[39m=[32m"height: 0px; overflow: hidden;"[39m
  [36m/>[39m

  Name "Jira number for change item 712":
  [36m<input[39m
    [33maria-describedby[39m=[32m"change-item-711-jira-help"[39m
    [33maria-invalid[39m=[32m"false"[39m
    [33maria-label[39m=[32m"Jira number for change item 712"[39m
    [33mclass[39m=[32m"MuiInputBase-input MuiOutlinedInput-input css-16wblaj-MuiInputBase-input-MuiOutlinedInput-input"[39m
    [33mid[39m=[32m"_r_291_"[39m
    [33mmaxlength[39m=[32m"50"[39m
    [33mrequired[39m=[32m""[39m
    [33mtype[39m=[32m"text"[39m
    [33mvalue[39m=[32m"JIRA-0712"[39m
  [36m/>[39m

  Name "Description for change item 712":
  [36m<textarea[39m
    [33maria-describedby[39m=[32m"change-item-711-desc-help"[39m
    [33maria-invalid[39m=[32m"false"[39m
    [33maria-label[39m=[32m"Description for change item 712"[39m
    [33mclass[39m=[32m"MuiInputBase-input MuiOutlinedInput-input css-w4nesw-MuiInputBase-input-MuiOutlinedInput-input"[39m
    [33mid[39m=[32m"_r_292_"[39m
    [33mmaxlength[39m=[32m"500"[39m
    [33mrequired[39m=[32m""[39m
    [33mrows[39m=[32m"3"[39m
    [33mstyle[39m=[32m"height: 0px; overflow: hidden;"[39m
  [36m/>[39m

  Name "Jira number for change item 713":
  [36m<input[39m
    [33maria-describedby[39m=[32m"change-item-712-jira-help"[39m
    [33maria-invalid[39m=[32m"false"[39m
    [33maria-label[39m=[32m"Jira number for change item 713"[39m
    [33mclass[39m=[32m"MuiInputBase-input MuiOutlinedInput-input css-16wblaj-MuiInputBase-input-MuiOutlinedInput-input"[39m
    [33mid[39m=[32m"_r_294_"[39m
    [33mmaxlength[39m=[32m"50"[39m
    [33mrequired[39m=[32m""[39m
    [33mtype[39m=[32m"text"[39m
    [33mvalue[39m=[32m"JIRA-0713"[39m
  [36m/>[39m

  Name "Description for change item 713":
  [36m<textarea[39m
    [33maria-describedby[39m=[32m"change-item-712-desc-help"[39m
    [33maria-invalid[39m=[32m"false"[39m
    [33maria-label[39m=[32m"Description for change item 713"[39m
    [33mclass[39m=[32m"MuiInputBase-input MuiOutlinedInput-input css-w4nesw-MuiInputBase-input-MuiOutlinedInput-input"[39m
    [33mid[39m=[32m"_r_295_"[39m
    [33mmaxlength[39m=[32m"500"[39m
    [33mrequired[39m=[32m""[39m
    [33mrows[39m=[32m"3"[39m
    [33mstyle[39m=[32m"height: 0px; overflow: hidden;"[39m
  [36m/>[39m

  Name "Jira number for change item 714":
  [36m<input[39m
    [33maria-describedby[39m=[32m"change-item-713-jira-help"[39m
    [33maria-invalid[39m=[32m"false"[39m
    [33maria-label[39m=[32m"Jira number for change item 714"[39m
    [33mclass[39m=[32m"MuiInputBase-input MuiOutlinedInput-input css-16wblaj-MuiInputBase-input-MuiOutlinedInput-input"[39m
    [33mid[39m=[32m"_r_297_"[39m
    [33mmaxlength[39m=[32m"50"[39m
    [33mrequired[39m=[32m""[39m
    [33mtype[39m=[32m"text"[39m
    [33mvalue[39m=[32m"JIRA-0714"[39m
  [36m/>[39m

  Name "Description for change item 714":
  [36m<textarea[39m
    [33maria-describedby[39m=[32m"change-item-713-desc-help"[39m
    [33maria-invalid[39m=[32m"false"[39m
    [33maria-label[39m=[32m"Description for change item 714"[39m
    [33mclass[39m=[32m"MuiInputBase-input MuiOutlinedInput-input css-w4nesw-MuiInputBase-input-MuiOutlinedInput-input"[39m
    [33mid[39m=[32m"_r_298_"[39m
    [33mmaxlength[39m=[32m"500"[39m
    [33mrequired[39m=[32m""[39m
    [33mrows[39m=[32m"3"[39m
    [33mstyle[39m=[32m"height: 0px; overflow: hidden;"[39m
  [36m/>[39m

  Name "Jira number for change item 715":
  [36m<input[39m
    [33maria-describedby[39m=[32m"change-item-714-jira-help"[39m
    [33maria-invalid[39m=[32m"false"[39m
    [33maria-label[39m=[32m"Jira number for change item 715"[39m
    [33mclass[39m=[32m"MuiInputBase-input MuiOutlinedInput-input css-16wblaj-MuiInputBase-input-MuiOutlinedInput-input"[39m
    [33mid[39m=[32m"_r_29a_"[39m
    [33mmaxlength[39m=[32m"50"[39m
    [33mrequired[39m=[32m""[39m
    [33mtype[39m=[32m"text"[39m
    [33mvalue[39m=[32m"JIRA-0715"[39m
  [36m/>[39m

  Name "Description for change item 715":
  [36m<textarea[39m
    [33maria-describedby[39m=[32m"change-item-714-desc-help"[39m
    [33maria-invalid[39m=[32m"false"[39m
    [33maria-label[39m=[32m"Description for change item 715"[39m
    [33mclass[39m=[32m"MuiInputBase-input MuiOutlinedInput-input css-w4nesw-MuiInputBase-input-MuiOutlinedInput-input"[39m
    [33mid[39m=[32m"_r_29b_"[39m
    [33mmaxlength[39m=[32m"500"[39m
    [33mrequired[39m=[32m""[39m
    [33mrows[39m=[32m"3"[39m
    [33mstyle[39m=[32m"height: 0px; overflow: hidden;"[39m
  [36m/>[39m

  Name "Jira number for change item 716":
  [36m<input[39m
    [33maria-describedby[39m=[32m"change-item-715-jira-help"[39m
    [33maria-invalid[39m=[32m"false"[39m
    [33maria-label[39m=[32m"Jira number for change item 716"[39m
    [33mclass[39m=[32m"MuiInputBase-input MuiOutlinedInput-input css-16wblaj-MuiInputBase-input-MuiOutlinedInput-input"[39m
    [33mid[39m=[32m"_r_29d_"[39m
    [33mmaxlength[39m=[32m"50"[39m
    [33mrequired[39m=[32m""[39m
    [33mtype[39m=[32m"text"[39m
    [33mvalue[39m=[32m"JIRA-0716"[39m
  [36m/>[39m

  Name "Description for change item 716":
  [36m<textarea[39m
    [33maria-describedby[39m=[32m"change-item-715-desc-help"[39m
    [33maria-invalid[39m=[32m"false"[39m
    [33maria-label[39m=[32m"Description for change item 716"[39m
    [33mclass[39m=[32m"MuiInputBase-input MuiOutlinedInput-input css-w4nesw-MuiInputBase-input-MuiOutlinedInput-input"[39m
    [33mid[39m=[32m"_r_29e_"[39m
    [33mmaxlength[39m=[32m"500"[39m
    [33mrequired[39m=[32m""[39m
    [33mrows[39m=[32m"3"[39m
    [33mstyle[39m=[32m"height: 0px; overflow: hidden;"[39m
  [36m/>[39m

  Name "Jira number for change item 717":
  [36m<input[39m
    [33maria-describedby[39m=[32m"change-item-716-jira-help"[39m
    [33maria-invalid[39m=[32m"false"[39m
    [33maria-label[39m=[32m"Jira number for change item 717"[39m
    [33mclass[39m=[32m"MuiInputBase-input MuiOutlinedInput-input css-16wblaj-MuiInputBase-input-MuiOutlinedInput-input"[39m
    [33mid[39m=[32m"_r_29g_"[39m
    [33mmaxlength[39m=[32m"50"[39m
    [33mrequired[39m=[32m""[39m
    [33mtype[39m=[32m"text"[39m
    [33mvalue[39m=[32m"JIRA-0717"[39m
  [36m/>[39m

  Name "Description for change item 717":
  [36m<textarea[39m
    [33maria-describedby[39m=[32m"change-item-716-desc-help"[39m
    [33maria-invalid[39m=[32m"false"[39m
    [33maria-label[39m=[32m"Description for change item 717"[39m
    [33mclass[39m=[32m"MuiInputBase-input MuiOutlinedInput-input css-w4nesw-MuiInputBase-input-MuiOutlinedInput-input"[39m
    [33mid[39m=[32m"_r_29h_"[39m
    [33mmaxlength[39m=[32m"500"[39m
    [33mrequired[39m=[32m""[39m
    [33mrows[39m=[32m"3"[39m
    [33mstyle[39m=[32m"height: 0px; overflow: hidden;"[39m
  [36m/>[39m

  Name "Jira number for change item 718":
  [36m<input[39m
    [33maria-describedby[39m=[32m"change-item-717-jira-help"[39m
    [33maria-invalid[39m=[32m"false"[39m
    [33maria-label[39m=[32m"Jira number for change item 718"[39m
    [33mclass[39m=[32m"MuiInputBase-input MuiOutlinedInput-input css-16wblaj-MuiInputBase-input-MuiOutlinedInput-input"[39m
    [33mid[39m=[32m"_r_29j_"[39m
    [33mmaxlength[39m=[32m"50"[39m
    [33mrequired[39m=[32m""[39m
    [33mtype[39m=[32m"text"[39m
    [33mvalue[39m=[32m"JIRA-0718"[39m
  [36m/>[39m

  Name "Description for change item 718":
  [36m<textarea[39m
    [33maria-describedby[39m=[32m"change-item-717-desc-help"[39m
    [33maria-invalid[39m=[32m"false"[39m
    [33maria-label[39m=[32m"Description for change item 718"[39m
    [33mclass[39m=[32m"MuiInputBase-input MuiOutlinedInput-input css-w4nesw-MuiInputBase-input-MuiOutlinedInput-input"[39m
    [33mid[39m=[32m"_r_29k_"[39m
    [33mmaxlength[39m=[32m"500"[39m
    [33mrequired[39m=[32m""[39m
    [33mrows[39m=[32m"3"[39m
    [33mstyle[39m=[32m"height: 0px; overflow: hidden;"[39m
  [36m/>[39m

  Name "Jira number for change item 719":
  [36m<input[39m
    [33maria-describedby[39m=[32m"change-item-718-jira-help"[39m
    [33maria-invalid[39m=[32m"false"[39m
    [33maria-label[39m=[32m"Jira number for change item 719"[39m
    [33mclass[39m=[32m"MuiInputBase-input MuiOutlinedInput-input css-16wblaj-MuiInputBase-input-MuiOutlinedInput-input"[39m
    [33mid[39m=[32m"_r_29m_"[39m
    [33mmaxlength[39m=[32m"50"[39m
    [33mrequired[39m=[32m""[39m
    [33mtype[39m=[32m"text"[39m
    [33mvalue[39m=[32m"JIRA-0719"[39m
  [36m/>[39m

  Name "Description for change item 719":
  [36m<textarea[39m
    [33maria-describedby[39m=[32m"change-item-718-desc-help"[39m
    [33maria-invalid[39m=[32m"false"[39m
    [33maria-label[39m=[32m"Description for change item 719"[39m
    [33mclass[39m=[32m"MuiInputBase-input MuiOutlinedInput-input css-w4nesw-MuiInputBase-input-MuiOutlinedInput-input"[39m
    [33mid[39m=[32m"_r_29n_"[39m
    [33mmaxlength[39m=[32m"500"[39m
    [33mrequired[39m=[32m""[39m
    [33mrows[39m=[32m"3"[39m
    [33mstyle[39m=[32m"height: 0px; overflow: hidden;"[39m
  [36m/>[39m

  Name "Jira number for change item 720":
  [36m<input[39m
    [33maria-describedby[39m=[32m"change-item-719-jira-help"[39m
    [33maria-invalid[39m=[32m"false"[39m
    [33maria-label[39m=[32m"Jira number for change item 720"[39m
    [33mclass[39m=[32m"MuiInputBase-input MuiOutlinedInput-input css-16wblaj-MuiInputBase-input-MuiOutlinedInput-input"[39m
    [33mid[39m=[32m"_r_29p_"[39m
    [33mmaxlength[39m=[32m"50"[39m
    [33mrequired[39m=[32m""[39m
    [33mtype[39m=[32m"text"[39m
    [33mvalue[39m=[32m"JIRA-0720"[39m
  [36m/>[39m

  Name "Description for change item 720":
  [36m<textarea[39m
    [33maria-describedby[39m=[32m"change-item-719-desc-help"[39m
    [33maria-invalid[39m=[32m"false"[39m
    [33maria-label[39m=[32m"Description for change item 720"[39m
    [33mclass[39m=[32m"MuiInputBase-input MuiOutlinedInput-input css-w4nesw-MuiInputBase-input-MuiOutlinedInput-input"[39m
    [33mid[39m=[32m"_r_29q_"[39m
    [33mmaxlength[39m=[32m"500"[39m
    [33mrequired[39m=[32m""[39m
    [33mrows[39m=[32m"3"[39m
    [33mstyle[39m=[32m"height: 0px; overflow: hidden;"[39m
  [36m/>[39m

  Name "Jira number for change item 721":
  [36m<input[39m
    [33maria-describedby[39m=[32m"change-item-720-jira-help"[39m
    [33maria-invalid[39m=[32m"false"[39m
    [33maria-label[39m=[32m"Jira number for change item 721"[39m
    [33mclass[39m=[32m"MuiInputBase-input MuiOutlinedInput-input css-16wblaj-MuiInputBase-input-MuiOutlinedInput-input"[39m
    [33mid[39m=[32m"_r_29s_"[39m
    [33mmaxlength[39m=[32m"50"[39m
    [33mrequired[39m=[32m""[39m
    [33mtype[39m=[32m"text"[39m
    [33mvalue[39m=[32m"JIRA-0721"[39m
  [36m/>[39m

  Name "Description for change item 721":
  [36m<textarea[39m
    [33maria-describedby[39m=[32m"change-item-720-desc-help"[39m
    [33maria-invalid[39m=[32m"false"[39m
    [33maria-label[39m=[32m"Description for change item 721"[39m
    [33mclass[39m=[32m"MuiInputBase-input MuiOutlinedInput-input css-w4nesw-MuiInputBase-input-MuiOutlinedInput-input"[39m
    [33mid[39m=[32m"_r_29t_"[39m
    [33mmaxlength[39m=[32m"500"[39m
    [33mrequired[39m=[32m""[39m
    [33mrows[39m=[32m"3"[39m
    [33mstyle[39m=[32m"height: 0px; overflow: hidden;"[39m
  [36m/>[39m

  Name "Jira number for change item 722":
  [36m<input[39m
    [33maria-describedby[39m=[32m"change-item-721-jira-help"[39m
    [33maria-invalid[39m=[32m"false"[39m
    [33maria-label[39m=[32m"Jira number for change item 722"[39m
    [33mclass[39m=[32m"MuiInputBase-input MuiOutlinedInput-input css-16wblaj-MuiInputBase-input-MuiOutlinedInput-input"[39m
    [33mid[39m=[32m"_r_29v_"[39m
    [33mmaxlength[39m=[32m"50"[39m
    [33mrequired[39m=[32m""[39m
    [33mtype[39m=[32m"text"[39m
    [33mvalue[39m=[32m"JIRA-0722"[39m
  [36m/>[39m

  Name "Description for change item 722":
  [36m<textarea[39m
    [33maria-describedby[39m=[32m"change-item-721-desc-help"[39m
    [33maria-invalid[39m=[32m"false"[39m
    [33maria-label[39m=[32m"Description for change item 722"[39m
    [33mclass[39m=[32m"MuiInputBase-input MuiOutlinedInput-input css-w4nesw-MuiInputBase-input-MuiOutlinedInput-input"[39m
    [33mid[39m=[32m"_r_2a0_"[39m
    [33mmaxlength[39m=[32m"500"[39m
    [33mrequired[39m=[32m""[39m
    [33mrows[39m=[32m"3"[39m
    [33mstyle[39m=[32m"height: 0px; overflow: hidden;"[39m
  [36m/>[39m

  Name "Jira number for change item 723":
  [36m<input[39m
    [33maria-describedby[39m=[32m"change-item-722-jira-help"[39m
    [33maria-invalid[39m=[32m"false"[39m
    [33maria-label[39m=[32m"Jira number for change item 723"[39m
    [33mclass[39m=[32m"MuiInputBase-input MuiOutlinedInput-input css-16wblaj-MuiInputBase-input-MuiOutlinedInput-input"[39m
    [33mid[39m=[32m"_r_2a2_"[39m
    [33mmaxlength[39m=[32m"50"[39m
    [33mrequired[39m=[32m""[39m
    [33mtype[39m=[32m"text"[39m
    [33mvalue[39m=[32m"JIRA-0723"[39m
  [36m/>[39m

  Name "Description for change item 723":
  [36m<textarea[39m
    [33maria-describedby[39m=[32m"change-item-722-desc-help"[39m
    [33maria-invalid[39m=[32m"false"[39m
    [33maria-label[39m=[32m"Description for change item 723"[39m
    [33mclass[39m=[32m"MuiInputBase-input MuiOutlinedInput-input css-w4nesw-MuiInputBase-input-MuiOutlinedInput-input"[39m
    [33mid[39m=[32m"_r_2a3_"[39m
    [33mmaxlength[39m=[32m"500"[39m
    [33mrequired[39m=[32m""[39m
    [33mrows[39m=[32m"3"[39m
    [33mstyle[39m=[32m"height: 0px; overflow: hidden;"[39m
  [36m/>[39m

  Name "Jira number for change item 724":
  [36m<input[39m
    [33maria-describedby[39m=[32m"change-item-723-jira-help"[39m
    [33maria-invalid[39m=[32m"false"[39m
    [33maria-label[39m=[32m"Jira number for change item 724"[39m
    [33mclass[39m=[32m"MuiInputBase-input MuiOutlinedInput-input css-16wblaj-MuiInputBase-input-MuiOutlinedInput-input"[39m
    [33mid[39m=[32m"_r_2a5_"[39m
    [33mmaxlength[39m=[32m"50"[39m
    [33mrequired[39m=[32m""[39m
    [33mtype[39m=[32m"text"[39m
    [33mvalue[39m=[32m"JIRA-0724"[39m
  [36m/>[39m

  Name "Description for change item 724":
  [36m<textarea[39m
    [33maria-describedby[39m=[32m"change-item-723-desc-help"[39m
    [33maria-invalid[39m=[32m"false"[39m
    [33maria-label[39m=[32m"Description for change item 724"[39m
    [33mclass[39m=[32m"MuiInputBase-input MuiOutlinedInput-input css-w4nesw-MuiInputBase-input-MuiOutlinedInput-input"[39m
    [33mid[39m=[32m"_r_2a6_"[39m
    [33mmaxlength[39m=[32m"500"[39m
    [33mrequired[39m=[32m""[39m
    [33mrows[39m=[32m"3"[39m
    [33mstyle[39m=[32m"height: 0px; overflow: hidden;"[39m
  [36m/>[39m

  Name "Jira number for change item 725":
  [36m<input[39m
    [33maria-describedby[39m=[32m"change-item-724-jira-help"[39m
    [33maria-invalid[39m=[32m"false"[39m
    [33maria-label[39m=[32m"Jira number for change item 725"[39m
    [33mclass[39m=[32m"MuiInputBase-input MuiOutlinedInput-input css-16wblaj-MuiInputBase-input-MuiOutlinedInput-input"[39m
    [33mid[39m=[32m"_r_2a8_"[39m
    [33mmaxlength[39m=[32m"50"[39m
    [33mrequired[39m=[32m""[39m
    [33mtype[39m=[32m"text"[39m
    [33mvalue[39m=[32m"JIRA-0725"[39m
  [36m/>[39m

  Name "Description for change item 725":
  [36m<textarea[39m
    [33maria-describedby[39m=[32m"change-item-724-desc-help"[39m
    [33maria-invalid[39m=[32m"false"[39m
    [33maria-label[39m=[32m"Description for change item 725"[39m
    [33mclass[39m=[32m"MuiInputBase-input MuiOutlinedInput-input css-w4nesw-MuiInputBase-input-MuiOutlinedInput-input"[39m
    [33mid[39m=[32m"_r_2a9_"[39m
    [33mmaxlength[39m=[32m"500"[39m
    [33mrequired[39m=[32m""[39m
    [33mrows[39m=[32m"3"[39m
    [33mstyle[39m=[32m"height: 0px; overflow: hidden;"[39m
  [36m/>[39m

  Name "Jira number for change item 726":
  [36m<input[39m
    [33maria-describedby[39m=[32m"change-item-725-jira-help"[39m
    [33maria-invalid[39m=[32m"false"[39m
    [33maria-label[39m=[32m"Jira number for change item 726"[39m
    [33mclass[39m=[32m"MuiInputBase-input MuiOutlinedInput-input css-16wblaj-MuiInputBase-input-MuiOutlinedInput-input"[39m
    [33mid[39m=[32m"_r_2ab_"[39m
    [33mmaxlength[39m=[32m"50"[39m
    [33mrequired[39m=[32m""[39m
    [33mtype[39m=[32m"text"[39m
    [33mvalue[39m=[32m"JIRA-0726"[39m
  [36m/>[39m

  Name "Description for change item 726":
  [36m<textarea[39m
    [33maria-describedby[39m=[32m"change-item-725-desc-help"[39m
    [33maria-invalid[39m=[32m"false"[39m
    [33maria-label[39m=[32m"Description for change item 726"[39m
    [33mclass[39m=[32m"MuiInputBase-input MuiOutlinedInput-input css-w4nesw-MuiInputBase-input-MuiOutlinedInput-input"[39m
    [33mid[39m=[32m"_r_2ac_"[39m
    [33mmaxlength[39m=[32m"500"[39m
    [33mrequired[39m=[32m""[39m
    [33mrows[39m=[32m"3"[39m
    [33mstyle[39m=[32m"height: 0px; overflow: hidden;"[39m
  [36m/>[39m

  Name "Jira number for change item 727":
  [36m<input[39m
    [33maria-describedby[39m=[32m"change-item-726-jira-help"[39m
    [33maria-invalid[39m=[32m"false"[39m
    [33maria-label[39m=[32m"Jira number for change item 727"[39m
    [33mclass[39m=[32m"MuiInputBase-input MuiOutlinedInput-input css-16wblaj-MuiInputBase-input-MuiOutlinedInput-input"[39m
    [33mid[39m=[32m"_r_2ae_"[39m
    [33mmaxlength[39m=[32m"50"[39m
    [33mrequired[39m=[32m""[39m
    [33mtype[39m=[32m"text"[39m
    [33mvalue[39m=[32m"JIRA-0727"[39m
  [36m/>[39m

  Name "Description for change item 727":
  [36m<textarea[39m
    [33maria-describedby[39m=[32m"change-item-726-desc-help"[39m
    [33maria-invalid[39m=[32m"false"[39m
    [33maria-label[39m=[32m"Description for change item 727"[39m
    [33mclass[39m=[32m"MuiInputBase-input MuiOutlinedInput-input css-w4nesw-MuiInputBase-input-MuiOutlinedInput-input"[39m
    [33mid[39m=[32m"_r_2af_"[39m
    [33mmaxlength[39m=[32m"500"[39m
    [33mrequired[39m=[32m""[39m
    [33mrows[39m=[32m"3"[39m
    [33mstyle[39m=[32m"height: 0px; overflow: hidden;"[39m
  [36m/>[39m

  Name "Jira number for change item 728":
  [36m<input[39m
    [33maria-describedby[39m=[32m"change-item-727-jira-help"[39m
    [33maria-invalid[39m=[32m"false"[39m
    [33maria-label[39m=[32m"Jira number for change item 728"[39m
    [33mclass[39m=[32m"MuiInputBase-input MuiOutlinedInput-input css-16wblaj-MuiInputBase-input-MuiOutlinedInput-input"[39m
    [33mid[39m=[32m"_r_2ah_"[39m
    [33mmaxlength[39m=[32m"50"[39m
    [33mrequired[39m=[32m""[39m
    [33mtype[39m=[32m"text"[39m
    [33mvalue[39m=[32m"JIRA-0728"[39m
  [36m/>[39m

  Name "Description for change item 728":
  [36m<textarea[39m
    [33maria-describedby[39m=[32m"change-item-727-desc-help"[39m
    [33maria-invalid[39m=[32m"false"[39m
    [33maria-label[39m=[32m"Description for change item 728"[39m
    [33mclass[39m=[32m"MuiInputBase-input MuiOutlinedInput-input css-w4nesw-MuiInputBase-input-MuiOutlinedInput-input"[39m
    [33mid[39m=[32m"_r_2ai_"[39m
    [33mmaxlength[39m=[32m"500"[39m
    [33mrequired[39m=[32m""[39m
    [33mrows[39m=[32m"3"[39m
    [33mstyle[39m=[32m"height: 0px; overflow: hidden;"[39m
  [36m/>[39m

  Name "Jira number for change item 729":
  [36m<input[39m
    [33maria-describedby[39m=[32m"change-item-728-jira-help"[39m
    [33maria-invalid[39m=[32m"false"[39m
    [33maria-label[39m=[32m"Jira number for change item 729"[39m
    [33mclass[39m=[32m"MuiInputBase-input MuiOutlinedInput-input css-16wblaj-MuiInputBase-input-MuiOutlinedInput-input"[39m
    [33mid[39m=[32m"_r_2ak_"[39m
    [33mmaxlength[39m=[32m"50"[39m
    [33mrequired[39m=[32m""[39m
    [33mtype[39m=[32m"text"[39m
    [33mvalue[39m=[32m"JIRA-0729"[39m
  [36m/>[39m

  Name "Description for change item 729":
  [36m<textarea[39m
    [33maria-describedby[39m=[32m"change-item-728-desc-help"[39m
    [33maria-invalid[39m=[32m"false"[39m
    [33maria-label[39m=[32m"Description for change item 729"[39m
    [33mclass[39m=[32m"MuiInputBase-input MuiOutlinedInput-input css-w4nesw-MuiInputBase-input-MuiOutlinedInput-input"[39m
    [33mid[39m=[32m"_r_2al_"[39m
    [33mmaxlength[39m=[32m"500"[39m
    [33mrequired[39m=[32m""[39m
    [33mrows[39m=[32m"3"[39m
    [33mstyle[39m=[32m"height: 0px; overflow: hidden;"[39m
  [36m/>[39m

  Name "Jira number for change item 730":
  [36m<input[39m
    [33maria-describedby[39m=[32m"change-item-729-jira-help"[39m
    [33maria-invalid[39m=[32m"false"[39m
    [33maria-label[39m=[32m"Jira number for change item 730"[39m
    [33mclass[39m=[32m"MuiInputBase-input MuiOutlinedInput-input css-16wblaj-MuiInputBase-input-MuiOutlinedInput-input"[39m
    [33mid[39m=[32m"_r_2an_"[39m
    [33mmaxlength[39m=[32m"50"[39m
    [33mrequired[39m=[32m""[39m
    [33mtype[39m=[32m"text"[39m
    [33mvalue[39m=[32m"JIRA-0730"[39m
  [36m/>[39m

  Name "Description for change item 730":
  [36m<textarea[39m
    [33maria-describedby[39m=[32m"change-item-729-desc-help"[39m
    [33maria-invalid[39m=[32m"false"[39m
    [33maria-label[39m=[32m"Description for change item 730"[39m
    [33mclass[39m=[32m"MuiInputBase-input MuiOutlinedInput-input css-w4nesw-MuiInputBase-input-MuiOutlinedInput-input"[39m
    [33mid[39m=[32m"_r_2ao_"[39m
    [33mmaxlength[39m=[32m"500"[39m
    [33mrequired[39m=[32m""[39m
    [33mrows[39m=[32m"3"[39m
    [33mstyle[39m=[32m"height: 0px; overflow: hidden;"[39m
  [36m/>[39m

  Name "Jira number for change item 731":
  [36m<input[39m
    [33maria-describedby[39m=[32m"change-item-730-jira-help"[39m
    [33maria-invalid[39m=[32m"false"[39m
    [33maria-label[39m=[32m"Jira number for change item 731"[39m
    [33mclass[39m=[32m"MuiInputBase-input MuiOutlinedInput-input css-16wblaj-MuiInputBase-input-MuiOutlinedInput-input"[39m
    [33mid[39m=[32m"_r_2aq_"[39m
    [33mmaxlength[39m=[32m"50"[39m
    [33mrequired[39m=[32m""[39m
    [33mtype[39m=[32m"text"[39m
    [33mvalue[39m=[32m"JIRA-0731"[39m
  [36m/>[39m

  Name "Description for change item 731":
  [36m<textarea[39m
    [33maria-describedby[39m=[32m"change-item-730-desc-help"[39m
    [33maria-invalid[39m=[32m"false"[39m
    [33maria-label[39m=[32m"Description for change item 731"[39m
    [33mclass[39m=[32m"MuiInputBase-input MuiOutlinedInput-input css-w4nesw-MuiInputBase-input-MuiOutlinedInput-input"[39m
    [33mid[39m=[32m"_r_2ar_"[39m
    [33mmaxlength[39m=[32m"500"[39m
    [33mrequired[39m=[32m""[39m
    [33mrows[39m=[32m"3"[39m
    [33mstyle[39m=[32m"height: 0px; overflow: hidden;"[39m
  [36m/>[39m

  Name "Jira number for change item 732":
  [36m<input[39m
    [33maria-describedby[39m=[32m"change-item-731-jira-help"[39m
    [33maria-invalid[39m=[32m"false"[39m
    [33maria-label[39m=[32m"Jira number for change item 732"[39m
    [33mclass[39m=[32m"MuiInputBase-input MuiOutlinedInput-input css-16wblaj-MuiInputBase-input-MuiOutlinedInput-input"[39m
    [33mid[39m=[32m"_r_2at_"[39m
    [33mmaxlength[39m=[32m"50"[39m
    [33mrequired[39m=[32m""[39m
    [33mtype[39m=[32m"text"[39m
    [33mvalue[39m=[32m"JIRA-0732"[39m
  [36m/>[39m

  Name "Description for change item 732":
  [36m<textarea[39m
    [33maria-describedby[39m=[32m"change-item-731-desc-help"[39m
    [33maria-invalid[39m=[32m"false"[39m
    [33maria-label[39m=[32m"Description for change item 732"[39m
    [33mclass[39m=[32m"MuiInputBase-input MuiOutlinedInput-input css-w4nesw-MuiInputBase-input-MuiOutlinedInput-input"[39m
    [33mid[39m=[32m"_r_2au_"[39m
    [33mmaxlength[39m=[32m"500"[39m
    [33mrequired[39m=[32m""[39m
    [33mrows[39m=[32m"3"[39m
    [33mstyle[39m=[32m"height: 0px; overflow: hidden;"[39m
  [36m/>[39m

  Name "Jira number for change item 733":
  [36m<input[39m
    [33maria-describedby[39m=[32m"change-item-732-jira-help"[39m
    [33maria-invalid[39m=[32m"false"[39m
    [33maria-label[39m=[32m"Jira number for change item 733"[39m
    [33mclass[39m=[32m"MuiInputBase-input MuiOutlinedInput-input css-16wblaj-MuiInputBase-input-MuiOutlinedInput-input"[39m
    [33mid[39m=[32m"_r_2b0_"[39m
    [33mmaxlength[39m=[32m"50"[39m
    [33mrequired[39m=[32m""[39m
    [33mtype[39m=[32m"text"[39m
    [33mvalue[39m=[32m"JIRA-0733"[39m
  [36m/>[39m

  Name "Description for change item 733":
  [36m<textarea[39m
    [33maria-describedby[39m=[32m"change-item-732-desc-help"[39m
    [33maria-invalid[39m=[32m"false"[39m
    [33maria-label[39m=[32m"Description for change item 733"[39m
    [33mclass[39m=[32m"MuiInputBase-input MuiOutlinedInput-input css-w4nesw-MuiInputBase-input-MuiOutlinedInput-input"[39m
    [33mid[39m=[32m"_r_2b1_"[39m
    [33mmaxlength[39m=[32m"500"[39m
    [33mrequired[39m=[32m""[39m
    [33mrows[39m=[32m"3"[39m
    [33mstyle[39m=[32m"height: 0px; overflow: hidden;"[39m
  [36m/>[39m

  Name "Jira number for change item 734":
  [36m<input[39m
    [33maria-describedby[39m=[32m"change-item-733-jira-help"[39m
    [33maria-invalid[39m=[32m"false"[39m
    [33maria-label[39m=[32m"Jira number for change item 734"[39m
    [33mclass[39m=[32m"MuiInputBase-input MuiOutlinedInput-input css-16wblaj-MuiInputBase-input-MuiOutlinedInput-input"[39m
    [33mid[39m=[32m"_r_2b3_"[39m
    [33mmaxlength[39m=[32m"50"[39m
    [33mrequired[39m=[32m""[39m
    [33mtype[39m=[32m"text"[39m
    [33mvalue[39m=[32m"JIRA-0734"[39m
  [36m/>[39m

  Name "Description for change item 734":
  [36m<textarea[39m
    [33maria-describedby[39m=[32m"change-item-733-desc-help"[39m
    [33maria-invalid[39m=[32m"false"[39m
    [33maria-label[39m=[32m"Description for change item 734"[39m
    [33mclass[39m=[32m"MuiInputBase-input MuiOutlinedInput-input css-w4nesw-MuiInputBase-input-MuiOutlinedInput-input"[39m
    [33mid[39m=[32m"_r_2b4_"[39m
    [33mmaxlength[39m=[32m"500"[39m
    [33mrequired[39m=[32m""[39m
    [33mrows[39m=[32m"3"[39m
    [33mstyle[39m=[32m"height: 0px; overflow: hidden;"[39m
  [36m/>[39m

  Name "Jira number for change item 735":
  [36m<input[39m
    [33maria-describedby[39m=[32m"change-item-734-jira-help"[39m
    [33maria-invalid[39m=[32m"false"[39m
    [33maria-label[39m=[32m"Jira number for change item 735"[39m
    [33mclass[39m=[32m"MuiInputBase-input MuiOutlinedInput-input css-16wblaj-MuiInputBase-input-MuiOutlinedInput-input"[39m
    [33mid[39m=[32m"_r_2b6_"[39m
    [33mmaxlength[39m=[32m"50"[39m
    [33mrequired[39m=[32m""[39m
    [33mtype[39m=[32m"text"[39m
    [33mvalue[39m=[32m"JIRA-0735"[39m
  [36m/>[39m

  Name "Description for change item 735":
  [36m<textarea[39m
    [33maria-describedby[39m=[32m"change-item-734-desc-help"[39m
    [33maria-invalid[39m=[32m"false"[39m
    [33maria-label[39m=[32m"Description for change item 735"[39m
    [33mclass[39m=[32m"MuiInputBase-input MuiOutlinedInput-input css-w4nesw-MuiInputBase-input-MuiOutlinedInput-input"[39m
    [33mid[39m=[32m"_r_2b7_"[39m
    [33mmaxlength[39m=[32m"500"[39m
    [33mrequired[39m=[32m""[39m
    [33mrows[39m=[32m"3"[39m
    [33mstyle[39m=[32m"height: 0px; overflow: hidden;"[39m
  [36m/>[39m

  Name "Jira number for change item 736":
  [36m<input[39m
    [33maria-describedby[39m=[32m"change-item-735-jira-help"[39m
    [33maria-invalid[39m=[32m"false"[39m
    [33maria-label[39m=[32m"Jira number for change item 736"[39m
    [33mclass[39m=[32m"MuiInputBase-input MuiOutlinedInput-input css-16wblaj-MuiInputBase-input-MuiOutlinedInput-input"[39m
    [33mid[39m=[32m"_r_2b9_"[39m
    [33mmaxlength[39m=[32m"50"[39m
    [33mrequired[39m=[32m""[39m
    [33mtype[39m=[32m"text"[39m
    [33mvalue[39m=[32m"JIRA-0736"[39m
  [36m/>[39m

  Name "Description for change item 736":
  [36m<textarea[39m
    [33maria-describedby[39m=[32m"change-item-735-desc-help"[39m
    [33maria-invalid[39m=[32m"false"[39m
    [33maria-label[39m=[32m"Description for change item 736"[39m
    [33mclass[39m=[32m"MuiInputBase-input MuiOutlinedInput-input css-w4nesw-MuiInputBase-input-MuiOutlinedInput-input"[39m
    [33mid[39m=[32m"_r_2ba_"[39m
    [33mmaxlength[39m=[32m"500"[39m
    [33mrequired[39m=[32m""[39m
    [33mrows[39m=[32m"3"[39m
    [33mstyle[39m=[32m"height: 0px; overflow: hidden;"[39m
  [36m/>[39m

  Name "Jira number for change item 737":
  [36m<input[39m
    [33maria-describedby[39m=[32m"change-item-736-jira-help"[39m
    [33maria-invalid[39m=[32m"false"[39m
    [33maria-label[39m=[32m"Jira number for change item 737"[39m
    [33mclass[39m=[32m"MuiInputBase-input MuiOutlinedInput-input css-16wblaj-MuiInputBase-input-MuiOutlinedInput-input"[39m
    [33mid[39m=[32m"_r_2bc_"[39m
    [33mmaxlength[39m=[32m"50"[39m
    [33mrequired[39m=[32m""[39m
    [33mtype[39m=[32m"text"[39m
    [33mvalue[39m=[32m"JIRA-0737"[39m
  [36m/>[39m

  Name "Description for change item 737":
  [36m<textarea[39m
    [33maria-describedby[39m=[32m"change-item-736-desc-help"[39m
    [33maria-invalid[39m=[32m"false"[39m
    [33maria-label[39m=[32m"Description for change item 737"[39m
    [33mclass[39m=[32m"MuiInputBase-input MuiOutlinedInput-input css-w4nesw-MuiInputBase-input-MuiOutlinedInput-input"[39m
    [33mid[39m=[32m"_r_2bd_"[39m
    [33mmaxlength[39m=[32m"500"[39m
    [33mrequired[39m=[32m""[39m
    [33mrows[39m=[32m"3"[39m
    [33mstyle[39m=[32m"height: 0px; overflow: hidden;"[39m
  [36m/>[39m

  Name "Jira number for change item 738":
  [36m<input[39m
    [33maria-describedby[39m=[32m"change-item-737-jira-help"[39m
    [33maria-invalid[39m=[32m"false"[39m
    [33maria-label[39m=[32m"Jira number for change item 738"[39m
    [33mclass[39m=[32m"MuiInputBase-input MuiOutlinedInput-input css-16wblaj-MuiInputBase-input-MuiOutlinedInput-input"[39m
    [33mid[39m=[32m"_r_2bf_"[39m
    [33mmaxlength[39m=[32m"50"[39m
    [33mrequired[39m=[32m""[39m
    [33mtype[39m=[32m"text"[39m
    [33mvalue[39m=[32m"JIRA-0738"[39m
  [36m/>[39m

  Name "Description for change item 738":
  [36m<textarea[39m
    [33maria-describedby[39m=[32m"change-item-737-desc-help"[39m
    [33maria-invalid[39m=[32m"false"[39m
    [33maria-label[39m=[32m"Description for change item 738"[39m
    [33mclass[39m=[32m"MuiInputBase-input MuiOutlinedInput-input css-w4nesw-MuiInputBase-input-MuiOutlinedInput-input"[39m
    [33mid[39m=[32m"_r_2bg_"[39m
    [33mmaxlength[39m=[32m"500"[39m
    [33mrequired[39m=[32m""[39m
    [33mrows[39m=[32m"3"[39m
    [33mstyle[39m=[32m"height: 0px; overflow: hidden;"[39m
  [36m/>[39m

  Name "Jira number for change item 739":
  [36m<input[39m
    [33maria-describedby[39m=[32m"change-item-738-jira-help"[39m
    [33maria-invalid[39m=[32m"false"[39m
    [33maria-label[39m=[32m"Jira number for change item 739"[39m
    [33mclass[39m=[32m"MuiInputBase-input MuiOutlinedInput-input css-16wblaj-MuiInputBase-input-MuiOutlinedInput-input"[39m
    [33mid[39m=[32m"_r_2bi_"[39m
    [33mmaxlength[39m=[32m"50"[39m
    [33mrequired[39m=[32m""[39m
    [33mtype[39m=[32m"text"[39m
    [33mvalue[39m=[32m"JIRA-0739"[39m
  [36m/>[39m

  Name "Description for change item 739":
  [36m<textarea[39m
    [33maria-describedby[39m=[32m"change-item-738-desc-help"[39m
    [33maria-invalid[39m=[32m"false"[39m
    [33maria-label[39m=[32m"Description for change item 739"[39m
    [33mclass[39m=[32m"MuiInputBase-input MuiOutlinedInput-input css-w4nesw-MuiInputBase-input-MuiOutlinedInput-input"[39m
    [33mid[39m=[32m"_r_2bj_"[39m
    [33mmaxlength[39m=[32m"500"[39m
    [33mrequired[39m=[32m""[39m
    [33mrows[39m=[32m"3"[39m
    [33mstyle[39m=[32m"height: 0px; overflow: hidden;"[39m
  [36m/>[39m

  Name "Jira number for change item 740":
  [36m<input[39m
    [33maria-describedby[39m=[32m"change-item-739-jira-help"[39m
    [33maria-invalid[39m=[32m"false"[39m
    [33maria-label[39m=[32m"Jira number for change item 740"[39m
    [33mclass[39m=[32m"MuiInputBase-input MuiOutlinedInput-input css-16wblaj-MuiInputBase-input-MuiOutlinedInput-input"[39m
    [33mid[39m=[32m"_r_2bl_"[39m
    [33mmaxlength[39m=[32m"50"[39m
    [33mrequired[39m=[32m""[39m
    [33mtype[39m=[32m"text"[39m
    [33mvalue[39m=[32m"JIRA-0740"[39m
  [36m/>[39m

  Name "Description for change item 740":
  [36m<textarea[39m
    [33maria-describedby[39m=[32m"change-item-739-desc-help"[39m
    [33maria-invalid[39m=[32m"false"[39m
    [33maria-label[39m=[32m"Description for change item 740"[39m
    [33mclass[39m=[32m"MuiInputBase-input MuiOutlinedInput-input css-w4nesw-MuiInputBase-input-MuiOutlinedInput-input"[39m
    [33mid[39m=[32m"_r_2bm_"[39m
    [33mmaxlength[39m=[32m"500"[39m
    [33mrequired[39m=[32m""[39m
    [33mrows[39m=[32m"3"[39m
    [33mstyle[39m=[32m"height: 0px; overflow: hidden;"[39m
  [36m/>[39m

  Name "Jira number for change item 741":
  [36m<input[39m
    [33maria-describedby[39m=[32m"change-item-740-jira-help"[39m
    [33maria-invalid[39m=[32m"false"[39m
    [33maria-label[39m=[32m"Jira number for change item 741"[39m
    [33mclass[39m=[32m"MuiInputBase-input MuiOutlinedInput-input css-16wblaj-MuiInputBase-input-MuiOutlinedInput-input"[39m
    [33mid[39m=[32m"_r_2bo_"[39m
    [33mmaxlength[39m=[32m"50"[39m
    [33mrequired[39m=[32m""[39m
    [33mtype[39m=[32m"text"[39m
    [33mvalue[39m=[32m"JIRA-0741"[39m
  [36m/>[39m

  Name "Description for change item 741":
  [36m<textarea[39m
    [33maria-describedby[39m=[32m"change-item-740-desc-help"[39m
    [33maria-invalid[39m=[32m"false"[39m
    [33maria-label[39m=[32m"Description for change item 741"[39m
    [33mclass[39m=[32m"MuiInputBase-input MuiOutlinedInput-input css-w4nesw-MuiInputBase-input-MuiOutlinedInput-input"[39m
    [33mid[39m=[32m"_r_2bp_"[39m
    [33mmaxlength[39m=[32m"500"[39m
    [33mrequired[39m=[32m""[39m
    [33mrows[39m=[32m"3"[39m
    [33mstyle[39m=[32m"height: 0px; overflow: hidden;"[39m
  [36m/>[39m

  Name "Jira number for change item 742":
  [36m<input[39m
    [33maria-describedby[39m=[32m"change-item-741-jira-help"[39m
    [33maria-invalid[39m=[32m"false"[39m
    [33maria-label[39m=[32m"Jira number for change item 742"[39m
    [33mclass[39m=[32m"MuiInputBase-input MuiOutlinedInput-input css-16wblaj-MuiInputBase-input-MuiOutlinedInput-input"[39m
    [33mid[39m=[32m"_r_2br_"[39m
    [33mmaxlength[39m=[32m"50"[39m
    [33mrequired[39m=[32m""[39m
    [33mtype[39m=[32m"text"[39m
    [33mvalue[39m=[32m"JIRA-0742"[39m
  [36m/>[39m

  Name "Description for change item 742":
  [36m<textarea[39m
    [33maria-describedby[39m=[32m"change-item-741-desc-help"[39m
    [33maria-invalid[39m=[32m"false"[39m
    [33maria-label[39m=[32m"Description for change item 742"[39m
    [33mclass[39m=[32m"MuiInputBase-input MuiOutlinedInput-input css-w4nesw-MuiInputBase-input-MuiOutlinedInput-input"[39m
    [33mid[39m=[32m"_r_2bs_"[39m
    [33mmaxlength[39m=[32m"500"[39m
    [33mrequired[39m=[32m""[39m
    [33mrows[39m=[32m"3"[39m
    [33mstyle[39m=[32m"height: 0px; overflow: hidden;"[39m
  [36m/>[39m

  Name "Jira number for change item 743":
  [36m<input[39m
    [33maria-describedby[39m=[32m"change-item-742-jira-help"[39m
    [33maria-invalid[39m=[32m"false"[39m
    [33maria-label[39m=[32m"Jira number for change item 743"[39m
    [33mclass[39m=[32m"MuiInputBase-input MuiOutlinedInput-input css-16wblaj-MuiInputBase-input-MuiOutlinedInput-input"[39m
    [33mid[39m=[32m"_r_2bu_"[39m
    [33mmaxlength[39m=[32m"50"[39m
    [33mrequired[39m=[32m""[39m
    [33mtype[39m=[32m"text"[39m
    [33mvalue[39m=[32m"JIRA-0743"[39m
  [36m/>[39m

  Name "Description for change item 743":
  [36m<textarea[39m
    [33maria-describedby[39m=[32m"change-item-742-desc-help"[39m
    [33maria-invalid[39m=[32m"false"[39m
    [33maria-label[39m=[32m"Description for change item 743"[39m
    [33mclass[39m=[32m"MuiInputBase-input MuiOutlinedInput-input css-w4nesw-MuiInputBase-input-MuiOutlinedInput-input"[39m
    [33mid[39m=[32m"_r_2bv_"[39m
    [33mmaxlength[39m=[32m"500"[39m
    [33mrequired[39m=[32m""[39m
    [33mrows[39m=[32m"3"[39m
    [33mstyle[39m=[32m"height: 0px; overflow: hidden;"[39m
  [36m/>[39m

  Name "Jira number for change item 744":
  [36m<input[39m
    [33maria-describedby[39m=[32m"change-item-743-jira-help"[39m
    [33maria-invalid[39m=[32m"false"[39m
    [33maria-label[39m=[32m"Jira number for change item 744"[39m
    [33mclass[39m=[32m"MuiInputBase-input MuiOutlinedInput-input css-16wblaj-MuiInputBase-input-MuiOutlinedInput-input"[39m
    [33mid[39m=[32m"_r_2c1_"[39m
    [33mmaxlength[39m=[32m"50"[39m
    [33mrequired[39m=[32m""[39m
    [33mtype[39m=[32m"text"[39m
    [33mvalue[39m=[32m"JIRA-0744"[39m
  [36m/>[39m

  Name "Description for change item 744":
  [36m<textarea[39m
    [33maria-describedby[39m=[32m"change-item-743-desc-help"[39m
    [33maria-invalid[39m=[32m"false"[39m
    [33maria-label[39m=[32m"Description for change item 744"[39m
    [33mclass[39m=[32m"MuiInputBase-input MuiOutlinedInput-input css-w4nesw-MuiInputBase-input-MuiOutlinedInput-input"[39m
    [33mid[39m=[32m"_r_2c2_"[39m
    [33mmaxlength[39m=[32m"500"[39m
    [33mrequired[39m=[32m""[39m
    [33mrows[39m=[32m"3"[39m
    [33mstyle[39m=[32m"height: 0px; overflow: hidden;"[39m
  [36m/>[39m

  Name "Jira number for change item 745":
  [36m<input[39m
    [33maria-describedby[39m=[32m"change-item-744-jira-help"[39m
    [33maria-invalid[39m=[32m"false"[39m
    [33maria-label[39m=[32m"Jira number for change item 745"[39m
    [33mclass[39m=[32m"MuiInputBase-input MuiOutlinedInput-input css-16wblaj-MuiInputBase-input-MuiOutlinedInput-input"[39m
    [33mid[39m=[32m"_r_2c4_"[39m
    [33mmaxlength[39m=[32m"50"[39m
    [33mrequired[39m=[32m""[39m
    [33mtype[39m=[32m"text"[39m
    [33mvalue[39m=[32m"JIRA-0745"[39m
  [36m/>[39m

  Name "Description for change item 745":
  [36m<textarea[39m
    [33maria-describedby[39m=[32m"change-item-744-desc-help"[39m
    [33maria-invalid[39m=[32m"false"[39m
    [33maria-label[39m=[32m"Description for change item 745"[39m
    [33mclass[39m=[32m"MuiInputBase-input MuiOutlinedInput-input css-w4nesw-MuiInputBase-input-MuiOutlinedInput-input"[39m
    [33mid[39m=[32m"_r_2c5_"[39m
    [33mmaxlength[39m=[32m"500"[39m
    [33mrequired[39m=[32m""[39m
    [33mrows[39m=[32m"3"[39m
    [33mstyle[39m=[32m"height: 0px; overflow: hidden;"[39m
  [36m/>[39m

  Name "Jira number for change item 746":
  [36m<input[39m
    [33maria-describedby[39m=[32m"change-item-745-jira-help"[39m
    [33maria-invalid[39m=[32m"false"[39m
    [33maria-label[39m=[32m"Jira number for change item 746"[39m
    [33mclass[39m=[32m"MuiInputBase-input MuiOutlinedInput-input css-16wblaj-MuiInputBase-input-MuiOutlinedInput-input"[39m
    [33mid[39m=[32m"_r_2c7_"[39m
    [33mmaxlength[39m=[32m"50"[39m
    [33mrequired[39m=[32m""[39m
    [33mtype[39m=[32m"text"[39m
    [33mvalue[39m=[32m"JIRA-0746"[39m
  [36m/>[39m

  Name "Description for change item 746":
  [36m<textarea[39m
    [33maria-describedby[39m=[32m"change-item-745-desc-help"[39m
    [33maria-invalid[39m=[32m"false"[39m
    [33maria-label[39m=[32m"Description for change item 746"[39m
    [33mclass[39m=[32m"MuiInputBase-input MuiOutlinedInput-input css-w4nesw-MuiInputBase-input-MuiOutlinedInput-input"[39m
    [33mid[39m=[32m"_r_2c8_"[39m
    [33mmaxlength[39m=[32m"500"[39m
    [33mrequired[39m=[32m""[39m
    [33mrows[39m=[32m"3"[39m
    [33mstyle[39m=[32m"height: 0px; overflow: hidden;"[39m
  [36m/>[39m

  Name "Jira number for change item 747":
  [36m<input[39m
    [33maria-describedby[39m=[32m"change-item-746-jira-help"[39m
    [33maria-invalid[39m=[32m"false"[39m
    [33maria-label[39m=[32m"Jira number for change item 747"[39m
    [33mclass[39m=[32m"MuiInputBase-input MuiOutlinedInput-input css-16wblaj-MuiInputBase-input-MuiOutlinedInput-input"[39m
    [33mid[39m=[32m"_r_2ca_"[39m
    [33mmaxlength[39m=[32m"50"[39m
    [33mrequired[39m=[32m""[39m
    [33mtype[39m=[32m"text"[39m
    [33mvalue[39m=[32m"JIRA-0747"[39m
  [36m/>[39m

  Name "Description for change item 747":
  [36m<textarea[39m
    [33maria-describedby[39m=[32m"change-item-746-desc-help"[39m
    [33maria-invalid[39m=[32m"false"[39m
    [33maria-label[39m=[32m"Description for change item 747"[39m
    [33mclass[39m=[32m"MuiInputBase-input MuiOutlinedInput-input css-w4nesw-MuiInputBase-input-MuiOutlinedInput-input"[39m
    [33mid[39m=[32m"_r_2cb_"[39m
    [33mmaxlength[39m=[32m"500"[39m
    [33mrequired[39m=[32m""[39m
    [33mrows[39m=[32m"3"[39m
    [33mstyle[39m=[32m"height: 0px; overflow: hidden;"[39m
  [36m/>[39m

  Name "Jira number for change item 748":
  [36m<input[39m
    [33maria-describedby[39m=[32m"change-item-747-jira-help"[39m
    [33maria-invalid[39m=[32m"false"[39m
    [33maria-label[39m=[32m"Jira number for change item 748"[39m
    [33mclass[39m=[32m"MuiInputBase-input MuiOutlinedInput-input css-16wblaj-MuiInputBase-input-MuiOutlinedInput-input"[39m
    [33mid[39m=[32m"_r_2cd_"[39m
    [33mmaxlength[39m=[32m"50"[39m
    [33mrequired[39m=[32m""[39m
    [33mtype[39m=[32m"text"[39m
    [33mvalue[39m=[32m"JIRA-0748"[39m
  [36m/>[39m

  Name "Description for change item 748":
  [36m<textarea[39m
    [33maria-describedby[39m=[32m"change-item-747-desc-help"[39m
    [33maria-invalid[39m=[32m"false"[39m
    [33maria-label[39m=[32m"Description for change item 748"[39m
    [33mclass[39m=[32m"MuiInputBase-input MuiOutlinedInput-input css-w4nesw-MuiInputBase-input-MuiOutlinedInput-input"[39m
    [33mid[39m=[32m"_r_2ce_"[39m
    [33mmaxlength[39m=[32m"500"[39m
    [33mrequired[39m=[32m""[39m
    [33mrows[39m=[32m"3"[39m
    [33mstyle[39m=[32m"height: 0px; overflow: hidden;"[39m
  [36m/>[39m

  Name "Jira number for change item 749":
  [36m<input[39m
    [33maria-describedby[39m=[32m"change-item-748-jira-help"[39m
    [33maria-invalid[39m=[32m"false"[39m
    [33maria-label[39m=[32m"Jira number for change item 749"[39m
    [33mclass[39m=[32m"MuiInputBase-input MuiOutlinedInput-input css-16wblaj-MuiInputBase-input-MuiOutlinedInput-input"[39m
    [33mid[39m=[32m"_r_2cg_"[39m
    [33mmaxlength[39m=[32m"50"[39m
    [33mrequired[39m=[32m""[39m
    [33mtype[39m=[32m"text"[39m
    [33mvalue[39m=[32m"JIRA-0749"[39m
  [36m/>[39m

  Name "Description for change item 749":
  [36m<textarea[39m
    [33maria-describedby[39m=[32m"change-item-748-desc-help"[39m
    [33maria-invalid[39m=[32m"false"[39m
    [33maria-label[39m=[32m"Description for change item 749"[39m
    [33mclass[39m=[32m"MuiInputBase-input MuiOutlinedInput-input css-w4nesw-MuiInputBase-input-MuiOutlinedInput-input"[39m
    [33mid[39m=[32m"_r_2ch_"[39m
    [33mmaxlength[39m=[32m"500"[39m
    [33mrequired[39m=[32m""[39m
    [33mrows[39m=[32m"3"[39m
    [33mstyle[39m=[32m"height: 0px; overflow: hidden;"[39m
  [36m/>[39m

  Name "Jira number for change item 750":
  [36m<input[39m
    [33maria-describedby[39m=[32m"change-item-749-jira-help"[39m
    [33maria-invalid[39m=[32m"false"[39m
    [33maria-label[39m=[32m"Jira number for change item 750"[39m
    [33mclass[39m=[32m"MuiInputBase-input MuiOutlinedInput-input css-16wblaj-MuiInputBase-input-MuiOutlinedInput-input"[39m
    [33mid[39m=[32m"_r_2cj_"[39m
    [33mmaxlength[39m=[32m"50"[39m
    [33mrequired[39m=[32m""[39m
    [33mtype[39m=[32m"text"[39m
    [33mvalue[39m=[32m"JIRA-0750"[39m
  [36m/>[39m

  Name "Description for change item 750":
  [36m<textarea[39m
    [33maria-describedby[39m=[32m"change-item-749-desc-help"[39m
    [33maria-invalid[39m=[32m"false"[39m
    [33maria-label[39m=[32m"Description for change item 750"[39m
    [33mclass[39m=[32m"MuiInputBase-input MuiOutlinedInput-input css-w4nesw-MuiInputBase-input-MuiOutlinedInput-input"[39m
    [33mid[39m=[32m"_r_2ck_"[39m
    [33mmaxlength[39m=[32m"500"[39m
    [33mrequired[39m=[32m""[39m
    [33mrows[39m=[32m"3"[39m
    [33mstyle[39m=[32m"height: 0px; overflow: hidden;"[39m
  [36m/>[39m

  Name "Jira number for change item 751":
  [36m<input[39m
    [33maria-describedby[39m=[32m"change-item-750-jira-help"[39m
    [33maria-invalid[39m=[32m"false"[39m
    [33maria-label[39m=[32m"Jira number for change item 751"[39m
    [33mclass[39m=[32m"MuiInputBase-input MuiOutlinedInput-input css-16wblaj-MuiInputBase-input-MuiOutlinedInput-input"[39m
    [33mid[39m=[32m"_r_2cm_"[39m
    [33mmaxlength[39m=[32m"50"[39m
    [33mrequired[39m=[32m""[39m
    [33mtype[39m=[32m"text"[39m
    [33mvalue[39m=[32m"JIRA-0751"[39m
  [36m/>[39m

  Name "Description for change item 751":
  [36m<textarea[39m
    [33maria-describedby[39m=[32m"change-item-750-desc-help"[39m
    [33maria-invalid[39m=[32m"false"[39m
    [33maria-label[39m=[32m"Description for change item 751"[39m
    [33mclass[39m=[32m"MuiInputBase-input MuiOutlinedInput-input css-w4nesw-MuiInputBase-input-MuiOutlinedInput-input"[39m
    [33mid[39m=[32m"_r_2cn_"[39m
    [33mmaxlength[39m=[32m"500"[39m
    [33mrequired[39m=[32m""[39m
    [33mrows[39m=[32m"3"[39m
    [33mstyle[39m=[32m"height: 0px; overflow: hidden;"[39m
  [36m/>[39m

  Name "Jira number for change item 752":
  [36m<input[39m
    [33maria-describedby[39m=[32m"change-item-751-jira-help"[39m
    [33maria-invalid[39m=[32m"false"[39m
    [33maria-label[39m=[32m"Jira number for change item 752"[39m
    [33mclass[39m=[32m"MuiInputBase-input MuiOutlinedInput-input css-16wblaj-MuiInputBase-input-MuiOutlinedInput-input"[39m
    [33mid[39m=[32m"_r_2cp_"[39m
    [33mmaxlength[39m=[32m"50"[39m
    [33mrequired[39m=[32m""[39m
    [33mtype[39m=[32m"text"[39m
    [33mvalue[39m=[32m"JIRA-0752"[39m
  [36m/>[39m

  Name "Description for change item 752":
  [36m<textarea[39m
    [33maria-describedby[39m=[32m"change-item-751-desc-help"[39m
    [33maria-invalid[39m=[32m"false"[39m
    [33maria-label[39m=[32m"Description for change item 752"[39m
    [33mclass[39m=[32m"MuiInputBase-input MuiOutlinedInput-input css-w4nesw-MuiInputBase-input-MuiOutlinedInput-input"[39m
    [33mid[39m=[32m"_r_2cq_"[39m
    [33mmaxlength[39m=[32m"500"[39m
    [33mrequired[39m=[32m""[39m
    [33mrows[39m=[32m"3"[39m
    [33mstyle[39m=[32m"height: 0px; overflow: hidden;"[39m
  [36m/>[39m

  Name "Jira number for change item 753":
  [36m<input[39m
    [33maria-describedby[39m=[32m"change-item-752-jira-help"[39m
    [33maria-invalid[39m=[32m"false"[39m
    [33maria-label[39m=[32m"Jira number for change item 753"[39m
    [33mclass[39m=[32m"MuiInputBase-input MuiOutlinedInput-input css-16wblaj-MuiInputBase-input-MuiOutlinedInput-input"[39m
    [33mid[39m=[32m"_r_2cs_"[39m
    [33mmaxlength[39m=[32m"50"[39m
    [33mrequired[39m=[32m""[39m
    [33mtype[39m=[32m"text"[39m
    [33mvalue[39m=[32m"JIRA-0753"[39m
  [36m/>[39m

  Name "Description for change item 753":
  [36m<textarea[39m
    [33maria-describedby[39m=[32m"change-item-752-desc-help"[39m
    [33maria-invalid[39m=[32m"false"[39m
    [33maria-label[39m=[32m"Description for change item 753"[39m
    [33mclass[39m=[32m"MuiInputBase-input MuiOutlinedInput-input css-w4nesw-MuiInputBase-input-MuiOutlinedInput-input"[39m
    [33mid[39m=[32m"_r_2ct_"[39m
    [33mmaxlength[39m=[32m"500"[39m
    [33mrequired[39m=[32m""[39m
    [33mrows[39m=[32m"3"[39m
    [33mstyle[39m=[32m"height: 0px; overflow: hidden;"[39m
  [36m/>[39m

  Name "Jira number for change item 754":
  [36m<input[39m
    [33maria-describedby[39m=[32m"change-item-753-jira-help"[39m
    [33maria-invalid[39m=[32m"false"[39m
    [33maria-label[39m=[32m"Jira number for change item 754"[39m
    [33mclass[39m=[32m"MuiInputBase-input MuiOutlinedInput-input css-16wblaj-MuiInputBase-input-MuiOutlinedInput-input"[39m
    [33mid[39m=[32m"_r_2cv_"[39m
    [33mmaxlength[39m=[32m"50"[39m
    [33mrequired[39m=[32m""[39m
    [33mtype[39m=[32m"text"[39m
    [33mvalue[39m=[32m"JIRA-0754"[39m
  [36m/>[39m

  Name "Description for change item 754":
  [36m<textarea[39m
    [33maria-describedby[39m=[32m"change-item-753-desc-help"[39m
    [33maria-invalid[39m=[32m"false"[39m
    [33maria-label[39m=[32m"Description for change item 754"[39m
    [33mclass[39m=[32m"MuiInputBase-input MuiOutlinedInput-input css-w4nesw-MuiInputBase-input-MuiOutlinedInput-input"[39m
    [33mid[39m=[32m"_r_2d0_"[39m
    [33mmaxlength[39m=[32m"500"[39m
    [33mrequired[39m=[32m""[39m
    [33mrows[39m=[32m"3"[39m
    [33mstyle[39m=[32m"height: 0px; overflow: hidden;"[39m
  [36m/>[39m

  Name "Jira number for change item 755":
  [36m<input[39m
    [33maria-describedby[39m=[32m"change-item-754-jira-help"[39m
    [33maria-invalid[39m=[32m"false"[39m
    [33maria-label[39m=[32m"Jira number for change item 755"[39m
    [33mclass[39m=[32m"MuiInputBase-input MuiOutlinedInput-input css-16wblaj-MuiInputBase-input-MuiOutlinedInput-input"[39m
    [33mid[39m=[32m"_r_2d2_"[39m
    [33mmaxlength[39m=[32m"50"[39m
    [33mrequired[39m=[32m""[39m
    [33mtype[39m=[32m"text"[39m
    [33mvalue[39m=[32m"JIRA-0755"[39m
  [36m/>[39m

  Name "Description for change item 755":
  [36m<textarea[39m
    [33maria-describedby[39m=[32m"change-item-754-desc-help"[39m
    [33maria-invalid[39m=[32m"false"[39m
    [33maria-label[39m=[32m"Description for change item 755"[39m
    [33mclass[39m=[32m"MuiInputBase-input MuiOutlinedInput-input css-w4nesw-MuiInputBase-input-MuiOutlinedInput-input"[39m
    [33mid[39m=[32m"_r_2d3_"[39m
    [33mmaxlength[39m=[32m"500"[39m
    [33mrequired[39m=[32m""[39m
    [33mrows[39m=[32m"3"[39m
    [33mstyle[39m=[32m"height: 0px; overflow: hidden;"[39m
  [36m/>[39m

  Name "Jira number for change item 756":
  [36m<input[39m
    [33maria-describedby[39m=[32m"change-item-755-jira-help"[39m
    [33maria-invalid[39m=[32m"false"[39m
    [33maria-label[39m=[32m"Jira number for change item 756"[39m
    [33mclass[39m=[32m"MuiInputBase-input MuiOutlinedInput-input css-16wblaj-MuiInputBase-input-MuiOutlinedInput-input"[39m
    [33mid[39m=[32m"_r_2d5_"[39m
    [33mmaxlength[39m=[32m"50"[39m
    [33mrequired[39m=[32m""[39m
    [33mtype[39m=[32m"text"[39m
    [33mvalue[39m=[32m"JIRA-0756"[39m
  [36m/>[39m

  Name "Description for change item 756":
  [36m<textarea[39m
    [33maria-describedby[39m=[32m"change-item-755-desc-help"[39m
    [33maria-invalid[39m=[32m"false"[39m
    [33maria-label[39m=[32m"Description for change item 756"[39m
    [33mclass[39m=[32m"MuiInputBase-input MuiOutlinedInput-input css-w4nesw-MuiInputBase-input-MuiOutlinedInput-input"[39m
    [33mid[39m=[32m"_r_2d6_"[39m
    [33mmaxlength[39m=[32m"500"[39m
    [33mrequired[39m=[32m""[39m
    [33mrows[39m=[32m"3"[39m
    [33mstyle[39m=[32m"height: 0px; overflow: hidden;"[39m
  [36m/>[39m

  Name "Jira number for change item 757":
  [36m<input[39m
    [33maria-describedby[39m=[32m"change-item-756-jira-help"[39m
    [33maria-invalid[39m=[32m"false"[39m
    [33maria-label[39m=[32m"Jira number for change item 757"[39m
    [33mclass[39m=[32m"MuiInputBase-input MuiOutlinedInput-input css-16wblaj-MuiInputBase-input-MuiOutlinedInput-input"[39m
    [33mid[39m=[32m"_r_2d8_"[39m
    [33mmaxlength[39m=[32m"50"[39m
    [33mrequired[39m=[32m""[39m
    [33mtype[39m=[32m"text"[39m
    [33mvalue[39m=[32m"JIRA-0757"[39m
  [36m/>[39m

  Name "Description for change item 757":
  [36m<textarea[39m
    [33maria-describedby[39m=[32m"change-item-756-desc-help"[39m
    [33maria-invalid[39m=[32m"false"[39m
    [33maria-label[39m=[32m"Description for change item 757"[39m
    [33mclass[39m=[32m"MuiInputBase-input MuiOutlinedInput-input css-w4nesw-MuiInputBase-input-MuiOutlinedInput-input"[39m
    [33mid[39m=[32m"_r_2d9_"[39m
    [33mmaxlength[39m=[32m"500"[39m
    [33mrequired[39m=[32m""[39m
    [33mrows[39m=[32m"3"[39m
    [33mstyle[39m=[32m"height: 0px; overflow: hidden;"[39m
  [36m/>[39m

  Name "Jira number for change item 758":
  [36m<input[39m
    [33maria-describedby[39m=[32m"change-item-757-jira-help"[39m
    [33maria-invalid[39m=[32m"false"[39m
    [33maria-label[39m=[32m"Jira number for change item 758"[39m
    [33mclass[39m=[32m"MuiInputBase-input MuiOutlinedInput-input css-16wblaj-MuiInputBase-input-MuiOutlinedInput-input"[39m
    [33mid[39m=[32m"_r_2db_"[39m
    [33mmaxlength[39m=[32m"50"[39m
    [33mrequired[39m=[32m""[39m
    [33mtype[39m=[32m"text"[39m
    [33mvalue[39m=[32m"JIRA-0758"[39m
  [36m/>[39m

  Name "Description for change item 758":
  [36m<textarea[39m
    [33maria-describedby[39m=[32m"change-item-757-desc-help"[39m
    [33maria-invalid[39m=[32m"false"[39m
    [33maria-label[39m=[32m"Description for change item 758"[39m
    [33mclass[39m=[32m"MuiInputBase-input MuiOutlinedInput-input css-w4nesw-MuiInputBase-input-MuiOutlinedInput-input"[39m
    [33mid[39m=[32m"_r_2dc_"[39m
    [33mmaxlength[39m=[32m"500"[39m
    [33mrequired[39m=[32m""[39m
    [33mrows[39m=[32m"3"[39m
    [33mstyle[39m=[32m"height: 0px; overflow: hidden;"[39m
  [36m/>[39m

  Name "Jira number for change item 759":
  [36m<input[39m
    [33maria-describedby[39m=[32m"change-item-758-jira-help"[39m
    [33maria-invalid[39m=[32m"false"[39m
    [33maria-label[39m=[32m"Jira number for change item 759"[39m
    [33mclass[39m=[32m"MuiInputBase-input MuiOutlinedInput-input css-16wblaj-MuiInputBase-input-MuiOutlinedInput-input"[39m
    [33mid[39m=[32m"_r_2de_"[39m
    [33mmaxlength[39m=[32m"50"[39m
    [33mrequired[39m=[32m""[39m
    [33mtype[39m=[32m"text"[39m
    [33mvalue[39m=[32m"JIRA-0759"[39m
  [36m/>[39m

  Name "Description for change item 759":
  [36m<textarea[39m
    [33maria-describedby[39m=[32m"change-item-758-desc-help"[39m
    [33maria-invalid[39m=[32m"false"[39m
    [33maria-label[39m=[32m"Description for change item 759"[39m
    [33mclass[39m=[32m"MuiInputBase-input MuiOutlinedInput-input css-w4nesw-MuiInputBase-input-MuiOutlinedInput-input"[39m
    [33mid[39m=[32m"_r_2df_"[39m
    [33mmaxlength[39m=[32m"500"[39m
    [33mrequired[39m=[32m""[39m
    [33mrows[39m=[32m"3"[39m
    [33mstyle[39m=[32m"height: 0px; overflow: hidden;"[39m
  [36m/>[39m

  Name "Jira number for change item 760":
  [36m<input[39m
    [33maria-describedby[39m=[32m"change-item-759-jira-help"[39m
    [33maria-invalid[39m=[32m"false"[39m
    [33maria-label[39m=[32m"Jira number for change item 760"[39m
    [33mclass[39m=[32m"MuiInputBase-input MuiOutlinedInput-input css-16wblaj-MuiInputBase-input-MuiOutlinedInput-input"[39m
    [33mid[39m=[32m"_r_2dh_"[39m
    [33mmaxlength[39m=[32m"50"[39m
    [33mrequired[39m=[32m""[39m
    [33mtype[39m=[32m"text"[39m
    [33mvalue[39m=[32m"JIRA-0760"[39m
  [36m/>[39m

  Name "Description for change item 760":
  [36m<textarea[39m
    [33maria-describedby[39m=[32m"change-item-759-desc-help"[39m
    [33maria-invalid[39m=[32m"false"[39m
    [33maria-label[39m=[32m"Description for change item 760"[39m
    [33mclass[39m=[32m"MuiInputBase-input MuiOutlinedInput-input css-w4nesw-MuiInputBase-input-MuiOutlinedInput-input"[39m
    [33mid[39m=[32m"_r_2di_"[39m
    [33mmaxlength[39m=[32m"500"[39m
    [33mrequired[39m=[32m""[39m
    [33mrows[39m=[32m"3"[39m
    [33mstyle[39m=[32m"height: 0px; overflow: hidden;"[39m
  [36m/>[39m

  Name "Jira number for change item 761":
  [36m<input[39m
    [33maria-describedby[39m=[32m"change-item-760-jira-help"[39m
    [33maria-invalid[39m=[32m"false"[39m
    [33maria-label[39m=[32m"Jira number for change item 761"[39m
    [33mclass[39m=[32m"MuiInputBase-input MuiOutlinedInput-input css-16wblaj-MuiInputBase-input-MuiOutlinedInput-input"[39m
    [33mid[39m=[32m"_r_2dk_"[39m
    [33mmaxlength[39m=[32m"50"[39m
    [33mrequired[39m=[32m""[39m
    [33mtype[39m=[32m"text"[39m
    [33mvalue[39m=[32m"JIRA-0761"[39m
  [36m/>[39m

  Name "Description for change item 761":
  [36m<textarea[39m
    [33maria-describedby[39m=[32m"change-item-760-desc-help"[39m
    [33maria-invalid[39m=[32m"false"[39m
    [33maria-label[39m=[32m"Description for change item 761"[39m
    [33mclass[39m=[32m"MuiInputBase-input MuiOutlinedInput-input css-w4nesw-MuiInputBase-input-MuiOutlinedInput-input"[39m
    [33mid[39m=[32m"_r_2dl_"[39m
    [33mmaxlength[39m=[32m"500"[39m
    [33mrequired[39m=[32m""[39m
    [33mrows[39m=[32m"3"[39m
    [33mstyle[39m=[32m"height: 0px; overflow: hidden;"[39m
  [36m/>[39m

  Name "Jira number for change item 762":
  [36m<input[39m
    [33maria-describedby[39m=[32m"change-item-761-jira-help"[39m
    [33maria-invalid[39m=[32m"false"[39m
    [33maria-label[39m=[32m"Jira number for change item 762"[39m
    [33mclass[39m=[32m"MuiInputBase-input MuiOutlinedInput-input css-16wblaj-MuiInputBase-input-MuiOutlinedInput-input"[39m
    [33mid[39m=[32m"_r_2dn_"[39m
    [33mmaxlength[39m=[32m"50"[39m
    [33mrequired[39m=[32m""[39m
    [33mtype[39m=[32m"text"[39m
    [33mvalue[39m=[32m"JIRA-0762"[39m
  [36m/>[39m

  Name "Description for change item 762":
  [36m<textarea[39m
    [33maria-describedby[39m=[32m"change-item-761-desc-help"[39m
    [33maria-invalid[39m=[32m"false"[39m
    [33maria-label[39m=[32m"Description for change item 762"[39m
    [33mclass[39m=[32m"MuiInputBase-input MuiOutlinedInput-input css-w4nesw-MuiInputBase-input-MuiOutlinedInput-input"[39m
    [33mid[39m=[32m"_r_2do_"[39m
    [33mmaxlength[39m=[32m"500"[39m
    [33mrequired[39m=[32m""[39m
    [33mrows[39m=[32m"3"[39m
    [33mstyle[39m=[32m"height: 0px; overflow: hidden;"[39m
  [36m/>[39m

  Name "Jira number for change item 763":
  [36m<input[39m
    [33maria-describedby[39m=[32m"change-item-762-jira-help"[39m
    [33maria-invalid[39m=[32m"false"[39m
    [33maria-label[39m=[32m"Jira number for change item 763"[39m
    [33mclass[39m=[32m"MuiInputBase-input MuiOutlinedInput-input css-16wblaj-MuiInputBase-input-MuiOutlinedInput-input"[39m
    [33mid[39m=[32m"_r_2dq_"[39m
    [33mmaxlength[39m=[32m"50"[39m
    [33mrequired[39m=[32m""[39m
    [33mtype[39m=[32m"text"[39m
    [33mvalue[39m=[32m"JIRA-0763"[39m
  [36m/>[39m

  Name "Description for change item 763":
  [36m<textarea[39m
    [33maria-describedby[39m=[32m"change-item-762-desc-help"[39m
    [33maria-invalid[39m=[32m"false"[39m
    [33maria-label[39m=[32m"Description for change item 763"[39m
    [33mclass[39m=[32m"MuiInputBase-input MuiOutlinedInput-input css-w4nesw-MuiInputBase-input-MuiOutlinedInput-input"[39m
    [33mid[39m=[32m"_r_2dr_"[39m
    [33mmaxlength[39m=[32m"500"[39m
    [33mrequired[39m=[32m""[39m
    [33mrows[39m=[32m"3"[39m
    [33mstyle[39m=[32m"height: 0px; overflow: hidden;"[39m
  [36m/>[39m

  Name "Jira number for change item 764":
  [36m<input[39m
    [33maria-describedby[39m=[32m"change-item-763-jira-help"[39m
    [33maria-invalid[39m=[32m"false"[39m
    [33maria-label[39m=[32m"Jira number for change item 764"[39m
    [33mclass[39m=[32m"MuiInputBase-input MuiOutlinedInput-input css-16wblaj-MuiInputBase-input-MuiOutlinedInput-input"[39m
    [33mid[39m=[32m"_r_2dt_"[39m
    [33mmaxlength[39m=[32m"50"[39m
    [33mrequired[39m=[32m""[39m
    [33mtype[39m=[32m"text"[39m
    [33mvalue[39m=[32m"JIRA-0764"[39m
  [36m/>[39m

  Name "Description for change item 764":
  [36m<textarea[39m
    [33maria-describedby[39m=[32m"change-item-763-desc-help"[39m
    [33maria-invalid[39m=[32m"false"[39m
    [33maria-label[39m=[32m"Description for change item 764"[39m
    [33mclass[39m=[32m"MuiInputBase-input MuiOutlinedInput-input css-w4nesw-MuiInputBase-input-MuiOutlinedInput-input"[39m
    [33mid[39m=[32m"_r_2du_"[39m
    [33mmaxlength[39m=[32m"500"[39m
    [33mrequired[39m=[32m""[39m
    [33mrows[39m=[32m"3"[39m
    [33mstyle[39m=[32m"height: 0px; overflow: hidden;"[39m
  [36m/>[39m

  Name "Jira number for change item 765":
  [36m<input[39m
    [33maria-describedby[39m=[32m"change-item-764-jira-help"[39m
    [33maria-invalid[39m=[32m"false"[39m
    [33maria-label[39m=[32m"Jira number for change item 765"[39m
    [33mclass[39m=[32m"MuiInputBase-input MuiOutlinedInput-input css-16wblaj-MuiInputBase-input-MuiOutlinedInput-input"[39m
    [33mid[39m=[32m"_r_2e0_"[39m
    [33mmaxlength[39m=[32m"50"[39m
    [33mrequired[39m=[32m""[39m
    [33mtype[39m=[32m"text"[39m
    [33mvalue[39m=[32m"JIRA-0765"[39m
  [36m/>[39m

  Name "Description for change item 765":
  [36m<textarea[39m
    [33maria-describedby[39m=[32m"change-item-764-desc-help"[39m
    [33maria-invalid[39m=[32m"false"[39m
    [33maria-label[39m=[32m"Description for change item 765"[39m
    [33mclass[39m=[32m"MuiInputBase-input MuiOutlinedInput-input css-w4nesw-MuiInputBase-input-MuiOutlinedInput-input"[39m
    [33mid[39m=[32m"_r_2e1_"[39m
    [33mmaxlength[39m=[32m"500"[39m
    [33mrequired[39m=[32m""[39m
    [33mrows[39m=[32m"3"[39m
    [33mstyle[39m=[32m"height: 0px; overflow: hidden;"[39m
  [36m/>[39m

  Name "Jira number for change item 766":
  [36m<input[39m
    [33maria-describedby[39m=[32m"change-item-765-jira-help"[39m
    [33maria-invalid[39m=[32m"false"[39m
    [33maria-label[39m=[32m"Jira number for change item 766"[39m
    [33mclass[39m=[32m"MuiInputBase-input MuiOutlinedInput-input css-16wblaj-MuiInputBase-input-MuiOutlinedInput-input"[39m
    [33mid[39m=[32m"_r_2e3_"[39m
    [33mmaxlength[39m=[32m"50"[39m
    [33mrequired[39m=[32m""[39m
    [33mtype[39m=[32m"text"[39m
    [33mvalue[39m=[32m"JIRA-0766"[39m
  [36m/>[39m

  Name "Description for change item 766":
  [36m<textarea[39m
    [33maria-describedby[39m=[32m"change-item-765-desc-help"[39m
    [33maria-invalid[39m=[32m"false"[39m
    [33maria-label[39m=[32m"Description for change item 766"[39m
    [33mclass[39m=[32m"MuiInputBase-input MuiOutlinedInput-input css-w4nesw-MuiInputBase-input-MuiOutlinedInput-input"[39m
    [33mid[39m=[32m"_r_2e4_"[39m
    [33mmaxlength[39m=[32m"500"[39m
    [33mrequired[39m=[32m""[39m
    [33mrows[39m=[32m"3"[39m
    [33mstyle[39m=[32m"height: 0px; overflow: hidden;"[39m
  [36m/>[39m

  Name "Jira number for change item 767":
  [36m<input[39m
    [33maria-describedby[39m=[32m"change-item-766-jira-help"[39m
    [33maria-invalid[39m=[32m"false"[39m
    [33maria-label[39m=[32m"Jira number for change item 767"[39m
    [33mclass[39m=[32m"MuiInputBase-input MuiOutlinedInput-input css-16wblaj-MuiInputBase-input-MuiOutlinedInput-input"[39m
    [33mid[39m=[32m"_r_2e6_"[39m
    [33mmaxlength[39m=[32m"50"[39m
    [33mrequired[39m=[32m""[39m
    [33mtype[39m=[32m"text"[39m
    [33mvalue[39m=[32m"JIRA-0767"[39m
  [36m/>[39m

  Name "Description for change item 767":
  [36m<textarea[39m
    [33maria-describedby[39m=[32m"change-item-766-desc-help"[39m
    [33maria-invalid[39m=[32m"false"[39m
    [33maria-label[39m=[32m"Description for change item 767"[39m
    [33mclass[39m=[32m"MuiInputBase-input MuiOutlinedInput-input css-w4nesw-MuiInputBase-input-MuiOutlinedInput-input"[39m
    [33mid[39m=[32m"_r_2e7_"[39m
    [33mmaxlength[39m=[32m"500"[39m
    [33mrequired[39m=[32m""[39m
    [33mrows[39m=[32m"3"[39m
    [33mstyle[39m=[32m"height: 0px; overflow: hidden;"[39m
  [36m/>[39m

  Name "Jira number for change item 768":
  [36m<input[39m
    [33maria-describedby[39m=[32m"change-item-767-jira-help"[39m
    [33maria-invalid[39m=[32m"false"[39m
    [33maria-label[39m=[32m"Jira number for change item 768"[39m
    [33mclass[39m=[32m"MuiInputBase-input MuiOutlinedInput-input css-16wblaj-MuiInputBase-input-MuiOutlinedInput-input"[39m
    [33mid[39m=[32m"_r_2e9_"[39m
    [33mmaxlength[39m=[32m"50"[39m
    [33mrequired[39m=[32m""[39m
    [33mtype[39m=[32m"text"[39m
    [33mvalue[39m=[32m"JIRA-0768"[39m
  [36m/>[39m

  Name "Description for change item 768":
  [36m<textarea[39m
    [33maria-describedby[39m=[32m"change-item-767-desc-help"[39m
    [33maria-invalid[39m=[32m"false"[39m
    [33maria-label[39m=[32m"Description for change item 768"[39m
    [33mclass[39m=[32m"MuiInputBase-input MuiOutlinedInput-input css-w4nesw-MuiInputBase-input-MuiOutlinedInput-input"[39m
    [33mid[39m=[32m"_r_2ea_"[39m
    [33mmaxlength[39m=[32m"500"[39m
    [33mrequired[39m=[32m""[39m
    [33mrows[39m=[32m"3"[39m
    [33mstyle[39m=[32m"height: 0px; overflow: hidden;"[39m
  [36m/>[39m

  Name "Jira number for change item 769":
  [36m<input[39m
    [33maria-describedby[39m=[32m"change-item-768-jira-help"[39m
    [33maria-invalid[39m=[32m"false"[39m
    [33maria-label[39m=[32m"Jira number for change item 769"[39m
    [33mclass[39m=[32m"MuiInputBase-input MuiOutlinedInput-input css-16wblaj-MuiInputBase-input-MuiOutlinedInput-input"[39m
    [33mid[39m=[32m"_r_2ec_"[39m
    [33mmaxlength[39m=[32m"50"[39m
    [33mrequired[39m=[32m""[39m
    [33mtype[39m=[32m"text"[39m
    [33mvalue[39m=[32m"JIRA-0769"[39m
  [36m/>[39m

  Name "Description for change item 769":
  [36m<textarea[39m
    [33maria-describedby[39m=[32m"change-item-768-desc-help"[39m
    [33maria-invalid[39m=[32m"false"[39m
    [33maria-label[39m=[32m"Description for change item 769"[39m
    [33mclass[39m=[32m"MuiInputBase-input MuiOutlinedInput-input css-w4nesw-MuiInputBase-input-MuiOutlinedInput-input"[39m
    [33mid[39m=[32m"_r_2ed_"[39m
    [33mmaxlength[39m=[32m"500"[39m
    [33mrequired[39m=[32m""[39m
    [33mrows[39m=[32m"3"[39m
    [33mstyle[39m=[32m"height: 0px; overflow: hidden;"[39m
  [36m/>[39m

  Name "Jira number for change item 770":
  [36m<input[39m
    [33maria-describedby[39m=[32m"change-item-769-jira-help"[39m
    [33maria-invalid[39m=[32m"false"[39m
    [33maria-label[39m=[32m"Jira number for change item 770"[39m
    [33mclass[39m=[32m"MuiInputBase-input MuiOutlinedInput-input css-16wblaj-MuiInputBase-input-MuiOutlinedInput-input"[39m
    [33mid[39m=[32m"_r_2ef_"[39m
    [33mmaxlength[39m=[32m"50"[39m
    [33mrequired[39m=[32m""[39m
    [33mtype[39m=[32m"text"[39m
    [33mvalue[39m=[32m"JIRA-0770"[39m
  [36m/>[39m

  Name "Description for change item 770":
  [36m<textarea[39m
    [33maria-describedby[39m=[32m"change-item-769-desc-help"[39m
    [33maria-invalid[39m=[32m"false"[39m
    [33maria-label[39m=[32m"Description for change item 770"[39m
    [33mclass[39m=[32m"MuiInputBase-input MuiOutlinedInput-input css-w4nesw-MuiInputBase-input-MuiOutlinedInput-input"[39m
    [33mid[39m=[32m"_r_2eg_"[39m
    [33mmaxlength[39m=[32m"500"[39m
    [33mrequired[39m=[32m""[39m
    [33mrows[39m=[32m"3"[39m
    [33mstyle[39m=[32m"height: 0px; overflow: hidden;"[39m
  [36m/>[39m

  Name "Jira number for change item 771":
  [36m<input[39m
    [33maria-describedby[39m=[32m"change-item-770-jira-help"[39m
    [33maria-invalid[39m=[32m"false"[39m
    [33maria-label[39m=[32m"Jira number for change item 771"[39m
    [33mclass[39m=[32m"MuiInputBase-input MuiOutlinedInput-input css-16wblaj-MuiInputBase-input-MuiOutlinedInput-input"[39m
    [33mid[39m=[32m"_r_2ei_"[39m
    [33mmaxlength[39m=[32m"50"[39m
    [33mrequired[39m=[32m""[39m
    [33mtype[39m=[32m"text"[39m
    [33mvalue[39m=[32m"JIRA-0771"[39m
  [36m/>[39m

  Name "Description for change item 771":
  [36m<textarea[39m
    [33maria-describedby[39m=[32m"change-item-770-desc-help"[39m
    [33maria-invalid[39m=[32m"false"[39m
    [33maria-label[39m=[32m"Description for change item 771"[39m
    [33mclass[39m=[32m"MuiInputBase-input MuiOutlinedInput-input css-w4nesw-MuiInputBase-input-MuiOutlinedInput-input"[39m
    [33mid[39m=[32m"_r_2ej_"[39m
    [33mmaxlength[39m=[32m"500"[39m
    [33mrequired[39m=[32m""[39m
    [33mrows[39m=[32m"3"[39m
    [33mstyle[39m=[32m"height: 0px; overflow: hidden;"[39m
  [36m/>[39m

  Name "Jira number for change item 772":
  [36m<input[39m
    [33maria-describedby[39m=[32m"change-item-771-jira-help"[39m
    [33maria-invalid[39m=[32m"false"[39m
    [33maria-label[39m=[32m"Jira number for change item 772"[39m
    [33mclass[39m=[32m"MuiInputBase-input MuiOutlinedInput-input css-16wblaj-MuiInputBase-input-MuiOutlinedInput-input"[39m
    [33mid[39m=[32m"_r_2el_"[39m
    [33mmaxlength[39m=[32m"50"[39m
    [33mrequired[39m=[32m""[39m
    [33mtype[39m=[32m"text"[39m
    [33mvalue[39m=[32m"JIRA-0772"[39m
  [36m/>[39m

  Name "Description for change item 772":
  [36m<textarea[39m
    [33maria-describedby[39m=[32m"change-item-771-desc-help"[39m
    [33maria-invalid[39m=[32m"false"[39m
    [33maria-label[39m=[32m"Description for change item 772"[39m
    [33mclass[39m=[32m"MuiInputBase-input MuiOutlinedInput-input css-w4nesw-MuiInputBase-input-MuiOutlinedInput-input"[39m
    [33mid[39m=[32m"_r_2em_"[39m
    [33mmaxlength[39m=[32m"500"[39m
    [33mrequired[39m=[32m""[39m
    [33mrows[39m=[32m"3"[39m
    [33mstyle[39m=[32m"height: 0px; overflow: hidden;"[39m
  [36m/>[39m

  Name "Jira number for change item 773":
  [36m<input[39m
    [33maria-describedby[39m=[32m"change-item-772-jira-help"[39m
    [33maria-invalid[39m=[32m"false"[39m
    [33maria-label[39m=[32m"Jira number for change item 773"[39m
    [33mclass[39m=[32m"MuiInputBase-input MuiOutlinedInput-input css-16wblaj-MuiInputBase-input-MuiOutlinedInput-input"[39m
    [33mid[39m=[32m"_r_2eo_"[39m
    [33mmaxlength[39m=[32m"50"[39m
    [33mrequired[39m=[32m""[39m
    [33mtype[39m=[32m"text"[39m
    [33mvalue[39m=[32m"JIRA-0773"[39m
  [36m/>[39m

  Name "Description for change item 773":
  [36m<textarea[39m
    [33maria-describedby[39m=[32m"change-item-772-desc-help"[39m
    [33maria-invalid[39m=[32m"false"[39m
    [33maria-label[39m=[32m"Description for change item 773"[39m
    [33mclass[39m=[32m"MuiInputBase-input MuiOutlinedInput-input css-w4nesw-MuiInputBase-input-MuiOutlinedInput-input"[39m
    [33mid[39m=[32m"_r_2ep_"[39m
    [33mmaxlength[39m=[32m"500"[39m
    [33mrequired[39m=[32m""[39m
    [33mrows[39m=[32m"3"[39m
    [33mstyle[39m=[32m"height: 0px; overflow: hidden;"[39m
  [36m/>[39m

  Name "Jira number for change item 774":
  [36m<input[39m
    [33maria-describedby[39m=[32m"change-item-773-jira-help"[39m
    [33maria-invalid[39m=[32m"false"[39m
    [33maria-label[39m=[32m"Jira number for change item 774"[39m
    [33mclass[39m=[32m"MuiInputBase-input MuiOutlinedInput-input css-16wblaj-MuiInputBase-input-MuiOutlinedInput-input"[39m
    [33mid[39m=[32m"_r_2er_"[39m
    [33mmaxlength[39m=[32m"50"[39m
    [33mrequired[39m=[32m""[39m
    [33mtype[39m=[32m"text"[39m
    [33mvalue[39m=[32m"JIRA-0774"[39m
  [36m/>[39m

  Name "Description for change item 774":
  [36m<textarea[39m
    [33maria-describedby[39m=[32m"change-item-773-desc-help"[39m
    [33maria-invalid[39m=[32m"false"[39m
    [33maria-label[39m=[32m"Description for change item 774"[39m
    [33mclass[39m=[32m"MuiInputBase-input MuiOutlinedInput-input css-w4nesw-MuiInputBase-input-MuiOutlinedInput-input"[39m
    [33mid[39m=[32m"_r_2es_"[39m
    [33mmaxlength[39m=[32m"500"[39m
    [33mrequired[39m=[32m""[39m
    [33mrows[39m=[32m"3"[39m
    [33mstyle[39m=[32m"height: 0px; overflow: hidden;"[39m
  [36m/>[39m

  Name "Jira number for change item 775":
  [36m<input[39m
    [33maria-describedby[39m=[32m"change-item-774-jira-help"[39m
    [33maria-invalid[39m=[32m"false"[39m
    [33maria-label[39m=[32m"Jira number for change item 775"[39m
    [33mclass[39m=[32m"MuiInputBase-input MuiOutlinedInput-input css-16wblaj-MuiInputBase-input-MuiOutlinedInput-input"[39m
    [33mid[39m=[32m"_r_2eu_"[39m
    [33mmaxlength[39m=[32m"50"[39m
    [33mrequired[39m=[32m""[39m
    [33mtype[39m=[32m"text"[39m
    [33mvalue[39m=[32m"JIRA-0775"[39m
  [36m/>[39m

  Name "Description for change item 775":
  [36m<textarea[39m
    [33maria-describedby[39m=[32m"change-item-774-desc-help"[39m
    [33maria-invalid[39m=[32m"false"[39m
    [33maria-label[39m=[32m"Description for change item 775"[39m
    [33mclass[39m=[32m"MuiInputBase-input MuiOutlinedInput-input css-w4nesw-MuiInputBase-input-MuiOutlinedInput-input"[39m
    [33mid[39m=[32m"_r_2ev_"[39m
    [33mmaxlength[39m=[32m"500"[39m
    [33mrequired[39m=[32m""[39m
    [33mrows[39m=[32m"3"[39m
    [33mstyle[39m=[32m"height: 0px; overflow: hidden;"[39m
  [36m/>[39m

  Name "Jira number for change item 776":
  [36m<input[39m
    [33maria-describedby[39m=[32m"change-item-775-jira-help"[39m
    [33maria-invalid[39m=[32m"false"[39m
    [33maria-label[39m=[32m"Jira number for change item 776"[39m
    [33mclass[39m=[32m"MuiInputBase-input MuiOutlinedInput-input css-16wblaj-MuiInputBase-input-MuiOutlinedInput-input"[39m
    [33mid[39m=[32m"_r_2f1_"[39m
    [33mmaxlength[39m=[32m"50"[39m
    [33mrequired[39m=[32m""[39m
    [33mtype[39m=[32m"text"[39m
    [33mvalue[39m=[32m"JIRA-0776"[39m
  [36m/>[39m

  Name "Description for change item 776":
  [36m<textarea[39m
    [33maria-describedby[39m=[32m"change-item-775-desc-help"[39m
    [33maria-invalid[39m=[32m"false"[39m
    [33maria-label[39m=[32m"Description for change item 776"[39m
    [33mclass[39m=[32m"MuiInputBase-input MuiOutlinedInput-input css-w4nesw-MuiInputBase-input-MuiOutlinedInput-input"[39m
    [33mid[39m=[32m"_r_2f2_"[39m
    [33mmaxlength[39m=[32m"500"[39m
    [33mrequired[39m=[32m""[39m
    [33mrows[39m=[32m"3"[39m
    [33mstyle[39m=[32m"height: 0px; overflow: hidden;"[39m
  [36m/>[39m

  Name "Jira number for change item 777":
  [36m<input[39m
    [33maria-describedby[39m=[32m"change-item-776-jira-help"[39m
    [33maria-invalid[39m=[32m"false"[39m
    [33maria-label[39m=[32m"Jira number for change item 777"[39m
    [33mclass[39m=[32m"MuiInputBase-input MuiOutlinedInput-input css-16wblaj-MuiInputBase-input-MuiOutlinedInput-input"[39m
    [33mid[39m=[32m"_r_2f4_"[39m
    [33mmaxlength[39m=[32m"50"[39m
    [33mrequired[39m=[32m""[39m
    [33mtype[39m=[32m"text"[39m
    [33mvalue[39m=[32m"JIRA-0777"[39m
  [36m/>[39m

  Name "Description for change item 777":
  [36m<textarea[39m
    [33maria-describedby[39m=[32m"change-item-776-desc-help"[39m
    [33maria-invalid[39m=[32m"false"[39m
    [33maria-label[39m=[32m"Description for change item 777"[39m
    [33mclass[39m=[32m"MuiInputBase-input MuiOutlinedInput-input css-w4nesw-MuiInputBase-input-MuiOutlinedInput-input"[39m
    [33mid[39m=[32m"_r_2f5_"[39m
    [33mmaxlength[39m=[32m"500"[39m
    [33mrequired[39m=[32m""[39m
    [33mrows[39m=[32m"3"[39m
    [33mstyle[39m=[32m"height: 0px; overflow: hidden;"[39m
  [36m/>[39m

  Name "Jira number for change item 778":
  [36m<input[39m
    [33maria-describedby[39m=[32m"change-item-777-jira-help"[39m
    [33maria-invalid[39m=[32m"false"[39m
    [33maria-label[39m=[32m"Jira number for change item 778"[39m
    [33mclass[39m=[32m"MuiInputBase-input MuiOutlinedInput-input css-16wblaj-MuiInputBase-input-MuiOutlinedInput-input"[39m
    [33mid[39m=[32m"_r_2f7_"[39m
    [33mmaxlength[39m=[32m"50"[39m
    [33mrequired[39m=[32m""[39m
    [33mtype[39m=[32m"text"[39m
    [33mvalue[39m=[32m"JIRA-0778"[39m
  [36m/>[39m

  Name "Description for change item 778":
  [36m<textarea[39m
    [33maria-describedby[39m=[32m"change-item-777-desc-help"[39m
    [33maria-invalid[39m=[32m"false"[39m
    [33maria-label[39m=[32m"Description for change item 778"[39m
    [33mclass[39m=[32m"MuiInputBase-input MuiOutlinedInput-input css-w4nesw-MuiInputBase-input-MuiOutlinedInput-input"[39m
    [33mid[39m=[32m"_r_2f8_"[39m
    [33mmaxlength[39m=[32m"500"[39m
    [33mrequired[39m=[32m""[39m
    [33mrows[39m=[32m"3"[39m
    [33mstyle[39m=[32m"height: 0px; overflow: hidden;"[39m
  [36m/>[39m

  Name "Jira number for change item 779":
  [36m<input[39m
    [33maria-describedby[39m=[32m"change-item-778-jira-help"[39m
    [33maria-invalid[39m=[32m"false"[39m
    [33maria-label[39m=[32m"Jira number for change item 779"[39m
    [33mclass[39m=[32m"MuiInputBase-input MuiOutlinedInput-input css-16wblaj-MuiInputBase-input-MuiOutlinedInput-input"[39m
    [33mid[39m=[32m"_r_2fa_"[39m
    [33mmaxlength[39m=[32m"50"[39m
    [33mrequired[39m=[32m""[39m
    [33mtype[39m=[32m"text"[39m
    [33mvalue[39m=[32m"JIRA-0779"[39m
  [36m/>[39m

  Name "Description for change item 779":
  [36m<textarea[39m
    [33maria-describedby[39m=[32m"change-item-778-desc-help"[39m
    [33maria-invalid[39m=[32m"false"[39m
    [33maria-label[39m=[32m"Description for change item 779"[39m
    [33mclass[39m=[32m"MuiInputBase-input MuiOutlinedInput-input css-w4nesw-MuiInputBase-input-MuiOutlinedInput-input"[39m
    [33mid[39m=[32m"_r_2fb_"[39m
    [33mmaxlength[39m=[32m"500"[39m
    [33mrequired[39m=[32m""[39m
    [33mrows[39m=[32m"3"[39m
    [33mstyle[39m=[32m"height: 0px; overflow: hidden;"[39m
  [36m/>[39m

  Name "Jira number for change item 780":
  [36m<input[39m
    [33maria-describedby[39m=[32m"change-item-779-jira-help"[39m
    [33maria-invalid[39m=[32m"false"[39m
    [33maria-label[39m=[32m"Jira number for change item 780"[39m
    [33mclass[39m=[32m"MuiInputBase-input MuiOutlinedInput-input css-16wblaj-MuiInputBase-input-MuiOutlinedInput-input"[39m
    [33mid[39m=[32m"_r_2fd_"[39m
    [33mmaxlength[39m=[32m"50"[39m
    [33mrequired[39m=[32m""[39m
    [33mtype[39m=[32m"text"[39m
    [33mvalue[39m=[32m"JIRA-0780"[39m
  [36m/>[39m

  Name "Description for change item 780":
  [36m<textarea[39m
    [33maria-describedby[39m=[32m"change-item-779-desc-help"[39m
    [33maria-invalid[39m=[32m"false"[39m
    [33maria-label[39m=[32m"Description for change item 780"[39m
    [33mclass[39m=[32m"MuiInputBase-input MuiOutlinedInput-input css-w4nesw-MuiInputBase-input-MuiOutlinedInput-input"[39m
    [33mid[39m=[32m"_r_2fe_"[39m
    [33mmaxlength[39m=[32m"500"[39m
    [33mrequired[39m=[32m""[39m
    [33mrows[39m=[32m"3"[39m
    [33mstyle[39m=[32m"height: 0px; overflow: hidden;"[39m
  [36m/>[39m

  Name "Jira number for change item 781":
  [36m<input[39m
    [33maria-describedby[39m=[32m"change-item-780-jira-help"[39m
    [33maria-invalid[39m=[32m"false"[39m
    [33maria-label[39m=[32m"Jira number for change item 781"[39m
    [33mclass[39m=[32m"MuiInputBase-input MuiOutlinedInput-input css-16wblaj-MuiInputBase-input-MuiOutlinedInput-input"[39m
    [33mid[39m=[32m"_r_2fg_"[39m
    [33mmaxlength[39m=[32m"50"[39m
    [33mrequired[39m=[32m""[39m
    [33mtype[39m=[32m"text"[39m
    [33mvalue[39m=[32m"JIRA-0781"[39m
  [36m/>[39m

  Name "Description for change item 781":
  [36m<textarea[39m
    [33maria-describedby[39m=[32m"change-item-780-desc-help"[39m
    [33maria-invalid[39m=[32m"false"[39m
    [33maria-label[39m=[32m"Description for change item 781"[39m
    [33mclass[39m=[32m"MuiInputBase-input MuiOutlinedInput-input css-w4nesw-MuiInputBase-input-MuiOutlinedInput-input"[39m
    [33mid[39m=[32m"_r_2fh_"[39m
    [33mmaxlength[39m=[32m"500"[39m
    [33mrequired[39m=[32m""[39m
    [33mrows[39m=[32m"3"[39m
    [33mstyle[39m=[32m"height: 0px; overflow: hidden;"[39m
  [36m/>[39m

  Name "Jira number for change item 782":
  [36m<input[39m
    [33maria-describedby[39m=[32m"change-item-781-jira-help"[39m
    [33maria-invalid[39m=[32m"false"[39m
    [33maria-label[39m=[32m"Jira number for change item 782"[39m
    [33mclass[39m=[32m"MuiInputBase-input MuiOutlinedInput-input css-16wblaj-MuiInputBase-input-MuiOutlinedInput-input"[39m
    [33mid[39m=[32m"_r_2fj_"[39m
    [33mmaxlength[39m=[32m"50"[39m
    [33mrequired[39m=[32m""[39m
    [33mtype[39m=[32m"text"[39m
    [33mvalue[39m=[32m"JIRA-0782"[39m
  [36m/>[39m

  Name "Description for change item 782":
  [36m<textarea[39m
    [33maria-describedby[39m=[32m"change-item-781-desc-help"[39m
    [33maria-invalid[39m=[32m"false"[39m
    [33maria-label[39m=[32m"Description for change item 782"[39m
    [33mclass[39m=[32m"MuiInputBase-input MuiOutlinedInput-input css-w4nesw-MuiInputBase-input-MuiOutlinedInput-input"[39m
    [33mid[39m=[32m"_r_2fk_"[39m
    [33mmaxlength[39m=[32m"500"[39m
    [33mrequired[39m=[32m""[39m
    [33mrows[39m=[32m"3"[39m
    [33mstyle[39m=[32m"height: 0px; overflow: hidden;"[39m
  [36m/>[39m

  Name "Jira number for change item 783":
  [36m<input[39m
    [33maria-describedby[39m=[32m"change-item-782-jira-help"[39m
    [33maria-invalid[39m=[32m"false"[39m
    [33maria-label[39m=[32m"Jira number for change item 783"[39m
    [33mclass[39m=[32m"MuiInputBase-input MuiOutlinedInput-input css-16wblaj-MuiInputBase-input-MuiOutlinedInput-input"[39m
    [33mid[39m=[32m"_r_2fm_"[39m
    [33mmaxlength[39m=[32m"50"[39m
    [33mrequired[39m=[32m""[39m
    [33mtype[39m=[32m"text"[39m
    [33mvalue[39m=[32m"JIRA-0783"[39m
  [36m/>[39m

  Name "Description for change item 783":
  [36m<textarea[39m
    [33maria-describedby[39m=[32m"change-item-782-desc-help"[39m
    [33maria-invalid[39m=[32m"false"[39m
    [33maria-label[39m=[32m"Description for change item 783"[39m
    [33mclass[39m=[32m"MuiInputBase-input MuiOutlinedInput-input css-w4nesw-MuiInputBase-input-MuiOutlinedInput-input"[39m
    [33mid[39m=[32m"_r_2fn_"[39m
    [33mmaxlength[39m=[32m"500"[39m
    [33mrequired[39m=[32m""[39m
    [33mrows[39m=[32m"3"[39m
    [33mstyle[39m=[32m"height: 0px; overflow: hidden;"[39m
  [36m/>[39m

  Name "Jira number for change item 784":
  [36m<input[39m
    [33maria-describedby[39m=[32m"change-item-783-jira-help"[39m
    [33maria-invalid[39m=[32m"false"[39m
    [33maria-label[39m=[32m"Jira number for change item 784"[39m
    [33mclass[39m=[32m"MuiInputBase-input MuiOutlinedInput-input css-16wblaj-MuiInputBase-input-MuiOutlinedInput-input"[39m
    [33mid[39m=[32m"_r_2fp_"[39m
    [33mmaxlength[39m=[32m"50"[39m
    [33mrequired[39m=[32m""[39m
    [33mtype[39m=[32m"text"[39m
    [33mvalue[39m=[32m"JIRA-0784"[39m
  [36m/>[39m

  Name "Description for change item 784":
  [36m<textarea[39m
    [33maria-describedby[39m=[32m"change-item-783-desc-help"[39m
    [33maria-invalid[39m=[32m"false"[39m
    [33maria-label[39m=[32m"Description for change item 784"[39m
    [33mclass[39m=[32m"MuiInputBase-input MuiOutlinedInput-input css-w4nesw-MuiInputBase-input-MuiOutlinedInput-input"[39m
    [33mid[39m=[32m"_r_2fq_"[39m
    [33mmaxlength[39m=[32m"500"[39m
    [33mrequired[39m=[32m""[39m
    [33mrows[39m=[32m"3"[39m
    [33mstyle[39m=[32m"height: 0px; overflow: hidden;"[39m
  [36m/>[39m

  Name "Jira number for change item 785":
  [36m<input[39m
    [33maria-describedby[39m=[32m"change-item-784-jira-help"[39m
    [33maria-invalid[39m=[32m"false"[39m
    [33maria-label[39m=[32m"Jira number for change item 785"[39m
    [33mclass[39m=[32m"MuiInputBase-input MuiOutlinedInput-input css-16wblaj-MuiInputBase-input-MuiOutlinedInput-input"[39m
    [33mid[39m=[32m"_r_2fs_"[39m
    [33mmaxlength[39m=[32m"50"[39m
    [33mrequired[39m=[32m""[39m
    [33mtype[39m=[32m"text"[39m
    [33mvalue[39m=[32m"JIRA-0785"[39m
  [36m/>[39m

  Name "Description for change item 785":
  [36m<textarea[39m
    [33maria-describedby[39m=[32m"change-item-784-desc-help"[39m
    [33maria-invalid[39m=[32m"false"[39m
    [33maria-label[39m=[32m"Description for change item 785"[39m
    [33mclass[39m=[32m"MuiInputBase-input MuiOutlinedInput-input css-w4nesw-MuiInputBase-input-MuiOutlinedInput-input"[39m
    [33mid[39m=[32m"_r_2ft_"[39m
    [33mmaxlength[39m=[32m"500"[39m
    [33mrequired[39m=[32m""[39m
    [33mrows[39m=[32m"3"[39m
    [33mstyle[39m=[32m"height: 0px; overflow: hidden;"[39m
  [36m/>[39m

  Name "Jira number for change item 786":
  [36m<input[39m
    [33maria-describedby[39m=[32m"change-item-785-jira-help"[39m
    [33maria-invalid[39m=[32m"false"[39m
    [33maria-label[39m=[32m"Jira number for change item 786"[39m
    [33mclass[39m=[32m"MuiInputBase-input MuiOutlinedInput-input css-16wblaj-MuiInputBase-input-MuiOutlinedInput-input"[39m
    [33mid[39m=[32m"_r_2fv_"[39m
    [33mmaxlength[39m=[32m"50"[39m
    [33mrequired[39m=[32m""[39m
    [33mtype[39m=[32m"text"[39m
    [33mvalue[39m=[32m"JIRA-0786"[39m
  [36m/>[39m

  Name "Description for change item 786":
  [36m<textarea[39m
    [33maria-describedby[39m=[32m"change-item-785-desc-help"[39m
    [33maria-invalid[39m=[32m"false"[39m
    [33maria-label[39m=[32m"Description for change item 786"[39m
    [33mclass[39m=[32m"MuiInputBase-input MuiOutlinedInput-input css-w4nesw-MuiInputBase-input-MuiOutlinedInput-input"[39m
    [33mid[39m=[32m"_r_2g0_"[39m
    [33mmaxlength[39m=[32m"500"[39m
    [33mrequired[39m=[32m""[39m
    [33mrows[39m=[32m"3"[39m
    [33mstyle[39m=[32m"height: 0px; overflow: hidden;"[39m
  [36m/>[39m

  Name "Jira number for change item 787":
  [36m<input[39m
    [33maria-describedby[39m=[32m"change-item-786-jira-help"[39m
    [33maria-invalid[39m=[32m"false"[39m
    [33maria-label[39m=[32m"Jira number for change item 787"[39m
    [33mclass[39m=[32m"MuiInputBase-input MuiOutlinedInput-input css-16wblaj-MuiInputBase-input-MuiOutlinedInput-input"[39m
    [33mid[39m=[32m"_r_2g2_"[39m
    [33mmaxlength[39m=[32m"50"[39m
    [33mrequired[39m=[32m""[39m
    [33mtype[39m=[32m"text"[39m
    [33mvalue[39m=[32m"JIRA-0787"[39m
  [36m/>[39m

  Name "Description for change item 787":
  [36m<textarea[39m
    [33maria-describedby[39m=[32m"change-item-786-desc-help"[39m
    [33maria-invalid[39m=[32m"false"[39m
    [33maria-label[39m=[32m"Description for change item 787"[39m
    [33mclass[39m=[32m"MuiInputBase-input MuiOutlinedInput-input css-w4nesw-MuiInputBase-input-MuiOutlinedInput-input"[39m
    [33mid[39m=[32m"_r_2g3_"[39m
    [33mmaxlength[39m=[32m"500"[39m
    [33mrequired[39m=[32m""[39m
    [33mrows[39m=[32m"3"[39m
    [33mstyle[39m=[32m"height: 0px; overflow: hidden;"[39m
  [36m/>[39m

  Name "Jira number for change item 788":
  [36m<input[39m
    [33maria-describedby[39m=[32m"change-item-787-jira-help"[39m
    [33maria-invalid[39m=[32m"false"[39m
    [33maria-label[39m=[32m"Jira number for change item 788"[39m
    [33mclass[39m=[32m"MuiInputBase-input MuiOutlinedInput-input css-16wblaj-MuiInputBase-input-MuiOutlinedInput-input"[39m
    [33mid[39m=[32m"_r_2g5_"[39m
    [33mmaxlength[39m=[32m"50"[39m
    [33mrequired[39m=[32m""[39m
    [33mtype[39m=[32m"text"[39m
    [33mvalue[39m=[32m"JIRA-0788"[39m
  [36m/>[39m

  Name "Description for change item 788":
  [36m<textarea[39m
    [33maria-describedby[39m=[32m"change-item-787-desc-help"[39m
    [33maria-invalid[39m=[32m"false"[39m
    [33maria-label[39m=[32m"Description for change item 788"[39m
    [33mclass[39m=[32m"MuiInputBase-input MuiOutlinedInput-input css-w4nesw-MuiInputBase-input-MuiOutlinedInput-input"[39m
    [33mid[39m=[32m"_r_2g6_"[39m
    [33mmaxlength[39m=[32m"500"[39m
    [33mrequired[39m=[32m""[39m
    [33mrows[39m=[32m"3"[39m
    [33mstyle[39m=[32m"height: 0px; overflow: hidden;"[39m
  [36m/>[39m

  Name "Jira number for change item 789":
  [36m<input[39m
    [33maria-describedby[39m=[32m"change-item-788-jira-help"[39m
    [33maria-invalid[39m=[32m"false"[39m
    [33maria-label[39m=[32m"Jira number for change item 789"[39m
    [33mclass[39m=[32m"MuiInputBase-input MuiOutlinedInput-input css-16wblaj-MuiInputBase-input-MuiOutlinedInput-input"[39m
    [33mid[39m=[32m"_r_2g8_"[39m
    [33mmaxlength[39m=[32m"50"[39m
    [33mrequired[39m=[32m""[39m
    [33mtype[39m=[32m"text"[39m
    [33mvalue[39m=[32m"JIRA-0789"[39m
  [36m/>[39m

  Name "Description for change item 789":
  [36m<textarea[39m
    [33maria-describedby[39m=[32m"change-item-788-desc-help"[39m
    [33maria-invalid[39m=[32m"false"[39m
    [33maria-label[39m=[32m"Description for change item 789"[39m
    [33mclass[39m=[32m"MuiInputBase-input MuiOutlinedInput-input css-w4nesw-MuiInputBase-input-MuiOutlinedInput-input"[39m
    [33mid[39m=[32m"_r_2g9_"[39m
    [33mmaxlength[39m=[32m"500"[39m
    [33mrequired[39m=[32m""[39m
    [33mrows[39m=[32m"3"[39m
    [33mstyle[39m=[32m"height: 0px; overflow: hidden;"[39m
  [36m/>[39m

  Name "Jira number for change item 790":
  [36m<input[39m
    [33maria-describedby[39m=[32m"change-item-789-jira-help"[39m
    [33maria-invalid[39m=[32m"false"[39m
    [33maria-label[39m=[32m"Jira number for change item 790"[39m
    [33mclass[39m=[32m"MuiInputBase-input MuiOutlinedInput-input css-16wblaj-MuiInputBase-input-MuiOutlinedInput-input"[39m
    [33mid[39m=[32m"_r_2gb_"[39m
    [33mmaxlength[39m=[32m"50"[39m
    [33mrequired[39m=[32m""[39m
    [33mtype[39m=[32m"text"[39m
    [33mvalue[39m=[32m"JIRA-0790"[39m
  [36m/>[39m

  Name "Description for change item 790":
  [36m<textarea[39m
    [33maria-describedby[39m=[32m"change-item-789-desc-help"[39m
    [33maria-invalid[39m=[32m"false"[39m
    [33maria-label[39m=[32m"Description for change item 790"[39m
    [33mclass[39m=[32m"MuiInputBase-input MuiOutlinedInput-input css-w4nesw-MuiInputBase-input-MuiOutlinedInput-input"[39m
    [33mid[39m=[32m"_r_2gc_"[39m
    [33mmaxlength[39m=[32m"500"[39m
    [33mrequired[39m=[32m""[39m
    [33mrows[39m=[32m"3"[39m
    [33mstyle[39m=[32m"height: 0px; overflow: hidden;"[39m
  [36m/>[39m

  Name "Jira number for change item 791":
  [36m<input[39m
    [33maria-describedby[39m=[32m"change-item-790-jira-help"[39m
    [33maria-invalid[39m=[32m"false"[39m
    [33maria-label[39m=[32m"Jira number for change item 791"[39m
    [33mclass[39m=[32m"MuiInputBase-input MuiOutlinedInput-input css-16wblaj-MuiInputBase-input-MuiOutlinedInput-input"[39m
    [33mid[39m=[32m"_r_2ge_"[39m
    [33mmaxlength[39m=[32m"50"[39m
    [33mrequired[39m=[32m""[39m
    [33mtype[39m=[32m"text"[39m
    [33mvalue[39m=[32m"JIRA-0791"[39m
  [36m/>[39m

  Name "Description for change item 791":
  [36m<textarea[39m
    [33maria-describedby[39m=[32m"change-item-790-desc-help"[39m
    [33maria-invalid[39m=[32m"false"[39m
    [33maria-label[39m=[32m"Description for change item 791"[39m
    [33mclass[39m=[32m"MuiInputBase-input MuiOutlinedInput-input css-w4nesw-MuiInputBase-input-MuiOutlinedInput-input"[39m
    [33mid[39m=[32m"_r_2gf_"[39m
    [33mmaxlength[39m=[32m"500"[39m
    [33mrequired[39m=[32m""[39m
    [33mrows[39m=[32m"3"[39m
    [33mstyle[39m=[32m"height: 0px; overflow: hidden;"[39m
  [36m/>[39m

  Name "Jira number for change item 792":
  [36m<input[39m
    [33maria-describedby[39m=[32m"change-item-791-jira-help"[39m
    [33maria-invalid[39m=[32m"false"[39m
    [33maria-label[39m=[32m"Jira number for change item 792"[39m
    [33mclass[39m=[32m"MuiInputBase-input MuiOutlinedInput-input css-16wblaj-MuiInputBase-input-MuiOutlinedInput-input"[39m
    [33mid[39m=[32m"_r_2gh_"[39m
    [33mmaxlength[39m=[32m"50"[39m
    [33mrequired[39m=[32m""[39m
    [33mtype[39m=[32m"text"[39m
    [33mvalue[39m=[32m"JIRA-0792"[39m
  [36m/>[39m

  Name "Description for change item 792":
  [36m<textarea[39m
    [33maria-describedby[39m=[32m"change-item-791-desc-help"[39m
    [33maria-invalid[39m=[32m"false"[39m
    [33maria-label[39m=[32m"Description for change item 792"[39m
    [33mclass[39m=[32m"MuiInputBase-input MuiOutlinedInput-input css-w4nesw-MuiInputBase-input-MuiOutlinedInput-input"[39m
    [33mid[39m=[32m"_r_2gi_"[39m
    [33mmaxlength[39m=[32m"500"[39m
    [33mrequired[39m=[32m""[39m
    [33mrows[39m=[32m"3"[39m
    [33mstyle[39m=[32m"height: 0px; overflow: hidden;"[39m
  [36m/>[39m

  Name "Jira number for change item 793":
  [36m<input[39m
    [33maria-describedby[39m=[32m"change-item-792-jira-help"[39m
    [33maria-invalid[39m=[32m"false"[39m
    [33maria-label[39m=[32m"Jira number for change item 793"[39m
    [33mclass[39m=[32m"MuiInputBase-input MuiOutlinedInput-input css-16wblaj-MuiInputBase-input-MuiOutlinedInput-input"[39m
    [33mid[39m=[32m"_r_2gk_"[39m
    [33mmaxlength[39m=[32m"50"[39m
    [33mrequired[39m=[32m""[39m
    [33mtype[39m=[32m"text"[39m
    [33mvalue[39m=[32m"JIRA-0793"[39m
  [36m/>[39m

  Name "Description for change item 793":
  [36m<textarea[39m
    [33maria-describedby[39m=[32m"change-item-792-desc-help"[39m
    [33maria-invalid[39m=[32m"false"[39m
    [33maria-label[39m=[32m"Description for change item 793"[39m
    [33mclass[39m=[32m"MuiInputBase-input MuiOutlinedInput-input css-w4nesw-MuiInputBase-input-MuiOutlinedInput-input"[39m
    [33mid[39m=[32m"_r_2gl_"[39m
    [33mmaxlength[39m=[32m"500"[39m
    [33mrequired[39m=[32m""[39m
    [33mrows[39m=[32m"3"[39m
    [33mstyle[39m=[32m"height: 0px; overflow: hidden;"[39m
  [36m/>[39m

  Name "Jira number for change item 794":
  [36m<input[39m
    [33maria-describedby[39m=[32m"change-item-793-jira-help"[39m
    [33maria-invalid[39m=[32m"false"[39m
    [33maria-label[39m=[32m"Jira number for change item 794"[39m
    [33mclass[39m=[32m"MuiInputBase-input MuiOutlinedInput-input css-16wblaj-MuiInputBase-input-MuiOutlinedInput-input"[39m
    [33mid[39m=[32m"_r_2gn_"[39m
    [33mmaxlength[39m=[32m"50"[39m
    [33mrequired[39m=[32m""[39m
    [33mtype[39m=[32m"text"[39m
    [33mvalue[39m=[32m"JIRA-0794"[39m
  [36m/>[39m

  Name "Description for change item 794":
  [36m<textarea[39m
    [33maria-describedby[39m=[32m"change-item-793-desc-help"[39m
    [33maria-invalid[39m=[32m"false"[39m
    [33maria-label[39m=[32m"Description for change item 794"[39m
    [33mclass[39m=[32m"MuiInputBase-input MuiOutlinedInput-input css-w4nesw-MuiInputBase-input-MuiOutlinedInput-input"[39m
    [33mid[39m=[32m"_r_2go_"[39m
    [33mmaxlength[39m=[32m"500"[39m
    [33mrequired[39m=[32m""[39m
    [33mrows[39m=[32m"3"[39m
    [33mstyle[39m=[32m"height: 0px; overflow: hidden;"[39m
  [36m/>[39m

  Name "Jira number for change item 795":
  [36m<input[39m
    [33maria-describedby[39m=[32m"change-item-794-jira-help"[39m
    [33maria-invalid[39m=[32m"false"[39m
    [33maria-label[39m=[32m"Jira number for change item 795"[39m
    [33mclass[39m=[32m"MuiInputBase-input MuiOutlinedInput-input css-16wblaj-MuiInputBase-input-MuiOutlinedInput-input"[39m
    [33mid[39m=[32m"_r_2gq_"[39m
    [33mmaxlength[39m=[32m"50"[39m
    [33mrequired[39m=[32m""[39m
    [33mtype[39m=[32m"text"[39m
    [33mvalue[39m=[32m"JIRA-0795"[39m
  [36m/>[39m

  Name "Description for change item 795":
  [36m<textarea[39m
    [33maria-describedby[39m=[32m"change-item-794-desc-help"[39m
    [33maria-invalid[39m=[32m"false"[39m
    [33maria-label[39m=[32m"Description for change item 795"[39m
    [33mclass[39m=[32m"MuiInputBase-input MuiOutlinedInput-input css-w4nesw-MuiInputBase-input-MuiOutlinedInput-input"[39m
    [33mid[39m=[32m"_r_2gr_"[39m
    [33mmaxlength[39m=[32m"500"[39m
    [33mrequired[39m=[32m""[39m
    [33mrows[39m=[32m"3"[39m
    [33mstyle[39m=[32m"height: 0px; overflow: hidden;"[39m
  [36m/>[39m

  Name "Jira number for change item 796":
  [36m<input[39m
    [33maria-describedby[39m=[32m"change-item-795-jira-help"[39m
    [33maria-invalid[39m=[32m"false"[39m
    [33maria-label[39m=[32m"Jira number for change item 796"[39m
    [33mclass[39m=[32m"MuiInputBase-input MuiOutlinedInput-input css-16wblaj-MuiInputBase-input-MuiOutlinedInput-input"[39m
    [33mid[39m=[32m"_r_2gt_"[39m
    [33mmaxlength[39m=[32m"50"[39m
    [33mrequired[39m=[32m""[39m
    [33mtype[39m=[32m"text"[39m
    [33mvalue[39m=[32m"JIRA-0796"[39m
  [36m/>[39m

  Name "Description for change item 796":
  [36m<textarea[39m
    [33maria-describedby[39m=[32m"change-item-795-desc-help"[39m
    [33maria-invalid[39m=[32m"false"[39m
    [33maria-label[39m=[32m"Description for change item 796"[39m
    [33mclass[39m=[32m"MuiInputBase-input MuiOutlinedInput-input css-w4nesw-MuiInputBase-input-MuiOutlinedInput-input"[39m
    [33mid[39m=[32m"_r_2gu_"[39m
    [33mmaxlength[39m=[32m"500"[39m
    [33mrequired[39m=[32m""[39m
    [33mrows[39m=[32m"3"[39m
    [33mstyle[39m=[32m"height: 0px; overflow: hidden;"[39m
  [36m/>[39m

  Name "Jira number for change item 797":
  [36m<input[39m
    [33maria-describedby[39m=[32m"change-item-796-jira-help"[39m
    [33maria-invalid[39m=[32m"false"[39m
    [33maria-label[39m=[32m"Jira number for change item 797"[39m
    [33mclass[39m=[32m"MuiInputBase-input MuiOutlinedInput-input css-16wblaj-MuiInputBase-input-MuiOutlinedInput-input"[39m
    [33mid[39m=[32m"_r_2h0_"[39m
    [33mmaxlength[39m=[32m"50"[39m
    [33mrequired[39m=[32m""[39m
    [33mtype[39m=[32m"text"[39m
    [33mvalue[39m=[32m"JIRA-0797"[39m
  [36m/>[39m

  Name "Description for change item 797":
  [36m<textarea[39m
    [33maria-describedby[39m=[32m"change-item-796-desc-help"[39m
    [33maria-invalid[39m=[32m"false"[39m
    [33maria-label[39m=[32m"Description for change item 797"[39m
    [33mclass[39m=[32m"MuiInputBase-input MuiOutlinedInput-input css-w4nesw-MuiInputBase-input-MuiOutlinedInput-input"[39m
    [33mid[39m=[32m"_r_2h1_"[39m
    [33mmaxlength[39m=[32m"500"[39m
    [33mrequired[39m=[32m""[39m
    [33mrows[39m=[32m"3"[39m
    [33mstyle[39m=[32m"height: 0px; overflow: hidden;"[39m
  [36m/>[39m

  Name "Jira number for change item 798":
  [36m<input[39m
    [33maria-describedby[39m=[32m"change-item-797-jira-help"[39m
    [33maria-invalid[39m=[32m"false"[39m
    [33maria-label[39m=[32m"Jira number for change item 798"[39m
    [33mclass[39m=[32m"MuiInputBase-input MuiOutlinedInput-input css-16wblaj-MuiInputBase-input-MuiOutlinedInput-input"[39m
    [33mid[39m=[32m"_r_2h3_"[39m
    [33mmaxlength[39m=[32m"50"[39m
    [33mrequired[39m=[32m""[39m
    [33mtype[39m=[32m"text"[39m
    [33mvalue[39m=[32m"JIRA-0798"[39m
  [36m/>[39m

  Name "Description for change item 798":
  [36m<textarea[39m
    [33maria-describedby[39m=[32m"change-item-797-desc-help"[39m
    [33maria-invalid[39m=[32m"false"[39m
    [33maria-label[39m=[32m"Description for change item 798"[39m
    [33mclass[39m=[32m"MuiInputBase-input MuiOutlinedInput-input css-w4nesw-MuiInputBase-input-MuiOutlinedInput-input"[39m
    [33mid[39m=[32m"_r_2h4_"[39m
    [33mmaxlength[39m=[32m"500"[39m
    [33mrequired[39m=[32m""[39m
    [33mrows[39m=[32m"3"[39m
    [33mstyle[39m=[32m"height: 0px; overflow: hidden;"[39m
  [36m/>[39m

  Name "Jira number for change item 799":
  [36m<input[39m
    [33maria-describedby[39m=[32m"change-item-798-jira-help"[39m
    [33maria-invalid[39m=[32m"false"[39m
    [33maria-label[39m=[32m"Jira number for change item 799"[39m
    [33mclass[39m=[32m"MuiInputBase-input MuiOutlinedInput-input css-16wblaj-MuiInputBase-input-MuiOutlinedInput-input"[39m
    [33mid[39m=[32m"_r_2h6_"[39m
    [33mmaxlength[39m=[32m"50"[39m
    [33mrequired[39m=[32m""[39m
    [33mtype[39m=[32m"text"[39m
    [33mvalue[39m=[32m"JIRA-0799"[39m
  [36m/>[39m

  Name "Description for change item 799":
  [36m<textarea[39m
    [33maria-describedby[39m=[32m"change-item-798-desc-help"[39m
    [33maria-invalid[39m=[32m"false"[39m
    [33maria-label[39m=[32m"Description for change item 799"[39m
    [33mclass[39m=[32m"MuiInputBase-input MuiOutlinedInput-input css-w4nesw-MuiInputBase-input-MuiOutlinedInput-input"[39m
    [33mid[39m=[32m"_r_2h7_"[39m
    [33mmaxlength[39m=[32m"500"[39m
    [33mrequired[39m=[32m""[39m
    [33mrows[39m=[32m"3"[39m
    [33mstyle[39m=[32m"height: 0px; overflow: hidden;"[39m
  [36m/>[39m

  Name "Jira number for change item 800":
  [36m<input[39m
    [33maria-describedby[39m=[32m"change-item-799-jira-help"[39m
    [33maria-invalid[39m=[32m"false"[39m
    [33maria-label[39m=[32m"Jira number for change item 800"[39m
    [33mclass[39m=[32m"MuiInputBase-input MuiOutlinedInput-input css-16wblaj-MuiInputBase-input-MuiOutlinedInput-input"[39m
    [33mid[39m=[32m"_r_2h9_"[39m
    [33mmaxlength[39m=[32m"50"[39m
    [33mrequired[39m=[32m""[39m
    [33mtype[39m=[32m"text"[39m
    [33mvalue[39m=[32m"JIRA-0800"[39m
  [36m/>[39m

  Name "Description for change item 800":
  [36m<textarea[39m
    [33maria-describedby[39m=[32m"change-item-799-desc-help"[39m
    [33maria-invalid[39m=[32m"false"[39m
    [33maria-label[39m=[32m"Description for change item 800"[39m
    [33mclass[39m=[32m"MuiInputBase-input MuiOutlinedInput-input css-w4nesw-MuiInputBase-input-MuiOutlinedInput-input"[39m
    [33mid[39m=[32m"_r_2ha_"[39m
    [33mmaxlength[39m=[32m"500"[39m
    [33mrequired[39m=[32m""[39m
    [33mrows[39m=[32m"3"[39m
    [33mstyle[39m=[32m"height: 0px; overflow: hidden;"[39m
  [36m/>[39m

  Name "Jira number for change item 801":
  [36m<input[39m
    [33maria-describedby[39m=[32m"change-item-800-jira-help"[39m
    [33maria-invalid[39m=[32m"false"[39m
    [33maria-label[39m=[32m"Jira number for change item 801"[39m
    [33mclass[39m=[32m"MuiInputBase-input MuiOutlinedInput-input css-16wblaj-MuiInputBase-input-MuiOutlinedInput-input"[39m
    [33mid[39m=[32m"_r_2hc_"[39m
    [33mmaxlength[39m=[32m"50"[39m
    [33mrequired[39m=[32m""[39m
    [33mtype[39m=[32m"text"[39m
    [33mvalue[39m=[32m"JIRA-0801"[39m
  [36m/>[39m

  Name "Description for change item 801":
  [36m<textarea[39m
    [33maria-describedby[39m=[32m"change-item-800-desc-help"[39m
    [33maria-invalid[39m=[32m"false"[39m
    [33maria-label[39m=[32m"Description for change item 801"[39m
    [33mclass[39m=[32m"MuiInputBase-input MuiOutlinedInput-input css-w4nesw-MuiInputBase-input-MuiOutlinedInput-input"[39m
    [33mid[39m=[32m"_r_2hd_"[39m
    [33mmaxlength[39m=[32m"500"[39m
    [33mrequired[39m=[32m""[39m
    [33mrows[39m=[32m"3"[39m
    [33mstyle[39m=[32m"height: 0px; overflow: hidden;"[39m
  [36m/>[39m

  Name "Jira number for change item 802":
  [36m<input[39m
    [33maria-describedby[39m=[32m"change-item-801-jira-help"[39m
    [33maria-invalid[39m=[32m"false"[39m
    [33maria-label[39m=[32m"Jira number for change item 802"[39m
    [33mclass[39m=[32m"MuiInputBase-input MuiOutlinedInput-input css-16wblaj-MuiInputBase-input-MuiOutlinedInput-input"[39m
    [33mid[39m=[32m"_r_2hf_"[39m
    [33mmaxlength[39m=[32m"50"[39m
    [33mrequired[39m=[32m""[39m
    [33mtype[39m=[32m"text"[39m
    [33mvalue[39m=[32m"JIRA-0802"[39m
  [36m/>[39m

  Name "Description for change item 802":
  [36m<textarea[39m
    [33maria-describedby[39m=[32m"change-item-801-desc-help"[39m
    [33maria-invalid[39m=[32m"false"[39m
    [33maria-label[39m=[32m"Description for change item 802"[39m
    [33mclass[39m=[32m"MuiInputBase-input MuiOutlinedInput-input css-w4nesw-MuiInputBase-input-MuiOutlinedInput-input"[39m
    [33mid[39m=[32m"_r_2hg_"[39m
    [33mmaxlength[39m=[32m"500"[39m
    [33mrequired[39m=[32m""[39m
    [33mrows[39m=[32m"3"[39m
    [33mstyle[39m=[32m"height: 0px; overflow: hidden;"[39m
  [36m/>[39m

  Name "Jira number for change item 803":
  [36m<input[39m
    [33maria-describedby[39m=[32m"change-item-802-jira-help"[39m
    [33maria-invalid[39m=[32m"false"[39m
    [33maria-label[39m=[32m"Jira number for change item 803"[39m
    [33mclass[39m=[32m"MuiInputBase-input MuiOutlinedInput-input css-16wblaj-MuiInputBase-input-MuiOutlinedInput-input"[39m
    [33mid[39m=[32m"_r_2hi_"[39m
    [33mmaxlength[39m=[32m"50"[39m
    [33mrequired[39m=[32m""[39m
    [33mtype[39m=[32m"text"[39m
    [33mvalue[39m=[32m"JIRA-0803"[39m
  [36m/>[39m

  Name "Description for change item 803":
  [36m<textarea[39m
    [33maria-describedby[39m=[32m"change-item-802-desc-help"[39m
    [33maria-invalid[39m=[32m"false"[39m
    [33maria-label[39m=[32m"Description for change item 803"[39m
    [33mclass[39m=[32m"MuiInputBase-input MuiOutlinedInput-input css-w4nesw-MuiInputBase-input-MuiOutlinedInput-input"[39m
    [33mid[39m=[32m"_r_2hj_"[39m
    [33mmaxlength[39m=[32m"500"[39m
    [33mrequired[39m=[32m""[39m
    [33mrows[39m=[32m"3"[39m
    [33mstyle[39m=[32m"height: 0px; overflow: hidden;"[39m
  [36m/>[39m

  Name "Jira number for change item 804":
  [36m<input[39m
    [33maria-describedby[39m=[32m"change-item-803-jira-help"[39m
    [33maria-invalid[39m=[32m"false"[39m
    [33maria-label[39m=[32m"Jira number for change item 804"[39m
    [33mclass[39m=[32m"MuiInputBase-input MuiOutlinedInput-input css-16wblaj-MuiInputBase-input-MuiOutlinedInput-input"[39m
    [33mid[39m=[32m"_r_2hl_"[39m
    [33mmaxlength[39m=[32m"50"[39m
    [33mrequired[39m=[32m""[39m
    [33mtype[39m=[32m"text"[39m
    [33mvalue[39m=[32m"JIRA-0804"[39m
  [36m/>[39m

  Name "Description for change item 804":
  [36m<textarea[39m
    [33maria-describedby[39m=[32m"change-item-803-desc-help"[39m
    [33maria-invalid[39m=[32m"false"[39m
    [33maria-label[39m=[32m"Description for change item 804"[39m
    [33mclass[39m=[32m"MuiInputBase-input MuiOutlinedInput-input css-w4nesw-MuiInputBase-input-MuiOutlinedInput-input"[39m
    [33mid[39m=[32m"_r_2hm_"[39m
    [33mmaxlength[39m=[32m"500"[39m
    [33mrequired[39m=[32m""[39m
    [33mrows[39m=[32m"3"[39m
    [33mstyle[39m=[32m"height: 0px; overflow: hidden;"[39m
  [36m/>[39m

  Name "Jira number for change item 805":
  [36m<input[39m
    [33maria-describedby[39m=[32m"change-item-804-jira-help"[39m
    [33maria-invalid[39m=[32m"false"[39m
    [33maria-label[39m=[32m"Jira number for change item 805"[39m
    [33mclass[39m=[32m"MuiInputBase-input MuiOutlinedInput-input css-16wblaj-MuiInputBase-input-MuiOutlinedInput-input"[39m
    [33mid[39m=[32m"_r_2ho_"[39m
    [33mmaxlength[39m=[32m"50"[39m
    [33mrequired[39m=[32m""[39m
    [33mtype[39m=[32m"text"[39m
    [33mvalue[39m=[32m"JIRA-0805"[39m
  [36m/>[39m

  Name "Description for change item 805":
  [36m<textarea[39m
    [33maria-describedby[39m=[32m"change-item-804-desc-help"[39m
    [33maria-invalid[39m=[32m"false"[39m
    [33maria-label[39m=[32m"Description for change item 805"[39m
    [33mclass[39m=[32m"MuiInputBase-input MuiOutlinedInput-input css-w4nesw-MuiInputBase-input-MuiOutlinedInput-input"[39m
    [33mid[39m=[32m"_r_2hp_"[39m
    [33mmaxlength[39m=[32m"500"[39m
    [33mrequired[39m=[32m""[39m
    [33mrows[39m=[32m"3"[39m
    [33mstyle[39m=[32m"height: 0px; overflow: hidden;"[39m
  [36m/>[39m

  Name "Jira number for change item 806":
  [36m<input[39m
    [33maria-describedby[39m=[32m"change-item-805-jira-help"[39m
    [33maria-invalid[39m=[32m"false"[39m
    [33maria-label[39m=[32m"Jira number for change item 806"[39m
    [33mclass[39m=[32m"MuiInputBase-input MuiOutlinedInput-input css-16wblaj-MuiInputBase-input-MuiOutlinedInput-input"[39m
    [33mid[39m=[32m"_r_2hr_"[39m
    [33mmaxlength[39m=[32m"50"[39m
    [33mrequired[39m=[32m""[39m
    [33mtype[39m=[32m"text"[39m
    [33mvalue[39m=[32m"JIRA-0806"[39m
  [36m/>[39m

  Name "Description for change item 806":
  [36m<textarea[39m
    [33maria-describedby[39m=[32m"change-item-805-desc-help"[39m
    [33maria-invalid[39m=[32m"false"[39m
    [33maria-label[39m=[32m"Description for change item 806"[39m
    [33mclass[39m=[32m"MuiInputBase-input MuiOutlinedInput-input css-w4nesw-MuiInputBase-input-MuiOutlinedInput-input"[39m
    [33mid[39m=[32m"_r_2hs_"[39m
    [33mmaxlength[39m=[32m"500"[39m
    [33mrequired[39m=[32m""[39m
    [33mrows[39m=[32m"3"[39m
    [33mstyle[39m=[32m"height: 0px; overflow: hidden;"[39m
  [36m/>[39m

  Name "Jira number for change item 807":
  [36m<input[39m
    [33maria-describedby[39m=[32m"change-item-806-jira-help"[39m
    [33maria-invalid[39m=[32m"false"[39m
    [33maria-label[39m=[32m"Jira number for change item 807"[39m
    [33mclass[39m=[32m"MuiInputBase-input MuiOutlinedInput-input css-16wblaj-MuiInputBase-input-MuiOutlinedInput-input"[39m
    [33mid[39m=[32m"_r_2hu_"[39m
    [33mmaxlength[39m=[32m"50"[39m
    [33mrequired[39m=[32m""[39m
    [33mtype[39m=[32m"text"[39m
    [33mvalue[39m=[32m"JIRA-0807"[39m
  [36m/>[39m

  Name "Description for change item 807":
  [36m<textarea[39m
    [33maria-describedby[39m=[32m"change-item-806-desc-help"[39m
    [33maria-invalid[39m=[32m"false"[39m
    [33maria-label[39m=[32m"Description for change item 807"[39m
    [33mclass[39m=[32m"MuiInputBase-input MuiOutlinedInput-input css-w4nesw-MuiInputBase-input-MuiOutlinedInput-input"[39m
    [33mid[39m=[32m"_r_2hv_"[39m
    [33mmaxlength[39m=[32m"500"[39m
    [33mrequired[39m=[32m""[39m
    [33mrows[39m=[32m"3"[39m
    [33mstyle[39m=[32m"height: 0px; overflow: hidden;"[39m
  [36m/>[39m

  Name "Jira number for change item 808":
  [36m<input[39m
    [33maria-describedby[39m=[32m"change-item-807-jira-help"[39m
    [33maria-invalid[39m=[32m"false"[39m
    [33maria-label[39m=[32m"Jira number for change item 808"[39m
    [33mclass[39m=[32m"MuiInputBase-input MuiOutlinedInput-input css-16wblaj-MuiInputBase-input-MuiOutlinedInput-input"[39m
    [33mid[39m=[32m"_r_2i1_"[39m
    [33mmaxlength[39m=[32m"50"[39m
    [33mrequired[39m=[32m""[39m
    [33mtype[39m=[32m"text"[39m
    [33mvalue[39m=[32m"JIRA-0808"[39m
  [36m/>[39m

  Name "Description for change item 808":
  [36m<textarea[39m
    [33maria-describedby[39m=[32m"change-item-807-desc-help"[39m
    [33maria-invalid[39m=[32m"false"[39m
    [33maria-label[39m=[32m"Description for change item 808"[39m
    [33mclass[39m=[32m"MuiInputBase-input MuiOutlinedInput-input css-w4nesw-MuiInputBase-input-MuiOutlinedInput-input"[39m
    [33mid[39m=[32m"_r_2i2_"[39m
    [33mmaxlength[39m=[32m"500"[39m
    [33mrequired[39m=[32m""[39m
    [33mrows[39m=[32m"3"[39m
    [33mstyle[39m=[32m"height: 0px; overflow: hidden;"[39m
  [36m/>[39m

  Name "Jira number for change item 809":
  [36m<input[39m
    [33maria-describedby[39m=[32m"change-item-808-jira-help"[39m
    [33maria-invalid[39m=[32m"false"[39m
    [33maria-label[39m=[32m"Jira number for change item 809"[39m
    [33mclass[39m=[32m"MuiInputBase-input MuiOutlinedInput-input css-16wblaj-MuiInputBase-input-MuiOutlinedInput-input"[39m
    [33mid[39m=[32m"_r_2i4_"[39m
    [33mmaxlength[39m=[32m"50"[39m
    [33mrequired[39m=[32m""[39m
    [33mtype[39m=[32m"text"[39m
    [33mvalue[39m=[32m"JIRA-0809"[39m
  [36m/>[39m

  Name "Description for change item 809":
  [36m<textarea[39m
    [33maria-describedby[39m=[32m"change-item-808-desc-help"[39m
    [33maria-invalid[39m=[32m"false"[39m
    [33maria-label[39m=[32m"Description for change item 809"[39m
    [33mclass[39m=[32m"MuiInputBase-input MuiOutlinedInput-input css-w4nesw-MuiInputBase-input-MuiOutlinedInput-input"[39m
    [33mid[39m=[32m"_r_2i5_"[39m
    [33mmaxlength[39m=[32m"500"[39m
    [33mrequired[39m=[32m""[39m
    [33mrows[39m=[32m"3"[39m
    [33mstyle[39m=[32m"height: 0px; overflow: hidden;"[39m
  [36m/>[39m

  Name "Jira number for change item 810":
  [36m<input[39m
    [33maria-describedby[39m=[32m"change-item-809-jira-help"[39m
    [33maria-invalid[39m=[32m"false"[39m
    [33maria-label[39m=[32m"Jira number for change item 810"[39m
    [33mclass[39m=[32m"MuiInputBase-input MuiOutlinedInput-input css-16wblaj-MuiInputBase-input-MuiOutlinedInput-input"[39m
    [33mid[39m=[32m"_r_2i7_"[39m
    [33mmaxlength[39m=[32m"50"[39m
    [33mrequired[39m=[32m""[39m
    [33mtype[39m=[32m"text"[39m
    [33mvalue[39m=[32m"JIRA-0810"[39m
  [36m/>[39m

  Name "Description for change item 810":
  [36m<textarea[39m
    [33maria-describedby[39m=[32m"change-item-809-desc-help"[39m
    [33maria-invalid[39m=[32m"false"[39m
    [33maria-label[39m=[32m"Description for change item 810"[39m
    [33mclass[39m=[32m"MuiInputBase-input MuiOutlinedInput-input css-w4nesw-MuiInputBase-input-MuiOutlinedInput-input"[39m
    [33mid[39m=[32m"_r_2i8_"[39m
    [33mmaxlength[39m=[32m"500"[39m
    [33mrequired[39m=[32m""[39m
    [33mrows[39m=[32m"3"[39m
    [33mstyle[39m=[32m"height: 0px; overflow: hidden;"[39m
  [36m/>[39m

  Name "Jira number for change item 811":
  [36m<input[39m
    [33maria-describedby[39m=[32m"change-item-810-jira-help"[39m
    [33maria-invalid[39m=[32m"false"[39m
    [33maria-label[39m=[32m"Jira number for change item 811"[39m
    [33mclass[39m=[32m"MuiInputBase-input MuiOutlinedInput-input css-16wblaj-MuiInputBase-input-MuiOutlinedInput-input"[39m
    [33mid[39m=[32m"_r_2ia_"[39m
    [33mmaxlength[39m=[32m"50"[39m
    [33mrequired[39m=[32m""[39m
    [33mtype[39m=[32m"text"[39m
    [33mvalue[39m=[32m"JIRA-0811"[39m
  [36m/>[39m

  Name "Description for change item 811":
  [36m<textarea[39m
    [33maria-describedby[39m=[32m"change-item-810-desc-help"[39m
    [33maria-invalid[39m=[32m"false"[39m
    [33maria-label[39m=[32m"Description for change item 811"[39m
    [33mclass[39m=[32m"MuiInputBase-input MuiOutlinedInput-input css-w4nesw-MuiInputBase-input-MuiOutlinedInput-input"[39m
    [33mid[39m=[32m"_r_2ib_"[39m
    [33mmaxlength[39m=[32m"500"[39m
    [33mrequired[39m=[32m""[39m
    [33mrows[39m=[32m"3"[39m
    [33mstyle[39m=[32m"height: 0px; overflow: hidden;"[39m
  [36m/>[39m

  Name "Jira number for change item 812":
  [36m<input[39m
    [33maria-describedby[39m=[32m"change-item-811-jira-help"[39m
    [33maria-invalid[39m=[32m"false"[39m
    [33maria-label[39m=[32m"Jira number for change item 812"[39m
    [33mclass[39m=[32m"MuiInputBase-input MuiOutlinedInput-input css-16wblaj-MuiInputBase-input-MuiOutlinedInput-input"[39m
    [33mid[39m=[32m"_r_2id_"[39m
    [33mmaxlength[39m=[32m"50"[39m
    [33mrequired[39m=[32m""[39m
    [33mtype[39m=[32m"text"[39m
    [33mvalue[39m=[32m"JIRA-0812"[39m
  [36m/>[39m

  Name "Description for change item 812":
  [36m<textarea[39m
    [33maria-describedby[39m=[32m"change-item-811-desc-help"[39m
    [33maria-invalid[39m=[32m"false"[39m
    [33maria-label[39m=[32m"Description for change item 812"[39m
    [33mclass[39m=[32m"MuiInputBase-input MuiOutlinedInput-input css-w4nesw-MuiInputBase-input-MuiOutlinedInput-input"[39m
    [33mid[39m=[32m"_r_2ie_"[39m
    [33mmaxlength[39m=[32m"500"[39m
    [33mrequired[39m=[32m""[39m
    [33mrows[39m=[32m"3"[39m
    [33mstyle[39m=[32m"height: 0px; overflow: hidden;"[39m
  [36m/>[39m

  Name "Jira number for change item 813":
  [36m<input[39m
    [33maria-describedby[39m=[32m"change-item-812-jira-help"[39m
    [33maria-invalid[39m=[32m"false"[39m
    [33maria-label[39m=[32m"Jira number for change item 813"[39m
    [33mclass[39m=[32m"MuiInputBase-input MuiOutlinedInput-input css-16wblaj-MuiInputBase-input-MuiOutlinedInput-input"[39m
    [33mid[39m=[32m"_r_2ig_"[39m
    [33mmaxlength[39m=[32m"50"[39m
    [33mrequired[39m=[32m""[39m
    [33mtype[39m=[32m"text"[39m
    [33mvalue[39m=[32m"JIRA-0813"[39m
  [36m/>[39m

  Name "Description for change item 813":
  [36m<textarea[39m
    [33maria-describedby[39m=[32m"change-item-812-desc-help"[39m
    [33maria-invalid[39m=[32m"false"[39m
    [33maria-label[39m=[32m"Description for change item 813"[39m
    [33mclass[39m=[32m"MuiInputBase-input MuiOutlinedInput-input css-w4nesw-MuiInputBase-input-MuiOutlinedInput-input"[39m
    [33mid[39m=[32m"_r_2ih_"[39m
    [33mmaxlength[39m=[32m"500"[39m
    [33mrequired[39m=[32m""[39m
    [33mrows[39m=[32m"3"[39m
    [33mstyle[39m=[32m"height: 0px; overflow: hidden;"[39m
  [36m/>[39m

  Name "Jira number for change item 814":
  [36m<input[39m
    [33maria-describedby[39m=[32m"change-item-813-jira-help"[39m
    [33maria-invalid[39m=[32m"false"[39m
    [33maria-label[39m=[32m"Jira number for change item 814"[39m
    [33mclass[39m=[32m"MuiInputBase-input MuiOutlinedInput-input css-16wblaj-MuiInputBase-input-MuiOutlinedInput-input"[39m
    [33mid[39m=[32m"_r_2ij_"[39m
    [33mmaxlength[39m=[32m"50"[39m
    [33mrequired[39m=[32m""[39m
    [33mtype[39m=[32m"text"[39m
    [33mvalue[39m=[32m"JIRA-0814"[39m
  [36m/>[39m

  Name "Description for change item 814":
  [36m<textarea[39m
    [33maria-describedby[39m=[32m"change-item-813-desc-help"[39m
    [33maria-invalid[39m=[32m"false"[39m
    [33maria-label[39m=[32m"Description for change item 814"[39m
    [33mclass[39m=[32m"MuiInputBase-input MuiOutlinedInput-input css-w4nesw-MuiInputBase-input-MuiOutlinedInput-input"[39m
    [33mid[39m=[32m"_r_2ik_"[39m
    [33mmaxlength[39m=[32m"500"[39m
    [33mrequired[39m=[32m""[39m
    [33mrows[39m=[32m"3"[39m
    [33mstyle[39m=[32m"height: 0px; overflow: hidden;"[39m
  [36m/>[39m

  Name "Jira number for change item 815":
  [36m<input[39m
    [33maria-describedby[39m=[32m"change-item-814-jira-help"[39m
    [33maria-invalid[39m=[32m"false"[39m
    [33maria-label[39m=[32m"Jira number for change item 815"[39m
    [33mclass[39m=[32m"MuiInputBase-input MuiOutlinedInput-input css-16wblaj-MuiInputBase-input-MuiOutlinedInput-input"[39m
    [33mid[39m=[32m"_r_2im_"[39m
    [33mmaxlength[39m=[32m"50"[39m
    [33mrequired[39m=[32m""[39m
    [33mtype[39m=[32m"text"[39m
    [33mvalue[39m=[32m"JIRA-0815"[39m
  [36m/>[39m

  Name "Description for change item 815":
  [36m<textarea[39m
    [33maria-describedby[39m=[32m"change-item-814-desc-help"[39m
    [33maria-invalid[39m=[32m"false"[39m
    [33maria-label[39m=[32m"Description for change item 815"[39m
    [33mclass[39m=[32m"MuiInputBase-input MuiOutlinedInput-input css-w4nesw-MuiInputBase-input-MuiOutlinedInput-input"[39m
    [33mid[39m=[32m"_r_2in_"[39m
    [33mmaxlength[39m=[32m"500"[39m
    [33mrequired[39m=[32m""[39m
    [33mrows[39m=[32m"3"[39m
    [33mstyle[39m=[32m"height: 0px; overflow: hidden;"[39m
  [36m/>[39m

  Name "Jira number for change item 816":
  [36m<input[39m
    [33maria-describedby[39m=[32m"change-item-815-jira-help"[39m
    [33maria-invalid[39m=[32m"false"[39m
    [33maria-label[39m=[32m"Jira number for change item 816"[39m
    [33mclass[39m=[32m"MuiInputBase-input MuiOutlinedInput-input css-16wblaj-MuiInputBase-input-MuiOutlinedInput-input"[39m
    [33mid[39m=[32m"_r_2ip_"[39m
    [33mmaxlength[39m=[32m"50"[39m
    [33mrequired[39m=[32m""[39m
    [33mtype[39m=[32m"text"[39m
    [33mvalue[39m=[32m"JIRA-0816"[39m
  [36m/>[39m

  Name "Description for change item 816":
  [36m<textarea[39m
    [33maria-describedby[39m=[32m"change-item-815-desc-help"[39m
    [33maria-invalid[39m=[32m"false"[39m
    [33maria-label[39m=[32m"Description for change item 816"[39m
    [33mclass[39m=[32m"MuiInputBase-input MuiOutlinedInput-input css-w4nesw-MuiInputBase-input-MuiOutlinedInput-input"[39m
    [33mid[39m=[32m"_r_2iq_"[39m
    [33mmaxlength[39m=[32m"500"[39m
    [33mrequired[39m=[32m""[39m
    [33mrows[39m=[32m"3"[39m
    [33mstyle[39m=[32m"height: 0px; overflow: hidden;"[39m
  [36m/>[39m

  Name "Jira number for change item 817":
  [36m<input[39m
    [33maria-describedby[39m=[32m"change-item-816-jira-help"[39m
    [33maria-invalid[39m=[32m"false"[39m
    [33maria-label[39m=[32m"Jira number for change item 817"[39m
    [33mclass[39m=[32m"MuiInputBase-input MuiOutlinedInput-input css-16wblaj-MuiInputBase-input-MuiOutlinedInput-input"[39m
    [33mid[39m=[32m"_r_2is_"[39m
    [33mmaxlength[39m=[32m"50"[39m
    [33mrequired[39m=[32m""[39m
    [33mtype[39m=[32m"text"[39m
    [33mvalue[39m=[32m"JIRA-0817"[39m
  [36m/>[39m

  Name "Description for change item 817":
  [36m<textarea[39m
    [33maria-describedby[39m=[32m"change-item-816-desc-help"[39m
    [33maria-invalid[39m=[32m"false"[39m
    [33maria-label[39m=[32m"Description for change item 817"[39m
    [33mclass[39m=[32m"MuiInputBase-input MuiOutlinedInput-input css-w4nesw-MuiInputBase-input-MuiOutlinedInput-input"[39m
    [33mid[39m=[32m"_r_2it_"[39m
    [33mmaxlength[39m=[32m"500"[39m
    [33mrequired[39m=[32m""[39m
    [33mrows[39m=[32m"3"[39m
    [33mstyle[39m=[32m"height: 0px; overflow: hidden;"[39m
  [36m/>[39m

  Name "Jira number for change item 818":
  [36m<input[39m
    [33maria-describedby[39m=[32m"change-item-817-jira-help"[39m
    [33maria-invalid[39m=[32m"false"[39m
    [33maria-label[39m=[32m"Jira number for change item 818"[39m
    [33mclass[39m=[32m"MuiInputBase-input MuiOutlinedInput-input css-16wblaj-MuiInputBase-input-MuiOutlinedInput-input"[39m
    [33mid[39m=[32m"_r_2iv_"[39m
    [33mmaxlength[39m=[32m"50"[39m
    [33mrequired[39m=[32m""[39m
    [33mtype[39m=[32m"text"[39m
    [33mvalue[39m=[32m"JIRA-0818"[39m
  [36m/>[39m

  Name "Description for change item 818":
  [36m<textarea[39m
    [33maria-describedby[39m=[32m"change-item-817-desc-help"[39m
    [33maria-invalid[39m=[32m"false"[39m
    [33maria-label[39m=[32m"Description for change item 818"[39m
    [33mclass[39m=[32m"MuiInputBase-input MuiOutlinedInput-input css-w4nesw-MuiInputBase-input-MuiOutlinedInput-input"[39m
    [33mid[39m=[32m"_r_2j0_"[39m
    [33mmaxlength[39m=[32m"500"[39m
    [33mrequired[39m=[32m""[39m
    [33mrows[39m=[32m"3"[39m
    [33mstyle[39m=[32m"height: 0px; overflow: hidden;"[39m
  [36m/>[39m

  Name "Jira number for change item 819":
  [36m<input[39m
    [33maria-describedby[39m=[32m"change-item-818-jira-help"[39m
    [33maria-invalid[39m=[32m"false"[39m
    [33maria-label[39m=[32m"Jira number for change item 819"[39m
    [33mclass[39m=[32m"MuiInputBase-input MuiOutlinedInput-input css-16wblaj-MuiInputBase-input-MuiOutlinedInput-input"[39m
    [33mid[39m=[32m"_r_2j2_"[39m
    [33mmaxlength[39m=[32m"50"[39m
    [33mrequired[39m=[32m""[39m
    [33mtype[39m=[32m"text"[39m
    [33mvalue[39m=[32m"JIRA-0819"[39m
  [36m/>[39m

  Name "Description for change item 819":
  [36m<textarea[39m
    [33maria-describedby[39m=[32m"change-item-818-desc-help"[39m
    [33maria-invalid[39m=[32m"false"[39m
    [33maria-label[39m=[32m"Description for change item 819"[39m
    [33mclass[39m=[32m"MuiInputBase-input MuiOutlinedInput-input css-w4nesw-MuiInputBase-input-MuiOutlinedInput-input"[39m
    [33mid[39m=[32m"_r_2j3_"[39m
    [33mmaxlength[39m=[32m"500"[39m
    [33mrequired[39m=[32m""[39m
    [33mrows[39m=[32m"3"[39m
    [33mstyle[39m=[32m"height: 0px; overflow: hidden;"[39m
  [36m/>[39m

  Name "Jira number for change item 820":
  [36m<input[39m
    [33maria-describedby[39m=[32m"change-item-819-jira-help"[39m
    [33maria-invalid[39m=[32m"false"[39m
    [33maria-label[39m=[32m"Jira number for change item 820"[39m
    [33mclass[39m=[32m"MuiInputBase-input MuiOutlinedInput-input css-16wblaj-MuiInputBase-input-MuiOutlinedInput-input"[39m
    [33mid[39m=[32m"_r_2j5_"[39m
    [33mmaxlength[39m=[32m"50"[39m
    [33mrequired[39m=[32m""[39m
    [33mtype[39m=[32m"text"[39m
    [33mvalue[39m=[32m"JIRA-0820"[39m
  [36m/>[39m

  Name "Description for change item 820":
  [36m<textarea[39m
    [33maria-describedby[39m=[32m"change-item-819-desc-help"[39m
    [33maria-invalid[39m=[32m"false"[39m
    [33maria-label[39m=[32m"Description for change item 820"[39m
    [33mclass[39m=[32m"MuiInputBase-input MuiOutlinedInput-input css-w4nesw-MuiInputBase-input-MuiOutlinedInput-input"[39m
    [33mid[39m=[32m"_r_2j6_"[39m
    [33mmaxlength[39m=[32m"500"[39m
    [33mrequired[39m=[32m""[39m
    [33mrows[39m=[32m"3"[39m
    [33mstyle[39m=[32m"height: 0px; overflow: hidden;"[39m
  [36m/>[39m

  Name "Jira number for change item 821":
  [36m<input[39m
    [33maria-describedby[39m=[32m"change-item-820-jira-help"[39m
    [33maria-invalid[39m=[32m"false"[39m
    [33maria-label[39m=[32m"Jira number for change item 821"[39m
    [33mclass[39m=[32m"MuiInputBase-input MuiOutlinedInput-input css-16wblaj-MuiInputBase-input-MuiOutlinedInput-input"[39m
    [33mid[39m=[32m"_r_2j8_"[39m
    [33mmaxlength[39m=[32m"50"[39m
    [33mrequired[39m=[32m""[39m
    [33mtype[39m=[32m"text"[39m
    [33mvalue[39m=[32m"JIRA-0821"[39m
  [36m/>[39m

  Name "Description for change item 821":
  [36m<textarea[39m
    [33maria-describedby[39m=[32m"change-item-820-desc-help"[39m
    [33maria-invalid[39m=[32m"false"[39m
    [33maria-label[39m=[32m"Description for change item 821"[39m
    [33mclass[39m=[32m"MuiInputBase-input MuiOutlinedInput-input css-w4nesw-MuiInputBase-input-MuiOutlinedInput-input"[39m
    [33mid[39m=[32m"_r_2j9_"[39m
    [33mmaxlength[39m=[32m"500"[39m
    [33mrequired[39m=[32m""[39m
    [33mrows[39m=[32m"3"[39m
    [33mstyle[39m=[32m"height: 0px; overflow: hidden;"[39m
  [36m/>[39m

  Name "Jira number for change item 822":
  [36m<input[39m
    [33maria-describedby[39m=[32m"change-item-821-jira-help"[39m
    [33maria-invalid[39m=[32m"false"[39m
    [33maria-label[39m=[32m"Jira number for change item 822"[39m
    [33mclass[39m=[32m"MuiInputBase-input MuiOutlinedInput-input css-16wblaj-MuiInputBase-input-MuiOutlinedInput-input"[39m
    [33mid[39m=[32m"_r_2jb_"[39m
    [33mmaxlength[39m=[32m"50"[39m
    [33mrequired[39m=[32m""[39m
    [33mtype[39m=[32m"text"[39m
    [33mvalue[39m=[32m"JIRA-0822"[39m
  [36m/>[39m

  Name "Description for change item 822":
  [36m<textarea[39m
    [33maria-describedby[39m=[32m"change-item-821-desc-help"[39m
    [33maria-invalid[39m=[32m"false"[39m
    [33maria-label[39m=[32m"Description for change item 822"[39m
    [33mclass[39m=[32m"MuiInputBase-input MuiOutlinedInput-input css-w4nesw-MuiInputBase-input-MuiOutlinedInput-input"[39m
    [33mid[39m=[32m"_r_2jc_"[39m
    [33mmaxlength[39m=[32m"500"[39m
    [33mrequired[39m=[32m""[39m
    [33mrows[39m=[32m"3"[39m
    [33mstyle[39m=[32m"height: 0px; overflow: hidden;"[39m
  [36m/>[39m

  Name "Jira number for change item 823":
  [36m<input[39m
    [33maria-describedby[39m=[32m"change-item-822-jira-help"[39m
    [33maria-invalid[39m=[32m"false"[39m
    [33maria-label[39m=[32m"Jira number for change item 823"[39m
    [33mclass[39m=[32m"MuiInputBase-input MuiOutlinedInput-input css-16wblaj-MuiInputBase-input-MuiOutlinedInput-input"[39m
    [33mid[39m=[32m"_r_2je_"[39m
    [33mmaxlength[39m=[32m"50"[39m
    [33mrequired[39m=[32m""[39m
    [33mtype[39m=[32m"text"[39m
    [33mvalue[39m=[32m"JIRA-0823"[39m
  [36m/>[39m

  Name "Description for change item 823":
  [36m<textarea[39m
    [33maria-describedby[39m=[32m"change-item-822-desc-help"[39m
    [33maria-invalid[39m=[32m"false"[39m
    [33maria-label[39m=[32m"Description for change item 823"[39m
    [33mclass[39m=[32m"MuiInputBase-input MuiOutlinedInput-input css-w4nesw-MuiInputBase-input-MuiOutlinedInput-input"[39m
    [33mid[39m=[32m"_r_2jf_"[39m
    [33mmaxlength[39m=[32m"500"[39m
    [33mrequired[39m=[32m""[39m
    [33mrows[39m=[32m"3"[39m
    [33mstyle[39m=[32m"height: 0px; overflow: hidden;"[39m
  [36m/>[39m

  Name "Jira number for change item 824":
  [36m<input[39m
    [33maria-describedby[39m=[32m"change-item-823-jira-help"[39m
    [33maria-invalid[39m=[32m"false"[39m
    [33maria-label[39m=[32m"Jira number for change item 824"[39m
    [33mclass[39m=[32m"MuiInputBase-input MuiOutlinedInput-input css-16wblaj-MuiInputBase-input-MuiOutlinedInput-input"[39m
    [33mid[39m=[32m"_r_2jh_"[39m
    [33mmaxlength[39m=[32m"50"[39m
    [33mrequired[39m=[32m""[39m
    [33mtype[39m=[32m"text"[39m
    [33mvalue[39m=[32m"JIRA-0824"[39m
  [36m/>[39m

  Name "Description for change item 824":
  [36m<textarea[39m
    [33maria-describedby[39m=[32m"change-item-823-desc-help"[39m
    [33maria-invalid[39m=[32m"false"[39m
    [33maria-label[39m=[32m"Description for change item 824"[39m
    [33mclass[39m=[32m"MuiInputBase-input MuiOutlinedInput-input css-w4nesw-MuiInputBase-input-MuiOutlinedInput-input"[39m
    [33mid[39m=[32m"_r_2ji_"[39m
    [33mmaxlength[39m=[32m"500"[39m
    [33mrequired[39m=[32m""[39m
    [33mrows[39m=[32m"3"[39m
    [33mstyle[39m=[32m"height: 0px; overflow: hidden;"[39m
  [36m/>[39m

  Name "Jira number for change item 825":
  [36m<input[39m
    [33maria-describedby[39m=[32m"change-item-824-jira-help"[39m
    [33maria-invalid[39m=[32m"false"[39m
    [33maria-label[39m=[32m"Jira number for change item 825"[39m
    [33mclass[39m=[32m"MuiInputBase-input MuiOutlinedInput-input css-16wblaj-MuiInputBase-input-MuiOutlinedInput-input"[39m
    [33mid[39m=[32m"_r_2jk_"[39m
    [33mmaxlength[39m=[32m"50"[39m
    [33mrequired[39m=[32m""[39m
    [33mtype[39m=[32m"text"[39m
    [33mvalue[39m=[32m"JIRA-0825"[39m
  [36m/>[39m

  Name "Description for change item 825":
  [36m<textarea[39m
    [33maria-describedby[39m=[32m"change-item-824-desc-help"[39m
    [33maria-invalid[39m=[32m"false"[39m
    [33maria-label[39m=[32m"Description for change item 825"[39m
    [33mclass[39m=[32m"MuiInputBase-input MuiOutlinedInput-input css-w4nesw-MuiInputBase-input-MuiOutlinedInput-input"[39m
    [33mid[39m=[32m"_r_2jl_"[39m
    [33mmaxlength[39m=[32m"500"[39m
    [33mrequired[39m=[32m""[39m
    [33mrows[39m=[32m"3"[39m
    [33mstyle[39m=[32m"height: 0px; overflow: hidden;"[39m
  [36m/>[39m

  Name "Jira number for change item 826":
  [36m<input[39m
    [33maria-describedby[39m=[32m"change-item-825-jira-help"[39m
    [33maria-invalid[39m=[32m"false"[39m
    [33maria-label[39m=[32m"Jira number for change item 826"[39m
    [33mclass[39m=[32m"MuiInputBase-input MuiOutlinedInput-input css-16wblaj-MuiInputBase-input-MuiOutlinedInput-input"[39m
    [33mid[39m=[32m"_r_2jn_"[39m
    [33mmaxlength[39m=[32m"50"[39m
    [33mrequired[39m=[32m""[39m
    [33mtype[39m=[32m"text"[39m
    [33mvalue[39m=[32m"JIRA-0826"[39m
  [36m/>[39m

  Name "Description for change item 826":
  [36m<textarea[39m
    [33maria-describedby[39m=[32m"change-item-825-desc-help"[39m
    [33maria-invalid[39m=[32m"false"[39m
    [33maria-label[39m=[32m"Description for change item 826"[39m
    [33mclass[39m=[32m"MuiInputBase-input MuiOutlinedInput-input css-w4nesw-MuiInputBase-input-MuiOutlinedInput-input"[39m
    [33mid[39m=[32m"_r_2jo_"[39m
    [33mmaxlength[39m=[32m"500"[39m
    [33mrequired[39m=[32m""[39m
    [33mrows[39m=[32m"3"[39m
    [33mstyle[39m=[32m"height: 0px; overflow: hidden;"[39m
  [36m/>[39m

  Name "Jira number for change item 827":
  [36m<input[39m
    [33maria-describedby[39m=[32m"change-item-826-jira-help"[39m
    [33maria-invalid[39m=[32m"false"[39m
    [33maria-label[39m=[32m"Jira number for change item 827"[39m
    [33mclass[39m=[32m"MuiInputBase-input MuiOutlinedInput-input css-16wblaj-MuiInputBase-input-MuiOutlinedInput-input"[39m
    [33mid[39m=[32m"_r_2jq_"[39m
    [33mmaxlength[39m=[32m"50"[39m
    [33mrequired[39m=[32m""[39m
    [33mtype[39m=[32m"text"[39m
    [33mvalue[39m=[32m"JIRA-0827"[39m
  [36m/>[39m

  Name "Description for change item 827":
  [36m<textarea[39m
    [33maria-describedby[39m=[32m"change-item-826-desc-help"[39m
    [33maria-invalid[39m=[32m"false"[39m
    [33maria-label[39m=[32m"Description for change item 827"[39m
    [33mclass[39m=[32m"MuiInputBase-input MuiOutlinedInput-input css-w4nesw-MuiInputBase-input-MuiOutlinedInput-input"[39m
    [33mid[39m=[32m"_r_2jr_"[39m
    [33mmaxlength[39m=[32m"500"[39m
    [33mrequired[39m=[32m""[39m
    [33mrows[39m=[32m"3"[39m
    [33mstyle[39m=[32m"height: 0px; overflow: hidden;"[39m
  [36m/>[39m

  Name "Jira number for change item 828":
  [36m<input[39m
    [33maria-describedby[39m=[32m"change-item-827-jira-help"[39m
    [33maria-invalid[39m=[32m"false"[39m
    [33maria-label[39m=[32m"Jira number for change item 828"[39m
    [33mclass[39m=[32m"MuiInputBase-input MuiOutlinedInput-input css-16wblaj-MuiInputBase-input-MuiOutlinedInput-input"[39m
    [33mid[39m=[32m"_r_2jt_"[39m
    [33mmaxlength[39m=[32m"50"[39m
    [33mrequired[39m=[32m""[39m
    [33mtype[39m=[32m"text"[39m
    [33mvalue[39m=[32m"JIRA-0828"[39m
  [36m/>[39m

  Name "Description for change item 828":
  [36m<textarea[39m
    [33maria-describedby[39m=[32m"change-item-827-desc-help"[39m
    [33maria-invalid[39m=[32m"false"[39m
    [33maria-label[39m=[32m"Description for change item 828"[39m
    [33mclass[39m=[32m"MuiInputBase-input MuiOutlinedInput-input css-w4nesw-MuiInputBase-input-MuiOutlinedInput-input"[39m
    [33mid[39m=[32m"_r_2ju_"[39m
    [33mmaxlength[39m=[32m"500"[39m
    [33mrequired[39m=[32m""[39m
    [33mrows[39m=[32m"3"[39m
    [33mstyle[39m=[32m"height: 0px; overflow: hidden;"[39m
  [36m/>[39m

  Name "Jira number for change item 829":
  [36m<input[39m
    [33maria-describedby[39m=[32m"change-item-828-jira-help"[39m
    [33maria-invalid[39m=[32m"false"[39m
    [33maria-label[39m=[32m"Jira number for change item 829"[39m
    [33mclass[39m=[32m"MuiInputBase-input MuiOutlinedInput-input css-16wblaj-MuiInputBase-input-MuiOutlinedInput-input"[39m
    [33mid[39m=[32m"_r_2k0_"[39m
    [33mmaxlength[39m=[32m"50"[39m
    [33mrequired[39m=[32m""[39m
    [33mtype[39m=[32m"text"[39m
    [33mvalue[39m=[32m"JIRA-0829"[39m
  [36m/>[39m

  Name "Description for change item 829":
  [36m<textarea[39m
    [33maria-describedby[39m=[32m"change-item-828-desc-help"[39m
    [33maria-invalid[39m=[32m"false"[39m
    [33maria-label[39m=[32m"Description for change item 829"[39m
    [33mclass[39m=[32m"MuiInputBase-input MuiOutlinedInput-input css-w4nesw-MuiInputBase-input-MuiOutlinedInput-input"[39m
    [33mid[39m=[32m"_r_2k1_"[39m
    [33mmaxlength[39m=[32m"500"[39m
    [33mrequired[39m=[32m""[39m
    [33mrows[39m=[32m"3"[39m
    [33mstyle[39m=[32m"height: 0px; overflow: hidden;"[39m
  [36m/>[39m

  Name "Jira number for change item 830":
  [36m<input[39m
    [33maria-describedby[39m=[32m"change-item-829-jira-help"[39m
    [33maria-invalid[39m=[32m"false"[39m
    [33maria-label[39m=[32m"Jira number for change item 830"[39m
    [33mclass[39m=[32m"MuiInputBase-input MuiOutlinedInput-input css-16wblaj-MuiInputBase-input-MuiOutlinedInput-input"[39m
    [33mid[39m=[32m"_r_2k3_"[39m
    [33mmaxlength[39m=[32m"50"[39m
    [33mrequired[39m=[32m""[39m
    [33mtype[39m=[32m"text"[39m
    [33mvalue[39m=[32m"JIRA-0830"[39m
  [36m/>[39m

  Name "Description for change item 830":
  [36m<textarea[39m
    [33maria-describedby[39m=[32m"change-item-829-desc-help"[39m
    [33maria-invalid[39m=[32m"false"[39m
    [33maria-label[39m=[32m"Description for change item 830"[39m
    [33mclass[39m=[32m"MuiInputBase-input MuiOutlinedInput-input css-w4nesw-MuiInputBase-input-MuiOutlinedInput-input"[39m
    [33mid[39m=[32m"_r_2k4_"[39m
    [33mmaxlength[39m=[32m"500"[39m
    [33mrequired[39m=[32m""[39m
    [33mrows[39m=[32m"3"[39m
    [33mstyle[39m=[32m"height: 0px; overflow: hidden;"[39m
  [36m/>[39m

  Name "Jira number for change item 831":
  [36m<input[39m
    [33maria-describedby[39m=[32m"change-item-830-jira-help"[39m
    [33maria-invalid[39m=[32m"false"[39m
    [33maria-label[39m=[32m"Jira number for change item 831"[39m
    [33mclass[39m=[32m"MuiInputBase-input MuiOutlinedInput-input css-16wblaj-MuiInputBase-input-MuiOutlinedInput-input"[39m
    [33mid[39m=[32m"_r_2k6_"[39m
    [33mmaxlength[39m=[32m"50"[39m
    [33mrequired[39m=[32m""[39m
    [33mtype[39m=[32m"text"[39m
    [33mvalue[39m=[32m"JIRA-0831"[39m
  [36m/>[39m

  Name "Description for change item 831":
  [36m<textarea[39m
    [33maria-describedby[39m=[32m"change-item-830-desc-help"[39m
    [33maria-invalid[39m=[32m"false"[39m
    [33maria-label[39m=[32m"Description for change item 831"[39m
    [33mclass[39m=[32m"MuiInputBase-input MuiOutlinedInput-input css-w4nesw-MuiInputBase-input-MuiOutlinedInput-input"[39m
    [33mid[39m=[32m"_r_2k7_"[39m
    [33mmaxlength[39m=[32m"500"[39m
    [33mrequired[39m=[32m""[39m
    [33mrows[39m=[32m"3"[39m
    [33mstyle[39m=[32m"height: 0px; overflow: hidden;"[39m
  [36m/>[39m

  Name "Jira number for change item 832":
  [36m<input[39m
    [33maria-describedby[39m=[32m"change-item-831-jira-help"[39m
    [33maria-invalid[39m=[32m"false"[39m
    [33maria-label[39m=[32m"Jira number for change item 832"[39m
    [33mclass[39m=[32m"MuiInputBase-input MuiOutlinedInput-input css-16wblaj-MuiInputBase-input-MuiOutlinedInput-input"[39m
    [33mid[39m=[32m"_r_2k9_"[39m
    [33mmaxlength[39m=[32m"50"[39m
    [33mrequired[39m=[32m""[39m
    [33mtype[39m=[32m"text"[39m
    [33mvalue[39m=[32m"JIRA-0832"[39m
  [36m/>[39m

  Name "Description for change item 832":
  [36m<textarea[39m
    [33maria-describedby[39m=[32m"change-item-831-desc-help"[39m
    [33maria-invalid[39m=[32m"false"[39m
    [33maria-label[39m=[32m"Description for change item 832"[39m
    [33mclass[39m=[32m"MuiInputBase-input MuiOutlinedInput-input css-w4nesw-MuiInputBase-input-MuiOutlinedInput-input"[39m
    [33mid[39m=[32m"_r_2ka_"[39m
    [33mmaxlength[39m=[32m"500"[39m
    [33mrequired[39m=[32m""[39m
    [33mrows[39m=[32m"3"[39m
    [33mstyle[39m=[32m"height: 0px; overflow: hidden;"[39m
  [36m/>[39m

  Name "Jira number for change item 833":
  [36m<input[39m
    [33maria-describedby[39m=[32m"change-item-832-jira-help"[39m
    [33maria-invalid[39m=[32m"false"[39m
    [33maria-label[39m=[32m"Jira number for change item 833"[39m
    [33mclass[39m=[32m"MuiInputBase-input MuiOutlinedInput-input css-16wblaj-MuiInputBase-input-MuiOutlinedInput-input"[39m
    [33mid[39m=[32m"_r_2kc_"[39m
    [33mmaxlength[39m=[32m"50"[39m
    [33mrequired[39m=[32m""[39m
    [33mtype[39m=[32m"text"[39m
    [33mvalue[39m=[32m"JIRA-0833"[39m
  [36m/>[39m

  Name "Description for change item 833":
  [36m<textarea[39m
    [33maria-describedby[39m=[32m"change-item-832-desc-help"[39m
    [33maria-invalid[39m=[32m"false"[39m
    [33maria-label[39m=[32m"Description for change item 833"[39m
    [33mclass[39m=[32m"MuiInputBase-input MuiOutlinedInput-input css-w4nesw-MuiInputBase-input-MuiOutlinedInput-input"[39m
    [33mid[39m=[32m"_r_2kd_"[39m
    [33mmaxlength[39m=[32m"500"[39m
    [33mrequired[39m=[32m""[39m
    [33mrows[39m=[32m"3"[39m
    [33mstyle[39m=[32m"height: 0px; overflow: hidden;"[39m
  [36m/>[39m

  Name "Jira number for change item 834":
  [36m<input[39m
    [33maria-describedby[39m=[32m"change-item-833-jira-help"[39m
    [33maria-invalid[39m=[32m"false"[39m
    [33maria-label[39m=[32m"Jira number for change item 834"[39m
    [33mclass[39m=[32m"MuiInputBase-input MuiOutlinedInput-input css-16wblaj-MuiInputBase-input-MuiOutlinedInput-input"[39m
    [33mid[39m=[32m"_r_2kf_"[39m
    [33mmaxlength[39m=[32m"50"[39m
    [33mrequired[39m=[32m""[39m
    [33mtype[39m=[32m"text"[39m
    [33mvalue[39m=[32m"JIRA-0834"[39m
  [36m/>[39m

  Name "Description for change item 834":
  [36m<textarea[39m
    [33maria-describedby[39m=[32m"change-item-833-desc-help"[39m
    [33maria-invalid[39m=[32m"false"[39m
    [33maria-label[39m=[32m"Description for change item 834"[39m
    [33mclass[39m=[32m"MuiInputBase-input MuiOutlinedInput-input css-w4nesw-MuiInputBase-input-MuiOutlinedInput-input"[39m
    [33mid[39m=[32m"_r_2kg_"[39m
    [33mmaxlength[39m=[32m"500"[39m
    [33mrequired[39m=[32m""[39m
    [33mrows[39m=[32m"3"[39m
    [33mstyle[39m=[32m"height: 0px; overflow: hidden;"[39m
  [36m/>[39m

  Name "Jira number for change item 835":
  [36m<input[39m
    [33maria-describedby[39m=[32m"change-item-834-jira-help"[39m
    [33maria-invalid[39m=[32m"false"[39m
    [33maria-label[39m=[32m"Jira number for change item 835"[39m
    [33mclass[39m=[32m"MuiInputBase-input MuiOutlinedInput-input css-16wblaj-MuiInputBase-input-MuiOutlinedInput-input"[39m
    [33mid[39m=[32m"_r_2ki_"[39m
    [33mmaxlength[39m=[32m"50"[39m
    [33mrequired[39m=[32m""[39m
    [33mtype[39m=[32m"text"[39m
    [33mvalue[39m=[32m"JIRA-0835"[39m
  [36m/>[39m

  Name "Description for change item 835":
  [36m<textarea[39m
    [33maria-describedby[39m=[32m"change-item-834-desc-help"[39m
    [33maria-invalid[39m=[32m"false"[39m
    [33maria-label[39m=[32m"Description for change item 835"[39m
    [33mclass[39m=[32m"MuiInputBase-input MuiOutlinedInput-input css-w4nesw-MuiInputBase-input-MuiOutlinedInput-input"[39m
    [33mid[39m=[32m"_r_2kj_"[39m
    [33mmaxlength[39m=[32m"500"[39m
    [33mrequired[39m=[32m""[39m
    [33mrows[39m=[32m"3"[39m
    [33mstyle[39m=[32m"height: 0px; overflow: hidden;"[39m
  [36m/>[39m

  Name "Jira number for change item 836":
  [36m<input[39m
    [33maria-describedby[39m=[32m"change-item-835-jira-help"[39m
    [33maria-invalid[39m=[32m"false"[39m
    [33maria-label[39m=[32m"Jira number for change item 836"[39m
    [33mclass[39m=[32m"MuiInputBase-input MuiOutlinedInput-input css-16wblaj-MuiInputBase-input-MuiOutlinedInput-input"[39m
    [33mid[39m=[32m"_r_2kl_"[39m
    [33mmaxlength[39m=[32m"50"[39m
    [33mrequired[39m=[32m""[39m
    [33mtype[39m=[32m"text"[39m
    [33mvalue[39m=[32m"JIRA-0836"[39m
  [36m/>[39m

  Name "Description for change item 836":
  [36m<textarea[39m
    [33maria-describedby[39m=[32m"change-item-835-desc-help"[39m
    [33maria-invalid[39m=[32m"false"[39m
    [33maria-label[39m=[32m"Description for change item 836"[39m
    [33mclass[39m=[32m"MuiInputBase-input MuiOutlinedInput-input css-w4nesw-MuiInputBase-input-MuiOutlinedInput-input"[39m
    [33mid[39m=[32m"_r_2km_"[39m
    [33mmaxlength[39m=[32m"500"[39m
    [33mrequired[39m=[32m""[39m
    [33mrows[39m=[32m"3"[39m
    [33mstyle[39m=[32m"height: 0px; overflow: hidden;"[39m
  [36m/>[39m

  Name "Jira number for change item 837":
  [36m<input[39m
    [33maria-describedby[39m=[32m"change-item-836-jira-help"[39m
    [33maria-invalid[39m=[32m"false"[39m
    [33maria-label[39m=[32m"Jira number for change item 837"[39m
    [33mclass[39m=[32m"MuiInputBase-input MuiOutlinedInput-input css-16wblaj-MuiInputBase-input-MuiOutlinedInput-input"[39m
    [33mid[39m=[32m"_r_2ko_"[39m
    [33mmaxlength[39m=[32m"50"[39m
    [33mrequired[39m=[32m""[39m
    [33mtype[39m=[32m"text"[39m
    [33mvalue[39m=[32m"JIRA-0837"[39m
  [36m/>[39m

  Name "Description for change item 837":
  [36m<textarea[39m
    [33maria-describedby[39m=[32m"change-item-836-desc-help"[39m
    [33maria-invalid[39m=[32m"false"[39m
    [33maria-label[39m=[32m"Description for change item 837"[39m
    [33mclass[39m=[32m"MuiInputBase-input MuiOutlinedInput-input css-w4nesw-MuiInputBase-input-MuiOutlinedInput-input"[39m
    [33mid[39m=[32m"_r_2kp_"[39m
    [33mmaxlength[39m=[32m"500"[39m
    [33mrequired[39m=[32m""[39m
    [33mrows[39m=[32m"3"[39m
    [33mstyle[39m=[32m"height: 0px; overflow: hidden;"[39m
  [36m/>[39m

  Name "Jira number for change item 838":
  [36m<input[39m
    [33maria-describedby[39m=[32m"change-item-837-jira-help"[39m
    [33maria-invalid[39m=[32m"false"[39m
    [33maria-label[39m=[32m"Jira number for change item 838"[39m
    [33mclass[39m=[32m"MuiInputBase-input MuiOutlinedInput-input css-16wblaj-MuiInputBase-input-MuiOutlinedInput-input"[39m
    [33mid[39m=[32m"_r_2kr_"[39m
    [33mmaxlength[39m=[32m"50"[39m
    [33mrequired[39m=[32m""[39m
    [33mtype[39m=[32m"text"[39m
    [33mvalue[39m=[32m"JIRA-0838"[39m
  [36m/>[39m

  Name "Description for change item 838":
  [36m<textarea[39m
    [33maria-describedby[39m=[32m"change-item-837-desc-help"[39m
    [33maria-invalid[39m=[32m"false"[39m
    [33maria-label[39m=[32m"Description for change item 838"[39m
    [33mclass[39m=[32m"MuiInputBase-input MuiOutlinedInput-input css-w4nesw-MuiInputBase-input-MuiOutlinedInput-input"[39m
    [33mid[39m=[32m"_r_2ks_"[39m
    [33mmaxlength[39m=[32m"500"[39m
    [33mrequired[39m=[32m""[39m
    [33mrows[39m=[32m"3"[39m
    [33mstyle[39m=[32m"height: 0px; overflow: hidden;"[39m
  [36m/>[39m

  Name "Jira number for change item 839":
  [36m<input[39m
    [33maria-describedby[39m=[32m"change-item-838-jira-help"[39m
    [33maria-invalid[39m=[32m"false"[39m
    [33maria-label[39m=[32m"Jira number for change item 839"[39m
    [33mclass[39m=[32m"MuiInputBase-input MuiOutlinedInput-input css-16wblaj-MuiInputBase-input-MuiOutlinedInput-input"[39m
    [33mid[39m=[32m"_r_2ku_"[39m
    [33mmaxlength[39m=[32m"50"[39m
    [33mrequired[39m=[32m""[39m
    [33mtype[39m=[32m"text"[39m
    [33mvalue[39m=[32m"JIRA-0839"[39m
  [36m/>[39m

  Name "Description for change item 839":
  [36m<textarea[39m
    [33maria-describedby[39m=[32m"change-item-838-desc-help"[39m
    [33maria-invalid[39m=[32m"false"[39m
    [33maria-label[39m=[32m"Description for change item 839"[39m
    [33mclass[39m=[32m"MuiInputBase-input MuiOutlinedInput-input css-w4nesw-MuiInputBase-input-MuiOutlinedInput-input"[39m
    [33mid[39m=[32m"_r_2kv_"[39m
    [33mmaxlength[39m=[32m"500"[39m
    [33mrequired[39m=[32m""[39m
    [33mrows[39m=[32m"3"[39m
    [33mstyle[39m=[32m"height: 0px; overflow: hidden;"[39m
  [36m/>[39m

  Name "Jira number for change item 840":
  [36m<input[39m
    [33maria-describedby[39m=[32m"change-item-839-jira-help"[39m
    [33maria-invalid[39m=[32m"false"[39m
    [33maria-label[39m=[32m"Jira number for change item 840"[39m
    [33mclass[39m=[32m"MuiInputBase-input MuiOutlinedInput-input css-16wblaj-MuiInputBase-input-MuiOutlinedInput-input"[39m
    [33mid[39m=[32m"_r_2l1_"[39m
    [33mmaxlength[39m=[32m"50"[39m
    [33mrequired[39m=[32m""[39m
    [33mtype[39m=[32m"text"[39m
    [33mvalue[39m=[32m"JIRA-0840"[39m
  [36m/>[39m

  Name "Description for change item 840":
  [36m<textarea[39m
    [33maria-describedby[39m=[32m"change-item-839-desc-help"[39m
    [33maria-invalid[39m=[32m"false"[39m
    [33maria-label[39m=[32m"Description for change item 840"[39m
    [33mclass[39m=[32m"MuiInputBase-input MuiOutlinedInput-input css-w4nesw-MuiInputBase-input-MuiOutlinedInput-input"[39m
    [33mid[39m=[32m"_r_2l2_"[39m
    [33mmaxlength[39m=[32m"500"[39m
    [33mrequired[39m=[32m""[39m
    [33mrows[39m=[32m"3"[39m
    [33mstyle[39m=[32m"height: 0px; overflow: hidden;"[39m
  [36m/>[39m

  Name "Jira number for change item 841":
  [36m<input[39m
    [33maria-describedby[39m=[32m"change-item-840-jira-help"[39m
    [33maria-invalid[39m=[32m"false"[39m
    [33maria-label[39m=[32m"Jira number for change item 841"[39m
    [33mclass[39m=[32m"MuiInputBase-input MuiOutlinedInput-input css-16wblaj-MuiInputBase-input-MuiOutlinedInput-input"[39m
    [33mid[39m=[32m"_r_2l4_"[39m
    [33mmaxlength[39m=[32m"50"[39m
    [33mrequired[39m=[32m""[39m
    [33mtype[39m=[32m"text"[39m
    [33mvalue[39m=[32m"JIRA-0841"[39m
  [36m/>[39m

  Name "Description for change item 841":
  [36m<textarea[39m
    [33maria-describedby[39m=[32m"change-item-840-desc-help"[39m
    [33maria-invalid[39m=[32m"false"[39m
    [33maria-label[39m=[32m"Description for change item 841"[39m
    [33mclass[39m=[32m"MuiInputBase-input MuiOutlinedInput-input css-w4nesw-MuiInputBase-input-MuiOutlinedInput-input"[39m
    [33mid[39m=[32m"_r_2l5_"[39m
    [33mmaxlength[39m=[32m"500"[39m
    [33mrequired[39m=[32m""[39m
    [33mrows[39m=[32m"3"[39m
    [33mstyle[39m=[32m"height: 0px; overflow: hidden;"[39m
  [36m/>[39m

  Name "Jira number for change item 842":
  [36m<input[39m
    [33maria-describedby[39m=[32m"change-item-841-jira-help"[39m
    [33maria-invalid[39m=[32m"false"[39m
    [33maria-label[39m=[32m"Jira number for change item 842"[39m
    [33mclass[39m=[32m"MuiInputBase-input MuiOutlinedInput-input css-16wblaj-MuiInputBase-input-MuiOutlinedInput-input"[39m
    [33mid[39m=[32m"_r_2l7_"[39m
    [33mmaxlength[39m=[32m"50"[39m
    [33mrequired[39m=[32m""[39m
    [33mtype[39m=[32m"text"[39m
    [33mvalue[39m=[32m"JIRA-0842"[39m
  [36m/>[39m

  Name "Description for change item 842":
  [36m<textarea[39m
    [33maria-describedby[39m=[32m"change-item-841-desc-help"[39m
    [33maria-invalid[39m=[32m"false"[39m
    [33maria-label[39m=[32m"Description for change item 842"[39m
    [33mclass[39m=[32m"MuiInputBase-input MuiOutlinedInput-input css-w4nesw-MuiInputBase-input-MuiOutlinedInput-input"[39m
    [33mid[39m=[32m"_r_2l8_"[39m
    [33mmaxlength[39m=[32m"500"[39m
    [33mrequired[39m=[32m""[39m
    [33mrows[39m=[32m"3"[39m
    [33mstyle[39m=[32m"height: 0px; overflow: hidden;"[39m
  [36m/>[39m

  Name "Jira number for change item 843":
  [36m<input[39m
    [33maria-describedby[39m=[32m"change-item-842-jira-help"[39m
    [33maria-invalid[39m=[32m"false"[39m
    [33maria-label[39m=[32m"Jira number for change item 843"[39m
    [33mclass[39m=[32m"MuiInputBase-input MuiOutlinedInput-input css-16wblaj-MuiInputBase-input-MuiOutlinedInput-input"[39m
    [33mid[39m=[32m"_r_2la_"[39m
    [33mmaxlength[39m=[32m"50"[39m
    [33mrequired[39m=[32m""[39m
    [33mtype[39m=[32m"text"[39m
    [33mvalue[39m=[32m"JIRA-0843"[39m
  [36m/>[39m

  Name "Description for change item 843":
  [36m<textarea[39m
    [33maria-describedby[39m=[32m"change-item-842-desc-help"[39m
    [33maria-invalid[39m=[32m"false"[39m
    [33maria-label[39m=[32m"Description for change item 843"[39m
    [33mclass[39m=[32m"MuiInputBase-input MuiOutlinedInput-input css-w4nesw-MuiInputBase-input-MuiOutlinedInput-input"[39m
    [33mid[39m=[32m"_r_2lb_"[39m
    [33mmaxlength[39m=[32m"500"[39m
    [33mrequired[39m=[32m""[39m
    [33mrows[39m=[32m"3"[39m
    [33mstyle[39m=[32m"height: 0px; overflow: hidden;"[39m
  [36m/>[39m

  Name "Jira number for change item 844":
  [36m<input[39m
    [33maria-describedby[39m=[32m"change-item-843-jira-help"[39m
    [33maria-invalid[39m=[32m"false"[39m
    [33maria-label[39m=[32m"Jira number for change item 844"[39m
    [33mclass[39m=[32m"MuiInputBase-input MuiOutlinedInput-input css-16wblaj-MuiInputBase-input-MuiOutlinedInput-input"[39m
    [33mid[39m=[32m"_r_2ld_"[39m
    [33mmaxlength[39m=[32m"50"[39m
    [33mrequired[39m=[32m""[39m
    [33mtype[39m=[32m"text"[39m
    [33mvalue[39m=[32m"JIRA-0844"[39m
  [36m/>[39m

  Name "Description for change item 844":
  [36m<textarea[39m
    [33maria-describedby[39m=[32m"change-item-843-desc-help"[39m
    [33maria-invalid[39m=[32m"false"[39m
    [33maria-label[39m=[32m"Description for change item 844"[39m
    [33mclass[39m=[32m"MuiInputBase-input MuiOutlinedInput-input css-w4nesw-MuiInputBase-input-MuiOutlinedInput-input"[39m
    [33mid[39m=[32m"_r_2le_"[39m
    [33mmaxlength[39m=[32m"500"[39m
    [33mrequired[39m=[32m""[39m
    [33mrows[39m=[32m"3"[39m
    [33mstyle[39m=[32m"height: 0px; overflow: hidden;"[39m
  [36m/>[39m

  Name "Jira number for change item 845":
  [36m<input[39m
    [33maria-describedby[39m=[32m"change-item-844-jira-help"[39m
    [33maria-invalid[39m=[32m"false"[39m
    [33maria-label[39m=[32m"Jira number for change item 845"[39m
    [33mclass[39m=[32m"MuiInputBase-input MuiOutlinedInput-input css-16wblaj-MuiInputBase-input-MuiOutlinedInput-input"[39m
    [33mid[39m=[32m"_r_2lg_"[39m
    [33mmaxlength[39m=[32m"50"[39m
    [33mrequired[39m=[32m""[39m
    [33mtype[39m=[32m"text"[39m
    [33mvalue[39m=[32m"JIRA-0845"[39m
  [36m/>[39m

  Name "Description for change item 845":
  [36m<textarea[39m
    [33maria-describedby[39m=[32m"change-item-844-desc-help"[39m
    [33maria-invalid[39m=[32m"false"[39m
    [33maria-label[39m=[32m"Description for change item 845"[39m
    [33mclass[39m=[32m"MuiInputBase-input MuiOutlinedInput-input css-w4nesw-MuiInputBase-input-MuiOutlinedInput-input"[39m
    [33mid[39m=[32m"_r_2lh_"[39m
    [33mmaxlength[39m=[32m"500"[39m
    [33mrequired[39m=[32m""[39m
    [33mrows[39m=[32m"3"[39m
    [33mstyle[39m=[32m"height: 0px; overflow: hidden;"[39m
  [36m/>[39m

  Name "Jira number for change item 846":
  [36m<input[39m
    [33maria-describedby[39m=[32m"change-item-845-jira-help"[39m
    [33maria-invalid[39m=[32m"false"[39m
    [33maria-label[39m=[32m"Jira number for change item 846"[39m
    [33mclass[39m=[32m"MuiInputBase-input MuiOutlinedInput-input css-16wblaj-MuiInputBase-input-MuiOutlinedInput-input"[39m
    [33mid[39m=[32m"_r_2lj_"[39m
    [33mmaxlength[39m=[32m"50"[39m
    [33mrequired[39m=[32m""[39m
    [33mtype[39m=[32m"text"[39m
    [33mvalue[39m=[32m"JIRA-0846"[39m
  [36m/>[39m

  Name "Description for change item 846":
  [36m<textarea[39m
    [33maria-describedby[39m=[32m"change-item-845-desc-help"[39m
    [33maria-invalid[39m=[32m"false"[39m
    [33maria-label[39m=[32m"Description for change item 846"[39m
    [33mclass[39m=[32m"MuiInputBase-input MuiOutlinedInput-input css-w4nesw-MuiInputBase-input-MuiOutlinedInput-input"[39m
    [33mid[39m=[32m"_r_2lk_"[39m
    [33mmaxlength[39m=[32m"500"[39m
    [33mrequired[39m=[32m""[39m
    [33mrows[39m=[32m"3"[39m
    [33mstyle[39m=[32m"height: 0px; overflow: hidden;"[39m
  [36m/>[39m

  Name "Jira number for change item 847":
  [36m<input[39m
    [33maria-describedby[39m=[32m"change-item-846-jira-help"[39m
    [33maria-invalid[39m=[32m"false"[39m
    [33maria-label[39m=[32m"Jira number for change item 847"[39m
    [33mclass[39m=[32m"MuiInputBase-input MuiOutlinedInput-input css-16wblaj-MuiInputBase-input-MuiOutlinedInput-input"[39m
    [33mid[39m=[32m"_r_2lm_"[39m
    [33mmaxlength[39m=[32m"50"[39m
    [33mrequired[39m=[32m""[39m
    [33mtype[39m=[32m"text"[39m
    [33mvalue[39m=[32m"JIRA-0847"[39m
  [36m/>[39m

  Name "Description for change item 847":
  [36m<textarea[39m
    [33maria-describedby[39m=[32m"change-item-846-desc-help"[39m
    [33maria-invalid[39m=[32m"false"[39m
    [33maria-label[39m=[32m"Description for change item 847"[39m
    [33mclass[39m=[32m"MuiInputBase-input MuiOutlinedInput-input css-w4nesw-MuiInputBase-input-MuiOutlinedInput-input"[39m
    [33mid[39m=[32m"_r_2ln_"[39m
    [33mmaxlength[39m=[32m"500"[39m
    [33mrequired[39m=[32m""[39m
    [33mrows[39m=[32m"3"[39m
    [33mstyle[39m=[32m"height: 0px; overflow: hidden;"[39m
  [36m/>[39m

  Name "Jira number for change item 848":
  [36m<input[39m
    [33maria-describedby[39m=[32m"change-item-847-jira-help"[39m
    [33maria-invalid[39m=[32m"false"[39m
    [33maria-label[39m=[32m"Jira number for change item 848"[39m
    [33mclass[39m=[32m"MuiInputBase-input MuiOutlinedInput-input css-16wblaj-MuiInputBase-input-MuiOutlinedInput-input"[39m
    [33mid[39m=[32m"_r_2lp_"[39m
    [33mmaxlength[39m=[32m"50"[39m
    [33mrequired[39m=[32m""[39m
    [33mtype[39m=[32m"text"[39m
    [33mvalue[39m=[32m"JIRA-0848"[39m
  [36m/>[39m

  Name "Description for change item 848":
  [36m<textarea[39m
    [33maria-describedby[39m=[32m"change-item-847-desc-help"[39m
    [33maria-invalid[39m=[32m"false"[39m
    [33maria-label[39m=[32m"Description for change item 848"[39m
    [33mclass[39m=[32m"MuiInputBase-input MuiOutlinedInput-input css-w4nesw-MuiInputBase-input-MuiOutlinedInput-input"[39m
    [33mid[39m=[32m"_r_2lq_"[39m
    [33mmaxlength[39m=[32m"500"[39m
    [33mrequired[39m=[32m""[39m
    [33mrows[39m=[32m"3"[39m
    [33mstyle[39m=[32m"height: 0px; overflow: hidden;"[39m
  [36m/>[39m

  Name "Jira number for change item 849":
  [36m<input[39m
    [33maria-describedby[39m=[32m"change-item-848-jira-help"[39m
    [33maria-invalid[39m=[32m"false"[39m
    [33maria-label[39m=[32m"Jira number for change item 849"[39m
    [33mclass[39m=[32m"MuiInputBase-input MuiOutlinedInput-input css-16wblaj-MuiInputBase-input-MuiOutlinedInput-input"[39m
    [33mid[39m=[32m"_r_2ls_"[39m
    [33mmaxlength[39m=[32m"50"[39m
    [33mrequired[39m=[32m""[39m
    [33mtype[39m=[32m"text"[39m
    [33mvalue[39m=[32m"JIRA-0849"[39m
  [36m/>[39m

  Name "Description for change item 849":
  [36m<textarea[39m
    [33maria-describedby[39m=[32m"change-item-848-desc-help"[39m
    [33maria-invalid[39m=[32m"false"[39m
    [33maria-label[39m=[32m"Description for change item 849"[39m
    [33mclass[39m=[32m"MuiInputBase-input MuiOutlinedInput-input css-w4nesw-MuiInputBase-input-MuiOutlinedInput-input"[39m
    [33mid[39m=[32m"_r_2lt_"[39m
    [33mmaxlength[39m=[32m"500"[39m
    [33mrequired[39m=[32m""[39m
    [33mrows[39m=[32m"3"[39m
    [33mstyle[39m=[32m"height: 0px; overflow: hidden;"[39m
  [36m/>[39m

  Name "Jira number for change item 850":
  [36m<input[39m
    [33maria-describedby[39m=[32m"change-item-849-jira-help"[39m
    [33maria-invalid[39m=[32m"false"[39m
    [33maria-label[39m=[32m"Jira number for change item 850"[39m
    [33mclass[39m=[32m"MuiInputBase-input MuiOutlinedInput-input css-16wblaj-MuiInputBase-input-MuiOutlinedInput-input"[39m
    [33mid[39m=[32m"_r_2lv_"[39m
    [33mmaxlength[39m=[32m"50"[39m
    [33mrequired[39m=[32m""[39m
    [33mtype[39m=[32m"text"[39m
    [33mvalue[39m=[32m"JIRA-0850"[39m
  [36m/>[39m

  Name "Description for change item 850":
  [36m<textarea[39m
    [33maria-describedby[39m=[32m"change-item-849-desc-help"[39m
    [33maria-invalid[39m=[32m"false"[39m
    [33maria-label[39m=[32m"Description for change item 850"[39m
    [33mclass[39m=[32m"MuiInputBase-input MuiOutlinedInput-input css-w4nesw-MuiInputBase-input-MuiOutlinedInput-input"[39m
    [33mid[39m=[32m"_r_2m0_"[39m
    [33mmaxlength[39m=[32m"500"[39m
    [33mrequired[39m=[32m""[39m
    [33mrows[39m=[32m"3"[39m
    [33mstyle[39m=[32m"height: 0px; overflow: hidden;"[39m
  [36m/>[39m

  Name "Jira number for change item 851":
  [36m<input[39m
    [33maria-describedby[39m=[32m"change-item-850-jira-help"[39m
    [33maria-invalid[39m=[32m"false"[39m
    [33maria-label[39m=[32m"Jira number for change item 851"[39m
    [33mclass[39m=[32m"MuiInputBase-input MuiOutlinedInput-input css-16wblaj-MuiInputBase-input-MuiOutlinedInput-input"[39m
    [33mid[39m=[32m"_r_2m2_"[39m
    [33mmaxlength[39m=[32m"50"[39m
    [33mrequired[39m=[32m""[39m
    [33mtype[39m=[32m"text"[39m
    [33mvalue[39m=[32m"JIRA-0851"[39m
  [36m/>[39m

  Name "Description for change item 851":
  [36m<textarea[39m
    [33maria-describedby[39m=[32m"change-item-850-desc-help"[39m
    [33maria-invalid[39m=[32m"false"[39m
    [33maria-label[39m=[32m"Description for change item 851"[39m
    [33mclass[39m=[32m"MuiInputBase-input MuiOutlinedInput-input css-w4nesw-MuiInputBase-input-MuiOutlinedInput-input"[39m
    [33mid[39m=[32m"_r_2m3_"[39m
    [33mmaxlength[39m=[32m"500"[39m
    [33mrequired[39m=[32m""[39m
    [33mrows[39m=[32m"3"[39m
    [33mstyle[39m=[32m"height: 0px; overflow: hidden;"[39m
  [36m/>[39m

  Name "Jira number for change item 852":
  [36m<input[39m
    [33maria-describedby[39m=[32m"change-item-851-jira-help"[39m
    [33maria-invalid[39m=[32m"false"[39m
    [33maria-label[39m=[32m"Jira number for change item 852"[39m
    [33mclass[39m=[32m"MuiInputBase-input MuiOutlinedInput-input css-16wblaj-MuiInputBase-input-MuiOutlinedInput-input"[39m
    [33mid[39m=[32m"_r_2m5_"[39m
    [33mmaxlength[39m=[32m"50"[39m
    [33mrequired[39m=[32m""[39m
    [33mtype[39m=[32m"text"[39m
    [33mvalue[39m=[32m"JIRA-0852"[39m
  [36m/>[39m

  Name "Description for change item 852":
  [36m<textarea[39m
    [33maria-describedby[39m=[32m"change-item-851-desc-help"[39m
    [33maria-invalid[39m=[32m"false"[39m
    [33maria-label[39m=[32m"Description for change item 852"[39m
    [33mclass[39m=[32m"MuiInputBase-input MuiOutlinedInput-input css-w4nesw-MuiInputBase-input-MuiOutlinedInput-input"[39m
    [33mid[39m=[32m"_r_2m6_"[39m
    [33mmaxlength[39m=[32m"500"[39m
    [33mrequired[39m=[32m""[39m
    [33mrows[39m=[32m"3"[39m
    [33mstyle[39m=[32m"height: 0px; overflow: hidden;"[39m
  [36m/>[39m

  Name "Jira number for change item 853":
  [36m<input[39m
    [33maria-describedby[39m=[32m"change-item-852-jira-help"[39m
    [33maria-invalid[39m=[32m"false"[39m
    [33maria-label[39m=[32m"Jira number for change item 853"[39m
    [33mclass[39m=[32m"MuiInputBase-input MuiOutlinedInput-input css-16wblaj-MuiInputBase-input-MuiOutlinedInput-input"[39m
    [33mid[39m=[32m"_r_2m8_"[39m
    [33mmaxlength[39m=[32m"50"[39m
    [33mrequired[39m=[32m""[39m
    [33mtype[39m=[32m"text"[39m
    [33mvalue[39m=[32m"JIRA-0853"[39m
  [36m/>[39m

  Name "Description for change item 853":
  [36m<textarea[39m
    [33maria-describedby[39m=[32m"change-item-852-desc-help"[39m
    [33maria-invalid[39m=[32m"false"[39m
    [33maria-label[39m=[32m"Description for change item 853"[39m
    [33mclass[39m=[32m"MuiInputBase-input MuiOutlinedInput-input css-w4nesw-MuiInputBase-input-MuiOutlinedInput-input"[39m
    [33mid[39m=[32m"_r_2m9_"[39m
    [33mmaxlength[39m=[32m"500"[39m
    [33mrequired[39m=[32m""[39m
    [33mrows[39m=[32m"3"[39m
    [33mstyle[39m=[32m"height: 0px; overflow: hidden;"[39m
  [36m/>[39m

  Name "Jira number for change item 854":
  [36m<input[39m
    [33maria-describedby[39m=[32m"change-item-853-jira-help"[39m
    [33maria-invalid[39m=[32m"false"[39m
    [33maria-label[39m=[32m"Jira number for change item 854"[39m
    [33mclass[39m=[32m"MuiInputBase-input MuiOutlinedInput-input css-16wblaj-MuiInputBase-input-MuiOutlinedInput-input"[39m
    [33mid[39m=[32m"_r_2mb_"[39m
    [33mmaxlength[39m=[32m"50"[39m
    [33mrequired[39m=[32m""[39m
    [33mtype[39m=[32m"text"[39m
    [33mvalue[39m=[32m"JIRA-0854"[39m
  [36m/>[39m

  Name "Description for change item 854":
  [36m<textarea[39m
    [33maria-describedby[39m=[32m"change-item-853-desc-help"[39m
    [33maria-invalid[39m=[32m"false"[39m
    [33maria-label[39m=[32m"Description for change item 854"[39m
    [33mclass[39m=[32m"MuiInputBase-input MuiOutlinedInput-input css-w4nesw-MuiInputBase-input-MuiOutlinedInput-input"[39m
    [33mid[39m=[32m"_r_2mc_"[39m
    [33mmaxlength[39m=[32m"500"[39m
    [33mrequired[39m=[32m""[39m
    [33mrows[39m=[32m"3"[39m
    [33mstyle[39m=[32m"height: 0px; overflow: hidden;"[39m
  [36m/>[39m

  Name "Jira number for change item 855":
  [36m<input[39m
    [33maria-describedby[39m=[32m"change-item-854-jira-help"[39m
    [33maria-invalid[39m=[32m"false"[39m
    [33maria-label[39m=[32m"Jira number for change item 855"[39m
    [33mclass[39m=[32m"MuiInputBase-input MuiOutlinedInput-input css-16wblaj-MuiInputBase-input-MuiOutlinedInput-input"[39m
    [33mid[39m=[32m"_r_2me_"[39m
    [33mmaxlength[39m=[32m"50"[39m
    [33mrequired[39m=[32m""[39m
    [33mtype[39m=[32m"text"[39m
    [33mvalue[39m=[32m"JIRA-0855"[39m
  [36m/>[39m

  Name "Description for change item 855":
  [36m<textarea[39m
    [33maria-describedby[39m=[32m"change-item-854-desc-help"[39m
    [33maria-invalid[39m=[32m"false"[39m
    [33maria-label[39m=[32m"Description for change item 855"[39m
    [33mclass[39m=[32m"MuiInputBase-input MuiOutlinedInput-input css-w4nesw-MuiInputBase-input-MuiOutlinedInput-input"[39m
    [33mid[39m=[32m"_r_2mf_"[39m
    [33mmaxlength[39m=[32m"500"[39m
    [33mrequired[39m=[32m""[39m
    [33mrows[39m=[32m"3"[39m
    [33mstyle[39m=[32m"height: 0px; overflow: hidden;"[39m
  [36m/>[39m

  Name "Jira number for change item 856":
  [36m<input[39m
    [33maria-describedby[39m=[32m"change-item-855-jira-help"[39m
    [33maria-invalid[39m=[32m"false"[39m
    [33maria-label[39m=[32m"Jira number for change item 856"[39m
    [33mclass[39m=[32m"MuiInputBase-input MuiOutlinedInput-input css-16wblaj-MuiInputBase-input-MuiOutlinedInput-input"[39m
    [33mid[39m=[32m"_r_2mh_"[39m
    [33mmaxlength[39m=[32m"50"[39m
    [33mrequired[39m=[32m""[39m
    [33mtype[39m=[32m"text"[39m
    [33mvalue[39m=[32m"JIRA-0856"[39m
  [36m/>[39m

  Name "Description for change item 856":
  [36m<textarea[39m
    [33maria-describedby[39m=[32m"change-item-855-desc-help"[39m
    [33maria-invalid[39m=[32m"false"[39m
    [33maria-label[39m=[32m"Description for change item 856"[39m
    [33mclass[39m=[32m"MuiInputBase-input MuiOutlinedInput-input css-w4nesw-MuiInputBase-input-MuiOutlinedInput-input"[39m
    [33mid[39m=[32m"_r_2mi_"[39m
    [33mmaxlength[39m=[32m"500"[39m
    [33mrequired[39m=[32m""[39m
    [33mrows[39m=[32m"3"[39m
    [33mstyle[39m=[32m"height: 0px; overflow: hidden;"[39m
  [36m/>[39m

  Name "Jira number for change item 857":
  [36m<input[39m
    [33maria-describedby[39m=[32m"change-item-856-jira-help"[39m
    [33maria-invalid[39m=[32m"false"[39m
    [33maria-label[39m=[32m"Jira number for change item 857"[39m
    [33mclass[39m=[32m"MuiInputBase-input MuiOutlinedInput-input css-16wblaj-MuiInputBase-input-MuiOutlinedInput-input"[39m
    [33mid[39m=[32m"_r_2mk_"[39m
    [33mmaxlength[39m=[32m"50"[39m
    [33mrequired[39m=[32m""[39m
    [33mtype[39m=[32m"text"[39m
    [33mvalue[39m=[32m"JIRA-0857"[39m
  [36m/>[39m

  Name "Description for change item 857":
  [36m<textarea[39m
    [33maria-describedby[39m=[32m"change-item-856-desc-help"[39m
    [33maria-invalid[39m=[32m"false"[39m
    [33maria-label[39m=[32m"Description for change item 857"[39m
    [33mclass[39m=[32m"MuiInputBase-input MuiOutlinedInput-input css-w4nesw-MuiInputBase-input-MuiOutlinedInput-input"[39m
    [33mid[39m=[32m"_r_2ml_"[39m
    [33mmaxlength[39m=[32m"500"[39m
    [33mrequired[39m=[32m""[39m
    [33mrows[39m=[32m"3"[39m
    [33mstyle[39m=[32m"height: 0px; overflow: hidden;"[39m
  [36m/>[39m

  Name "Jira number for change item 858":
  [36m<input[39m
    [33maria-describedby[39m=[32m"change-item-857-jira-help"[39m
    [33maria-invalid[39m=[32m"false"[39m
    [33maria-label[39m=[32m"Jira number for change item 858"[39m
    [33mclass[39m=[32m"MuiInputBase-input MuiOutlinedInput-input css-16wblaj-MuiInputBase-input-MuiOutlinedInput-input"[39m
    [33mid[39m=[32m"_r_2mn_"[39m
    [33mmaxlength[39m=[32m"50"[39m
    [33mrequired[39m=[32m""[39m
    [33mtype[39m=[32m"text"[39m
    [33mvalue[39m=[32m"JIRA-0858"[39m
  [36m/>[39m

  Name "Description for change item 858":
  [36m<textarea[39m
    [33maria-describedby[39m=[32m"change-item-857-desc-help"[39m
    [33maria-invalid[39m=[32m"false"[39m
    [33maria-label[39m=[32m"Description for change item 858"[39m
    [33mclass[39m=[32m"MuiInputBase-input MuiOutlinedInput-input css-w4nesw-MuiInputBase-input-MuiOutlinedInput-input"[39m
    [33mid[39m=[32m"_r_2mo_"[39m
    [33mmaxlength[39m=[32m"500"[39m
    [33mrequired[39m=[32m""[39m
    [33mrows[39m=[32m"3"[39m
    [33mstyle[39m=[32m"height: 0px; overflow: hidden;"[39m
  [36m/>[39m

  Name "Jira number for change item 859":
  [36m<input[39m
    [33maria-describedby[39m=[32m"change-item-858-jira-help"[39m
    [33maria-invalid[39m=[32m"false"[39m
    [33maria-label[39m=[32m"Jira number for change item 859"[39m
    [33mclass[39m=[32m"MuiInputBase-input MuiOutlinedInput-input css-16wblaj-MuiInputBase-input-MuiOutlinedInput-input"[39m
    [33mid[39m=[32m"_r_2mq_"[39m
    [33mmaxlength[39m=[32m"50"[39m
    [33mrequired[39m=[32m""[39m
    [33mtype[39m=[32m"text"[39m
    [33mvalue[39m=[32m"JIRA-0859"[39m
  [36m/>[39m

  Name "Description for change item 859":
  [36m<textarea[39m
    [33maria-describedby[39m=[32m"change-item-858-desc-help"[39m
    [33maria-invalid[39m=[32m"false"[39m
    [33maria-label[39m=[32m"Description for change item 859"[39m
    [33mclass[39m=[32m"MuiInputBase-input MuiOutlinedInput-input css-w4nesw-MuiInputBase-input-MuiOutlinedInput-input"[39m
    [33mid[39m=[32m"_r_2mr_"[39m
    [33mmaxlength[39m=[32m"500"[39m
    [33mrequired[39m=[32m""[39m
    [33mrows[39m=[32m"3"[39m
    [33mstyle[39m=[32m"height: 0px; overflow: hidden;"[39m
  [36m/>[39m

  Name "Jira number for change item 860":
  [36m<input[39m
    [33maria-describedby[39m=[32m"change-item-859-jira-help"[39m
    [33maria-invalid[39m=[32m"false"[39m
    [33maria-label[39m=[32m"Jira number for change item 860"[39m
    [33mclass[39m=[32m"MuiInputBase-input MuiOutlinedInput-input css-16wblaj-MuiInputBase-input-MuiOutlinedInput-input"[39m
    [33mid[39m=[32m"_r_2mt_"[39m
    [33mmaxlength[39m=[32m"50"[39m
    [33mrequired[39m=[32m""[39m
    [33mtype[39m=[32m"text"[39m
    [33mvalue[39m=[32m"JIRA-0860"[39m
  [36m/>[39m

  Name "Description for change item 860":
  [36m<textarea[39m
    [33maria-describedby[39m=[32m"change-item-859-desc-help"[39m
    [33maria-invalid[39m=[32m"false"[39m
    [33maria-label[39m=[32m"Description for change item 860"[39m
    [33mclass[39m=[32m"MuiInputBase-input MuiOutlinedInput-input css-w4nesw-MuiInputBase-input-MuiOutlinedInput-input"[39m
    [33mid[39m=[32m"_r_2mu_"[39m
    [33mmaxlength[39m=[32m"500"[39m
    [33mrequired[39m=[32m""[39m
    [33mrows[39m=[32m"3"[39m
    [33mstyle[39m=[32m"height: 0px; overflow: hidden;"[39m
  [36m/>[39m

  Name "Jira number for change item 861":
  [36m<input[39m
    [33maria-describedby[39m=[32m"change-item-860-jira-help"[39m
    [33maria-invalid[39m=[32m"false"[39m
    [33maria-label[39m=[32m"Jira number for change item 861"[39m
    [33mclass[39m=[32m"MuiInputBase-input MuiOutlinedInput-input css-16wblaj-MuiInputBase-input-MuiOutlinedInput-input"[39m
    [33mid[39m=[32m"_r_2n0_"[39m
    [33mmaxlength[39m=[32m"50"[39m
    [33mrequired[39m=[32m""[39m
    [33mtype[39m=[32m"text"[39m
    [33mvalue[39m=[32m"JIRA-0861"[39m
  [36m/>[39m

  Name "Description for change item 861":
  [36m<textarea[39m
    [33maria-describedby[39m=[32m"change-item-860-desc-help"[39m
    [33maria-invalid[39m=[32m"false"[39m
    [33maria-label[39m=[32m"Description for change item 861"[39m
    [33mclass[39m=[32m"MuiInputBase-input MuiOutlinedInput-input css-w4nesw-MuiInputBase-input-MuiOutlinedInput-input"[39m
    [33mid[39m=[32m"_r_2n1_"[39m
    [33mmaxlength[39m=[32m"500"[39m
    [33mrequired[39m=[32m""[39m
    [33mrows[39m=[32m"3"[39m
    [33mstyle[39m=[32m"height: 0px; overflow: hidden;"[39m
  [36m/>[39m

  Name "Jira number for change item 862":
  [36m<input[39m
    [33maria-describedby[39m=[32m"change-item-861-jira-help"[39m
    [33maria-invalid[39m=[32m"false"[39m
    [33maria-label[39m=[32m"Jira number for change item 862"[39m
    [33mclass[39m=[32m"MuiInputBase-input MuiOutlinedInput-input css-16wblaj-MuiInputBase-input-MuiOutlinedInput-input"[39m
    [33mid[39m=[32m"_r_2n3_"[39m
    [33mmaxlength[39m=[32m"50"[39m
    [33mrequired[39m=[32m""[39m
    [33mtype[39m=[32m"text"[39m
    [33mvalue[39m=[32m"JIRA-0862"[39m
  [36m/>[39m

  Name "Description for change item 862":
  [36m<textarea[39m
    [33maria-describedby[39m=[32m"change-item-861-desc-help"[39m
    [33maria-invalid[39m=[32m"false"[39m
    [33maria-label[39m=[32m"Description for change item 862"[39m
    [33mclass[39m=[32m"MuiInputBase-input MuiOutlinedInput-input css-w4nesw-MuiInputBase-input-MuiOutlinedInput-input"[39m
    [33mid[39m=[32m"_r_2n4_"[39m
    [33mmaxlength[39m=[32m"500"[39m
    [33mrequired[39m=[32m""[39m
    [33mrows[39m=[32m"3"[39m
    [33mstyle[39m=[32m"height: 0px; overflow: hidden;"[39m
  [36m/>[39m

  Name "Jira number for change item 863":
  [36m<input[39m
    [33maria-describedby[39m=[32m"change-item-862-jira-help"[39m
    [33maria-invalid[39m=[32m"false"[39m
    [33maria-label[39m=[32m"Jira number for change item 863"[39m
    [33mclass[39m=[32m"MuiInputBase-input MuiOutlinedInput-input css-16wblaj-MuiInputBase-input-MuiOutlinedInput-input"[39m
    [33mid[39m=[32m"_r_2n6_"[39m
    [33mmaxlength[39m=[32m"50"[39m
    [33mrequired[39m=[32m""[39m
    [33mtype[39m=[32m"text"[39m
    [33mvalue[39m=[32m"JIRA-0863"[39m
  [36m/>[39m

  Name "Description for change item 863":
  [36m<textarea[39m
    [33maria-describedby[39m=[32m"change-item-862-desc-help"[39m
    [33maria-invalid[39m=[32m"false"[39m
    [33maria-label[39m=[32m"Description for change item 863"[39m
    [33mclass[39m=[32m"MuiInputBase-input MuiOutlinedInput-input css-w4nesw-MuiInputBase-input-MuiOutlinedInput-input"[39m
    [33mid[39m=[32m"_r_2n7_"[39m
    [33mmaxlength[39m=[32m"500"[39m
    [33mrequired[39m=[32m""[39m
    [33mrows[39m=[32m"3"[39m
    [33mstyle[39m=[32m"height: 0px; overflow: hidden;"[39m
  [36m/>[39m

  Name "Jira number for change item 864":
  [36m<input[39m
    [33maria-describedby[39m=[32m"change-item-863-jira-help"[39m
    [33maria-invalid[39m=[32m"false"[39m
    [33maria-label[39m=[32m"Jira number for change item 864"[39m
    [33mclass[39m=[32m"MuiInputBase-input MuiOutlinedInput-input css-16wblaj-MuiInputBase-input-MuiOutlinedInput-input"[39m
    [33mid[39m=[32m"_r_2n9_"[39m
    [33mmaxlength[39m=[32m"50"[39m
    [33mrequired[39m=[32m""[39m
    [33mtype[39m=[32m"text"[39m
    [33mvalue[39m=[32m"JIRA-0864"[39m
  [36m/>[39m

  Name "Description for change item 864":
  [36m<textarea[39m
    [33maria-describedby[39m=[32m"change-item-863-desc-help"[39m
    [33maria-invalid[39m=[32m"false"[39m
    [33maria-label[39m=[32m"Description for change item 864"[39m
    [33mclass[39m=[32m"MuiInputBase-input MuiOutlinedInput-input css-w4nesw-MuiInputBase-input-MuiOutlinedInput-input"[39m
    [33mid[39m=[32m"_r_2na_"[39m
    [33mmaxlength[39m=[32m"500"[39m
    [33mrequired[39m=[32m""[39m
    [33mrows[39m=[32m"3"[39m
    [33mstyle[39m=[32m"height: 0px; overflow: hidden;"[39m
  [36m/>[39m

  Name "Jira number for change item 865":
  [36m<input[39m
    [33maria-describedby[39m=[32m"change-item-864-jira-help"[39m
    [33maria-invalid[39m=[32m"false"[39m
    [33maria-label[39m=[32m"Jira number for change item 865"[39m
    [33mclass[39m=[32m"MuiInputBase-input MuiOutlinedInput-input css-16wblaj-MuiInputBase-input-MuiOutlinedInput-input"[39m
    [33mid[39m=[32m"_r_2nc_"[39m
    [33mmaxlength[39m=[32m"50"[39m
    [33mrequired[39m=[32m""[39m
    [33mtype[39m=[32m"text"[39m
    [33mvalue[39m=[32m"JIRA-0865"[39m
  [36m/>[39m

  Name "Description for change item 865":
  [36m<textarea[39m
    [33maria-describedby[39m=[32m"change-item-864-desc-help"[39m
    [33maria-invalid[39m=[32m"false"[39m
    [33maria-label[39m=[32m"Description for change item 865"[39m
    [33mclass[39m=[32m"MuiInputBase-input MuiOutlinedInput-input css-w4nesw-MuiInputBase-input-MuiOutlinedInput-input"[39m
    [33mid[39m=[32m"_r_2nd_"[39m
    [33mmaxlength[39m=[32m"500"[39m
    [33mrequired[39m=[32m""[39m
    [33mrows[39m=[32m"3"[39m
    [33mstyle[39m=[32m"height: 0px; overflow: hidden;"[39m
  [36m/>[39m

  Name "Jira number for change item 866":
  [36m<input[39m
    [33maria-describedby[39m=[32m"change-item-865-jira-help"[39m
    [33maria-invalid[39m=[32m"false"[39m
    [33maria-label[39m=[32m"Jira number for change item 866"[39m
    [33mclass[39m=[32m"MuiInputBase-input MuiOutlinedInput-input css-16wblaj-MuiInputBase-input-MuiOutlinedInput-input"[39m
    [33mid[39m=[32m"_r_2nf_"[39m
    [33mmaxlength[39m=[32m"50"[39m
    [33mrequired[39m=[32m""[39m
    [33mtype[39m=[32m"text"[39m
    [33mvalue[39m=[32m"JIRA-0866"[39m
  [36m/>[39m

  Name "Description for change item 866":
  [36m<textarea[39m
    [33maria-describedby[39m=[32m"change-item-865-desc-help"[39m
    [33maria-invalid[39m=[32m"false"[39m
    [33maria-label[39m=[32m"Description for change item 866"[39m
    [33mclass[39m=[32m"MuiInputBase-input MuiOutlinedInput-input css-w4nesw-MuiInputBase-input-MuiOutlinedInput-input"[39m
    [33mid[39m=[32m"_r_2ng_"[39m
    [33mmaxlength[39m=[32m"500"[39m
    [33mrequired[39m=[32m""[39m
    [33mrows[39m=[32m"3"[39m
    [33mstyle[39m=[32m"height: 0px; overflow: hidden;"[39m
  [36m/>[39m

  Name "Jira number for change item 867":
  [36m<input[39m
    [33maria-describedby[39m=[32m"change-item-866-jira-help"[39m
    [33maria-invalid[39m=[32m"false"[39m
    [33maria-label[39m=[32m"Jira number for change item 867"[39m
    [33mclass[39m=[32m"MuiInputBase-input MuiOutlinedInput-input css-16wblaj-MuiInputBase-input-MuiOutlinedInput-input"[39m
    [33mid[39m=[32m"_r_2ni_"[39m
    [33mmaxlength[39m=[32m"50"[39m
    [33mrequired[39m=[32m""[39m
    [33mtype[39m=[32m"text"[39m
    [33mvalue[39m=[32m"JIRA-0867"[39m
  [36m/>[39m

  Name "Description for change item 867":
  [36m<textarea[39m
    [33maria-describedby[39m=[32m"change-item-866-desc-help"[39m
    [33maria-invalid[39m=[32m"false"[39m
    [33maria-label[39m=[32m"Description for change item 867"[39m
    [33mclass[39m=[32m"MuiInputBase-input MuiOutlinedInput-input css-w4nesw-MuiInputBase-input-MuiOutlinedInput-input"[39m
    [33mid[39m=[32m"_r_2nj_"[39m
    [33mmaxlength[39m=[32m"500"[39m
    [33mrequired[39m=[32m""[39m
    [33mrows[39m=[32m"3"[39m
    [33mstyle[39m=[32m"height: 0px; overflow: hidden;"[39m
  [36m/>[39m

  Name "Jira number for change item 868":
  [36m<input[39m
    [33maria-describedby[39m=[32m"change-item-867-jira-help"[39m
    [33maria-invalid[39m=[32m"false"[39m
    [33maria-label[39m=[32m"Jira number for change item 868"[39m
    [33mclass[39m=[32m"MuiInputBase-input MuiOutlinedInput-input css-16wblaj-MuiInputBase-input-MuiOutlinedInput-input"[39m
    [33mid[39m=[32m"_r_2nl_"[39m
    [33mmaxlength[39m=[32m"50"[39m
    [33mrequired[39m=[32m""[39m
    [33mtype[39m=[32m"text"[39m
    [33mvalue[39m=[32m"JIRA-0868"[39m
  [36m/>[39m

  Name "Description for change item 868":
  [36m<textarea[39m
    [33maria-describedby[39m=[32m"change-item-867-desc-help"[39m
    [33maria-invalid[39m=[32m"false"[39m
    [33maria-label[39m=[32m"Description for change item 868"[39m
    [33mclass[39m=[32m"MuiInputBase-input MuiOutlinedInput-input css-w4nesw-MuiInputBase-input-MuiOutlinedInput-input"[39m
    [33mid[39m=[32m"_r_2nm_"[39m
    [33mmaxlength[39m=[32m"500"[39m
    [33mrequired[39m=[32m""[39m
    [33mrows[39m=[32m"3"[39m
    [33mstyle[39m=[32m"height: 0px; overflow: hidden;"[39m
  [36m/>[39m

  Name "Jira number for change item 869":
  [36m<input[39m
    [33maria-describedby[39m=[32m"change-item-868-jira-help"[39m
    [33maria-invalid[39m=[32m"false"[39m
    [33maria-label[39m=[32m"Jira number for change item 869"[39m
    [33mclass[39m=[32m"MuiInputBase-input MuiOutlinedInput-input css-16wblaj-MuiInputBase-input-MuiOutlinedInput-input"[39m
    [33mid[39m=[32m"_r_2no_"[39m
    [33mmaxlength[39m=[32m"50"[39m
    [33mrequired[39m=[32m""[39m
    [33mtype[39m=[32m"text"[39m
    [33mvalue[39m=[32m"JIRA-0869"[39m
  [36m/>[39m

  Name "Description for change item 869":
  [36m<textarea[39m
    [33maria-describedby[39m=[32m"change-item-868-desc-help"[39m
    [33maria-invalid[39m=[32m"false"[39m
    [33maria-label[39m=[32m"Description for change item 869"[39m
    [33mclass[39m=[32m"MuiInputBase-input MuiOutlinedInput-input css-w4nesw-MuiInputBase-input-MuiOutlinedInput-input"[39m
    [33mid[39m=[32m"_r_2np_"[39m
    [33mmaxlength[39m=[32m"500"[39m
    [33mrequired[39m=[32m""[39m
    [33mrows[39m=[32m"3"[39m
    [33mstyle[39m=[32m"height: 0px; overflow: hidden;"[39m
  [36m/>[39m

  Name "Jira number for change item 870":
  [36m<input[39m
    [33maria-describedby[39m=[32m"change-item-869-jira-help"[39m
    [33maria-invalid[39m=[32m"false"[39m
    [33maria-label[39m=[32m"Jira number for change item 870"[39m
    [33mclass[39m=[32m"MuiInputBase-input MuiOutlinedInput-input css-16wblaj-MuiInputBase-input-MuiOutlinedInput-input"[39m
    [33mid[39m=[32m"_r_2nr_"[39m
    [33mmaxlength[39m=[32m"50"[39m
    [33mrequired[39m=[32m""[39m
    [33mtype[39m=[32m"text"[39m
    [33mvalue[39m=[32m"JIRA-0870"[39m
  [36m/>[39m

  Name "Description for change item 870":
  [36m<textarea[39m
    [33maria-describedby[39m=[32m"change-item-869-desc-help"[39m
    [33maria-invalid[39m=[32m"false"[39m
    [33maria-label[39m=[32m"Description for change item 870"[39m
    [33mclass[39m=[32m"MuiInputBase-input MuiOutlinedInput-input css-w4nesw-MuiInputBase-input-MuiOutlinedInput-input"[39m
    [33mid[39m=[32m"_r_2ns_"[39m
    [33mmaxlength[39m=[32m"500"[39m
    [33mrequired[39m=[32m""[39m
    [33mrows[39m=[32m"3"[39m
    [33mstyle[39m=[32m"height: 0px; overflow: hidden;"[39m
  [36m/>[39m

  Name "Jira number for change item 871":
  [36m<input[39m
    [33maria-describedby[39m=[32m"change-item-870-jira-help"[39m
    [33maria-invalid[39m=[32m"false"[39m
    [33maria-label[39m=[32m"Jira number for change item 871"[39m
    [33mclass[39m=[32m"MuiInputBase-input MuiOutlinedInput-input css-16wblaj-MuiInputBase-input-MuiOutlinedInput-input"[39m
    [33mid[39m=[32m"_r_2nu_"[39m
    [33mmaxlength[39m=[32m"50"[39m
    [33mrequired[39m=[32m""[39m
    [33mtype[39m=[32m"text"[39m
    [33mvalue[39m=[32m"JIRA-0871"[39m
  [36m/>[39m

  Name "Description for change item 871":
  [36m<textarea[39m
    [33maria-describedby[39m=[32m"change-item-870-desc-help"[39m
    [33maria-invalid[39m=[32m"false"[39m
    [33maria-label[39m=[32m"Description for change item 871"[39m
    [33mclass[39m=[32m"MuiInputBase-input MuiOutlinedInput-input css-w4nesw-MuiInputBase-input-MuiOutlinedInput-input"[39m
    [33mid[39m=[32m"_r_2nv_"[39m
    [33mmaxlength[39m=[32m"500"[39m
    [33mrequired[39m=[32m""[39m
    [33mrows[39m=[32m"3"[39m
    [33mstyle[39m=[32m"height: 0px; overflow: hidden;"[39m
  [36m/>[39m

  Name "Jira number for change item 872":
  [36m<input[39m
    [33maria-describedby[39m=[32m"change-item-871-jira-help"[39m
    [33maria-invalid[39m=[32m"false"[39m
    [33maria-label[39m=[32m"Jira number for change item 872"[39m
    [33mclass[39m=[32m"MuiInputBase-input MuiOutlinedInput-input css-16wblaj-MuiInputBase-input-MuiOutlinedInput-input"[39m
    [33mid[39m=[32m"_r_2o1_"[39m
    [33mmaxlength[39m=[32m"50"[39m
    [33mrequired[39m=[32m""[39m
    [33mtype[39m=[32m"text"[39m
    [33mvalue[39m=[32m"JIRA-0872"[39m
  [36m/>[39m

  Name "Description for change item 872":
  [36m<textarea[39m
    [33maria-describedby[39m=[32m"change-item-871-desc-help"[39m
    [33maria-invalid[39m=[32m"false"[39m
    [33maria-label[39m=[32m"Description for change item 872"[39m
    [33mclass[39m=[32m"MuiInputBase-input MuiOutlinedInput-input css-w4nesw-MuiInputBase-input-MuiOutlinedInput-input"[39m
    [33mid[39m=[32m"_r_2o2_"[39m
    [33mmaxlength[39m=[32m"500"[39m
    [33mrequired[39m=[32m""[39m
    [33mrows[39m=[32m"3"[39m
    [33mstyle[39m=[32m"height: 0px; overflow: hidden;"[39m
  [36m/>[39m

  Name "Jira number for change item 873":
  [36m<input[39m
    [33maria-describedby[39m=[32m"change-item-872-jira-help"[39m
    [33maria-invalid[39m=[32m"false"[39m
    [33maria-label[39m=[32m"Jira number for change item 873"[39m
    [33mclass[39m=[32m"MuiInputBase-input MuiOutlinedInput-input css-16wblaj-MuiInputBase-input-MuiOutlinedInput-input"[39m
    [33mid[39m=[32m"_r_2o4_"[39m
    [33mmaxlength[39m=[32m"50"[39m
    [33mrequired[39m=[32m""[39m
    [33mtype[39m=[32m"text"[39m
    [33mvalue[39m=[32m"JIRA-0873"[39m
  [36m/>[39m

  Name "Description for change item 873":
  [36m<textarea[39m
    [33maria-describedby[39m=[32m"change-item-872-desc-help"[39m
    [33maria-invalid[39m=[32m"false"[39m
    [33maria-label[39m=[32m"Description for change item 873"[39m
    [33mclass[39m=[32m"MuiInputBase-input MuiOutlinedInput-input css-w4nesw-MuiInputBase-input-MuiOutlinedInput-input"[39m
    [33mid[39m=[32m"_r_2o5_"[39m
    [33mmaxlength[39m=[32m"500"[39m
    [33mrequired[39m=[32m""[39m
    [33mrows[39m=[32m"3"[39m
    [33mstyle[39m=[32m"height: 0px; overflow: hidden;"[39m
  [36m/>[39m

  Name "Jira number for change item 874":
  [36m<input[39m
    [33maria-describedby[39m=[32m"change-item-873-jira-help"[39m
    [33maria-invalid[39m=[32m"false"[39m
    [33maria-label[39m=[32m"Jira number for change item 874"[39m
    [33mclass[39m=[32m"MuiInputBase-input MuiOutlinedInput-input css-16wblaj-MuiInputBase-input-MuiOutlinedInput-input"[39m
    [33mid[39m=[32m"_r_2o7_"[39m
    [33mmaxlength[39m=[32m"50"[39m
    [33mrequired[39m=[32m""[39m
    [33mtype[39m=[32m"text"[39m
    [33mvalue[39m=[32m"JIRA-0874"[39m
  [36m/>[39m

  Name "Description for change item 874":
  [36m<textarea[39m
    [33maria-describedby[39m=[32m"change-item-873-desc-help"[39m
    [33maria-invalid[39m=[32m"false"[39m
    [33maria-label[39m=[32m"Description for change item 874"[39m
    [33mclass[39m=[32m"MuiInputBase-input MuiOutlinedInput-input css-w4nesw-MuiInputBase-input-MuiOutlinedInput-input"[39m
    [33mid[39m=[32m"_r_2o8_"[39m
    [33mmaxlength[39m=[32m"500"[39m
    [33mrequired[39m=[32m""[39m
    [33mrows[39m=[32m"3"[39m
    [33mstyle[39m=[32m"height: 0px; overflow: hidden;"[39m
  [36m/>[39m

  Name "Jira number for change item 875":
  [36m<input[39m
    [33maria-describedby[39m=[32m"change-item-874-jira-help"[39m
    [33maria-invalid[39m=[32m"false"[39m
    [33maria-label[39m=[32m"Jira number for change item 875"[39m
    [33mclass[39m=[32m"MuiInputBase-input MuiOutlinedInput-input css-16wblaj-MuiInputBase-input-MuiOutlinedInput-input"[39m
    [33mid[39m=[32m"_r_2oa_"[39m
    [33mmaxlength[39m=[32m"50"[39m
    [33mrequired[39m=[32m""[39m
    [33mtype[39m=[32m"text"[39m
    [33mvalue[39m=[32m"JIRA-0875"[39m
  [36m/>[39m

  Name "Description for change item 875":
  [36m<textarea[39m
    [33maria-describedby[39m=[32m"change-item-874-desc-help"[39m
    [33maria-invalid[39m=[32m"false"[39m
    [33maria-label[39m=[32m"Description for change item 875"[39m
    [33mclass[39m=[32m"MuiInputBase-input MuiOutlinedInput-input css-w4nesw-MuiInputBase-input-MuiOutlinedInput-input"[39m
    [33mid[39m=[32m"_r_2ob_"[39m
    [33mmaxlength[39m=[32m"500"[39m
    [33mrequired[39m=[32m""[39m
    [33mrows[39m=[32m"3"[39m
    [33mstyle[39m=[32m"height: 0px; overflow: hidden;"[39m
  [36m/>[39m

  Name "Jira number for change item 876":
  [36m<input[39m
    [33maria-describedby[39m=[32m"change-item-875-jira-help"[39m
    [33maria-invalid[39m=[32m"false"[39m
    [33maria-label[39m=[32m"Jira number for change item 876"[39m
    [33mclass[39m=[32m"MuiInputBase-input MuiOutlinedInput-input css-16wblaj-MuiInputBase-input-MuiOutlinedInput-input"[39m
    [33mid[39m=[32m"_r_2od_"[39m
    [33mmaxlength[39m=[32m"50"[39m
    [33mrequired[39m=[32m""[39m
    [33mtype[39m=[32m"text"[39m
    [33mvalue[39m=[32m"JIRA-0876"[39m
  [36m/>[39m

  Name "Description for change item 876":
  [36m<textarea[39m
    [33maria-describedby[39m=[32m"change-item-875-desc-help"[39m
    [33maria-invalid[39m=[32m"false"[39m
    [33maria-label[39m=[32m"Description for change item 876"[39m
    [33mclass[39m=[32m"MuiInputBase-input MuiOutlinedInput-input css-w4nesw-MuiInputBase-input-MuiOutlinedInput-input"[39m
    [33mid[39m=[32m"_r_2oe_"[39m
    [33mmaxlength[39m=[32m"500"[39m
    [33mrequired[39m=[32m""[39m
    [33mrows[39m=[32m"3"[39m
    [33mstyle[39m=[32m"height: 0px; overflow: hidden;"[39m
  [36m/>[39m

  Name "Jira number for change item 877":
  [36m<input[39m
    [33maria-describedby[39m=[32m"change-item-876-jira-help"[39m
    [33maria-invalid[39m=[32m"false"[39m
    [33maria-label[39m=[32m"Jira number for change item 877"[39m
    [33mclass[39m=[32m"MuiInputBase-input MuiOutlinedInput-input css-16wblaj-MuiInputBase-input-MuiOutlinedInput-input"[39m
    [33mid[39m=[32m"_r_2og_"[39m
    [33mmaxlength[39m=[32m"50"[39m
    [33mrequired[39m=[32m""[39m
    [33mtype[39m=[32m"text"[39m
    [33mvalue[39m=[32m"JIRA-0877"[39m
  [36m/>[39m

  Name "Description for change item 877":
  [36m<textarea[39m
    [33maria-describedby[39m=[32m"change-item-876-desc-help"[39m
    [33maria-invalid[39m=[32m"false"[39m
    [33maria-label[39m=[32m"Description for change item 877"[39m
    [33mclass[39m=[32m"MuiInputBase-input MuiOutlinedInput-input css-w4nesw-MuiInputBase-input-MuiOutlinedInput-input"[39m
    [33mid[39m=[32m"_r_2oh_"[39m
    [33mmaxlength[39m=[32m"500"[39m
    [33mrequired[39m=[32m""[39m
    [33mrows[39m=[32m"3"[39m
    [33mstyle[39m=[32m"height: 0px; overflow: hidden;"[39m
  [36m/>[39m

  Name "Jira number for change item 878":
  [36m<input[39m
    [33maria-describedby[39m=[32m"change-item-877-jira-help"[39m
    [33maria-invalid[39m=[32m"false"[39m
    [33maria-label[39m=[32m"Jira number for change item 878"[39m
    [33mclass[39m=[32m"MuiInputBase-input MuiOutlinedInput-input css-16wblaj-MuiInputBase-input-MuiOutlinedInput-input"[39m
    [33mid[39m=[32m"_r_2oj_"[39m
    [33mmaxlength[39m=[32m"50"[39m
    [33mrequired[39m=[32m""[39m
    [33mtype[39m=[32m"text"[39m
    [33mvalue[39m=[32m"JIRA-0878"[39m
  [36m/>[39m

  Name "Description for change item 878":
  [36m<textarea[39m
    [33maria-describedby[39m=[32m"change-item-877-desc-help"[39m
    [33maria-invalid[39m=[32m"false"[39m
    [33maria-label[39m=[32m"Description for change item 878"[39m
    [33mclass[39m=[32m"MuiInputBase-input MuiOutlinedInput-input css-w4nesw-MuiInputBase-input-MuiOutlinedInput-input"[39m
    [33mid[39m=[32m"_r_2ok_"[39m
    [33mmaxlength[39m=[32m"500"[39m
    [33mrequired[39m=[32m""[39m
    [33mrows[39m=[32m"3"[39m
    [33mstyle[39m=[32m"height: 0px; overflow: hidden;"[39m
  [36m/>[39m

  Name "Jira number for change item 879":
  [36m<input[39m
    [33maria-describedby[39m=[32m"change-item-878-jira-help"[39m
    [33maria-invalid[39m=[32m"false"[39m
    [33maria-label[39m=[32m"Jira number for change item 879"[39m
    [33mclass[39m=[32m"MuiInputBase-input MuiOutlinedInput-input css-16wblaj-MuiInputBase-input-MuiOutlinedInput-input"[39m
    [33mid[39m=[32m"_r_2om_"[39m
    [33mmaxlength[39m=[32m"50"[39m
    [33mrequired[39m=[32m""[39m
    [33mtype[39m=[32m"text"[39m
    [33mvalue[39m=[32m"JIRA-0879"[39m
  [36m/>[39m

  Name "Description for change item 879":
  [36m<textarea[39m
    [33maria-describedby[39m=[32m"change-item-878-desc-help"[39m
    [33maria-invalid[39m=[32m"false"[39m
    [33maria-label[39m=[32m"Description for change item 879"[39m
    [33mclass[39m=[32m"MuiInputBase-input MuiOutlinedInput-input css-w4nesw-MuiInputBase-input-MuiOutlinedInput-input"[39m
    [33mid[39m=[32m"_r_2on_"[39m
    [33mmaxlength[39m=[32m"500"[39m
    [33mrequired[39m=[32m""[39m
    [33mrows[39m=[32m"3"[39m
    [33mstyle[39m=[32m"height: 0px; overflow: hidden;"[39m
  [36m/>[39m

  Name "Jira number for change item 880":
  [36m<input[39m
    [33maria-describedby[39m=[32m"change-item-879-jira-help"[39m
    [33maria-invalid[39m=[32m"false"[39m
    [33maria-label[39m=[32m"Jira number for change item 880"[39m
    [33mclass[39m=[32m"MuiInputBase-input MuiOutlinedInput-input css-16wblaj-MuiInputBase-input-MuiOutlinedInput-input"[39m
    [33mid[39m=[32m"_r_2op_"[39m
    [33mmaxlength[39m=[32m"50"[39m
    [33mrequired[39m=[32m""[39m
    [33mtype[39m=[32m"text"[39m
    [33mvalue[39m=[32m"JIRA-0880"[39m
  [36m/>[39m

  Name "Description for change item 880":
  [36m<textarea[39m
    [33maria-describedby[39m=[32m"change-item-879-desc-help"[39m
    [33maria-invalid[39m=[32m"false"[39m
    [33maria-label[39m=[32m"Description for change item 880"[39m
    [33mclass[39m=[32m"MuiInputBase-input MuiOutlinedInput-input css-w4nesw-MuiInputBase-input-MuiOutlinedInput-input"[39m
    [33mid[39m=[32m"_r_2oq_"[39m
    [33mmaxlength[39m=[32m"500"[39m
    [33mrequired[39m=[32m""[39m
    [33mrows[39m=[32m"3"[39m
    [33mstyle[39m=[32m"height: 0px; overflow: hidden;"[39m
  [36m/>[39m

  Name "Jira number for change item 881":
  [36m<input[39m
    [33maria-describedby[39m=[32m"change-item-880-jira-help"[39m
    [33maria-invalid[39m=[32m"false"[39m
    [33maria-label[39m=[32m"Jira number for change item 881"[39m
    [33mclass[39m=[32m"MuiInputBase-input MuiOutlinedInput-input css-16wblaj-MuiInputBase-input-MuiOutlinedInput-input"[39m
    [33mid[39m=[32m"_r_2os_"[39m
    [33mmaxlength[39m=[32m"50"[39m
    [33mrequired[39m=[32m""[39m
    [33mtype[39m=[32m"text"[39m
    [33mvalue[39m=[32m"JIRA-0881"[39m
  [36m/>[39m

  Name "Description for change item 881":
  [36m<textarea[39m
    [33maria-describedby[39m=[32m"change-item-880-desc-help"[39m
    [33maria-invalid[39m=[32m"false"[39m
    [33maria-label[39m=[32m"Description for change item 881"[39m
    [33mclass[39m=[32m"MuiInputBase-input MuiOutlinedInput-input css-w4nesw-MuiInputBase-input-MuiOutlinedInput-input"[39m
    [33mid[39m=[32m"_r_2ot_"[39m
    [33mmaxlength[39m=[32m"500"[39m
    [33mrequired[39m=[32m""[39m
    [33mrows[39m=[32m"3"[39m
    [33mstyle[39m=[32m"height: 0px; overflow: hidden;"[39m
  [36m/>[39m

  Name "Jira number for change item 882":
  [36m<input[39m
    [33maria-describedby[39m=[32m"change-item-881-jira-help"[39m
    [33maria-invalid[39m=[32m"false"[39m
    [33maria-label[39m=[32m"Jira number for change item 882"[39m
    [33mclass[39m=[32m"MuiInputBase-input MuiOutlinedInput-input css-16wblaj-MuiInputBase-input-MuiOutlinedInput-input"[39m
    [33mid[39m=[32m"_r_2ov_"[39m
    [33mmaxlength[39m=[32m"50"[39m
    [33mrequired[39m=[32m""[39m
    [33mtype[39m=[32m"text"[39m
    [33mvalue[39m=[32m"JIRA-0882"[39m
  [36m/>[39m

  Name "Description for change item 882":
  [36m<textarea[39m
    [33maria-describedby[39m=[32m"change-item-881-desc-help"[39m
    [33maria-invalid[39m=[32m"false"[39m
    [33maria-label[39m=[32m"Description for change item 882"[39m
    [33mclass[39m=[32m"MuiInputBase-input MuiOutlinedInput-input css-w4nesw-MuiInputBase-input-MuiOutlinedInput-input"[39m
    [33mid[39m=[32m"_r_2p0_"[39m
    [33mmaxlength[39m=[32m"500"[39m
    [33mrequired[39m=[32m""[39m
    [33mrows[39m=[32m"3"[39m
    [33mstyle[39m=[32m"height: 0px; overflow: hidden;"[39m
  [36m/>[39m

  Name "Jira number for change item 883":
  [36m<input[39m
    [33maria-describedby[39m=[32m"change-item-882-jira-help"[39m
    [33maria-invalid[39m=[32m"false"[39m
    [33maria-label[39m=[32m"Jira number for change item 883"[39m
    [33mclass[39m=[32m"MuiInputBase-input MuiOutlinedInput-input css-16wblaj-MuiInputBase-input-MuiOutlinedInput-input"[39m
    [33mid[39m=[32m"_r_2p2_"[39m
    [33mmaxlength[39m=[32m"50"[39m
    [33mrequired[39m=[32m""[39m
    [33mtype[39m=[32m"text"[39m
    [33mvalue[39m=[32m"JIRA-0883"[39m
  [36m/>[39m

  Name "Description for change item 883":
  [36m<textarea[39m
    [33maria-describedby[39m=[32m"change-item-882-desc-help"[39m
    [33maria-invalid[39m=[32m"false"[39m
    [33maria-label[39m=[32m"Description for change item 883"[39m
    [33mclass[39m=[32m"MuiInputBase-input MuiOutlinedInput-input css-w4nesw-MuiInputBase-input-MuiOutlinedInput-input"[39m
    [33mid[39m=[32m"_r_2p3_"[39m
    [33mmaxlength[39m=[32m"500"[39m
    [33mrequired[39m=[32m""[39m
    [33mrows[39m=[32m"3"[39m
    [33mstyle[39m=[32m"height: 0px; overflow: hidden;"[39m
  [36m/>[39m

  Name "Jira number for change item 884":
  [36m<input[39m
    [33maria-describedby[39m=[32m"change-item-883-jira-help"[39m
    [33maria-invalid[39m=[32m"false"[39m
    [33maria-label[39m=[32m"Jira number for change item 884"[39m
    [33mclass[39m=[32m"MuiInputBase-input MuiOutlinedInput-input css-16wblaj-MuiInputBase-input-MuiOutlinedInput-input"[39m
    [33mid[39m=[32m"_r_2p5_"[39m
    [33mmaxlength[39m=[32m"50"[39m
    [33mrequired[39m=[32m""[39m
    [33mtype[39m=[32m"text"[39m
    [33mvalue[39m=[32m"JIRA-0884"[39m
  [36m/>[39m

  Name "Description for change item 884":
  [36m<textarea[39m
    [33maria-describedby[39m=[32m"change-item-883-desc-help"[39m
    [33maria-invalid[39m=[32m"false"[39m
    [33maria-label[39m=[32m"Description for change item 884"[39m
    [33mclass[39m=[32m"MuiInputBase-input MuiOutlinedInput-input css-w4nesw-MuiInputBase-input-MuiOutlinedInput-input"[39m
    [33mid[39m=[32m"_r_2p6_"[39m
    [33mmaxlength[39m=[32m"500"[39m
    [33mrequired[39m=[32m""[39m
    [33mrows[39m=[32m"3"[39m
    [33mstyle[39m=[32m"height: 0px; overflow: hidden;"[39m
  [36m/>[39m

  Name "Jira number for change item 885":
  [36m<input[39m
    [33maria-describedby[39m=[32m"change-item-884-jira-help"[39m
    [33maria-invalid[39m=[32m"false"[39m
    [33maria-label[39m=[32m"Jira number for change item 885"[39m
    [33mclass[39m=[32m"MuiInputBase-input MuiOutlinedInput-input css-16wblaj-MuiInputBase-input-MuiOutlinedInput-input"[39m
    [33mid[39m=[32m"_r_2p8_"[39m
    [33mmaxlength[39m=[32m"50"[39m
    [33mrequired[39m=[32m""[39m
    [33mtype[39m=[32m"text"[39m
    [33mvalue[39m=[32m"JIRA-0885"[39m
  [36m/>[39m

  Name "Description for change item 885":
  [36m<textarea[39m
    [33maria-describedby[39m=[32m"change-item-884-desc-help"[39m
    [33maria-invalid[39m=[32m"false"[39m
    [33maria-label[39m=[32m"Description for change item 885"[39m
    [33mclass[39m=[32m"MuiInputBase-input MuiOutlinedInput-input css-w4nesw-MuiInputBase-input-MuiOutlinedInput-input"[39m
    [33mid[39m=[32m"_r_2p9_"[39m
    [33mmaxlength[39m=[32m"500"[39m
    [33mrequired[39m=[32m""[39m
    [33mrows[39m=[32m"3"[39m
    [33mstyle[39m=[32m"height: 0px; overflow: hidden;"[39m
  [36m/>[39m

  Name "Jira number for change item 886":
  [36m<input[39m
    [33maria-describedby[39m=[32m"change-item-885-jira-help"[39m
    [33maria-invalid[39m=[32m"false"[39m
    [33maria-label[39m=[32m"Jira number for change item 886"[39m
    [33mclass[39m=[32m"MuiInputBase-input MuiOutlinedInput-input css-16wblaj-MuiInputBase-input-MuiOutlinedInput-input"[39m
    [33mid[39m=[32m"_r_2pb_"[39m
    [33mmaxlength[39m=[32m"50"[39m
    [33mrequired[39m=[32m""[39m
    [33mtype[39m=[32m"text"[39m
    [33mvalue[39m=[32m"JIRA-0886"[39m
  [36m/>[39m

  Name "Description for change item 886":
  [36m<textarea[39m
    [33maria-describedby[39m=[32m"change-item-885-desc-help"[39m
    [33maria-invalid[39m=[32m"false"[39m
    [33maria-label[39m=[32m"Description for change item 886"[39m
    [33mclass[39m=[32m"MuiInputBase-input MuiOutlinedInput-input css-w4nesw-MuiInputBase-input-MuiOutlinedInput-input"[39m
    [33mid[39m=[32m"_r_2pc_"[39m
    [33mmaxlength[39m=[32m"500"[39m
    [33mrequired[39m=[32m""[39m
    [33mrows[39m=[32m"3"[39m
    [33mstyle[39m=[32m"height: 0px; overflow: hidden;"[39m
  [36m/>[39m

  Name "Jira number for change item 887":
  [36m<input[39m
    [33maria-describedby[39m=[32m"change-item-886-jira-help"[39m
    [33maria-invalid[39m=[32m"false"[39m
    [33maria-label[39m=[32m"Jira number for change item 887"[39m
    [33mclass[39m=[32m"MuiInputBase-input MuiOutlinedInput-input css-16wblaj-MuiInputBase-input-MuiOutlinedInput-input"[39m
    [33mid[39m=[32m"_r_2pe_"[39m
    [33mmaxlength[39m=[32m"50"[39m
    [33mrequired[39m=[32m""[39m
    [33mtype[39m=[32m"text"[39m
    [33mvalue[39m=[32m"JIRA-0887"[39m
  [36m/>[39m

  Name "Description for change item 887":
  [36m<textarea[39m
    [33maria-describedby[39m=[32m"change-item-886-desc-help"[39m
    [33maria-invalid[39m=[32m"false"[39m
    [33maria-label[39m=[32m"Description for change item 887"[39m
    [33mclass[39m=[32m"MuiInputBase-input MuiOutlinedInput-input css-w4nesw-MuiInputBase-input-MuiOutlinedInput-input"[39m
    [33mid[39m=[32m"_r_2pf_"[39m
    [33mmaxlength[39m=[32m"500"[39m
    [33mrequired[39m=[32m""[39m
    [33mrows[39m=[32m"3"[39m
    [33mstyle[39m=[32m"height: 0px; overflow: hidden;"[39m
  [36m/>[39m

  Name "Jira number for change item 888":
  [36m<input[39m
    [33maria-describedby[39m=[32m"change-item-887-jira-help"[39m
    [33maria-invalid[39m=[32m"false"[39m
    [33maria-label[39m=[32m"Jira number for change item 888"[39m
    [33mclass[39m=[32m"MuiInputBase-input MuiOutlinedInput-input css-16wblaj-MuiInputBase-input-MuiOutlinedInput-input"[39m
    [33mid[39m=[32m"_r_2ph_"[39m
    [33mmaxlength[39m=[32m"50"[39m
    [33mrequired[39m=[32m""[39m
    [33mtype[39m=[32m"text"[39m
    [33mvalue[39m=[32m"JIRA-0888"[39m
  [36m/>[39m

  Name "Description for change item 888":
  [36m<textarea[39m
    [33maria-describedby[39m=[32m"change-item-887-desc-help"[39m
    [33maria-invalid[39m=[32m"false"[39m
    [33maria-label[39m=[32m"Description for change item 888"[39m
    [33mclass[39m=[32m"MuiInputBase-input MuiOutlinedInput-input css-w4nesw-MuiInputBase-input-MuiOutlinedInput-input"[39m
    [33mid[39m=[32m"_r_2pi_"[39m
    [33mmaxlength[39m=[32m"500"[39m
    [33mrequired[39m=[32m""[39m
    [33mrows[39m=[32m"3"[39m
    [33mstyle[39m=[32m"height: 0px; overflow: hidden;"[39m
  [36m/>[39m

  Name "Jira number for change item 889":
  [36m<input[39m
    [33maria-describedby[39m=[32m"change-item-888-jira-help"[39m
    [33maria-invalid[39m=[32m"false"[39m
    [33maria-label[39m=[32m"Jira number for change item 889"[39m
    [33mclass[39m=[32m"MuiInputBase-input MuiOutlinedInput-input css-16wblaj-MuiInputBase-input-MuiOutlinedInput-input"[39m
    [33mid[39m=[32m"_r_2pk_"[39m
    [33mmaxlength[39m=[32m"50"[39m
    [33mrequired[39m=[32m""[39m
    [33mtype[39m=[32m"text"[39m
    [33mvalue[39m=[32m"JIRA-0889"[39m
  [36m/>[39m

  Name "Description for change item 889":
  [36m<textarea[39m
    [33maria-describedby[39m=[32m"change-item-888-desc-help"[39m
    [33maria-invalid[39m=[32m"false"[39m
    [33maria-label[39m=[32m"Description for change item 889"[39m
    [33mclass[39m=[32m"MuiInputBase-input MuiOutlinedInput-input css-w4nesw-MuiInputBase-input-MuiOutlinedInput-input"[39m
    [33mid[39m=[32m"_r_2pl_"[39m
    [33mmaxlength[39m=[32m"500"[39m
    [33mrequired[39m=[32m""[39m
    [33mrows[39m=[32m"3"[39m
    [33mstyle[39m=[32m"height: 0px; overflow: hidden;"[39m
  [36m/>[39m

  Name "Jira number for change item 890":
  [36m<input[39m
    [33maria-describedby[39m=[32m"change-item-889-jira-help"[39m
    [33maria-invalid[39m=[32m"false"[39m
    [33maria-label[39m=[32m"Jira number for change item 890"[39m
    [33mclass[39m=[32m"MuiInputBase-input MuiOutlinedInput-input css-16wblaj-MuiInputBase-input-MuiOutlinedInput-input"[39m
    [33mid[39m=[32m"_r_2pn_"[39m
    [33mmaxlength[39m=[32m"50"[39m
    [33mrequired[39m=[32m""[39m
    [33mtype[39m=[32m"text"[39m
    [33mvalue[39m=[32m"JIRA-0890"[39m
  [36m/>[39m

  Name "Description for change item 890":
  [36m<textarea[39m
    [33maria-describedby[39m=[32m"change-item-889-desc-help"[39m
    [33maria-invalid[39m=[32m"false"[39m
    [33maria-label[39m=[32m"Description for change item 890"[39m
    [33mclass[39m=[32m"MuiInputBase-input MuiOutlinedInput-input css-w4nesw-MuiInputBase-input-MuiOutlinedInput-input"[39m
    [33mid[39m=[32m"_r_2po_"[39m
    [33mmaxlength[39m=[32m"500"[39m
    [33mrequired[39m=[32m""[39m
    [33mrows[39m=[32m"3"[39m
    [33mstyle[39m=[32m"height: 0px; overflow: hidden;"[39m
  [36m/>[39m

  Name "Jira number for change item 891":
  [36m<input[39m
    [33maria-describedby[39m=[32m"change-item-890-jira-help"[39m
    [33maria-invalid[39m=[32m"false"[39m
    [33maria-label[39m=[32m"Jira number for change item 891"[39m
    [33mclass[39m=[32m"MuiInputBase-input MuiOutlinedInput-input css-16wblaj-MuiInputBase-input-MuiOutlinedInput-input"[39m
    [33mid[39m=[32m"_r_2pq_"[39m
    [33mmaxlength[39m=[32m"50"[39m
    [33mrequired[39m=[32m""[39m
    [33mtype[39m=[32m"text"[39m
    [33mvalue[39m=[32m"JIRA-0891"[39m
  [36m/>[39m

  Name "Description for change item 891":
  [36m<textarea[39m
    [33maria-describedby[39m=[32m"change-item-890-desc-help"[39m
    [33maria-invalid[39m=[32m"false"[39m
    [33maria-label[39m=[32m"Description for change item 891"[39m
    [33mclass[39m=[32m"MuiInputBase-input MuiOutlinedInput-input css-w4nesw-MuiInputBase-input-MuiOutlinedInput-input"[39m
    [33mid[39m=[32m"_r_2pr_"[39m
    [33mmaxlength[39m=[32m"500"[39m
    [33mrequired[39m=[32m""[39m
    [33mrows[39m=[32m"3"[39m
    [33mstyle[39m=[32m"height: 0px; overflow: hidden;"[39m
  [36m/>[39m

  Name "Jira number for change item 892":
  [36m<input[39m
    [33maria-describedby[39m=[32m"change-item-891-jira-help"[39m
    [33maria-invalid[39m=[32m"false"[39m
    [33maria-label[39m=[32m"Jira number for change item 892"[39m
    [33mclass[39m=[32m"MuiInputBase-input MuiOutlinedInput-input css-16wblaj-MuiInputBase-input-MuiOutlinedInput-input"[39m
    [33mid[39m=[32m"_r_2pt_"[39m
    [33mmaxlength[39m=[32m"50"[39m
    [33mrequired[39m=[32m""[39m
    [33mtype[39m=[32m"text"[39m
    [33mvalue[39m=[32m"JIRA-0892"[39m
  [36m/>[39m

  Name "Description for change item 892":
  [36m<textarea[39m
    [33maria-describedby[39m=[32m"change-item-891-desc-help"[39m
    [33maria-invalid[39m=[32m"false"[39m
    [33maria-label[39m=[32m"Description for change item 892"[39m
    [33mclass[39m=[32m"MuiInputBase-input MuiOutlinedInput-input css-w4nesw-MuiInputBase-input-MuiOutlinedInput-input"[39m
    [33mid[39m=[32m"_r_2pu_"[39m
    [33mmaxlength[39m=[32m"500"[39m
    [33mrequired[39m=[32m""[39m
    [33mrows[39m=[32m"3"[39m
    [33mstyle[39m=[32m"height: 0px; overflow: hidden;"[39m
  [36m/>[39m

  Name "Jira number for change item 893":
  [36m<input[39m
    [33maria-describedby[39m=[32m"change-item-892-jira-help"[39m
    [33maria-invalid[39m=[32m"false"[39m
    [33maria-label[39m=[32m"Jira number for change item 893"[39m
    [33mclass[39m=[32m"MuiInputBase-input MuiOutlinedInput-input css-16wblaj-MuiInputBase-input-MuiOutlinedInput-input"[39m
    [33mid[39m=[32m"_r_2q0_"[39m
    [33mmaxlength[39m=[32m"50"[39m
    [33mrequired[39m=[32m""[39m
    [33mtype[39m=[32m"text"[39m
    [33mvalue[39m=[32m"JIRA-0893"[39m
  [36m/>[39m

  Name "Description for change item 893":
  [36m<textarea[39m
    [33maria-describedby[39m=[32m"change-item-892-desc-help"[39m
    [33maria-invalid[39m=[32m"false"[39m
    [33maria-label[39m=[32m"Description for change item 893"[39m
    [33mclass[39m=[32m"MuiInputBase-input MuiOutlinedInput-input css-w4nesw-MuiInputBase-input-MuiOutlinedInput-input"[39m
    [33mid[39m=[32m"_r_2q1_"[39m
    [33mmaxlength[39m=[32m"500"[39m
    [33mrequired[39m=[32m""[39m
    [33mrows[39m=[32m"3"[39m
    [33mstyle[39m=[32m"height: 0px; overflow: hidden;"[39m
  [36m/>[39m

  Name "Jira number for change item 894":
  [36m<input[39m
    [33maria-describedby[39m=[32m"change-item-893-jira-help"[39m
    [33maria-invalid[39m=[32m"false"[39m
    [33maria-label[39m=[32m"Jira number for change item 894"[39m
    [33mclass[39m=[32m"MuiInputBase-input MuiOutlinedInput-input css-16wblaj-MuiInputBase-input-MuiOutlinedInput-input"[39m
    [33mid[39m=[32m"_r_2q3_"[39m
    [33mmaxlength[39m=[32m"50"[39m
    [33mrequired[39m=[32m""[39m
    [33mtype[39m=[32m"text"[39m
    [33mvalue[39m=[32m"JIRA-0894"[39m
  [36m/>[39m

  Name "Description for change item 894":
  [36m<textarea[39m
    [33maria-describedby[39m=[32m"change-item-893-desc-help"[39m
    [33maria-invalid[39m=[32m"false"[39m
    [33maria-label[39m=[32m"Description for change item 894"[39m
    [33mclass[39m=[32m"MuiInputBase-input MuiOutlinedInput-input css-w4nesw-MuiInputBase-input-MuiOutlinedInput-input"[39m
    [33mid[39m=[32m"_r_2q4_"[39m
    [33mmaxlength[39m=[32m"500"[39m
    [33mrequired[39m=[32m""[39m
    [33mrows[39m=[32m"3"[39m
    [33mstyle[39m=[32m"height: 0px; overflow: hidden;"[39m
  [36m/>[39m

  Name "Jira number for change item 895":
  [36m<input[39m
    [33maria-describedby[39m=[32m"change-item-894-jira-help"[39m
    [33maria-invalid[39m=[32m"false"[39m
    [33maria-label[39m=[32m"Jira number for change item 895"[39m
    [33mclass[39m=[32m"MuiInputBase-input MuiOutlinedInput-input css-16wblaj-MuiInputBase-input-MuiOutlinedInput-input"[39m
    [33mid[39m=[32m"_r_2q6_"[39m
    [33mmaxlength[39m=[32m"50"[39m
    [33mrequired[39m=[32m""[39m
    [33mtype[39m=[32m"text"[39m
    [33mvalue[39m=[32m"JIRA-0895"[39m
  [36m/>[39m

  Name "Description for change item 895":
  [36m<textarea[39m
    [33maria-describedby[39m=[32m"change-item-894-desc-help"[39m
    [33maria-invalid[39m=[32m"false"[39m
    [33maria-label[39m=[32m"Description for change item 895"[39m
    [33mclass[39m=[32m"MuiInputBase-input MuiOutlinedInput-input css-w4nesw-MuiInputBase-input-MuiOutlinedInput-input"[39m
    [33mid[39m=[32m"_r_2q7_"[39m
    [33mmaxlength[39m=[32m"500"[39m
    [33mrequired[39m=[32m""[39m
    [33mrows[39m=[32m"3"[39m
    [33mstyle[39m=[32m"height: 0px; overflow: hidden;"[39m
  [36m/>[39m

  Name "Jira number for change item 896":
  [36m<input[39m
    [33maria-describedby[39m=[32m"change-item-895-jira-help"[39m
    [33maria-invalid[39m=[32m"false"[39m
    [33maria-label[39m=[32m"Jira number for change item 896"[39m
    [33mclass[39m=[32m"MuiInputBase-input MuiOutlinedInput-input css-16wblaj-MuiInputBase-input-MuiOutlinedInput-input"[39m
    [33mid[39m=[32m"_r_2q9_"[39m
    [33mmaxlength[39m=[32m"50"[39m
    [33mrequired[39m=[32m""[39m
    [33mtype[39m=[32m"text"[39m
    [33mvalue[39m=[32m"JIRA-0896"[39m
  [36m/>[39m

  Name "Description for change item 896":
  [36m<textarea[39m
    [33maria-describedby[39m=[32m"change-item-895-desc-help"[39m
    [33maria-invalid[39m=[32m"false"[39m
    [33maria-label[39m=[32m"Description for change item 896"[39m
    [33mclass[39m=[32m"MuiInputBase-input MuiOutlinedInput-input css-w4nesw-MuiInputBase-input-MuiOutlinedInput-input"[39m
    [33mid[39m=[32m"_r_2qa_"[39m
    [33mmaxlength[39m=[32m"500"[39m
    [33mrequired[39m=[32m""[39m
    [33mrows[39m=[32m"3"[39m
    [33mstyle[39m=[32m"height: 0px; overflow: hidden;"[39m
  [36m/>[39m

  Name "Jira number for change item 897":
  [36m<input[39m
    [33maria-describedby[39m=[32m"change-item-896-jira-help"[39m
    [33maria-invalid[39m=[32m"false"[39m
    [33maria-label[39m=[32m"Jira number for change item 897"[39m
    [33mclass[39m=[32m"MuiInputBase-input MuiOutlinedInput-input css-16wblaj-MuiInputBase-input-MuiOutlinedInput-input"[39m
    [33mid[39m=[32m"_r_2qc_"[39m
    [33mmaxlength[39m=[32m"50"[39m
    [33mrequired[39m=[32m""[39m
    [33mtype[39m=[32m"text"[39m
    [33mvalue[39m=[32m"JIRA-0897"[39m
  [36m/>[39m

  Name "Description for change item 897":
  [36m<textarea[39m
    [33maria-describedby[39m=[32m"change-item-896-desc-help"[39m
    [33maria-invalid[39m=[32m"false"[39m
    [33maria-label[39m=[32m"Description for change item 897"[39m
    [33mclass[39m=[32m"MuiInputBase-input MuiOutlinedInput-input css-w4nesw-MuiInputBase-input-MuiOutlinedInput-input"[39m
    [33mid[39m=[32m"_r_2qd_"[39m
    [33mmaxlength[39m=[32m"500"[39m
    [33mrequired[39m=[32m""[39m
    [33mrows[39m=[32m"3"[39m
    [33mstyle[39m=[32m"height: 0px; overflow: hidden;"[39m
  [36m/>[39m

  Name "Jira number for change item 898":
  [36m<input[39m
    [33maria-describedby[39m=[32m"change-item-897-jira-help"[39m
    [33maria-invalid[39m=[32m"false"[39m
    [33maria-label[39m=[32m"Jira number for change item 898"[39m
    [33mclass[39m=[32m"MuiInputBase-input MuiOutlinedInput-input css-16wblaj-MuiInputBase-input-MuiOutlinedInput-input"[39m
    [33mid[39m=[32m"_r_2qf_"[39m
    [33mmaxlength[39m=[32m"50"[39m
    [33mrequired[39m=[32m""[39m
    [33mtype[39m=[32m"text"[39m
    [33mvalue[39m=[32m"JIRA-0898"[39m
  [36m/>[39m

  Name "Description for change item 898":
  [36m<textarea[39m
    [33maria-describedby[39m=[32m"change-item-897-desc-help"[39m
    [33maria-invalid[39m=[32m"false"[39m
    [33maria-label[39m=[32m"Description for change item 898"[39m
    [33mclass[39m=[32m"MuiInputBase-input MuiOutlinedInput-input css-w4nesw-MuiInputBase-input-MuiOutlinedInput-input"[39m
    [33mid[39m=[32m"_r_2qg_"[39m
    [33mmaxlength[39m=[32m"500"[39m
    [33mrequired[39m=[32m""[39m
    [33mrows[39m=[32m"3"[39m
    [33mstyle[39m=[32m"height: 0px; overflow: hidden;"[39m
  [36m/>[39m

  Name "Jira number for change item 899":
  [36m<input[39m
    [33maria-describedby[39m=[32m"change-item-898-jira-help"[39m
    [33maria-invalid[39m=[32m"false"[39m
    [33maria-label[39m=[32m"Jira number for change item 899"[39m
    [33mclass[39m=[32m"MuiInputBase-input MuiOutlinedInput-input css-16wblaj-MuiInputBase-input-MuiOutlinedInput-input"[39m
    [33mid[39m=[32m"_r_2qi_"[39m
    [33mmaxlength[39m=[32m"50"[39m
    [33mrequired[39m=[32m""[39m
    [33mtype[39m=[32m"text"[39m
    [33mvalue[39m=[32m"JIRA-0899"[39m
  [36m/>[39m

  Name "Description for change item 899":
  [36m<textarea[39m
    [33maria-describedby[39m=[32m"change-item-898-desc-help"[39m
    [33maria-invalid[39m=[32m"false"[39m
    [33maria-label[39m=[32m"Description for change item 899"[39m
    [33mclass[39m=[32m"MuiInputBase-input MuiOutlinedInput-input css-w4nesw-MuiInputBase-input-MuiOutlinedInput-input"[39m
    [33mid[39m=[32m"_r_2qj_"[39m
    [33mmaxlength[39m=[32m"500"[39m
    [33mrequired[39m=[32m""[39m
    [33mrows[39m=[32m"3"[39m
    [33mstyle[39m=[32m"height: 0px; overflow: hidden;"[39m
  [36m/>[39m

  Name "Jira number for change item 900":
  [36m<input[39m
    [33maria-describedby[39m=[32m"change-item-899-jira-help"[39m
    [33maria-invalid[39m=[32m"false"[39m
    [33maria-label[39m=[32m"Jira number for change item 900"[39m
    [33mclass[39m=[32m"MuiInputBase-input MuiOutlinedInput-input css-16wblaj-MuiInputBase-input-MuiOutlinedInput-input"[39m
    [33mid[39m=[32m"_r_2ql_"[39m
    [33mmaxlength[39m=[32m"50"[39m
    [33mrequired[39m=[32m""[39m
    [33mtype[39m=[32m"text"[39m
    [33mvalue[39m=[32m"JIRA-0900"[39m
  [36m/>[39m

  Name "Description for change item 900":
  [36m<textarea[39m
    [33maria-describedby[39m=[32m"change-item-899-desc-help"[39m
    [33maria-invalid[39m=[32m"false"[39m
    [33maria-label[39m=[32m"Description for change item 900"[39m
    [33mclass[39m=[32m"MuiInputBase-input MuiOutlinedInput-input css-w4nesw-MuiInputBase-input-MuiOutlinedInput-input"[39m
    [33mid[39m=[32m"_r_2qm_"[39m
    [33mmaxlength[39m=[32m"500"[39m
    [33mrequired[39m=[32m""[39m
    [33mrows[39m=[32m"3"[39m
    [33mstyle[39m=[32m"height: 0px; overflow: hidden;"[39m
  [36m/>[39m

  Name "Jira number for change item 901":
  [36m<input[39m
    [33maria-describedby[39m=[32m"change-item-900-jira-help"[39m
    [33maria-invalid[39m=[32m"false"[39m
    [33maria-label[39m=[32m"Jira number for change item 901"[39m
    [33mclass[39m=[32m"MuiInputBase-input MuiOutlinedInput-input css-16wblaj-MuiInputBase-input-MuiOutlinedInput-input"[39m
    [33mid[39m=[32m"_r_2qo_"[39m
    [33mmaxlength[39m=[32m"50"[39m
    [33mrequired[39m=[32m""[39m
    [33mtype[39m=[32m"text"[39m
    [33mvalue[39m=[32m"JIRA-0901"[39m
  [36m/>[39m

  Name "Description for change item 901":
  [36m<textarea[39m
    [33maria-describedby[39m=[32m"change-item-900-desc-help"[39m
    [33maria-invalid[39m=[32m"false"[39m
    [33maria-label[39m=[32m"Description for change item 901"[39m
    [33mclass[39m=[32m"MuiInputBase-input MuiOutlinedInput-input css-w4nesw-MuiInputBase-input-MuiOutlinedInput-input"[39m
    [33mid[39m=[32m"_r_2qp_"[39m
    [33mmaxlength[39m=[32m"500"[39m
    [33mrequired[39m=[32m""[39m
    [33mrows[39m=[32m"3"[39m
    [33mstyle[39m=[32m"height: 0px; overflow: hidden;"[39m
  [36m/>[39m

  Name "Jira number for change item 902":
  [36m<input[39m
    [33maria-describedby[39m=[32m"change-item-901-jira-help"[39m
    [33maria-invalid[39m=[32m"false"[39m
    [33maria-label[39m=[32m"Jira number for change item 902"[39m
    [33mclass[39m=[32m"MuiInputBase-input MuiOutlinedInput-input css-16wblaj-MuiInputBase-input-MuiOutlinedInput-input"[39m
    [33mid[39m=[32m"_r_2qr_"[39m
    [33mmaxlength[39m=[32m"50"[39m
    [33mrequired[39m=[32m""[39m
    [33mtype[39m=[32m"text"[39m
    [33mvalue[39m=[32m"JIRA-0902"[39m
  [36m/>[39m

  Name "Description for change item 902":
  [36m<textarea[39m
    [33maria-describedby[39m=[32m"change-item-901-desc-help"[39m
    [33maria-invalid[39m=[32m"false"[39m
    [33maria-label[39m=[32m"Description for change item 902"[39m
    [33mclass[39m=[32m"MuiInputBase-input MuiOutlinedInput-input css-w4nesw-MuiInputBase-input-MuiOutlinedInput-input"[39m
    [33mid[39m=[32m"_r_2qs_"[39m
    [33mmaxlength[39m=[32m"500"[39m
    [33mrequired[39m=[32m""[39m
    [33mrows[39m=[32m"3"[39m
    [33mstyle[39m=[32m"height: 0px; overflow: hidden;"[39m
  [36m/>[39m

  Name "Jira number for change item 903":
  [36m<input[39m
    [33maria-describedby[39m=[32m"change-item-902-jira-help"[39m
    [33maria-invalid[39m=[32m"false"[39m
    [33maria-label[39m=[32m"Jira number for change item 903"[39m
    [33mclass[39m=[32m"MuiInputBase-input MuiOutlinedInput-input css-16wblaj-MuiInputBase-input-MuiOutlinedInput-input"[39m
    [33mid[39m=[32m"_r_2qu_"[39m
    [33mmaxlength[39m=[32m"50"[39m
    [33mrequired[39m=[32m""[39m
    [33mtype[39m=[32m"text"[39m
    [33mvalue[39m=[32m"JIRA-0903"[39m
  [36m/>[39m

  Name "Description for change item 903":
  [36m<textarea[39m
    [33maria-describedby[39m=[32m"change-item-902-desc-help"[39m
    [33maria-invalid[39m=[32m"false"[39m
    [33maria-label[39m=[32m"Description for change item 903"[39m
    [33mclass[39m=[32m"MuiInputBase-input MuiOutlinedInput-input css-w4nesw-MuiInputBase-input-MuiOutlinedInput-input"[39m
    [33mid[39m=[32m"_r_2qv_"[39m
    [33mmaxlength[39m=[32m"500"[39m
    [33mrequired[39m=[32m""[39m
    [33mrows[39m=[32m"3"[39m
    [33mstyle[39m=[32m"height: 0px; overflow: hidden;"[39m
  [36m/>[39m

  Name "Jira number for change item 904":
  [36m<input[39m
    [33maria-describedby[39m=[32m"change-item-903-jira-help"[39m
    [33maria-invalid[39m=[32m"false"[39m
    [33maria-label[39m=[32m"Jira number for change item 904"[39m
    [33mclass[39m=[32m"MuiInputBase-input MuiOutlinedInput-input css-16wblaj-MuiInputBase-input-MuiOutlinedInput-input"[39m
    [33mid[39m=[32m"_r_2r1_"[39m
    [33mmaxlength[39m=[32m"50"[39m
    [33mrequired[39m=[32m""[39m
    [33mtype[39m=[32m"text"[39m
    [33mvalue[39m=[32m"JIRA-0904"[39m
  [36m/>[39m

  Name "Description for change item 904":
  [36m<textarea[39m
    [33maria-describedby[39m=[32m"change-item-903-desc-help"[39m
    [33maria-invalid[39m=[32m"false"[39m
    [33maria-label[39m=[32m"Description for change item 904"[39m
    [33mclass[39m=[32m"MuiInputBase-input MuiOutlinedInput-input css-w4nesw-MuiInputBase-input-MuiOutlinedInput-input"[39m
    [33mid[39m=[32m"_r_2r2_"[39m
    [33mmaxlength[39m=[32m"500"[39m
    [33mrequired[39m=[32m""[39m
    [33mrows[39m=[32m"3"[39m
    [33mstyle[39m=[32m"height: 0px; overflow: hidden;"[39m
  [36m/>[39m

  Name "Jira number for change item 905":
  [36m<input[39m
    [33maria-describedby[39m=[32m"change-item-904-jira-help"[39m
    [33maria-invalid[39m=[32m"false"[39m
    [33maria-label[39m=[32m"Jira number for change item 905"[39m
    [33mclass[39m=[32m"MuiInputBase-input MuiOutlinedInput-input css-16wblaj-MuiInputBase-input-MuiOutlinedInput-input"[39m
    [33mid[39m=[32m"_r_2r4_"[39m
    [33mmaxlength[39m=[32m"50"[39m
    [33mrequired[39m=[32m""[39m
    [33mtype[39m=[32m"text"[39m
    [33mvalue[39m=[32m"JIRA-0905"[39m
  [36m/>[39m

  Name "Description for change item 905":
  [36m<textarea[39m
    [33maria-describedby[39m=[32m"change-item-904-desc-help"[39m
    [33maria-invalid[39m=[32m"false"[39m
    [33maria-label[39m=[32m"Description for change item 905"[39m
    [33mclass[39m=[32m"MuiInputBase-input MuiOutlinedInput-input css-w4nesw-MuiInputBase-input-MuiOutlinedInput-input"[39m
    [33mid[39m=[32m"_r_2r5_"[39m
    [33mmaxlength[39m=[32m"500"[39m
    [33mrequired[39m=[32m""[39m
    [33mrows[39m=[32m"3"[39m
    [33mstyle[39m=[32m"height: 0px; overflow: hidden;"[39m
  [36m/>[39m

  Name "Jira number for change item 906":
  [36m<input[39m
    [33maria-describedby[39m=[32m"change-item-905-jira-help"[39m
    [33maria-invalid[39m=[32m"false"[39m
    [33maria-label[39m=[32m"Jira number for change item 906"[39m
    [33mclass[39m=[32m"MuiInputBase-input MuiOutlinedInput-input css-16wblaj-MuiInputBase-input-MuiOutlinedInput-input"[39m
    [33mid[39m=[32m"_r_2r7_"[39m
    [33mmaxlength[39m=[32m"50"[39m
    [33mrequired[39m=[32m""[39m
    [33mtype[39m=[32m"text"[39m
    [33mvalue[39m=[32m"JIRA-0906"[39m
  [36m/>[39m

  Name "Description for change item 906":
  [36m<textarea[39m
    [33maria-describedby[39m=[32m"change-item-905-desc-help"[39m
    [33maria-invalid[39m=[32m"false"[39m
    [33maria-label[39m=[32m"Description for change item 906"[39m
    [33mclass[39m=[32m"MuiInputBase-input MuiOutlinedInput-input css-w4nesw-MuiInputBase-input-MuiOutlinedInput-input"[39m
    [33mid[39m=[32m"_r_2r8_"[39m
    [33mmaxlength[39m=[32m"500"[39m
    [33mrequired[39m=[32m""[39m
    [33mrows[39m=[32m"3"[39m
    [33mstyle[39m=[32m"height: 0px; overflow: hidden;"[39m
  [36m/>[39m

  Name "Jira number for change item 907":
  [36m<input[39m
    [33maria-describedby[39m=[32m"change-item-906-jira-help"[39m
    [33maria-invalid[39m=[32m"false"[39m
    [33maria-label[39m=[32m"Jira number for change item 907"[39m
    [33mclass[39m=[32m"MuiInputBase-input MuiOutlinedInput-input css-16wblaj-MuiInputBase-input-MuiOutlinedInput-input"[39m
    [33mid[39m=[32m"_r_2ra_"[39m
    [33mmaxlength[39m=[32m"50"[39m
    [33mrequired[39m=[32m""[39m
    [33mtype[39m=[32m"text"[39m
    [33mvalue[39m=[32m"JIRA-0907"[39m
  [36m/>[39m

  Name "Description for change item 907":
  [36m<textarea[39m
    [33maria-describedby[39m=[32m"change-item-906-desc-help"[39m
    [33maria-invalid[39m=[32m"false"[39m
    [33maria-label[39m=[32m"Description for change item 907"[39m
    [33mclass[39m=[32m"MuiInputBase-input MuiOutlinedInput-input css-w4nesw-MuiInputBase-input-MuiOutlinedInput-input"[39m
    [33mid[39m=[32m"_r_2rb_"[39m
    [33mmaxlength[39m=[32m"500"[39m
    [33mrequired[39m=[32m""[39m
    [33mrows[39m=[32m"3"[39m
    [33mstyle[39m=[32m"height: 0px; overflow: hidden;"[39m
  [36m/>[39m

  Name "Jira number for change item 908":
  [36m<input[39m
    [33maria-describedby[39m=[32m"change-item-907-jira-help"[39m
    [33maria-invalid[39m=[32m"false"[39m
    [33maria-label[39m=[32m"Jira number for change item 908"[39m
    [33mclass[39m=[32m"MuiInputBase-input MuiOutlinedInput-input css-16wblaj-MuiInputBase-input-MuiOutlinedInput-input"[39m
    [33mid[39m=[32m"_r_2rd_"[39m
    [33mmaxlength[39m=[32m"50"[39m
    [33mrequired[39m=[32m""[39m
    [33mtype[39m=[32m"text"[39m
    [33mvalue[39m=[32m"JIRA-0908"[39m
  [36m/>[39m

  Name "Description for change item 908":
  [36m<textarea[39m
    [33maria-describedby[39m=[32m"change-item-907-desc-help"[39m
    [33maria-invalid[39m=[32m"false"[39m
    [33maria-label[39m=[32m"Description for change item 908"[39m
    [33mclass[39m=[32m"MuiInputBase-input MuiOutlinedInput-input css-w4nesw-MuiInputBase-input-MuiOutlinedInput-input"[39m
    [33mid[39m=[32m"_r_2re_"[39m
    [33mmaxlength[39m=[32m"500"[39m
    [33mrequired[39m=[32m""[39m
    [33mrows[39m=[32m"3"[39m
    [33mstyle[39m=[32m"height: 0px; overflow: hidden;"[39m
  [36m/>[39m

  Name "Jira number for change item 909":
  [36m<input[39m
    [33maria-describedby[39m=[32m"change-item-908-jira-help"[39m
    [33maria-invalid[39m=[32m"false"[39m
    [33maria-label[39m=[32m"Jira number for change item 909"[39m
    [33mclass[39m=[32m"MuiInputBase-input MuiOutlinedInput-input css-16wblaj-MuiInputBase-input-MuiOutlinedInput-input"[39m
    [33mid[39m=[32m"_r_2rg_"[39m
    [33mmaxlength[39m=[32m"50"[39m
    [33mrequired[39m=[32m""[39m
    [33mtype[39m=[32m"text"[39m
    [33mvalue[39m=[32m"JIRA-0909"[39m
  [36m/>[39m

  Name "Description for change item 909":
  [36m<textarea[39m
    [33maria-describedby[39m=[32m"change-item-908-desc-help"[39m
    [33maria-invalid[39m=[32m"false"[39m
    [33maria-label[39m=[32m"Description for change item 909"[39m
    [33mclass[39m=[32m"MuiInputBase-input MuiOutlinedInput-input css-w4nesw-MuiInputBase-input-MuiOutlinedInput-input"[39m
    [33mid[39m=[32m"_r_2rh_"[39m
    [33mmaxlength[39m=[32m"500"[39m
    [33mrequired[39m=[32m""[39m
    [33mrows[39m=[32m"3"[39m
    [33mstyle[39m=[32m"height: 0px; overflow: hidden;"[39m
  [36m/>[39m

  Name "Jira number for change item 910":
  [36m<input[39m
    [33maria-describedby[39m=[32m"change-item-909-jira-help"[39m
    [33maria-invalid[39m=[32m"false"[39m
    [33maria-label[39m=[32m"Jira number for change item 910"[39m
    [33mclass[39m=[32m"MuiInputBase-input MuiOutlinedInput-input css-16wblaj-MuiInputBase-input-MuiOutlinedInput-input"[39m
    [33mid[39m=[32m"_r_2rj_"[39m
    [33mmaxlength[39m=[32m"50"[39m
    [33mrequired[39m=[32m""[39m
    [33mtype[39m=[32m"text"[39m
    [33mvalue[39m=[32m"JIRA-0910"[39m
  [36m/>[39m

  Name "Description for change item 910":
  [36m<textarea[39m
    [33maria-describedby[39m=[32m"change-item-909-desc-help"[39m
    [33maria-invalid[39m=[32m"false"[39m
    [33maria-label[39m=[32m"Description for change item 910"[39m
    [33mclass[39m=[32m"MuiInputBase-input MuiOutlinedInput-input css-w4nesw-MuiInputBase-input-MuiOutlinedInput-input"[39m
    [33mid[39m=[32m"_r_2rk_"[39m
    [33mmaxlength[39m=[32m"500"[39m
    [33mrequired[39m=[32m""[39m
    [33mrows[39m=[32m"3"[39m
    [33mstyle[39m=[32m"height: 0px; overflow: hidden;"[39m
  [36m/>[39m

  Name "Jira number for change item 911":
  [36m<input[39m
    [33maria-describedby[39m=[32m"change-item-910-jira-help"[39m
    [33maria-invalid[39m=[32m"false"[39m
    [33maria-label[39m=[32m"Jira number for change item 911"[39m
    [33mclass[39m=[32m"MuiInputBase-input MuiOutlinedInput-input css-16wblaj-MuiInputBase-input-MuiOutlinedInput-input"[39m
    [33mid[39m=[32m"_r_2rm_"[39m
    [33mmaxlength[39m=[32m"50"[39m
    [33mrequired[39m=[32m""[39m
    [33mtype[39m=[32m"text"[39m
    [33mvalue[39m=[32m"JIRA-0911"[39m
  [36m/>[39m

  Name "Description for change item 911":
  [36m<textarea[39m
    [33maria-describedby[39m=[32m"change-item-910-desc-help"[39m
    [33maria-invalid[39m=[32m"false"[39m
    [33maria-label[39m=[32m"Description for change item 911"[39m
    [33mclass[39m=[32m"MuiInputBase-input MuiOutlinedInput-input css-w4nesw-MuiInputBase-input-MuiOutlinedInput-input"[39m
    [33mid[39m=[32m"_r_2rn_"[39m
    [33mmaxlength[39m=[32m"500"[39m
    [33mrequired[39m=[32m""[39m
    [33mrows[39m=[32m"3"[39m
    [33mstyle[39m=[32m"height: 0px; overflow: hidden;"[39m
  [36m/>[39m

  Name "Jira number for change item 912":
  [36m<input[39m
    [33maria-describedby[39m=[32m"change-item-911-jira-help"[39m
    [33maria-invalid[39m=[32m"false"[39m
    [33maria-label[39m=[32m"Jira number for change item 912"[39m
    [33mclass[39m=[32m"MuiInputBase-input MuiOutlinedInput-input css-16wblaj-MuiInputBase-input-MuiOutlinedInput-input"[39m
    [33mid[39m=[32m"_r_2rp_"[39m
    [33mmaxlength[39m=[32m"50"[39m
    [33mrequired[39m=[32m""[39m
    [33mtype[39m=[32m"text"[39m
    [33mvalue[39m=[32m"JIRA-0912"[39m
  [36m/>[39m

  Name "Description for change item 912":
  [36m<textarea[39m
    [33maria-describedby[39m=[32m"change-item-911-desc-help"[39m
    [33maria-invalid[39m=[32m"false"[39m
    [33maria-label[39m=[32m"Description for change item 912"[39m
    [33mclass[39m=[32m"MuiInputBase-input MuiOutlinedInput-input css-w4nesw-MuiInputBase-input-MuiOutlinedInput-input"[39m
    [33mid[39m=[32m"_r_2rq_"[39m
    [33mmaxlength[39m=[32m"500"[39m
    [33mrequired[39m=[32m""[39m
    [33mrows[39m=[32m"3"[39m
    [33mstyle[39m=[32m"height: 0px; overflow: hidden;"[39m
  [36m/>[39m

  Name "Jira number for change item 913":
  [36m<input[39m
    [33maria-describedby[39m=[32m"change-item-912-jira-help"[39m
    [33maria-invalid[39m=[32m"false"[39m
    [33maria-label[39m=[32m"Jira number for change item 913"[39m
    [33mclass[39m=[32m"MuiInputBase-input MuiOutlinedInput-input css-16wblaj-MuiInputBase-input-MuiOutlinedInput-input"[39m
    [33mid[39m=[32m"_r_2rs_"[39m
    [33mmaxlength[39m=[32m"50"[39m
    [33mrequired[39m=[32m""[39m
    [33mtype[39m=[32m"text"[39m
    [33mvalue[39m=[32m"JIRA-0913"[39m
  [36m/>[39m

  Name "Description for change item 913":
  [36m<textarea[39m
    [33maria-describedby[39m=[32m"change-item-912-desc-help"[39m
    [33maria-invalid[39m=[32m"false"[39m
    [33maria-label[39m=[32m"Description for change item 913"[39m
    [33mclass[39m=[32m"MuiInputBase-input MuiOutlinedInput-input css-w4nesw-MuiInputBase-input-MuiOutlinedInput-input"[39m
    [33mid[39m=[32m"_r_2rt_"[39m
    [33mmaxlength[39m=[32m"500"[39m
    [33mrequired[39m=[32m""[39m
    [33mrows[39m=[32m"3"[39m
    [33mstyle[39m=[32m"height: 0px; overflow: hidden;"[39m
  [36m/>[39m

  Name "Jira number for change item 914":
  [36m<input[39m
    [33maria-describedby[39m=[32m"change-item-913-jira-help"[39m
    [33maria-invalid[39m=[32m"false"[39m
    [33maria-label[39m=[32m"Jira number for change item 914"[39m
    [33mclass[39m=[32m"MuiInputBase-input MuiOutlinedInput-input css-16wblaj-MuiInputBase-input-MuiOutlinedInput-input"[39m
    [33mid[39m=[32m"_r_2rv_"[39m
    [33mmaxlength[39m=[32m"50"[39m
    [33mrequired[39m=[32m""[39m
    [33mtype[39m=[32m"text"[39m
    [33mvalue[39m=[32m"JIRA-0914"[39m
  [36m/>[39m

  Name "Description for change item 914":
  [36m<textarea[39m
    [33maria-describedby[39m=[32m"change-item-913-desc-help"[39m
    [33maria-invalid[39m=[32m"false"[39m
    [33maria-label[39m=[32m"Description for change item 914"[39m
    [33mclass[39m=[32m"MuiInputBase-input MuiOutlinedInput-input css-w4nesw-MuiInputBase-input-MuiOutlinedInput-input"[39m
    [33mid[39m=[32m"_r_2s0_"[39m
    [33mmaxlength[39m=[32m"500"[39m
    [33mrequired[39m=[32m""[39m
    [33mrows[39m=[32m"3"[39m
    [33mstyle[39m=[32m"height: 0px; overflow: hidden;"[39m
  [36m/>[39m

  Name "Jira number for change item 915":
  [36m<input[39m
    [33maria-describedby[39m=[32m"change-item-914-jira-help"[39m
    [33maria-invalid[39m=[32m"false"[39m
    [33maria-label[39m=[32m"Jira number for change item 915"[39m
    [33mclass[39m=[32m"MuiInputBase-input MuiOutlinedInput-input css-16wblaj-MuiInputBase-input-MuiOutlinedInput-input"[39m
    [33mid[39m=[32m"_r_2s2_"[39m
    [33mmaxlength[39m=[32m"50"[39m
    [33mrequired[39m=[32m""[39m
    [33mtype[39m=[32m"text"[39m
    [33mvalue[39m=[32m"JIRA-0915"[39m
  [36m/>[39m

  Name "Description for change item 915":
  [36m<textarea[39m
    [33maria-describedby[39m=[32m"change-item-914-desc-help"[39m
    [33maria-invalid[39m=[32m"false"[39m
    [33maria-label[39m=[32m"Description for change item 915"[39m
    [33mclass[39m=[32m"MuiInputBase-input MuiOutlinedInput-input css-w4nesw-MuiInputBase-input-MuiOutlinedInput-input"[39m
    [33mid[39m=[32m"_r_2s3_"[39m
    [33mmaxlength[39m=[32m"500"[39m
    [33mrequired[39m=[32m""[39m
    [33mrows[39m=[32m"3"[39m
    [33mstyle[39m=[32m"height: 0px; overflow: hidden;"[39m
  [36m/>[39m

  Name "Jira number for change item 916":
  [36m<input[39m
    [33maria-describedby[39m=[32m"change-item-915-jira-help"[39m
    [33maria-invalid[39m=[32m"false"[39m
    [33maria-label[39m=[32m"Jira number for change item 916"[39m
    [33mclass[39m=[32m"MuiInputBase-input MuiOutlinedInput-input css-16wblaj-MuiInputBase-input-MuiOutlinedInput-input"[39m
    [33mid[39m=[32m"_r_2s5_"[39m
    [33mmaxlength[39m=[32m"50"[39m
    [33mrequired[39m=[32m""[39m
    [33mtype[39m=[32m"text"[39m
    [33mvalue[39m=[32m"JIRA-0916"[39m
  [36m/>[39m

  Name "Description for change item 916":
  [36m<textarea[39m
    [33maria-describedby[39m=[32m"change-item-915-desc-help"[39m
    [33maria-invalid[39m=[32m"false"[39m
    [33maria-label[39m=[32m"Description for change item 916"[39m
    [33mclass[39m=[32m"MuiInputBase-input MuiOutlinedInput-input css-w4nesw-MuiInputBase-input-MuiOutlinedInput-input"[39m
    [33mid[39m=[32m"_r_2s6_"[39m
    [33mmaxlength[39m=[32m"500"[39m
    [33mrequired[39m=[32m""[39m
    [33mrows[39m=[32m"3"[39m
    [33mstyle[39m=[32m"height: 0px; overflow: hidden;"[39m
  [36m/>[39m

  Name "Jira number for change item 917":
  [36m<input[39m
    [33maria-describedby[39m=[32m"change-item-916-jira-help"[39m
    [33maria-invalid[39m=[32m"false"[39m
    [33maria-label[39m=[32m"Jira number for change item 917"[39m
    [33mclass[39m=[32m"MuiInputBase-input MuiOutlinedInput-input css-16wblaj-MuiInputBase-input-MuiOutlinedInput-input"[39m
    [33mid[39m=[32m"_r_2s8_"[39m
    [33mmaxlength[39m=[32m"50"[39m
    [33mrequired[39m=[32m""[39m
    [33mtype[39m=[32m"text"[39m
    [33mvalue[39m=[32m"JIRA-0917"[39m
  [36m/>[39m

  Name "Description for change item 917":
  [36m<textarea[39m
    [33maria-describedby[39m=[32m"change-item-916-desc-help"[39m
    [33maria-invalid[39m=[32m"false"[39m
    [33maria-label[39m=[32m"Description for change item 917"[39m
    [33mclass[39m=[32m"MuiInputBase-input MuiOutlinedInput-input css-w4nesw-MuiInputBase-input-MuiOutlinedInput-input"[39m
    [33mid[39m=[32m"_r_2s9_"[39m
    [33mmaxlength[39m=[32m"500"[39m
    [33mrequired[39m=[32m""[39m
    [33mrows[39m=[32m"3"[39m
    [33mstyle[39m=[32m"height: 0px; overflow: hidden;"[39m
  [36m/>[39m

  Name "Jira number for change item 918":
  [36m<input[39m
    [33maria-describedby[39m=[32m"change-item-917-jira-help"[39m
    [33maria-invalid[39m=[32m"false"[39m
    [33maria-label[39m=[32m"Jira number for change item 918"[39m
    [33mclass[39m=[32m"MuiInputBase-input MuiOutlinedInput-input css-16wblaj-MuiInputBase-input-MuiOutlinedInput-input"[39m
    [33mid[39m=[32m"_r_2sb_"[39m
    [33mmaxlength[39m=[32m"50"[39m
    [33mrequired[39m=[32m""[39m
    [33mtype[39m=[32m"text"[39m
    [33mvalue[39m=[32m"JIRA-0918"[39m
  [36m/>[39m

  Name "Description for change item 918":
  [36m<textarea[39m
    [33maria-describedby[39m=[32m"change-item-917-desc-help"[39m
    [33maria-invalid[39m=[32m"false"[39m
    [33maria-label[39m=[32m"Description for change item 918"[39m
    [33mclass[39m=[32m"MuiInputBase-input MuiOutlinedInput-input css-w4nesw-MuiInputBase-input-MuiOutlinedInput-input"[39m
    [33mid[39m=[32m"_r_2sc_"[39m
    [33mmaxlength[39m=[32m"500"[39m
    [33mrequired[39m=[32m""[39m
    [33mrows[39m=[32m"3"[39m
    [33mstyle[39m=[32m"height: 0px; overflow: hidden;"[39m
  [36m/>[39m

  Name "Jira number for change item 919":
  [36m<input[39m
    [33maria-describedby[39m=[32m"change-item-918-jira-help"[39m
    [33maria-invalid[39m=[32m"false"[39m
    [33maria-label[39m=[32m"Jira number for change item 919"[39m
    [33mclass[39m=[32m"MuiInputBase-input MuiOutlinedInput-input css-16wblaj-MuiInputBase-input-MuiOutlinedInput-input"[39m
    [33mid[39m=[32m"_r_2se_"[39m
    [33mmaxlength[39m=[32m"50"[39m
    [33mrequired[39m=[32m""[39m
    [33mtype[39m=[32m"text"[39m
    [33mvalue[39m=[32m"JIRA-0919"[39m
  [36m/>[39m

  Name "Description for change item 919":
  [36m<textarea[39m
    [33maria-describedby[39m=[32m"change-item-918-desc-help"[39m
    [33maria-invalid[39m=[32m"false"[39m
    [33maria-label[39m=[32m"Description for change item 919"[39m
    [33mclass[39m=[32m"MuiInputBase-input MuiOutlinedInput-input css-w4nesw-MuiInputBase-input-MuiOutlinedInput-input"[39m
    [33mid[39m=[32m"_r_2sf_"[39m
    [33mmaxlength[39m=[32m"500"[39m
    [33mrequired[39m=[32m""[39m
    [33mrows[39m=[32m"3"[39m
    [33mstyle[39m=[32m"height: 0px; overflow: hidden;"[39m
  [36m/>[39m

  Name "Jira number for change item 920":
  [36m<input[39m
    [33maria-describedby[39m=[32m"change-item-919-jira-help"[39m
    [33maria-invalid[39m=[32m"false"[39m
    [33maria-label[39m=[32m"Jira number for change item 920"[39m
    [33mclass[39m=[32m"MuiInputBase-input MuiOutlinedInput-input css-16wblaj-MuiInputBase-input-MuiOutlinedInput-input"[39m
    [33mid[39m=[32m"_r_2sh_"[39m
    [33mmaxlength[39m=[32m"50"[39m
    [33mrequired[39m=[32m""[39m
    [33mtype[39m=[32m"text"[39m
    [33mvalue[39m=[32m"JIRA-0920"[39m
  [36m/>[39m

  Name "Description for change item 920":
  [36m<textarea[39m
    [33maria-describedby[39m=[32m"change-item-919-desc-help"[39m
    [33maria-invalid[39m=[32m"false"[39m
    [33maria-label[39m=[32m"Description for change item 920"[39m
    [33mclass[39m=[32m"MuiInputBase-input MuiOutlinedInput-input css-w4nesw-MuiInputBase-input-MuiOutlinedInput-input"[39m
    [33mid[39m=[32m"_r_2si_"[39m
    [33mmaxlength[39m=[32m"500"[39m
    [33mrequired[39m=[32m""[39m
    [33mrows[39m=[32m"3"[39m
    [33mstyle[39m=[32m"height: 0px; overflow: hidden;"[39m
  [36m/>[39m

  Name "Jira number for change item 921":
  [36m<input[39m
    [33maria-describedby[39m=[32m"change-item-920-jira-help"[39m
    [33maria-invalid[39m=[32m"false"[39m
    [33maria-label[39m=[32m"Jira number for change item 921"[39m
    [33mclass[39m=[32m"MuiInputBase-input MuiOutlinedInput-input css-16wblaj-MuiInputBase-input-MuiOutlinedInput-input"[39m
    [33mid[39m=[32m"_r_2sk_"[39m
    [33mmaxlength[39m=[32m"50"[39m
    [33mrequired[39m=[32m""[39m
    [33mtype[39m=[32m"text"[39m
    [33mvalue[39m=[32m"JIRA-0921"[39m
  [36m/>[39m

  Name "Description for change item 921":
  [36m<textarea[39m
    [33maria-describedby[39m=[32m"change-item-920-desc-help"[39m
    [33maria-invalid[39m=[32m"false"[39m
    [33maria-label[39m=[32m"Description for change item 921"[39m
    [33mclass[39m=[32m"MuiInputBase-input MuiOutlinedInput-input css-w4nesw-MuiInputBase-input-MuiOutlinedInput-input"[39m
    [33mid[39m=[32m"_r_2sl_"[39m
    [33mmaxlength[39m=[32m"500"[39m
    [33mrequired[39m=[32m""[39m
    [33mrows[39m=[32m"3"[39m
    [33mstyle[39m=[32m"height: 0px; overflow: hidden;"[39m
  [36m/>[39m

  Name "Jira number for change item 922":
  [36m<input[39m
    [33maria-describedby[39m=[32m"change-item-921-jira-help"[39m
    [33maria-invalid[39m=[32m"false"[39m
    [33maria-label[39m=[32m"Jira number for change item 922"[39m
    [33mclass[39m=[32m"MuiInputBase-input MuiOutlinedInput-input css-16wblaj-MuiInputBase-input-MuiOutlinedInput-input"[39m
    [33mid[39m=[32m"_r_2sn_"[39m
    [33mmaxlength[39m=[32m"50"[39m
    [33mrequired[39m=[32m""[39m
    [33mtype[39m=[32m"text"[39m
    [33mvalue[39m=[32m"JIRA-0922"[39m
  [36m/>[39m

  Name "Description for change item 922":
  [36m<textarea[39m
    [33maria-describedby[39m=[32m"change-item-921-desc-help"[39m
    [33maria-invalid[39m=[32m"false"[39m
    [33maria-label[39m=[32m"Description for change item 922"[39m
    [33mclass[39m=[32m"MuiInputBase-input MuiOutlinedInput-input css-w4nesw-MuiInputBase-input-MuiOutlinedInput-input"[39m
    [33mid[39m=[32m"_r_2so_"[39m
    [33mmaxlength[39m=[32m"500"[39m
    [33mrequired[39m=[32m""[39m
    [33mrows[39m=[32m"3"[39m
    [33mstyle[39m=[32m"height: 0px; overflow: hidden;"[39m
  [36m/>[39m

  Name "Jira number for change item 923":
  [36m<input[39m
    [33maria-describedby[39m=[32m"change-item-922-jira-help"[39m
    [33maria-invalid[39m=[32m"false"[39m
    [33maria-label[39m=[32m"Jira number for change item 923"[39m
    [33mclass[39m=[32m"MuiInputBase-input MuiOutlinedInput-input css-16wblaj-MuiInputBase-input-MuiOutlinedInput-input"[39m
    [33mid[39m=[32m"_r_2sq_"[39m
    [33mmaxlength[39m=[32m"50"[39m
    [33mrequired[39m=[32m""[39m
    [33mtype[39m=[32m"text"[39m
    [33mvalue[39m=[32m"JIRA-0923"[39m
  [36m/>[39m

  Name "Description for change item 923":
  [36m<textarea[39m
    [33maria-describedby[39m=[32m"change-item-922-desc-help"[39m
    [33maria-invalid[39m=[32m"false"[39m
    [33maria-label[39m=[32m"Description for change item 923"[39m
    [33mclass[39m=[32m"MuiInputBase-input MuiOutlinedInput-input css-w4nesw-MuiInputBase-input-MuiOutlinedInput-input"[39m
    [33mid[39m=[32m"_r_2sr_"[39m
    [33mmaxlength[39m=[32m"500"[39m
    [33mrequired[39m=[32m""[39m
    [33mrows[39m=[32m"3"[39m
    [33mstyle[39m=[32m"height: 0px; overflow: hidden;"[39m
  [36m/>[39m

  Name "Jira number for change item 924":
  [36m<input[39m
    [33maria-describedby[39m=[32m"change-item-923-jira-help"[39m
    [33maria-invalid[39m=[32m"false"[39m
    [33maria-label[39m=[32m"Jira number for change item 924"[39m
    [33mclass[39m=[32m"MuiInputBase-input MuiOutlinedInput-input css-16wblaj-MuiInputBase-input-MuiOutlinedInput-input"[39m
    [33mid[39m=[32m"_r_2st_"[39m
    [33mmaxlength[39m=[32m"50"[39m
    [33mrequired[39m=[32m""[39m
    [33mtype[39m=[32m"text"[39m
    [33mvalue[39m=[32m"JIRA-0924"[39m
  [36m/>[39m

  Name "Description for change item 924":
  [36m<textarea[39m
    [33maria-describedby[39m=[32m"change-item-923-desc-help"[39m
    [33maria-invalid[39m=[32m"false"[39m
    [33maria-label[39m=[32m"Description for change item 924"[39m
    [33mclass[39m=[32m"MuiInputBase-input MuiOutlinedInput-input css-w4nesw-MuiInputBase-input-MuiOutlinedInput-input"[39m
    [33mid[39m=[32m"_r_2su_"[39m
    [33mmaxlength[39m=[32m"500"[39m
    [33mrequired[39m=[32m""[39m
    [33mrows[39m=[32m"3"[39m
    [33mstyle[39m=[32m"height: 0px; overflow: hidden;"[39m
  [36m/>[39m

  Name "Jira number for change item 925":
  [36m<input[39m
    [33maria-describedby[39m=[32m"change-item-924-jira-help"[39m
    [33maria-invalid[39m=[32m"false"[39m
    [33maria-label[39m=[32m"Jira number for change item 925"[39m
    [33mclass[39m=[32m"MuiInputBase-input MuiOutlinedInput-input css-16wblaj-MuiInputBase-input-MuiOutlinedInput-input"[39m
    [33mid[39m=[32m"_r_2t0_"[39m
    [33mmaxlength[39m=[32m"50"[39m
    [33mrequired[39m=[32m""[39m
    [33mtype[39m=[32m"text"[39m
    [33mvalue[39m=[32m"JIRA-0925"[39m
  [36m/>[39m

  Name "Description for change item 925":
  [36m<textarea[39m
    [33maria-describedby[39m=[32m"change-item-924-desc-help"[39m
    [33maria-invalid[39m=[32m"false"[39m
    [33maria-label[39m=[32m"Description for change item 925"[39m
    [33mclass[39m=[32m"MuiInputBase-input MuiOutlinedInput-input css-w4nesw-MuiInputBase-input-MuiOutlinedInput-input"[39m
    [33mid[39m=[32m"_r_2t1_"[39m
    [33mmaxlength[39m=[32m"500"[39m
    [33mrequired[39m=[32m""[39m
    [33mrows[39m=[32m"3"[39m
    [33mstyle[39m=[32m"height: 0px; overflow: hidden;"[39m
  [36m/>[39m

  Name "Jira number for change item 926":
  [36m<input[39m
    [33maria-describedby[39m=[32m"change-item-925-jira-help"[39m
    [33maria-invalid[39m=[32m"false"[39m
    [33maria-label[39m=[32m"Jira number for change item 926"[39m
    [33mclass[39m=[32m"MuiInputBase-input MuiOutlinedInput-input css-16wblaj-MuiInputBase-input-MuiOutlinedInput-input"[39m
    [33mid[39m=[32m"_r_2t3_"[39m
    [33mmaxlength[39m=[32m"50"[39m
    [33mrequired[39m=[32m""[39m
    [33mtype[39m=[32m"text"[39m
    [33mvalue[39m=[32m"JIRA-0926"[39m
  [36m/>[39m

  Name "Description for change item 926":
  [36m<textarea[39m
    [33maria-describedby[39m=[32m"change-item-925-desc-help"[39m
    [33maria-invalid[39m=[32m"false"[39m
    [33maria-label[39m=[32m"Description for change item 926"[39m
    [33mclass[39m=[32m"MuiInputBase-input MuiOutlinedInput-input css-w4nesw-MuiInputBase-input-MuiOutlinedInput-input"[39m
    [33mid[39m=[32m"_r_2t4_"[39m
    [33mmaxlength[39m=[32m"500"[39m
    [33mrequired[39m=[32m""[39m
    [33mrows[39m=[32m"3"[39m
    [33mstyle[39m=[32m"height: 0px; overflow: hidden;"[39m
  [36m/>[39m

  Name "Jira number for change item 927":
  [36m<input[39m
    [33maria-describedby[39m=[32m"change-item-926-jira-help"[39m
    [33maria-invalid[39m=[32m"false"[39m
    [33maria-label[39m=[32m"Jira number for change item 927"[39m
    [33mclass[39m=[32m"MuiInputBase-input MuiOutlinedInput-input css-16wblaj-MuiInputBase-input-MuiOutlinedInput-input"[39m
    [33mid[39m=[32m"_r_2t6_"[39m
    [33mmaxlength[39m=[32m"50"[39m
    [33mrequired[39m=[32m""[39m
    [33mtype[39m=[32m"text"[39m
    [33mvalue[39m=[32m"JIRA-0927"[39m
  [36m/>[39m

  Name "Description for change item 927":
  [36m<textarea[39m
    [33maria-describedby[39m=[32m"change-item-926-desc-help"[39m
    [33maria-invalid[39m=[32m"false"[39m
    [33maria-label[39m=[32m"Description for change item 927"[39m
    [33mclass[39m=[32m"MuiInputBase-input MuiOutlinedInput-input css-w4nesw-MuiInputBase-input-MuiOutlinedInput-input"[39m
    [33mid[39m=[32m"_r_2t7_"[39m
    [33mmaxlength[39m=[32m"500"[39m
    [33mrequired[39m=[32m""[39m
    [33mrows[39m=[32m"3"[39m
    [33mstyle[39m=[32m"height: 0px; overflow: hidden;"[39m
  [36m/>[39m

  Name "Jira number for change item 928":
  [36m<input[39m
    [33maria-describedby[39m=[32m"change-item-927-jira-help"[39m
    [33maria-invalid[39m=[32m"false"[39m
    [33maria-label[39m=[32m"Jira number for change item 928"[39m
    [33mclass[39m=[32m"MuiInputBase-input MuiOutlinedInput-input css-16wblaj-MuiInputBase-input-MuiOutlinedInput-input"[39m
    [33mid[39m=[32m"_r_2t9_"[39m
    [33mmaxlength[39m=[32m"50"[39m
    [33mrequired[39m=[32m""[39m
    [33mtype[39m=[32m"text"[39m
    [33mvalue[39m=[32m"JIRA-0928"[39m
  [36m/>[39m

  Name "Description for change item 928":
  [36m<textarea[39m
    [33maria-describedby[39m=[32m"change-item-927-desc-help"[39m
    [33maria-invalid[39m=[32m"false"[39m
    [33maria-label[39m=[32m"Description for change item 928"[39m
    [33mclass[39m=[32m"MuiInputBase-input MuiOutlinedInput-input css-w4nesw-MuiInputBase-input-MuiOutlinedInput-input"[39m
    [33mid[39m=[32m"_r_2ta_"[39m
    [33mmaxlength[39m=[32m"500"[39m
    [33mrequired[39m=[32m""[39m
    [33mrows[39m=[32m"3"[39m
    [33mstyle[39m=[32m"height: 0px; overflow: hidden;"[39m
  [36m/>[39m

  Name "Jira number for change item 929":
  [36m<input[39m
    [33maria-describedby[39m=[32m"change-item-928-jira-help"[39m
    [33maria-invalid[39m=[32m"false"[39m
    [33maria-label[39m=[32m"Jira number for change item 929"[39m
    [33mclass[39m=[32m"MuiInputBase-input MuiOutlinedInput-input css-16wblaj-MuiInputBase-input-MuiOutlinedInput-input"[39m
    [33mid[39m=[32m"_r_2tc_"[39m
    [33mmaxlength[39m=[32m"50"[39m
    [33mrequired[39m=[32m""[39m
    [33mtype[39m=[32m"text"[39m
    [33mvalue[39m=[32m"JIRA-0929"[39m
  [36m/>[39m

  Name "Description for change item 929":
  [36m<textarea[39m
    [33maria-describedby[39m=[32m"change-item-928-desc-help"[39m
    [33maria-invalid[39m=[32m"false"[39m
    [33maria-label[39m=[32m"Description for change item 929"[39m
    [33mclass[39m=[32m"MuiInputBase-input MuiOutlinedInput-input css-w4nesw-MuiInputBase-input-MuiOutlinedInput-input"[39m
    [33mid[39m=[32m"_r_2td_"[39m
    [33mmaxlength[39m=[32m"500"[39m
    [33mrequired[39m=[32m""[39m
    [33mrows[39m=[32m"3"[39m
    [33mstyle[39m=[32m"height: 0px; overflow: hidden;"[39m
  [36m/>[39m

  Name "Jira number for change item 930":
  [36m<input[39m
    [33maria-describedby[39m=[32m"change-item-929-jira-help"[39m
    [33maria-invalid[39m=[32m"false"[39m
    [33maria-label[39m=[32m"Jira number for change item 930"[39m
    [33mclass[39m=[32m"MuiInputBase-input MuiOutlinedInput-input css-16wblaj-MuiInputBase-input-MuiOutlinedInput-input"[39m
    [33mid[39m=[32m"_r_2tf_"[39m
    [33mmaxlength[39m=[32m"50"[39m
    [33mrequired[39m=[32m""[39m
    [33mtype[39m=[32m"text"[39m
    [33mvalue[39m=[32m"JIRA-0930"[39m
  [36m/>[39m

  Name "Description for change item 930":
  [36m<textarea[39m
    [33maria-describedby[39m=[32m"change-item-929-desc-help"[39m
    [33maria-invalid[39m=[32m"false"[39m
    [33maria-label[39m=[32m"Description for change item 930"[39m
    [33mclass[39m=[32m"MuiInputBase-input MuiOutlinedInput-input css-w4nesw-MuiInputBase-input-MuiOutlinedInput-input"[39m
    [33mid[39m=[32m"_r_2tg_"[39m
    [33mmaxlength[39m=[32m"500"[39m
    [33mrequired[39m=[32m""[39m
    [33mrows[39m=[32m"3"[39m
    [33mstyle[39m=[32m"height: 0px; overflow: hidden;"[39m
  [36m/>[39m

  Name "Jira number for change item 931":
  [36m<input[39m
    [33maria-describedby[39m=[32m"change-item-930-jira-help"[39m
    [33maria-invalid[39m=[32m"false"[39m
    [33maria-label[39m=[32m"Jira number for change item 931"[39m
    [33mclass[39m=[32m"MuiInputBase-input MuiOutlinedInput-input css-16wblaj-MuiInputBase-input-MuiOutlinedInput-input"[39m
    [33mid[39m=[32m"_r_2ti_"[39m
    [33mmaxlength[39m=[32m"50"[39m
    [33mrequired[39m=[32m""[39m
    [33mtype[39m=[32m"text"[39m
    [33mvalue[39m=[32m"JIRA-0931"[39m
  [36m/>[39m

  Name "Description for change item 931":
  [36m<textarea[39m
    [33maria-describedby[39m=[32m"change-item-930-desc-help"[39m
    [33maria-invalid[39m=[32m"false"[39m
    [33maria-label[39m=[32m"Description for change item 931"[39m
    [33mclass[39m=[32m"MuiInputBase-input MuiOutlinedInput-input css-w4nesw-MuiInputBase-input-MuiOutlinedInput-input"[39m
    [33mid[39m=[32m"_r_2tj_"[39m
    [33mmaxlength[39m=[32m"500"[39m
    [33mrequired[39m=[32m""[39m
    [33mrows[39m=[32m"3"[39m
    [33mstyle[39m=[32m"height: 0px; overflow: hidden;"[39m
  [36m/>[39m

  Name "Jira number for change item 932":
  [36m<input[39m
    [33maria-describedby[39m=[32m"change-item-931-jira-help"[39m
    [33maria-invalid[39m=[32m"false"[39m
    [33maria-label[39m=[32m"Jira number for change item 932"[39m
    [33mclass[39m=[32m"MuiInputBase-input MuiOutlinedInput-input css-16wblaj-MuiInputBase-input-MuiOutlinedInput-input"[39m
    [33mid[39m=[32m"_r_2tl_"[39m
    [33mmaxlength[39m=[32m"50"[39m
    [33mrequired[39m=[32m""[39m
    [33mtype[39m=[32m"text"[39m
    [33mvalue[39m=[32m"JIRA-0932"[39m
  [36m/>[39m

  Name "Description for change item 932":
  [36m<textarea[39m
    [33maria-describedby[39m=[32m"change-item-931-desc-help"[39m
    [33maria-invalid[39m=[32m"false"[39m
    [33maria-label[39m=[32m"Description for change item 932"[39m
    [33mclass[39m=[32m"MuiInputBase-input MuiOutlinedInput-input css-w4nesw-MuiInputBase-input-MuiOutlinedInput-input"[39m
    [33mid[39m=[32m"_r_2tm_"[39m
    [33mmaxlength[39m=[32m"500"[39m
    [33mrequired[39m=[32m""[39m
    [33mrows[39m=[32m"3"[39m
    [33mstyle[39m=[32m"height: 0px; overflow: hidden;"[39m
  [36m/>[39m

  Name "Jira number for change item 933":
  [36m<input[39m
    [33maria-describedby[39m=[32m"change-item-932-jira-help"[39m
    [33maria-invalid[39m=[32m"false"[39m
    [33maria-label[39m=[32m"Jira number for change item 933"[39m
    [33mclass[39m=[32m"MuiInputBase-input MuiOutlinedInput-input css-16wblaj-MuiInputBase-input-MuiOutlinedInput-input"[39m
    [33mid[39m=[32m"_r_2to_"[39m
    [33mmaxlength[39m=[32m"50"[39m
    [33mrequired[39m=[32m""[39m
    [33mtype[39m=[32m"text"[39m
    [33mvalue[39m=[32m"JIRA-0933"[39m
  [36m/>[39m

  Name "Description for change item 933":
  [36m<textarea[39m
    [33maria-describedby[39m=[32m"change-item-932-desc-help"[39m
    [33maria-invalid[39m=[32m"false"[39m
    [33maria-label[39m=[32m"Description for change item 933"[39m
    [33mclass[39m=[32m"MuiInputBase-input MuiOutlinedInput-input css-w4nesw-MuiInputBase-input-MuiOutlinedInput-input"[39m
    [33mid[39m=[32m"_r_2tp_"[39m
    [33mmaxlength[39m=[32m"500"[39m
    [33mrequired[39m=[32m""[39m
    [33mrows[39m=[32m"3"[39m
    [33mstyle[39m=[32m"height: 0px; overflow: hidden;"[39m
  [36m/>[39m

  Name "Jira number for change item 934":
  [36m<input[39m
    [33maria-describedby[39m=[32m"change-item-933-jira-help"[39m
    [33maria-invalid[39m=[32m"false"[39m
    [33maria-label[39m=[32m"Jira number for change item 934"[39m
    [33mclass[39m=[32m"MuiInputBase-input MuiOutlinedInput-input css-16wblaj-MuiInputBase-input-MuiOutlinedInput-input"[39m
    [33mid[39m=[32m"_r_2tr_"[39m
    [33mmaxlength[39m=[32m"50"[39m
    [33mrequired[39m=[32m""[39m
    [33mtype[39m=[32m"text"[39m
    [33mvalue[39m=[32m"JIRA-0934"[39m
  [36m/>[39m

  Name "Description for change item 934":
  [36m<textarea[39m
    [33maria-describedby[39m=[32m"change-item-933-desc-help"[39m
    [33maria-invalid[39m=[32m"false"[39m
    [33maria-label[39m=[32m"Description for change item 934"[39m
    [33mclass[39m=[32m"MuiInputBase-input MuiOutlinedInput-input css-w4nesw-MuiInputBase-input-MuiOutlinedInput-input"[39m
    [33mid[39m=[32m"_r_2ts_"[39m
    [33mmaxlength[39m=[32m"500"[39m
    [33mrequired[39m=[32m""[39m
    [33mrows[39m=[32m"3"[39m
    [33mstyle[39m=[32m"height: 0px; overflow: hidden;"[39m
  [36m/>[39m

  Name "Jira number for change item 935":
  [36m<input[39m
    [33maria-describedby[39m=[32m"change-item-934-jira-help"[39m
    [33maria-invalid[39m=[32m"false"[39m
    [33maria-label[39m=[32m"Jira number for change item 935"[39m
    [33mclass[39m=[32m"MuiInputBase-input MuiOutlinedInput-input css-16wblaj-MuiInputBase-input-MuiOutlinedInput-input"[39m
    [33mid[39m=[32m"_r_2tu_"[39m
    [33mmaxlength[39m=[32m"50"[39m
    [33mrequired[39m=[32m""[39m
    [33mtype[39m=[32m"text"[39m
    [33mvalue[39m=[32m"JIRA-0935"[39m
  [36m/>[39m

  Name "Description for change item 935":
  [36m<textarea[39m
    [33maria-describedby[39m=[32m"change-item-934-desc-help"[39m
    [33maria-invalid[39m=[32m"false"[39m
    [33maria-label[39m=[32m"Description for change item 935"[39m
    [33mclass[39m=[32m"MuiInputBase-input MuiOutlinedInput-input css-w4nesw-MuiInputBase-input-MuiOutlinedInput-input"[39m
    [33mid[39m=[32m"_r_2tv_"[39m
    [33mmaxlength[39m=[32m"500"[39m
    [33mrequired[39m=[32m""[39m
    [33mrows[39m=[32m"3"[39m
    [33mstyle[39m=[32m"height: 0px; overflow: hidden;"[39m
  [36m/>[39m

  Name "Jira number for change item 936":
  [36m<input[39m
    [33maria-describedby[39m=[32m"change-item-935-jira-help"[39m
    [33maria-invalid[39m=[32m"false"[39m
    [33maria-label[39m=[32m"Jira number for change item 936"[39m
    [33mclass[39m=[32m"MuiInputBase-input MuiOutlinedInput-input css-16wblaj-MuiInputBase-input-MuiOutlinedInput-input"[39m
    [33mid[39m=[32m"_r_2u1_"[39m
    [33mmaxlength[39m=[32m"50"[39m
    [33mrequired[39m=[32m""[39m
    [33mtype[39m=[32m"text"[39m
    [33mvalue[39m=[32m"JIRA-0936"[39m
  [36m/>[39m

  Name "Description for change item 936":
  [36m<textarea[39m
    [33maria-describedby[39m=[32m"change-item-935-desc-help"[39m
    [33maria-invalid[39m=[32m"false"[39m
    [33maria-label[39m=[32m"Description for change item 936"[39m
    [33mclass[39m=[32m"MuiInputBase-input MuiOutlinedInput-input css-w4nesw-MuiInputBase-input-MuiOutlinedInput-input"[39m
    [33mid[39m=[32m"_r_2u2_"[39m
    [33mmaxlength[39m=[32m"500"[39m
    [33mrequired[39m=[32m""[39m
    [33mrows[39m=[32m"3"[39m
    [33mstyle[39m=[32m"height: 0px; overflow: hidden;"[39m
  [36m/>[39m

  Name "Jira number for change item 937":
  [36m<input[39m
    [33maria-describedby[39m=[32m"change-item-936-jira-help"[39m
    [33maria-invalid[39m=[32m"false"[39m
    [33maria-label[39m=[32m"Jira number for change item 937"[39m
    [33mclass[39m=[32m"MuiInputBase-input MuiOutlinedInput-input css-16wblaj-MuiInputBase-input-MuiOutlinedInput-input"[39m
    [33mid[39m=[32m"_r_2u4_"[39m
    [33mmaxlength[39m=[32m"50"[39m
    [33mrequired[39m=[32m""[39m
    [33mtype[39m=[32m"text"[39m
    [33mvalue[39m=[32m"JIRA-0937"[39m
  [36m/>[39m

  Name "Description for change item 937":
  [36m<textarea[39m
    [33maria-describedby[39m=[32m"change-item-936-desc-help"[39m
    [33maria-invalid[39m=[32m"false"[39m
    [33maria-label[39m=[32m"Description for change item 937"[39m
    [33mclass[39m=[32m"MuiInputBase-input MuiOutlinedInput-input css-w4nesw-MuiInputBase-input-MuiOutlinedInput-input"[39m
    [33mid[39m=[32m"_r_2u5_"[39m
    [33mmaxlength[39m=[32m"500"[39m
    [33mrequired[39m=[32m""[39m
    [33mrows[39m=[32m"3"[39m
    [33mstyle[39m=[32m"height: 0px; overflow: hidden;"[39m
  [36m/>[39m

  Name "Jira number for change item 938":
  [36m<input[39m
    [33maria-describedby[39m=[32m"change-item-937-jira-help"[39m
    [33maria-invalid[39m=[32m"false"[39m
    [33maria-label[39m=[32m"Jira number for change item 938"[39m
    [33mclass[39m=[32m"MuiInputBase-input MuiOutlinedInput-input css-16wblaj-MuiInputBase-input-MuiOutlinedInput-input"[39m
    [33mid[39m=[32m"_r_2u7_"[39m
    [33mmaxlength[39m=[32m"50"[39m
    [33mrequired[39m=[32m""[39m
    [33mtype[39m=[32m"text"[39m
    [33mvalue[39m=[32m"JIRA-0938"[39m
  [36m/>[39m

  Name "Description for change item 938":
  [36m<textarea[39m
    [33maria-describedby[39m=[32m"change-item-937-desc-help"[39m
    [33maria-invalid[39m=[32m"false"[39m
    [33maria-label[39m=[32m"Description for change item 938"[39m
    [33mclass[39m=[32m"MuiInputBase-input MuiOutlinedInput-input css-w4nesw-MuiInputBase-input-MuiOutlinedInput-input"[39m
    [33mid[39m=[32m"_r_2u8_"[39m
    [33mmaxlength[39m=[32m"500"[39m
    [33mrequired[39m=[32m""[39m
    [33mrows[39m=[32m"3"[39m
    [33mstyle[39m=[32m"height: 0px; overflow: hidden;"[39m
  [36m/>[39m

  Name "Jira number for change item 939":
  [36m<input[39m
    [33maria-describedby[39m=[32m"change-item-938-jira-help"[39m
    [33maria-invalid[39m=[32m"false"[39m
    [33maria-label[39m=[32m"Jira number for change item 939"[39m
    [33mclass[39m=[32m"MuiInputBase-input MuiOutlinedInput-input css-16wblaj-MuiInputBase-input-MuiOutlinedInput-input"[39m
    [33mid[39m=[32m"_r_2ua_"[39m
    [33mmaxlength[39m=[32m"50"[39m
    [33mrequired[39m=[32m""[39m
    [33mtype[39m=[32m"text"[39m
    [33mvalue[39m=[32m"JIRA-0939"[39m
  [36m/>[39m

  Name "Description for change item 939":
  [36m<textarea[39m
    [33maria-describedby[39m=[32m"change-item-938-desc-help"[39m
    [33maria-invalid[39m=[32m"false"[39m
    [33maria-label[39m=[32m"Description for change item 939"[39m
    [33mclass[39m=[32m"MuiInputBase-input MuiOutlinedInput-input css-w4nesw-MuiInputBase-input-MuiOutlinedInput-input"[39m
    [33mid[39m=[32m"_r_2ub_"[39m
    [33mmaxlength[39m=[32m"500"[39m
    [33mrequired[39m=[32m""[39m
    [33mrows[39m=[32m"3"[39m
    [33mstyle[39m=[32m"height: 0px; overflow: hidden;"[39m
  [36m/>[39m

  Name "Jira number for change item 940":
  [36m<input[39m
    [33maria-describedby[39m=[32m"change-item-939-jira-help"[39m
    [33maria-invalid[39m=[32m"false"[39m
    [33maria-label[39m=[32m"Jira number for change item 940"[39m
    [33mclass[39m=[32m"MuiInputBase-input MuiOutlinedInput-input css-16wblaj-MuiInputBase-input-MuiOutlinedInput-input"[39m
    [33mid[39m=[32m"_r_2ud_"[39m
    [33mmaxlength[39m=[32m"50"[39m
    [33mrequired[39m=[32m""[39m
    [33mtype[39m=[32m"text"[39m
    [33mvalue[39m=[32m"JIRA-0940"[39m
  [36m/>[39m

  Name "Description for change item 940":
  [36m<textarea[39m
    [33maria-describedby[39m=[32m"change-item-939-desc-help"[39m
    [33maria-invalid[39m=[32m"false"[39m
    [33maria-label[39m=[32m"Description for change item 940"[39m
    [33mclass[39m=[32m"MuiInputBase-input MuiOutlinedInput-input css-w4nesw-MuiInputBase-input-MuiOutlinedInput-input"[39m
    [33mid[39m=[32m"_r_2ue_"[39m
    [33mmaxlength[39m=[32m"500"[39m
    [33mrequired[39m=[32m""[39m
    [33mrows[39m=[32m"3"[39m
    [33mstyle[39m=[32m"height: 0px; overflow: hidden;"[39m
  [36m/>[39m

  Name "Jira number for change item 941":
  [36m<input[39m
    [33maria-describedby[39m=[32m"change-item-940-jira-help"[39m
    [33maria-invalid[39m=[32m"false"[39m
    [33maria-label[39m=[32m"Jira number for change item 941"[39m
    [33mclass[39m=[32m"MuiInputBase-input MuiOutlinedInput-input css-16wblaj-MuiInputBase-input-MuiOutlinedInput-input"[39m
    [33mid[39m=[32m"_r_2ug_"[39m
    [33mmaxlength[39m=[32m"50"[39m
    [33mrequired[39m=[32m""[39m
    [33mtype[39m=[32m"text"[39m
    [33mvalue[39m=[32m"JIRA-0941"[39m
  [36m/>[39m

  Name "Description for change item 941":
  [36m<textarea[39m
    [33maria-describedby[39m=[32m"change-item-940-desc-help"[39m
    [33maria-invalid[39m=[32m"false"[39m
    [33maria-label[39m=[32m"Description for change item 941"[39m
    [33mclass[39m=[32m"MuiInputBase-input MuiOutlinedInput-input css-w4nesw-MuiInputBase-input-MuiOutlinedInput-input"[39m
    [33mid[39m=[32m"_r_2uh_"[39m
    [33mmaxlength[39m=[32m"500"[39m
    [33mrequired[39m=[32m""[39m
    [33mrows[39m=[32m"3"[39m
    [33mstyle[39m=[32m"height: 0px; overflow: hidden;"[39m
  [36m/>[39m

  Name "Jira number for change item 942":
  [36m<input[39m
    [33maria-describedby[39m=[32m"change-item-941-jira-help"[39m
    [33maria-invalid[39m=[32m"false"[39m
    [33maria-label[39m=[32m"Jira number for change item 942"[39m
    [33mclass[39m=[32m"MuiInputBase-input MuiOutlinedInput-input css-16wblaj-MuiInputBase-input-MuiOutlinedInput-input"[39m
    [33mid[39m=[32m"_r_2uj_"[39m
    [33mmaxlength[39m=[32m"50"[39m
    [33mrequired[39m=[32m""[39m
    [33mtype[39m=[32m"text"[39m
    [33mvalue[39m=[32m"JIRA-0942"[39m
  [36m/>[39m

  Name "Description for change item 942":
  [36m<textarea[39m
    [33maria-describedby[39m=[32m"change-item-941-desc-help"[39m
    [33maria-invalid[39m=[32m"false"[39m
    [33maria-label[39m=[32m"Description for change item 942"[39m
    [33mclass[39m=[32m"MuiInputBase-input MuiOutlinedInput-input css-w4nesw-MuiInputBase-input-MuiOutlinedInput-input"[39m
    [33mid[39m=[32m"_r_2uk_"[39m
    [33mmaxlength[39m=[32m"500"[39m
    [33mrequired[39m=[32m""[39m
    [33mrows[39m=[32m"3"[39m
    [33mstyle[39m=[32m"height: 0px; overflow: hidden;"[39m
  [36m/>[39m

  Name "Jira number for change item 943":
  [36m<input[39m
    [33maria-describedby[39m=[32m"change-item-942-jira-help"[39m
    [33maria-invalid[39m=[32m"false"[39m
    [33maria-label[39m=[32m"Jira number for change item 943"[39m
    [33mclass[39m=[32m"MuiInputBase-input MuiOutlinedInput-input css-16wblaj-MuiInputBase-input-MuiOutlinedInput-input"[39m
    [33mid[39m=[32m"_r_2um_"[39m
    [33mmaxlength[39m=[32m"50"[39m
    [33mrequired[39m=[32m""[39m
    [33mtype[39m=[32m"text"[39m
    [33mvalue[39m=[32m"JIRA-0943"[39m
  [36m/>[39m

  Name "Description for change item 943":
  [36m<textarea[39m
    [33maria-describedby[39m=[32m"change-item-942-desc-help"[39m
    [33maria-invalid[39m=[32m"false"[39m
    [33maria-label[39m=[32m"Description for change item 943"[39m
    [33mclass[39m=[32m"MuiInputBase-input MuiOutlinedInput-input css-w4nesw-MuiInputBase-input-MuiOutlinedInput-input"[39m
    [33mid[39m=[32m"_r_2un_"[39m
    [33mmaxlength[39m=[32m"500"[39m
    [33mrequired[39m=[32m""[39m
    [33mrows[39m=[32m"3"[39m
    [33mstyle[39m=[32m"height: 0px; overflow: hidden;"[39m
  [36m/>[39m

  Name "Jira number for change item 944":
  [36m<input[39m
    [33maria-describedby[39m=[32m"change-item-943-jira-help"[39m
    [33maria-invalid[39m=[32m"false"[39m
    [33maria-label[39m=[32m"Jira number for change item 944"[39m
    [33mclass[39m=[32m"MuiInputBase-input MuiOutlinedInput-input css-16wblaj-MuiInputBase-input-MuiOutlinedInput-input"[39m
    [33mid[39m=[32m"_r_2up_"[39m
    [33mmaxlength[39m=[32m"50"[39m
    [33mrequired[39m=[32m""[39m
    [33mtype[39m=[32m"text"[39m
    [33mvalue[39m=[32m"JIRA-0944"[39m
  [36m/>[39m

  Name "Description for change item 944":
  [36m<textarea[39m
    [33maria-describedby[39m=[32m"change-item-943-desc-help"[39m
    [33maria-invalid[39m=[32m"false"[39m
    [33maria-label[39m=[32m"Description for change item 944"[39m
    [33mclass[39m=[32m"MuiInputBase-input MuiOutlinedInput-input css-w4nesw-MuiInputBase-input-MuiOutlinedInput-input"[39m
    [33mid[39m=[32m"_r_2uq_"[39m
    [33mmaxlength[39m=[32m"500"[39m
    [33mrequired[39m=[32m""[39m
    [33mrows[39m=[32m"3"[39m
    [33mstyle[39m=[32m"height: 0px; overflow: hidden;"[39m
  [36m/>[39m

  Name "Jira number for change item 945":
  [36m<input[39m
    [33maria-describedby[39m=[32m"change-item-944-jira-help"[39m
    [33maria-invalid[39m=[32m"false"[39m
    [33maria-label[39m=[32m"Jira number for change item 945"[39m
    [33mclass[39m=[32m"MuiInputBase-input MuiOutlinedInput-input css-16wblaj-MuiInputBase-input-MuiOutlinedInput-input"[39m
    [33mid[39m=[32m"_r_2us_"[39m
    [33mmaxlength[39m=[32m"50"[39m
    [33mrequired[39m=[32m""[39m
    [33mtype[39m=[32m"text"[39m
    [33mvalue[39m=[32m"JIRA-0945"[39m
  [36m/>[39m

  Name "Description for change item 945":
  [36m<textarea[39m
    [33maria-describedby[39m=[32m"change-item-944-desc-help"[39m
    [33maria-invalid[39m=[32m"false"[39m
    [33maria-label[39m=[32m"Description for change item 945"[39m
    [33mclass[39m=[32m"MuiInputBase-input MuiOutlinedInput-input css-w4nesw-MuiInputBase-input-MuiOutlinedInput-input"[39m
    [33mid[39m=[32m"_r_2ut_"[39m
    [33mmaxlength[39m=[32m"500"[39m
    [33mrequired[39m=[32m""[39m
    [33mrows[39m=[32m"3"[39m
    [33mstyle[39m=[32m"height: 0px; overflow: hidden;"[39m
  [36m/>[39m

  Name "Jira number for change item 946":
  [36m<input[39m
    [33maria-describedby[39m=[32m"change-item-945-jira-help"[39m
    [33maria-invalid[39m=[32m"false"[39m
    [33maria-label[39m=[32m"Jira number for change item 946"[39m
    [33mclass[39m=[32m"MuiInputBase-input MuiOutlinedInput-input css-16wblaj-MuiInputBase-input-MuiOutlinedInput-input"[39m
    [33mid[39m=[32m"_r_2uv_"[39m
    [33mmaxlength[39m=[32m"50"[39m
    [33mrequired[39m=[32m""[39m
    [33mtype[39m=[32m"text"[39m
    [33mvalue[39m=[32m"JIRA-0946"[39m
  [36m/>[39m

  Name "Description for change item 946":
  [36m<textarea[39m
    [33maria-describedby[39m=[32m"change-item-945-desc-help"[39m
    [33maria-invalid[39m=[32m"false"[39m
    [33maria-label[39m=[32m"Description for change item 946"[39m
    [33mclass[39m=[32m"MuiInputBase-input MuiOutlinedInput-input css-w4nesw-MuiInputBase-input-MuiOutlinedInput-input"[39m
    [33mid[39m=[32m"_r_2v0_"[39m
    [33mmaxlength[39m=[32m"500"[39m
    [33mrequired[39m=[32m""[39m
    [33mrows[39m=[32m"3"[39m
    [33mstyle[39m=[32m"height: 0px; overflow: hidden;"[39m
  [36m/>[39m

  Name "Jira number for change item 947":
  [36m<input[39m
    [33maria-describedby[39m=[32m"change-item-946-jira-help"[39m
    [33maria-invalid[39m=[32m"false"[39m
    [33maria-label[39m=[32m"Jira number for change item 947"[39m
    [33mclass[39m=[32m"MuiInputBase-input MuiOutlinedInput-input css-16wblaj-MuiInputBase-input-MuiOutlinedInput-input"[39m
    [33mid[39m=[32m"_r_2v2_"[39m
    [33mmaxlength[39m=[32m"50"[39m
    [33mrequired[39m=[32m""[39m
    [33mtype[39m=[32m"text"[39m
    [33mvalue[39m=[32m"JIRA-0947"[39m
  [36m/>[39m

  Name "Description for change item 947":
  [36m<textarea[39m
    [33maria-describedby[39m=[32m"change-item-946-desc-help"[39m
    [33maria-invalid[39m=[32m"false"[39m
    [33maria-label[39m=[32m"Description for change item 947"[39m
    [33mclass[39m=[32m"MuiInputBase-input MuiOutlinedInput-input css-w4nesw-MuiInputBase-input-MuiOutlinedInput-input"[39m
    [33mid[39m=[32m"_r_2v3_"[39m
    [33mmaxlength[39m=[32m"500"[39m
    [33mrequired[39m=[32m""[39m
    [33mrows[39m=[32m"3"[39m
    [33mstyle[39m=[32m"height: 0px; overflow: hidden;"[39m
  [36m/>[39m

  Name "Jira number for change item 948":
  [36m<input[39m
    [33maria-describedby[39m=[32m"change-item-947-jira-help"[39m
    [33maria-invalid[39m=[32m"false"[39m
    [33maria-label[39m=[32m"Jira number for change item 948"[39m
    [33mclass[39m=[32m"MuiInputBase-input MuiOutlinedInput-input css-16wblaj-MuiInputBase-input-MuiOutlinedInput-input"[39m
    [33mid[39m=[32m"_r_2v5_"[39m
    [33mmaxlength[39m=[32m"50"[39m
    [33mrequired[39m=[32m""[39m
    [33mtype[39m=[32m"text"[39m
    [33mvalue[39m=[32m"JIRA-0948"[39m
  [36m/>[39m

  Name "Description for change item 948":
  [36m<textarea[39m
    [33maria-describedby[39m=[32m"change-item-947-desc-help"[39m
    [33maria-invalid[39m=[32m"false"[39m
    [33maria-label[39m=[32m"Description for change item 948"[39m
    [33mclass[39m=[32m"MuiInputBase-input MuiOutlinedInput-input css-w4nesw-MuiInputBase-input-MuiOutlinedInput-input"[39m
    [33mid[39m=[32m"_r_2v6_"[39m
    [33mmaxlength[39m=[32m"500"[39m
    [33mrequired[39m=[32m""[39m
    [33mrows[39m=[32m"3"[39m
    [33mstyle[39m=[32m"height: 0px; overflow: hidden;"[39m
  [36m/>[39m

  Name "Jira number for change item 949":
  [36m<input[39m
    [33maria-describedby[39m=[32m"change-item-948-jira-help"[39m
    [33maria-invalid[39m=[32m"false"[39m
    [33maria-label[39m=[32m"Jira number for change item 949"[39m
    [33mclass[39m=[32m"MuiInputBase-input MuiOutlinedInput-input css-16wblaj-MuiInputBase-input-MuiOutlinedInput-input"[39m
    [33mid[39m=[32m"_r_2v8_"[39m
    [33mmaxlength[39m=[32m"50"[39m
    [33mrequired[39m=[32m""[39m
    [33mtype[39m=[32m"text"[39m
    [33mvalue[39m=[32m"JIRA-0949"[39m
  [36m/>[39m

  Name "Description for change item 949":
  [36m<textarea[39m
    [33maria-describedby[39m=[32m"change-item-948-desc-help"[39m
    [33maria-invalid[39m=[32m"false"[39m
    [33maria-label[39m=[32m"Description for change item 949"[39m
    [33mclass[39m=[32m"MuiInputBase-input MuiOutlinedInput-input css-w4nesw-MuiInputBase-input-MuiOutlinedInput-input"[39m
    [33mid[39m=[32m"_r_2v9_"[39m
    [33mmaxlength[39m=[32m"500"[39m
    [33mrequired[39m=[32m""[39m
    [33mrows[39m=[32m"3"[39m
    [33mstyle[39m=[32m"height: 0px; overflow: hidden;"[39m
  [36m/>[39m

  Name "Jira number for change item 950":
  [36m<input[39m
    [33maria-describedby[39m=[32m"change-item-949-jira-help"[39m
    [33maria-invalid[39m=[32m"false"[39m
    [33maria-label[39m=[32m"Jira number for change item 950"[39m
    [33mclass[39m=[32m"MuiInputBase-input MuiOutlinedInput-input css-16wblaj-MuiInputBase-input-MuiOutlinedInput-input"[39m
    [33mid[39m=[32m"_r_2vb_"[39m
    [33mmaxlength[39m=[32m"50"[39m
    [33mrequired[39m=[32m""[39m
    [33mtype[39m=[32m"text"[39m
    [33mvalue[39m=[32m"JIRA-0950"[39m
  [36m/>[39m

  Name "Description for change item 950":
  [36m<textarea[39m
    [33maria-describedby[39m=[32m"change-item-949-desc-help"[39m
    [33maria-invalid[39m=[32m"false"[39m
    [33maria-label[39m=[32m"Description for change item 950"[39m
    [33mclass[39m=[32m"MuiInputBase-input MuiOutlinedInput-input css-w4nesw-MuiInputBase-input-MuiOutlinedInput-input"[39m
    [33mid[39m=[32m"_r_2vc_"[39m
    [33mmaxlength[39m=[32m"500"[39m
    [33mrequired[39m=[32m""[39m
    [33mrows[39m=[32m"3"[39m
    [33mstyle[39m=[32m"height: 0px; overflow: hidden;"[39m
  [36m/>[39m

  Name "Jira number for change item 951":
  [36m<input[39m
    [33maria-describedby[39m=[32m"change-item-950-jira-help"[39m
    [33maria-invalid[39m=[32m"false"[39m
    [33maria-label[39m=[32m"Jira number for change item 951"[39m
    [33mclass[39m=[32m"MuiInputBase-input MuiOutlinedInput-input css-16wblaj-MuiInputBase-input-MuiOutlinedInput-input"[39m
    [33mid[39m=[32m"_r_2ve_"[39m
    [33mmaxlength[39m=[32m"50"[39m
    [33mrequired[39m=[32m""[39m
    [33mtype[39m=[32m"text"[39m
    [33mvalue[39m=[32m"JIRA-0951"[39m
  [36m/>[39m

  Name "Description for change item 951":
  [36m<textarea[39m
    [33maria-describedby[39m=[32m"change-item-950-desc-help"[39m
    [33maria-invalid[39m=[32m"false"[39m
    [33maria-label[39m=[32m"Description for change item 951"[39m
    [33mclass[39m=[32m"MuiInputBase-input MuiOutlinedInput-input css-w4nesw-MuiInputBase-input-MuiOutlinedInput-input"[39m
    [33mid[39m=[32m"_r_2vf_"[39m
    [33mmaxlength[39m=[32m"500"[39m
    [33mrequired[39m=[32m""[39m
    [33mrows[39m=[32m"3"[39m
    [33mstyle[39m=[32m"height: 0px; overflow: hidden;"[39m
  [36m/>[39m

  Name "Jira number for change item 952":
  [36m<input[39m
    [33maria-describedby[39m=[32m"change-item-951-jira-help"[39m
    [33maria-invalid[39m=[32m"false"[39m
    [33maria-label[39m=[32m"Jira number for change item 952"[39m
    [33mclass[39m=[32m"MuiInputBase-input MuiOutlinedInput-input css-16wblaj-MuiInputBase-input-MuiOutlinedInput-input"[39m
    [33mid[39m=[32m"_r_2vh_"[39m
    [33mmaxlength[39m=[32m"50"[39m
    [33mrequired[39m=[32m""[39m
    [33mtype[39m=[32m"text"[39m
    [33mvalue[39m=[32m"JIRA-0952"[39m
  [36m/>[39m

  Name "Description for change item 952":
  [36m<textarea[39m
    [33maria-describedby[39m=[32m"change-item-951-desc-help"[39m
    [33maria-invalid[39m=[32m"false"[39m
    [33maria-label[39m=[32m"Description for change item 952"[39m
    [33mclass[39m=[32m"MuiInputBase-input MuiOutlinedInput-input css-w4nesw-MuiInputBase-input-MuiOutlinedInput-input"[39m
    [33mid[39m=[32m"_r_2vi_"[39m
    [33mmaxlength[39m=[32m"500"[39m
    [33mrequired[39m=[32m""[39m
    [33mrows[39m=[32m"3"[39m
    [33mstyle[39m=[32m"height: 0px; overflow: hidden;"[39m
  [36m/>[39m

  Name "Jira number for change item 953":
  [36m<input[39m
    [33maria-describedby[39m=[32m"change-item-952-jira-help"[39m
    [33maria-invalid[39m=[32m"false"[39m
    [33maria-label[39m=[32m"Jira number for change item 953"[39m
    [33mclass[39m=[32m"MuiInputBase-input MuiOutlinedInput-input css-16wblaj-MuiInputBase-input-MuiOutlinedInput-input"[39m
    [33mid[39m=[32m"_r_2vk_"[39m
    [33mmaxlength[39m=[32m"50"[39m
    [33mrequired[39m=[32m""[39m
    [33mtype[39m=[32m"text"[39m
    [33mvalue[39m=[32m"JIRA-0953"[39m
  [36m/>[39m

  Name "Description for change item 953":
  [36m<textarea[39m
    [33maria-describedby[39m=[32m"change-item-952-desc-help"[39m
    [33maria-invalid[39m=[32m"false"[39m
    [33maria-label[39m=[32m"Description for change item 953"[39m
    [33mclass[39m=[32m"MuiInputBase-input MuiOutlinedInput-input css-w4nesw-MuiInputBase-input-MuiOutlinedInput-input"[39m
    [33mid[39m=[32m"_r_2vl_"[39m
    [33mmaxlength[39m=[32m"500"[39m
    [33mrequired[39m=[32m""[39m
    [33mrows[39m=[32m"3"[39m
    [33mstyle[39m=[32m"height: 0px; overflow: hidden;"[39m
  [36m/>[39m

  Name "Jira number for change item 954":
  [36m<input[39m
    [33maria-describedby[39m=[32m"change-item-953-jira-help"[39m
    [33maria-invalid[39m=[32m"false"[39m
    [33maria-label[39m=[32m"Jira number for change item 954"[39m
    [33mclass[39m=[32m"MuiInputBase-input MuiOutlinedInput-input css-16wblaj-MuiInputBase-input-MuiOutlinedInput-input"[39m
    [33mid[39m=[32m"_r_2vn_"[39m
    [33mmaxlength[39m=[32m"50"[39m
    [33mrequired[39m=[32m""[39m
    [33mtype[39m=[32m"text"[39m
    [33mvalue[39m=[32m"JIRA-0954"[39m
  [36m/>[39m

  Name "Description for change item 954":
  [36m<textarea[39m
    [33maria-describedby[39m=[32m"change-item-953-desc-help"[39m
    [33maria-invalid[39m=[32m"false"[39m
    [33maria-label[39m=[32m"Description for change item 954"[39m
    [33mclass[39m=[32m"MuiInputBase-input MuiOutlinedInput-input css-w4nesw-MuiInputBase-input-MuiOutlinedInput-input"[39m
    [33mid[39m=[32m"_r_2vo_"[39m
    [33mmaxlength[39m=[32m"500"[39m
    [33mrequired[39m=[32m""[39m
    [33mrows[39m=[32m"3"[39m
    [33mstyle[39m=[32m"height: 0px; overflow: hidden;"[39m
  [36m/>[39m

  Name "Jira number for change item 955":
  [36m<input[39m
    [33maria-describedby[39m=[32m"change-item-954-jira-help"[39m
    [33maria-invalid[39m=[32m"false"[39m
    [33maria-label[39m=[32m"Jira number for change item 955"[39m
    [33mclass[39m=[32m"MuiInputBase-input MuiOutlinedInput-input css-16wblaj-MuiInputBase-input-MuiOutlinedInput-input"[39m
    [33mid[39m=[32m"_r_2vq_"[39m
    [33mmaxlength[39m=[32m"50"[39m
    [33mrequired[39m=[32m""[39m
    [33mtype[39m=[32m"text"[39m
    [33mvalue[39m=[32m"JIRA-0955"[39m
  [36m/>[39m

  Name "Description for change item 955":
  [36m<textarea[39m
    [33maria-describedby[39m=[32m"change-item-954-desc-help"[39m
    [33maria-invalid[39m=[32m"false"[39m
    [33maria-label[39m=[32m"Description for change item 955"[39m
    [33mclass[39m=[32m"MuiInputBase-input MuiOutlinedInput-input css-w4nesw-MuiInputBase-input-MuiOutlinedInput-input"[39m
    [33mid[39m=[32m"_r_2vr_"[39m
    [33mmaxlength[39m=[32m"500"[39m
    [33mrequired[39m=[32m""[39m
    [33mrows[39m=[32m"3"[39m
    [33mstyle[39m=[32m"height: 0px; overflow: hidden;"[39m
  [36m/>[39m

  Name "Jira number for change item 956":
  [36m<input[39m
    [33maria-describedby[39m=[32m"change-item-955-jira-help"[39m
    [33maria-invalid[39m=[32m"false"[39m
    [33maria-label[39m=[32m"Jira number for change item 956"[39m
    [33mclass[39m=[32m"MuiInputBase-input MuiOutlinedInput-input css-16wblaj-MuiInputBase-input-MuiOutlinedInput-input"[39m
    [33mid[39m=[32m"_r_2vt_"[39m
    [33mmaxlength[39m=[32m"50"[39m
    [33mrequired[39m=[32m""[39m
    [33mtype[39m=[32m"text"[39m
    [33mvalue[39m=[32m"JIRA-0956"[39m
  [36m/>[39m

  Name "Description for change item 956":
  [36m<textarea[39m
    [33maria-describedby[39m=[32m"change-item-955-desc-help"[39m
    [33maria-invalid[39m=[32m"false"[39m
    [33maria-label[39m=[32m"Description for change item 956"[39m
    [33mclass[39m=[32m"MuiInputBase-input MuiOutlinedInput-input css-w4nesw-MuiInputBase-input-MuiOutlinedInput-input"[39m
    [33mid[39m=[32m"_r_2vu_"[39m
    [33mmaxlength[39m=[32m"500"[39m
    [33mrequired[39m=[32m""[39m
    [33mrows[39m=[32m"3"[39m
    [33mstyle[39m=[32m"height: 0px; overflow: hidden;"[39m
  [36m/>[39m

  Name "Jira number for change item 957":
  [36m<input[39m
    [33maria-describedby[39m=[32m"change-item-956-jira-help"[39m
    [33maria-invalid[39m=[32m"false"[39m
    [33maria-label[39m=[32m"Jira number for change item 957"[39m
    [33mclass[39m=[32m"MuiInputBase-input MuiOutlinedInput-input css-16wblaj-MuiInputBase-input-MuiOutlinedInput-input"[39m
    [33mid[39m=[32m"_r_300_"[39m
    [33mmaxlength[39m=[32m"50"[39m
    [33mrequired[39m=[32m""[39m
    [33mtype[39m=[32m"text"[39m
    [33mvalue[39m=[32m"JIRA-0957"[39m
  [36m/>[39m

  Name "Description for change item 957":
  [36m<textarea[39m
    [33maria-describedby[39m=[32m"change-item-956-desc-help"[39m
    [33maria-invalid[39m=[32m"false"[39m
    [33maria-label[39m=[32m"Description for change item 957"[39m
    [33mclass[39m=[32m"MuiInputBase-input MuiOutlinedInput-input css-w4nesw-MuiInputBase-input-MuiOutlinedInput-input"[39m
    [33mid[39m=[32m"_r_301_"[39m
    [33mmaxlength[39m=[32m"500"[39m
    [33mrequired[39m=[32m""[39m
    [33mrows[39m=[32m"3"[39m
    [33mstyle[39m=[32m"height: 0px; overflow: hidden;"[39m
  [36m/>[39m

  Name "Jira number for change item 958":
  [36m<input[39m
    [33maria-describedby[39m=[32m"change-item-957-jira-help"[39m
    [33maria-invalid[39m=[32m"false"[39m
    [33maria-label[39m=[32m"Jira number for change item 958"[39m
    [33mclass[39m=[32m"MuiInputBase-input MuiOutlinedInput-input css-16wblaj-MuiInputBase-input-MuiOutlinedInput-input"[39m
    [33mid[39m=[32m"_r_303_"[39m
    [33mmaxlength[39m=[32m"50"[39m
    [33mrequired[39m=[32m""[39m
    [33mtype[39m=[32m"text"[39m
    [33mvalue[39m=[32m"JIRA-0958"[39m
  [36m/>[39m

  Name "Description for change item 958":
  [36m<textarea[39m
    [33maria-describedby[39m=[32m"change-item-957-desc-help"[39m
    [33maria-invalid[39m=[32m"false"[39m
    [33maria-label[39m=[32m"Description for change item 958"[39m
    [33mclass[39m=[32m"MuiInputBase-input MuiOutlinedInput-input css-w4nesw-MuiInputBase-input-MuiOutlinedInput-input"[39m
    [33mid[39m=[32m"_r_304_"[39m
    [33mmaxlength[39m=[32m"500"[39m
    [33mrequired[39m=[32m""[39m
    [33mrows[39m=[32m"3"[39m
    [33mstyle[39m=[32m"height: 0px; overflow: hidden;"[39m
  [36m/>[39m

  Name "Jira number for change item 959":
  [36m<input[39m
    [33maria-describedby[39m=[32m"change-item-958-jira-help"[39m
    [33maria-invalid[39m=[32m"false"[39m
    [33maria-label[39m=[32m"Jira number for change item 959"[39m
    [33mclass[39m=[32m"MuiInputBase-input MuiOutlinedInput-input css-16wblaj-MuiInputBase-input-MuiOutlinedInput-input"[39m
    [33mid[39m=[32m"_r_306_"[39m
    [33mmaxlength[39m=[32m"50"[39m
    [33mrequired[39m=[32m""[39m
    [33mtype[39m=[32m"text"[39m
    [33mvalue[39m=[32m"JIRA-0959"[39m
  [36m/>[39m

  Name "Description for change item 959":
  [36m<textarea[39m
    [33maria-describedby[39m=[32m"change-item-958-desc-help"[39m
    [33maria-invalid[39m=[32m"false"[39m
    [33maria-label[39m=[32m"Description for change item 959"[39m
    [33mclass[39m=[32m"MuiInputBase-input MuiOutlinedInput-input css-w4nesw-MuiInputBase-input-MuiOutlinedInput-input"[39m
    [33mid[39m=[32m"_r_307_"[39m
    [33mmaxlength[39m=[32m"500"[39m
    [33mrequired[39m=[32m""[39m
    [33mrows[39m=[32m"3"[39m
    [33mstyle[39m=[32m"height: 0px; overflow: hidden;"[39m
  [36m/>[39m

  Name "Jira number for change item 960":
  [36m<input[39m
    [33maria-describedby[39m=[32m"change-item-959-jira-help"[39m
    [33maria-invalid[39m=[32m"false"[39m
    [33maria-label[39m=[32m"Jira number for change item 960"[39m
    [33mclass[39m=[32m"MuiInputBase-input MuiOutlinedInput-input css-16wblaj-MuiInputBase-input-MuiOutlinedInput-input"[39m
    [33mid[39m=[32m"_r_309_"[39m
    [33mmaxlength[39m=[32m"50"[39m
    [33mrequired[39m=[32m""[39m
    [33mtype[39m=[32m"text"[39m
    [33mvalue[39m=[32m"JIRA-0960"[39m
  [36m/>[39m

  Name "Description for change item 960":
  [36m<textarea[39m
    [33maria-describedby[39m=[32m"change-item-959-desc-help"[39m
    [33maria-invalid[39m=[32m"false"[39m
    [33maria-label[39m=[32m"Description for change item 960"[39m
    [33mclass[39m=[32m"MuiInputBase-input MuiOutlinedInput-input css-w4nesw-MuiInputBase-input-MuiOutlinedInput-input"[39m
    [33mid[39m=[32m"_r_30a_"[39m
    [33mmaxlength[39m=[32m"500"[39m
    [33mrequired[39m=[32m""[39m
    [33mrows[39m=[32m"3"[39m
    [33mstyle[39m=[32m"height: 0px; overflow: hidden;"[39m
  [36m/>[39m

  Name "Jira number for change item 961":
  [36m<input[39m
    [33maria-describedby[39m=[32m"change-item-960-jira-help"[39m
    [33maria-invalid[39m=[32m"false"[39m
    [33maria-label[39m=[32m"Jira number for change item 961"[39m
    [33mclass[39m=[32m"MuiInputBase-input MuiOutlinedInput-input css-16wblaj-MuiInputBase-input-MuiOutlinedInput-input"[39m
    [33mid[39m=[32m"_r_30c_"[39m
    [33mmaxlength[39m=[32m"50"[39m
    [33mrequired[39m=[32m""[39m
    [33mtype[39m=[32m"text"[39m
    [33mvalue[39m=[32m"JIRA-0961"[39m
  [36m/>[39m

  Name "Description for change item 961":
  [36m<textarea[39m
    [33maria-describedby[39m=[32m"change-item-960-desc-help"[39m
    [33maria-invalid[39m=[32m"false"[39m
    [33maria-label[39m=[32m"Description for change item 961"[39m
    [33mclass[39m=[32m"MuiInputBase-input MuiOutlinedInput-input css-w4nesw-MuiInputBase-input-MuiOutlinedInput-input"[39m
    [33mid[39m=[32m"_r_30d_"[39m
    [33mmaxlength[39m=[32m"500"[39m
    [33mrequired[39m=[32m""[39m
    [33mrows[39m=[32m"3"[39m
    [33mstyle[39m=[32m"height: 0px; overflow: hidden;"[39m
  [36m/>[39m

  Name "Jira number for change item 962":
  [36m<input[39m
    [33maria-describedby[39m=[32m"change-item-961-jira-help"[39m
    [33maria-invalid[39m=[32m"false"[39m
    [33maria-label[39m=[32m"Jira number for change item 962"[39m
    [33mclass[39m=[32m"MuiInputBase-input MuiOutlinedInput-input css-16wblaj-MuiInputBase-input-MuiOutlinedInput-input"[39m
    [33mid[39m=[32m"_r_30f_"[39m
    [33mmaxlength[39m=[32m"50"[39m
    [33mrequired[39m=[32m""[39m
    [33mtype[39m=[32m"text"[39m
    [33mvalue[39m=[32m"JIRA-0962"[39m
  [36m/>[39m

  Name "Description for change item 962":
  [36m<textarea[39m
    [33maria-describedby[39m=[32m"change-item-961-desc-help"[39m
    [33maria-invalid[39m=[32m"false"[39m
    [33maria-label[39m=[32m"Description for change item 962"[39m
    [33mclass[39m=[32m"MuiInputBase-input MuiOutlinedInput-input css-w4nesw-MuiInputBase-input-MuiOutlinedInput-input"[39m
    [33mid[39m=[32m"_r_30g_"[39m
    [33mmaxlength[39m=[32m"500"[39m
    [33mrequired[39m=[32m""[39m
    [33mrows[39m=[32m"3"[39m
    [33mstyle[39m=[32m"height: 0px; overflow: hidden;"[39m
  [36m/>[39m

  Name "Jira number for change item 963":
  [36m<input[39m
    [33maria-describedby[39m=[32m"change-item-962-jira-help"[39m
    [33maria-invalid[39m=[32m"false"[39m
    [33maria-label[39m=[32m"Jira number for change item 963"[39m
    [33mclass[39m=[32m"MuiInputBase-input MuiOutlinedInput-input css-16wblaj-MuiInputBase-input-MuiOutlinedInput-input"[39m
    [33mid[39m=[32m"_r_30i_"[39m
    [33mmaxlength[39m=[32m"50"[39m
    [33mrequired[39m=[32m""[39m
    [33mtype[39m=[32m"text"[39m
    [33mvalue[39m=[32m"JIRA-0963"[39m
  [36m/>[39m

  Name "Description for change item 963":
  [36m<textarea[39m
    [33maria-describedby[39m=[32m"change-item-962-desc-help"[39m
    [33maria-invalid[39m=[32m"false"[39m
    [33maria-label[39m=[32m"Description for change item 963"[39m
    [33mclass[39m=[32m"MuiInputBase-input MuiOutlinedInput-input css-w4nesw-MuiInputBase-input-MuiOutlinedInput-input"[39m
    [33mid[39m=[32m"_r_30j_"[39m
    [33mmaxlength[39m=[32m"500"[39m
    [33mrequired[39m=[32m""[39m
    [33mrows[39m=[32m"3"[39m
    [33mstyle[39m=[32m"height: 0px; overflow: hidden;"[39m
  [36m/>[39m

  Name "Jira number for change item 964":
  [36m<input[39m
    [33maria-describedby[39m=[32m"change-item-963-jira-help"[39m
    [33maria-invalid[39m=[32m"false"[39m
    [33maria-label[39m=[32m"Jira number for change item 964"[39m
    [33mclass[39m=[32m"MuiInputBase-input MuiOutlinedInput-input css-16wblaj-MuiInputBase-input-MuiOutlinedInput-input"[39m
    [33mid[39m=[32m"_r_30l_"[39m
    [33mmaxlength[39m=[32m"50"[39m
    [33mrequired[39m=[32m""[39m
    [33mtype[39m=[32m"text"[39m
    [33mvalue[39m=[32m"JIRA-0964"[39m
  [36m/>[39m

  Name "Description for change item 964":
  [36m<textarea[39m
    [33maria-describedby[39m=[32m"change-item-963-desc-help"[39m
    [33maria-invalid[39m=[32m"false"[39m
    [33maria-label[39m=[32m"Description for change item 964"[39m
    [33mclass[39m=[32m"MuiInputBase-input MuiOutlinedInput-input css-w4nesw-MuiInputBase-input-MuiOutlinedInput-input"[39m
    [33mid[39m=[32m"_r_30m_"[39m
    [33mmaxlength[39m=[32m"500"[39m
    [33mrequired[39m=[32m""[39m
    [33mrows[39m=[32m"3"[39m
    [33mstyle[39m=[32m"height: 0px; overflow: hidden;"[39m
  [36m/>[39m

  Name "Jira number for change item 965":
  [36m<input[39m
    [33maria-describedby[39m=[32m"change-item-964-jira-help"[39m
    [33maria-invalid[39m=[32m"false"[39m
    [33maria-label[39m=[32m"Jira number for change item 965"[39m
    [33mclass[39m=[32m"MuiInputBase-input MuiOutlinedInput-input css-16wblaj-MuiInputBase-input-MuiOutlinedInput-input"[39m
    [33mid[39m=[32m"_r_30o_"[39m
    [33mmaxlength[39m=[32m"50"[39m
    [33mrequired[39m=[32m""[39m
    [33mtype[39m=[32m"text"[39m
    [33mvalue[39m=[32m"JIRA-0965"[39m
  [36m/>[39m

  Name "Description for change item 965":
  [36m<textarea[39m
    [33maria-describedby[39m=[32m"change-item-964-desc-help"[39m
    [33maria-invalid[39m=[32m"false"[39m
    [33maria-label[39m=[32m"Description for change item 965"[39m
    [33mclass[39m=[32m"MuiInputBase-input MuiOutlinedInput-input css-w4nesw-MuiInputBase-input-MuiOutlinedInput-input"[39m
    [33mid[39m=[32m"_r_30p_"[39m
    [33mmaxlength[39m=[32m"500"[39m
    [33mrequired[39m=[32m""[39m
    [33mrows[39m=[32m"3"[39m
    [33mstyle[39m=[32m"height: 0px; overflow: hidden;"[39m
  [36m/>[39m

  Name "Jira number for change item 966":
  [36m<input[39m
    [33maria-describedby[39m=[32m"change-item-965-jira-help"[39m
    [33maria-invalid[39m=[32m"false"[39m
    [33maria-label[39m=[32m"Jira number for change item 966"[39m
    [33mclass[39m=[32m"MuiInputBase-input MuiOutlinedInput-input css-16wblaj-MuiInputBase-input-MuiOutlinedInput-input"[39m
    [33mid[39m=[32m"_r_30r_"[39m
    [33mmaxlength[39m=[32m"50"[39m
    [33mrequired[39m=[32m""[39m
    [33mtype[39m=[32m"text"[39m
    [33mvalue[39m=[32m"JIRA-0966"[39m
  [36m/>[39m

  Name "Description for change item 966":
  [36m<textarea[39m
    [33maria-describedby[39m=[32m"change-item-965-desc-help"[39m
    [33maria-invalid[39m=[32m"false"[39m
    [33maria-label[39m=[32m"Description for change item 966"[39m
    [33mclass[39m=[32m"MuiInputBase-input MuiOutlinedInput-input css-w4nesw-MuiInputBase-input-MuiOutlinedInput-input"[39m
    [33mid[39m=[32m"_r_30s_"[39m
    [33mmaxlength[39m=[32m"500"[39m
    [33mrequired[39m=[32m""[39m
    [33mrows[39m=[32m"3"[39m
    [33mstyle[39m=[32m"height: 0px; overflow: hidden;"[39m
  [36m/>[39m

  Name "Jira number for change item 967":
  [36m<input[39m
    [33maria-describedby[39m=[32m"change-item-966-jira-help"[39m
    [33maria-invalid[39m=[32m"false"[39m
    [33maria-label[39m=[32m"Jira number for change item 967"[39m
    [33mclass[39m=[32m"MuiInputBase-input MuiOutlinedInput-input css-16wblaj-MuiInputBase-input-MuiOutlinedInput-input"[39m
    [33mid[39m=[32m"_r_30u_"[39m
    [33mmaxlength[39m=[32m"50"[39m
    [33mrequired[39m=[32m""[39m
    [33mtype[39m=[32m"text"[39m
    [33mvalue[39m=[32m"JIRA-0967"[39m
  [36m/>[39m

  Name "Description for change item 967":
  [36m<textarea[39m
    [33maria-describedby[39m=[32m"change-item-966-desc-help"[39m
    [33maria-invalid[39m=[32m"false"[39m
    [33maria-label[39m=[32m"Description for change item 967"[39m
    [33mclass[39m=[32m"MuiInputBase-input MuiOutlinedInput-input css-w4nesw-MuiInputBase-input-MuiOutlinedInput-input"[39m
    [33mid[39m=[32m"_r_30v_"[39m
    [33mmaxlength[39m=[32m"500"[39m
    [33mrequired[39m=[32m""[39m
    [33mrows[39m=[32m"3"[39m
    [33mstyle[39m=[32m"height: 0px; overflow: hidden;"[39m
  [36m/>[39m

  Name "Jira number for change item 968":
  [36m<input[39m
    [33maria-describedby[39m=[32m"change-item-967-jira-help"[39m
    [33maria-invalid[39m=[32m"false"[39m
    [33maria-label[39m=[32m"Jira number for change item 968"[39m
    [33mclass[39m=[32m"MuiInputBase-input MuiOutlinedInput-input css-16wblaj-MuiInputBase-input-MuiOutlinedInput-input"[39m
    [33mid[39m=[32m"_r_311_"[39m
    [33mmaxlength[39m=[32m"50"[39m
    [33mrequired[39m=[32m""[39m
    [33mtype[39m=[32m"text"[39m
    [33mvalue[39m=[32m"JIRA-0968"[39m
  [36m/>[39m

  Name "Description for change item 968":
  [36m<textarea[39m
    [33maria-describedby[39m=[32m"change-item-967-desc-help"[39m
    [33maria-invalid[39m=[32m"false"[39m
    [33maria-label[39m=[32m"Description for change item 968"[39m
    [33mclass[39m=[32m"MuiInputBase-input MuiOutlinedInput-input css-w4nesw-MuiInputBase-input-MuiOutlinedInput-input"[39m
    [33mid[39m=[32m"_r_312_"[39m
    [33mmaxlength[39m=[32m"500"[39m
    [33mrequired[39m=[32m""[39m
    [33mrows[39m=[32m"3"[39m
    [33mstyle[39m=[32m"height: 0px; overflow: hidden;"[39m
  [36m/>[39m

  Name "Jira number for change item 969":
  [36m<input[39m
    [33maria-describedby[39m=[32m"change-item-968-jira-help"[39m
    [33maria-invalid[39m=[32m"false"[39m
    [33maria-label[39m=[32m"Jira number for change item 969"[39m
    [33mclass[39m=[32m"MuiInputBase-input MuiOutlinedInput-input css-16wblaj-MuiInputBase-input-MuiOutlinedInput-input"[39m
    [33mid[39m=[32m"_r_314_"[39m
    [33mmaxlength[39m=[32m"50"[39m
    [33mrequired[39m=[32m""[39m
    [33mtype[39m=[32m"text"[39m
    [33mvalue[39m=[32m"JIRA-0969"[39m
  [36m/>[39m

  Name "Description for change item 969":
  [36m<textarea[39m
    [33maria-describedby[39m=[32m"change-item-968-desc-help"[39m
    [33maria-invalid[39m=[32m"false"[39m
    [33maria-label[39m=[32m"Description for change item 969"[39m
    [33mclass[39m=[32m"MuiInputBase-input MuiOutlinedInput-input css-w4nesw-MuiInputBase-input-MuiOutlinedInput-input"[39m
    [33mid[39m=[32m"_r_315_"[39m
    [33mmaxlength[39m=[32m"500"[39m
    [33mrequired[39m=[32m""[39m
    [33mrows[39m=[32m"3"[39m
    [33mstyle[39m=[32m"height: 0px; overflow: hidden;"[39m
  [36m/>[39m

  Name "Jira number for change item 970":
  [36m<input[39m
    [33maria-describedby[39m=[32m"change-item-969-jira-help"[39m
    [33maria-invalid[39m=[32m"false"[39m
    [33maria-label[39m=[32m"Jira number for change item 970"[39m
    [33mclass[39m=[32m"MuiInputBase-input MuiOutlinedInput-input css-16wblaj-MuiInputBase-input-MuiOutlinedInput-input"[39m
    [33mid[39m=[32m"_r_317_"[39m
    [33mmaxlength[39m=[32m"50"[39m
    [33mrequired[39m=[32m""[39m
    [33mtype[39m=[32m"text"[39m
    [33mvalue[39m=[32m"JIRA-0970"[39m
  [36m/>[39m

  Name "Description for change item 970":
  [36m<textarea[39m
    [33maria-describedby[39m=[32m"change-item-969-desc-help"[39m
    [33maria-invalid[39m=[32m"false"[39m
    [33maria-label[39m=[32m"Description for change item 970"[39m
    [33mclass[39m=[32m"MuiInputBase-input MuiOutlinedInput-input css-w4nesw-MuiInputBase-input-MuiOutlinedInput-input"[39m
    [33mid[39m=[32m"_r_318_"[39m
    [33mmaxlength[39m=[32m"500"[39m
    [33mrequired[39m=[32m""[39m
    [33mrows[39m=[32m"3"[39m
    [33mstyle[39m=[32m"height: 0px; overflow: hidden;"[39m
  [36m/>[39m

  Name "Jira number for change item 971":
  [36m<input[39m
    [33maria-describedby[39m=[32m"change-item-970-jira-help"[39m
    [33maria-invalid[39m=[32m"false"[39m
    [33maria-label[39m=[32m"Jira number for change item 971"[39m
    [33mclass[39m=[32m"MuiInputBase-input MuiOutlinedInput-input css-16wblaj-MuiInputBase-input-MuiOutlinedInput-input"[39m
    [33mid[39m=[32m"_r_31a_"[39m
    [33mmaxlength[39m=[32m"50"[39m
    [33mrequired[39m=[32m""[39m
    [33mtype[39m=[32m"text"[39m
    [33mvalue[39m=[32m"JIRA-0971"[39m
  [36m/>[39m

  Name "Description for change item 971":
  [36m<textarea[39m
    [33maria-describedby[39m=[32m"change-item-970-desc-help"[39m
    [33maria-invalid[39m=[32m"false"[39m
    [33maria-label[39m=[32m"Description for change item 971"[39m
    [33mclass[39m=[32m"MuiInputBase-input MuiOutlinedInput-input css-w4nesw-MuiInputBase-input-MuiOutlinedInput-input"[39m
    [33mid[39m=[32m"_r_31b_"[39m
    [33mmaxlength[39m=[32m"500"[39m
    [33mrequired[39m=[32m""[39m
    [33mrows[39m=[32m"3"[39m
    [33mstyle[39m=[32m"height: 0px; overflow: hidden;"[39m
  [36m/>[39m

  Name "Jira number for change item 972":
  [36m<input[39m
    [33maria-describedby[39m=[32m"change-item-971-jira-help"[39m
    [33maria-invalid[39m=[32m"false"[39m
    [33maria-label[39m=[32m"Jira number for change item 972"[39m
    [33mclass[39m=[32m"MuiInputBase-input MuiOutlinedInput-input css-16wblaj-MuiInputBase-input-MuiOutlinedInput-input"[39m
    [33mid[39m=[32m"_r_31d_"[39m
    [33mmaxlength[39m=[32m"50"[39m
    [33mrequired[39m=[32m""[39m
    [33mtype[39m=[32m"text"[39m
    [33mvalue[39m=[32m"JIRA-0972"[39m
  [36m/>[39m

  Name "Description for change item 972":
  [36m<textarea[39m
    [33maria-describedby[39m=[32m"change-item-971-desc-help"[39m
    [33maria-invalid[39m=[32m"false"[39m
    [33maria-label[39m=[32m"Description for change item 972"[39m
    [33mclass[39m=[32m"MuiInputBase-input MuiOutlinedInput-input css-w4nesw-MuiInputBase-input-MuiOutlinedInput-input"[39m
    [33mid[39m=[32m"_r_31e_"[39m
    [33mmaxlength[39m=[32m"500"[39m
    [33mrequired[39m=[32m""[39m
    [33mrows[39m=[32m"3"[39m
    [33mstyle[39m=[32m"height: 0px; overflow: hidden;"[39m
  [36m/>[39m

  Name "Jira number for change item 973":
  [36m<input[39m
    [33maria-describedby[39m=[32m"change-item-972-jira-help"[39m
    [33maria-invalid[39m=[32m"false"[39m
    [33maria-label[39m=[32m"Jira number for change item 973"[39m
    [33mclass[39m=[32m"MuiInputBase-input MuiOutlinedInput-input css-16wblaj-MuiInputBase-input-MuiOutlinedInput-input"[39m
    [33mid[39m=[32m"_r_31g_"[39m
    [33mmaxlength[39m=[32m"50"[39m
    [33mrequired[39m=[32m""[39m
    [33mtype[39m=[32m"text"[39m
    [33mvalue[39m=[32m"JIRA-0973"[39m
  [36m/>[39m

  Name "Description for change item 973":
  [36m<textarea[39m
    [33maria-describedby[39m=[32m"change-item-972-desc-help"[39m
    [33maria-invalid[39m=[32m"false"[39m
    [33maria-label[39m=[32m"Description for change item 973"[39m
    [33mclass[39m=[32m"MuiInputBase-input MuiOutlinedInput-input css-w4nesw-MuiInputBase-input-MuiOutlinedInput-input"[39m
    [33mid[39m=[32m"_r_31h_"[39m
    [33mmaxlength[39m=[32m"500"[39m
    [33mrequired[39m=[32m""[39m
    [33mrows[39m=[32m"3"[39m
    [33mstyle[39m=[32m"height: 0px; overflow: hidden;"[39m
  [36m/>[39m

  Name "Jira number for change item 974":
  [36m<input[39m
    [33maria-describedby[39m=[32m"change-item-973-jira-help"[39m
    [33maria-invalid[39m=[32m"false"[39m
    [33maria-label[39m=[32m"Jira number for change item 974"[39m
    [33mclass[39m=[32m"MuiInputBase-input MuiOutlinedInput-input css-16wblaj-MuiInputBase-input-MuiOutlinedInput-input"[39m
    [33mid[39m=[32m"_r_31j_"[39m
    [33mmaxlength[39m=[32m"50"[39m
    [33mrequired[39m=[32m""[39m
    [33mtype[39m=[32m"text"[39m
    [33mvalue[39m=[32m"JIRA-0974"[39m
  [36m/>[39m

  Name "Description for change item 974":
  [36m<textarea[39m
    [33maria-describedby[39m=[32m"change-item-973-desc-help"[39m
    [33maria-invalid[39m=[32m"false"[39m
    [33maria-label[39m=[32m"Description for change item 974"[39m
    [33mclass[39m=[32m"MuiInputBase-input MuiOutlinedInput-input css-w4nesw-MuiInputBase-input-MuiOutlinedInput-input"[39m
    [33mid[39m=[32m"_r_31k_"[39m
    [33mmaxlength[39m=[32m"500"[39m
    [33mrequired[39m=[32m""[39m
    [33mrows[39m=[32m"3"[39m
    [33mstyle[39m=[32m"height: 0px; overflow: hidden;"[39m
  [36m/>[39m

  Name "Jira number for change item 975":
  [36m<input[39m
    [33maria-describedby[39m=[32m"change-item-974-jira-help"[39m
    [33maria-invalid[39m=[32m"false"[39m
    [33maria-label[39m=[32m"Jira number for change item 975"[39m
    [33mclass[39m=[32m"MuiInputBase-input MuiOutlinedInput-input css-16wblaj-MuiInputBase-input-MuiOutlinedInput-input"[39m
    [33mid[39m=[32m"_r_31m_"[39m
    [33mmaxlength[39m=[32m"50"[39m
    [33mrequired[39m=[32m""[39m
    [33mtype[39m=[32m"text"[39m
    [33mvalue[39m=[32m"JIRA-0975"[39m
  [36m/>[39m

  Name "Description for change item 975":
  [36m<textarea[39m
    [33maria-describedby[39m=[32m"change-item-974-desc-help"[39m
    [33maria-invalid[39m=[32m"false"[39m
    [33maria-label[39m=[32m"Description for change item 975"[39m
    [33mclass[39m=[32m"MuiInputBase-input MuiOutlinedInput-input css-w4nesw-MuiInputBase-input-MuiOutlinedInput-input"[39m
    [33mid[39m=[32m"_r_31n_"[39m
    [33mmaxlength[39m=[32m"500"[39m
    [33mrequired[39m=[32m""[39m
    [33mrows[39m=[32m"3"[39m
    [33mstyle[39m=[32m"height: 0px; overflow: hidden;"[39m
  [36m/>[39m

  Name "Jira number for change item 976":
  [36m<input[39m
    [33maria-describedby[39m=[32m"change-item-975-jira-help"[39m
    [33maria-invalid[39m=[32m"false"[39m
    [33maria-label[39m=[32m"Jira number for change item 976"[39m
    [33mclass[39m=[32m"MuiInputBase-input MuiOutlinedInput-input css-16wblaj-MuiInputBase-input-MuiOutlinedInput-input"[39m
    [33mid[39m=[32m"_r_31p_"[39m
    [33mmaxlength[39m=[32m"50"[39m
    [33mrequired[39m=[32m""[39m
    [33mtype[39m=[32m"text"[39m
    [33mvalue[39m=[32m"JIRA-0976"[39m
  [36m/>[39m

  Name "Description for change item 976":
  [36m<textarea[39m
    [33maria-describedby[39m=[32m"change-item-975-desc-help"[39m
    [33maria-invalid[39m=[32m"false"[39m
    [33maria-label[39m=[32m"Description for change item 976"[39m
    [33mclass[39m=[32m"MuiInputBase-input MuiOutlinedInput-input css-w4nesw-MuiInputBase-input-MuiOutlinedInput-input"[39m
    [33mid[39m=[32m"_r_31q_"[39m
    [33mmaxlength[39m=[32m"500"[39m
    [33mrequired[39m=[32m""[39m
    [33mrows[39m=[32m"3"[39m
    [33mstyle[39m=[32m"height: 0px; overflow: hidden;"[39m
  [36m/>[39m

  Name "Jira number for change item 977":
  [36m<input[39m
    [33maria-describedby[39m=[32m"change-item-976-jira-help"[39m
    [33maria-invalid[39m=[32m"false"[39m
    [33maria-label[39m=[32m"Jira number for change item 977"[39m
    [33mclass[39m=[32m"MuiInputBase-input MuiOutlinedInput-input css-16wblaj-MuiInputBase-input-MuiOutlinedInput-input"[39m
    [33mid[39m=[32m"_r_31s_"[39m
    [33mmaxlength[39m=[32m"50"[39m
    [33mrequired[39m=[32m""[39m
    [33mtype[39m=[32m"text"[39m
    [33mvalue[39m=[32m"JIRA-0977"[39m
  [36m/>[39m

  Name "Description for change item 977":
  [36m<textarea[39m
    [33maria-describedby[39m=[32m"change-item-976-desc-help"[39m
    [33maria-invalid[39m=[32m"false"[39m
    [33maria-label[39m=[32m"Description for change item 977"[39m
    [33mclass[39m=[32m"MuiInputBase-input MuiOutlinedInput-input css-w4nesw-MuiInputBase-input-MuiOutlinedInput-input"[39m
    [33mid[39m=[32m"_r_31t_"[39m
    [33mmaxlength[39m=[32m"500"[39m
    [33mrequired[39m=[32m""[39m
    [33mrows[39m=[32m"3"[39m
    [33mstyle[39m=[32m"height: 0px; overflow: hidden;"[39m
  [36m/>[39m

  Name "Jira number for change item 978":
  [36m<input[39m
    [33maria-describedby[39m=[32m"change-item-977-jira-help"[39m
    [33maria-invalid[39m=[32m"false"[39m
    [33maria-label[39m=[32m"Jira number for change item 978"[39m
    [33mclass[39m=[32m"MuiInputBase-input MuiOutlinedInput-input css-16wblaj-MuiInputBase-input-MuiOutlinedInput-input"[39m
    [33mid[39m=[32m"_r_31v_"[39m
    [33mmaxlength[39m=[32m"50"[39m
    [33mrequired[39m=[32m""[39m
    [33mtype[39m=[32m"text"[39m
    [33mvalue[39m=[32m"JIRA-0978"[39m
  [36m/>[39m

  Name "Description for change item 978":
  [36m<textarea[39m
    [33maria-describedby[39m=[32m"change-item-977-desc-help"[39m
    [33maria-invalid[39m=[32m"false"[39m
    [33maria-label[39m=[32m"Description for change item 978"[39m
    [33mclass[39m=[32m"MuiInputBase-input MuiOutlinedInput-input css-w4nesw-MuiInputBase-input-MuiOutlinedInput-input"[39m
    [33mid[39m=[32m"_r_320_"[39m
    [33mmaxlength[39m=[32m"500"[39m
    [33mrequired[39m=[32m""[39m
    [33mrows[39m=[32m"3"[39m
    [33mstyle[39m=[32m"height: 0px; overflow: hidden;"[39m
  [36m/>[39m

  Name "Jira number for change item 979":
  [36m<input[39m
    [33maria-describedby[39m=[32m"change-item-978-jira-help"[39m
    [33maria-invalid[39m=[32m"false"[39m
    [33maria-label[39m=[32m"Jira number for change item 979"[39m
    [33mclass[39m=[32m"MuiInputBase-input MuiOutlinedInput-input css-16wblaj-MuiInputBase-input-MuiOutlinedInput-input"[39m
    [33mid[39m=[32m"_r_322_"[39m
    [33mmaxlength[39m=[32m"50"[39m
    [33mrequired[39m=[32m""[39m
    [33mtype[39m=[32m"text"[39m
    [33mvalue[39m=[32m"JIRA-0979"[39m
  [36m/>[39m

  Name "Description for change item 979":
  [36m<textarea[39m
    [33maria-describedby[39m=[32m"change-item-978-desc-help"[39m
    [33maria-invalid[39m=[32m"false"[39m
    [33maria-label[39m=[32m"Description for change item 979"[39m
    [33mclass[39m=[32m"MuiInputBase-input MuiOutlinedInput-input css-w4nesw-MuiInputBase-input-MuiOutlinedInput-input"[39m
    [33mid[39m=[32m"_r_323_"[39m
    [33mmaxlength[39m=[32m"500"[39m
    [33mrequired[39m=[32m""[39m
    [33mrows[39m=[32m"3"[39m
    [33mstyle[39m=[32m"height: 0px; overflow: hidden;"[39m
  [36m/>[39m

  Name "Jira number for change item 980":
  [36m<input[39m
    [33maria-describedby[39m=[32m"change-item-979-jira-help"[39m
    [33maria-invalid[39m=[32m"false"[39m
    [33maria-label[39m=[32m"Jira number for change item 980"[39m
    [33mclass[39m=[32m"MuiInputBase-input MuiOutlinedInput-input css-16wblaj-MuiInputBase-input-MuiOutlinedInput-input"[39m
    [33mid[39m=[32m"_r_325_"[39m
    [33mmaxlength[39m=[32m"50"[39m
    [33mrequired[39m=[32m""[39m
    [33mtype[39m=[32m"text"[39m
    [33mvalue[39m=[32m"JIRA-0980"[39m
  [36m/>[39m

  Name "Description for change item 980":
  [36m<textarea[39m
    [33maria-describedby[39m=[32m"change-item-979-desc-help"[39m
    [33maria-invalid[39m=[32m"false"[39m
    [33maria-label[39m=[32m"Description for change item 980"[39m
    [33mclass[39m=[32m"MuiInputBase-input MuiOutlinedInput-input css-w4nesw-MuiInputBase-input-MuiOutlinedInput-input"[39m
    [33mid[39m=[32m"_r_326_"[39m
    [33mmaxlength[39m=[32m"500"[39m
    [33mrequired[39m=[32m""[39m
    [33mrows[39m=[32m"3"[39m
    [33mstyle[39m=[32m"height: 0px; overflow: hidden;"[39m
  [36m/>[39m

  Name "Jira number for change item 981":
  [36m<input[39m
    [33maria-describedby[39m=[32m"change-item-980-jira-help"[39m
    [33maria-invalid[39m=[32m"false"[39m
    [33maria-label[39m=[32m"Jira number for change item 981"[39m
    [33mclass[39m=[32m"MuiInputBase-input MuiOutlinedInput-input css-16wblaj-MuiInputBase-input-MuiOutlinedInput-input"[39m
    [33mid[39m=[32m"_r_328_"[39m
    [33mmaxlength[39m=[32m"50"[39m
    [33mrequired[39m=[32m""[39m
    [33mtype[39m=[32m"text"[39m
    [33mvalue[39m=[32m"JIRA-0981"[39m
  [36m/>[39m

  Name "Description for change item 981":
  [36m<textarea[39m
    [33maria-describedby[39m=[32m"change-item-980-desc-help"[39m
    [33maria-invalid[39m=[32m"false"[39m
    [33maria-label[39m=[32m"Description for change item 981"[39m
    [33mclass[39m=[32m"MuiInputBase-input MuiOutlinedInput-input css-w4nesw-MuiInputBase-input-MuiOutlinedInput-input"[39m
    [33mid[39m=[32m"_r_329_"[39m
    [33mmaxlength[39m=[32m"500"[39m
    [33mrequired[39m=[32m""[39m
    [33mrows[39m=[32m"3"[39m
    [33mstyle[39m=[32m"height: 0px; overflow: hidden;"[39m
  [36m/>[39m

  Name "Jira number for change item 982":
  [36m<input[39m
    [33maria-describedby[39m=[32m"change-item-981-jira-help"[39m
    [33maria-invalid[39m=[32m"false"[39m
    [33maria-label[39m=[32m"Jira number for change item 982"[39m
    [33mclass[39m=[32m"MuiInputBase-input MuiOutlinedInput-input css-16wblaj-MuiInputBase-input-MuiOutlinedInput-input"[39m
    [33mid[39m=[32m"_r_32b_"[39m
    [33mmaxlength[39m=[32m"50"[39m
    [33mrequired[39m=[32m""[39m
    [33mtype[39m=[32m"text"[39m
    [33mvalue[39m=[32m"JIRA-0982"[39m
  [36m/>[39m

  Name "Description for change item 982":
  [36m<textarea[39m
    [33maria-describedby[39m=[32m"change-item-981-desc-help"[39m
    [33maria-invalid[39m=[32m"false"[39m
    [33maria-label[39m=[32m"Description for change item 982"[39m
    [33mclass[39m=[32m"MuiInputBase-input MuiOutlinedInput-input css-w4nesw-MuiInputBase-input-MuiOutlinedInput-input"[39m
    [33mid[39m=[32m"_r_32c_"[39m
    [33mmaxlength[39m=[32m"500"[39m
    [33mrequired[39m=[32m""[39m
    [33mrows[39m=[32m"3"[39m
    [33mstyle[39m=[32m"height: 0px; overflow: hidden;"[39m
  [36m/>[39m

  Name "Jira number for change item 983":
  [36m<input[39m
    [33maria-describedby[39m=[32m"change-item-982-jira-help"[39m
    [33maria-invalid[39m=[32m"false"[39m
    [33maria-label[39m=[32m"Jira number for change item 983"[39m
    [33mclass[39m=[32m"MuiInputBase-input MuiOutlinedInput-input css-16wblaj-MuiInputBase-input-MuiOutlinedInput-input"[39m
    [33mid[39m=[32m"_r_32e_"[39m
    [33mmaxlength[39m=[32m"50"[39m
    [33mrequired[39m=[32m""[39m
    [33mtype[39m=[32m"text"[39m
    [33mvalue[39m=[32m"JIRA-0983"[39m
  [36m/>[39m

  Name "Description for change item 983":
  [36m<textarea[39m
    [33maria-describedby[39m=[32m"change-item-982-desc-help"[39m
    [33maria-invalid[39m=[32m"false"[39m
    [33maria-label[39m=[32m"Description for change item 983"[39m
    [33mclass[39m=[32m"MuiInputBase-input MuiOutlinedInput-input css-w4nesw-MuiInputBase-input-MuiOutlinedInput-input"[39m
    [33mid[39m=[32m"_r_32f_"[39m
    [33mmaxlength[39m=[32m"500"[39m
    [33mrequired[39m=[32m""[39m
    [33mrows[39m=[32m"3"[39m
    [33mstyle[39m=[32m"height: 0px; overflow: hidden;"[39m
  [36m/>[39m

  Name "Jira number for change item 984":
  [36m<input[39m
    [33maria-describedby[39m=[32m"change-item-983-jira-help"[39m
    [33maria-invalid[39m=[32m"false"[39m
    [33maria-label[39m=[32m"Jira number for change item 984"[39m
    [33mclass[39m=[32m"MuiInputBase-input MuiOutlinedInput-input css-16wblaj-MuiInputBase-input-MuiOutlinedInput-input"[39m
    [33mid[39m=[32m"_r_32h_"[39m
    [33mmaxlength[39m=[32m"50"[39m
    [33mrequired[39m=[32m""[39m
    [33mtype[39m=[32m"text"[39m
    [33mvalue[39m=[32m"JIRA-0984"[39m
  [36m/>[39m

  Name "Description for change item 984":
  [36m<textarea[39m
    [33maria-describedby[39m=[32m"change-item-983-desc-help"[39m
    [33maria-invalid[39m=[32m"false"[39m
    [33maria-label[39m=[32m"Description for change item 984"[39m
    [33mclass[39m=[32m"MuiInputBase-input MuiOutlinedInput-input css-w4nesw-MuiInputBase-input-MuiOutlinedInput-input"[39m
    [33mid[39m=[32m"_r_32i_"[39m
    [33mmaxlength[39m=[32m"500"[39m
    [33mrequired[39m=[32m""[39m
    [33mrows[39m=[32m"3"[39m
    [33mstyle[39m=[32m"height: 0px; overflow: hidden;"[39m
  [36m/>[39m

  Name "Jira number for change item 985":
  [36m<input[39m
    [33maria-describedby[39m=[32m"change-item-984-jira-help"[39m
    [33maria-invalid[39m=[32m"false"[39m
    [33maria-label[39m=[32m"Jira number for change item 985"[39m
    [33mclass[39m=[32m"MuiInputBase-input MuiOutlinedInput-input css-16wblaj-MuiInputBase-input-MuiOutlinedInput-input"[39m
    [33mid[39m=[32m"_r_32k_"[39m
    [33mmaxlength[39m=[32m"50"[39m
    [33mrequired[39m=[32m""[39m
    [33mtype[39m=[32m"text"[39m
    [33mvalue[39m=[32m"JIRA-0985"[39m
  [36m/>[39m

  Name "Description for change item 985":
  [36m<textarea[39m
    [33maria-describedby[39m=[32m"change-item-984-desc-help"[39m
    [33maria-invalid[39m=[32m"false"[39m
    [33maria-label[39m=[32m"Description for change item 985"[39m
    [33mclass[39m=[32m"MuiInputBase-input MuiOutlinedInput-input css-w4nesw-MuiInputBase-input-MuiOutlinedInput-input"[39m
    [33mid[39m=[32m"_r_32l_"[39m
    [33mmaxlength[39m=[32m"500"[39m
    [33mrequired[39m=[32m""[39m
    [33mrows[39m=[32m"3"[39m
    [33mstyle[39m=[32m"height: 0px; overflow: hidden;"[39m
  [36m/>[39m

  Name "Jira number for change item 986":
  [36m<input[39m
    [33maria-describedby[39m=[32m"change-item-985-jira-help"[39m
    [33maria-invalid[39m=[32m"false"[39m
    [33maria-label[39m=[32m"Jira number for change item 986"[39m
    [33mclass[39m=[32m"MuiInputBase-input MuiOutlinedInput-input css-16wblaj-MuiInputBase-input-MuiOutlinedInput-input"[39m
    [33mid[39m=[32m"_r_32n_"[39m
    [33mmaxlength[39m=[32m"50"[39m
    [33mrequired[39m=[32m""[39m
    [33mtype[39m=[32m"text"[39m
    [33mvalue[39m=[32m"JIRA-0986"[39m
  [36m/>[39m

  Name "Description for change item 986":
  [36m<textarea[39m
    [33maria-describedby[39m=[32m"change-item-985-desc-help"[39m
    [33maria-invalid[39m=[32m"false"[39m
    [33maria-label[39m=[32m"Description for change item 986"[39m
    [33mclass[39m=[32m"MuiInputBase-input MuiOutlinedInput-input css-w4nesw-MuiInputBase-input-MuiOutlinedInput-input"[39m
    [33mid[39m=[32m"_r_32o_"[39m
    [33mmaxlength[39m=[32m"500"[39m
    [33mrequired[39m=[32m""[39m
    [33mrows[39m=[32m"3"[39m
    [33mstyle[39m=[32m"height: 0px; overflow: hidden;"[39m
  [36m/>[39m

  Name "Jira number for change item 987":
  [36m<input[39m
    [33maria-describedby[39m=[32m"change-item-986-jira-help"[39m
    [33maria-invalid[39m=[32m"false"[39m
    [33maria-label[39m=[32m"Jira number for change item 987"[39m
    [33mclass[39m=[32m"MuiInputBase-input MuiOutlinedInput-input css-16wblaj-MuiInputBase-input-MuiOutlinedInput-input"[39m
    [33mid[39m=[32m"_r_32q_"[39m
    [33mmaxlength[39m=[32m"50"[39m
    [33mrequired[39m=[32m""[39m
    [33mtype[39m=[32m"text"[39m
    [33mvalue[39m=[32m"JIRA-0987"[39m
  [36m/>[39m

  Name "Description for change item 987":
  [36m<textarea[39m
    [33maria-describedby[39m=[32m"change-item-986-desc-help"[39m
    [33maria-invalid[39m=[32m"false"[39m
    [33maria-label[39m=[32m"Description for change item 987"[39m
    [33mclass[39m=[32m"MuiInputBase-input MuiOutlinedInput-input css-w4nesw-MuiInputBase-input-MuiOutlinedInput-input"[39m
    [33mid[39m=[32m"_r_32r_"[39m
    [33mmaxlength[39m=[32m"500"[39m
    [33mrequired[39m=[32m""[39m
    [33mrows[39m=[32m"3"[39m
    [33mstyle[39m=[32m"height: 0px; overflow: hidden;"[39m
  [36m/>[39m

  Name "Jira number for change item 988":
  [36m<input[39m
    [33maria-describedby[39m=[32m"change-item-987-jira-help"[39m
    [33maria-invalid[39m=[32m"false"[39m
    [33maria-label[39m=[32m"Jira number for change item 988"[39m
    [33mclass[39m=[32m"MuiInputBase-input MuiOutlinedInput-input css-16wblaj-MuiInputBase-input-MuiOutlinedInput-input"[39m
    [33mid[39m=[32m"_r_32t_"[39m
    [33mmaxlength[39m=[32m"50"[39m
    [33mrequired[39m=[32m""[39m
    [33mtype[39m=[32m"text"[39m
    [33mvalue[39m=[32m"JIRA-0988"[39m
  [36m/>[39m

  Name "Description for change item 988":
  [36m<textarea[39m
    [33maria-describedby[39m=[32m"change-item-987-desc-help"[39m
    [33maria-invalid[39m=[32m"false"[39m
    [33maria-label[39m=[32m"Description for change item 988"[39m
    [33mclass[39m=[32m"MuiInputBase-input MuiOutlinedInput-input css-w4nesw-MuiInputBase-input-MuiOutlinedInput-input"[39m
    [33mid[39m=[32m"_r_32u_"[39m
    [33mmaxlength[39m=[32m"500"[39m
    [33mrequired[39m=[32m""[39m
    [33mrows[39m=[32m"3"[39m
    [33mstyle[39m=[32m"height: 0px; overflow: hidden;"[39m
  [36m/>[39m

  Name "Jira number for change item 989":
  [36m<input[39m
    [33maria-describedby[39m=[32m"change-item-988-jira-help"[39m
    [33maria-invalid[39m=[32m"false"[39m
    [33maria-label[39m=[32m"Jira number for change item 989"[39m
    [33mclass[39m=[32m"MuiInputBase-input MuiOutlinedInput-input css-16wblaj-MuiInputBase-input-MuiOutlinedInput-input"[39m
    [33mid[39m=[32m"_r_330_"[39m
    [33mmaxlength[39m=[32m"50"[39m
    [33mrequired[39m=[32m""[39m
    [33mtype[39m=[32m"text"[39m
    [33mvalue[39m=[32m"JIRA-0989"[39m
  [36m/>[39m

  Name "Description for change item 989":
  [36m<textarea[39m
    [33maria-describedby[39m=[32m"change-item-988-desc-help"[39m
    [33maria-invalid[39m=[32m"false"[39m
    [33maria-label[39m=[32m"Description for change item 989"[39m
    [33mclass[39m=[32m"MuiInputBase-input MuiOutlinedInput-input css-w4nesw-MuiInputBase-input-MuiOutlinedInput-input"[39m
    [33mid[39m=[32m"_r_331_"[39m
    [33mmaxlength[39m=[32m"500"[39m
    [33mrequired[39m=[32m""[39m
    [33mrows[39m=[32m"3"[39m
    [33mstyle[39m=[32m"height: 0px; overflow: hidden;"[39m
  [36m/>[39m

  Name "Jira number for change item 990":
  [36m<input[39m
    [33maria-describedby[39m=[32m"change-item-989-jira-help"[39m
    [33maria-invalid[39m=[32m"false"[39m
    [33maria-label[39m=[32m"Jira number for change item 990"[39m
    [33mclass[39m=[32m"MuiInputBase-input MuiOutlinedInput-input css-16wblaj-MuiInputBase-input-MuiOutlinedInput-input"[39m
    [33mid[39m=[32m"_r_333_"[39m
    [33mmaxlength[39m=[32m"50"[39m
    [33mrequired[39m=[32m""[39m
    [33mtype[39m=[32m"text"[39m
    [33mvalue[39m=[32m"JIRA-0990"[39m
  [36m/>[39m

  Name "Description for change item 990":
  [36m<textarea[39m
    [33maria-describedby[39m=[32m"change-item-989-desc-help"[39m
    [33maria-invalid[39m=[32m"false"[39m
    [33maria-label[39m=[32m"Description for change item 990"[39m
    [33mclass[39m=[32m"MuiInputBase-input MuiOutlinedInput-input css-w4nesw-MuiInputBase-input-MuiOutlinedInput-input"[39m
    [33mid[39m=[32m"_r_334_"[39m
    [33mmaxlength[39m=[32m"500"[39m
    [33mrequired[39m=[32m""[39m
    [33mrows[39m=[32m"3"[39m
    [33mstyle[39m=[32m"height: 0px; overflow: hidden;"[39m
  [36m/>[39m

  Name "Jira number for change item 991":
  [36m<input[39m
    [33maria-describedby[39m=[32m"change-item-990-jira-help"[39m
    [33maria-invalid[39m=[32m"false"[39m
    [33maria-label[39m=[32m"Jira number for change item 991"[39m
    [33mclass[39m=[32m"MuiInputBase-input MuiOutlinedInput-input css-16wblaj-MuiInputBase-input-MuiOutlinedInput-input"[39m
    [33mid[39m=[32m"_r_336_"[39m
    [33mmaxlength[39m=[32m"50"[39m
    [33mrequired[39m=[32m""[39m
    [33mtype[39m=[32m"text"[39m
    [33mvalue[39m=[32m"JIRA-0991"[39m
  [36m/>[39m

  Name "Description for change item 991":
  [36m<textarea[39m
    [33maria-describedby[39m=[32m"change-item-990-desc-help"[39m
    [33maria-invalid[39m=[32m"false"[39m
    [33maria-label[39m=[32m"Description for change item 991"[39m
    [33mclass[39m=[32m"MuiInputBase-input MuiOutlinedInput-input css-w4nesw-MuiInputBase-input-MuiOutlinedInput-input"[39m
    [33mid[39m=[32m"_r_337_"[39m
    [33mmaxlength[39m=[32m"500"[39m
    [33mrequired[39m=[32m""[39m
    [33mrows[39m=[32m"3"[39m
    [33mstyle[39m=[32m"height: 0px; overflow: hidden;"[39m
  [36m/>[39m

  Name "Jira number for change item 992":
  [36m<input[39m
    [33maria-describedby[39m=[32m"change-item-991-jira-help"[39m
    [33maria-invalid[39m=[32m"false"[39m
    [33maria-label[39m=[32m"Jira number for change item 992"[39m
    [33mclass[39m=[32m"MuiInputBase-input MuiOutlinedInput-input css-16wblaj-MuiInputBase-input-MuiOutlinedInput-input"[39m
    [33mid[39m=[32m"_r_339_"[39m
    [33mmaxlength[39m=[32m"50"[39m
    [33mrequired[39m=[32m""[39m
    [33mtype[39m=[32m"text"[39m
    [33mvalue[39m=[32m"JIRA-0992"[39m
  [36m/>[39m

  Name "Description for change item 992":
  [36m<textarea[39m
    [33maria-describedby[39m=[32m"change-item-991-desc-help"[39m
    [33maria-invalid[39m=[32m"false"[39m
    [33maria-label[39m=[32m"Description for change item 992"[39m
    [33mclass[39m=[32m"MuiInputBase-input MuiOutlinedInput-input css-w4nesw-MuiInputBase-input-MuiOutlinedInput-input"[39m
    [33mid[39m=[32m"_r_33a_"[39m
    [33mmaxlength[39m=[32m"500"[39m
    [33mrequired[39m=[32m""[39m
    [33mrows[39m=[32m"3"[39m
    [33mstyle[39m=[32m"height: 0px; overflow: hidden;"[39m
  [36m/>[39m

  Name "Jira number for change item 993":
  [36m<input[39m
    [33maria-describedby[39m=[32m"change-item-992-jira-help"[39m
    [33maria-invalid[39m=[32m"false"[39m
    [33maria-label[39m=[32m"Jira number for change item 993"[39m
    [33mclass[39m=[32m"MuiInputBase-input MuiOutlinedInput-input css-16wblaj-MuiInputBase-input-MuiOutlinedInput-input"[39m
    [33mid[39m=[32m"_r_33c_"[39m
    [33mmaxlength[39m=[32m"50"[39m
    [33mrequired[39m=[32m""[39m
    [33mtype[39m=[32m"text"[39m
    [33mvalue[39m=[32m"JIRA-0993"[39m
  [36m/>[39m

  Name "Description for change item 993":
  [36m<textarea[39m
    [33maria-describedby[39m=[32m"change-item-992-desc-help"[39m
    [33maria-invalid[39m=[32m"false"[39m
    [33maria-label[39m=[32m"Description for change item 993"[39m
    [33mclass[39m=[32m"MuiInputBase-input MuiOutlinedInput-input css-w4nesw-MuiInputBase-input-MuiOutlinedInput-input"[39m
    [33mid[39m=[32m"_r_33d_"[39m
    [33mmaxlength[39m=[32m"500"[39m
    [33mrequired[39m=[32m""[39m
    [33mrows[39m=[32m"3"[39m
    [33mstyle[39m=[32m"height: 0px; overflow: hidden;"[39m
  [36m/>[39m

  Name "Jira number for change item 994":
  [36m<input[39m
    [33maria-describedby[39m=[32m"change-item-993-jira-help"[39m
    [33maria-invalid[39m=[32m"false"[39m
    [33maria-label[39m=[32m"Jira number for change item 994"[39m
    [33mclass[39m=[32m"MuiInputBase-input MuiOutlinedInput-input css-16wblaj-MuiInputBase-input-MuiOutlinedInput-input"[39m
    [33mid[39m=[32m"_r_33f_"[39m
    [33mmaxlength[39m=[32m"50"[39m
    [33mrequired[39m=[32m""[39m
    [33mtype[39m=[32m"text"[39m
    [33mvalue[39m=[32m"JIRA-0994"[39m
  [36m/>[39m

  Name "Description for change item 994":
  [36m<textarea[39m
    [33maria-describedby[39m=[32m"change-item-993-desc-help"[39m
    [33maria-invalid[39m=[32m"false"[39m
    [33maria-label[39m=[32m"Description for change item 994"[39m
    [33mclass[39m=[32m"MuiInputBase-input MuiOutlinedInput-input css-w4nesw-MuiInputBase-input-MuiOutlinedInput-input"[39m
    [33mid[39m=[32m"_r_33g_"[39m
    [33mmaxlength[39m=[32m"500"[39m
    [33mrequired[39m=[32m""[39m
    [33mrows[39m=[32m"3"[39m
    [33mstyle[39m=[32m"height: 0px; overflow: hidden;"[39m
  [36m/>[39m

  Name "Jira number for change item 995":
  [36m<input[39m
    [33maria-describedby[39m=[32m"change-item-994-jira-help"[39m
    [33maria-invalid[39m=[32m"false"[39m
    [33maria-label[39m=[32m"Jira number for change item 995"[39m
    [33mclass[39m=[32m"MuiInputBase-input MuiOutlinedInput-input css-16wblaj-MuiInputBase-input-MuiOutlinedInput-input"[39m
    [33mid[39m=[32m"_r_33i_"[39m
    [33mmaxlength[39m=[32m"50"[39m
    [33mrequired[39m=[32m""[39m
    [33mtype[39m=[32m"text"[39m
    [33mvalue[39m=[32m"JIRA-0995"[39m
  [36m/>[39m

  Name "Description for change item 995":
  [36m<textarea[39m
    [33maria-describedby[39m=[32m"change-item-994-desc-help"[39m
    [33maria-invalid[39m=[32m"false"[39m
    [33maria-label[39m=[32m"Description for change item 995"[39m
    [33mclass[39m=[32m"MuiInputBase-input MuiOutlinedInput-input css-w4nesw-MuiInputBase-input-MuiOutlinedInput-input"[39m
    [33mid[39m=[32m"_r_33j_"[39m
    [33mmaxlength[39m=[32m"500"[39m
    [33mrequired[39m=[32m""[39m
    [33mrows[39m=[32m"3"[39m
    [33mstyle[39m=[32m"height: 0px; overflow: hidden;"[39m
  [36m/>[39m

  Name "Jira number for change item 996":
  [36m<input[39m
    [33maria-describedby[39m=[32m"change-item-995-jira-help"[39m
    [33maria-invalid[39m=[32m"false"[39m
    [33maria-label[39m=[32m"Jira number for change item 996"[39m
    [33mclass[39m=[32m"MuiInputBase-input MuiOutlinedInput-input css-16wblaj-MuiInputBase-input-MuiOutlinedInput-input"[39m
    [33mid[39m=[32m"_r_33l_"[39m
    [33mmaxlength[39m=[32m"50"[39m
    [33mrequired[39m=[32m""[39m
    [33mtype[39m=[32m"text"[39m
    [33mvalue[39m=[32m"JIRA-0996"[39m
  [36m/>[39m

  Name "Description for change item 996":
  [36m<textarea[39m
    [33maria-describedby[39m=[32m"change-item-995-desc-help"[39m
    [33maria-invalid[39m=[32m"false"[39m
    [33maria-label[39m=[32m"Description for change item 996"[39m
    [33mclass[39m=[32m"MuiInputBase-input MuiOutlinedInput-input css-w4nesw-MuiInputBase-input-MuiOutlinedInput-input"[39m
    [33mid[39m=[32m"_r_33m_"[39m
    [33mmaxlength[39m=[32m"500"[39m
    [33mrequired[39m=[32m""[39m
    [33mrows[39m=[32m"3"[39m
    [33mstyle[39m=[32m"height: 0px; overflow: hidden;"[39m
  [36m/>[39m

  Name "Jira number for change item 997":
  [36m<input[39m
    [33maria-describedby[39m=[32m"change-item-996-jira-help"[39m
    [33maria-invalid[39m=[32m"false"[39m
    [33maria-label[39m=[32m"Jira number for change item 997"[39m
    [33mclass[39m=[32m"MuiInputBase-input MuiOutlinedInput-input css-16wblaj-MuiInputBase-input-MuiOutlinedInput-input"[39m
    [33mid[39m=[32m"_r_33o_"[39m
    [33mmaxlength[39m=[32m"50"[39m
    [33mrequired[39m=[32m""[39m
    [33mtype[39m=[32m"text"[39m
    [33mvalue[39m=[32m"JIRA-0997"[39m
  [36m/>[39m

  Name "Description for change item 997":
  [36m<textarea[39m
    [33maria-describedby[39m=[32m"change-item-996-desc-help"[39m
    [33maria-invalid[39m=[32m"false"[39m
    [33maria-label[39m=[32m"Description for change item 997"[39m
    [33mclass[39m=[32m"MuiInputBase-input MuiOutlinedInput-input css-w4nesw-MuiInputBase-input-MuiOutlinedInput-input"[39m
    [33mid[39m=[32m"_r_33p_"[39m
    [33mmaxlength[39m=[32m"500"[39m
    [33mrequired[39m=[32m""[39m
    [33mrows[39m=[32m"3"[39m
    [33mstyle[39m=[32m"height: 0px; overflow: hidden;"[39m
  [36m/>[39m

  Name "Jira number for change item 998":
  [36m<input[39m
    [33maria-describedby[39m=[32m"change-item-997-jira-help"[39m
    [33maria-invalid[39m=[32m"false"[39m
    [33maria-label[39m=[32m"Jira number for change item 998"[39m
    [33mclass[39m=[32m"MuiInputBase-input MuiOutlinedInput-input css-16wblaj-MuiInputBase-input-MuiOutlinedInput-input"[39m
    [33mid[39m=[32m"_r_33r_"[39m
    [33mmaxlength[39m=[32m"50"[39m
    [33mrequired[39m=[32m""[39m
    [33mtype[39m=[32m"text"[39m
    [33mvalue[39m=[32m"JIRA-0998"[39m
  [36m/>[39m

  Name "Description for change item 998":
  [36m<textarea[39m
    [33maria-describedby[39m=[32m"change-item-997-desc-help"[39m
    [33maria-invalid[39m=[32m"false"[39m
    [33maria-label[39m=[32m"Description for change item 998"[39m
    [33mclass[39m=[32m"MuiInputBase-input MuiOutlinedInput-input css-w4nesw-MuiInputBase-input-MuiOutlinedInput-input"[39m
    [33mid[39m=[32m"_r_33s_"[39m
    [33mmaxlength[39m=[32m"500"[39m
    [33mrequired[39m=[32m""[39m
    [33mrows[39m=[32m"3"[39m
    [33mstyle[39m=[32m"height: 0px; overflow: hidden;"[39m
  [36m/>[39m

  Name "Jira number for change item 999":
  [36m<input[39m
    [33maria-describedby[39m=[32m"change-item-998-jira-help"[39m
    [33maria-invalid[39m=[32m"false"[39m
    [33maria-label[39m=[32m"Jira number for change item 999"[39m
    [33mclass[39m=[32m"MuiInputBase-input MuiOutlinedInput-input css-16wblaj-MuiInputBase-input-MuiOutlinedInput-input"[39m
    [33mid[39m=[32m"_r_33u_"[39m
    [33mmaxlength[39m=[32m"50"[39m
    [33mrequired[39m=[32m""[39m
    [33mtype[39m=[32m"text"[39m
    [33mvalue[39m=[32m"JIRA-0999"[39m
  [36m/>[39m

  Name "Description for change item 999":
  [36m<textarea[39m
    [33maria-describedby[39m=[32m"change-item-998-desc-help"[39m
    [33maria-invalid[39m=[32m"false"[39m
    [33maria-label[39m=[32m"Description for change item 999"[39m
    [33mclass[39m=[32m"MuiInputBase-input MuiOutlinedInput-input css-w4nesw-MuiInputBase-input-MuiOutlinedInput-input"[39m
    [33mid[39m=[32m"_r_33v_"[39m
    [33mmaxlength[39m=[32m"500"[39m
    [33mrequired[39m=[32m""[39m
    [33mrows[39m=[32m"3"[39m
    [33mstyle[39m=[32m"height: 0px; overflow: hidden;"[39m
  [36m/>[39m

  --------------------------------------------------
  button:

  Name "Remove change item 1":
  [36m<button[39m
    [33maria-label[39m=[32m"Remove change item 1"[39m
    [33mclass[39m=[32m"MuiButtonBase-root MuiIconButton-root MuiIconButton-colorError MuiIconButton-sizeMedium css-1iatk21-MuiButtonBase-root-MuiIconButton-root"[39m
    [33mtabindex[39m=[32m"0"[39m
    [33mtype[39m=[32m"button"[39m
  [36m/>[39m

  Name "Remove change item 2":
  [36m<button[39m
    [33maria-label[39m=[32m"Remove change item 2"[39m
    [33mclass[39m=[32m"MuiButtonBase-root MuiIconButton-root MuiIconButton-colorError MuiIconButton-sizeMedium css-1iatk21-MuiButtonBase-root-MuiIconButton-root"[39m
    [33mtabindex[39m=[32m"0"[39m
    [33mtype[39m=[32m"button"[39m
  [36m/>[39m

  Name "Remove change item 3":
  [36m<button[39m
    [33maria-label[39m=[32m"Remove change item 3"[39m
    [33mclass[39m=[32m"MuiButtonBase-root MuiIconButton-root MuiIconButton-colorError MuiIconButton-sizeMedium css-1iatk21-MuiButtonBase-root-MuiIconButton-root"[39m
    [33mtabindex[39m=[32m"0"[39m
    [33mtype[39m=[32m"button"[39m
  [36m/>[39m

  Name "Remove change item 4":
  [36m<button[39m
    [33maria-label[39m=[32m"Remove change item 4"[39m
    [33mclass[39m=[32m"MuiButtonBase-root MuiIconButton-root MuiIconButton-colorError MuiIconButton-sizeMedium css-1iatk21-MuiButtonBase-root-MuiIconButton-root"[39m
    [33mtabindex[39m=[32m"0"[39m
    [33mtype[39m=[32m"button"[39m
  [36m/>[39m

  Name "Remove change item 5":
  [36m<button[39m
    [33maria-label[39m=[32m"Remove change item 5"[39m
    [33mclass[39m=[32m"MuiButtonBase-root MuiIconButton-root MuiIconButton-colorError MuiIconButton-sizeMedium css-1iatk21-MuiButtonBase-root-MuiIconButton-root"[39m
    [33mtabindex[39m=[32m"0"[39m
    [33mtype[39m=[32m"button"[39m
  [36m/>[39m

  Name "Remove change item 6":
  [36m<button[39m
    [33maria-label[39m=[32m"Remove change item 6"[39m
    [33mclass[39m=[32m"MuiButtonBase-root MuiIconButton-root MuiIconButton-colorError MuiIconButton-sizeMedium css-1iatk21-MuiButtonBase-root-MuiIconButton-root"[39m
    [33mtabindex[39m=[32m"0"[39m
    [33mtype[39m=[32m"button"[39m
  [36m/>[39m

  Name "Remove change item 7":
  [36m<button[39m
    [33maria-label[39m=[32m"Remove change item 7"[39m
    [33mclass[39m=[32m"MuiButtonBase-root MuiIconButton-root MuiIconButton-colorError MuiIconButton-sizeMedium css-1iatk21-MuiButtonBase-root-MuiIconButton-root"[39m
    [33mtabindex[39m=[32m"0"[39m
    [33mtype[39m=[32m"button"[39m
  [36m/>[39m

  Name "Remove change item 8":
  [36m<button[39m
    [33maria-label[39m=[32m"Remove change item 8"[39m
    [33mclass[39m=[32m"MuiButtonBase-root MuiIconButton-root MuiIconButton-colorError MuiIconButton-sizeMedium css-1iatk21-MuiButtonBase-root-MuiIconButton-root"[39m
    [33mtabindex[39m=[32m"0"[39m
    [33mtype[39m=[32m"button"[39m
  [36m/>[39m

  Name "Remove change item 9":
  [36m<button[39m
    [33maria-label[39m=[32m"Remove change item 9"[39m
    [33mclass[39m=[32m"MuiButtonBase-root MuiIconButton-root MuiIconButton-colorError MuiIconButton-sizeMedium css-1iatk21-MuiButtonBase-root-MuiIconButton-root"[39m
    [33mtabindex[39m=[32m"0"[39m
    [33mtype[39m=[32m"button"[39m
  [36m/>[39m

  Name "Remove change item 10":
  [36m<button[39m
    [33maria-label[39m=[32m"Remove change item 10"[39m
    [33mclass[39m=[32m"MuiButtonBase-root MuiIconButton-root MuiIconButton-colorError MuiIconButton-sizeMedium css-1iatk21-MuiButtonBase-root-MuiIconButton-root"[39m
    [33mtabindex[39m=[32m"0"[39m
    [33mtype[39m=[32m"button"[39m
  [36m/>[39m

  Name "Remove change item 11":
  [36m<button[39m
    [33maria-label[39m=[32m"Remove change item 11"[39m
    [33mclass[39m=[32m"MuiButtonBase-root MuiIconButton-root MuiIconButton-colorError MuiIconButton-sizeMedium css-1iatk21-MuiButtonBase-root-MuiIconButton-root"[39m
    [33mtabindex[39m=[32m"0"[39m
    [33mtype[39m=[32m"button"[39m
  [36m/>[39m

  Name "Remove change item 12":
  [36m<button[39m
    [33maria-label[39m=[32m"Remove change item 12"[39m
    [33mclass[39m=[32m"MuiButtonBase-root MuiIconButton-root MuiIconButton-colorError MuiIconButton-sizeMedium css-1iatk21-MuiButtonBase-root-MuiIconButton-root"[39m
    [33mtabindex[39m=[32m"0"[39m
    [33mtype[39m=[32m"button"[39m
  [36m/>[39m

  Name "Remove change item 13":
  [36m<button[39m
    [33maria-label[39m=[32m"Remove change item 13"[39m
    [33mclass[39m=[32m"MuiButtonBase-root MuiIconButton-root MuiIconButton-colorError MuiIconButton-sizeMedium css-1iatk21-MuiButtonBase-root-MuiIconButton-root"[39m
    [33mtabindex[39m=[32m"0"[39m
    [33mtype[39m=[32m"button"[39m
  [36m/>[39m

  Name "Remove change item 14":
  [36m<button[39m
    [33maria-label[39m=[32m"Remove change item 14"[39m
    [33mclass[39m=[32m"MuiButtonBase-root MuiIconButton-root MuiIconButton-colorError MuiIconButton-sizeMedium css-1iatk21-MuiButtonBase-root-MuiIconButton-root"[39m
    [33mtabindex[39m=[32m"0"[39m
    [33mtype[39m=[32m"button"[39m
  [36m/>[39m

  Name "Remove change item 15":
  [36m<button[39m
    [33maria-label[39m=[32m"Remove change item 15"[39m
    [33mclass[39m=[32m"MuiButtonBase-root MuiIconButton-root MuiIconButton-colorError MuiIconButton-sizeMedium css-1iatk21-MuiButtonBase-root-MuiIconButton-root"[39m
    [33mtabindex[39m=[32m"0"[39m
    [33mtype[39m=[32m"button"[39m
  [36m/>[39m

  Name "Remove change item 16":
  [36m<button[39m
    [33maria-label[39m=[32m"Remove change item 16"[39m
    [33mclass[39m=[32m"MuiButtonBase-root MuiIconButton-root MuiIconButton-colorError MuiIconButton-sizeMedium css-1iatk21-MuiButtonBase-root-MuiIconButton-root"[39m
    [33mtabindex[39m=[32m"0"[39m
    [33mtype[39m=[32m"button"[39m
  [36m/>[39m

  Name "Remove change item 17":
  [36m<button[39m
    [33maria-label[39m=[32m"Remove change item 17"[39m
    [33mclass[39m=[32m"MuiButtonBase-root MuiIconButton-root MuiIconButton-colorError MuiIconButton-sizeMedium css-1iatk21-MuiButtonBase-root-MuiIconButton-root"[39m
    [33mtabindex[39m=[32m"0"[39m
    [33mtype[39m=[32m"button"[39m
  [36m/>[39m

  Name "Remove change item 18":
  [36m<button[39m
    [33maria-label[39m=[32m"Remove change item 18"[39m
    [33mclass[39m=[32m"MuiButtonBase-root MuiIconButton-root MuiIconButton-colorError MuiIconButton-sizeMedium css-1iatk21-MuiButtonBase-root-MuiIconButton-root"[39m
    [33mtabindex[39m=[32m"0"[39m
    [33mtype[39m=[32m"button"[39m
  [36m/>[39m

  Name "Remove change item 19":
  [36m<button[39m
    [33maria-label[39m=[32m"Remove change item 19"[39m
    [33mclass[39m=[32m"MuiButtonBase-root MuiIconButton-root MuiIconButton-colorError MuiIconButton-sizeMedium css-1iatk21-MuiButtonBase-root-MuiIconButton-root"[39m
    [33mtabindex[39m=[32m"0"[39m
    [33mtype[39m=[32m"button"[39m
  [36m/>[39m

  Name "Remove change item 20":
  [36m<button[39m
    [33maria-label[39m=[32m"Remove change item 20"[39m
    [33mclass[39m=[32m"MuiButtonBase-root MuiIconButton-root MuiIconButton-colorError MuiIconButton-sizeMedium css-1iatk21-MuiButtonBase-root-MuiIconButton-root"[39m
    [33mtabindex[39m=[32m"0"[39m
    [33mtype[39m=[32m"button"[39m
  [36m/>[39m

  Name "Remove change item 21":
  [36m<button[39m
    [33maria-label[39m=[32m"Remove change item 21"[39m
    [33mclass[39m=[32m"MuiButtonBase-root MuiIconButton-root MuiIconButton-colorError MuiIconButton-sizeMedium css-1iatk21-MuiButtonBase-root-MuiIconButton-root"[39m
    [33mtabindex[39m=[32m"0"[39m
    [33mtype[39m=[32m"button"[39m
  [36m/>[39m

  Name "Remove change item 22":
  [36m<button[39m
    [33maria-label[39m=[32m"Remove change item 22"[39m
    [33mclass[39m=[32m"MuiButtonBase-root MuiIconButton-root MuiIconButton-colorError MuiIconButton-sizeMedium css-1iatk21-MuiButtonBase-root-MuiIconButton-root"[39m
    [33mtabindex[39m=[32m"0"[39m
    [33mtype[39m=[32m"button"[39m
  [36m/>[39m

  Name "Remove change item 23":
  [36m<button[39m
    [33maria-label[39m=[32m"Remove change item 23"[39m
    [33mclass[39m=[32m"MuiButtonBase-root MuiIconButton-root MuiIconButton-colorError MuiIconButton-sizeMedium css-1iatk21-MuiButtonBase-root-MuiIconButton-root"[39m
    [33mtabindex[39m=[32m"0"[39m
    [33mtype[39m=[32m"button"[39m
  [36m/>[39m

  Name "Remove change item 24":
  [36m<button[39m
    [33maria-label[39m=[32m"Remove change item 24"[39m
    [33mclass[39m=[32m"MuiButtonBase-root MuiIconButton-root MuiIconButton-colorError MuiIconButton-sizeMedium css-1iatk21-MuiButtonBase-root-MuiIconButton-root"[39m
    [33mtabindex[39m=[32m"0"[39m
    [33mtype[39m=[32m"button"[39m
  [36m/>[39m

  Name "Remove change item 25":
  [36m<button[39m
    [33maria-label[39m=[32m"Remove change item 25"[39m
    [33mclass[39m=[32m"MuiButtonBase-root MuiIconButton-root MuiIconButton-colorError MuiIconButton-sizeMedium css-1iatk21-MuiButtonBase-root-MuiIconButton-root"[39m
    [33mtabindex[39m=[32m"0"[39m
    [33mtype[39m=[32m"button"[39m
  [36m/>[39m

  Name "Remove change item 26":
  [36m<button[39m
    [33maria-label[39m=[32m"Remove change item 26"[39m
    [33mclass[39m=[32m"MuiButtonBase-root MuiIconButton-root MuiIconButton-colorError MuiIconButton-sizeMedium css-1iatk21-MuiButtonBase-root-MuiIconButton-root"[39m
    [33mtabindex[39m=[32m"0"[39m
    [33mtype[39m=[32m"button"[39m
  [36m/>[39m

  Name "Remove change item 27":
  [36m<button[39m
    [33maria-label[39m=[32m"Remove change item 27"[39m
    [33mclass[39m=[32m"MuiButtonBase-root MuiIconButton-root MuiIconButton-colorError MuiIconButton-sizeMedium css-1iatk21-MuiButtonBase-root-MuiIconButton-root"[39m
    [33mtabindex[39m=[32m"0"[39m
    [33mtype[39m=[32m"button"[39m
  [36m/>[39m

  Name "Remove change item 28":
  [36m<button[39m
    [33maria-label[39m=[32m"Remove change item 28"[39m
    [33mclass[39m=[32m"MuiButtonBase-root MuiIconButton-root MuiIconButton-colorError MuiIconButton-sizeMedium css-1iatk21-MuiButtonBase-root-MuiIconButton-root"[39m
    [33mtabindex[39m=[32m"0"[39m
    [33mtype[39m=[32m"button"[39m
  [36m/>[39m

  Name "Remove change item 29":
  [36m<button[39m
    [33maria-label[39m=[32m"Remove change item 29"[39m
    [33mclass[39m=[32m"MuiButtonBase-root MuiIconButton-root MuiIconButton-colorError MuiIconButton-sizeMedium css-1iatk21-MuiButtonBase-root-MuiIconButton-root"[39m
    [33mtabindex[39m=[32m"0"[39m
    [33mtype[39m=[32m"button"[39m
  [36m/>[39m

  Name "Remove change item 30":
  [36m<button[39m
    [33maria-label[39m=[32m"Remove change item 30"[39m
    [33mclass[39m=[32m"MuiButtonBase-root MuiIconButton-root MuiIconButton-colorError MuiIconButton-sizeMedium css-1iatk21-MuiButtonBase-root-MuiIconButton-root"[39m
    [33mtabindex[39m=[32m"0"[39m
    [33mtype[39m=[32m"button"[39m
  [36m/>[39m

  Name "Remove change item 31":
  [36m<button[39m
    [33maria-label[39m=[32m"Remove change item 31"[39m
    [33mclass[39m=[32m"MuiButtonBase-root MuiIconButton-root MuiIconButton-colorError MuiIconButton-sizeMedium css-1iatk21-MuiButtonBase-root-MuiIconButton-root"[39m
    [33mtabindex[39m=[32m"0"[39m
    [33mtype[39m=[32m"button"[39m
  [36m/>[39m

  Name "Remove change item 32":
  [36m<button[39m
    [33maria-label[39m=[32m"Remove change item 32"[39m
    [33mclass[39m=[32m"MuiButtonBase-root MuiIconButton-root MuiIconButton-colorError MuiIconButton-sizeMedium css-1iatk21-MuiButtonBase-root-MuiIconButton-root"[39m
    [33mtabindex[39m=[32m"0"[39m
    [33mtype[39m=[32m"button"[39m
  [36m/>[39m

  Name "Remove change item 33":
  [36m<button[39m
    [33maria-label[39m=[32m"Remove change item 33"[39m
    [33mclass[39m=[32m"MuiButtonBase-root MuiIconButton-root MuiIconButton-colorError MuiIconButton-sizeMedium css-1iatk21-MuiButtonBase-root-MuiIconButton-root"[39m
    [33mtabindex[39m=[32m"0"[39m
    [33mtype[39m=[32m"button"[39m
  [36m/>[39m

  Name "Remove change item 34":
  [36m<button[39m
    [33maria-label[39m=[32m"Remove change item 34"[39m
    [33mclass[39m=[32m"MuiButtonBase-root MuiIconButton-root MuiIconButton-colorError MuiIconButton-sizeMedium css-1iatk21-MuiButtonBase-root-MuiIconButton-root"[39m
    [33mtabindex[39m=[32m"0"[39m
    [33mtype[39m=[32m"button"[39m
  [36m/>[39m

  Name "Remove change item 35":
  [36m<button[39m
    [33maria-label[39m=[32m"Remove change item 35"[39m
    [33mclass[39m=[32m"MuiButtonBase-root MuiIconButton-root MuiIconButton-colorError MuiIconButton-sizeMedium css-1iatk21-MuiButtonBase-root-MuiIconButton-root"[39m
    [33mtabindex[39m=[32m"0"[39m
    [33mtype[39m=[32m"button"[39m
  [36m/>[39m

  Name "Remove change item 36":
  [36m<button[39m
    [33maria-label[39m=[32m"Remove change item 36"[39m
    [33mclass[39m=[32m"MuiButtonBase-root MuiIconButton-root MuiIconButton-colorError MuiIconButton-sizeMedium css-1iatk21-MuiButtonBase-root-MuiIconButton-root"[39m
    [33mtabindex[39m=[32m"0"[39m
    [33mtype[39m=[32m"button"[39m
  [36m/>[39m

  Name "Remove change item 37":
  [36m<button[39m
    [33maria-label[39m=[32m"Remove change item 37"[39m
    [33mclass[39m=[32m"MuiButtonBase-root MuiIconButton-root MuiIconButton-colorError MuiIconButton-sizeMedium css-1iatk21-MuiButtonBase-root-MuiIconButton-root"[39m
    [33mtabindex[39m=[32m"0"[39m
    [33mtype[39m=[32m"button"[39m
  [36m/>[39m

  Name "Remove change item 38":
  [36m<button[39m
    [33maria-label[39m=[32m"Remove change item 38"[39m
    [33mclass[39m=[32m"MuiButtonBase-root MuiIconButton-root MuiIconButton-colorError MuiIconButton-sizeMedium css-1iatk21-MuiButtonBase-root-MuiIconButton-root"[39m
    [33mtabindex[39m=[32m"0"[39m
    [33mtype[39m=[32m"button"[39m
  [36m/>[39m

  Name "Remove change item 39":
  [36m<button[39m
    [33maria-label[39m=[32m"Remove change item 39"[39m
    [33mclass[39m=[32m"MuiButtonBase-root MuiIconButton-root MuiIconButton-colorError MuiIconButton-sizeMedium css-1iatk21-MuiButtonBase-root-MuiIconButton-root"[39m
    [33mtabindex[39m=[32m"0"[39m
    [33mtype[39m=[32m"button"[39m
  [36m/>[39m

  Name "Remove change item 40":
  [36m<button[39m
    [33maria-label[39m=[32m"Remove change item 40"[39m
    [33mclass[39m=[32m"MuiButtonBase-root MuiIconButton-root MuiIconButton-colorError MuiIconButton-sizeMedium css-1iatk21-MuiButtonBase-root-MuiIconButton-root"[39m
    [33mtabindex[39m=[32m"0"[39m
    [33mtype[39m=[32m"button"[39m
  [36m/>[39m

  Name "Remove change item 41":
  [36m<button[39m
    [33maria-label[39m=[32m"Remove change item 41"[39m
    [33mclass[39m=[32m"MuiButtonBase-root MuiIconButton-root MuiIconButton-colorError MuiIconButton-sizeMedium css-1iatk21-MuiButtonBase-root-MuiIconButton-root"[39m
    [33mtabindex[39m=[32m"0"[39m
    [33mtype[39m=[32m"button"[39m
  [36m/>[39m

  Name "Remove change item 42":
  [36m<button[39m
    [33maria-label[39m=[32m"Remove change item 42"[39m
    [33mclass[39m=[32m"MuiButtonBase-root MuiIconButton-root MuiIconButton-colorError MuiIconButton-sizeMedium css-1iatk21-MuiButtonBase-root-MuiIconButton-root"[39m
    [33mtabindex[39m=[32m"0"[39m
    [33mtype[39m=[32m"button"[39m
  [36m/>[39m

  Name "Remove change item 43":
  [36m<button[39m
    [33maria-label[39m=[32m"Remove change item 43"[39m
    [33mclass[39m=[32m"MuiButtonBase-root MuiIconButton-root MuiIconButton-colorError MuiIconButton-sizeMedium css-1iatk21-MuiButtonBase-root-MuiIconButton-root"[39m
    [33mtabindex[39m=[32m"0"[39m
    [33mtype[39m=[32m"button"[39m
  [36m/>[39m

  Name "Remove change item 44":
  [36m<button[39m
    [33maria-label[39m=[32m"Remove change item 44"[39m
    [33mclass[39m=[32m"MuiButtonBase-root MuiIconButton-root MuiIconButton-colorError MuiIconButton-sizeMedium css-1iatk21-MuiButtonBase-root-MuiIconButton-root"[39m
    [33mtabindex[39m=[32m"0"[39m
    [33mtype[39m=[32m"button"[39m
  [36m/>[39m

  Name "Remove change item 45":
  [36m<button[39m
    [33maria-label[39m=[32m"Remove change item 45"[39m
    [33mclass[39m=[32m"MuiButtonBase-root MuiIconButton-root MuiIconButton-colorError MuiIconButton-sizeMedium css-1iatk21-MuiButtonBase-root-MuiIconButton-root"[39m
    [33mtabindex[39m=[32m"0"[39m
    [33mtype[39m=[32m"button"[39m
  [36m/>[39m

  Name "Remove change item 46":
  [36m<button[39m
    [33maria-label[39m=[32m"Remove change item 46"[39m
    [33mclass[39m=[32m"MuiButtonBase-root MuiIconButton-root MuiIconButton-colorError MuiIconButton-sizeMedium css-1iatk21-MuiButtonBase-root-MuiIconButton-root"[39m
    [33mtabindex[39m=[32m"0"[39m
    [33mtype[39m=[32m"button"[39m
  [36m/>[39m

  Name "Remove change item 47":
  [36m<button[39m
    [33maria-label[39m=[32m"Remove change item 47"[39m
    [33mclass[39m=[32m"MuiButtonBase-root MuiIconButton-root MuiIconButton-colorError MuiIconButton-sizeMedium css-1iatk21-MuiButtonBase-root-MuiIconButton-root"[39m
    [33mtabindex[39m=[32m"0"[39m
    [33mtype[39m=[32m"button"[39m
  [36m/>[39m

  Name "Remove change item 48":
  [36m<button[39m
    [33maria-label[39m=[32m"Remove change item 48"[39m
    [33mclass[39m=[32m"MuiButtonBase-root MuiIconButton-root MuiIconButton-colorError MuiIconButton-sizeMedium css-1iatk21-MuiButtonBase-root-MuiIconButton-root"[39m
    [33mtabindex[39m=[32m"0"[39m
    [33mtype[39m=[32m"button"[39m
  [36m/>[39m

  Name "Remove change item 49":
  [36m<button[39m
    [33maria-label[39m=[32m"Remove change item 49"[39m
    [33mclass[39m=[32m"MuiButtonBase-root MuiIconButton-root MuiIconButton-colorError MuiIconButton-sizeMedium css-1iatk21-MuiButtonBase-root-MuiIconButton-root"[39m
    [33mtabindex[39m=[32m"0"[39m
    [33mtype[39m=[32m"button"[39m
  [36m/>[39m

  Name "Remove change item 50":
  [36m<button[39m
    [33maria-label[39m=[32m"Remove change item 50"[39m
    [33mclass[39m=[32m"MuiButtonBase-root MuiIconButton-root MuiIconButton-colorError MuiIconButton-sizeMedium css-1iatk21-MuiButtonBase-root-MuiIconButton-root"[39m
    [33mtabindex[39m=[32m"0"[39m
    [33mtype[39m=[32m"button"[39m
  [36m/>[39m

  Name "Remove change item 51":
  [36m<button[39m
    [33maria-label[39m=[32m"Remove change item 51"[39m
    [33mclass[39m=[32m"MuiButtonBase-root MuiIconButton-root MuiIconButton-colorError MuiIconButton-sizeMedium css-1iatk21-MuiButtonBase-root-MuiIconButton-root"[39m
    [33mtabindex[39m=[32m"0"[39m
    [33mtype[39m=[32m"button"[39m
  [36m/>[39m

  Name "Remove change item 52":
  [36m<button[39m
    [33maria-label[39m=[32m"Remove change item 52"[39m
    [33mclass[39m=[32m"MuiButtonBase-root MuiIconButton-root MuiIconButton-colorError MuiIconButton-sizeMedium css-1iatk21-MuiButtonBase-root-MuiIconButton-root"[39m
    [33mtabindex[39m=[32m"0"[39m
    [33mtype[39m=[32m"button"[39m
  [36m/>[39m

  Name "Remove change item 53":
  [36m<button[39m
    [33maria-label[39m=[32m"Remove change item 53"[39m
    [33mclass[39m=[32m"MuiButtonBase-root MuiIconButton-root MuiIconButton-colorError MuiIconButton-sizeMedium css-1iatk21-MuiButtonBase-root-MuiIconButton-root"[39m
    [33mtabindex[39m=[32m"0"[39m
    [33mtype[39m=[32m"button"[39m
  [36m/>[39m

  Name "Remove change item 54":
  [36m<button[39m
    [33maria-label[39m=[32m"Remove change item 54"[39m
    [33mclass[39m=[32m"MuiButtonBase-root MuiIconButton-root MuiIconButton-colorError MuiIconButton-sizeMedium css-1iatk21-MuiButtonBase-root-MuiIconButton-root"[39m
    [33mtabindex[39m=[32m"0"[39m
    [33mtype[39m=[32m"button"[39m
  [36m/>[39m

  Name "Remove change item 55":
  [36m<button[39m
    [33maria-label[39m=[32m"Remove change item 55"[39m
    [33mclass[39m=[32m"MuiButtonBase-root MuiIconButton-root MuiIconButton-colorError MuiIconButton-sizeMedium css-1iatk21-MuiButtonBase-root-MuiIconButton-root"[39m
    [33mtabindex[39m=[32m"0"[39m
    [33mtype[39m=[32m"button"[39m
  [36m/>[39m

  Name "Remove change item 56":
  [36m<button[39m
    [33maria-label[39m=[32m"Remove change item 56"[39m
    [33mclass[39m=[32m"MuiButtonBase-root MuiIconButton-root MuiIconButton-colorError MuiIconButton-sizeMedium css-1iatk21-MuiButtonBase-root-MuiIconButton-root"[39m
    [33mtabindex[39m=[32m"0"[39m
    [33mtype[39m=[32m"button"[39m
  [36m/>[39m

  Name "Remove change item 57":
  [36m<button[39m
    [33maria-label[39m=[32m"Remove change item 57"[39m
    [33mclass[39m=[32m"MuiButtonBase-root MuiIconButton-root MuiIconButton-colorError MuiIconButton-sizeMedium css-1iatk21-MuiButtonBase-root-MuiIconButton-root"[39m
    [33mtabindex[39m=[32m"0"[39m
    [33mtype[39m=[32m"button"[39m
  [36m/>[39m

  Name "Remove change item 58":
  [36m<button[39m
    [33maria-label[39m=[32m"Remove change item 58"[39m
    [33mclass[39m=[32m"MuiButtonBase-root MuiIconButton-root MuiIconButton-colorError MuiIconButton-sizeMedium css-1iatk21-MuiButtonBase-root-MuiIconButton-root"[39m
    [33mtabindex[39m=[32m"0"[39m
    [33mtype[39m=[32m"button"[39m
  [36m/>[39m

  Name "Remove change item 59":
  [36m<button[39m
    [33maria-label[39m=[32m"Remove change item 59"[39m
    [33mclass[39m=[32m"MuiButtonBase-root MuiIconButton-root MuiIconButton-colorError MuiIconButton-sizeMedium css-1iatk21-MuiButtonBase-root-MuiIconButton-root"[39m
    [33mtabindex[39m=[32m"0"[39m
    [33mtype[39m=[32m"button"[39m
  [36m/>[39m

  Name "Remove change item 60":
  [36m<button[39m
    [33maria-label[39m=[32m"Remove change item 60"[39m
    [33mclass[39m=[32m"MuiButtonBase-root MuiIconButton-root MuiIconButton-colorError MuiIconButton-sizeMedium css-1iatk21-MuiButtonBase-root-MuiIconButton-root"[39m
    [33mtabindex[39m=[32m"0"[39m
    [33mtype[39m=[32m"button"[39m
  [36m/>[39m

  Name "Remove change item 61":
  [36m<button[39m
    [33maria-label[39m=[32m"Remove change item 61"[39m
    [33mclass[39m=[32m"MuiButtonBase-root MuiIconButton-root MuiIconButton-colorError MuiIconButton-sizeMedium css-1iatk21-MuiButtonBase-root-MuiIconButton-root"[39m
    [33mtabindex[39m=[32m"0"[39m
    [33mtype[39m=[32m"button"[39m
  [36m/>[39m

  Name "Remove change item 62":
  [36m<button[39m
    [33maria-label[39m=[32m"Remove change item 62"[39m
    [33mclass[39m=[32m"MuiButtonBase-root MuiIconButton-root MuiIconButton-colorError MuiIconButton-sizeMedium css-1iatk21-MuiButtonBase-root-MuiIconButton-root"[39m
    [33mtabindex[39m=[32m"0"[39m
    [33mtype[39m=[32m"button"[39m
  [36m/>[39m

  Name "Remove change item 63":
  [36m<button[39m
    [33maria-label[39m=[32m"Remove change item 63"[39m
    [33mclass[39m=[32m"MuiButtonBase-root MuiIconButton-root MuiIconButton-colorError MuiIconButton-sizeMedium css-1iatk21-MuiButtonBase-root-MuiIconButton-root"[39m
    [33mtabindex[39m=[32m"0"[39m
    [33mtype[39m=[32m"button"[39m
  [36m/>[39m

  Name "Remove change item 64":
  [36m<button[39m
    [33maria-label[39m=[32m"Remove change item 64"[39m
    [33mclass[39m=[32m"MuiButtonBase-root MuiIconButton-root MuiIconButton-colorError MuiIconButton-sizeMedium css-1iatk21-MuiButtonBase-root-MuiIconButton-root"[39m
    [33mtabindex[39m=[32m"0"[39m
    [33mtype[39m=[32m"button"[39m
  [36m/>[39m

  Name "Remove change item 65":
  [36m<button[39m
    [33maria-label[39m=[32m"Remove change item 65"[39m
    [33mclass[39m=[32m"MuiButtonBase-root MuiIconButton-root MuiIconButton-colorError MuiIconButton-sizeMedium css-1iatk21-MuiButtonBase-root-MuiIconButton-root"[39m
    [33mtabindex[39m=[32m"0"[39m
    [33mtype[39m=[32m"button"[39m
  [36m/>[39m

  Name "Remove change item 66":
  [36m<button[39m
    [33maria-label[39m=[32m"Remove change item 66"[39m
    [33mclass[39m=[32m"MuiButtonBase-root MuiIconButton-root MuiIconButton-colorError MuiIconButton-sizeMedium css-1iatk21-MuiButtonBase-root-MuiIconButton-root"[39m
    [33mtabindex[39m=[32m"0"[39m
    [33mtype[39m=[32m"button"[39m
  [36m/>[39m

  Name "Remove change item 67":
  [36m<button[39m
    [33maria-label[39m=[32m"Remove change item 67"[39m
    [33mclass[39m=[32m"MuiButtonBase-root MuiIconButton-root MuiIconButton-colorError MuiIconButton-sizeMedium css-1iatk21-MuiButtonBase-root-MuiIconButton-root"[39m
    [33mtabindex[39m=[32m"0"[39m
    [33mtype[39m=[32m"button"[39m
  [36m/>[39m

  Name "Remove change item 68":
  [36m<button[39m
    [33maria-label[39m=[32m"Remove change item 68"[39m
    [33mclass[39m=[32m"MuiButtonBase-root MuiIconButton-root MuiIconButton-colorError MuiIconButton-sizeMedium css-1iatk21-MuiButtonBase-root-MuiIconButton-root"[39m
    [33mtabindex[39m=[32m"0"[39m
    [33mtype[39m=[32m"button"[39m
  [36m/>[39m

  Name "Remove change item 69":
  [36m<button[39m
    [33maria-label[39m=[32m"Remove change item 69"[39m
    [33mclass[39m=[32m"MuiButtonBase-root MuiIconButton-root MuiIconButton-colorError MuiIconButton-sizeMedium css-1iatk21-MuiButtonBase-root-MuiIconButton-root"[39m
    [33mtabindex[39m=[32m"0"[39m
    [33mtype[39m=[32m"button"[39m
  [36m/>[39m

  Name "Remove change item 70":
  [36m<button[39m
    [33maria-label[39m=[32m"Remove change item 70"[39m
    [33mclass[39m=[32m"MuiButtonBase-root MuiIconButton-root MuiIconButton-colorError MuiIconButton-sizeMedium css-1iatk21-MuiButtonBase-root-MuiIconButton-root"[39m
    [33mtabindex[39m=[32m"0"[39m
    [33mtype[39m=[32m"button"[39m
  [36m/>[39m

  Name "Remove change item 71":
  [36m<button[39m
    [33maria-label[39m=[32m"Remove change item 71"[39m
    [33mclass[39m=[32m"MuiButtonBase-root MuiIconButton-root MuiIconButton-colorError MuiIconButton-sizeMedium css-1iatk21-MuiButtonBase-root-MuiIconButton-root"[39m
    [33mtabindex[39m=[32m"0"[39m
    [33mtype[39m=[32m"button"[39m
  [36m/>[39m

  Name "Remove change item 72":
  [36m<button[39m
    [33maria-label[39m=[32m"Remove change item 72"[39m
    [33mclass[39m=[32m"MuiButtonBase-root MuiIconButton-root MuiIconButton-colorError MuiIconButton-sizeMedium css-1iatk21-MuiButtonBase-root-MuiIconButton-root"[39m
    [33mtabindex[39m=[32m"0"[39m
    [33mtype[39m=[32m"button"[39m
  [36m/>[39m

  Name "Remove change item 73":
  [36m<button[39m
    [33maria-label[39m=[32m"Remove change item 73"[39m
    [33mclass[39m=[32m"MuiButtonBase-root MuiIconButton-root MuiIconButton-colorError MuiIconButton-sizeMedium css-1iatk21-MuiButtonBase-root-MuiIconButton-root"[39m
    [33mtabindex[39m=[32m"0"[39m
    [33mtype[39m=[32m"button"[39m
  [36m/>[39m

  Name "Remove change item 74":
  [36m<button[39m
    [33maria-label[39m=[32m"Remove change item 74"[39m
    [33mclass[39m=[32m"MuiButtonBase-root MuiIconButton-root MuiIconButton-colorError MuiIconButton-sizeMedium css-1iatk21-MuiButtonBase-root-MuiIconButton-root"[39m
    [33mtabindex[39m=[32m"0"[39m
    [33mtype[39m=[32m"button"[39m
  [36m/>[39m

  Name "Remove change item 75":
  [36m<button[39m
    [33maria-label[39m=[32m"Remove change item 75"[39m
    [33mclass[39m=[32m"MuiButtonBase-root MuiIconButton-root MuiIconButton-colorError MuiIconButton-sizeMedium css-1iatk21-MuiButtonBase-root-MuiIconButton-root"[39m
    [33mtabindex[39m=[32m"0"[39m
    [33mtype[39m=[32m"button"[39m
  [36m/>[39m

  Name "Remove change item 76":
  [36m<button[39m
    [33maria-label[39m=[32m"Remove change item 76"[39m
    [33mclass[39m=[32m"MuiButtonBase-root MuiIconButton-root MuiIconButton-colorError MuiIconButton-sizeMedium css-1iatk21-MuiButtonBase-root-MuiIconButton-root"[39m
    [33mtabindex[39m=[32m"0"[39m
    [33mtype[39m=[32m"button"[39m
  [36m/>[39m

  Name "Remove change item 77":
  [36m<button[39m
    [33maria-label[39m=[32m"Remove change item 77"[39m
    [33mclass[39m=[32m"MuiButtonBase-root MuiIconButton-root MuiIconButton-colorError MuiIconButton-sizeMedium css-1iatk21-MuiButtonBase-root-MuiIconButton-root"[39m
    [33mtabindex[39m=[32m"0"[39m
    [33mtype[39m=[32m"button"[39m
  [36m/>[39m

  Name "Remove change item 78":
  [36m<button[39m
    [33maria-label[39m=[32m"Remove change item 78"[39m
    [33mclass[39m=[32m"MuiButtonBase-root MuiIconButton-root MuiIconButton-colorError MuiIconButton-sizeMedium css-1iatk21-MuiButtonBase-root-MuiIconButton-root"[39m
    [33mtabindex[39m=[32m"0"[39m
    [33mtype[39m=[32m"button"[39m
  [36m/>[39m

  Name "Remove change item 79":
  [36m<button[39m
    [33maria-label[39m=[32m"Remove change item 79"[39m
    [33mclass[39m=[32m"MuiButtonBase-root MuiIconButton-root MuiIconButton-colorError MuiIconButton-sizeMedium css-1iatk21-MuiButtonBase-root-MuiIconButton-root"[39m
    [33mtabindex[39m=[32m"0"[39m
    [33mtype[39m=[32m"button"[39m
  [36m/>[39m

  Name "Remove change item 80":
  [36m<button[39m
    [33maria-label[39m=[32m"Remove change item 80"[39m
    [33mclass[39m=[32m"MuiButtonBase-root MuiIconButton-root MuiIconButton-colorError MuiIconButton-sizeMedium css-1iatk21-MuiButtonBase-root-MuiIconButton-root"[39m
    [33mtabindex[39m=[32m"0"[39m
    [33mtype[39m=[32m"button"[39m
  [36m/>[39m

  Name "Remove change item 81":
  [36m<button[39m
    [33maria-label[39m=[32m"Remove change item 81"[39m
    [33mclass[39m=[32m"MuiButtonBase-root MuiIconButton-root MuiIconButton-colorError MuiIconButton-sizeMedium css-1iatk21-MuiButtonBase-root-MuiIconButton-root"[39m
    [33mtabindex[39m=[32m"0"[39m
    [33mtype[39m=[32m"button"[39m
  [36m/>[39m

  Name "Remove change item 82":
  [36m<button[39m
    [33maria-label[39m=[32m"Remove change item 82"[39m
    [33mclass[39m=[32m"MuiButtonBase-root MuiIconButton-root MuiIconButton-colorError MuiIconButton-sizeMedium css-1iatk21-MuiButtonBase-root-MuiIconButton-root"[39m
    [33mtabindex[39m=[32m"0"[39m
    [33mtype[39m=[32m"button"[39m
  [36m/>[39m

  Name "Remove change item 83":
  [36m<button[39m
    [33maria-label[39m=[32m"Remove change item 83"[39m
    [33mclass[39m=[32m"MuiButtonBase-root MuiIconButton-root MuiIconButton-colorError MuiIconButton-sizeMedium css-1iatk21-MuiButtonBase-root-MuiIconButton-root"[39m
    [33mtabindex[39m=[32m"0"[39m
    [33mtype[39m=[32m"button"[39m
  [36m/>[39m

  Name "Remove change item 84":
  [36m<button[39m
    [33maria-label[39m=[32m"Remove change item 84"[39m
    [33mclass[39m=[32m"MuiButtonBase-root MuiIconButton-root MuiIconButton-colorError MuiIconButton-sizeMedium css-1iatk21-MuiButtonBase-root-MuiIconButton-root"[39m
    [33mtabindex[39m=[32m"0"[39m
    [33mtype[39m=[32m"button"[39m
  [36m/>[39m

  Name "Remove change item 85":
  [36m<button[39m
    [33maria-label[39m=[32m"Remove change item 85"[39m
    [33mclass[39m=[32m"MuiButtonBase-root MuiIconButton-root MuiIconButton-colorError MuiIconButton-sizeMedium css-1iatk21-MuiButtonBase-root-MuiIconButton-root"[39m
    [33mtabindex[39m=[32m"0"[39m
    [33mtype[39m=[32m"button"[39m
  [36m/>[39m

  Name "Remove change item 86":
  [36m<button[39m
    [33maria-label[39m=[32m"Remove change item 86"[39m
    [33mclass[39m=[32m"MuiButtonBase-root MuiIconButton-root MuiIconButton-colorError MuiIconButton-sizeMedium css-1iatk21-MuiButtonBase-root-MuiIconButton-root"[39m
    [33mtabindex[39m=[32m"0"[39m
    [33mtype[39m=[32m"button"[39m
  [36m/>[39m

  Name "Remove change item 87":
  [36m<button[39m
    [33maria-label[39m=[32m"Remove change item 87"[39m
    [33mclass[39m=[32m"MuiButtonBase-root MuiIconButton-root MuiIconButton-colorError MuiIconButton-sizeMedium css-1iatk21-MuiButtonBase-root-MuiIconButton-root"[39m
    [33mtabindex[39m=[32m"0"[39m
    [33mtype[39m=[32m"button"[39m
  [36m/>[39m

  Name "Remove change item 88":
  [36m<button[39m
    [33maria-label[39m=[32m"Remove change item 88"[39m
    [33mclass[39m=[32m"MuiButtonBase-root MuiIconButton-root MuiIconButton-colorError MuiIconButton-sizeMedium css-1iatk21-MuiButtonBase-root-MuiIconButton-root"[39m
    [33mtabindex[39m=[32m"0"[39m
    [33mtype[39m=[32m"button"[39m
  [36m/>[39m

  Name "Remove change item 89":
  [36m<button[39m
    [33maria-label[39m=[32m"Remove change item 89"[39m
    [33mclass[39m=[32m"MuiButtonBase-root MuiIconButton-root MuiIconButton-colorError MuiIconButton-sizeMedium css-1iatk21-MuiButtonBase-root-MuiIconButton-root"[39m
    [33mtabindex[39m=[32m"0"[39m
    [33mtype[39m=[32m"button"[39m
  [36m/>[39m

  Name "Remove change item 90":
  [36m<button[39m
    [33maria-label[39m=[32m"Remove change item 90"[39m
    [33mclass[39m=[32m"MuiButtonBase-root MuiIconButton-root MuiIconButton-colorError MuiIconButton-sizeMedium css-1iatk21-MuiButtonBase-root-MuiIconButton-root"[39m
    [33mtabindex[39m=[32m"0"[39m
    [33mtype[39m=[32m"button"[39m
  [36m/>[39m

  Name "Remove change item 91":
  [36m<button[39m
    [33maria-label[39m=[32m"Remove change item 91"[39m
    [33mclass[39m=[32m"MuiButtonBase-root MuiIconButton-root MuiIconButton-colorError MuiIconButton-sizeMedium css-1iatk21-MuiButtonBase-root-MuiIconButton-root"[39m
    [33mtabindex[39m=[32m"0"[39m
    [33mtype[39m=[32m"button"[39m
  [36m/>[39m

  Name "Remove change item 92":
  [36m<button[39m
    [33maria-label[39m=[32m"Remove change item 92"[39m
    [33mclass[39m=[32m"MuiButtonBase-root MuiIconButton-root MuiIconButton-colorError MuiIconButton-sizeMedium css-1iatk21-MuiButtonBase-root-MuiIconButton-root"[39m
    [33mtabindex[39m=[32m"0"[39m
    [33mtype[39m=[32m"button"[39m
  [36m/>[39m

  Name "Remove change item 93":
  [36m<button[39m
    [33maria-label[39m=[32m"Remove change item 93"[39m
    [33mclass[39m=[32m"MuiButtonBase-root MuiIconButton-root MuiIconButton-colorError MuiIconButton-sizeMedium css-1iatk21-MuiButtonBase-root-MuiIconButton-root"[39m
    [33mtabindex[39m=[32m"0"[39m
    [33mtype[39m=[32m"button"[39m
  [36m/>[39m

  Name "Remove change item 94":
  [36m<button[39m
    [33maria-label[39m=[32m"Remove change item 94"[39m
    [33mclass[39m=[32m"MuiButtonBase-root MuiIconButton-root MuiIconButton-colorError MuiIconButton-sizeMedium css-1iatk21-MuiButtonBase-root-MuiIconButton-root"[39m
    [33mtabindex[39m=[32m"0"[39m
    [33mtype[39m=[32m"button"[39m
  [36m/>[39m

  Name "Remove change item 95":
  [36m<button[39m
    [33maria-label[39m=[32m"Remove change item 95"[39m
    [33mclass[39m=[32m"MuiButtonBase-root MuiIconButton-root MuiIconButton-colorError MuiIconButton-sizeMedium css-1iatk21-MuiButtonBase-root-MuiIconButton-root"[39m
    [33mtabindex[39m=[32m"0"[39m
    [33mtype[39m=[32m"button"[39m
  [36m/>[39m

  Name "Remove change item 96":
  [36m<button[39m
    [33maria-label[39m=[32m"Remove change item 96"[39m
    [33mclass[39m=[32m"MuiButtonBase-root MuiIconButton-root MuiIconButton-colorError MuiIconButton-sizeMedium css-1iatk21-MuiButtonBase-root-MuiIconButton-root"[39m
    [33mtabindex[39m=[32m"0"[39m
    [33mtype[39m=[32m"button"[39m
  [36m/>[39m

  Name "Remove change item 97":
  [36m<button[39m
    [33maria-label[39m=[32m"Remove change item 97"[39m
    [33mclass[39m=[32m"MuiButtonBase-root MuiIconButton-root MuiIconButton-colorError MuiIconButton-sizeMedium css-1iatk21-MuiButtonBase-root-MuiIconButton-root"[39m
    [33mtabindex[39m=[32m"0"[39m
    [33mtype[39m=[32m"button"[39m
  [36m/>[39m

  Name "Remove change item 98":
  [36m<button[39m
    [33maria-label[39m=[32m"Remove change item 98"[39m
    [33mclass[39m=[32m"MuiButtonBase-root MuiIconButton-root MuiIconButton-colorError MuiIconButton-sizeMedium css-1iatk21-MuiButtonBase-root-MuiIconButton-root"[39m
    [33mtabindex[39m=[32m"0"[39m
    [33mtype[39m=[32m"button"[39m
  [36m/>[39m

  Name "Remove change item 99":
  [36m<button[39m
    [33maria-label[39m=[32m"Remove change item 99"[39m
    [33mclass[39m=[32m"MuiButtonBase-root MuiIconButton-root MuiIconButton-colorError MuiIconButton-sizeMedium css-1iatk21-MuiButtonBase-root-MuiIconButton-root"[39m
    [33mtabindex[39m=[32m"0"[39m
    [33mtype[39m=[32m"button"[39m
  [36m/>[39m

  Name "Remove change item 100":
  [36m<button[39m
    [33maria-label[39m=[32m"Remove change item 100"[39m
    [33mclass[39m=[32m"MuiButtonBase-root MuiIconButton-root MuiIconButton-colorError MuiIconButton-sizeMedium css-1iatk21-MuiButtonBase-root-MuiIconButton-root"[39m
    [33mtabindex[39m=[32m"0"[39m
    [33mtype[39m=[32m"button"[39m
  [36m/>[39m

  Name "Remove change item 101":
  [36m<button[39m
    [33maria-label[39m=[32m"Remove change item 101"[39m
    [33mclass[39m=[32m"MuiButtonBase-root MuiIconButton-root MuiIconButton-colorError MuiIconButton-sizeMedium css-1iatk21-MuiButtonBase-root-MuiIconButton-root"[39m
    [33mtabindex[39m=[32m"0"[39m
    [33mtype[39m=[32m"button"[39m
  [36m/>[39m

  Name "Remove change item 102":
  [36m<button[39m
    [33maria-label[39m=[32m"Remove change item 102"[39m
    [33mclass[39m=[32m"MuiButtonBase-root MuiIconButton-root MuiIconButton-colorError MuiIconButton-sizeMedium css-1iatk21-MuiButtonBase-root-MuiIconButton-root"[39m
    [33mtabindex[39m=[32m"0"[39m
    [33mtype[39m=[32m"button"[39m
  [36m/>[39m

  Name "Remove change item 103":
  [36m<button[39m
    [33maria-label[39m=[32m"Remove change item 103"[39m
    [33mclass[39m=[32m"MuiButtonBase-root MuiIconButton-root MuiIconButton-colorError MuiIconButton-sizeMedium css-1iatk21-MuiButtonBase-root-MuiIconButton-root"[39m
    [33mtabindex[39m=[32m"0"[39m
    [33mtype[39m=[32m"button"[39m
  [36m/>[39m

  Name "Remove change item 104":
  [36m<button[39m
    [33maria-label[39m=[32m"Remove change item 104"[39m
    [33mclass[39m=[32m"MuiButtonBase-root MuiIconButton-root MuiIconButton-colorError MuiIconButton-sizeMedium css-1iatk21-MuiButtonBase-root-MuiIconButton-root"[39m
    [33mtabindex[39m=[32m"0"[39m
    [33mtype[39m=[32m"button"[39m
  [36m/>[39m

  Name "Remove change item 105":
  [36m<button[39m
    [33maria-label[39m=[32m"Remove change item 105"[39m
    [33mclass[39m=[32m"MuiButtonBase-root MuiIconButton-root MuiIconButton-colorError MuiIconButton-sizeMedium css-1iatk21-MuiButtonBase-root-MuiIconButton-root"[39m
    [33mtabindex[39m=[32m"0"[39m
    [33mtype[39m=[32m"button"[39m
  [36m/>[39m

  Name "Remove change item 106":
  [36m<button[39m
    [33maria-label[39m=[32m"Remove change item 106"[39m
    [33mclass[39m=[32m"MuiButtonBase-root MuiIconButton-root MuiIconButton-colorError MuiIconButton-sizeMedium css-1iatk21-MuiButtonBase-root-MuiIconButton-root"[39m
    [33mtabindex[39m=[32m"0"[39m
    [33mtype[39m=[32m"button"[39m
  [36m/>[39m

  Name "Remove change item 107":
  [36m<button[39m
    [33maria-label[39m=[32m"Remove change item 107"[39m
    [33mclass[39m=[32m"MuiButtonBase-root MuiIconButton-root MuiIconButton-colorError MuiIconButton-sizeMedium css-1iatk21-MuiButtonBase-root-MuiIconButton-root"[39m
    [33mtabindex[39m=[32m"0"[39m
    [33mtype[39m=[32m"button"[39m
  [36m/>[39m

  Name "Remove change item 108":
  [36m<button[39m
    [33maria-label[39m=[32m"Remove change item 108"[39m
    [33mclass[39m=[32m"MuiButtonBase-root MuiIconButton-root MuiIconButton-colorError MuiIconButton-sizeMedium css-1iatk21-MuiButtonBase-root-MuiIconButton-root"[39m
    [33mtabindex[39m=[32m"0"[39m
    [33mtype[39m=[32m"button"[39m
  [36m/>[39m

  Name "Remove change item 109":
  [36m<button[39m
    [33maria-label[39m=[32m"Remove change item 109"[39m
    [33mclass[39m=[32m"MuiButtonBase-root MuiIconButton-root MuiIconButton-colorError MuiIconButton-sizeMedium css-1iatk21-MuiButtonBase-root-MuiIconButton-root"[39m
    [33mtabindex[39m=[32m"0"[39m
    [33mtype[39m=[32m"button"[39m
  [36m/>[39m

  Name "Remove change item 110":
  [36m<button[39m
    [33maria-label[39m=[32m"Remove change item 110"[39m
    [33mclass[39m=[32m"MuiButtonBase-root MuiIconButton-root MuiIconButton-colorError MuiIconButton-sizeMedium css-1iatk21-MuiButtonBase-root-MuiIconButton-root"[39m
    [33mtabindex[39m=[32m"0"[39m
    [33mtype[39m=[32m"button"[39m
  [36m/>[39m

  Name "Remove change item 111":
  [36m<button[39m
    [33maria-label[39m=[32m"Remove change item 111"[39m
    [33mclass[39m=[32m"MuiButtonBase-root MuiIconButton-root MuiIconButton-colorError MuiIconButton-sizeMedium css-1iatk21-MuiButtonBase-root-MuiIconButton-root"[39m
    [33mtabindex[39m=[32m"0"[39m
    [33mtype[39m=[32m"button"[39m
  [36m/>[39m

  Name "Remove change item 112":
  [36m<button[39m
    [33maria-label[39m=[32m"Remove change item 112"[39m
    [33mclass[39m=[32m"MuiButtonBase-root MuiIconButton-root MuiIconButton-colorError MuiIconButton-sizeMedium css-1iatk21-MuiButtonBase-root-MuiIconButton-root"[39m
    [33mtabindex[39m=[32m"0"[39m
    [33mtype[39m=[32m"button"[39m
  [36m/>[39m

  Name "Remove change item 113":
  [36m<button[39m
    [33maria-label[39m=[32m"Remove change item 113"[39m
    [33mclass[39m=[32m"MuiButtonBase-root MuiIconButton-root MuiIconButton-colorError MuiIconButton-sizeMedium css-1iatk21-MuiButtonBase-root-MuiIconButton-root"[39m
    [33mtabindex[39m=[32m"0"[39m
    [33mtype[39m=[32m"button"[39m
  [36m/>[39m

  Name "Remove change item 114":
  [36m<button[39m
    [33maria-label[39m=[32m"Remove change item 114"[39m
    [33mclass[39m=[32m"MuiButtonBase-root MuiIconButton-root MuiIconButton-colorError MuiIconButton-sizeMedium css-1iatk21-MuiButtonBase-root-MuiIconButton-root"[39m
    [33mtabindex[39m=[32m"0"[39m
    [33mtype[39m=[32m"button"[39m
  [36m/>[39m

  Name "Remove change item 115":
  [36m<button[39m
    [33maria-label[39m=[32m"Remove change item 115"[39m
    [33mclass[39m=[32m"MuiButtonBase-root MuiIconButton-root MuiIconButton-colorError MuiIconButton-sizeMedium css-1iatk21-MuiButtonBase-root-MuiIconButton-root"[39m
    [33mtabindex[39m=[32m"0"[39m
    [33mtype[39m=[32m"button"[39m
  [36m/>[39m

  Name "Remove change item 116":
  [36m<button[39m
    [33maria-label[39m=[32m"Remove change item 116"[39m
    [33mclass[39m=[32m"MuiButtonBase-root MuiIconButton-root MuiIconButton-colorError MuiIconButton-sizeMedium css-1iatk21-MuiButtonBase-root-MuiIconButton-root"[39m
    [33mtabindex[39m=[32m"0"[39m
    [33mtype[39m=[32m"button"[39m
  [36m/>[39m

  Name "Remove change item 117":
  [36m<button[39m
    [33maria-label[39m=[32m"Remove change item 117"[39m
    [33mclass[39m=[32m"MuiButtonBase-root MuiIconButton-root MuiIconButton-colorError MuiIconButton-sizeMedium css-1iatk21-MuiButtonBase-root-MuiIconButton-root"[39m
    [33mtabindex[39m=[32m"0"[39m
    [33mtype[39m=[32m"button"[39m
  [36m/>[39m

  Name "Remove change item 118":
  [36m<button[39m
    [33maria-label[39m=[32m"Remove change item 118"[39m
    [33mclass[39m=[32m"MuiButtonBase-root MuiIconButton-root MuiIconButton-colorError MuiIconButton-sizeMedium css-1iatk21-MuiButtonBase-root-MuiIconButton-root"[39m
    [33mtabindex[39m=[32m"0"[39m
    [33mtype[39m=[32m"button"[39m
  [36m/>[39m

  Name "Remove change item 119":
  [36m<button[39m
    [33maria-label[39m=[32m"Remove change item 119"[39m
    [33mclass[39m=[32m"MuiButtonBase-root MuiIconButton-root MuiIconButton-colorError MuiIconButton-sizeMedium css-1iatk21-MuiButtonBase-root-MuiIconButton-root"[39m
    [33mtabindex[39m=[32m"0"[39m
    [33mtype[39m=[32m"button"[39m
  [36m/>[39m

  Name "Remove change item 120":
  [36m<button[39m
    [33maria-label[39m=[32m"Remove change item 120"[39m
    [33mclass[39m=[32m"MuiButtonBase-root MuiIconButton-root MuiIconButton-colorError MuiIconButton-sizeMedium css-1iatk21-MuiButtonBase-root-MuiIconButton-root"[39m
    [33mtabindex[39m=[32m"0"[39m
    [33mtype[39m=[32m"button"[39m
  [36m/>[39m

  Name "Remove change item 121":
  [36m<button[39m
    [33maria-label[39m=[32m"Remove change item 121"[39m
    [33mclass[39m=[32m"MuiButtonBase-root MuiIconButton-root MuiIconButton-colorError MuiIconButton-sizeMedium css-1iatk21-MuiButtonBase-root-MuiIconButton-root"[39m
    [33mtabindex[39m=[32m"0"[39m
    [33mtype[39m=[32m"button"[39m
  [36m/>[39m

  Name "Remove change item 122":
  [36m<button[39m
    [33maria-label[39m=[32m"Remove change item 122"[39m
    [33mclass[39m=[32m"MuiButtonBase-root MuiIconButton-root MuiIconButton-colorError MuiIconButton-sizeMedium css-1iatk21-MuiButtonBase-root-MuiIconButton-root"[39m
    [33mtabindex[39m=[32m"0"[39m
    [33mtype[39m=[32m"button"[39m
  [36m/>[39m

  Name "Remove change item 123":
  [36m<button[39m
    [33maria-label[39m=[32m"Remove change item 123"[39m
    [33mclass[39m=[32m"MuiButtonBase-root MuiIconButton-root MuiIconButton-colorError MuiIconButton-sizeMedium css-1iatk21-MuiButtonBase-root-MuiIconButton-root"[39m
    [33mtabindex[39m=[32m"0"[39m
    [33mtype[39m=[32m"button"[39m
  [36m/>[39m

  Name "Remove change item 124":
  [36m<button[39m
    [33maria-label[39m=[32m"Remove change item 124"[39m
    [33mclass[39m=[32m"MuiButtonBase-root MuiIconButton-root MuiIconButton-colorError MuiIconButton-sizeMedium css-1iatk21-MuiButtonBase-root-MuiIconButton-root"[39m
    [33mtabindex[39m=[32m"0"[39m
    [33mtype[39m=[32m"button"[39m
  [36m/>[39m

  Name "Remove change item 125":
  [36m<button[39m
    [33maria-label[39m=[32m"Remove change item 125"[39m
    [33mclass[39m=[32m"MuiButtonBase-root MuiIconButton-root MuiIconButton-colorError MuiIconButton-sizeMedium css-1iatk21-MuiButtonBase-root-MuiIconButton-root"[39m
    [33mtabindex[39m=[32m"0"[39m
    [33mtype[39m=[32m"button"[39m
  [36m/>[39m

  Name "Remove change item 126":
  [36m<button[39m
    [33maria-label[39m=[32m"Remove change item 126"[39m
    [33mclass[39m=[32m"MuiButtonBase-root MuiIconButton-root MuiIconButton-colorError MuiIconButton-sizeMedium css-1iatk21-MuiButtonBase-root-MuiIconButton-root"[39m
    [33mtabindex[39m=[32m"0"[39m
    [33mtype[39m=[32m"button"[39m
  [36m/>[39m

  Name "Remove change item 127":
  [36m<button[39m
    [33maria-label[39m=[32m"Remove change item 127"[39m
    [33mclass[39m=[32m"MuiButtonBase-root MuiIconButton-root MuiIconButton-colorError MuiIconButton-sizeMedium css-1iatk21-MuiButtonBase-root-MuiIconButton-root"[39m
    [33mtabindex[39m=[32m"0"[39m
    [33mtype[39m=[32m"button"[39m
  [36m/>[39m

  Name "Remove change item 128":
  [36m<button[39m
    [33maria-label[39m=[32m"Remove change item 128"[39m
    [33mclass[39m=[32m"MuiButtonBase-root MuiIconButton-root MuiIconButton-colorError MuiIconButton-sizeMedium css-1iatk21-MuiButtonBase-root-MuiIconButton-root"[39m
    [33mtabindex[39m=[32m"0"[39m
    [33mtype[39m=[32m"button"[39m
  [36m/>[39m

  Name "Remove change item 129":
  [36m<button[39m
    [33maria-label[39m=[32m"Remove change item 129"[39m
    [33mclass[39m=[32m"MuiButtonBase-root MuiIconButton-root MuiIconButton-colorError MuiIconButton-sizeMedium css-1iatk21-MuiButtonBase-root-MuiIconButton-root"[39m
    [33mtabindex[39m=[32m"0"[39m
    [33mtype[39m=[32m"button"[39m
  [36m/>[39m

  Name "Remove change item 130":
  [36m<button[39m
    [33maria-label[39m=[32m"Remove change item 130"[39m
    [33mclass[39m=[32m"MuiButtonBase-root MuiIconButton-root MuiIconButton-colorError MuiIconButton-sizeMedium css-1iatk21-MuiButtonBase-root-MuiIconButton-root"[39m
    [33mtabindex[39m=[32m"0"[39m
    [33mtype[39m=[32m"button"[39m
  [36m/>[39m

  Name "Remove change item 131":
  [36m<button[39m
    [33maria-label[39m=[32m"Remove change item 131"[39m
    [33mclass[39m=[32m"MuiButtonBase-root MuiIconButton-root MuiIconButton-colorError MuiIconButton-sizeMedium css-1iatk21-MuiButtonBase-root-MuiIconButton-root"[39m
    [33mtabindex[39m=[32m"0"[39m
    [33mtype[39m=[32m"button"[39m
  [36m/>[39m

  Name "Remove change item 132":
  [36m<button[39m
    [33maria-label[39m=[32m"Remove change item 132"[39m
    [33mclass[39m=[32m"MuiButtonBase-root MuiIconButton-root MuiIconButton-colorError MuiIconButton-sizeMedium css-1iatk21-MuiButtonBase-root-MuiIconButton-root"[39m
    [33mtabindex[39m=[32m"0"[39m
    [33mtype[39m=[32m"button"[39m
  [36m/>[39m

  Name "Remove change item 133":
  [36m<button[39m
    [33maria-label[39m=[32m"Remove change item 133"[39m
    [33mclass[39m=[32m"MuiButtonBase-root MuiIconButton-root MuiIconButton-colorError MuiIconButton-sizeMedium css-1iatk21-MuiButtonBase-root-MuiIconButton-root"[39m
    [33mtabindex[39m=[32m"0"[39m
    [33mtype[39m=[32m"button"[39m
  [36m/>[39m

  Name "Remove change item 134":
  [36m<button[39m
    [33maria-label[39m=[32m"Remove change item 134"[39m
    [33mclass[39m=[32m"MuiButtonBase-root MuiIconButton-root MuiIconButton-colorError MuiIconButton-sizeMedium css-1iatk21-MuiButtonBase-root-MuiIconButton-root"[39m
    [33mtabindex[39m=[32m"0"[39m
    [33mtype[39m=[32m"button"[39m
  [36m/>[39m

  Name "Remove change item 135":
  [36m<button[39m
    [33maria-label[39m=[32m"Remove change item 135"[39m
    [33mclass[39m=[32m"MuiButtonBase-root MuiIconButton-root MuiIconButton-colorError MuiIconButton-sizeMedium css-1iatk21-MuiButtonBase-root-MuiIconButton-root"[39m
    [33mtabindex[39m=[32m"0"[39m
    [33mtype[39m=[32m"button"[39m
  [36m/>[39m

  Name "Remove change item 136":
  [36m<button[39m
    [33maria-label[39m=[32m"Remove change item 136"[39m
    [33mclass[39m=[32m"MuiButtonBase-root MuiIconButton-root MuiIconButton-colorError MuiIconButton-sizeMedium css-1iatk21-MuiButtonBase-root-MuiIconButton-root"[39m
    [33mtabindex[39m=[32m"0"[39m
    [33mtype[39m=[32m"button"[39m
  [36m/>[39m

  Name "Remove change item 137":
  [36m<button[39m
    [33maria-label[39m=[32m"Remove change item 137"[39m
    [33mclass[39m=[32m"MuiButtonBase-root MuiIconButton-root MuiIconButton-colorError MuiIconButton-sizeMedium css-1iatk21-MuiButtonBase-root-MuiIconButton-root"[39m
    [33mtabindex[39m=[32m"0"[39m
    [33mtype[39m=[32m"button"[39m
  [36m/>[39m

  Name "Remove change item 138":
  [36m<button[39m
    [33maria-label[39m=[32m"Remove change item 138"[39m
    [33mclass[39m=[32m"MuiButtonBase-root MuiIconButton-root MuiIconButton-colorError MuiIconButton-sizeMedium css-1iatk21-MuiButtonBase-root-MuiIconButton-root"[39m
    [33mtabindex[39m=[32m"0"[39m
    [33mtype[39m=[32m"button"[39m
  [36m/>[39m

  Name "Remove change item 139":
  [36m<button[39m
    [33maria-label[39m=[32m"Remove change item 139"[39m
    [33mclass[39m=[32m"MuiButtonBase-root MuiIconButton-root MuiIconButton-colorError MuiIconButton-sizeMedium css-1iatk21-MuiButtonBase-root-MuiIconButton-root"[39m
    [33mtabindex[39m=[32m"0"[39m
    [33mtype[39m=[32m"button"[39m
  [36m/>[39m

  Name "Remove change item 140":
  [36m<button[39m
    [33maria-label[39m=[32m"Remove change item 140"[39m
    [33mclass[39m=[32m"MuiButtonBase-root MuiIconButton-root MuiIconButton-colorError MuiIconButton-sizeMedium css-1iatk21-MuiButtonBase-root-MuiIconButton-root"[39m
    [33mtabindex[39m=[32m"0"[39m
    [33mtype[39m=[32m"button"[39m
  [36m/>[39m

  Name "Remove change item 141":
  [36m<button[39m
    [33maria-label[39m=[32m"Remove change item 141"[39m
    [33mclass[39m=[32m"MuiButtonBase-root MuiIconButton-root MuiIconButton-colorError MuiIconButton-sizeMedium css-1iatk21-MuiButtonBase-root-MuiIconButton-root"[39m
    [33mtabindex[39m=[32m"0"[39m
    [33mtype[39m=[32m"button"[39m
  [36m/>[39m

  Name "Remove change item 142":
  [36m<button[39m
    [33maria-label[39m=[32m"Remove change item 142"[39m
    [33mclass[39m=[32m"MuiButtonBase-root MuiIconButton-root MuiIconButton-colorError MuiIconButton-sizeMedium css-1iatk21-MuiButtonBase-root-MuiIconButton-root"[39m
    [33mtabindex[39m=[32m"0"[39m
    [33mtype[39m=[32m"button"[39m
  [36m/>[39m

  Name "Remove change item 143":
  [36m<button[39m
    [33maria-label[39m=[32m"Remove change item 143"[39m
    [33mclass[39m=[32m"MuiButtonBase-root MuiIconButton-root MuiIconButton-colorError MuiIconButton-sizeMedium css-1iatk21-MuiButtonBase-root-MuiIconButton-root"[39m
    [33mtabindex[39m=[32m"0"[39m
    [33mtype[39m=[32m"button"[39m
  [36m/>[39m

  Name "Remove change item 144":
  [36m<button[39m
    [33maria-label[39m=[32m"Remove change item 144"[39m
    [33mclass[39m=[32m"MuiButtonBase-root MuiIconButton-root MuiIconButton-colorError MuiIconButton-sizeMedium css-1iatk21-MuiButtonBase-root-MuiIconButton-root"[39m
    [33mtabindex[39m=[32m"0"[39m
    [33mtype[39m=[32m"button"[39m
  [36m/>[39m

  Name "Remove change item 145":
  [36m<button[39m
    [33maria-label[39m=[32m"Remove change item 145"[39m
    [33mclass[39m=[32m"MuiButtonBase-root MuiIconButton-root MuiIconButton-colorError MuiIconButton-sizeMedium css-1iatk21-MuiButtonBase-root-MuiIconButton-root"[39m
    [33mtabindex[39m=[32m"0"[39m
    [33mtype[39m=[32m"button"[39m
  [36m/>[39m

  Name "Remove change item 146":
  [36m<button[39m
    [33maria-label[39m=[32m"Remove change item 146"[39m
    [33mclass[39m=[32m"MuiButtonBase-root MuiIconButton-root MuiIconButton-colorError MuiIconButton-sizeMedium css-1iatk21-MuiButtonBase-root-MuiIconButton-root"[39m
    [33mtabindex[39m=[32m"0"[39m
    [33mtype[39m=[32m"button"[39m
  [36m/>[39m

  Name "Remove change item 147":
  [36m<button[39m
    [33maria-label[39m=[32m"Remove change item 147"[39m
    [33mclass[39m=[32m"MuiButtonBase-root MuiIconButton-root MuiIconButton-colorError MuiIconButton-sizeMedium css-1iatk21-MuiButtonBase-root-MuiIconButton-root"[39m
    [33mtabindex[39m=[32m"0"[39m
    [33mtype[39m=[32m"button"[39m
  [36m/>[39m

  Name "Remove change item 148":
  [36m<button[39m
    [33maria-label[39m=[32m"Remove change item 148"[39m
    [33mclass[39m=[32m"MuiButtonBase-root MuiIconButton-root MuiIconButton-colorError MuiIconButton-sizeMedium css-1iatk21-MuiButtonBase-root-MuiIconButton-root"[39m
    [33mtabindex[39m=[32m"0"[39m
    [33mtype[39m=[32m"button"[39m
  [36m/>[39m

  Name "Remove change item 149":
  [36m<button[39m
    [33maria-label[39m=[32m"Remove change item 149"[39m
    [33mclass[39m=[32m"MuiButtonBase-root MuiIconButton-root MuiIconButton-colorError MuiIconButton-sizeMedium css-1iatk21-MuiButtonBase-root-MuiIconButton-root"[39m
    [33mtabindex[39m=[32m"0"[39m
    [33mtype[39m=[32m"button"[39m
  [36m/>[39m

  Name "Remove change item 150":
  [36m<button[39m
    [33maria-label[39m=[32m"Remove change item 150"[39m
    [33mclass[39m=[32m"MuiButtonBase-root MuiIconButton-root MuiIconButton-colorError MuiIconButton-sizeMedium css-1iatk21-MuiButtonBase-root-MuiIconButton-root"[39m
    [33mtabindex[39m=[32m"0"[39m
    [33mtype[39m=[32m"button"[39m
  [36m/>[39m

  Name "Remove change item 151":
  [36m<button[39m
    [33maria-label[39m=[32m"Remove change item 151"[39m
    [33mclass[39m=[32m"MuiButtonBase-root MuiIconButton-root MuiIconButton-colorError MuiIconButton-sizeMedium css-1iatk21-MuiButtonBase-root-MuiIconButton-root"[39m
    [33mtabindex[39m=[32m"0"[39m
    [33mtype[39m=[32m"button"[39m
  [36m/>[39m

  Name "Remove change item 152":
  [36m<button[39m
    [33maria-label[39m=[32m"Remove change item 152"[39m
    [33mclass[39m=[32m"MuiButtonBase-root MuiIconButton-root MuiIconButton-colorError MuiIconButton-sizeMedium css-1iatk21-MuiButtonBase-root-MuiIconButton-root"[39m
    [33mtabindex[39m=[32m"0"[39m
    [33mtype[39m=[32m"button"[39m
  [36m/>[39m

  Name "Remove change item 153":
  [36m<button[39m
    [33maria-label[39m=[32m"Remove change item 153"[39m
    [33mclass[39m=[32m"MuiButtonBase-root MuiIconButton-root MuiIconButton-colorError MuiIconButton-sizeMedium css-1iatk21-MuiButtonBase-root-MuiIconButton-root"[39m
    [33mtabindex[39m=[32m"0"[39m
    [33mtype[39m=[32m"button"[39m
  [36m/>[39m

  Name "Remove change item 154":
  [36m<button[39m
    [33maria-label[39m=[32m"Remove change item 154"[39m
    [33mclass[39m=[32m"MuiButtonBase-root MuiIconButton-root MuiIconButton-colorError MuiIconButton-sizeMedium css-1iatk21-MuiButtonBase-root-MuiIconButton-root"[39m
    [33mtabindex[39m=[32m"0"[39m
    [33mtype[39m=[32m"button"[39m
  [36m/>[39m

  Name "Remove change item 155":
  [36m<button[39m
    [33maria-label[39m=[32m"Remove change item 155"[39m
    [33mclass[39m=[32m"MuiButtonBase-root MuiIconButton-root MuiIconButton-colorError MuiIconButton-sizeMedium css-1iatk21-MuiButtonBase-root-MuiIconButton-root"[39m
    [33mtabindex[39m=[32m"0"[39m
    [33mtype[39m=[32m"button"[39m
  [36m/>[39m

  Name "Remove change item 156":
  [36m<button[39m
    [33maria-label[39m=[32m"Remove change item 156"[39m
    [33mclass[39m=[32m"MuiButtonBase-root MuiIconButton-root MuiIconButton-colorError MuiIconButton-sizeMedium css-1iatk21-MuiButtonBase-root-MuiIconButton-root"[39m
    [33mtabindex[39m=[32m"0"[39m
    [33mtype[39m=[32m"button"[39m
  [36m/>[39m

  Name "Remove change item 157":
  [36m<button[39m
    [33maria-label[39m=[32m"Remove change item 157"[39m
    [33mclass[39m=[32m"MuiButtonBase-root MuiIconButton-root MuiIconButton-colorError MuiIconButton-sizeMedium css-1iatk21-MuiButtonBase-root-MuiIconButton-root"[39m
    [33mtabindex[39m=[32m"0"[39m
    [33mtype[39m=[32m"button"[39m
  [36m/>[39m

  Name "Remove change item 158":
  [36m<button[39m
    [33maria-label[39m=[32m"Remove change item 158"[39m
    [33mclass[39m=[32m"MuiButtonBase-root MuiIconButton-root MuiIconButton-colorError MuiIconButton-sizeMedium css-1iatk21-MuiButtonBase-root-MuiIconButton-root"[39m
    [33mtabindex[39m=[32m"0"[39m
    [33mtype[39m=[32m"button"[39m
  [36m/>[39m

  Name "Remove change item 159":
  [36m<button[39m
    [33maria-label[39m=[32m"Remove change item 159"[39m
    [33mclass[39m=[32m"MuiButtonBase-root MuiIconButton-root MuiIconButton-colorError MuiIconButton-sizeMedium css-1iatk21-MuiButtonBase-root-MuiIconButton-root"[39m
    [33mtabindex[39m=[32m"0"[39m
    [33mtype[39m=[32m"button"[39m
  [36m/>[39m

  Name "Remove change item 160":
  [36m<button[39m
    [33maria-label[39m=[32m"Remove change item 160"[39m
    [33mclass[39m=[32m"MuiButtonBase-root MuiIconButton-root MuiIconButton-colorError MuiIconButton-sizeMedium css-1iatk21-MuiButtonBase-root-MuiIconButton-root"[39m
    [33mtabindex[39m=[32m"0"[39m
    [33mtype[39m=[32m"button"[39m
  [36m/>[39m

  Name "Remove change item 161":
  [36m<button[39m
    [33maria-label[39m=[32m"Remove change item 161"[39m
    [33mclass[39m=[32m"MuiButtonBase-root MuiIconButton-root MuiIconButton-colorError MuiIconButton-sizeMedium css-1iatk21-MuiButtonBase-root-MuiIconButton-root"[39m
    [33mtabindex[39m=[32m"0"[39m
    [33mtype[39m=[32m"button"[39m
  [36m/>[39m

  Name "Remove change item 162":
  [36m<button[39m
    [33maria-label[39m=[32m"Remove change item 162"[39m
    [33mclass[39m=[32m"MuiButtonBase-root MuiIconButton-root MuiIconButton-colorError MuiIconButton-sizeMedium css-1iatk21-MuiButtonBase-root-MuiIconButton-root"[39m
    [33mtabindex[39m=[32m"0"[39m
    [33mtype[39m=[32m"button"[39m
  [36m/>[39m

  Name "Remove change item 163":
  [36m<button[39m
    [33maria-label[39m=[32m"Remove change item 163"[39m
    [33mclass[39m=[32m"MuiButtonBase-root MuiIconButton-root MuiIconButton-colorError MuiIconButton-sizeMedium css-1iatk21-MuiButtonBase-root-MuiIconButton-root"[39m
    [33mtabindex[39m=[32m"0"[39m
    [33mtype[39m=[32m"button"[39m
  [36m/>[39m

  Name "Remove change item 164":
  [36m<button[39m
    [33maria-label[39m=[32m"Remove change item 164"[39m
    [33mclass[39m=[32m"MuiButtonBase-root MuiIconButton-root MuiIconButton-colorError MuiIconButton-sizeMedium css-1iatk21-MuiButtonBase-root-MuiIconButton-root"[39m
    [33mtabindex[39m=[32m"0"[39m
    [33mtype[39m=[32m"button"[39m
  [36m/>[39m

  Name "Remove change item 165":
  [36m<button[39m
    [33maria-label[39m=[32m"Remove change item 165"[39m
    [33mclass[39m=[32m"MuiButtonBase-root MuiIconButton-root MuiIconButton-colorError MuiIconButton-sizeMedium css-1iatk21-MuiButtonBase-root-MuiIconButton-root"[39m
    [33mtabindex[39m=[32m"0"[39m
    [33mtype[39m=[32m"button"[39m
  [36m/>[39m

  Name "Remove change item 166":
  [36m<button[39m
    [33maria-label[39m=[32m"Remove change item 166"[39m
    [33mclass[39m=[32m"MuiButtonBase-root MuiIconButton-root MuiIconButton-colorError MuiIconButton-sizeMedium css-1iatk21-MuiButtonBase-root-MuiIconButton-root"[39m
    [33mtabindex[39m=[32m"0"[39m
    [33mtype[39m=[32m"button"[39m
  [36m/>[39m

  Name "Remove change item 167":
  [36m<button[39m
    [33maria-label[39m=[32m"Remove change item 167"[39m
    [33mclass[39m=[32m"MuiButtonBase-root MuiIconButton-root MuiIconButton-colorError MuiIconButton-sizeMedium css-1iatk21-MuiButtonBase-root-MuiIconButton-root"[39m
    [33mtabindex[39m=[32m"0"[39m
    [33mtype[39m=[32m"button"[39m
  [36m/>[39m

  Name "Remove change item 168":
  [36m<button[39m
    [33maria-label[39m=[32m"Remove change item 168"[39m
    [33mclass[39m=[32m"MuiButtonBase-root MuiIconButton-root MuiIconButton-colorError MuiIconButton-sizeMedium css-1iatk21-MuiButtonBase-root-MuiIconButton-root"[39m
    [33mtabindex[39m=[32m"0"[39m
    [33mtype[39m=[32m"button"[39m
  [36m/>[39m

  Name "Remove change item 169":
  [36m<button[39m
    [33maria-label[39m=[32m"Remove change item 169"[39m
    [33mclass[39m=[32m"MuiButtonBase-root MuiIconButton-root MuiIconButton-colorError MuiIconButton-sizeMedium css-1iatk21-MuiButtonBase-root-MuiIconButton-root"[39m
    [33mtabindex[39m=[32m"0"[39m
    [33mtype[39m=[32m"button"[39m
  [36m/>[39m

  Name "Remove change item 170":
  [36m<button[39m
    [33maria-label[39m=[32m"Remove change item 170"[39m
    [33mclass[39m=[32m"MuiButtonBase-root MuiIconButton-root MuiIconButton-colorError MuiIconButton-sizeMedium css-1iatk21-MuiButtonBase-root-MuiIconButton-root"[39m
    [33mtabindex[39m=[32m"0"[39m
    [33mtype[39m=[32m"button"[39m
  [36m/>[39m

  Name "Remove change item 171":
  [36m<button[39m
    [33maria-label[39m=[32m"Remove change item 171"[39m
    [33mclass[39m=[32m"MuiButtonBase-root MuiIconButton-root MuiIconButton-colorError MuiIconButton-sizeMedium css-1iatk21-MuiButtonBase-root-MuiIconButton-root"[39m
    [33mtabindex[39m=[32m"0"[39m
    [33mtype[39m=[32m"button"[39m
  [36m/>[39m

  Name "Remove change item 172":
  [36m<button[39m
    [33maria-label[39m=[32m"Remove change item 172"[39m
    [33mclass[39m=[32m"MuiButtonBase-root MuiIconButton-root MuiIconButton-colorError MuiIconButton-sizeMedium css-1iatk21-MuiButtonBase-root-MuiIconButton-root"[39m
    [33mtabindex[39m=[32m"0"[39m
    [33mtype[39m=[32m"button"[39m
  [36m/>[39m

  Name "Remove change item 173":
  [36m<button[39m
    [33maria-label[39m=[32m"Remove change item 173"[39m
    [33mclass[39m=[32m"MuiButtonBase-root MuiIconButton-root MuiIconButton-colorError MuiIconButton-sizeMedium css-1iatk21-MuiButtonBase-root-MuiIconButton-root"[39m
    [33mtabindex[39m=[32m"0"[39m
    [33mtype[39m=[32m"button"[39m
  [36m/>[39m

  Name "Remove change item 174":
  [36m<button[39m
    [33maria-label[39m=[32m"Remove change item 174"[39m
    [33mclass[39m=[32m"MuiButtonBase-root MuiIconButton-root MuiIconButton-colorError MuiIconButton-sizeMedium css-1iatk21-MuiButtonBase-root-MuiIconButton-root"[39m
    [33mtabindex[39m=[32m"0"[39m
    [33mtype[39m=[32m"button"[39m
  [36m/>[39m

  Name "Remove change item 175":
  [36m<button[39m
    [33maria-label[39m=[32m"Remove change item 175"[39m
    [33mclass[39m=[32m"MuiButtonBase-root MuiIconButton-root MuiIconButton-colorError MuiIconButton-sizeMedium css-1iatk21-MuiButtonBase-root-MuiIconButton-root"[39m
    [33mtabindex[39m=[32m"0"[39m
    [33mtype[39m=[32m"button"[39m
  [36m/>[39m

  Name "Remove change item 176":
  [36m<button[39m
    [33maria-label[39m=[32m"Remove change item 176"[39m
    [33mclass[39m=[32m"MuiButtonBase-root MuiIconButton-root MuiIconButton-colorError MuiIconButton-sizeMedium css-1iatk21-MuiButtonBase-root-MuiIconButton-root"[39m
    [33mtabindex[39m=[32m"0"[39m
    [33mtype[39m=[32m"button"[39m
  [36m/>[39m

  Name "Remove change item 177":
  [36m<button[39m
    [33maria-label[39m=[32m"Remove change item 177"[39m
    [33mclass[39m=[32m"MuiButtonBase-root MuiIconButton-root MuiIconButton-colorError MuiIconButton-sizeMedium css-1iatk21-MuiButtonBase-root-MuiIconButton-root"[39m
    [33mtabindex[39m=[32m"0"[39m
    [33mtype[39m=[32m"button"[39m
  [36m/>[39m

  Name "Remove change item 178":
  [36m<button[39m
    [33maria-label[39m=[32m"Remove change item 178"[39m
    [33mclass[39m=[32m"MuiButtonBase-root MuiIconButton-root MuiIconButton-colorError MuiIconButton-sizeMedium css-1iatk21-MuiButtonBase-root-MuiIconButton-root"[39m
    [33mtabindex[39m=[32m"0"[39m
    [33mtype[39m=[32m"button"[39m
  [36m/>[39m

  Name "Remove change item 179":
  [36m<button[39m
    [33maria-label[39m=[32m"Remove change item 179"[39m
    [33mclass[39m=[32m"MuiButtonBase-root MuiIconButton-root MuiIconButton-colorError MuiIconButton-sizeMedium css-1iatk21-MuiButtonBase-root-MuiIconButton-root"[39m
    [33mtabindex[39m=[32m"0"[39m
    [33mtype[39m=[32m"button"[39m
  [36m/>[39m

  Name "Remove change item 180":
  [36m<button[39m
    [33maria-label[39m=[32m"Remove change item 180"[39m
    [33mclass[39m=[32m"MuiButtonBase-root MuiIconButton-root MuiIconButton-colorError MuiIconButton-sizeMedium css-1iatk21-MuiButtonBase-root-MuiIconButton-root"[39m
    [33mtabindex[39m=[32m"0"[39m
    [33mtype[39m=[32m"button"[39m
  [36m/>[39m

  Name "Remove change item 181":
  [36m<button[39m
    [33maria-label[39m=[32m"Remove change item 181"[39m
    [33mclass[39m=[32m"MuiButtonBase-root MuiIconButton-root MuiIconButton-colorError MuiIconButton-sizeMedium css-1iatk21-MuiButtonBase-root-MuiIconButton-root"[39m
    [33mtabindex[39m=[32m"0"[39m
    [33mtype[39m=[32m"button"[39m
  [36m/>[39m

  Name "Remove change item 182":
  [36m<button[39m
    [33maria-label[39m=[32m"Remove change item 182"[39m
    [33mclass[39m=[32m"MuiButtonBase-root MuiIconButton-root MuiIconButton-colorError MuiIconButton-sizeMedium css-1iatk21-MuiButtonBase-root-MuiIconButton-root"[39m
    [33mtabindex[39m=[32m"0"[39m
    [33mtype[39m=[32m"button"[39m
  [36m/>[39m

  Name "Remove change item 183":
  [36m<button[39m
    [33maria-label[39m=[32m"Remove change item 183"[39m
    [33mclass[39m=[32m"MuiButtonBase-root MuiIconButton-root MuiIconButton-colorError MuiIconButton-sizeMedium css-1iatk21-MuiButtonBase-root-MuiIconButton-root"[39m
    [33mtabindex[39m=[32m"0"[39m
    [33mtype[39m=[32m"button"[39m
  [36m/>[39m

  Name "Remove change item 184":
  [36m<button[39m
    [33maria-label[39m=[32m"Remove change item 184"[39m
    [33mclass[39m=[32m"MuiButtonBase-root MuiIconButton-root MuiIconButton-colorError MuiIconButton-sizeMedium css-1iatk21-MuiButtonBase-root-MuiIconButton-root"[39m
    [33mtabindex[39m=[32m"0"[39m
    [33mtype[39m=[32m"button"[39m
  [36m/>[39m

  Name "Remove change item 185":
  [36m<button[39m
    [33maria-label[39m=[32m"Remove change item 185"[39m
    [33mclass[39m=[32m"MuiButtonBase-root MuiIconButton-root MuiIconButton-colorError MuiIconButton-sizeMedium css-1iatk21-MuiButtonBase-root-MuiIconButton-root"[39m
    [33mtabindex[39m=[32m"0"[39m
    [33mtype[39m=[32m"button"[39m
  [36m/>[39m

  Name "Remove change item 186":
  [36m<button[39m
    [33maria-label[39m=[32m"Remove change item 186"[39m
    [33mclass[39m=[32m"MuiButtonBase-root MuiIconButton-root MuiIconButton-colorError MuiIconButton-sizeMedium css-1iatk21-MuiButtonBase-root-MuiIconButton-root"[39m
    [33mtabindex[39m=[32m"0"[39m
    [33mtype[39m=[32m"button"[39m
  [36m/>[39m

  Name "Remove change item 187":
  [36m<button[39m
    [33maria-label[39m=[32m"Remove change item 187"[39m
    [33mclass[39m=[32m"MuiButtonBase-root MuiIconButton-root MuiIconButton-colorError MuiIconButton-sizeMedium css-1iatk21-MuiButtonBase-root-MuiIconButton-root"[39m
    [33mtabindex[39m=[32m"0"[39m
    [33mtype[39m=[32m"button"[39m
  [36m/>[39m

  Name "Remove change item 188":
  [36m<button[39m
    [33maria-label[39m=[32m"Remove change item 188"[39m
    [33mclass[39m=[32m"MuiButtonBase-root MuiIconButton-root MuiIconButton-colorError MuiIconButton-sizeMedium css-1iatk21-MuiButtonBase-root-MuiIconButton-root"[39m
    [33mtabindex[39m=[32m"0"[39m
    [33mtype[39m=[32m"button"[39m
  [36m/>[39m

  Name "Remove change item 189":
  [36m<button[39m
    [33maria-label[39m=[32m"Remove change item 189"[39m
    [33mclass[39m=[32m"MuiButtonBase-root MuiIconButton-root MuiIconButton-colorError MuiIconButton-sizeMedium css-1iatk21-MuiButtonBase-root-MuiIconButton-root"[39m
    [33mtabindex[39m=[32m"0"[39m
    [33mtype[39m=[32m"button"[39m
  [36m/>[39m

  Name "Remove change item 190":
  [36m<button[39m
    [33maria-label[39m=[32m"Remove change item 190"[39m
    [33mclass[39m=[32m"MuiButtonBase-root MuiIconButton-root MuiIconButton-colorError MuiIconButton-sizeMedium css-1iatk21-MuiButtonBase-root-MuiIconButton-root"[39m
    [33mtabindex[39m=[32m"0"[39m
    [33mtype[39m=[32m"button"[39m
  [36m/>[39m

  Name "Remove change item 191":
  [36m<button[39m
    [33maria-label[39m=[32m"Remove change item 191"[39m
    [33mclass[39m=[32m"MuiButtonBase-root MuiIconButton-root MuiIconButton-colorError MuiIconButton-sizeMedium css-1iatk21-MuiButtonBase-root-MuiIconButton-root"[39m
    [33mtabindex[39m=[32m"0"[39m
    [33mtype[39m=[32m"button"[39m
  [36m/>[39m

  Name "Remove change item 192":
  [36m<button[39m
    [33maria-label[39m=[32m"Remove change item 192"[39m
    [33mclass[39m=[32m"MuiButtonBase-root MuiIconButton-root MuiIconButton-colorError MuiIconButton-sizeMedium css-1iatk21-MuiButtonBase-root-MuiIconButton-root"[39m
    [33mtabindex[39m=[32m"0"[39m
    [33mtype[39m=[32m"button"[39m
  [36m/>[39m

  Name "Remove change item 193":
  [36m<button[39m
    [33maria-label[39m=[32m"Remove change item 193"[39m
    [33mclass[39m=[32m"MuiButtonBase-root MuiIconButton-root MuiIconButton-colorError MuiIconButton-sizeMedium css-1iatk21-MuiButtonBase-root-MuiIconButton-root"[39m
    [33mtabindex[39m=[32m"0"[39m
    [33mtype[39m=[32m"button"[39m
  [36m/>[39m

  Name "Remove change item 194":
  [36m<button[39m
    [33maria-label[39m=[32m"Remove change item 194"[39m
    [33mclass[39m=[32m"MuiButtonBase-root MuiIconButton-root MuiIconButton-colorError MuiIconButton-sizeMedium css-1iatk21-MuiButtonBase-root-MuiIconButton-root"[39m
    [33mtabindex[39m=[32m"0"[39m
    [33mtype[39m=[32m"button"[39m
  [36m/>[39m

  Name "Remove change item 195":
  [36m<button[39m
    [33maria-label[39m=[32m"Remove change item 195"[39m
    [33mclass[39m=[32m"MuiButtonBase-root MuiIconButton-root MuiIconButton-colorError MuiIconButton-sizeMedium css-1iatk21-MuiButtonBase-root-MuiIconButton-root"[39m
    [33mtabindex[39m=[32m"0"[39m
    [33mtype[39m=[32m"button"[39m
  [36m/>[39m

  Name "Remove change item 196":
  [36m<button[39m
    [33maria-label[39m=[32m"Remove change item 196"[39m
    [33mclass[39m=[32m"MuiButtonBase-root MuiIconButton-root MuiIconButton-colorError MuiIconButton-sizeMedium css-1iatk21-MuiButtonBase-root-MuiIconButton-root"[39m
    [33mtabindex[39m=[32m"0"[39m
    [33mtype[39m=[32m"button"[39m
  [36m/>[39m

  Name "Remove change item 197":
  [36m<button[39m
    [33maria-label[39m=[32m"Remove change item 197"[39m
    [33mclass[39m=[32m"MuiButtonBase-root MuiIconButton-root MuiIconButton-colorError MuiIconButton-sizeMedium css-1iatk21-MuiButtonBase-root-MuiIconButton-root"[39m
    [33mtabindex[39m=[32m"0"[39m
    [33mtype[39m=[32m"button"[39m
  [36m/>[39m

  Name "Remove change item 198":
  [36m<button[39m
    [33maria-label[39m=[32m"Remove change item 198"[39m
    [33mclass[39m=[32m"MuiButtonBase-root MuiIconButton-root MuiIconButton-colorError MuiIconButton-sizeMedium css-1iatk21-MuiButtonBase-root-MuiIconButton-root"[39m
    [33mtabindex[39m=[32m"0"[39m
    [33mtype[39m=[32m"button"[39m
  [36m/>[39m

  Name "Remove change item 199":
  [36m<button[39m
    [33maria-label[39m=[32m"Remove change item 199"[39m
    [33mclass[39m=[32m"MuiButtonBase-root MuiIconButton-root MuiIconButton-colorError MuiIconButton-sizeMedium css-1iatk21-MuiButtonBase-root-MuiIconButton-root"[39m
    [33mtabindex[39m=[32m"0"[39m
    [33mtype[39m=[32m"button"[39m
  [36m/>[39m

  Name "Remove change item 200":
  [36m<button[39m
    [33maria-label[39m=[32m"Remove change item 200"[39m
    [33mclass[39m=[32m"MuiButtonBase-root MuiIconButton-root MuiIconButton-colorError MuiIconButton-sizeMedium css-1iatk21-MuiButtonBase-root-MuiIconButton-root"[39m
    [33mtabindex[39m=[32m"0"[39m
    [33mtype[39m=[32m"button"[39m
  [36m/>[39m

  Name "Remove change item 201":
  [36m<button[39m
    [33maria-label[39m=[32m"Remove change item 201"[39m
    [33mclass[39m=[32m"MuiButtonBase-root MuiIconButton-root MuiIconButton-colorError MuiIconButton-sizeMedium css-1iatk21-MuiButtonBase-root-MuiIconButton-root"[39m
    [33mtabindex[39m=[32m"0"[39m
    [33mtype[39m=[32m"button"[39m
  [36m/>[39m

  Name "Remove change item 202":
  [36m<button[39m
    [33maria-label[39m=[32m"Remove change item 202"[39m
    [33mclass[39m=[32m"MuiButtonBase-root MuiIconButton-root MuiIconButton-colorError MuiIconButton-sizeMedium css-1iatk21-MuiButtonBase-root-MuiIconButton-root"[39m
    [33mtabindex[39m=[32m"0"[39m
    [33mtype[39m=[32m"button"[39m
  [36m/>[39m

  Name "Remove change item 203":
  [36m<button[39m
    [33maria-label[39m=[32m"Remove change item 203"[39m
    [33mclass[39m=[32m"MuiButtonBase-root MuiIconButton-root MuiIconButton-colorError MuiIconButton-sizeMedium css-1iatk21-MuiButtonBase-root-MuiIconButton-root"[39m
    [33mtabindex[39m=[32m"0"[39m
    [33mtype[39m=[32m"button"[39m
  [36m/>[39m

  Name "Remove change item 204":
  [36m<button[39m
    [33maria-label[39m=[32m"Remove change item 204"[39m
    [33mclass[39m=[32m"MuiButtonBase-root MuiIconButton-root MuiIconButton-colorError MuiIconButton-sizeMedium css-1iatk21-MuiButtonBase-root-MuiIconButton-root"[39m
    [33mtabindex[39m=[32m"0"[39m
    [33mtype[39m=[32m"button"[39m
  [36m/>[39m

  Name "Remove change item 205":
  [36m<button[39m
    [33maria-label[39m=[32m"Remove change item 205"[39m
    [33mclass[39m=[32m"MuiButtonBase-root MuiIconButton-root MuiIconButton-colorError MuiIconButton-sizeMedium css-1iatk21-MuiButtonBase-root-MuiIconButton-root"[39m
    [33mtabindex[39m=[32m"0"[39m
    [33mtype[39m=[32m"button"[39m
  [36m/>[39m

  Name "Remove change item 206":
  [36m<button[39m
    [33maria-label[39m=[32m"Remove change item 206"[39m
    [33mclass[39m=[32m"MuiButtonBase-root MuiIconButton-root MuiIconButton-colorError MuiIconButton-sizeMedium css-1iatk21-MuiButtonBase-root-MuiIconButton-root"[39m
    [33mtabindex[39m=[32m"0"[39m
    [33mtype[39m=[32m"button"[39m
  [36m/>[39m

  Name "Remove change item 207":
  [36m<button[39m
    [33maria-label[39m=[32m"Remove change item 207"[39m
    [33mclass[39m=[32m"MuiButtonBase-root MuiIconButton-root MuiIconButton-colorError MuiIconButton-sizeMedium css-1iatk21-MuiButtonBase-root-MuiIconButton-root"[39m
    [33mtabindex[39m=[32m"0"[39m
    [33mtype[39m=[32m"button"[39m
  [36m/>[39m

  Name "Remove change item 208":
  [36m<button[39m
    [33maria-label[39m=[32m"Remove change item 208"[39m
    [33mclass[39m=[32m"MuiButtonBase-root MuiIconButton-root MuiIconButton-colorError MuiIconButton-sizeMedium css-1iatk21-MuiButtonBase-root-MuiIconButton-root"[39m
    [33mtabindex[39m=[32m"0"[39m
    [33mtype[39m=[32m"button"[39m
  [36m/>[39m

  Name "Remove change item 209":
  [36m<button[39m
    [33maria-label[39m=[32m"Remove change item 209"[39m
    [33mclass[39m=[32m"MuiButtonBase-root MuiIconButton-root MuiIconButton-colorError MuiIconButton-sizeMedium css-1iatk21-MuiButtonBase-root-MuiIconButton-root"[39m
    [33mtabindex[39m=[32m"0"[39m
    [33mtype[39m=[32m"button"[39m
  [36m/>[39m

  Name "Remove change item 210":
  [36m<button[39m
    [33maria-label[39m=[32m"Remove change item 210"[39m
    [33mclass[39m=[32m"MuiButtonBase-root MuiIconButton-root MuiIconButton-colorError MuiIconButton-sizeMedium css-1iatk21-MuiButtonBase-root-MuiIconButton-root"[39m
    [33mtabindex[39m=[32m"0"[39m
    [33mtype[39m=[32m"button"[39m
  [36m/>[39m

  Name "Remove change item 211":
  [36m<button[39m
    [33maria-label[39m=[32m"Remove change item 211"[39m
    [33mclass[39m=[32m"MuiButtonBase-root MuiIconButton-root MuiIconButton-colorError MuiIconButton-sizeMedium css-1iatk21-MuiButtonBase-root-MuiIconButton-root"[39m
    [33mtabindex[39m=[32m"0"[39m
    [33mtype[39m=[32m"button"[39m
  [36m/>[39m

  Name "Remove change item 212":
  [36m<button[39m
    [33maria-label[39m=[32m"Remove change item 212"[39m
    [33mclass[39m=[32m"MuiButtonBase-root MuiIconButton-root MuiIconButton-colorError MuiIconButton-sizeMedium css-1iatk21-MuiButtonBase-root-MuiIconButton-root"[39m
    [33mtabindex[39m=[32m"0"[39m
    [33mtype[39m=[32m"button"[39m
  [36m/>[39m

  Name "Remove change item 213":
  [36m<button[39m
    [33maria-label[39m=[32m"Remove change item 213"[39m
    [33mclass[39m=[32m"MuiButtonBase-root MuiIconButton-root MuiIconButton-colorError MuiIconButton-sizeMedium css-1iatk21-MuiButtonBase-root-MuiIconButton-root"[39m
    [33mtabindex[39m=[32m"0"[39m
    [33mtype[39m=[32m"button"[39m
  [36m/>[39m

  Name "Remove change item 214":
  [36m<button[39m
    [33maria-label[39m=[32m"Remove change item 214"[39m
    [33mclass[39m=[32m"MuiButtonBase-root MuiIconButton-root MuiIconButton-colorError MuiIconButton-sizeMedium css-1iatk21-MuiButtonBase-root-MuiIconButton-root"[39m
    [33mtabindex[39m=[32m"0"[39m
    [33mtype[39m=[32m"button"[39m
  [36m/>[39m

  Name "Remove change item 215":
  [36m<button[39m
    [33maria-label[39m=[32m"Remove change item 215"[39m
    [33mclass[39m=[32m"MuiButtonBase-root MuiIconButton-root MuiIconButton-colorError MuiIconButton-sizeMedium css-1iatk21-MuiButtonBase-root-MuiIconButton-root"[39m
    [33mtabindex[39m=[32m"0"[39m
    [33mtype[39m=[32m"button"[39m
  [36m/>[39m

  Name "Remove change item 216":
  [36m<button[39m
    [33maria-label[39m=[32m"Remove change item 216"[39m
    [33mclass[39m=[32m"MuiButtonBase-root MuiIconButton-root MuiIconButton-colorError MuiIconButton-sizeMedium css-1iatk21-MuiButtonBase-root-MuiIconButton-root"[39m
    [33mtabindex[39m=[32m"0"[39m
    [33mtype[39m=[32m"button"[39m
  [36m/>[39m

  Name "Remove change item 217":
  [36m<button[39m
    [33maria-label[39m=[32m"Remove change item 217"[39m
    [33mclass[39m=[32m"MuiButtonBase-root MuiIconButton-root MuiIconButton-colorError MuiIconButton-sizeMedium css-1iatk21-MuiButtonBase-root-MuiIconButton-root"[39m
    [33mtabindex[39m=[32m"0"[39m
    [33mtype[39m=[32m"button"[39m
  [36m/>[39m

  Name "Remove change item 218":
  [36m<button[39m
    [33maria-label[39m=[32m"Remove change item 218"[39m
    [33mclass[39m=[32m"MuiButtonBase-root MuiIconButton-root MuiIconButton-colorError MuiIconButton-sizeMedium css-1iatk21-MuiButtonBase-root-MuiIconButton-root"[39m
    [33mtabindex[39m=[32m"0"[39m
    [33mtype[39m=[32m"button"[39m
  [36m/>[39m

  Name "Remove change item 219":
  [36m<button[39m
    [33maria-label[39m=[32m"Remove change item 219"[39m
    [33mclass[39m=[32m"MuiButtonBase-root MuiIconButton-root MuiIconButton-colorError MuiIconButton-sizeMedium css-1iatk21-MuiButtonBase-root-MuiIconButton-root"[39m
    [33mtabindex[39m=[32m"0"[39m
    [33mtype[39m=[32m"button"[39m
  [36m/>[39m

  Name "Remove change item 220":
  [36m<button[39m
    [33maria-label[39m=[32m"Remove change item 220"[39m
    [33mclass[39m=[32m"MuiButtonBase-root MuiIconButton-root MuiIconButton-colorError MuiIconButton-sizeMedium css-1iatk21-MuiButtonBase-root-MuiIconButton-root"[39m
    [33mtabindex[39m=[32m"0"[39m
    [33mtype[39m=[32m"button"[39m
  [36m/>[39m

  Name "Remove change item 221":
  [36m<button[39m
    [33maria-label[39m=[32m"Remove change item 221"[39m
    [33mclass[39m=[32m"MuiButtonBase-root MuiIconButton-root MuiIconButton-colorError MuiIconButton-sizeMedium css-1iatk21-MuiButtonBase-root-MuiIconButton-root"[39m
    [33mtabindex[39m=[32m"0"[39m
    [33mtype[39m=[32m"button"[39m
  [36m/>[39m

  Name "Remove change item 222":
  [36m<button[39m
    [33maria-label[39m=[32m"Remove change item 222"[39m
    [33mclass[39m=[32m"MuiButtonBase-root MuiIconButton-root MuiIconButton-colorError MuiIconButton-sizeMedium css-1iatk21-MuiButtonBase-root-MuiIconButton-root"[39m
    [33mtabindex[39m=[32m"0"[39m
    [33mtype[39m=[32m"button"[39m
  [36m/>[39m

  Name "Remove change item 223":
  [36m<button[39m
    [33maria-label[39m=[32m"Remove change item 223"[39m
    [33mclass[39m=[32m"MuiButtonBase-root MuiIconButton-root MuiIconButton-colorError MuiIconButton-sizeMedium css-1iatk21-MuiButtonBase-root-MuiIconButton-root"[39m
    [33mtabindex[39m=[32m"0"[39m
    [33mtype[39m=[32m"button"[39m
  [36m/>[39m

  Name "Remove change item 224":
  [36m<button[39m
    [33maria-label[39m=[32m"Remove change item 224"[39m
    [33mclass[39m=[32m"MuiButtonBase-root MuiIconButton-root MuiIconButton-colorError MuiIconButton-sizeMedium css-1iatk21-MuiButtonBase-root-MuiIconButton-root"[39m
    [33mtabindex[39m=[32m"0"[39m
    [33mtype[39m=[32m"button"[39m
  [36m/>[39m

  Name "Remove change item 225":
  [36m<button[39m
    [33maria-label[39m=[32m"Remove change item 225"[39m
    [33mclass[39m=[32m"MuiButtonBase-root MuiIconButton-root MuiIconButton-colorError MuiIconButton-sizeMedium css-1iatk21-MuiButtonBase-root-MuiIconButton-root"[39m
    [33mtabindex[39m=[32m"0"[39m
    [33mtype[39m=[32m"button"[39m
  [36m/>[39m

  Name "Remove change item 226":
  [36m<button[39m
    [33maria-label[39m=[32m"Remove change item 226"[39m
    [33mclass[39m=[32m"MuiButtonBase-root MuiIconButton-root MuiIconButton-colorError MuiIconButton-sizeMedium css-1iatk21-MuiButtonBase-root-MuiIconButton-root"[39m
    [33mtabindex[39m=[32m"0"[39m
    [33mtype[39m=[32m"button"[39m
  [36m/>[39m

  Name "Remove change item 227":
  [36m<button[39m
    [33maria-label[39m=[32m"Remove change item 227"[39m
    [33mclass[39m=[32m"MuiButtonBase-root MuiIconButton-root MuiIconButton-colorError MuiIconButton-sizeMedium css-1iatk21-MuiButtonBase-root-MuiIconButton-root"[39m
    [33mtabindex[39m=[32m"0"[39m
    [33mtype[39m=[32m"button"[39m
  [36m/>[39m

  Name "Remove change item 228":
  [36m<button[39m
    [33maria-label[39m=[32m"Remove change item 228"[39m
    [33mclass[39m=[32m"MuiButtonBase-root MuiIconButton-root MuiIconButton-colorError MuiIconButton-sizeMedium css-1iatk21-MuiButtonBase-root-MuiIconButton-root"[39m
    [33mtabindex[39m=[32m"0"[39m
    [33mtype[39m=[32m"button"[39m
  [36m/>[39m

  Name "Remove change item 229":
  [36m<button[39m
    [33maria-label[39m=[32m"Remove change item 229"[39m
    [33mclass[39m=[32m"MuiButtonBase-root MuiIconButton-root MuiIconButton-colorError MuiIconButton-sizeMedium css-1iatk21-MuiButtonBase-root-MuiIconButton-root"[39m
    [33mtabindex[39m=[32m"0"[39m
    [33mtype[39m=[32m"button"[39m
  [36m/>[39m

  Name "Remove change item 230":
  [36m<button[39m
    [33maria-label[39m=[32m"Remove change item 230"[39m
    [33mclass[39m=[32m"MuiButtonBase-root MuiIconButton-root MuiIconButton-colorError MuiIconButton-sizeMedium css-1iatk21-MuiButtonBase-root-MuiIconButton-root"[39m
    [33mtabindex[39m=[32m"0"[39m
    [33mtype[39m=[32m"button"[39m
  [36m/>[39m

  Name "Remove change item 231":
  [36m<button[39m
    [33maria-label[39m=[32m"Remove change item 231"[39m
    [33mclass[39m=[32m"MuiButtonBase-root MuiIconButton-root MuiIconButton-colorError MuiIconButton-sizeMedium css-1iatk21-MuiButtonBase-root-MuiIconButton-root"[39m
    [33mtabindex[39m=[32m"0"[39m
    [33mtype[39m=[32m"button"[39m
  [36m/>[39m

  Name "Remove change item 232":
  [36m<button[39m
    [33maria-label[39m=[32m"Remove change item 232"[39m
    [33mclass[39m=[32m"MuiButtonBase-root MuiIconButton-root MuiIconButton-colorError MuiIconButton-sizeMedium css-1iatk21-MuiButtonBase-root-MuiIconButton-root"[39m
    [33mtabindex[39m=[32m"0"[39m
    [33mtype[39m=[32m"button"[39m
  [36m/>[39m

  Name "Remove change item 233":
  [36m<button[39m
    [33maria-label[39m=[32m"Remove change item 233"[39m
    [33mclass[39m=[32m"MuiButtonBase-root MuiIconButton-root MuiIconButton-colorError MuiIconButton-sizeMedium css-1iatk21-MuiButtonBase-root-MuiIconButton-root"[39m
    [33mtabindex[39m=[32m"0"[39m
    [33mtype[39m=[32m"button"[39m
  [36m/>[39m

  Name "Remove change item 234":
  [36m<button[39m
    [33maria-label[39m=[32m"Remove change item 234"[39m
    [33mclass[39m=[32m"MuiButtonBase-root MuiIconButton-root MuiIconButton-colorError MuiIconButton-sizeMedium css-1iatk21-MuiButtonBase-root-MuiIconButton-root"[39m
    [33mtabindex[39m=[32m"0"[39m
    [33mtype[39m=[32m"button"[39m
  [36m/>[39m

  Name "Remove change item 235":
  [36m<button[39m
    [33maria-label[39m=[32m"Remove change item 235"[39m
    [33mclass[39m=[32m"MuiButtonBase-root MuiIconButton-root MuiIconButton-colorError MuiIconButton-sizeMedium css-1iatk21-MuiButtonBase-root-MuiIconButton-root"[39m
    [33mtabindex[39m=[32m"0"[39m
    [33mtype[39m=[32m"button"[39m
  [36m/>[39m

  Name "Remove change item 236":
  [36m<button[39m
    [33maria-label[39m=[32m"Remove change item 236"[39m
    [33mclass[39m=[32m"MuiButtonBase-root MuiIconButton-root MuiIconButton-colorError MuiIconButton-sizeMedium css-1iatk21-MuiButtonBase-root-MuiIconButton-root"[39m
    [33mtabindex[39m=[32m"0"[39m
    [33mtype[39m=[32m"button"[39m
  [36m/>[39m

  Name "Remove change item 237":
  [36m<button[39m
    [33maria-label[39m=[32m"Remove change item 237"[39m
    [33mclass[39m=[32m"MuiButtonBase-root MuiIconButton-root MuiIconButton-colorError MuiIconButton-sizeMedium css-1iatk21-MuiButtonBase-root-MuiIconButton-root"[39m
    [33mtabindex[39m=[32m"0"[39m
    [33mtype[39m=[32m"button"[39m
  [36m/>[39m

  Name "Remove change item 238":
  [36m<button[39m
    [33maria-label[39m=[32m"Remove change item 238"[39m
    [33mclass[39m=[32m"MuiButtonBase-root MuiIconButton-root MuiIconButton-colorError MuiIconButton-sizeMedium css-1iatk21-MuiButtonBase-root-MuiIconButton-root"[39m
    [33mtabindex[39m=[32m"0"[39m
    [33mtype[39m=[32m"button"[39m
  [36m/>[39m

  Name "Remove change item 239":
  [36m<button[39m
    [33maria-label[39m=[32m"Remove change item 239"[39m
    [33mclass[39m=[32m"MuiButtonBase-root MuiIconButton-root MuiIconButton-colorError MuiIconButton-sizeMedium css-1iatk21-MuiButtonBase-root-MuiIconButton-root"[39m
    [33mtabindex[39m=[32m"0"[39m
    [33mtype[39m=[32m"button"[39m
  [36m/>[39m

  Name "Remove change item 240":
  [36m<button[39m
    [33maria-label[39m=[32m"Remove change item 240"[39m
    [33mclass[39m=[32m"MuiButtonBase-root MuiIconButton-root MuiIconButton-colorError MuiIconButton-sizeMedium css-1iatk21-MuiButtonBase-root-MuiIconButton-root"[39m
    [33mtabindex[39m=[32m"0"[39m
    [33mtype[39m=[32m"button"[39m
  [36m/>[39m

  Name "Remove change item 241":
  [36m<button[39m
    [33maria-label[39m=[32m"Remove change item 241"[39m
    [33mclass[39m=[32m"MuiButtonBase-root MuiIconButton-root MuiIconButton-colorError MuiIconButton-sizeMedium css-1iatk21-MuiButtonBase-root-MuiIconButton-root"[39m
    [33mtabindex[39m=[32m"0"[39m
    [33mtype[39m=[32m"button"[39m
  [36m/>[39m

  Name "Remove change item 242":
  [36m<button[39m
    [33maria-label[39m=[32m"Remove change item 242"[39m
    [33mclass[39m=[32m"MuiButtonBase-root MuiIconButton-root MuiIconButton-colorError MuiIconButton-sizeMedium css-1iatk21-MuiButtonBase-root-MuiIconButton-root"[39m
    [33mtabindex[39m=[32m"0"[39m
    [33mtype[39m=[32m"button"[39m
  [36m/>[39m

  Name "Remove change item 243":
  [36m<button[39m
    [33maria-label[39m=[32m"Remove change item 243"[39m
    [33mclass[39m=[32m"MuiButtonBase-root MuiIconButton-root MuiIconButton-colorError MuiIconButton-sizeMedium css-1iatk21-MuiButtonBase-root-MuiIconButton-root"[39m
    [33mtabindex[39m=[32m"0"[39m
    [33mtype[39m=[32m"button"[39m
  [36m/>[39m

  Name "Remove change item 244":
  [36m<button[39m
    [33maria-label[39m=[32m"Remove change item 244"[39m
    [33mclass[39m=[32m"MuiButtonBase-root MuiIconButton-root MuiIconButton-colorError MuiIconButton-sizeMedium css-1iatk21-MuiButtonBase-root-MuiIconButton-root"[39m
    [33mtabindex[39m=[32m"0"[39m
    [33mtype[39m=[32m"button"[39m
  [36m/>[39m

  Name "Remove change item 245":
  [36m<button[39m
    [33maria-label[39m=[32m"Remove change item 245"[39m
    [33mclass[39m=[32m"MuiButtonBase-root MuiIconButton-root MuiIconButton-colorError MuiIconButton-sizeMedium css-1iatk21-MuiButtonBase-root-MuiIconButton-root"[39m
    [33mtabindex[39m=[32m"0"[39m
    [33mtype[39m=[32m"button"[39m
  [36m/>[39m

  Name "Remove change item 246":
  [36m<button[39m
    [33maria-label[39m=[32m"Remove change item 246"[39m
    [33mclass[39m=[32m"MuiButtonBase-root MuiIconButton-root MuiIconButton-colorError MuiIconButton-sizeMedium css-1iatk21-MuiButtonBase-root-MuiIconButton-root"[39m
    [33mtabindex[39m=[32m"0"[39m
    [33mtype[39m=[32m"button"[39m
  [36m/>[39m

  Name "Remove change item 247":
  [36m<button[39m
    [33maria-label[39m=[32m"Remove change item 247"[39m
    [33mclass[39m=[32m"MuiButtonBase-root MuiIconButton-root MuiIconButton-colorError MuiIconButton-sizeMedium css-1iatk21-MuiButtonBase-root-MuiIconButton-root"[39m
    [33mtabindex[39m=[32m"0"[39m
    [33mtype[39m=[32m"button"[39m
  [36m/>[39m

  Name "Remove change item 248":
  [36m<button[39m
    [33maria-label[39m=[32m"Remove change item 248"[39m
    [33mclass[39m=[32m"MuiButtonBase-root MuiIconButton-root MuiIconButton-colorError MuiIconButton-sizeMedium css-1iatk21-MuiButtonBase-root-MuiIconButton-root"[39m
    [33mtabindex[39m=[32m"0"[39m
    [33mtype[39m=[32m"button"[39m
  [36m/>[39m

  Name "Remove change item 249":
  [36m<button[39m
    [33maria-label[39m=[32m"Remove change item 249"[39m
    [33mclass[39m=[32m"MuiButtonBase-root MuiIconButton-root MuiIconButton-colorError MuiIconButton-sizeMedium css-1iatk21-MuiButtonBase-root-MuiIconButton-root"[39m
    [33mtabindex[39m=[32m"0"[39m
    [33mtype[39m=[32m"button"[39m
  [36m/>[39m

  Name "Remove change item 250":
  [36m<button[39m
    [33maria-label[39m=[32m"Remove change item 250"[39m
    [33mclass[39m=[32m"MuiButtonBase-root MuiIconButton-root MuiIconButton-colorError MuiIconButton-sizeMedium css-1iatk21-MuiButtonBase-root-MuiIconButton-root"[39m
    [33mtabindex[39m=[32m"0"[39m
    [33mtype[39m=[32m"button"[39m
  [36m/>[39m

  Name "Remove change item 251":
  [36m<button[39m
    [33maria-label[39m=[32m"Remove change item 251"[39m
    [33mclass[39m=[32m"MuiButtonBase-root MuiIconButton-root MuiIconButton-colorError MuiIconButton-sizeMedium css-1iatk21-MuiButtonBase-root-MuiIconButton-root"[39m
    [33mtabindex[39m=[32m"0"[39m
    [33mtype[39m=[32m"button"[39m
  [36m/>[39m

  Name "Remove change item 252":
  [36m<button[39m
    [33maria-label[39m=[32m"Remove change item 252"[39m
    [33mclass[39m=[32m"MuiButtonBase-root MuiIconButton-root MuiIconButton-colorError MuiIconButton-sizeMedium css-1iatk21-MuiButtonBase-root-MuiIconButton-root"[39m
    [33mtabindex[39m=[32m"0"[39m
    [33mtype[39m=[32m"button"[39m
  [36m/>[39m

  Name "Remove change item 253":
  [36m<button[39m
    [33maria-label[39m=[32m"Remove change item 253"[39m
    [33mclass[39m=[32m"MuiButtonBase-root MuiIconButton-root MuiIconButton-colorError MuiIconButton-sizeMedium css-1iatk21-MuiButtonBase-root-MuiIconButton-root"[39m
    [33mtabindex[39m=[32m"0"[39m
    [33mtype[39m=[32m"button"[39m
  [36m/>[39m

  Name "Remove change item 254":
  [36m<button[39m
    [33maria-label[39m=[32m"Remove change item 254"[39m
    [33mclass[39m=[32m"MuiButtonBase-root MuiIconButton-root MuiIconButton-colorError MuiIconButton-sizeMedium css-1iatk21-MuiButtonBase-root-MuiIconButton-root"[39m
    [33mtabindex[39m=[32m"0"[39m
    [33mtype[39m=[32m"button"[39m
  [36m/>[39m

  Name "Remove change item 255":
  [36m<button[39m
    [33maria-label[39m=[32m"Remove change item 255"[39m
    [33mclass[39m=[32m"MuiButtonBase-root MuiIconButton-root MuiIconButton-colorError MuiIconButton-sizeMedium css-1iatk21-MuiButtonBase-root-MuiIconButton-root"[39m
    [33mtabindex[39m=[32m"0"[39m
    [33mtype[39m=[32m"button"[39m
  [36m/>[39m

  Name "Remove change item 256":
  [36m<button[39m
    [33maria-label[39m=[32m"Remove change item 256"[39m
    [33mclass[39m=[32m"MuiButtonBase-root MuiIconButton-root MuiIconButton-colorError MuiIconButton-sizeMedium css-1iatk21-MuiButtonBase-root-MuiIconButton-root"[39m
    [33mtabindex[39m=[32m"0"[39m
    [33mtype[39m=[32m"button"[39m
  [36m/>[39m

  Name "Remove change item 257":
  [36m<button[39m
    [33maria-label[39m=[32m"Remove change item 257"[39m
    [33mclass[39m=[32m"MuiButtonBase-root MuiIconButton-root MuiIconButton-colorError MuiIconButton-sizeMedium css-1iatk21-MuiButtonBase-root-MuiIconButton-root"[39m
    [33mtabindex[39m=[32m"0"[39m
    [33mtype[39m=[32m"button"[39m
  [36m/>[39m

  Name "Remove change item 258":
  [36m<button[39m
    [33maria-label[39m=[32m"Remove change item 258"[39m
    [33mclass[39m=[32m"MuiButtonBase-root MuiIconButton-root MuiIconButton-colorError MuiIconButton-sizeMedium css-1iatk21-MuiButtonBase-root-MuiIconButton-root"[39m
    [33mtabindex[39m=[32m"0"[39m
    [33mtype[39m=[32m"button"[39m
  [36m/>[39m

  Name "Remove change item 259":
  [36m<button[39m
    [33maria-label[39m=[32m"Remove change item 259"[39m
    [33mclass[39m=[32m"MuiButtonBase-root MuiIconButton-root MuiIconButton-colorError MuiIconButton-sizeMedium css-1iatk21-MuiButtonBase-root-MuiIconButton-root"[39m
    [33mtabindex[39m=[32m"0"[39m
    [33mtype[39m=[32m"button"[39m
  [36m/>[39m

  Name "Remove change item 260":
  [36m<button[39m
    [33maria-label[39m=[32m"Remove change item 260"[39m
    [33mclass[39m=[32m"MuiButtonBase-root MuiIconButton-root MuiIconButton-colorError MuiIconButton-sizeMedium css-1iatk21-MuiButtonBase-root-MuiIconButton-root"[39m
    [33mtabindex[39m=[32m"0"[39m
    [33mtype[39m=[32m"button"[39m
  [36m/>[39m

  Name "Remove change item 261":
  [36m<button[39m
    [33maria-label[39m=[32m"Remove change item 261"[39m
    [33mclass[39m=[32m"MuiButtonBase-root MuiIconButton-root MuiIconButton-colorError MuiIconButton-sizeMedium css-1iatk21-MuiButtonBase-root-MuiIconButton-root"[39m
    [33mtabindex[39m=[32m"0"[39m
    [33mtype[39m=[32m"button"[39m
  [36m/>[39m

  Name "Remove change item 262":
  [36m<button[39m
    [33maria-label[39m=[32m"Remove change item 262"[39m
    [33mclass[39m=[32m"MuiButtonBase-root MuiIconButton-root MuiIconButton-colorError MuiIconButton-sizeMedium css-1iatk21-MuiButtonBase-root-MuiIconButton-root"[39m
    [33mtabindex[39m=[32m"0"[39m
    [33mtype[39m=[32m"button"[39m
  [36m/>[39m

  Name "Remove change item 263":
  [36m<button[39m
    [33maria-label[39m=[32m"Remove change item 263"[39m
    [33mclass[39m=[32m"MuiButtonBase-root MuiIconButton-root MuiIconButton-colorError MuiIconButton-sizeMedium css-1iatk21-MuiButtonBase-root-MuiIconButton-root"[39m
    [33mtabindex[39m=[32m"0"[39m
    [33mtype[39m=[32m"button"[39m
  [36m/>[39m

  Name "Remove change item 264":
  [36m<button[39m
    [33maria-label[39m=[32m"Remove change item 264"[39m
    [33mclass[39m=[32m"MuiButtonBase-root MuiIconButton-root MuiIconButton-colorError MuiIconButton-sizeMedium css-1iatk21-MuiButtonBase-root-MuiIconButton-root"[39m
    [33mtabindex[39m=[32m"0"[39m
    [33mtype[39m=[32m"button"[39m
  [36m/>[39m

  Name "Remove change item 265":
  [36m<button[39m
    [33maria-label[39m=[32m"Remove change item 265"[39m
    [33mclass[39m=[32m"MuiButtonBase-root MuiIconButton-root MuiIconButton-colorError MuiIconButton-sizeMedium css-1iatk21-MuiButtonBase-root-MuiIconButton-root"[39m
    [33mtabindex[39m=[32m"0"[39m
    [33mtype[39m=[32m"button"[39m
  [36m/>[39m

  Name "Remove change item 266":
  [36m<button[39m
    [33maria-label[39m=[32m"Remove change item 266"[39m
    [33mclass[39m=[32m"MuiButtonBase-root MuiIconButton-root MuiIconButton-colorError MuiIconButton-sizeMedium css-1iatk21-MuiButtonBase-root-MuiIconButton-root"[39m
    [33mtabindex[39m=[32m"0"[39m
    [33mtype[39m=[32m"button"[39m
  [36m/>[39m

  Name "Remove change item 267":
  [36m<button[39m
    [33maria-label[39m=[32m"Remove change item 267"[39m
    [33mclass[39m=[32m"MuiButtonBase-root MuiIconButton-root MuiIconButton-colorError MuiIconButton-sizeMedium css-1iatk21-MuiButtonBase-root-MuiIconButton-root"[39m
    [33mtabindex[39m=[32m"0"[39m
    [33mtype[39m=[32m"button"[39m
  [36m/>[39m

  Name "Remove change item 268":
  [36m<button[39m
    [33maria-label[39m=[32m"Remove change item 268"[39m
    [33mclass[39m=[32m"MuiButtonBase-root MuiIconButton-root MuiIconButton-colorError MuiIconButton-sizeMedium css-1iatk21-MuiButtonBase-root-MuiIconButton-root"[39m
    [33mtabindex[39m=[32m"0"[39m
    [33mtype[39m=[32m"button"[39m
  [36m/>[39m

  Name "Remove change item 269":
  [36m<button[39m
    [33maria-label[39m=[32m"Remove change item 269"[39m
    [33mclass[39m=[32m"MuiButtonBase-root MuiIconButton-root MuiIconButton-colorError MuiIconButton-sizeMedium css-1iatk21-MuiButtonBase-root-MuiIconButton-root"[39m
    [33mtabindex[39m=[32m"0"[39m
    [33mtype[39m=[32m"button"[39m
  [36m/>[39m

  Name "Remove change item 270":
  [36m<button[39m
    [33maria-label[39m=[32m"Remove change item 270"[39m
    [33mclass[39m=[32m"MuiButtonBase-root MuiIconButton-root MuiIconButton-colorError MuiIconButton-sizeMedium css-1iatk21-MuiButtonBase-root-MuiIconButton-root"[39m
    [33mtabindex[39m=[32m"0"[39m
    [33mtype[39m=[32m"button"[39m
  [36m/>[39m

  Name "Remove change item 271":
  [36m<button[39m
    [33maria-label[39m=[32m"Remove change item 271"[39m
    [33mclass[39m=[32m"MuiButtonBase-root MuiIconButton-root MuiIconButton-colorError MuiIconButton-sizeMedium css-1iatk21-MuiButtonBase-root-MuiIconButton-root"[39m
    [33mtabindex[39m=[32m"0"[39m
    [33mtype[39m=[32m"button"[39m
  [36m/>[39m

  Name "Remove change item 272":
  [36m<button[39m
    [33maria-label[39m=[32m"Remove change item 272"[39m
    [33mclass[39m=[32m"MuiButtonBase-root MuiIconButton-root MuiIconButton-colorError MuiIconButton-sizeMedium css-1iatk21-MuiButtonBase-root-MuiIconButton-root"[39m
    [33mtabindex[39m=[32m"0"[39m
    [33mtype[39m=[32m"button"[39m
  [36m/>[39m

  Name "Remove change item 273":
  [36m<button[39m
    [33maria-label[39m=[32m"Remove change item 273"[39m
    [33mclass[39m=[32m"MuiButtonBase-root MuiIconButton-root MuiIconButton-colorError MuiIconButton-sizeMedium css-1iatk21-MuiButtonBase-root-MuiIconButton-root"[39m
    [33mtabindex[39m=[32m"0"[39m
    [33mtype[39m=[32m"button"[39m
  [36m/>[39m

  Name "Remove change item 274":
  [36m<button[39m
    [33maria-label[39m=[32m"Remove change item 274"[39m
    [33mclass[39m=[32m"MuiButtonBase-root MuiIconButton-root MuiIconButton-colorError MuiIconButton-sizeMedium css-1iatk21-MuiButtonBase-root-MuiIconButton-root"[39m
    [33mtabindex[39m=[32m"0"[39m
    [33mtype[39m=[32m"button"[39m
  [36m/>[39m

  Name "Remove change item 275":
  [36m<button[39m
    [33maria-label[39m=[32m"Remove change item 275"[39m
    [33mclass[39m=[32m"MuiButtonBase-root MuiIconButton-root MuiIconButton-colorError MuiIconButton-sizeMedium css-1iatk21-MuiButtonBase-root-MuiIconButton-root"[39m
    [33mtabindex[39m=[32m"0"[39m
    [33mtype[39m=[32m"button"[39m
  [36m/>[39m

  Name "Remove change item 276":
  [36m<button[39m
    [33maria-label[39m=[32m"Remove change item 276"[39m
    [33mclass[39m=[32m"MuiButtonBase-root MuiIconButton-root MuiIconButton-colorError MuiIconButton-sizeMedium css-1iatk21-MuiButtonBase-root-MuiIconButton-root"[39m
    [33mtabindex[39m=[32m"0"[39m
    [33mtype[39m=[32m"button"[39m
  [36m/>[39m

  Name "Remove change item 277":
  [36m<button[39m
    [33maria-label[39m=[32m"Remove change item 277"[39m
    [33mclass[39m=[32m"MuiButtonBase-root MuiIconButton-root MuiIconButton-colorError MuiIconButton-sizeMedium css-1iatk21-MuiButtonBase-root-MuiIconButton-root"[39m
    [33mtabindex[39m=[32m"0"[39m
    [33mtype[39m=[32m"button"[39m
  [36m/>[39m

  Name "Remove change item 278":
  [36m<button[39m
    [33maria-label[39m=[32m"Remove change item 278"[39m
    [33mclass[39m=[32m"MuiButtonBase-root MuiIconButton-root MuiIconButton-colorError MuiIconButton-sizeMedium css-1iatk21-MuiButtonBase-root-MuiIconButton-root"[39m
    [33mtabindex[39m=[32m"0"[39m
    [33mtype[39m=[32m"button"[39m
  [36m/>[39m

  Name "Remove change item 279":
  [36m<button[39m
    [33maria-label[39m=[32m"Remove change item 279"[39m
    [33mclass[39m=[32m"MuiButtonBase-root MuiIconButton-root MuiIconButton-colorError MuiIconButton-sizeMedium css-1iatk21-MuiButtonBase-root-MuiIconButton-root"[39m
    [33mtabindex[39m=[32m"0"[39m
    [33mtype[39m=[32m"button"[39m
  [36m/>[39m

  Name "Remove change item 280":
  [36m<button[39m
    [33maria-label[39m=[32m"Remove change item 280"[39m
    [33mclass[39m=[32m"MuiButtonBase-root MuiIconButton-root MuiIconButton-colorError MuiIconButton-sizeMedium css-1iatk21-MuiButtonBase-root-MuiIconButton-root"[39m
    [33mtabindex[39m=[32m"0"[39m
    [33mtype[39m=[32m"button"[39m
  [36m/>[39m

  Name "Remove change item 281":
  [36m<button[39m
    [33maria-label[39m=[32m"Remove change item 281"[39m
    [33mclass[39m=[32m"MuiButtonBase-root MuiIconButton-root MuiIconButton-colorError MuiIconButton-sizeMedium css-1iatk21-MuiButtonBase-root-MuiIconButton-root"[39m
    [33mtabindex[39m=[32m"0"[39m
    [33mtype[39m=[32m"button"[39m
  [36m/>[39m

  Name "Remove change item 282":
  [36m<button[39m
    [33maria-label[39m=[32m"Remove change item 282"[39m
    [33mclass[39m=[32m"MuiButtonBase-root MuiIconButton-root MuiIconButton-colorError MuiIconButton-sizeMedium css-1iatk21-MuiButtonBase-root-MuiIconButton-root"[39m
    [33mtabindex[39m=[32m"0"[39m
    [33mtype[39m=[32m"button"[39m
  [36m/>[39m

  Name "Remove change item 283":
  [36m<button[39m
    [33maria-label[39m=[32m"Remove change item 283"[39m
    [33mclass[39m=[32m"MuiButtonBase-root MuiIconButton-root MuiIconButton-colorError MuiIconButton-sizeMedium css-1iatk21-MuiButtonBase-root-MuiIconButton-root"[39m
    [33mtabindex[39m=[32m"0"[39m
    [33mtype[39m=[32m"button"[39m
  [36m/>[39m

  Name "Remove change item 284":
  [36m<button[39m
    [33maria-label[39m=[32m"Remove change item 284"[39m
    [33mclass[39m=[32m"MuiButtonBase-root MuiIconButton-root MuiIconButton-colorError MuiIconButton-sizeMedium css-1iatk21-MuiButtonBase-root-MuiIconButton-root"[39m
    [33mtabindex[39m=[32m"0"[39m
    [33mtype[39m=[32m"button"[39m
  [36m/>[39m

  Name "Remove change item 285":
  [36m<button[39m
    [33maria-label[39m=[32m"Remove change item 285"[39m
    [33mclass[39m=[32m"MuiButtonBase-root MuiIconButton-root MuiIconButton-colorError MuiIconButton-sizeMedium css-1iatk21-MuiButtonBase-root-MuiIconButton-root"[39m
    [33mtabindex[39m=[32m"0"[39m
    [33mtype[39m=[32m"button"[39m
  [36m/>[39m

  Name "Remove change item 286":
  [36m<button[39m
    [33maria-label[39m=[32m"Remove change item 286"[39m
    [33mclass[39m=[32m"MuiButtonBase-root MuiIconButton-root MuiIconButton-colorError MuiIconButton-sizeMedium css-1iatk21-MuiButtonBase-root-MuiIconButton-root"[39m
    [33mtabindex[39m=[32m"0"[39m
    [33mtype[39m=[32m"button"[39m
  [36m/>[39m

  Name "Remove change item 287":
  [36m<button[39m
    [33maria-label[39m=[32m"Remove change item 287"[39m
    [33mclass[39m=[32m"MuiButtonBase-root MuiIconButton-root MuiIconButton-colorError MuiIconButton-sizeMedium css-1iatk21-MuiButtonBase-root-MuiIconButton-root"[39m
    [33mtabindex[39m=[32m"0"[39m
    [33mtype[39m=[32m"button"[39m
  [36m/>[39m

  Name "Remove change item 288":
  [36m<button[39m
    [33maria-label[39m=[32m"Remove change item 288"[39m
    [33mclass[39m=[32m"MuiButtonBase-root MuiIconButton-root MuiIconButton-colorError MuiIconButton-sizeMedium css-1iatk21-MuiButtonBase-root-MuiIconButton-root"[39m
    [33mtabindex[39m=[32m"0"[39m
    [33mtype[39m=[32m"button"[39m
  [36m/>[39m

  Name "Remove change item 289":
  [36m<button[39m
    [33maria-label[39m=[32m"Remove change item 289"[39m
    [33mclass[39m=[32m"MuiButtonBase-root MuiIconButton-root MuiIconButton-colorError MuiIconButton-sizeMedium css-1iatk21-MuiButtonBase-root-MuiIconButton-root"[39m
    [33mtabindex[39m=[32m"0"[39m
    [33mtype[39m=[32m"button"[39m
  [36m/>[39m

  Name "Remove change item 290":
  [36m<button[39m
    [33maria-label[39m=[32m"Remove change item 290"[39m
    [33mclass[39m=[32m"MuiButtonBase-root MuiIconButton-root MuiIconButton-colorError MuiIconButton-sizeMedium css-1iatk21-MuiButtonBase-root-MuiIconButton-root"[39m
    [33mtabindex[39m=[32m"0"[39m
    [33mtype[39m=[32m"button"[39m
  [36m/>[39m

  Name "Remove change item 291":
  [36m<button[39m
    [33maria-label[39m=[32m"Remove change item 291"[39m
    [33mclass[39m=[32m"MuiButtonBase-root MuiIconButton-root MuiIconButton-colorError MuiIconButton-sizeMedium css-1iatk21-MuiButtonBase-root-MuiIconButton-root"[39m
    [33mtabindex[39m=[32m"0"[39m
    [33mtype[39m=[32m"button"[39m
  [36m/>[39m

  Name "Remove change item 292":
  [36m<button[39m
    [33maria-label[39m=[32m"Remove change item 292"[39m
    [33mclass[39m=[32m"MuiButtonBase-root MuiIconButton-root MuiIconButton-colorError MuiIconButton-sizeMedium css-1iatk21-MuiButtonBase-root-MuiIconButton-root"[39m
    [33mtabindex[39m=[32m"0"[39m
    [33mtype[39m=[32m"button"[39m
  [36m/>[39m

  Name "Remove change item 293":
  [36m<button[39m
    [33maria-label[39m=[32m"Remove change item 293"[39m
    [33mclass[39m=[32m"MuiButtonBase-root MuiIconButton-root MuiIconButton-colorError MuiIconButton-sizeMedium css-1iatk21-MuiButtonBase-root-MuiIconButton-root"[39m
    [33mtabindex[39m=[32m"0"[39m
    [33mtype[39m=[32m"button"[39m
  [36m/>[39m

  Name "Remove change item 294":
  [36m<button[39m
    [33maria-label[39m=[32m"Remove change item 294"[39m
    [33mclass[39m=[32m"MuiButtonBase-root MuiIconButton-root MuiIconButton-colorError MuiIconButton-sizeMedium css-1iatk21-MuiButtonBase-root-MuiIconButton-root"[39m
    [33mtabindex[39m=[32m"0"[39m
    [33mtype[39m=[32m"button"[39m
  [36m/>[39m

  Name "Remove change item 295":
  [36m<button[39m
    [33maria-label[39m=[32m"Remove change item 295"[39m
    [33mclass[39m=[32m"MuiButtonBase-root MuiIconButton-root MuiIconButton-colorError MuiIconButton-sizeMedium css-1iatk21-MuiButtonBase-root-MuiIconButton-root"[39m
    [33mtabindex[39m=[32m"0"[39m
    [33mtype[39m=[32m"button"[39m
  [36m/>[39m

  Name "Remove change item 296":
  [36m<button[39m
    [33maria-label[39m=[32m"Remove change item 296"[39m
    [33mclass[39m=[32m"MuiButtonBase-root MuiIconButton-root MuiIconButton-colorError MuiIconButton-sizeMedium css-1iatk21-MuiButtonBase-root-MuiIconButton-root"[39m
    [33mtabindex[39m=[32m"0"[39m
    [33mtype[39m=[32m"button"[39m
  [36m/>[39m

  Name "Remove change item 297":
  [36m<button[39m
    [33maria-label[39m=[32m"Remove change item 297"[39m
    [33mclass[39m=[32m"MuiButtonBase-root MuiIconButton-root MuiIconButton-colorError MuiIconButton-sizeMedium css-1iatk21-MuiButtonBase-root-MuiIconButton-root"[39m
    [33mtabindex[39m=[32m"0"[39m
    [33mtype[39m=[32m"button"[39m
  [36m/>[39m

  Name "Remove change item 298":
  [36m<button[39m
    [33maria-label[39m=[32m"Remove change item 298"[39m
    [33mclass[39m=[32m"MuiButtonBase-root MuiIconButton-root MuiIconButton-colorError MuiIconButton-sizeMedium css-1iatk21-MuiButtonBase-root-MuiIconButton-root"[39m
    [33mtabindex[39m=[32m"0"[39m
    [33mtype[39m=[32m"button"[39m
  [36m/>[39m

  Name "Remove change item 299":
  [36m<button[39m
    [33maria-label[39m=[32m"Remove change item 299"[39m
    [33mclass[39m=[32m"MuiButtonBase-root MuiIconButton-root MuiIconButton-colorError MuiIconButton-sizeMedium css-1iatk21-MuiButtonBase-root-MuiIconButton-root"[39m
    [33mtabindex[39m=[32m"0"[39m
    [33mtype[39m=[32m"button"[39m
  [36m/>[39m

  Name "Remove change item 300":
  [36m<button[39m
    [33maria-label[39m=[32m"Remove change item 300"[39m
    [33mclass[39m=[32m"MuiButtonBase-root MuiIconButton-root MuiIconButton-colorError MuiIconButton-sizeMedium css-1iatk21-MuiButtonBase-root-MuiIconButton-root"[39m
    [33mtabindex[39m=[32m"0"[39m
    [33mtype[39m=[32m"button"[39m
  [36m/>[39m

  Name "Remove change item 301":
  [36m<button[39m
    [33maria-label[39m=[32m"Remove change item 301"[39m
    [33mclass[39m=[32m"MuiButtonBase-root MuiIconButton-root MuiIconButton-colorError MuiIconButton-sizeMedium css-1iatk21-MuiButtonBase-root-MuiIconButton-root"[39m
    [33mtabindex[39m=[32m"0"[39m
    [33mtype[39m=[32m"button"[39m
  [36m/>[39m

  Name "Remove change item 302":
  [36m<button[39m
    [33maria-label[39m=[32m"Remove change item 302"[39m
    [33mclass[39m=[32m"MuiButtonBase-root MuiIconButton-root MuiIconButton-colorError MuiIconButton-sizeMedium css-1iatk21-MuiButtonBase-root-MuiIconButton-root"[39m
    [33mtabindex[39m=[32m"0"[39m
    [33mtype[39m=[32m"button"[39m
  [36m/>[39m

  Name "Remove change item 303":
  [36m<button[39m
    [33maria-label[39m=[32m"Remove change item 303"[39m
    [33mclass[39m=[32m"MuiButtonBase-root MuiIconButton-root MuiIconButton-colorError MuiIconButton-sizeMedium css-1iatk21-MuiButtonBase-root-MuiIconButton-root"[39m
    [33mtabindex[39m=[32m"0"[39m
    [33mtype[39m=[32m"button"[39m
  [36m/>[39m

  Name "Remove change item 304":
  [36m<button[39m
    [33maria-label[39m=[32m"Remove change item 304"[39m
    [33mclass[39m=[32m"MuiButtonBase-root MuiIconButton-root MuiIconButton-colorError MuiIconButton-sizeMedium css-1iatk21-MuiButtonBase-root-MuiIconButton-root"[39m
    [33mtabindex[39m=[32m"0"[39m
    [33mtype[39m=[32m"button"[39m
  [36m/>[39m

  Name "Remove change item 305":
  [36m<button[39m
    [33maria-label[39m=[32m"Remove change item 305"[39m
    [33mclass[39m=[32m"MuiButtonBase-root MuiIconButton-root MuiIconButton-colorError MuiIconButton-sizeMedium css-1iatk21-MuiButtonBase-root-MuiIconButton-root"[39m
    [33mtabindex[39m=[32m"0"[39m
    [33mtype[39m=[32m"button"[39m
  [36m/>[39m

  Name "Remove change item 306":
  [36m<button[39m
    [33maria-label[39m=[32m"Remove change item 306"[39m
    [33mclass[39m=[32m"MuiButtonBase-root MuiIconButton-root MuiIconButton-colorError MuiIconButton-sizeMedium css-1iatk21-MuiButtonBase-root-MuiIconButton-root"[39m
    [33mtabindex[39m=[32m"0"[39m
    [33mtype[39m=[32m"button"[39m
  [36m/>[39m

  Name "Remove change item 307":
  [36m<button[39m
    [33maria-label[39m=[32m"Remove change item 307"[39m
    [33mclass[39m=[32m"MuiButtonBase-root MuiIconButton-root MuiIconButton-colorError MuiIconButton-sizeMedium css-1iatk21-MuiButtonBase-root-MuiIconButton-root"[39m
    [33mtabindex[39m=[32m"0"[39m
    [33mtype[39m=[32m"button"[39m
  [36m/>[39m

  Name "Remove change item 308":
  [36m<button[39m
    [33maria-label[39m=[32m"Remove change item 308"[39m
    [33mclass[39m=[32m"MuiButtonBase-root MuiIconButton-root MuiIconButton-colorError MuiIconButton-sizeMedium css-1iatk21-MuiButtonBase-root-MuiIconButton-root"[39m
    [33mtabindex[39m=[32m"0"[39m
    [33mtype[39m=[32m"button"[39m
  [36m/>[39m

  Name "Remove change item 309":
  [36m<button[39m
    [33maria-label[39m=[32m"Remove change item 309"[39m
    [33mclass[39m=[32m"MuiButtonBase-root MuiIconButton-root MuiIconButton-colorError MuiIconButton-sizeMedium css-1iatk21-MuiButtonBase-root-MuiIconButton-root"[39m
    [33mtabindex[39m=[32m"0"[39m
    [33mtype[39m=[32m"button"[39m
  [36m/>[39m

  Name "Remove change item 310":
  [36m<button[39m
    [33maria-label[39m=[32m"Remove change item 310"[39m
    [33mclass[39m=[32m"MuiButtonBase-root MuiIconButton-root MuiIconButton-colorError MuiIconButton-sizeMedium css-1iatk21-MuiButtonBase-root-MuiIconButton-root"[39m
    [33mtabindex[39m=[32m"0"[39m
    [33mtype[39m=[32m"button"[39m
  [36m/>[39m

  Name "Remove change item 311":
  [36m<button[39m
    [33maria-label[39m=[32m"Remove change item 311"[39m
    [33mclass[39m=[32m"MuiButtonBase-root MuiIconButton-root MuiIconButton-colorError MuiIconButton-sizeMedium css-1iatk21-MuiButtonBase-root-MuiIconButton-root"[39m
    [33mtabindex[39m=[32m"0"[39m
    [33mtype[39m=[32m"button"[39m
  [36m/>[39m

  Name "Remove change item 312":
  [36m<button[39m
    [33maria-label[39m=[32m"Remove change item 312"[39m
    [33mclass[39m=[32m"MuiButtonBase-root MuiIconButton-root MuiIconButton-colorError MuiIconButton-sizeMedium css-1iatk21-MuiButtonBase-root-MuiIconButton-root"[39m
    [33mtabindex[39m=[32m"0"[39m
    [33mtype[39m=[32m"button"[39m
  [36m/>[39m

  Name "Remove change item 313":
  [36m<button[39m
    [33maria-label[39m=[32m"Remove change item 313"[39m
    [33mclass[39m=[32m"MuiButtonBase-root MuiIconButton-root MuiIconButton-colorError MuiIconButton-sizeMedium css-1iatk21-MuiButtonBase-root-MuiIconButton-root"[39m
    [33mtabindex[39m=[32m"0"[39m
    [33mtype[39m=[32m"button"[39m
  [36m/>[39m

  Name "Remove change item 314":
  [36m<button[39m
    [33maria-label[39m=[32m"Remove change item 314"[39m
    [33mclass[39m=[32m"MuiButtonBase-root MuiIconButton-root MuiIconButton-colorError MuiIconButton-sizeMedium css-1iatk21-MuiButtonBase-root-MuiIconButton-root"[39m
    [33mtabindex[39m=[32m"0"[39m
    [33mtype[39m=[32m"button"[39m
  [36m/>[39m

  Name "Remove change item 315":
  [36m<button[39m
    [33maria-label[39m=[32m"Remove change item 315"[39m
    [33mclass[39m=[32m"MuiButtonBase-root MuiIconButton-root MuiIconButton-colorError MuiIconButton-sizeMedium css-1iatk21-MuiButtonBase-root-MuiIconButton-root"[39m
    [33mtabindex[39m=[32m"0"[39m
    [33mtype[39m=[32m"button"[39m
  [36m/>[39m

  Name "Remove change item 316":
  [36m<button[39m
    [33maria-label[39m=[32m"Remove change item 316"[39m
    [33mclass[39m=[32m"MuiButtonBase-root MuiIconButton-root MuiIconButton-colorError MuiIconButton-sizeMedium css-1iatk21-MuiButtonBase-root-MuiIconButton-root"[39m
    [33mtabindex[39m=[32m"0"[39m
    [33mtype[39m=[32m"button"[39m
  [36m/>[39m

  Name "Remove change item 317":
  [36m<button[39m
    [33maria-label[39m=[32m"Remove change item 317"[39m
    [33mclass[39m=[32m"MuiButtonBase-root MuiIconButton-root MuiIconButton-colorError MuiIconButton-sizeMedium css-1iatk21-MuiButtonBase-root-MuiIconButton-root"[39m
    [33mtabindex[39m=[32m"0"[39m
    [33mtype[39m=[32m"button"[39m
  [36m/>[39m

  Name "Remove change item 318":
  [36m<button[39m
    [33maria-label[39m=[32m"Remove change item 318"[39m
    [33mclass[39m=[32m"MuiButtonBase-root MuiIconButton-root MuiIconButton-colorError MuiIconButton-sizeMedium css-1iatk21-MuiButtonBase-root-MuiIconButton-root"[39m
    [33mtabindex[39m=[32m"0"[39m
    [33mtype[39m=[32m"button"[39m
  [36m/>[39m

  Name "Remove change item 319":
  [36m<button[39m
    [33maria-label[39m=[32m"Remove change item 319"[39m
    [33mclass[39m=[32m"MuiButtonBase-root MuiIconButton-root MuiIconButton-colorError MuiIconButton-sizeMedium css-1iatk21-MuiButtonBase-root-MuiIconButton-root"[39m
    [33mtabindex[39m=[32m"0"[39m
    [33mtype[39m=[32m"button"[39m
  [36m/>[39m

  Name "Remove change item 320":
  [36m<button[39m
    [33maria-label[39m=[32m"Remove change item 320"[39m
    [33mclass[39m=[32m"MuiButtonBase-root MuiIconButton-root MuiIconButton-colorError MuiIconButton-sizeMedium css-1iatk21-MuiButtonBase-root-MuiIconButton-root"[39m
    [33mtabindex[39m=[32m"0"[39m
    [33mtype[39m=[32m"button"[39m
  [36m/>[39m

  Name "Remove change item 321":
  [36m<button[39m
    [33maria-label[39m=[32m"Remove change item 321"[39m
    [33mclass[39m=[32m"MuiButtonBase-root MuiIconButton-root MuiIconButton-colorError MuiIconButton-sizeMedium css-1iatk21-MuiButtonBase-root-MuiIconButton-root"[39m
    [33mtabindex[39m=[32m"0"[39m
    [33mtype[39m=[32m"button"[39m
  [36m/>[39m

  Name "Remove change item 322":
  [36m<button[39m
    [33maria-label[39m=[32m"Remove change item 322"[39m
    [33mclass[39m=[32m"MuiButtonBase-root MuiIconButton-root MuiIconButton-colorError MuiIconButton-sizeMedium css-1iatk21-MuiButtonBase-root-MuiIconButton-root"[39m
    [33mtabindex[39m=[32m"0"[39m
    [33mtype[39m=[32m"button"[39m
  [36m/>[39m

  Name "Remove change item 323":
  [36m<button[39m
    [33maria-label[39m=[32m"Remove change item 323"[39m
    [33mclass[39m=[32m"MuiButtonBase-root MuiIconButton-root MuiIconButton-colorError MuiIconButton-sizeMedium css-1iatk21-MuiButtonBase-root-MuiIconButton-root"[39m
    [33mtabindex[39m=[32m"0"[39m
    [33mtype[39m=[32m"button"[39m
  [36m/>[39m

  Name "Remove change item 324":
  [36m<button[39m
    [33maria-label[39m=[32m"Remove change item 324"[39m
    [33mclass[39m=[32m"MuiButtonBase-root MuiIconButton-root MuiIconButton-colorError MuiIconButton-sizeMedium css-1iatk21-MuiButtonBase-root-MuiIconButton-root"[39m
    [33mtabindex[39m=[32m"0"[39m
    [33mtype[39m=[32m"button"[39m
  [36m/>[39m

  Name "Remove change item 325":
  [36m<button[39m
    [33maria-label[39m=[32m"Remove change item 325"[39m
    [33mclass[39m=[32m"MuiButtonBase-root MuiIconButton-root MuiIconButton-colorError MuiIconButton-sizeMedium css-1iatk21-MuiButtonBase-root-MuiIconButton-root"[39m
    [33mtabindex[39m=[32m"0"[39m
    [33mtype[39m=[32m"button"[39m
  [36m/>[39m

  Name "Remove change item 326":
  [36m<button[39m
    [33maria-label[39m=[32m"Remove change item 326"[39m
    [33mclass[39m=[32m"MuiButtonBase-root MuiIconButton-root MuiIconButton-colorError MuiIconButton-sizeMedium css-1iatk21-MuiButtonBase-root-MuiIconButton-root"[39m
    [33mtabindex[39m=[32m"0"[39m
    [33mtype[39m=[32m"button"[39m
  [36m/>[39m

  Name "Remove change item 327":
  [36m<button[39m
    [33maria-label[39m=[32m"Remove change item 327"[39m
    [33mclass[39m=[32m"MuiButtonBase-root MuiIconButton-root MuiIconButton-colorError MuiIconButton-sizeMedium css-1iatk21-MuiButtonBase-root-MuiIconButton-root"[39m
    [33mtabindex[39m=[32m"0"[39m
    [33mtype[39m=[32m"button"[39m
  [36m/>[39m

  Name "Remove change item 328":
  [36m<button[39m
    [33maria-label[39m=[32m"Remove change item 328"[39m
    [33mclass[39m=[32m"MuiButtonBase-root MuiIconButton-root MuiIconButton-colorError MuiIconButton-sizeMedium css-1iatk21-MuiButtonBase-root-MuiIconButton-root"[39m
    [33mtabindex[39m=[32m"0"[39m
    [33mtype[39m=[32m"button"[39m
  [36m/>[39m

  Name "Remove change item 329":
  [36m<button[39m
    [33maria-label[39m=[32m"Remove change item 329"[39m
    [33mclass[39m=[32m"MuiButtonBase-root MuiIconButton-root MuiIconButton-colorError MuiIconButton-sizeMedium css-1iatk21-MuiButtonBase-root-MuiIconButton-root"[39m
    [33mtabindex[39m=[32m"0"[39m
    [33mtype[39m=[32m"button"[39m
  [36m/>[39m

  Name "Remove change item 330":
  [36m<button[39m
    [33maria-label[39m=[32m"Remove change item 330"[39m
    [33mclass[39m=[32m"MuiButtonBase-root MuiIconButton-root MuiIconButton-colorError MuiIconButton-sizeMedium css-1iatk21-MuiButtonBase-root-MuiIconButton-root"[39m
    [33mtabindex[39m=[32m"0"[39m
    [33mtype[39m=[32m"button"[39m
  [36m/>[39m

  Name "Remove change item 331":
  [36m<button[39m
    [33maria-label[39m=[32m"Remove change item 331"[39m
    [33mclass[39m=[32m"MuiButtonBase-root MuiIconButton-root MuiIconButton-colorError MuiIconButton-sizeMedium css-1iatk21-MuiButtonBase-root-MuiIconButton-root"[39m
    [33mtabindex[39m=[32m"0"[39m
    [33mtype[39m=[32m"button"[39m
  [36m/>[39m

  Name "Remove change item 332":
  [36m<button[39m
    [33maria-label[39m=[32m"Remove change item 332"[39m
    [33mclass[39m=[32m"MuiButtonBase-root MuiIconButton-root MuiIconButton-colorError MuiIconButton-sizeMedium css-1iatk21-MuiButtonBase-root-MuiIconButton-root"[39m
    [33mtabindex[39m=[32m"0"[39m
    [33mtype[39m=[32m"button"[39m
  [36m/>[39m

  Name "Remove change item 333":
  [36m<button[39m
    [33maria-label[39m=[32m"Remove change item 333"[39m
    [33mclass[39m=[32m"MuiButtonBase-root MuiIconButton-root MuiIconButton-colorError MuiIconButton-sizeMedium css-1iatk21-MuiButtonBase-root-MuiIconButton-root"[39m
    [33mtabindex[39m=[32m"0"[39m
    [33mtype[39m=[32m"button"[39m
  [36m/>[39m

  Name "Remove change item 334":
  [36m<button[39m
    [33maria-label[39m=[32m"Remove change item 334"[39m
    [33mclass[39m=[32m"MuiButtonBase-root MuiIconButton-root MuiIconButton-colorError MuiIconButton-sizeMedium css-1iatk21-MuiButtonBase-root-MuiIconButton-root"[39m
    [33mtabindex[39m=[32m"0"[39m
    [33mtype[39m=[32m"button"[39m
  [36m/>[39m

  Name "Remove change item 335":
  [36m<button[39m
    [33maria-label[39m=[32m"Remove change item 335"[39m
    [33mclass[39m=[32m"MuiButtonBase-root MuiIconButton-root MuiIconButton-colorError MuiIconButton-sizeMedium css-1iatk21-MuiButtonBase-root-MuiIconButton-root"[39m
    [33mtabindex[39m=[32m"0"[39m
    [33mtype[39m=[32m"button"[39m
  [36m/>[39m

  Name "Remove change item 336":
  [36m<button[39m
    [33maria-label[39m=[32m"Remove change item 336"[39m
    [33mclass[39m=[32m"MuiButtonBase-root MuiIconButton-root MuiIconButton-colorError MuiIconButton-sizeMedium css-1iatk21-MuiButtonBase-root-MuiIconButton-root"[39m
    [33mtabindex[39m=[32m"0"[39m
    [33mtype[39m=[32m"button"[39m
  [36m/>[39m

  Name "Remove change item 337":
  [36m<button[39m
    [33maria-label[39m=[32m"Remove change item 337"[39m
    [33mclass[39m=[32m"MuiButtonBase-root MuiIconButton-root MuiIconButton-colorError MuiIconButton-sizeMedium css-1iatk21-MuiButtonBase-root-MuiIconButton-root"[39m
    [33mtabindex[39m=[32m"0"[39m
    [33mtype[39m=[32m"button"[39m
  [36m/>[39m

  Name "Remove change item 338":
  [36m<button[39m
    [33maria-label[39m=[32m"Remove change item 338"[39m
    [33mclass[39m=[32m"MuiButtonBase-root MuiIconButton-root MuiIconButton-colorError MuiIconButton-sizeMedium css-1iatk21-MuiButtonBase-root-MuiIconButton-root"[39m
    [33mtabindex[39m=[32m"0"[39m
    [33mtype[39m=[32m"button"[39m
  [36m/>[39m

  Name "Remove change item 339":
  [36m<button[39m
    [33maria-label[39m=[32m"Remove change item 339"[39m
    [33mclass[39m=[32m"MuiButtonBase-root MuiIconButton-root MuiIconButton-colorError MuiIconButton-sizeMedium css-1iatk21-MuiButtonBase-root-MuiIconButton-root"[39m
    [33mtabindex[39m=[32m"0"[39m
    [33mtype[39m=[32m"button"[39m
  [36m/>[39m

  Name "Remove change item 340":
  [36m<button[39m
    [33maria-label[39m=[32m"Remove change item 340"[39m
    [33mclass[39m=[32m"MuiButtonBase-root MuiIconButton-root MuiIconButton-colorError MuiIconButton-sizeMedium css-1iatk21-MuiButtonBase-root-MuiIconButton-root"[39m
    [33mtabindex[39m=[32m"0"[39m
    [33mtype[39m=[32m"button"[39m
  [36m/>[39m

  Name "Remove change item 341":
  [36m<button[39m
    [33maria-label[39m=[32m"Remove change item 341"[39m
    [33mclass[39m=[32m"MuiButtonBase-root MuiIconButton-root MuiIconButton-colorError MuiIconButton-sizeMedium css-1iatk21-MuiButtonBase-root-MuiIconButton-root"[39m
    [33mtabindex[39m=[32m"0"[39m
    [33mtype[39m=[32m"button"[39m
  [36m/>[39m

  Name "Remove change item 342":
  [36m<button[39m
    [33maria-label[39m=[32m"Remove change item 342"[39m
    [33mclass[39m=[32m"MuiButtonBase-root MuiIconButton-root MuiIconButton-colorError MuiIconButton-sizeMedium css-1iatk21-MuiButtonBase-root-MuiIconButton-root"[39m
    [33mtabindex[39m=[32m"0"[39m
    [33mtype[39m=[32m"button"[39m
  [36m/>[39m

  Name "Remove change item 343":
  [36m<button[39m
    [33maria-label[39m=[32m"Remove change item 343"[39m
    [33mclass[39m=[32m"MuiButtonBase-root MuiIconButton-root MuiIconButton-colorError MuiIconButton-sizeMedium css-1iatk21-MuiButtonBase-root-MuiIconButton-root"[39m
    [33mtabindex[39m=[32m"0"[39m
    [33mtype[39m=[32m"button"[39m
  [36m/>[39m

  Name "Remove change item 344":
  [36m<button[39m
    [33maria-label[39m=[32m"Remove change item 344"[39m
    [33mclass[39m=[32m"MuiButtonBase-root MuiIconButton-root MuiIconButton-colorError MuiIconButton-sizeMedium css-1iatk21-MuiButtonBase-root-MuiIconButton-root"[39m
    [33mtabindex[39m=[32m"0"[39m
    [33mtype[39m=[32m"button"[39m
  [36m/>[39m

  Name "Remove change item 345":
  [36m<button[39m
    [33maria-label[39m=[32m"Remove change item 345"[39m
    [33mclass[39m=[32m"MuiButtonBase-root MuiIconButton-root MuiIconButton-colorError MuiIconButton-sizeMedium css-1iatk21-MuiButtonBase-root-MuiIconButton-root"[39m
    [33mtabindex[39m=[32m"0"[39m
    [33mtype[39m=[32m"button"[39m
  [36m/>[39m

  Name "Remove change item 346":
  [36m<button[39m
    [33maria-label[39m=[32m"Remove change item 346"[39m
    [33mclass[39m=[32m"MuiButtonBase-root MuiIconButton-root MuiIconButton-colorError MuiIconButton-sizeMedium css-1iatk21-MuiButtonBase-root-MuiIconButton-root"[39m
    [33mtabindex[39m=[32m"0"[39m
    [33mtype[39m=[32m"button"[39m
  [36m/>[39m

  Name "Remove change item 347":
  [36m<button[39m
    [33maria-label[39m=[32m"Remove change item 347"[39m
    [33mclass[39m=[32m"MuiButtonBase-root MuiIconButton-root MuiIconButton-colorError MuiIconButton-sizeMedium css-1iatk21-MuiButtonBase-root-MuiIconButton-root"[39m
    [33mtabindex[39m=[32m"0"[39m
    [33mtype[39m=[32m"button"[39m
  [36m/>[39m

  Name "Remove change item 348":
  [36m<button[39m
    [33maria-label[39m=[32m"Remove change item 348"[39m
    [33mclass[39m=[32m"MuiButtonBase-root MuiIconButton-root MuiIconButton-colorError MuiIconButton-sizeMedium css-1iatk21-MuiButtonBase-root-MuiIconButton-root"[39m
    [33mtabindex[39m=[32m"0"[39m
    [33mtype[39m=[32m"button"[39m
  [36m/>[39m

  Name "Remove change item 349":
  [36m<button[39m
    [33maria-label[39m=[32m"Remove change item 349"[39m
    [33mclass[39m=[32m"MuiButtonBase-root MuiIconButton-root MuiIconButton-colorError MuiIconButton-sizeMedium css-1iatk21-MuiButtonBase-root-MuiIconButton-root"[39m
    [33mtabindex[39m=[32m"0"[39m
    [33mtype[39m=[32m"button"[39m
  [36m/>[39m

  Name "Remove change item 350":
  [36m<button[39m
    [33maria-label[39m=[32m"Remove change item 350"[39m
    [33mclass[39m=[32m"MuiButtonBase-root MuiIconButton-root MuiIconButton-colorError MuiIconButton-sizeMedium css-1iatk21-MuiButtonBase-root-MuiIconButton-root"[39m
    [33mtabindex[39m=[32m"0"[39m
    [33mtype[39m=[32m"button"[39m
  [36m/>[39m

  Name "Remove change item 351":
  [36m<button[39m
    [33maria-label[39m=[32m"Remove change item 351"[39m
    [33mclass[39m=[32m"MuiButtonBase-root MuiIconButton-root MuiIconButton-colorError MuiIconButton-sizeMedium css-1iatk21-MuiButtonBase-root-MuiIconButton-root"[39m
    [33mtabindex[39m=[32m"0"[39m
    [33mtype[39m=[32m"button"[39m
  [36m/>[39m

  Name "Remove change item 352":
  [36m<button[39m
    [33maria-label[39m=[32m"Remove change item 352"[39m
    [33mclass[39m=[32m"MuiButtonBase-root MuiIconButton-root MuiIconButton-colorError MuiIconButton-sizeMedium css-1iatk21-MuiButtonBase-root-MuiIconButton-root"[39m
    [33mtabindex[39m=[32m"0"[39m
    [33mtype[39m=[32m"button"[39m
  [36m/>[39m

  Name "Remove change item 353":
  [36m<button[39m
    [33maria-label[39m=[32m"Remove change item 353"[39m
    [33mclass[39m=[32m"MuiButtonBase-root MuiIconButton-root MuiIconButton-colorError MuiIconButton-sizeMedium css-1iatk21-MuiButtonBase-root-MuiIconButton-root"[39m
    [33mtabindex[39m=[32m"0"[39m
    [33mtype[39m=[32m"button"[39m
  [36m/>[39m

  Name "Remove change item 354":
  [36m<button[39m
    [33maria-label[39m=[32m"Remove change item 354"[39m
    [33mclass[39m=[32m"MuiButtonBase-root MuiIconButton-root MuiIconButton-colorError MuiIconButton-sizeMedium css-1iatk21-MuiButtonBase-root-MuiIconButton-root"[39m
    [33mtabindex[39m=[32m"0"[39m
    [33mtype[39m=[32m"button"[39m
  [36m/>[39m

  Name "Remove change item 355":
  [36m<button[39m
    [33maria-label[39m=[32m"Remove change item 355"[39m
    [33mclass[39m=[32m"MuiButtonBase-root MuiIconButton-root MuiIconButton-colorError MuiIconButton-sizeMedium css-1iatk21-MuiButtonBase-root-MuiIconButton-root"[39m
    [33mtabindex[39m=[32m"0"[39m
    [33mtype[39m=[32m"button"[39m
  [36m/>[39m

  Name "Remove change item 356":
  [36m<button[39m
    [33maria-label[39m=[32m"Remove change item 356"[39m
    [33mclass[39m=[32m"MuiButtonBase-root MuiIconButton-root MuiIconButton-colorError MuiIconButton-sizeMedium css-1iatk21-MuiButtonBase-root-MuiIconButton-root"[39m
    [33mtabindex[39m=[32m"0"[39m
    [33mtype[39m=[32m"button"[39m
  [36m/>[39m

  Name "Remove change item 357":
  [36m<button[39m
    [33maria-label[39m=[32m"Remove change item 357"[39m
    [33mclass[39m=[32m"MuiButtonBase-root MuiIconButton-root MuiIconButton-colorError MuiIconButton-sizeMedium css-1iatk21-MuiButtonBase-root-MuiIconButton-root"[39m
    [33mtabindex[39m=[32m"0"[39m
    [33mtype[39m=[32m"button"[39m
  [36m/>[39m

  Name "Remove change item 358":
  [36m<button[39m
    [33maria-label[39m=[32m"Remove change item 358"[39m
    [33mclass[39m=[32m"MuiButtonBase-root MuiIconButton-root MuiIconButton-colorError MuiIconButton-sizeMedium css-1iatk21-MuiButtonBase-root-MuiIconButton-root"[39m
    [33mtabindex[39m=[32m"0"[39m
    [33mtype[39m=[32m"button"[39m
  [36m/>[39m

  Name "Remove change item 359":
  [36m<button[39m
    [33maria-label[39m=[32m"Remove change item 359"[39m
    [33mclass[39m=[32m"MuiButtonBase-root MuiIconButton-root MuiIconButton-colorError MuiIconButton-sizeMedium css-1iatk21-MuiButtonBase-root-MuiIconButton-root"[39m
    [33mtabindex[39m=[32m"0"[39m
    [33mtype[39m=[32m"button"[39m
  [36m/>[39m

  Name "Remove change item 360":
  [36m<button[39m
    [33maria-label[39m=[32m"Remove change item 360"[39m
    [33mclass[39m=[32m"MuiButtonBase-root MuiIconButton-root MuiIconButton-colorError MuiIconButton-sizeMedium css-1iatk21-MuiButtonBase-root-MuiIconButton-root"[39m
    [33mtabindex[39m=[32m"0"[39m
    [33mtype[39m=[32m"button"[39m
  [36m/>[39m

  Name "Remove change item 361":
  [36m<button[39m
    [33maria-label[39m=[32m"Remove change item 361"[39m
    [33mclass[39m=[32m"MuiButtonBase-root MuiIconButton-root MuiIconButton-colorError MuiIconButton-sizeMedium css-1iatk21-MuiButtonBase-root-MuiIconButton-root"[39m
    [33mtabindex[39m=[32m"0"[39m
    [33mtype[39m=[32m"button"[39m
  [36m/>[39m

  Name "Remove change item 362":
  [36m<button[39m
    [33maria-label[39m=[32m"Remove change item 362"[39m
    [33mclass[39m=[32m"MuiButtonBase-root MuiIconButton-root MuiIconButton-colorError MuiIconButton-sizeMedium css-1iatk21-MuiButtonBase-root-MuiIconButton-root"[39m
    [33mtabindex[39m=[32m"0"[39m
    [33mtype[39m=[32m"button"[39m
  [36m/>[39m

  Name "Remove change item 363":
  [36m<button[39m
    [33maria-label[39m=[32m"Remove change item 363"[39m
    [33mclass[39m=[32m"MuiButtonBase-root MuiIconButton-root MuiIconButton-colorError MuiIconButton-sizeMedium css-1iatk21-MuiButtonBase-root-MuiIconButton-root"[39m
    [33mtabindex[39m=[32m"0"[39m
    [33mtype[39m=[32m"button"[39m
  [36m/>[39m

  Name "Remove change item 364":
  [36m<button[39m
    [33maria-label[39m=[32m"Remove change item 364"[39m
    [33mclass[39m=[32m"MuiButtonBase-root MuiIconButton-root MuiIconButton-colorError MuiIconButton-sizeMedium css-1iatk21-MuiButtonBase-root-MuiIconButton-root"[39m
    [33mtabindex[39m=[32m"0"[39m
    [33mtype[39m=[32m"button"[39m
  [36m/>[39m

  Name "Remove change item 365":
  [36m<button[39m
    [33maria-label[39m=[32m"Remove change item 365"[39m
    [33mclass[39m=[32m"MuiButtonBase-root MuiIconButton-root MuiIconButton-colorError MuiIconButton-sizeMedium css-1iatk21-MuiButtonBase-root-MuiIconButton-root"[39m
    [33mtabindex[39m=[32m"0"[39m
    [33mtype[39m=[32m"button"[39m
  [36m/>[39m

  Name "Remove change item 366":
  [36m<button[39m
    [33maria-label[39m=[32m"Remove change item 366"[39m
    [33mclass[39m=[32m"MuiButtonBase-root MuiIconButton-root MuiIconButton-colorError MuiIconButton-sizeMedium css-1iatk21-MuiButtonBase-root-MuiIconButton-root"[39m
    [33mtabindex[39m=[32m"0"[39m
    [33mtype[39m=[32m"button"[39m
  [36m/>[39m

  Name "Remove change item 367":
  [36m<button[39m
    [33maria-label[39m=[32m"Remove change item 367"[39m
    [33mclass[39m=[32m"MuiButtonBase-root MuiIconButton-root MuiIconButton-colorError MuiIconButton-sizeMedium css-1iatk21-MuiButtonBase-root-MuiIconButton-root"[39m
    [33mtabindex[39m=[32m"0"[39m
    [33mtype[39m=[32m"button"[39m
  [36m/>[39m

  Name "Remove change item 368":
  [36m<button[39m
    [33maria-label[39m=[32m"Remove change item 368"[39m
    [33mclass[39m=[32m"MuiButtonBase-root MuiIconButton-root MuiIconButton-colorError MuiIconButton-sizeMedium css-1iatk21-MuiButtonBase-root-MuiIconButton-root"[39m
    [33mtabindex[39m=[32m"0"[39m
    [33mtype[39m=[32m"button"[39m
  [36m/>[39m

  Name "Remove change item 369":
  [36m<button[39m
    [33maria-label[39m=[32m"Remove change item 369"[39m
    [33mclass[39m=[32m"MuiButtonBase-root MuiIconButton-root MuiIconButton-colorError MuiIconButton-sizeMedium css-1iatk21-MuiButtonBase-root-MuiIconButton-root"[39m
    [33mtabindex[39m=[32m"0"[39m
    [33mtype[39m=[32m"button"[39m
  [36m/>[39m

  Name "Remove change item 370":
  [36m<button[39m
    [33maria-label[39m=[32m"Remove change item 370"[39m
    [33mclass[39m=[32m"MuiButtonBase-root MuiIconButton-root MuiIconButton-colorError MuiIconButton-sizeMedium css-1iatk21-MuiButtonBase-root-MuiIconButton-root"[39m
    [33mtabindex[39m=[32m"0"[39m
    [33mtype[39m=[32m"button"[39m
  [36m/>[39m

  Name "Remove change item 371":
  [36m<button[39m
    [33maria-label[39m=[32m"Remove change item 371"[39m
    [33mclass[39m=[32m"MuiButtonBase-root MuiIconButton-root MuiIconButton-colorError MuiIconButton-sizeMedium css-1iatk21-MuiButtonBase-root-MuiIconButton-root"[39m
    [33mtabindex[39m=[32m"0"[39m
    [33mtype[39m=[32m"button"[39m
  [36m/>[39m

  Name "Remove change item 372":
  [36m<button[39m
    [33maria-label[39m=[32m"Remove change item 372"[39m
    [33mclass[39m=[32m"MuiButtonBase-root MuiIconButton-root MuiIconButton-colorError MuiIconButton-sizeMedium css-1iatk21-MuiButtonBase-root-MuiIconButton-root"[39m
    [33mtabindex[39m=[32m"0"[39m
    [33mtype[39m=[32m"button"[39m
  [36m/>[39m

  Name "Remove change item 373":
  [36m<button[39m
    [33maria-label[39m=[32m"Remove change item 373"[39m
    [33mclass[39m=[32m"MuiButtonBase-root MuiIconButton-root MuiIconButton-colorError MuiIconButton-sizeMedium css-1iatk21-MuiButtonBase-root-MuiIconButton-root"[39m
    [33mtabindex[39m=[32m"0"[39m
    [33mtype[39m=[32m"button"[39m
  [36m/>[39m

  Name "Remove change item 374":
  [36m<button[39m
    [33maria-label[39m=[32m"Remove change item 374"[39m
    [33mclass[39m=[32m"MuiButtonBase-root MuiIconButton-root MuiIconButton-colorError MuiIconButton-sizeMedium css-1iatk21-MuiButtonBase-root-MuiIconButton-root"[39m
    [33mtabindex[39m=[32m"0"[39m
    [33mtype[39m=[32m"button"[39m
  [36m/>[39m

  Name "Remove change item 375":
  [36m<button[39m
    [33maria-label[39m=[32m"Remove change item 375"[39m
    [33mclass[39m=[32m"MuiButtonBase-root MuiIconButton-root MuiIconButton-colorError MuiIconButton-sizeMedium css-1iatk21-MuiButtonBase-root-MuiIconButton-root"[39m
    [33mtabindex[39m=[32m"0"[39m
    [33mtype[39m=[32m"button"[39m
  [36m/>[39m

  Name "Remove change item 376":
  [36m<button[39m
    [33maria-label[39m=[32m"Remove change item 376"[39m
    [33mclass[39m=[32m"MuiButtonBase-root MuiIconButton-root MuiIconButton-colorError MuiIconButton-sizeMedium css-1iatk21-MuiButtonBase-root-MuiIconButton-root"[39m
    [33mtabindex[39m=[32m"0"[39m
    [33mtype[39m=[32m"button"[39m
  [36m/>[39m

  Name "Remove change item 377":
  [36m<button[39m
    [33maria-label[39m=[32m"Remove change item 377"[39m
    [33mclass[39m=[32m"MuiButtonBase-root MuiIconButton-root MuiIconButton-colorError MuiIconButton-sizeMedium css-1iatk21-MuiButtonBase-root-MuiIconButton-root"[39m
    [33mtabindex[39m=[32m"0"[39m
    [33mtype[39m=[32m"button"[39m
  [36m/>[39m

  Name "Remove change item 378":
  [36m<button[39m
    [33maria-label[39m=[32m"Remove change item 378"[39m
    [33mclass[39m=[32m"MuiButtonBase-root MuiIconButton-root MuiIconButton-colorError MuiIconButton-sizeMedium css-1iatk21-MuiButtonBase-root-MuiIconButton-root"[39m
    [33mtabindex[39m=[32m"0"[39m
    [33mtype[39m=[32m"button"[39m
  [36m/>[39m

  Name "Remove change item 379":
  [36m<button[39m
    [33maria-label[39m=[32m"Remove change item 379"[39m
    [33mclass[39m=[32m"MuiButtonBase-root MuiIconButton-root MuiIconButton-colorError MuiIconButton-sizeMedium css-1iatk21-MuiButtonBase-root-MuiIconButton-root"[39m
    [33mtabindex[39m=[32m"0"[39m
    [33mtype[39m=[32m"button"[39m
  [36m/>[39m

  Name "Remove change item 380":
  [36m<button[39m
    [33maria-label[39m=[32m"Remove change item 380"[39m
    [33mclass[39m=[32m"MuiButtonBase-root MuiIconButton-root MuiIconButton-colorError MuiIconButton-sizeMedium css-1iatk21-MuiButtonBase-root-MuiIconButton-root"[39m
    [33mtabindex[39m=[32m"0"[39m
    [33mtype[39m=[32m"button"[39m
  [36m/>[39m

  Name "Remove change item 381":
  [36m<button[39m
    [33maria-label[39m=[32m"Remove change item 381"[39m
    [33mclass[39m=[32m"MuiButtonBase-root MuiIconButton-root MuiIconButton-colorError MuiIconButton-sizeMedium css-1iatk21-MuiButtonBase-root-MuiIconButton-root"[39m
    [33mtabindex[39m=[32m"0"[39m
    [33mtype[39m=[32m"button"[39m
  [36m/>[39m

  Name "Remove change item 382":
  [36m<button[39m
    [33maria-label[39m=[32m"Remove change item 382"[39m
    [33mclass[39m=[32m"MuiButtonBase-root MuiIconButton-root MuiIconButton-colorError MuiIconButton-sizeMedium css-1iatk21-MuiButtonBase-root-MuiIconButton-root"[39m
    [33mtabindex[39m=[32m"0"[39m
    [33mtype[39m=[32m"button"[39m
  [36m/>[39m

  Name "Remove change item 383":
  [36m<button[39m
    [33maria-label[39m=[32m"Remove change item 383"[39m
    [33mclass[39m=[32m"MuiButtonBase-root MuiIconButton-root MuiIconButton-colorError MuiIconButton-sizeMedium css-1iatk21-MuiButtonBase-root-MuiIconButton-root"[39m
    [33mtabindex[39m=[32m"0"[39m
    [33mtype[39m=[32m"button"[39m
  [36m/>[39m

  Name "Remove change item 384":
  [36m<button[39m
    [33maria-label[39m=[32m"Remove change item 384"[39m
    [33mclass[39m=[32m"MuiButtonBase-root MuiIconButton-root MuiIconButton-colorError MuiIconButton-sizeMedium css-1iatk21-MuiButtonBase-root-MuiIconButton-root"[39m
    [33mtabindex[39m=[32m"0"[39m
    [33mtype[39m=[32m"button"[39m
  [36m/>[39m

  Name "Remove change item 385":
  [36m<button[39m
    [33maria-label[39m=[32m"Remove change item 385"[39m
    [33mclass[39m=[32m"MuiButtonBase-root MuiIconButton-root MuiIconButton-colorError MuiIconButton-sizeMedium css-1iatk21-MuiButtonBase-root-MuiIconButton-root"[39m
    [33mtabindex[39m=[32m"0"[39m
    [33mtype[39m=[32m"button"[39m
  [36m/>[39m

  Name "Remove change item 386":
  [36m<button[39m
    [33maria-label[39m=[32m"Remove change item 386"[39m
    [33mclass[39m=[32m"MuiButtonBase-root MuiIconButton-root MuiIconButton-colorError MuiIconButton-sizeMedium css-1iatk21-MuiButtonBase-root-MuiIconButton-root"[39m
    [33mtabindex[39m=[32m"0"[39m
    [33mtype[39m=[32m"button"[39m
  [36m/>[39m

  Name "Remove change item 387":
  [36m<button[39m
    [33maria-label[39m=[32m"Remove change item 387"[39m
    [33mclass[39m=[32m"MuiButtonBase-root MuiIconButton-root MuiIconButton-colorError MuiIconButton-sizeMedium css-1iatk21-MuiButtonBase-root-MuiIconButton-root"[39m
    [33mtabindex[39m=[32m"0"[39m
    [33mtype[39m=[32m"button"[39m
  [36m/>[39m

  Name "Remove change item 388":
  [36m<button[39m
    [33maria-label[39m=[32m"Remove change item 388"[39m
    [33mclass[39m=[32m"MuiButtonBase-root MuiIconButton-root MuiIconButton-colorError MuiIconButton-sizeMedium css-1iatk21-MuiButtonBase-root-MuiIconButton-root"[39m
    [33mtabindex[39m=[32m"0"[39m
    [33mtype[39m=[32m"button"[39m
  [36m/>[39m

  Name "Remove change item 389":
  [36m<button[39m
    [33maria-label[39m=[32m"Remove change item 389"[39m
    [33mclass[39m=[32m"MuiButtonBase-root MuiIconButton-root MuiIconButton-colorError MuiIconButton-sizeMedium css-1iatk21-MuiButtonBase-root-MuiIconButton-root"[39m
    [33mtabindex[39m=[32m"0"[39m
    [33mtype[39m=[32m"button"[39m
  [36m/>[39m

  Name "Remove change item 390":
  [36m<button[39m
    [33maria-label[39m=[32m"Remove change item 390"[39m
    [33mclass[39m=[32m"MuiButtonBase-root MuiIconButton-root MuiIconButton-colorError MuiIconButton-sizeMedium css-1iatk21-MuiButtonBase-root-MuiIconButton-root"[39m
    [33mtabindex[39m=[32m"0"[39m
    [33mtype[39m=[32m"button"[39m
  [36m/>[39m

  Name "Remove change item 391":
  [36m<button[39m
    [33maria-label[39m=[32m"Remove change item 391"[39m
    [33mclass[39m=[32m"MuiButtonBase-root MuiIconButton-root MuiIconButton-colorError MuiIconButton-sizeMedium css-1iatk21-MuiButtonBase-root-MuiIconButton-root"[39m
    [33mtabindex[39m=[32m"0"[39m
    [33mtype[39m=[32m"button"[39m
  [36m/>[39m

  Name "Remove change item 392":
  [36m<button[39m
    [33maria-label[39m=[32m"Remove change item 392"[39m
    [33mclass[39m=[32m"MuiButtonBase-root MuiIconButton-root MuiIconButton-colorError MuiIconButton-sizeMedium css-1iatk21-MuiButtonBase-root-MuiIconButton-root"[39m
    [33mtabindex[39m=[32m"0"[39m
    [33mtype[39m=[32m"button"[39m
  [36m/>[39m

  Name "Remove change item 393":
  [36m<button[39m
    [33maria-label[39m=[32m"Remove change item 393"[39m
    [33mclass[39m=[32m"MuiButtonBase-root MuiIconButton-root MuiIconButton-colorError MuiIconButton-sizeMedium css-1iatk21-MuiButtonBase-root-MuiIconButton-root"[39m
    [33mtabindex[39m=[32m"0"[39m
    [33mtype[39m=[32m"button"[39m
  [36m/>[39m

  Name "Remove change item 394":
  [36m<button[39m
    [33maria-label[39m=[32m"Remove change item 394"[39m
    [33mclass[39m=[32m"MuiButtonBase-root MuiIconButton-root MuiIconButton-colorError MuiIconButton-sizeMedium css-1iatk21-MuiButtonBase-root-MuiIconButton-root"[39m
    [33mtabindex[39m=[32m"0"[39m
    [33mtype[39m=[32m"button"[39m
  [36m/>[39m

  Name "Remove change item 395":
  [36m<button[39m
    [33maria-label[39m=[32m"Remove change item 395"[39m
    [33mclass[39m=[32m"MuiButtonBase-root MuiIconButton-root MuiIconButton-colorError MuiIconButton-sizeMedium css-1iatk21-MuiButtonBase-root-MuiIconButton-root"[39m
    [33mtabindex[39m=[32m"0"[39m
    [33mtype[39m=[32m"button"[39m
  [36m/>[39m

  Name "Remove change item 396":
  [36m<button[39m
    [33maria-label[39m=[32m"Remove change item 396"[39m
    [33mclass[39m=[32m"MuiButtonBase-root MuiIconButton-root MuiIconButton-colorError MuiIconButton-sizeMedium css-1iatk21-MuiButtonBase-root-MuiIconButton-root"[39m
    [33mtabindex[39m=[32m"0"[39m
    [33mtype[39m=[32m"button"[39m
  [36m/>[39m

  Name "Remove change item 397":
  [36m<button[39m
    [33maria-label[39m=[32m"Remove change item 397"[39m
    [33mclass[39m=[32m"MuiButtonBase-root MuiIconButton-root MuiIconButton-colorError MuiIconButton-sizeMedium css-1iatk21-MuiButtonBase-root-MuiIconButton-root"[39m
    [33mtabindex[39m=[32m"0"[39m
    [33mtype[39m=[32m"button"[39m
  [36m/>[39m

  Name "Remove change item 398":
  [36m<button[39m
    [33maria-label[39m=[32m"Remove change item 398"[39m
    [33mclass[39m=[32m"MuiButtonBase-root MuiIconButton-root MuiIconButton-colorError MuiIconButton-sizeMedium css-1iatk21-MuiButtonBase-root-MuiIconButton-root"[39m
    [33mtabindex[39m=[32m"0"[39m
    [33mtype[39m=[32m"button"[39m
  [36m/>[39m

  Name "Remove change item 399":
  [36m<button[39m
    [33maria-label[39m=[32m"Remove change item 399"[39m
    [33mclass[39m=[32m"MuiButtonBase-root MuiIconButton-root MuiIconButton-colorError MuiIconButton-sizeMedium css-1iatk21-MuiButtonBase-root-MuiIconButton-root"[39m
    [33mtabindex[39m=[32m"0"[39m
    [33mtype[39m=[32m"button"[39m
  [36m/>[39m

  Name "Remove change item 400":
  [36m<button[39m
    [33maria-label[39m=[32m"Remove change item 400"[39m
    [33mclass[39m=[32m"MuiButtonBase-root MuiIconButton-root MuiIconButton-colorError MuiIconButton-sizeMedium css-1iatk21-MuiButtonBase-root-MuiIconButton-root"[39m
    [33mtabindex[39m=[32m"0"[39m
    [33mtype[39m=[32m"button"[39m
  [36m/>[39m

  Name "Remove change item 401":
  [36m<button[39m
    [33maria-label[39m=[32m"Remove change item 401"[39m
    [33mclass[39m=[32m"MuiButtonBase-root MuiIconButton-root MuiIconButton-colorError MuiIconButton-sizeMedium css-1iatk21-MuiButtonBase-root-MuiIconButton-root"[39m
    [33mtabindex[39m=[32m"0"[39m
    [33mtype[39m=[32m"button"[39m
  [36m/>[39m

  Name "Remove change item 402":
  [36m<button[39m
    [33maria-label[39m=[32m"Remove change item 402"[39m
    [33mclass[39m=[32m"MuiButtonBase-root MuiIconButton-root MuiIconButton-colorError MuiIconButton-sizeMedium css-1iatk21-MuiButtonBase-root-MuiIconButton-root"[39m
    [33mtabindex[39m=[32m"0"[39m
    [33mtype[39m=[32m"button"[39m
  [36m/>[39m

  Name "Remove change item 403":
  [36m<button[39m
    [33maria-label[39m=[32m"Remove change item 403"[39m
    [33mclass[39m=[32m"MuiButtonBase-root MuiIconButton-root MuiIconButton-colorError MuiIconButton-sizeMedium css-1iatk21-MuiButtonBase-root-MuiIconButton-root"[39m
    [33mtabindex[39m=[32m"0"[39m
    [33mtype[39m=[32m"button"[39m
  [36m/>[39m

  Name "Remove change item 404":
  [36m<button[39m
    [33maria-label[39m=[32m"Remove change item 404"[39m
    [33mclass[39m=[32m"MuiButtonBase-root MuiIconButton-root MuiIconButton-colorError MuiIconButton-sizeMedium css-1iatk21-MuiButtonBase-root-MuiIconButton-root"[39m
    [33mtabindex[39m=[32m"0"[39m
    [33mtype[39m=[32m"button"[39m
  [36m/>[39m

  Name "Remove change item 405":
  [36m<button[39m
    [33maria-label[39m=[32m"Remove change item 405"[39m
    [33mclass[39m=[32m"MuiButtonBase-root MuiIconButton-root MuiIconButton-colorError MuiIconButton-sizeMedium css-1iatk21-MuiButtonBase-root-MuiIconButton-root"[39m
    [33mtabindex[39m=[32m"0"[39m
    [33mtype[39m=[32m"button"[39m
  [36m/>[39m

  Name "Remove change item 406":
  [36m<button[39m
    [33maria-label[39m=[32m"Remove change item 406"[39m
    [33mclass[39m=[32m"MuiButtonBase-root MuiIconButton-root MuiIconButton-colorError MuiIconButton-sizeMedium css-1iatk21-MuiButtonBase-root-MuiIconButton-root"[39m
    [33mtabindex[39m=[32m"0"[39m
    [33mtype[39m=[32m"button"[39m
  [36m/>[39m

  Name "Remove change item 407":
  [36m<button[39m
    [33maria-label[39m=[32m"Remove change item 407"[39m
    [33mclass[39m=[32m"MuiButtonBase-root MuiIconButton-root MuiIconButton-colorError MuiIconButton-sizeMedium css-1iatk21-MuiButtonBase-root-MuiIconButton-root"[39m
    [33mtabindex[39m=[32m"0"[39m
    [33mtype[39m=[32m"button"[39m
  [36m/>[39m

  Name "Remove change item 408":
  [36m<button[39m
    [33maria-label[39m=[32m"Remove change item 408"[39m
    [33mclass[39m=[32m"MuiButtonBase-root MuiIconButton-root MuiIconButton-colorError MuiIconButton-sizeMedium css-1iatk21-MuiButtonBase-root-MuiIconButton-root"[39m
    [33mtabindex[39m=[32m"0"[39m
    [33mtype[39m=[32m"button"[39m
  [36m/>[39m

  Name "Remove change item 409":
  [36m<button[39m
    [33maria-label[39m=[32m"Remove change item 409"[39m
    [33mclass[39m=[32m"MuiButtonBase-root MuiIconButton-root MuiIconButton-colorError MuiIconButton-sizeMedium css-1iatk21-MuiButtonBase-root-MuiIconButton-root"[39m
    [33mtabindex[39m=[32m"0"[39m
    [33mtype[39m=[32m"button"[39m
  [36m/>[39m

  Name "Remove change item 410":
  [36m<button[39m
    [33maria-label[39m=[32m"Remove change item 410"[39m
    [33mclass[39m=[32m"MuiButtonBase-root MuiIconButton-root MuiIconButton-colorError MuiIconButton-sizeMedium css-1iatk21-MuiButtonBase-root-MuiIconButton-root"[39m
    [33mtabindex[39m=[32m"0"[39m
    [33mtype[39m=[32m"button"[39m
  [36m/>[39m

  Name "Remove change item 411":
  [36m<button[39m
    [33maria-label[39m=[32m"Remove change item 411"[39m
    [33mclass[39m=[32m"MuiButtonBase-root MuiIconButton-root MuiIconButton-colorError MuiIconButton-sizeMedium css-1iatk21-MuiButtonBase-root-MuiIconButton-root"[39m
    [33mtabindex[39m=[32m"0"[39m
    [33mtype[39m=[32m"button"[39m
  [36m/>[39m

  Name "Remove change item 412":
  [36m<button[39m
    [33maria-label[39m=[32m"Remove change item 412"[39m
    [33mclass[39m=[32m"MuiButtonBase-root MuiIconButton-root MuiIconButton-colorError MuiIconButton-sizeMedium css-1iatk21-MuiButtonBase-root-MuiIconButton-root"[39m
    [33mtabindex[39m=[32m"0"[39m
    [33mtype[39m=[32m"button"[39m
  [36m/>[39m

  Name "Remove change item 413":
  [36m<button[39m
    [33maria-label[39m=[32m"Remove change item 413"[39m
    [33mclass[39m=[32m"MuiButtonBase-root MuiIconButton-root MuiIconButton-colorError MuiIconButton-sizeMedium css-1iatk21-MuiButtonBase-root-MuiIconButton-root"[39m
    [33mtabindex[39m=[32m"0"[39m
    [33mtype[39m=[32m"button"[39m
  [36m/>[39m

  Name "Remove change item 414":
  [36m<button[39m
    [33maria-label[39m=[32m"Remove change item 414"[39m
    [33mclass[39m=[32m"MuiButtonBase-root MuiIconButton-root MuiIconButton-colorError MuiIconButton-sizeMedium css-1iatk21-MuiButtonBase-root-MuiIconButton-root"[39m
    [33mtabindex[39m=[32m"0"[39m
    [33mtype[39m=[32m"button"[39m
  [36m/>[39m

  Name "Remove change item 415":
  [36m<button[39m
    [33maria-label[39m=[32m"Remove change item 415"[39m
    [33mclass[39m=[32m"MuiButtonBase-root MuiIconButton-root MuiIconButton-colorError MuiIconButton-sizeMedium css-1iatk21-MuiButtonBase-root-MuiIconButton-root"[39m
    [33mtabindex[39m=[32m"0"[39m
    [33mtype[39m=[32m"button"[39m
  [36m/>[39m

  Name "Remove change item 416":
  [36m<button[39m
    [33maria-label[39m=[32m"Remove change item 416"[39m
    [33mclass[39m=[32m"MuiButtonBase-root MuiIconButton-root MuiIconButton-colorError MuiIconButton-sizeMedium css-1iatk21-MuiButtonBase-root-MuiIconButton-root"[39m
    [33mtabindex[39m=[32m"0"[39m
    [33mtype[39m=[32m"button"[39m
  [36m/>[39m

  Name "Remove change item 417":
  [36m<button[39m
    [33maria-label[39m=[32m"Remove change item 417"[39m
    [33mclass[39m=[32m"MuiButtonBase-root MuiIconButton-root MuiIconButton-colorError MuiIconButton-sizeMedium css-1iatk21-MuiButtonBase-root-MuiIconButton-root"[39m
    [33mtabindex[39m=[32m"0"[39m
    [33mtype[39m=[32m"button"[39m
  [36m/>[39m

  Name "Remove change item 418":
  [36m<button[39m
    [33maria-label[39m=[32m"Remove change item 418"[39m
    [33mclass[39m=[32m"MuiButtonBase-root MuiIconButton-root MuiIconButton-colorError MuiIconButton-sizeMedium css-1iatk21-MuiButtonBase-root-MuiIconButton-root"[39m
    [33mtabindex[39m=[32m"0"[39m
    [33mtype[39m=[32m"button"[39m
  [36m/>[39m

  Name "Remove change item 419":
  [36m<button[39m
    [33maria-label[39m=[32m"Remove change item 419"[39m
    [33mclass[39m=[32m"MuiButtonBase-root MuiIconButton-root MuiIconButton-colorError MuiIconButton-sizeMedium css-1iatk21-MuiButtonBase-root-MuiIconButton-root"[39m
    [33mtabindex[39m=[32m"0"[39m
    [33mtype[39m=[32m"button"[39m
  [36m/>[39m

  Name "Remove change item 420":
  [36m<button[39m
    [33maria-label[39m=[32m"Remove change item 420"[39m
    [33mclass[39m=[32m"MuiButtonBase-root MuiIconButton-root MuiIconButton-colorError MuiIconButton-sizeMedium css-1iatk21-MuiButtonBase-root-MuiIconButton-root"[39m
    [33mtabindex[39m=[32m"0"[39m
    [33mtype[39m=[32m"button"[39m
  [36m/>[39m

  Name "Remove change item 421":
  [36m<button[39m
    [33maria-label[39m=[32m"Remove change item 421"[39m
    [33mclass[39m=[32m"MuiButtonBase-root MuiIconButton-root MuiIconButton-colorError MuiIconButton-sizeMedium css-1iatk21-MuiButtonBase-root-MuiIconButton-root"[39m
    [33mtabindex[39m=[32m"0"[39m
    [33mtype[39m=[32m"button"[39m
  [36m/>[39m

  Name "Remove change item 422":
  [36m<button[39m
    [33maria-label[39m=[32m"Remove change item 422"[39m
    [33mclass[39m=[32m"MuiButtonBase-root MuiIconButton-root MuiIconButton-colorError MuiIconButton-sizeMedium css-1iatk21-MuiButtonBase-root-MuiIconButton-root"[39m
    [33mtabindex[39m=[32m"0"[39m
    [33mtype[39m=[32m"button"[39m
  [36m/>[39m

  Name "Remove change item 423":
  [36m<button[39m
    [33maria-label[39m=[32m"Remove change item 423"[39m
    [33mclass[39m=[32m"MuiButtonBase-root MuiIconButton-root MuiIconButton-colorError MuiIconButton-sizeMedium css-1iatk21-MuiButtonBase-root-MuiIconButton-root"[39m
    [33mtabindex[39m=[32m"0"[39m
    [33mtype[39m=[32m"button"[39m
  [36m/>[39m

  Name "Remove change item 424":
  [36m<button[39m
    [33maria-label[39m=[32m"Remove change item 424"[39m
    [33mclass[39m=[32m"MuiButtonBase-root MuiIconButton-root MuiIconButton-colorError MuiIconButton-sizeMedium css-1iatk21-MuiButtonBase-root-MuiIconButton-root"[39m
    [33mtabindex[39m=[32m"0"[39m
    [33mtype[39m=[32m"button"[39m
  [36m/>[39m

  Name "Remove change item 425":
  [36m<button[39m
    [33maria-label[39m=[32m"Remove change item 425"[39m
    [33mclass[39m=[32m"MuiButtonBase-root MuiIconButton-root MuiIconButton-colorError MuiIconButton-sizeMedium css-1iatk21-MuiButtonBase-root-MuiIconButton-root"[39m
    [33mtabindex[39m=[32m"0"[39m
    [33mtype[39m=[32m"button"[39m
  [36m/>[39m

  Name "Remove change item 426":
  [36m<button[39m
    [33maria-label[39m=[32m"Remove change item 426"[39m
    [33mclass[39m=[32m"MuiButtonBase-root MuiIconButton-root MuiIconButton-colorError MuiIconButton-sizeMedium css-1iatk21-MuiButtonBase-root-MuiIconButton-root"[39m
    [33mtabindex[39m=[32m"0"[39m
    [33mtype[39m=[32m"button"[39m
  [36m/>[39m

  Name "Remove change item 427":
  [36m<button[39m
    [33maria-label[39m=[32m"Remove change item 427"[39m
    [33mclass[39m=[32m"MuiButtonBase-root MuiIconButton-root MuiIconButton-colorError MuiIconButton-sizeMedium css-1iatk21-MuiButtonBase-root-MuiIconButton-root"[39m
    [33mtabindex[39m=[32m"0"[39m
    [33mtype[39m=[32m"button"[39m
  [36m/>[39m

  Name "Remove change item 428":
  [36m<button[39m
    [33maria-label[39m=[32m"Remove change item 428"[39m
    [33mclass[39m=[32m"MuiButtonBase-root MuiIconButton-root MuiIconButton-colorError MuiIconButton-sizeMedium css-1iatk21-MuiButtonBase-root-MuiIconButton-root"[39m
    [33mtabindex[39m=[32m"0"[39m
    [33mtype[39m=[32m"button"[39m
  [36m/>[39m

  Name "Remove change item 429":
  [36m<button[39m
    [33maria-label[39m=[32m"Remove change item 429"[39m
    [33mclass[39m=[32m"MuiButtonBase-root MuiIconButton-root MuiIconButton-colorError MuiIconButton-sizeMedium css-1iatk21-MuiButtonBase-root-MuiIconButton-root"[39m
    [33mtabindex[39m=[32m"0"[39m
    [33mtype[39m=[32m"button"[39m
  [36m/>[39m

  Name "Remove change item 430":
  [36m<button[39m
    [33maria-label[39m=[32m"Remove change item 430"[39m
    [33mclass[39m=[32m"MuiButtonBase-root MuiIconButton-root MuiIconButton-colorError MuiIconButton-sizeMedium css-1iatk21-MuiButtonBase-root-MuiIconButton-root"[39m
    [33mtabindex[39m=[32m"0"[39m
    [33mtype[39m=[32m"button"[39m
  [36m/>[39m

  Name "Remove change item 431":
  [36m<button[39m
    [33maria-label[39m=[32m"Remove change item 431"[39m
    [33mclass[39m=[32m"MuiButtonBase-root MuiIconButton-root MuiIconButton-colorError MuiIconButton-sizeMedium css-1iatk21-MuiButtonBase-root-MuiIconButton-root"[39m
    [33mtabindex[39m=[32m"0"[39m
    [33mtype[39m=[32m"button"[39m
  [36m/>[39m

  Name "Remove change item 432":
  [36m<button[39m
    [33maria-label[39m=[32m"Remove change item 432"[39m
    [33mclass[39m=[32m"MuiButtonBase-root MuiIconButton-root MuiIconButton-colorError MuiIconButton-sizeMedium css-1iatk21-MuiButtonBase-root-MuiIconButton-root"[39m
    [33mtabindex[39m=[32m"0"[39m
    [33mtype[39m=[32m"button"[39m
  [36m/>[39m

  Name "Remove change item 433":
  [36m<button[39m
    [33maria-label[39m=[32m"Remove change item 433"[39m
    [33mclass[39m=[32m"MuiButtonBase-root MuiIconButton-root MuiIconButton-colorError MuiIconButton-sizeMedium css-1iatk21-MuiButtonBase-root-MuiIconButton-root"[39m
    [33mtabindex[39m=[32m"0"[39m
    [33mtype[39m=[32m"button"[39m
  [36m/>[39m

  Name "Remove change item 434":
  [36m<button[39m
    [33maria-label[39m=[32m"Remove change item 434"[39m
    [33mclass[39m=[32m"MuiButtonBase-root MuiIconButton-root MuiIconButton-colorError MuiIconButton-sizeMedium css-1iatk21-MuiButtonBase-root-MuiIconButton-root"[39m
    [33mtabindex[39m=[32m"0"[39m
    [33mtype[39m=[32m"button"[39m
  [36m/>[39m

  Name "Remove change item 435":
  [36m<button[39m
    [33maria-label[39m=[32m"Remove change item 435"[39m
    [33mclass[39m=[32m"MuiButtonBase-root MuiIconButton-root MuiIconButton-colorError MuiIconButton-sizeMedium css-1iatk21-MuiButtonBase-root-MuiIconButton-root"[39m
    [33mtabindex[39m=[32m"0"[39m
    [33mtype[39m=[32m"button"[39m
  [36m/>[39m

  Name "Remove change item 436":
  [36m<button[39m
    [33maria-label[39m=[32m"Remove change item 436"[39m
    [33mclass[39m=[32m"MuiButtonBase-root MuiIconButton-root MuiIconButton-colorError MuiIconButton-sizeMedium css-1iatk21-MuiButtonBase-root-MuiIconButton-root"[39m
    [33mtabindex[39m=[32m"0"[39m
    [33mtype[39m=[32m"button"[39m
  [36m/>[39m

  Name "Remove change item 437":
  [36m<button[39m
    [33maria-label[39m=[32m"Remove change item 437"[39m
    [33mclass[39m=[32m"MuiButtonBase-root MuiIconButton-root MuiIconButton-colorError MuiIconButton-sizeMedium css-1iatk21-MuiButtonBase-root-MuiIconButton-root"[39m
    [33mtabindex[39m=[32m"0"[39m
    [33mtype[39m=[32m"button"[39m
  [36m/>[39m

  Name "Remove change item 438":
  [36m<button[39m
    [33maria-label[39m=[32m"Remove change item 438"[39m
    [33mclass[39m=[32m"MuiButtonBase-root MuiIconButton-root MuiIconButton-colorError MuiIconButton-sizeMedium css-1iatk21-MuiButtonBase-root-MuiIconButton-root"[39m
    [33mtabindex[39m=[32m"0"[39m
    [33mtype[39m=[32m"button"[39m
  [36m/>[39m

  Name "Remove change item 439":
  [36m<button[39m
    [33maria-label[39m=[32m"Remove change item 439"[39m
    [33mclass[39m=[32m"MuiButtonBase-root MuiIconButton-root MuiIconButton-colorError MuiIconButton-sizeMedium css-1iatk21-MuiButtonBase-root-MuiIconButton-root"[39m
    [33mtabindex[39m=[32m"0"[39m
    [33mtype[39m=[32m"button"[39m
  [36m/>[39m

  Name "Remove change item 440":
  [36m<button[39m
    [33maria-label[39m=[32m"Remove change item 440"[39m
    [33mclass[39m=[32m"MuiButtonBase-root MuiIconButton-root MuiIconButton-colorError MuiIconButton-sizeMedium css-1iatk21-MuiButtonBase-root-MuiIconButton-root"[39m
    [33mtabindex[39m=[32m"0"[39m
    [33mtype[39m=[32m"button"[39m
  [36m/>[39m

  Name "Remove change item 441":
  [36m<button[39m
    [33maria-label[39m=[32m"Remove change item 441"[39m
    [33mclass[39m=[32m"MuiButtonBase-root MuiIconButton-root MuiIconButton-colorError MuiIconButton-sizeMedium css-1iatk21-MuiButtonBase-root-MuiIconButton-root"[39m
    [33mtabindex[39m=[32m"0"[39m
    [33mtype[39m=[32m"button"[39m
  [36m/>[39m

  Name "Remove change item 442":
  [36m<button[39m
    [33maria-label[39m=[32m"Remove change item 442"[39m
    [33mclass[39m=[32m"MuiButtonBase-root MuiIconButton-root MuiIconButton-colorError MuiIconButton-sizeMedium css-1iatk21-MuiButtonBase-root-MuiIconButton-root"[39m
    [33mtabindex[39m=[32m"0"[39m
    [33mtype[39m=[32m"button"[39m
  [36m/>[39m

  Name "Remove change item 443":
  [36m<button[39m
    [33maria-label[39m=[32m"Remove change item 443"[39m
    [33mclass[39m=[32m"MuiButtonBase-root MuiIconButton-root MuiIconButton-colorError MuiIconButton-sizeMedium css-1iatk21-MuiButtonBase-root-MuiIconButton-root"[39m
    [33mtabindex[39m=[32m"0"[39m
    [33mtype[39m=[32m"button"[39m
  [36m/>[39m

  Name "Remove change item 444":
  [36m<button[39m
    [33maria-label[39m=[32m"Remove change item 444"[39m
    [33mclass[39m=[32m"MuiButtonBase-root MuiIconButton-root MuiIconButton-colorError MuiIconButton-sizeMedium css-1iatk21-MuiButtonBase-root-MuiIconButton-root"[39m
    [33mtabindex[39m=[32m"0"[39m
    [33mtype[39m=[32m"button"[39m
  [36m/>[39m

  Name "Remove change item 445":
  [36m<button[39m
    [33maria-label[39m=[32m"Remove change item 445"[39m
    [33mclass[39m=[32m"MuiButtonBase-root MuiIconButton-root MuiIconButton-colorError MuiIconButton-sizeMedium css-1iatk21-MuiButtonBase-root-MuiIconButton-root"[39m
    [33mtabindex[39m=[32m"0"[39m
    [33mtype[39m=[32m"button"[39m
  [36m/>[39m

  Name "Remove change item 446":
  [36m<button[39m
    [33maria-label[39m=[32m"Remove change item 446"[39m
    [33mclass[39m=[32m"MuiButtonBase-root MuiIconButton-root MuiIconButton-colorError MuiIconButton-sizeMedium css-1iatk21-MuiButtonBase-root-MuiIconButton-root"[39m
    [33mtabindex[39m=[32m"0"[39m
    [33mtype[39m=[32m"button"[39m
  [36m/>[39m

  Name "Remove change item 447":
  [36m<button[39m
    [33maria-label[39m=[32m"Remove change item 447"[39m
    [33mclass[39m=[32m"MuiButtonBase-root MuiIconButton-root MuiIconButton-colorError MuiIconButton-sizeMedium css-1iatk21-MuiButtonBase-root-MuiIconButton-root"[39m
    [33mtabindex[39m=[32m"0"[39m
    [33mtype[39m=[32m"button"[39m
  [36m/>[39m

  Name "Remove change item 448":
  [36m<button[39m
    [33maria-label[39m=[32m"Remove change item 448"[39m
    [33mclass[39m=[32m"MuiButtonBase-root MuiIconButton-root MuiIconButton-colorError MuiIconButton-sizeMedium css-1iatk21-MuiButtonBase-root-MuiIconButton-root"[39m
    [33mtabindex[39m=[32m"0"[39m
    [33mtype[39m=[32m"button"[39m
  [36m/>[39m

  Name "Remove change item 449":
  [36m<button[39m
    [33maria-label[39m=[32m"Remove change item 449"[39m
    [33mclass[39m=[32m"MuiButtonBase-root MuiIconButton-root MuiIconButton-colorError MuiIconButton-sizeMedium css-1iatk21-MuiButtonBase-root-MuiIconButton-root"[39m
    [33mtabindex[39m=[32m"0"[39m
    [33mtype[39m=[32m"button"[39m
  [36m/>[39m

  Name "Remove change item 450":
  [36m<button[39m
    [33maria-label[39m=[32m"Remove change item 450"[39m
    [33mclass[39m=[32m"MuiButtonBase-root MuiIconButton-root MuiIconButton-colorError MuiIconButton-sizeMedium css-1iatk21-MuiButtonBase-root-MuiIconButton-root"[39m
    [33mtabindex[39m=[32m"0"[39m
    [33mtype[39m=[32m"button"[39m
  [36m/>[39m

  Name "Remove change item 451":
  [36m<button[39m
    [33maria-label[39m=[32m"Remove change item 451"[39m
    [33mclass[39m=[32m"MuiButtonBase-root MuiIconButton-root MuiIconButton-colorError MuiIconButton-sizeMedium css-1iatk21-MuiButtonBase-root-MuiIconButton-root"[39m
    [33mtabindex[39m=[32m"0"[39m
    [33mtype[39m=[32m"button"[39m
  [36m/>[39m

  Name "Remove change item 452":
  [36m<button[39m
    [33maria-label[39m=[32m"Remove change item 452"[39m
    [33mclass[39m=[32m"MuiButtonBase-root MuiIconButton-root MuiIconButton-colorError MuiIconButton-sizeMedium css-1iatk21-MuiButtonBase-root-MuiIconButton-root"[39m
    [33mtabindex[39m=[32m"0"[39m
    [33mtype[39m=[32m"button"[39m
  [36m/>[39m

  Name "Remove change item 453":
  [36m<button[39m
    [33maria-label[39m=[32m"Remove change item 453"[39m
    [33mclass[39m=[32m"MuiButtonBase-root MuiIconButton-root MuiIconButton-colorError MuiIconButton-sizeMedium css-1iatk21-MuiButtonBase-root-MuiIconButton-root"[39m
    [33mtabindex[39m=[32m"0"[39m
    [33mtype[39m=[32m"button"[39m
  [36m/>[39m

  Name "Remove change item 454":
  [36m<button[39m
    [33maria-label[39m=[32m"Remove change item 454"[39m
    [33mclass[39m=[32m"MuiButtonBase-root MuiIconButton-root MuiIconButton-colorError MuiIconButton-sizeMedium css-1iatk21-MuiButtonBase-root-MuiIconButton-root"[39m
    [33mtabindex[39m=[32m"0"[39m
    [33mtype[39m=[32m"button"[39m
  [36m/>[39m

  Name "Remove change item 455":
  [36m<button[39m
    [33maria-label[39m=[32m"Remove change item 455"[39m
    [33mclass[39m=[32m"MuiButtonBase-root MuiIconButton-root MuiIconButton-colorError MuiIconButton-sizeMedium css-1iatk21-MuiButtonBase-root-MuiIconButton-root"[39m
    [33mtabindex[39m=[32m"0"[39m
    [33mtype[39m=[32m"button"[39m
  [36m/>[39m

  Name "Remove change item 456":
  [36m<button[39m
    [33maria-label[39m=[32m"Remove change item 456"[39m
    [33mclass[39m=[32m"MuiButtonBase-root MuiIconButton-root MuiIconButton-colorError MuiIconButton-sizeMedium css-1iatk21-MuiButtonBase-root-MuiIconButton-root"[39m
    [33mtabindex[39m=[32m"0"[39m
    [33mtype[39m=[32m"button"[39m
  [36m/>[39m

  Name "Remove change item 457":
  [36m<button[39m
    [33maria-label[39m=[32m"Remove change item 457"[39m
    [33mclass[39m=[32m"MuiButtonBase-root MuiIconButton-root MuiIconButton-colorError MuiIconButton-sizeMedium css-1iatk21-MuiButtonBase-root-MuiIconButton-root"[39m
    [33mtabindex[39m=[32m"0"[39m
    [33mtype[39m=[32m"button"[39m
  [36m/>[39m

  Name "Remove change item 458":
  [36m<button[39m
    [33maria-label[39m=[32m"Remove change item 458"[39m
    [33mclass[39m=[32m"MuiButtonBase-root MuiIconButton-root MuiIconButton-colorError MuiIconButton-sizeMedium css-1iatk21-MuiButtonBase-root-MuiIconButton-root"[39m
    [33mtabindex[39m=[32m"0"[39m
    [33mtype[39m=[32m"button"[39m
  [36m/>[39m

  Name "Remove change item 459":
  [36m<button[39m
    [33maria-label[39m=[32m"Remove change item 459"[39m
    [33mclass[39m=[32m"MuiButtonBase-root MuiIconButton-root MuiIconButton-colorError MuiIconButton-sizeMedium css-1iatk21-MuiButtonBase-root-MuiIconButton-root"[39m
    [33mtabindex[39m=[32m"0"[39m
    [33mtype[39m=[32m"button"[39m
  [36m/>[39m

  Name "Remove change item 460":
  [36m<button[39m
    [33maria-label[39m=[32m"Remove change item 460"[39m
    [33mclass[39m=[32m"MuiButtonBase-root MuiIconButton-root MuiIconButton-colorError MuiIconButton-sizeMedium css-1iatk21-MuiButtonBase-root-MuiIconButton-root"[39m
    [33mtabindex[39m=[32m"0"[39m
    [33mtype[39m=[32m"button"[39m
  [36m/>[39m

  Name "Remove change item 461":
  [36m<button[39m
    [33maria-label[39m=[32m"Remove change item 461"[39m
    [33mclass[39m=[32m"MuiButtonBase-root MuiIconButton-root MuiIconButton-colorError MuiIconButton-sizeMedium css-1iatk21-MuiButtonBase-root-MuiIconButton-root"[39m
    [33mtabindex[39m=[32m"0"[39m
    [33mtype[39m=[32m"button"[39m
  [36m/>[39m

  Name "Remove change item 462":
  [36m<button[39m
    [33maria-label[39m=[32m"Remove change item 462"[39m
    [33mclass[39m=[32m"MuiButtonBase-root MuiIconButton-root MuiIconButton-colorError MuiIconButton-sizeMedium css-1iatk21-MuiButtonBase-root-MuiIconButton-root"[39m
    [33mtabindex[39m=[32m"0"[39m
    [33mtype[39m=[32m"button"[39m
  [36m/>[39m

  Name "Remove change item 463":
  [36m<button[39m
    [33maria-label[39m=[32m"Remove change item 463"[39m
    [33mclass[39m=[32m"MuiButtonBase-root MuiIconButton-root MuiIconButton-colorError MuiIconButton-sizeMedium css-1iatk21-MuiButtonBase-root-MuiIconButton-root"[39m
    [33mtabindex[39m=[32m"0"[39m
    [33mtype[39m=[32m"button"[39m
  [36m/>[39m

  Name "Remove change item 464":
  [36m<button[39m
    [33maria-label[39m=[32m"Remove change item 464"[39m
    [33mclass[39m=[32m"MuiButtonBase-root MuiIconButton-root MuiIconButton-colorError MuiIconButton-sizeMedium css-1iatk21-MuiButtonBase-root-MuiIconButton-root"[39m
    [33mtabindex[39m=[32m"0"[39m
    [33mtype[39m=[32m"button"[39m
  [36m/>[39m

  Name "Remove change item 465":
  [36m<button[39m
    [33maria-label[39m=[32m"Remove change item 465"[39m
    [33mclass[39m=[32m"MuiButtonBase-root MuiIconButton-root MuiIconButton-colorError MuiIconButton-sizeMedium css-1iatk21-MuiButtonBase-root-MuiIconButton-root"[39m
    [33mtabindex[39m=[32m"0"[39m
    [33mtype[39m=[32m"button"[39m
  [36m/>[39m

  Name "Remove change item 466":
  [36m<button[39m
    [33maria-label[39m=[32m"Remove change item 466"[39m
    [33mclass[39m=[32m"MuiButtonBase-root MuiIconButton-root MuiIconButton-colorError MuiIconButton-sizeMedium css-1iatk21-MuiButtonBase-root-MuiIconButton-root"[39m
    [33mtabindex[39m=[32m"0"[39m
    [33mtype[39m=[32m"button"[39m
  [36m/>[39m

  Name "Remove change item 467":
  [36m<button[39m
    [33maria-label[39m=[32m"Remove change item 467"[39m
    [33mclass[39m=[32m"MuiButtonBase-root MuiIconButton-root MuiIconButton-colorError MuiIconButton-sizeMedium css-1iatk21-MuiButtonBase-root-MuiIconButton-root"[39m
    [33mtabindex[39m=[32m"0"[39m
    [33mtype[39m=[32m"button"[39m
  [36m/>[39m

  Name "Remove change item 468":
  [36m<button[39m
    [33maria-label[39m=[32m"Remove change item 468"[39m
    [33mclass[39m=[32m"MuiButtonBase-root MuiIconButton-root MuiIconButton-colorError MuiIconButton-sizeMedium css-1iatk21-MuiButtonBase-root-MuiIconButton-root"[39m
    [33mtabindex[39m=[32m"0"[39m
    [33mtype[39m=[32m"button"[39m
  [36m/>[39m

  Name "Remove change item 469":
  [36m<button[39m
    [33maria-label[39m=[32m"Remove change item 469"[39m
    [33mclass[39m=[32m"MuiButtonBase-root MuiIconButton-root MuiIconButton-colorError MuiIconButton-sizeMedium css-1iatk21-MuiButtonBase-root-MuiIconButton-root"[39m
    [33mtabindex[39m=[32m"0"[39m
    [33mtype[39m=[32m"button"[39m
  [36m/>[39m

  Name "Remove change item 470":
  [36m<button[39m
    [33maria-label[39m=[32m"Remove change item 470"[39m
    [33mclass[39m=[32m"MuiButtonBase-root MuiIconButton-root MuiIconButton-colorError MuiIconButton-sizeMedium css-1iatk21-MuiButtonBase-root-MuiIconButton-root"[39m
    [33mtabindex[39m=[32m"0"[39m
    [33mtype[39m=[32m"button"[39m
  [36m/>[39m

  Name "Remove change item 471":
  [36m<button[39m
    [33maria-label[39m=[32m"Remove change item 471"[39m
    [33mclass[39m=[32m"MuiButtonBase-root MuiIconButton-root MuiIconButton-colorError MuiIconButton-sizeMedium css-1iatk21-MuiButtonBase-root-MuiIconButton-root"[39m
    [33mtabindex[39m=[32m"0"[39m
    [33mtype[39m=[32m"button"[39m
  [36m/>[39m

  Name "Remove change item 472":
  [36m<button[39m
    [33maria-label[39m=[32m"Remove change item 472"[39m
    [33mclass[39m=[32m"MuiButtonBase-root MuiIconButton-root MuiIconButton-colorError MuiIconButton-sizeMedium css-1iatk21-MuiButtonBase-root-MuiIconButton-root"[39m
    [33mtabindex[39m=[32m"0"[39m
    [33mtype[39m=[32m"button"[39m
  [36m/>[39m

  Name "Remove change item 473":
  [36m<button[39m
    [33maria-label[39m=[32m"Remove change item 473"[39m
    [33mclass[39m=[32m"MuiButtonBase-root MuiIconButton-root MuiIconButton-colorError MuiIconButton-sizeMedium css-1iatk21-MuiButtonBase-root-MuiIconButton-root"[39m
    [33mtabindex[39m=[32m"0"[39m
    [33mtype[39m=[32m"button"[39m
  [36m/>[39m

  Name "Remove change item 474":
  [36m<button[39m
    [33maria-label[39m=[32m"Remove change item 474"[39m
    [33mclass[39m=[32m"MuiButtonBase-root MuiIconButton-root MuiIconButton-colorError MuiIconButton-sizeMedium css-1iatk21-MuiButtonBase-root-MuiIconButton-root"[39m
    [33mtabindex[39m=[32m"0"[39m
    [33mtype[39m=[32m"button"[39m
  [36m/>[39m

  Name "Remove change item 475":
  [36m<button[39m
    [33maria-label[39m=[32m"Remove change item 475"[39m
    [33mclass[39m=[32m"MuiButtonBase-root MuiIconButton-root MuiIconButton-colorError MuiIconButton-sizeMedium css-1iatk21-MuiButtonBase-root-MuiIconButton-root"[39m
    [33mtabindex[39m=[32m"0"[39m
    [33mtype[39m=[32m"button"[39m
  [36m/>[39m

  Name "Remove change item 476":
  [36m<button[39m
    [33maria-label[39m=[32m"Remove change item 476"[39m
    [33mclass[39m=[32m"MuiButtonBase-root MuiIconButton-root MuiIconButton-colorError MuiIconButton-sizeMedium css-1iatk21-MuiButtonBase-root-MuiIconButton-root"[39m
    [33mtabindex[39m=[32m"0"[39m
    [33mtype[39m=[32m"button"[39m
  [36m/>[39m

  Name "Remove change item 477":
  [36m<button[39m
    [33maria-label[39m=[32m"Remove change item 477"[39m
    [33mclass[39m=[32m"MuiButtonBase-root MuiIconButton-root MuiIconButton-colorError MuiIconButton-sizeMedium css-1iatk21-MuiButtonBase-root-MuiIconButton-root"[39m
    [33mtabindex[39m=[32m"0"[39m
    [33mtype[39m=[32m"button"[39m
  [36m/>[39m

  Name "Remove change item 478":
  [36m<button[39m
    [33maria-label[39m=[32m"Remove change item 478"[39m
    [33mclass[39m=[32m"MuiButtonBase-root MuiIconButton-root MuiIconButton-colorError MuiIconButton-sizeMedium css-1iatk21-MuiButtonBase-root-MuiIconButton-root"[39m
    [33mtabindex[39m=[32m"0"[39m
    [33mtype[39m=[32m"button"[39m
  [36m/>[39m

  Name "Remove change item 479":
  [36m<button[39m
    [33maria-label[39m=[32m"Remove change item 479"[39m
    [33mclass[39m=[32m"MuiButtonBase-root MuiIconButton-root MuiIconButton-colorError MuiIconButton-sizeMedium css-1iatk21-MuiButtonBase-root-MuiIconButton-root"[39m
    [33mtabindex[39m=[32m"0"[39m
    [33mtype[39m=[32m"button"[39m
  [36m/>[39m

  Name "Remove change item 480":
  [36m<button[39m
    [33maria-label[39m=[32m"Remove change item 480"[39m
    [33mclass[39m=[32m"MuiButtonBase-root MuiIconButton-root MuiIconButton-colorError MuiIconButton-sizeMedium css-1iatk21-MuiButtonBase-root-MuiIconButton-root"[39m
    [33mtabindex[39m=[32m"0"[39m
    [33mtype[39m=[32m"button"[39m
  [36m/>[39m

  Name "Remove change item 481":
  [36m<button[39m
    [33maria-label[39m=[32m"Remove change item 481"[39m
    [33mclass[39m=[32m"MuiButtonBase-root MuiIconButton-root MuiIconButton-colorError MuiIconButton-sizeMedium css-1iatk21-MuiButtonBase-root-MuiIconButton-root"[39m
    [33mtabindex[39m=[32m"0"[39m
    [33mtype[39m=[32m"button"[39m
  [36m/>[39m

  Name "Remove change item 482":
  [36m<button[39m
    [33maria-label[39m=[32m"Remove change item 482"[39m
    [33mclass[39m=[32m"MuiButtonBase-root MuiIconButton-root MuiIconButton-colorError MuiIconButton-sizeMedium css-1iatk21-MuiButtonBase-root-MuiIconButton-root"[39m
    [33mtabindex[39m=[32m"0"[39m
    [33mtype[39m=[32m"button"[39m
  [36m/>[39m

  Name "Remove change item 483":
  [36m<button[39m
    [33maria-label[39m=[32m"Remove change item 483"[39m
    [33mclass[39m=[32m"MuiButtonBase-root MuiIconButton-root MuiIconButton-colorError MuiIconButton-sizeMedium css-1iatk21-MuiButtonBase-root-MuiIconButton-root"[39m
    [33mtabindex[39m=[32m"0"[39m
    [33mtype[39m=[32m"button"[39m
  [36m/>[39m

  Name "Remove change item 484":
  [36m<button[39m
    [33maria-label[39m=[32m"Remove change item 484"[39m
    [33mclass[39m=[32m"MuiButtonBase-root MuiIconButton-root MuiIconButton-colorError MuiIconButton-sizeMedium css-1iatk21-MuiButtonBase-root-MuiIconButton-root"[39m
    [33mtabindex[39m=[32m"0"[39m
    [33mtype[39m=[32m"button"[39m
  [36m/>[39m

  Name "Remove change item 485":
  [36m<button[39m
    [33maria-label[39m=[32m"Remove change item 485"[39m
    [33mclass[39m=[32m"MuiButtonBase-root MuiIconButton-root MuiIconButton-colorError MuiIconButton-sizeMedium css-1iatk21-MuiButtonBase-root-MuiIconButton-root"[39m
    [33mtabindex[39m=[32m"0"[39m
    [33mtype[39m=[32m"button"[39m
  [36m/>[39m

  Name "Remove change item 486":
  [36m<button[39m
    [33maria-label[39m=[32m"Remove change item 486"[39m
    [33mclass[39m=[32m"MuiButtonBase-root MuiIconButton-root MuiIconButton-colorError MuiIconButton-sizeMedium css-1iatk21-MuiButtonBase-root-MuiIconButton-root"[39m
    [33mtabindex[39m=[32m"0"[39m
    [33mtype[39m=[32m"button"[39m
  [36m/>[39m

  Name "Remove change item 487":
  [36m<button[39m
    [33maria-label[39m=[32m"Remove change item 487"[39m
    [33mclass[39m=[32m"MuiButtonBase-root MuiIconButton-root MuiIconButton-colorError MuiIconButton-sizeMedium css-1iatk21-MuiButtonBase-root-MuiIconButton-root"[39m
    [33mtabindex[39m=[32m"0"[39m
    [33mtype[39m=[32m"button"[39m
  [36m/>[39m

  Name "Remove change item 488":
  [36m<button[39m
    [33maria-label[39m=[32m"Remove change item 488"[39m
    [33mclass[39m=[32m"MuiButtonBase-root MuiIconButton-root MuiIconButton-colorError MuiIconButton-sizeMedium css-1iatk21-MuiButtonBase-root-MuiIconButton-root"[39m
    [33mtabindex[39m=[32m"0"[39m
    [33mtype[39m=[32m"button"[39m
  [36m/>[39m

  Name "Remove change item 489":
  [36m<button[39m
    [33maria-label[39m=[32m"Remove change item 489"[39m
    [33mclass[39m=[32m"MuiButtonBase-root MuiIconButton-root MuiIconButton-colorError MuiIconButton-sizeMedium css-1iatk21-MuiButtonBase-root-MuiIconButton-root"[39m
    [33mtabindex[39m=[32m"0"[39m
    [33mtype[39m=[32m"button"[39m
  [36m/>[39m

  Name "Remove change item 490":
  [36m<button[39m
    [33maria-label[39m=[32m"Remove change item 490"[39m
    [33mclass[39m=[32m"MuiButtonBase-root MuiIconButton-root MuiIconButton-colorError MuiIconButton-sizeMedium css-1iatk21-MuiButtonBase-root-MuiIconButton-root"[39m
    [33mtabindex[39m=[32m"0"[39m
    [33mtype[39m=[32m"button"[39m
  [36m/>[39m

  Name "Remove change item 491":
  [36m<button[39m
    [33maria-label[39m=[32m"Remove change item 491"[39m
    [33mclass[39m=[32m"MuiButtonBase-root MuiIconButton-root MuiIconButton-colorError MuiIconButton-sizeMedium css-1iatk21-MuiButtonBase-root-MuiIconButton-root"[39m
    [33mtabindex[39m=[32m"0"[39m
    [33mtype[39m=[32m"button"[39m
  [36m/>[39m

  Name "Remove change item 492":
  [36m<button[39m
    [33maria-label[39m=[32m"Remove change item 492"[39m
    [33mclass[39m=[32m"MuiButtonBase-root MuiIconButton-root MuiIconButton-colorError MuiIconButton-sizeMedium css-1iatk21-MuiButtonBase-root-MuiIconButton-root"[39m
    [33mtabindex[39m=[32m"0"[39m
    [33mtype[39m=[32m"button"[39m
  [36m/>[39m

  Name "Remove change item 493":
  [36m<button[39m
    [33maria-label[39m=[32m"Remove change item 493"[39m
    [33mclass[39m=[32m"MuiButtonBase-root MuiIconButton-root MuiIconButton-colorError MuiIconButton-sizeMedium css-1iatk21-MuiButtonBase-root-MuiIconButton-root"[39m
    [33mtabindex[39m=[32m"0"[39m
    [33mtype[39m=[32m"button"[39m
  [36m/>[39m

  Name "Remove change item 494":
  [36m<button[39m
    [33maria-label[39m=[32m"Remove change item 494"[39m
    [33mclass[39m=[32m"MuiButtonBase-root MuiIconButton-root MuiIconButton-colorError MuiIconButton-sizeMedium css-1iatk21-MuiButtonBase-root-MuiIconButton-root"[39m
    [33mtabindex[39m=[32m"0"[39m
    [33mtype[39m=[32m"button"[39m
  [36m/>[39m

  Name "Remove change item 495":
  [36m<button[39m
    [33maria-label[39m=[32m"Remove change item 495"[39m
    [33mclass[39m=[32m"MuiButtonBase-root MuiIconButton-root MuiIconButton-colorError MuiIconButton-sizeMedium css-1iatk21-MuiButtonBase-root-MuiIconButton-root"[39m
    [33mtabindex[39m=[32m"0"[39m
    [33mtype[39m=[32m"button"[39m
  [36m/>[39m

  Name "Remove change item 496":
  [36m<button[39m
    [33maria-label[39m=[32m"Remove change item 496"[39m
    [33mclass[39m=[32m"MuiButtonBase-root MuiIconButton-root MuiIconButton-colorError MuiIconButton-sizeMedium css-1iatk21-MuiButtonBase-root-MuiIconButton-root"[39m
    [33mtabindex[39m=[32m"0"[39m
    [33mtype[39m=[32m"button"[39m
  [36m/>[39m

  Name "Remove change item 497":
  [36m<button[39m
    [33maria-label[39m=[32m"Remove change item 497"[39m
    [33mclass[39m=[32m"MuiButtonBase-root MuiIconButton-root MuiIconButton-colorError MuiIconButton-sizeMedium css-1iatk21-MuiButtonBase-root-MuiIconButton-root"[39m
    [33mtabindex[39m=[32m"0"[39m
    [33mtype[39m=[32m"button"[39m
  [36m/>[39m

  Name "Remove change item 498":
  [36m<button[39m
    [33maria-label[39m=[32m"Remove change item 498"[39m
    [33mclass[39m=[32m"MuiButtonBase-root MuiIconButton-root MuiIconButton-colorError MuiIconButton-sizeMedium css-1iatk21-MuiButtonBase-root-MuiIconButton-root"[39m
    [33mtabindex[39m=[32m"0"[39m
    [33mtype[39m=[32m"button"[39m
  [36m/>[39m

  Name "Remove change item 499":
  [36m<button[39m
    [33maria-label[39m=[32m"Remove change item 499"[39m
    [33mclass[39m=[32m"MuiButtonBase-root MuiIconButton-root MuiIconButton-colorError MuiIconButton-sizeMedium css-1iatk21-MuiButtonBase-root-MuiIconButton-root"[39m
    [33mtabindex[39m=[32m"0"[39m
    [33mtype[39m=[32m"button"[39m
  [36m/>[39m

  Name "Remove change item 500":
  [36m<button[39m
    [33maria-label[39m=[32m"Remove change item 500"[39m
    [33mclass[39m=[32m"MuiButtonBase-root MuiIconButton-root MuiIconButton-colorError MuiIconButton-sizeMedium css-1iatk21-MuiButtonBase-root-MuiIconButton-root"[39m
    [33mtabindex[39m=[32m"0"[39m
    [33mtype[39m=[32m"button"[39m
  [36m/>[39m

  Name "Remove change item 501":
  [36m<button[39m
    [33maria-label[39m=[32m"Remove change item 501"[39m
    [33mclass[39m=[32m"MuiButtonBase-root MuiIconButton-root MuiIconButton-colorError MuiIconButton-sizeMedium css-1iatk21-MuiButtonBase-root-MuiIconButton-root"[39m
    [33mtabindex[39m=[32m"0"[39m
    [33mtype[39m=[32m"button"[39m
  [36m/>[39m

  Name "Remove change item 502":
  [36m<button[39m
    [33maria-label[39m=[32m"Remove change item 502"[39m
    [33mclass[39m=[32m"MuiButtonBase-root MuiIconButton-root MuiIconButton-colorError MuiIconButton-sizeMedium css-1iatk21-MuiButtonBase-root-MuiIconButton-root"[39m
    [33mtabindex[39m=[32m"0"[39m
    [33mtype[39m=[32m"button"[39m
  [36m/>[39m

  Name "Remove change item 503":
  [36m<button[39m
    [33maria-label[39m=[32m"Remove change item 503"[39m
    [33mclass[39m=[32m"MuiButtonBase-root MuiIconButton-root MuiIconButton-colorError MuiIconButton-sizeMedium css-1iatk21-MuiButtonBase-root-MuiIconButton-root"[39m
    [33mtabindex[39m=[32m"0"[39m
    [33mtype[39m=[32m"button"[39m
  [36m/>[39m

  Name "Remove change item 504":
  [36m<button[39m
    [33maria-label[39m=[32m"Remove change item 504"[39m
    [33mclass[39m=[32m"MuiButtonBase-root MuiIconButton-root MuiIconButton-colorError MuiIconButton-sizeMedium css-1iatk21-MuiButtonBase-root-MuiIconButton-root"[39m
    [33mtabindex[39m=[32m"0"[39m
    [33mtype[39m=[32m"button"[39m
  [36m/>[39m

  Name "Remove change item 505":
  [36m<button[39m
    [33maria-label[39m=[32m"Remove change item 505"[39m
    [33mclass[39m=[32m"MuiButtonBase-root MuiIconButton-root MuiIconButton-colorError MuiIconButton-sizeMedium css-1iatk21-MuiButtonBase-root-MuiIconButton-root"[39m
    [33mtabindex[39m=[32m"0"[39m
    [33mtype[39m=[32m"button"[39m
  [36m/>[39m

  Name "Remove change item 506":
  [36m<button[39m
    [33maria-label[39m=[32m"Remove change item 506"[39m
    [33mclass[39m=[32m"MuiButtonBase-root MuiIconButton-root MuiIconButton-colorError MuiIconButton-sizeMedium css-1iatk21-MuiButtonBase-root-MuiIconButton-root"[39m
    [33mtabindex[39m=[32m"0"[39m
    [33mtype[39m=[32m"button"[39m
  [36m/>[39m

  Name "Remove change item 507":
  [36m<button[39m
    [33maria-label[39m=[32m"Remove change item 507"[39m
    [33mclass[39m=[32m"MuiButtonBase-root MuiIconButton-root MuiIconButton-colorError MuiIconButton-sizeMedium css-1iatk21-MuiButtonBase-root-MuiIconButton-root"[39m
    [33mtabindex[39m=[32m"0"[39m
    [33mtype[39m=[32m"button"[39m
  [36m/>[39m

  Name "Remove change item 508":
  [36m<button[39m
    [33maria-label[39m=[32m"Remove change item 508"[39m
    [33mclass[39m=[32m"MuiButtonBase-root MuiIconButton-root MuiIconButton-colorError MuiIconButton-sizeMedium css-1iatk21-MuiButtonBase-root-MuiIconButton-root"[39m
    [33mtabindex[39m=[32m"0"[39m
    [33mtype[39m=[32m"button"[39m
  [36m/>[39m

  Name "Remove change item 509":
  [36m<button[39m
    [33maria-label[39m=[32m"Remove change item 509"[39m
    [33mclass[39m=[32m"MuiButtonBase-root MuiIconButton-root MuiIconButton-colorError MuiIconButton-sizeMedium css-1iatk21-MuiButtonBase-root-MuiIconButton-root"[39m
    [33mtabindex[39m=[32m"0"[39m
    [33mtype[39m=[32m"button"[39m
  [36m/>[39m

  Name "Remove change item 510":
  [36m<button[39m
    [33maria-label[39m=[32m"Remove change item 510"[39m
    [33mclass[39m=[32m"MuiButtonBase-root MuiIconButton-root MuiIconButton-colorError MuiIconButton-sizeMedium css-1iatk21-MuiButtonBase-root-MuiIconButton-root"[39m
    [33mtabindex[39m=[32m"0"[39m
    [33mtype[39m=[32m"button"[39m
  [36m/>[39m

  Name "Remove change item 511":
  [36m<button[39m
    [33maria-label[39m=[32m"Remove change item 511"[39m
    [33mclass[39m=[32m"MuiButtonBase-root MuiIconButton-root MuiIconButton-colorError MuiIconButton-sizeMedium css-1iatk21-MuiButtonBase-root-MuiIconButton-root"[39m
    [33mtabindex[39m=[32m"0"[39m
    [33mtype[39m=[32m"button"[39m
  [36m/>[39m

  Name "Remove change item 512":
  [36m<button[39m
    [33maria-label[39m=[32m"Remove change item 512"[39m
    [33mclass[39m=[32m"MuiButtonBase-root MuiIconButton-root MuiIconButton-colorError MuiIconButton-sizeMedium css-1iatk21-MuiButtonBase-root-MuiIconButton-root"[39m
    [33mtabindex[39m=[32m"0"[39m
    [33mtype[39m=[32m"button"[39m
  [36m/>[39m

  Name "Remove change item 513":
  [36m<button[39m
    [33maria-label[39m=[32m"Remove change item 513"[39m
    [33mclass[39m=[32m"MuiButtonBase-root MuiIconButton-root MuiIconButton-colorError MuiIconButton-sizeMedium css-1iatk21-MuiButtonBase-root-MuiIconButton-root"[39m
    [33mtabindex[39m=[32m"0"[39m
    [33mtype[39m=[32m"button"[39m
  [36m/>[39m

  Name "Remove change item 514":
  [36m<button[39m
    [33maria-label[39m=[32m"Remove change item 514"[39m
    [33mclass[39m=[32m"MuiButtonBase-root MuiIconButton-root MuiIconButton-colorError MuiIconButton-sizeMedium css-1iatk21-MuiButtonBase-root-MuiIconButton-root"[39m
    [33mtabindex[39m=[32m"0"[39m
    [33mtype[39m=[32m"button"[39m
  [36m/>[39m

  Name "Remove change item 515":
  [36m<button[39m
    [33maria-label[39m=[32m"Remove change item 515"[39m
    [33mclass[39m=[32m"MuiButtonBase-root MuiIconButton-root MuiIconButton-colorError MuiIconButton-sizeMedium css-1iatk21-MuiButtonBase-root-MuiIconButton-root"[39m
    [33mtabindex[39m=[32m"0"[39m
    [33mtype[39m=[32m"button"[39m
  [36m/>[39m

  Name "Remove change item 516":
  [36m<button[39m
    [33maria-label[39m=[32m"Remove change item 516"[39m
    [33mclass[39m=[32m"MuiButtonBase-root MuiIconButton-root MuiIconButton-colorError MuiIconButton-sizeMedium css-1iatk21-MuiButtonBase-root-MuiIconButton-root"[39m
    [33mtabindex[39m=[32m"0"[39m
    [33mtype[39m=[32m"button"[39m
  [36m/>[39m

  Name "Remove change item 517":
  [36m<button[39m
    [33maria-label[39m=[32m"Remove change item 517"[39m
    [33mclass[39m=[32m"MuiButtonBase-root MuiIconButton-root MuiIconButton-colorError MuiIconButton-sizeMedium css-1iatk21-MuiButtonBase-root-MuiIconButton-root"[39m
    [33mtabindex[39m=[32m"0"[39m
    [33mtype[39m=[32m"button"[39m
  [36m/>[39m

  Name "Remove change item 518":
  [36m<button[39m
    [33maria-label[39m=[32m"Remove change item 518"[39m
    [33mclass[39m=[32m"MuiButtonBase-root MuiIconButton-root MuiIconButton-colorError MuiIconButton-sizeMedium css-1iatk21-MuiButtonBase-root-MuiIconButton-root"[39m
    [33mtabindex[39m=[32m"0"[39m
    [33mtype[39m=[32m"button"[39m
  [36m/>[39m

  Name "Remove change item 519":
  [36m<button[39m
    [33maria-label[39m=[32m"Remove change item 519"[39m
    [33mclass[39m=[32m"MuiButtonBase-root MuiIconButton-root MuiIconButton-colorError MuiIconButton-sizeMedium css-1iatk21-MuiButtonBase-root-MuiIconButton-root"[39m
    [33mtabindex[39m=[32m"0"[39m
    [33mtype[39m=[32m"button"[39m
  [36m/>[39m

  Name "Remove change item 520":
  [36m<button[39m
    [33maria-label[39m=[32m"Remove change item 520"[39m
    [33mclass[39m=[32m"MuiButtonBase-root MuiIconButton-root MuiIconButton-colorError MuiIconButton-sizeMedium css-1iatk21-MuiButtonBase-root-MuiIconButton-root"[39m
    [33mtabindex[39m=[32m"0"[39m
    [33mtype[39m=[32m"button"[39m
  [36m/>[39m

  Name "Remove change item 521":
  [36m<button[39m
    [33maria-label[39m=[32m"Remove change item 521"[39m
    [33mclass[39m=[32m"MuiButtonBase-root MuiIconButton-root MuiIconButton-colorError MuiIconButton-sizeMedium css-1iatk21-MuiButtonBase-root-MuiIconButton-root"[39m
    [33mtabindex[39m=[32m"0"[39m
    [33mtype[39m=[32m"button"[39m
  [36m/>[39m

  Name "Remove change item 522":
  [36m<button[39m
    [33maria-label[39m=[32m"Remove change item 522"[39m
    [33mclass[39m=[32m"MuiButtonBase-root MuiIconButton-root MuiIconButton-colorError MuiIconButton-sizeMedium css-1iatk21-MuiButtonBase-root-MuiIconButton-root"[39m
    [33mtabindex[39m=[32m"0"[39m
    [33mtype[39m=[32m"button"[39m
  [36m/>[39m

  Name "Remove change item 523":
  [36m<button[39m
    [33maria-label[39m=[32m"Remove change item 523"[39m
    [33mclass[39m=[32m"MuiButtonBase-root MuiIconButton-root MuiIconButton-colorError MuiIconButton-sizeMedium css-1iatk21-MuiButtonBase-root-MuiIconButton-root"[39m
    [33mtabindex[39m=[32m"0"[39m
    [33mtype[39m=[32m"button"[39m
  [36m/>[39m

  Name "Remove change item 524":
  [36m<button[39m
    [33maria-label[39m=[32m"Remove change item 524"[39m
    [33mclass[39m=[32m"MuiButtonBase-root MuiIconButton-root MuiIconButton-colorError MuiIconButton-sizeMedium css-1iatk21-MuiButtonBase-root-MuiIconButton-root"[39m
    [33mtabindex[39m=[32m"0"[39m
    [33mtype[39m=[32m"button"[39m
  [36m/>[39m

  Name "Remove change item 525":
  [36m<button[39m
    [33maria-label[39m=[32m"Remove change item 525"[39m
    [33mclass[39m=[32m"MuiButtonBase-root MuiIconButton-root MuiIconButton-colorError MuiIconButton-sizeMedium css-1iatk21-MuiButtonBase-root-MuiIconButton-root"[39m
    [33mtabindex[39m=[32m"0"[39m
    [33mtype[39m=[32m"button"[39m
  [36m/>[39m

  Name "Remove change item 526":
  [36m<button[39m
    [33maria-label[39m=[32m"Remove change item 526"[39m
    [33mclass[39m=[32m"MuiButtonBase-root MuiIconButton-root MuiIconButton-colorError MuiIconButton-sizeMedium css-1iatk21-MuiButtonBase-root-MuiIconButton-root"[39m
    [33mtabindex[39m=[32m"0"[39m
    [33mtype[39m=[32m"button"[39m
  [36m/>[39m

  Name "Remove change item 527":
  [36m<button[39m
    [33maria-label[39m=[32m"Remove change item 527"[39m
    [33mclass[39m=[32m"MuiButtonBase-root MuiIconButton-root MuiIconButton-colorError MuiIconButton-sizeMedium css-1iatk21-MuiButtonBase-root-MuiIconButton-root"[39m
    [33mtabindex[39m=[32m"0"[39m
    [33mtype[39m=[32m"button"[39m
  [36m/>[39m

  Name "Remove change item 528":
  [36m<button[39m
    [33maria-label[39m=[32m"Remove change item 528"[39m
    [33mclass[39m=[32m"MuiButtonBase-root MuiIconButton-root MuiIconButton-colorError MuiIconButton-sizeMedium css-1iatk21-MuiButtonBase-root-MuiIconButton-root"[39m
    [33mtabindex[39m=[32m"0"[39m
    [33mtype[39m=[32m"button"[39m
  [36m/>[39m

  Name "Remove change item 529":
  [36m<button[39m
    [33maria-label[39m=[32m"Remove change item 529"[39m
    [33mclass[39m=[32m"MuiButtonBase-root MuiIconButton-root MuiIconButton-colorError MuiIconButton-sizeMedium css-1iatk21-MuiButtonBase-root-MuiIconButton-root"[39m
    [33mtabindex[39m=[32m"0"[39m
    [33mtype[39m=[32m"button"[39m
  [36m/>[39m

  Name "Remove change item 530":
  [36m<button[39m
    [33maria-label[39m=[32m"Remove change item 530"[39m
    [33mclass[39m=[32m"MuiButtonBase-root MuiIconButton-root MuiIconButton-colorError MuiIconButton-sizeMedium css-1iatk21-MuiButtonBase-root-MuiIconButton-root"[39m
    [33mtabindex[39m=[32m"0"[39m
    [33mtype[39m=[32m"button"[39m
  [36m/>[39m

  Name "Remove change item 531":
  [36m<button[39m
    [33maria-label[39m=[32m"Remove change item 531"[39m
    [33mclass[39m=[32m"MuiButtonBase-root MuiIconButton-root MuiIconButton-colorError MuiIconButton-sizeMedium css-1iatk21-MuiButtonBase-root-MuiIconButton-root"[39m
    [33mtabindex[39m=[32m"0"[39m
    [33mtype[39m=[32m"button"[39m
  [36m/>[39m

  Name "Remove change item 532":
  [36m<button[39m
    [33maria-label[39m=[32m"Remove change item 532"[39m
    [33mclass[39m=[32m"MuiButtonBase-root MuiIconButton-root MuiIconButton-colorError MuiIconButton-sizeMedium css-1iatk21-MuiButtonBase-root-MuiIconButton-root"[39m
    [33mtabindex[39m=[32m"0"[39m
    [33mtype[39m=[32m"button"[39m
  [36m/>[39m

  Name "Remove change item 533":
  [36m<button[39m
    [33maria-label[39m=[32m"Remove change item 533"[39m
    [33mclass[39m=[32m"MuiButtonBase-root MuiIconButton-root MuiIconButton-colorError MuiIconButton-sizeMedium css-1iatk21-MuiButtonBase-root-MuiIconButton-root"[39m
    [33mtabindex[39m=[32m"0"[39m
    [33mtype[39m=[32m"button"[39m
  [36m/>[39m

  Name "Remove change item 534":
  [36m<button[39m
    [33maria-label[39m=[32m"Remove change item 534"[39m
    [33mclass[39m=[32m"MuiButtonBase-root MuiIconButton-root MuiIconButton-colorError MuiIconButton-sizeMedium css-1iatk21-MuiButtonBase-root-MuiIconButton-root"[39m
    [33mtabindex[39m=[32m"0"[39m
    [33mtype[39m=[32m"button"[39m
  [36m/>[39m

  Name "Remove change item 535":
  [36m<button[39m
    [33maria-label[39m=[32m"Remove change item 535"[39m
    [33mclass[39m=[32m"MuiButtonBase-root MuiIconButton-root MuiIconButton-colorError MuiIconButton-sizeMedium css-1iatk21-MuiButtonBase-root-MuiIconButton-root"[39m
    [33mtabindex[39m=[32m"0"[39m
    [33mtype[39m=[32m"button"[39m
  [36m/>[39m

  Name "Remove change item 536":
  [36m<button[39m
    [33maria-label[39m=[32m"Remove change item 536"[39m
    [33mclass[39m=[32m"MuiButtonBase-root MuiIconButton-root MuiIconButton-colorError MuiIconButton-sizeMedium css-1iatk21-MuiButtonBase-root-MuiIconButton-root"[39m
    [33mtabindex[39m=[32m"0"[39m
    [33mtype[39m=[32m"button"[39m
  [36m/>[39m

  Name "Remove change item 537":
  [36m<button[39m
    [33maria-label[39m=[32m"Remove change item 537"[39m
    [33mclass[39m=[32m"MuiButtonBase-root MuiIconButton-root MuiIconButton-colorError MuiIconButton-sizeMedium css-1iatk21-MuiButtonBase-root-MuiIconButton-root"[39m
    [33mtabindex[39m=[32m"0"[39m
    [33mtype[39m=[32m"button"[39m
  [36m/>[39m

  Name "Remove change item 538":
  [36m<button[39m
    [33maria-label[39m=[32m"Remove change item 538"[39m
    [33mclass[39m=[32m"MuiButtonBase-root MuiIconButton-root MuiIconButton-colorError MuiIconButton-sizeMedium css-1iatk21-MuiButtonBase-root-MuiIconButton-root"[39m
    [33mtabindex[39m=[32m"0"[39m
    [33mtype[39m=[32m"button"[39m
  [36m/>[39m

  Name "Remove change item 539":
  [36m<button[39m
    [33maria-label[39m=[32m"Remove change item 539"[39m
    [33mclass[39m=[32m"MuiButtonBase-root MuiIconButton-root MuiIconButton-colorError MuiIconButton-sizeMedium css-1iatk21-MuiButtonBase-root-MuiIconButton-root"[39m
    [33mtabindex[39m=[32m"0"[39m
    [33mtype[39m=[32m"button"[39m
  [36m/>[39m

  Name "Remove change item 540":
  [36m<button[39m
    [33maria-label[39m=[32m"Remove change item 540"[39m
    [33mclass[39m=[32m"MuiButtonBase-root MuiIconButton-root MuiIconButton-colorError MuiIconButton-sizeMedium css-1iatk21-MuiButtonBase-root-MuiIconButton-root"[39m
    [33mtabindex[39m=[32m"0"[39m
    [33mtype[39m=[32m"button"[39m
  [36m/>[39m

  Name "Remove change item 541":
  [36m<button[39m
    [33maria-label[39m=[32m"Remove change item 541"[39m
    [33mclass[39m=[32m"MuiButtonBase-root MuiIconButton-root MuiIconButton-colorError MuiIconButton-sizeMedium css-1iatk21-MuiButtonBase-root-MuiIconButton-root"[39m
    [33mtabindex[39m=[32m"0"[39m
    [33mtype[39m=[32m"button"[39m
  [36m/>[39m

  Name "Remove change item 542":
  [36m<button[39m
    [33maria-label[39m=[32m"Remove change item 542"[39m
    [33mclass[39m=[32m"MuiButtonBase-root MuiIconButton-root MuiIconButton-colorError MuiIconButton-sizeMedium css-1iatk21-MuiButtonBase-root-MuiIconButton-root"[39m
    [33mtabindex[39m=[32m"0"[39m
    [33mtype[39m=[32m"button"[39m
  [36m/>[39m

  Name "Remove change item 543":
  [36m<button[39m
    [33maria-label[39m=[32m"Remove change item 543"[39m
    [33mclass[39m=[32m"MuiButtonBase-root MuiIconButton-root MuiIconButton-colorError MuiIconButton-sizeMedium css-1iatk21-MuiButtonBase-root-MuiIconButton-root"[39m
    [33mtabindex[39m=[32m"0"[39m
    [33mtype[39m=[32m"button"[39m
  [36m/>[39m

  Name "Remove change item 544":
  [36m<button[39m
    [33maria-label[39m=[32m"Remove change item 544"[39m
    [33mclass[39m=[32m"MuiButtonBase-root MuiIconButton-root MuiIconButton-colorError MuiIconButton-sizeMedium css-1iatk21-MuiButtonBase-root-MuiIconButton-root"[39m
    [33mtabindex[39m=[32m"0"[39m
    [33mtype[39m=[32m"button"[39m
  [36m/>[39m

  Name "Remove change item 545":
  [36m<button[39m
    [33maria-label[39m=[32m"Remove change item 545"[39m
    [33mclass[39m=[32m"MuiButtonBase-root MuiIconButton-root MuiIconButton-colorError MuiIconButton-sizeMedium css-1iatk21-MuiButtonBase-root-MuiIconButton-root"[39m
    [33mtabindex[39m=[32m"0"[39m
    [33mtype[39m=[32m"button"[39m
  [36m/>[39m

  Name "Remove change item 546":
  [36m<button[39m
    [33maria-label[39m=[32m"Remove change item 546"[39m
    [33mclass[39m=[32m"MuiButtonBase-root MuiIconButton-root MuiIconButton-colorError MuiIconButton-sizeMedium css-1iatk21-MuiButtonBase-root-MuiIconButton-root"[39m
    [33mtabindex[39m=[32m"0"[39m
    [33mtype[39m=[32m"button"[39m
  [36m/>[39m

  Name "Remove change item 547":
  [36m<button[39m
    [33maria-label[39m=[32m"Remove change item 547"[39m
    [33mclass[39m=[32m"MuiButtonBase-root MuiIconButton-root MuiIconButton-colorError MuiIconButton-sizeMedium css-1iatk21-MuiButtonBase-root-MuiIconButton-root"[39m
    [33mtabindex[39m=[32m"0"[39m
    [33mtype[39m=[32m"button"[39m
  [36m/>[39m

  Name "Remove change item 548":
  [36m<button[39m
    [33maria-label[39m=[32m"Remove change item 548"[39m
    [33mclass[39m=[32m"MuiButtonBase-root MuiIconButton-root MuiIconButton-colorError MuiIconButton-sizeMedium css-1iatk21-MuiButtonBase-root-MuiIconButton-root"[39m
    [33mtabindex[39m=[32m"0"[39m
    [33mtype[39m=[32m"button"[39m
  [36m/>[39m

  Name "Remove change item 549":
  [36m<button[39m
    [33maria-label[39m=[32m"Remove change item 549"[39m
    [33mclass[39m=[32m"MuiButtonBase-root MuiIconButton-root MuiIconButton-colorError MuiIconButton-sizeMedium css-1iatk21-MuiButtonBase-root-MuiIconButton-root"[39m
    [33mtabindex[39m=[32m"0"[39m
    [33mtype[39m=[32m"button"[39m
  [36m/>[39m

  Name "Remove change item 550":
  [36m<button[39m
    [33maria-label[39m=[32m"Remove change item 550"[39m
    [33mclass[39m=[32m"MuiButtonBase-root MuiIconButton-root MuiIconButton-colorError MuiIconButton-sizeMedium css-1iatk21-MuiButtonBase-root-MuiIconButton-root"[39m
    [33mtabindex[39m=[32m"0"[39m
    [33mtype[39m=[32m"button"[39m
  [36m/>[39m

  Name "Remove change item 551":
  [36m<button[39m
    [33maria-label[39m=[32m"Remove change item 551"[39m
    [33mclass[39m=[32m"MuiButtonBase-root MuiIconButton-root MuiIconButton-colorError MuiIconButton-sizeMedium css-1iatk21-MuiButtonBase-root-MuiIconButton-root"[39m
    [33mtabindex[39m=[32m"0"[39m
    [33mtype[39m=[32m"button"[39m
  [36m/>[39m

  Name "Remove change item 552":
  [36m<button[39m
    [33maria-label[39m=[32m"Remove change item 552"[39m
    [33mclass[39m=[32m"MuiButtonBase-root MuiIconButton-root MuiIconButton-colorError MuiIconButton-sizeMedium css-1iatk21-MuiButtonBase-root-MuiIconButton-root"[39m
    [33mtabindex[39m=[32m"0"[39m
    [33mtype[39m=[32m"button"[39m
  [36m/>[39m

  Name "Remove change item 553":
  [36m<button[39m
    [33maria-label[39m=[32m"Remove change item 553"[39m
    [33mclass[39m=[32m"MuiButtonBase-root MuiIconButton-root MuiIconButton-colorError MuiIconButton-sizeMedium css-1iatk21-MuiButtonBase-root-MuiIconButton-root"[39m
    [33mtabindex[39m=[32m"0"[39m
    [33mtype[39m=[32m"button"[39m
  [36m/>[39m

  Name "Remove change item 554":
  [36m<button[39m
    [33maria-label[39m=[32m"Remove change item 554"[39m
    [33mclass[39m=[32m"MuiButtonBase-root MuiIconButton-root MuiIconButton-colorError MuiIconButton-sizeMedium css-1iatk21-MuiButtonBase-root-MuiIconButton-root"[39m
    [33mtabindex[39m=[32m"0"[39m
    [33mtype[39m=[32m"button"[39m
  [36m/>[39m

  Name "Remove change item 555":
  [36m<button[39m
    [33maria-label[39m=[32m"Remove change item 555"[39m
    [33mclass[39m=[32m"MuiButtonBase-root MuiIconButton-root MuiIconButton-colorError MuiIconButton-sizeMedium css-1iatk21-MuiButtonBase-root-MuiIconButton-root"[39m
    [33mtabindex[39m=[32m"0"[39m
    [33mtype[39m=[32m"button"[39m
  [36m/>[39m

  Name "Remove change item 556":
  [36m<button[39m
    [33maria-label[39m=[32m"Remove change item 556"[39m
    [33mclass[39m=[32m"MuiButtonBase-root MuiIconButton-root MuiIconButton-colorError MuiIconButton-sizeMedium css-1iatk21-MuiButtonBase-root-MuiIconButton-root"[39m
    [33mtabindex[39m=[32m"0"[39m
    [33mtype[39m=[32m"button"[39m
  [36m/>[39m

  Name "Remove change item 557":
  [36m<button[39m
    [33maria-label[39m=[32m"Remove change item 557"[39m
    [33mclass[39m=[32m"MuiButtonBase-root MuiIconButton-root MuiIconButton-colorError MuiIconButton-sizeMedium css-1iatk21-MuiButtonBase-root-MuiIconButton-root"[39m
    [33mtabindex[39m=[32m"0"[39m
    [33mtype[39m=[32m"button"[39m
  [36m/>[39m

  Name "Remove change item 558":
  [36m<button[39m
    [33maria-label[39m=[32m"Remove change item 558"[39m
    [33mclass[39m=[32m"MuiButtonBase-root MuiIconButton-root MuiIconButton-colorError MuiIconButton-sizeMedium css-1iatk21-MuiButtonBase-root-MuiIconButton-root"[39m
    [33mtabindex[39m=[32m"0"[39m
    [33mtype[39m=[32m"button"[39m
  [36m/>[39m

  Name "Remove change item 559":
  [36m<button[39m
    [33maria-label[39m=[32m"Remove change item 559"[39m
    [33mclass[39m=[32m"MuiButtonBase-root MuiIconButton-root MuiIconButton-colorError MuiIconButton-sizeMedium css-1iatk21-MuiButtonBase-root-MuiIconButton-root"[39m
    [33mtabindex[39m=[32m"0"[39m
    [33mtype[39m=[32m"button"[39m
  [36m/>[39m

  Name "Remove change item 560":
  [36m<button[39m
    [33maria-label[39m=[32m"Remove change item 560"[39m
    [33mclass[39m=[32m"MuiButtonBase-root MuiIconButton-root MuiIconButton-colorError MuiIconButton-sizeMedium css-1iatk21-MuiButtonBase-root-MuiIconButton-root"[39m
    [33mtabindex[39m=[32m"0"[39m
    [33mtype[39m=[32m"button"[39m
  [36m/>[39m

  Name "Remove change item 561":
  [36m<button[39m
    [33maria-label[39m=[32m"Remove change item 561"[39m
    [33mclass[39m=[32m"MuiButtonBase-root MuiIconButton-root MuiIconButton-colorError MuiIconButton-sizeMedium css-1iatk21-MuiButtonBase-root-MuiIconButton-root"[39m
    [33mtabindex[39m=[32m"0"[39m
    [33mtype[39m=[32m"button"[39m
  [36m/>[39m

  Name "Remove change item 562":
  [36m<button[39m
    [33maria-label[39m=[32m"Remove change item 562"[39m
    [33mclass[39m=[32m"MuiButtonBase-root MuiIconButton-root MuiIconButton-colorError MuiIconButton-sizeMedium css-1iatk21-MuiButtonBase-root-MuiIconButton-root"[39m
    [33mtabindex[39m=[32m"0"[39m
    [33mtype[39m=[32m"button"[39m
  [36m/>[39m

  Name "Remove change item 563":
  [36m<button[39m
    [33maria-label[39m=[32m"Remove change item 563"[39m
    [33mclass[39m=[32m"MuiButtonBase-root MuiIconButton-root MuiIconButton-colorError MuiIconButton-sizeMedium css-1iatk21-MuiButtonBase-root-MuiIconButton-root"[39m
    [33mtabindex[39m=[32m"0"[39m
    [33mtype[39m=[32m"button"[39m
  [36m/>[39m

  Name "Remove change item 564":
  [36m<button[39m
    [33maria-label[39m=[32m"Remove change item 564"[39m
    [33mclass[39m=[32m"MuiButtonBase-root MuiIconButton-root MuiIconButton-colorError MuiIconButton-sizeMedium css-1iatk21-MuiButtonBase-root-MuiIconButton-root"[39m
    [33mtabindex[39m=[32m"0"[39m
    [33mtype[39m=[32m"button"[39m
  [36m/>[39m

  Name "Remove change item 565":
  [36m<button[39m
    [33maria-label[39m=[32m"Remove change item 565"[39m
    [33mclass[39m=[32m"MuiButtonBase-root MuiIconButton-root MuiIconButton-colorError MuiIconButton-sizeMedium css-1iatk21-MuiButtonBase-root-MuiIconButton-root"[39m
    [33mtabindex[39m=[32m"0"[39m
    [33mtype[39m=[32m"button"[39m
  [36m/>[39m

  Name "Remove change item 566":
  [36m<button[39m
    [33maria-label[39m=[32m"Remove change item 566"[39m
    [33mclass[39m=[32m"MuiButtonBase-root MuiIconButton-root MuiIconButton-colorError MuiIconButton-sizeMedium css-1iatk21-MuiButtonBase-root-MuiIconButton-root"[39m
    [33mtabindex[39m=[32m"0"[39m
    [33mtype[39m=[32m"button"[39m
  [36m/>[39m

  Name "Remove change item 567":
  [36m<button[39m
    [33maria-label[39m=[32m"Remove change item 567"[39m
    [33mclass[39m=[32m"MuiButtonBase-root MuiIconButton-root MuiIconButton-colorError MuiIconButton-sizeMedium css-1iatk21-MuiButtonBase-root-MuiIconButton-root"[39m
    [33mtabindex[39m=[32m"0"[39m
    [33mtype[39m=[32m"button"[39m
  [36m/>[39m

  Name "Remove change item 568":
  [36m<button[39m
    [33maria-label[39m=[32m"Remove change item 568"[39m
    [33mclass[39m=[32m"MuiButtonBase-root MuiIconButton-root MuiIconButton-colorError MuiIconButton-sizeMedium css-1iatk21-MuiButtonBase-root-MuiIconButton-root"[39m
    [33mtabindex[39m=[32m"0"[39m
    [33mtype[39m=[32m"button"[39m
  [36m/>[39m

  Name "Remove change item 569":
  [36m<button[39m
    [33maria-label[39m=[32m"Remove change item 569"[39m
    [33mclass[39m=[32m"MuiButtonBase-root MuiIconButton-root MuiIconButton-colorError MuiIconButton-sizeMedium css-1iatk21-MuiButtonBase-root-MuiIconButton-root"[39m
    [33mtabindex[39m=[32m"0"[39m
    [33mtype[39m=[32m"button"[39m
  [36m/>[39m

  Name "Remove change item 570":
  [36m<button[39m
    [33maria-label[39m=[32m"Remove change item 570"[39m
    [33mclass[39m=[32m"MuiButtonBase-root MuiIconButton-root MuiIconButton-colorError MuiIconButton-sizeMedium css-1iatk21-MuiButtonBase-root-MuiIconButton-root"[39m
    [33mtabindex[39m=[32m"0"[39m
    [33mtype[39m=[32m"button"[39m
  [36m/>[39m

  Name "Remove change item 571":
  [36m<button[39m
    [33maria-label[39m=[32m"Remove change item 571"[39m
    [33mclass[39m=[32m"MuiButtonBase-root MuiIconButton-root MuiIconButton-colorError MuiIconButton-sizeMedium css-1iatk21-MuiButtonBase-root-MuiIconButton-root"[39m
    [33mtabindex[39m=[32m"0"[39m
    [33mtype[39m=[32m"button"[39m
  [36m/>[39m

  Name "Remove change item 572":
  [36m<button[39m
    [33maria-label[39m=[32m"Remove change item 572"[39m
    [33mclass[39m=[32m"MuiButtonBase-root MuiIconButton-root MuiIconButton-colorError MuiIconButton-sizeMedium css-1iatk21-MuiButtonBase-root-MuiIconButton-root"[39m
    [33mtabindex[39m=[32m"0"[39m
    [33mtype[39m=[32m"button"[39m
  [36m/>[39m

  Name "Remove change item 573":
  [36m<button[39m
    [33maria-label[39m=[32m"Remove change item 573"[39m
    [33mclass[39m=[32m"MuiButtonBase-root MuiIconButton-root MuiIconButton-colorError MuiIconButton-sizeMedium css-1iatk21-MuiButtonBase-root-MuiIconButton-root"[39m
    [33mtabindex[39m=[32m"0"[39m
    [33mtype[39m=[32m"button"[39m
  [36m/>[39m

  Name "Remove change item 574":
  [36m<button[39m
    [33maria-label[39m=[32m"Remove change item 574"[39m
    [33mclass[39m=[32m"MuiButtonBase-root MuiIconButton-root MuiIconButton-colorError MuiIconButton-sizeMedium css-1iatk21-MuiButtonBase-root-MuiIconButton-root"[39m
    [33mtabindex[39m=[32m"0"[39m
    [33mtype[39m=[32m"button"[39m
  [36m/>[39m

  Name "Remove change item 575":
  [36m<button[39m
    [33maria-label[39m=[32m"Remove change item 575"[39m
    [33mclass[39m=[32m"MuiButtonBase-root MuiIconButton-root MuiIconButton-colorError MuiIconButton-sizeMedium css-1iatk21-MuiButtonBase-root-MuiIconButton-root"[39m
    [33mtabindex[39m=[32m"0"[39m
    [33mtype[39m=[32m"button"[39m
  [36m/>[39m

  Name "Remove change item 576":
  [36m<button[39m
    [33maria-label[39m=[32m"Remove change item 576"[39m
    [33mclass[39m=[32m"MuiButtonBase-root MuiIconButton-root MuiIconButton-colorError MuiIconButton-sizeMedium css-1iatk21-MuiButtonBase-root-MuiIconButton-root"[39m
    [33mtabindex[39m=[32m"0"[39m
    [33mtype[39m=[32m"button"[39m
  [36m/>[39m

  Name "Remove change item 577":
  [36m<button[39m
    [33maria-label[39m=[32m"Remove change item 577"[39m
    [33mclass[39m=[32m"MuiButtonBase-root MuiIconButton-root MuiIconButton-colorError MuiIconButton-sizeMedium css-1iatk21-MuiButtonBase-root-MuiIconButton-root"[39m
    [33mtabindex[39m=[32m"0"[39m
    [33mtype[39m=[32m"button"[39m
  [36m/>[39m

  Name "Remove change item 578":
  [36m<button[39m
    [33maria-label[39m=[32m"Remove change item 578"[39m
    [33mclass[39m=[32m"MuiButtonBase-root MuiIconButton-root MuiIconButton-colorError MuiIconButton-sizeMedium css-1iatk21-MuiButtonBase-root-MuiIconButton-root"[39m
    [33mtabindex[39m=[32m"0"[39m
    [33mtype[39m=[32m"button"[39m
  [36m/>[39m

  Name "Remove change item 579":
  [36m<button[39m
    [33maria-label[39m=[32m"Remove change item 579"[39m
    [33mclass[39m=[32m"MuiButtonBase-root MuiIconButton-root MuiIconButton-colorError MuiIconButton-sizeMedium css-1iatk21-MuiButtonBase-root-MuiIconButton-root"[39m
    [33mtabindex[39m=[32m"0"[39m
    [33mtype[39m=[32m"button"[39m
  [36m/>[39m

  Name "Remove change item 580":
  [36m<button[39m
    [33maria-label[39m=[32m"Remove change item 580"[39m
    [33mclass[39m=[32m"MuiButtonBase-root MuiIconButton-root MuiIconButton-colorError MuiIconButton-sizeMedium css-1iatk21-MuiButtonBase-root-MuiIconButton-root"[39m
    [33mtabindex[39m=[32m"0"[39m
    [33mtype[39m=[32m"button"[39m
  [36m/>[39m

  Name "Remove change item 581":
  [36m<button[39m
    [33maria-label[39m=[32m"Remove change item 581"[39m
    [33mclass[39m=[32m"MuiButtonBase-root MuiIconButton-root MuiIconButton-colorError MuiIconButton-sizeMedium css-1iatk21-MuiButtonBase-root-MuiIconButton-root"[39m
    [33mtabindex[39m=[32m"0"[39m
    [33mtype[39m=[32m"button"[39m
  [36m/>[39m

  Name "Remove change item 582":
  [36m<button[39m
    [33maria-label[39m=[32m"Remove change item 582"[39m
    [33mclass[39m=[32m"MuiButtonBase-root MuiIconButton-root MuiIconButton-colorError MuiIconButton-sizeMedium css-1iatk21-MuiButtonBase-root-MuiIconButton-root"[39m
    [33mtabindex[39m=[32m"0"[39m
    [33mtype[39m=[32m"button"[39m
  [36m/>[39m

  Name "Remove change item 583":
  [36m<button[39m
    [33maria-label[39m=[32m"Remove change item 583"[39m
    [33mclass[39m=[32m"MuiButtonBase-root MuiIconButton-root MuiIconButton-colorError MuiIconButton-sizeMedium css-1iatk21-MuiButtonBase-root-MuiIconButton-root"[39m
    [33mtabindex[39m=[32m"0"[39m
    [33mtype[39m=[32m"button"[39m
  [36m/>[39m

  Name "Remove change item 584":
  [36m<button[39m
    [33maria-label[39m=[32m"Remove change item 584"[39m
    [33mclass[39m=[32m"MuiButtonBase-root MuiIconButton-root MuiIconButton-colorError MuiIconButton-sizeMedium css-1iatk21-MuiButtonBase-root-MuiIconButton-root"[39m
    [33mtabindex[39m=[32m"0"[39m
    [33mtype[39m=[32m"button"[39m
  [36m/>[39m

  Name "Remove change item 585":
  [36m<button[39m
    [33maria-label[39m=[32m"Remove change item 585"[39m
    [33mclass[39m=[32m"MuiButtonBase-root MuiIconButton-root MuiIconButton-colorError MuiIconButton-sizeMedium css-1iatk21-MuiButtonBase-root-MuiIconButton-root"[39m
    [33mtabindex[39m=[32m"0"[39m
    [33mtype[39m=[32m"button"[39m
  [36m/>[39m

  Name "Remove change item 586":
  [36m<button[39m
    [33maria-label[39m=[32m"Remove change item 586"[39m
    [33mclass[39m=[32m"MuiButtonBase-root MuiIconButton-root MuiIconButton-colorError MuiIconButton-sizeMedium css-1iatk21-MuiButtonBase-root-MuiIconButton-root"[39m
    [33mtabindex[39m=[32m"0"[39m
    [33mtype[39m=[32m"button"[39m
  [36m/>[39m

  Name "Remove change item 587":
  [36m<button[39m
    [33maria-label[39m=[32m"Remove change item 587"[39m
    [33mclass[39m=[32m"MuiButtonBase-root MuiIconButton-root MuiIconButton-colorError MuiIconButton-sizeMedium css-1iatk21-MuiButtonBase-root-MuiIconButton-root"[39m
    [33mtabindex[39m=[32m"0"[39m
    [33mtype[39m=[32m"button"[39m
  [36m/>[39m

  Name "Remove change item 588":
  [36m<button[39m
    [33maria-label[39m=[32m"Remove change item 588"[39m
    [33mclass[39m=[32m"MuiButtonBase-root MuiIconButton-root MuiIconButton-colorError MuiIconButton-sizeMedium css-1iatk21-MuiButtonBase-root-MuiIconButton-root"[39m
    [33mtabindex[39m=[32m"0"[39m
    [33mtype[39m=[32m"button"[39m
  [36m/>[39m

  Name "Remove change item 589":
  [36m<button[39m
    [33maria-label[39m=[32m"Remove change item 589"[39m
    [33mclass[39m=[32m"MuiButtonBase-root MuiIconButton-root MuiIconButton-colorError MuiIconButton-sizeMedium css-1iatk21-MuiButtonBase-root-MuiIconButton-root"[39m
    [33mtabindex[39m=[32m"0"[39m
    [33mtype[39m=[32m"button"[39m
  [36m/>[39m

  Name "Remove change item 590":
  [36m<button[39m
    [33maria-label[39m=[32m"Remove change item 590"[39m
    [33mclass[39m=[32m"MuiButtonBase-root MuiIconButton-root MuiIconButton-colorError MuiIconButton-sizeMedium css-1iatk21-MuiButtonBase-root-MuiIconButton-root"[39m
    [33mtabindex[39m=[32m"0"[39m
    [33mtype[39m=[32m"button"[39m
  [36m/>[39m

  Name "Remove change item 591":
  [36m<button[39m
    [33maria-label[39m=[32m"Remove change item 591"[39m
    [33mclass[39m=[32m"MuiButtonBase-root MuiIconButton-root MuiIconButton-colorError MuiIconButton-sizeMedium css-1iatk21-MuiButtonBase-root-MuiIconButton-root"[39m
    [33mtabindex[39m=[32m"0"[39m
    [33mtype[39m=[32m"button"[39m
  [36m/>[39m

  Name "Remove change item 592":
  [36m<button[39m
    [33maria-label[39m=[32m"Remove change item 592"[39m
    [33mclass[39m=[32m"MuiButtonBase-root MuiIconButton-root MuiIconButton-colorError MuiIconButton-sizeMedium css-1iatk21-MuiButtonBase-root-MuiIconButton-root"[39m
    [33mtabindex[39m=[32m"0"[39m
    [33mtype[39m=[32m"button"[39m
  [36m/>[39m

  Name "Remove change item 593":
  [36m<button[39m
    [33maria-label[39m=[32m"Remove change item 593"[39m
    [33mclass[39m=[32m"MuiButtonBase-root MuiIconButton-root MuiIconButton-colorError MuiIconButton-sizeMedium css-1iatk21-MuiButtonBase-root-MuiIconButton-root"[39m
    [33mtabindex[39m=[32m"0"[39m
    [33mtype[39m=[32m"button"[39m
  [36m/>[39m

  Name "Remove change item 594":
  [36m<button[39m
    [33maria-label[39m=[32m"Remove change item 594"[39m
    [33mclass[39m=[32m"MuiButtonBase-root MuiIconButton-root MuiIconButton-colorError MuiIconButton-sizeMedium css-1iatk21-MuiButtonBase-root-MuiIconButton-root"[39m
    [33mtabindex[39m=[32m"0"[39m
    [33mtype[39m=[32m"button"[39m
  [36m/>[39m

  Name "Remove change item 595":
  [36m<button[39m
    [33maria-label[39m=[32m"Remove change item 595"[39m
    [33mclass[39m=[32m"MuiButtonBase-root MuiIconButton-root MuiIconButton-colorError MuiIconButton-sizeMedium css-1iatk21-MuiButtonBase-root-MuiIconButton-root"[39m
    [33mtabindex[39m=[32m"0"[39m
    [33mtype[39m=[32m"button"[39m
  [36m/>[39m

  Name "Remove change item 596":
  [36m<button[39m
    [33maria-label[39m=[32m"Remove change item 596"[39m
    [33mclass[39m=[32m"MuiButtonBase-root MuiIconButton-root MuiIconButton-colorError MuiIconButton-sizeMedium css-1iatk21-MuiButtonBase-root-MuiIconButton-root"[39m
    [33mtabindex[39m=[32m"0"[39m
    [33mtype[39m=[32m"button"[39m
  [36m/>[39m

  Name "Remove change item 597":
  [36m<button[39m
    [33maria-label[39m=[32m"Remove change item 597"[39m
    [33mclass[39m=[32m"MuiButtonBase-root MuiIconButton-root MuiIconButton-colorError MuiIconButton-sizeMedium css-1iatk21-MuiButtonBase-root-MuiIconButton-root"[39m
    [33mtabindex[39m=[32m"0"[39m
    [33mtype[39m=[32m"button"[39m
  [36m/>[39m

  Name "Remove change item 598":
  [36m<button[39m
    [33maria-label[39m=[32m"Remove change item 598"[39m
    [33mclass[39m=[32m"MuiButtonBase-root MuiIconButton-root MuiIconButton-colorError MuiIconButton-sizeMedium css-1iatk21-MuiButtonBase-root-MuiIconButton-root"[39m
    [33mtabindex[39m=[32m"0"[39m
    [33mtype[39m=[32m"button"[39m
  [36m/>[39m

  Name "Remove change item 599":
  [36m<button[39m
    [33maria-label[39m=[32m"Remove change item 599"[39m
    [33mclass[39m=[32m"MuiButtonBase-root MuiIconButton-root MuiIconButton-colorError MuiIconButton-sizeMedium css-1iatk21-MuiButtonBase-root-MuiIconButton-root"[39m
    [33mtabindex[39m=[32m"0"[39m
    [33mtype[39m=[32m"button"[39m
  [36m/>[39m

  Name "Remove change item 600":
  [36m<button[39m
    [33maria-label[39m=[32m"Remove change item 600"[39m
    [33mclass[39m=[32m"MuiButtonBase-root MuiIconButton-root MuiIconButton-colorError MuiIconButton-sizeMedium css-1iatk21-MuiButtonBase-root-MuiIconButton-root"[39m
    [33mtabindex[39m=[32m"0"[39m
    [33mtype[39m=[32m"button"[39m
  [36m/>[39m

  Name "Remove change item 601":
  [36m<button[39m
    [33maria-label[39m=[32m"Remove change item 601"[39m
    [33mclass[39m=[32m"MuiButtonBase-root MuiIconButton-root MuiIconButton-colorError MuiIconButton-sizeMedium css-1iatk21-MuiButtonBase-root-MuiIconButton-root"[39m
    [33mtabindex[39m=[32m"0"[39m
    [33mtype[39m=[32m"button"[39m
  [36m/>[39m

  Name "Remove change item 602":
  [36m<button[39m
    [33maria-label[39m=[32m"Remove change item 602"[39m
    [33mclass[39m=[32m"MuiButtonBase-root MuiIconButton-root MuiIconButton-colorError MuiIconButton-sizeMedium css-1iatk21-MuiButtonBase-root-MuiIconButton-root"[39m
    [33mtabindex[39m=[32m"0"[39m
    [33mtype[39m=[32m"button"[39m
  [36m/>[39m

  Name "Remove change item 603":
  [36m<button[39m
    [33maria-label[39m=[32m"Remove change item 603"[39m
    [33mclass[39m=[32m"MuiButtonBase-root MuiIconButton-root MuiIconButton-colorError MuiIconButton-sizeMedium css-1iatk21-MuiButtonBase-root-MuiIconButton-root"[39m
    [33mtabindex[39m=[32m"0"[39m
    [33mtype[39m=[32m"button"[39m
  [36m/>[39m

  Name "Remove change item 604":
  [36m<button[39m
    [33maria-label[39m=[32m"Remove change item 604"[39m
    [33mclass[39m=[32m"MuiButtonBase-root MuiIconButton-root MuiIconButton-colorError MuiIconButton-sizeMedium css-1iatk21-MuiButtonBase-root-MuiIconButton-root"[39m
    [33mtabindex[39m=[32m"0"[39m
    [33mtype[39m=[32m"button"[39m
  [36m/>[39m

  Name "Remove change item 605":
  [36m<button[39m
    [33maria-label[39m=[32m"Remove change item 605"[39m
    [33mclass[39m=[32m"MuiButtonBase-root MuiIconButton-root MuiIconButton-colorError MuiIconButton-sizeMedium css-1iatk21-MuiButtonBase-root-MuiIconButton-root"[39m
    [33mtabindex[39m=[32m"0"[39m
    [33mtype[39m=[32m"button"[39m
  [36m/>[39m

  Name "Remove change item 606":
  [36m<button[39m
    [33maria-label[39m=[32m"Remove change item 606"[39m
    [33mclass[39m=[32m"MuiButtonBase-root MuiIconButton-root MuiIconButton-colorError MuiIconButton-sizeMedium css-1iatk21-MuiButtonBase-root-MuiIconButton-root"[39m
    [33mtabindex[39m=[32m"0"[39m
    [33mtype[39m=[32m"button"[39m
  [36m/>[39m

  Name "Remove change item 607":
  [36m<button[39m
    [33maria-label[39m=[32m"Remove change item 607"[39m
    [33mclass[39m=[32m"MuiButtonBase-root MuiIconButton-root MuiIconButton-colorError MuiIconButton-sizeMedium css-1iatk21-MuiButtonBase-root-MuiIconButton-root"[39m
    [33mtabindex[39m=[32m"0"[39m
    [33mtype[39m=[32m"button"[39m
  [36m/>[39m

  Name "Remove change item 608":
  [36m<button[39m
    [33maria-label[39m=[32m"Remove change item 608"[39m
    [33mclass[39m=[32m"MuiButtonBase-root MuiIconButton-root MuiIconButton-colorError MuiIconButton-sizeMedium css-1iatk21-MuiButtonBase-root-MuiIconButton-root"[39m
    [33mtabindex[39m=[32m"0"[39m
    [33mtype[39m=[32m"button"[39m
  [36m/>[39m

  Name "Remove change item 609":
  [36m<button[39m
    [33maria-label[39m=[32m"Remove change item 609"[39m
    [33mclass[39m=[32m"MuiButtonBase-root MuiIconButton-root MuiIconButton-colorError MuiIconButton-sizeMedium css-1iatk21-MuiButtonBase-root-MuiIconButton-root"[39m
    [33mtabindex[39m=[32m"0"[39m
    [33mtype[39m=[32m"button"[39m
  [36m/>[39m

  Name "Remove change item 610":
  [36m<button[39m
    [33maria-label[39m=[32m"Remove change item 610"[39m
    [33mclass[39m=[32m"MuiButtonBase-root MuiIconButton-root MuiIconButton-colorError MuiIconButton-sizeMedium css-1iatk21-MuiButtonBase-root-MuiIconButton-root"[39m
    [33mtabindex[39m=[32m"0"[39m
    [33mtype[39m=[32m"button"[39m
  [36m/>[39m

  Name "Remove change item 611":
  [36m<button[39m
    [33maria-label[39m=[32m"Remove change item 611"[39m
    [33mclass[39m=[32m"MuiButtonBase-root MuiIconButton-root MuiIconButton-colorError MuiIconButton-sizeMedium css-1iatk21-MuiButtonBase-root-MuiIconButton-root"[39m
    [33mtabindex[39m=[32m"0"[39m
    [33mtype[39m=[32m"button"[39m
  [36m/>[39m

  Name "Remove change item 612":
  [36m<button[39m
    [33maria-label[39m=[32m"Remove change item 612"[39m
    [33mclass[39m=[32m"MuiButtonBase-root MuiIconButton-root MuiIconButton-colorError MuiIconButton-sizeMedium css-1iatk21-MuiButtonBase-root-MuiIconButton-root"[39m
    [33mtabindex[39m=[32m"0"[39m
    [33mtype[39m=[32m"button"[39m
  [36m/>[39m

  Name "Remove change item 613":
  [36m<button[39m
    [33maria-label[39m=[32m"Remove change item 613"[39m
    [33mclass[39m=[32m"MuiButtonBase-root MuiIconButton-root MuiIconButton-colorError MuiIconButton-sizeMedium css-1iatk21-MuiButtonBase-root-MuiIconButton-root"[39m
    [33mtabindex[39m=[32m"0"[39m
    [33mtype[39m=[32m"button"[39m
  [36m/>[39m

  Name "Remove change item 614":
  [36m<button[39m
    [33maria-label[39m=[32m"Remove change item 614"[39m
    [33mclass[39m=[32m"MuiButtonBase-root MuiIconButton-root MuiIconButton-colorError MuiIconButton-sizeMedium css-1iatk21-MuiButtonBase-root-MuiIconButton-root"[39m
    [33mtabindex[39m=[32m"0"[39m
    [33mtype[39m=[32m"button"[39m
  [36m/>[39m

  Name "Remove change item 615":
  [36m<button[39m
    [33maria-label[39m=[32m"Remove change item 615"[39m
    [33mclass[39m=[32m"MuiButtonBase-root MuiIconButton-root MuiIconButton-colorError MuiIconButton-sizeMedium css-1iatk21-MuiButtonBase-root-MuiIconButton-root"[39m
    [33mtabindex[39m=[32m"0"[39m
    [33mtype[39m=[32m"button"[39m
  [36m/>[39m

  Name "Remove change item 616":
  [36m<button[39m
    [33maria-label[39m=[32m"Remove change item 616"[39m
    [33mclass[39m=[32m"MuiButtonBase-root MuiIconButton-root MuiIconButton-colorError MuiIconButton-sizeMedium css-1iatk21-MuiButtonBase-root-MuiIconButton-root"[39m
    [33mtabindex[39m=[32m"0"[39m
    [33mtype[39m=[32m"button"[39m
  [36m/>[39m

  Name "Remove change item 617":
  [36m<button[39m
    [33maria-label[39m=[32m"Remove change item 617"[39m
    [33mclass[39m=[32m"MuiButtonBase-root MuiIconButton-root MuiIconButton-colorError MuiIconButton-sizeMedium css-1iatk21-MuiButtonBase-root-MuiIconButton-root"[39m
    [33mtabindex[39m=[32m"0"[39m
    [33mtype[39m=[32m"button"[39m
  [36m/>[39m

  Name "Remove change item 618":
  [36m<button[39m
    [33maria-label[39m=[32m"Remove change item 618"[39m
    [33mclass[39m=[32m"MuiButtonBase-root MuiIconButton-root MuiIconButton-colorError MuiIconButton-sizeMedium css-1iatk21-MuiButtonBase-root-MuiIconButton-root"[39m
    [33mtabindex[39m=[32m"0"[39m
    [33mtype[39m=[32m"button"[39m
  [36m/>[39m

  Name "Remove change item 619":
  [36m<button[39m
    [33maria-label[39m=[32m"Remove change item 619"[39m
    [33mclass[39m=[32m"MuiButtonBase-root MuiIconButton-root MuiIconButton-colorError MuiIconButton-sizeMedium css-1iatk21-MuiButtonBase-root-MuiIconButton-root"[39m
    [33mtabindex[39m=[32m"0"[39m
    [33mtype[39m=[32m"button"[39m
  [36m/>[39m

  Name "Remove change item 620":
  [36m<button[39m
    [33maria-label[39m=[32m"Remove change item 620"[39m
    [33mclass[39m=[32m"MuiButtonBase-root MuiIconButton-root MuiIconButton-colorError MuiIconButton-sizeMedium css-1iatk21-MuiButtonBase-root-MuiIconButton-root"[39m
    [33mtabindex[39m=[32m"0"[39m
    [33mtype[39m=[32m"button"[39m
  [36m/>[39m

  Name "Remove change item 621":
  [36m<button[39m
    [33maria-label[39m=[32m"Remove change item 621"[39m
    [33mclass[39m=[32m"MuiButtonBase-root MuiIconButton-root MuiIconButton-colorError MuiIconButton-sizeMedium css-1iatk21-MuiButtonBase-root-MuiIconButton-root"[39m
    [33mtabindex[39m=[32m"0"[39m
    [33mtype[39m=[32m"button"[39m
  [36m/>[39m

  Name "Remove change item 622":
  [36m<button[39m
    [33maria-label[39m=[32m"Remove change item 622"[39m
    [33mclass[39m=[32m"MuiButtonBase-root MuiIconButton-root MuiIconButton-colorError MuiIconButton-sizeMedium css-1iatk21-MuiButtonBase-root-MuiIconButton-root"[39m
    [33mtabindex[39m=[32m"0"[39m
    [33mtype[39m=[32m"button"[39m
  [36m/>[39m

  Name "Remove change item 623":
  [36m<button[39m
    [33maria-label[39m=[32m"Remove change item 623"[39m
    [33mclass[39m=[32m"MuiButtonBase-root MuiIconButton-root MuiIconButton-colorError MuiIconButton-sizeMedium css-1iatk21-MuiButtonBase-root-MuiIconButton-root"[39m
    [33mtabindex[39m=[32m"0"[39m
    [33mtype[39m=[32m"button"[39m
  [36m/>[39m

  Name "Remove change item 624":
  [36m<button[39m
    [33maria-label[39m=[32m"Remove change item 624"[39m
    [33mclass[39m=[32m"MuiButtonBase-root MuiIconButton-root MuiIconButton-colorError MuiIconButton-sizeMedium css-1iatk21-MuiButtonBase-root-MuiIconButton-root"[39m
    [33mtabindex[39m=[32m"0"[39m
    [33mtype[39m=[32m"button"[39m
  [36m/>[39m

  Name "Remove change item 625":
  [36m<button[39m
    [33maria-label[39m=[32m"Remove change item 625"[39m
    [33mclass[39m=[32m"MuiButtonBase-root MuiIconButton-root MuiIconButton-colorError MuiIconButton-sizeMedium css-1iatk21-MuiButtonBase-root-MuiIconButton-root"[39m
    [33mtabindex[39m=[32m"0"[39m
    [33mtype[39m=[32m"button"[39m
  [36m/>[39m

  Name "Remove change item 626":
  [36m<button[39m
    [33maria-label[39m=[32m"Remove change item 626"[39m
    [33mclass[39m=[32m"MuiButtonBase-root MuiIconButton-root MuiIconButton-colorError MuiIconButton-sizeMedium css-1iatk21-MuiButtonBase-root-MuiIconButton-root"[39m
    [33mtabindex[39m=[32m"0"[39m
    [33mtype[39m=[32m"button"[39m
  [36m/>[39m

  Name "Remove change item 627":
  [36m<button[39m
    [33maria-label[39m=[32m"Remove change item 627"[39m
    [33mclass[39m=[32m"MuiButtonBase-root MuiIconButton-root MuiIconButton-colorError MuiIconButton-sizeMedium css-1iatk21-MuiButtonBase-root-MuiIconButton-root"[39m
    [33mtabindex[39m=[32m"0"[39m
    [33mtype[39m=[32m"button"[39m
  [36m/>[39m

  Name "Remove change item 628":
  [36m<button[39m
    [33maria-label[39m=[32m"Remove change item 628"[39m
    [33mclass[39m=[32m"MuiButtonBase-root MuiIconButton-root MuiIconButton-colorError MuiIconButton-sizeMedium css-1iatk21-MuiButtonBase-root-MuiIconButton-root"[39m
    [33mtabindex[39m=[32m"0"[39m
    [33mtype[39m=[32m"button"[39m
  [36m/>[39m

  Name "Remove change item 629":
  [36m<button[39m
    [33maria-label[39m=[32m"Remove change item 629"[39m
    [33mclass[39m=[32m"MuiButtonBase-root MuiIconButton-root MuiIconButton-colorError MuiIconButton-sizeMedium css-1iatk21-MuiButtonBase-root-MuiIconButton-root"[39m
    [33mtabindex[39m=[32m"0"[39m
    [33mtype[39m=[32m"button"[39m
  [36m/>[39m

  Name "Remove change item 630":
  [36m<button[39m
    [33maria-label[39m=[32m"Remove change item 630"[39m
    [33mclass[39m=[32m"MuiButtonBase-root MuiIconButton-root MuiIconButton-colorError MuiIconButton-sizeMedium css-1iatk21-MuiButtonBase-root-MuiIconButton-root"[39m
    [33mtabindex[39m=[32m"0"[39m
    [33mtype[39m=[32m"button"[39m
  [36m/>[39m

  Name "Remove change item 631":
  [36m<button[39m
    [33maria-label[39m=[32m"Remove change item 631"[39m
    [33mclass[39m=[32m"MuiButtonBase-root MuiIconButton-root MuiIconButton-colorError MuiIconButton-sizeMedium css-1iatk21-MuiButtonBase-root-MuiIconButton-root"[39m
    [33mtabindex[39m=[32m"0"[39m
    [33mtype[39m=[32m"button"[39m
  [36m/>[39m

  Name "Remove change item 632":
  [36m<button[39m
    [33maria-label[39m=[32m"Remove change item 632"[39m
    [33mclass[39m=[32m"MuiButtonBase-root MuiIconButton-root MuiIconButton-colorError MuiIconButton-sizeMedium css-1iatk21-MuiButtonBase-root-MuiIconButton-root"[39m
    [33mtabindex[39m=[32m"0"[39m
    [33mtype[39m=[32m"button"[39m
  [36m/>[39m

  Name "Remove change item 633":
  [36m<button[39m
    [33maria-label[39m=[32m"Remove change item 633"[39m
    [33mclass[39m=[32m"MuiButtonBase-root MuiIconButton-root MuiIconButton-colorError MuiIconButton-sizeMedium css-1iatk21-MuiButtonBase-root-MuiIconButton-root"[39m
    [33mtabindex[39m=[32m"0"[39m
    [33mtype[39m=[32m"button"[39m
  [36m/>[39m

  Name "Remove change item 634":
  [36m<button[39m
    [33maria-label[39m=[32m"Remove change item 634"[39m
    [33mclass[39m=[32m"MuiButtonBase-root MuiIconButton-root MuiIconButton-colorError MuiIconButton-sizeMedium css-1iatk21-MuiButtonBase-root-MuiIconButton-root"[39m
    [33mtabindex[39m=[32m"0"[39m
    [33mtype[39m=[32m"button"[39m
  [36m/>[39m

  Name "Remove change item 635":
  [36m<button[39m
    [33maria-label[39m=[32m"Remove change item 635"[39m
    [33mclass[39m=[32m"MuiButtonBase-root MuiIconButton-root MuiIconButton-colorError MuiIconButton-sizeMedium css-1iatk21-MuiButtonBase-root-MuiIconButton-root"[39m
    [33mtabindex[39m=[32m"0"[39m
    [33mtype[39m=[32m"button"[39m
  [36m/>[39m

  Name "Remove change item 636":
  [36m<button[39m
    [33maria-label[39m=[32m"Remove change item 636"[39m
    [33mclass[39m=[32m"MuiButtonBase-root MuiIconButton-root MuiIconButton-colorError MuiIconButton-sizeMedium css-1iatk21-MuiButtonBase-root-MuiIconButton-root"[39m
    [33mtabindex[39m=[32m"0"[39m
    [33mtype[39m=[32m"button"[39m
  [36m/>[39m

  Name "Remove change item 637":
  [36m<button[39m
    [33maria-label[39m=[32m"Remove change item 637"[39m
    [33mclass[39m=[32m"MuiButtonBase-root MuiIconButton-root MuiIconButton-colorError MuiIconButton-sizeMedium css-1iatk21-MuiButtonBase-root-MuiIconButton-root"[39m
    [33mtabindex[39m=[32m"0"[39m
    [33mtype[39m=[32m"button"[39m
  [36m/>[39m

  Name "Remove change item 638":
  [36m<button[39m
    [33maria-label[39m=[32m"Remove change item 638"[39m
    [33mclass[39m=[32m"MuiButtonBase-root MuiIconButton-root MuiIconButton-colorError MuiIconButton-sizeMedium css-1iatk21-MuiButtonBase-root-MuiIconButton-root"[39m
    [33mtabindex[39m=[32m"0"[39m
    [33mtype[39m=[32m"button"[39m
  [36m/>[39m

  Name "Remove change item 639":
  [36m<button[39m
    [33maria-label[39m=[32m"Remove change item 639"[39m
    [33mclass[39m=[32m"MuiButtonBase-root MuiIconButton-root MuiIconButton-colorError MuiIconButton-sizeMedium css-1iatk21-MuiButtonBase-root-MuiIconButton-root"[39m
    [33mtabindex[39m=[32m"0"[39m
    [33mtype[39m=[32m"button"[39m
  [36m/>[39m

  Name "Remove change item 640":
  [36m<button[39m
    [33maria-label[39m=[32m"Remove change item 640"[39m
    [33mclass[39m=[32m"MuiButtonBase-root MuiIconButton-root MuiIconButton-colorError MuiIconButton-sizeMedium css-1iatk21-MuiButtonBase-root-MuiIconButton-root"[39m
    [33mtabindex[39m=[32m"0"[39m
    [33mtype[39m=[32m"button"[39m
  [36m/>[39m

  Name "Remove change item 641":
  [36m<button[39m
    [33maria-label[39m=[32m"Remove change item 641"[39m
    [33mclass[39m=[32m"MuiButtonBase-root MuiIconButton-root MuiIconButton-colorError MuiIconButton-sizeMedium css-1iatk21-MuiButtonBase-root-MuiIconButton-root"[39m
    [33mtabindex[39m=[32m"0"[39m
    [33mtype[39m=[32m"button"[39m
  [36m/>[39m

  Name "Remove change item 642":
  [36m<button[39m
    [33maria-label[39m=[32m"Remove change item 642"[39m
    [33mclass[39m=[32m"MuiButtonBase-root MuiIconButton-root MuiIconButton-colorError MuiIconButton-sizeMedium css-1iatk21-MuiButtonBase-root-MuiIconButton-root"[39m
    [33mtabindex[39m=[32m"0"[39m
    [33mtype[39m=[32m"button"[39m
  [36m/>[39m

  Name "Remove change item 643":
  [36m<button[39m
    [33maria-label[39m=[32m"Remove change item 643"[39m
    [33mclass[39m=[32m"MuiButtonBase-root MuiIconButton-root MuiIconButton-colorError MuiIconButton-sizeMedium css-1iatk21-MuiButtonBase-root-MuiIconButton-root"[39m
    [33mtabindex[39m=[32m"0"[39m
    [33mtype[39m=[32m"button"[39m
  [36m/>[39m

  Name "Remove change item 644":
  [36m<button[39m
    [33maria-label[39m=[32m"Remove change item 644"[39m
    [33mclass[39m=[32m"MuiButtonBase-root MuiIconButton-root MuiIconButton-colorError MuiIconButton-sizeMedium css-1iatk21-MuiButtonBase-root-MuiIconButton-root"[39m
    [33mtabindex[39m=[32m"0"[39m
    [33mtype[39m=[32m"button"[39m
  [36m/>[39m

  Name "Remove change item 645":
  [36m<button[39m
    [33maria-label[39m=[32m"Remove change item 645"[39m
    [33mclass[39m=[32m"MuiButtonBase-root MuiIconButton-root MuiIconButton-colorError MuiIconButton-sizeMedium css-1iatk21-MuiButtonBase-root-MuiIconButton-root"[39m
    [33mtabindex[39m=[32m"0"[39m
    [33mtype[39m=[32m"button"[39m
  [36m/>[39m

  Name "Remove change item 646":
  [36m<button[39m
    [33maria-label[39m=[32m"Remove change item 646"[39m
    [33mclass[39m=[32m"MuiButtonBase-root MuiIconButton-root MuiIconButton-colorError MuiIconButton-sizeMedium css-1iatk21-MuiButtonBase-root-MuiIconButton-root"[39m
    [33mtabindex[39m=[32m"0"[39m
    [33mtype[39m=[32m"button"[39m
  [36m/>[39m

  Name "Remove change item 647":
  [36m<button[39m
    [33maria-label[39m=[32m"Remove change item 647"[39m
    [33mclass[39m=[32m"MuiButtonBase-root MuiIconButton-root MuiIconButton-colorError MuiIconButton-sizeMedium css-1iatk21-MuiButtonBase-root-MuiIconButton-root"[39m
    [33mtabindex[39m=[32m"0"[39m
    [33mtype[39m=[32m"button"[39m
  [36m/>[39m

  Name "Remove change item 648":
  [36m<button[39m
    [33maria-label[39m=[32m"Remove change item 648"[39m
    [33mclass[39m=[32m"MuiButtonBase-root MuiIconButton-root MuiIconButton-colorError MuiIconButton-sizeMedium css-1iatk21-MuiButtonBase-root-MuiIconButton-root"[39m
    [33mtabindex[39m=[32m"0"[39m
    [33mtype[39m=[32m"button"[39m
  [36m/>[39m

  Name "Remove change item 649":
  [36m<button[39m
    [33maria-label[39m=[32m"Remove change item 649"[39m
    [33mclass[39m=[32m"MuiButtonBase-root MuiIconButton-root MuiIconButton-colorError MuiIconButton-sizeMedium css-1iatk21-MuiButtonBase-root-MuiIconButton-root"[39m
    [33mtabindex[39m=[32m"0"[39m
    [33mtype[39m=[32m"button"[39m
  [36m/>[39m

  Name "Remove change item 650":
  [36m<button[39m
    [33maria-label[39m=[32m"Remove change item 650"[39m
    [33mclass[39m=[32m"MuiButtonBase-root MuiIconButton-root MuiIconButton-colorError MuiIconButton-sizeMedium css-1iatk21-MuiButtonBase-root-MuiIconButton-root"[39m
    [33mtabindex[39m=[32m"0"[39m
    [33mtype[39m=[32m"button"[39m
  [36m/>[39m

  Name "Remove change item 651":
  [36m<button[39m
    [33maria-label[39m=[32m"Remove change item 651"[39m
    [33mclass[39m=[32m"MuiButtonBase-root MuiIconButton-root MuiIconButton-colorError MuiIconButton-sizeMedium css-1iatk21-MuiButtonBase-root-MuiIconButton-root"[39m
    [33mtabindex[39m=[32m"0"[39m
    [33mtype[39m=[32m"button"[39m
  [36m/>[39m

  Name "Remove change item 652":
  [36m<button[39m
    [33maria-label[39m=[32m"Remove change item 652"[39m
    [33mclass[39m=[32m"MuiButtonBase-root MuiIconButton-root MuiIconButton-colorError MuiIconButton-sizeMedium css-1iatk21-MuiButtonBase-root-MuiIconButton-root"[39m
    [33mtabindex[39m=[32m"0"[39m
    [33mtype[39m=[32m"button"[39m
  [36m/>[39m

  Name "Remove change item 653":
  [36m<button[39m
    [33maria-label[39m=[32m"Remove change item 653"[39m
    [33mclass[39m=[32m"MuiButtonBase-root MuiIconButton-root MuiIconButton-colorError MuiIconButton-sizeMedium css-1iatk21-MuiButtonBase-root-MuiIconButton-root"[39m
    [33mtabindex[39m=[32m"0"[39m
    [33mtype[39m=[32m"button"[39m
  [36m/>[39m

  Name "Remove change item 654":
  [36m<button[39m
    [33maria-label[39m=[32m"Remove change item 654"[39m
    [33mclass[39m=[32m"MuiButtonBase-root MuiIconButton-root MuiIconButton-colorError MuiIconButton-sizeMedium css-1iatk21-MuiButtonBase-root-MuiIconButton-root"[39m
    [33mtabindex[39m=[32m"0"[39m
    [33mtype[39m=[32m"button"[39m
  [36m/>[39m

  Name "Remove change item 655":
  [36m<button[39m
    [33maria-label[39m=[32m"Remove change item 655"[39m
    [33mclass[39m=[32m"MuiButtonBase-root MuiIconButton-root MuiIconButton-colorError MuiIconButton-sizeMedium css-1iatk21-MuiButtonBase-root-MuiIconButton-root"[39m
    [33mtabindex[39m=[32m"0"[39m
    [33mtype[39m=[32m"button"[39m
  [36m/>[39m

  Name "Remove change item 656":
  [36m<button[39m
    [33maria-label[39m=[32m"Remove change item 656"[39m
    [33mclass[39m=[32m"MuiButtonBase-root MuiIconButton-root MuiIconButton-colorError MuiIconButton-sizeMedium css-1iatk21-MuiButtonBase-root-MuiIconButton-root"[39m
    [33mtabindex[39m=[32m"0"[39m
    [33mtype[39m=[32m"button"[39m
  [36m/>[39m

  Name "Remove change item 657":
  [36m<button[39m
    [33maria-label[39m=[32m"Remove change item 657"[39m
    [33mclass[39m=[32m"MuiButtonBase-root MuiIconButton-root MuiIconButton-colorError MuiIconButton-sizeMedium css-1iatk21-MuiButtonBase-root-MuiIconButton-root"[39m
    [33mtabindex[39m=[32m"0"[39m
    [33mtype[39m=[32m"button"[39m
  [36m/>[39m

  Name "Remove change item 658":
  [36m<button[39m
    [33maria-label[39m=[32m"Remove change item 658"[39m
    [33mclass[39m=[32m"MuiButtonBase-root MuiIconButton-root MuiIconButton-colorError MuiIconButton-sizeMedium css-1iatk21-MuiButtonBase-root-MuiIconButton-root"[39m
    [33mtabindex[39m=[32m"0"[39m
    [33mtype[39m=[32m"button"[39m
  [36m/>[39m

  Name "Remove change item 659":
  [36m<button[39m
    [33maria-label[39m=[32m"Remove change item 659"[39m
    [33mclass[39m=[32m"MuiButtonBase-root MuiIconButton-root MuiIconButton-colorError MuiIconButton-sizeMedium css-1iatk21-MuiButtonBase-root-MuiIconButton-root"[39m
    [33mtabindex[39m=[32m"0"[39m
    [33mtype[39m=[32m"button"[39m
  [36m/>[39m

  Name "Remove change item 660":
  [36m<button[39m
    [33maria-label[39m=[32m"Remove change item 660"[39m
    [33mclass[39m=[32m"MuiButtonBase-root MuiIconButton-root MuiIconButton-colorError MuiIconButton-sizeMedium css-1iatk21-MuiButtonBase-root-MuiIconButton-root"[39m
    [33mtabindex[39m=[32m"0"[39m
    [33mtype[39m=[32m"button"[39m
  [36m/>[39m

  Name "Remove change item 661":
  [36m<button[39m
    [33maria-label[39m=[32m"Remove change item 661"[39m
    [33mclass[39m=[32m"MuiButtonBase-root MuiIconButton-root MuiIconButton-colorError MuiIconButton-sizeMedium css-1iatk21-MuiButtonBase-root-MuiIconButton-root"[39m
    [33mtabindex[39m=[32m"0"[39m
    [33mtype[39m=[32m"button"[39m
  [36m/>[39m

  Name "Remove change item 662":
  [36m<button[39m
    [33maria-label[39m=[32m"Remove change item 662"[39m
    [33mclass[39m=[32m"MuiButtonBase-root MuiIconButton-root MuiIconButton-colorError MuiIconButton-sizeMedium css-1iatk21-MuiButtonBase-root-MuiIconButton-root"[39m
    [33mtabindex[39m=[32m"0"[39m
    [33mtype[39m=[32m"button"[39m
  [36m/>[39m

  Name "Remove change item 663":
  [36m<button[39m
    [33maria-label[39m=[32m"Remove change item 663"[39m
    [33mclass[39m=[32m"MuiButtonBase-root MuiIconButton-root MuiIconButton-colorError MuiIconButton-sizeMedium css-1iatk21-MuiButtonBase-root-MuiIconButton-root"[39m
    [33mtabindex[39m=[32m"0"[39m
    [33mtype[39m=[32m"button"[39m
  [36m/>[39m

  Name "Remove change item 664":
  [36m<button[39m
    [33maria-label[39m=[32m"Remove change item 664"[39m
    [33mclass[39m=[32m"MuiButtonBase-root MuiIconButton-root MuiIconButton-colorError MuiIconButton-sizeMedium css-1iatk21-MuiButtonBase-root-MuiIconButton-root"[39m
    [33mtabindex[39m=[32m"0"[39m
    [33mtype[39m=[32m"button"[39m
  [36m/>[39m

  Name "Remove change item 665":
  [36m<button[39m
    [33maria-label[39m=[32m"Remove change item 665"[39m
    [33mclass[39m=[32m"MuiButtonBase-root MuiIconButton-root MuiIconButton-colorError MuiIconButton-sizeMedium css-1iatk21-MuiButtonBase-root-MuiIconButton-root"[39m
    [33mtabindex[39m=[32m"0"[39m
    [33mtype[39m=[32m"button"[39m
  [36m/>[39m

  Name "Remove change item 666":
  [36m<button[39m
    [33maria-label[39m=[32m"Remove change item 666"[39m
    [33mclass[39m=[32m"MuiButtonBase-root MuiIconButton-root MuiIconButton-colorError MuiIconButton-sizeMedium css-1iatk21-MuiButtonBase-root-MuiIconButton-root"[39m
    [33mtabindex[39m=[32m"0"[39m
    [33mtype[39m=[32m"button"[39m
  [36m/>[39m

  Name "Remove change item 667":
  [36m<button[39m
    [33maria-label[39m=[32m"Remove change item 667"[39m
    [33mclass[39m=[32m"MuiButtonBase-root MuiIconButton-root MuiIconButton-colorError MuiIconButton-sizeMedium css-1iatk21-MuiButtonBase-root-MuiIconButton-root"[39m
    [33mtabindex[39m=[32m"0"[39m
    [33mtype[39m=[32m"button"[39m
  [36m/>[39m

  Name "Remove change item 668":
  [36m<button[39m
    [33maria-label[39m=[32m"Remove change item 668"[39m
    [33mclass[39m=[32m"MuiButtonBase-root MuiIconButton-root MuiIconButton-colorError MuiIconButton-sizeMedium css-1iatk21-MuiButtonBase-root-MuiIconButton-root"[39m
    [33mtabindex[39m=[32m"0"[39m
    [33mtype[39m=[32m"button"[39m
  [36m/>[39m

  Name "Remove change item 669":
  [36m<button[39m
    [33maria-label[39m=[32m"Remove change item 669"[39m
    [33mclass[39m=[32m"MuiButtonBase-root MuiIconButton-root MuiIconButton-colorError MuiIconButton-sizeMedium css-1iatk21-MuiButtonBase-root-MuiIconButton-root"[39m
    [33mtabindex[39m=[32m"0"[39m
    [33mtype[39m=[32m"button"[39m
  [36m/>[39m

  Name "Remove change item 670":
  [36m<button[39m
    [33maria-label[39m=[32m"Remove change item 670"[39m
    [33mclass[39m=[32m"MuiButtonBase-root MuiIconButton-root MuiIconButton-colorError MuiIconButton-sizeMedium css-1iatk21-MuiButtonBase-root-MuiIconButton-root"[39m
    [33mtabindex[39m=[32m"0"[39m
    [33mtype[39m=[32m"button"[39m
  [36m/>[39m

  Name "Remove change item 671":
  [36m<button[39m
    [33maria-label[39m=[32m"Remove change item 671"[39m
    [33mclass[39m=[32m"MuiButtonBase-root MuiIconButton-root MuiIconButton-colorError MuiIconButton-sizeMedium css-1iatk21-MuiButtonBase-root-MuiIconButton-root"[39m
    [33mtabindex[39m=[32m"0"[39m
    [33mtype[39m=[32m"button"[39m
  [36m/>[39m

  Name "Remove change item 672":
  [36m<button[39m
    [33maria-label[39m=[32m"Remove change item 672"[39m
    [33mclass[39m=[32m"MuiButtonBase-root MuiIconButton-root MuiIconButton-colorError MuiIconButton-sizeMedium css-1iatk21-MuiButtonBase-root-MuiIconButton-root"[39m
    [33mtabindex[39m=[32m"0"[39m
    [33mtype[39m=[32m"button"[39m
  [36m/>[39m

  Name "Remove change item 673":
  [36m<button[39m
    [33maria-label[39m=[32m"Remove change item 673"[39m
    [33mclass[39m=[32m"MuiButtonBase-root MuiIconButton-root MuiIconButton-colorError MuiIconButton-sizeMedium css-1iatk21-MuiButtonBase-root-MuiIconButton-root"[39m
    [33mtabindex[39m=[32m"0"[39m
    [33mtype[39m=[32m"button"[39m
  [36m/>[39m

  Name "Remove change item 674":
  [36m<button[39m
    [33maria-label[39m=[32m"Remove change item 674"[39m
    [33mclass[39m=[32m"MuiButtonBase-root MuiIconButton-root MuiIconButton-colorError MuiIconButton-sizeMedium css-1iatk21-MuiButtonBase-root-MuiIconButton-root"[39m
    [33mtabindex[39m=[32m"0"[39m
    [33mtype[39m=[32m"button"[39m
  [36m/>[39m

  Name "Remove change item 675":
  [36m<button[39m
    [33maria-label[39m=[32m"Remove change item 675"[39m
    [33mclass[39m=[32m"MuiButtonBase-root MuiIconButton-root MuiIconButton-colorError MuiIconButton-sizeMedium css-1iatk21-MuiButtonBase-root-MuiIconButton-root"[39m
    [33mtabindex[39m=[32m"0"[39m
    [33mtype[39m=[32m"button"[39m
  [36m/>[39m

  Name "Remove change item 676":
  [36m<button[39m
    [33maria-label[39m=[32m"Remove change item 676"[39m
    [33mclass[39m=[32m"MuiButtonBase-root MuiIconButton-root MuiIconButton-colorError MuiIconButton-sizeMedium css-1iatk21-MuiButtonBase-root-MuiIconButton-root"[39m
    [33mtabindex[39m=[32m"0"[39m
    [33mtype[39m=[32m"button"[39m
  [36m/>[39m

  Name "Remove change item 677":
  [36m<button[39m
    [33maria-label[39m=[32m"Remove change item 677"[39m
    [33mclass[39m=[32m"MuiButtonBase-root MuiIconButton-root MuiIconButton-colorError MuiIconButton-sizeMedium css-1iatk21-MuiButtonBase-root-MuiIconButton-root"[39m
    [33mtabindex[39m=[32m"0"[39m
    [33mtype[39m=[32m"button"[39m
  [36m/>[39m

  Name "Remove change item 678":
  [36m<button[39m
    [33maria-label[39m=[32m"Remove change item 678"[39m
    [33mclass[39m=[32m"MuiButtonBase-root MuiIconButton-root MuiIconButton-colorError MuiIconButton-sizeMedium css-1iatk21-MuiButtonBase-root-MuiIconButton-root"[39m
    [33mtabindex[39m=[32m"0"[39m
    [33mtype[39m=[32m"button"[39m
  [36m/>[39m

  Name "Remove change item 679":
  [36m<button[39m
    [33maria-label[39m=[32m"Remove change item 679"[39m
    [33mclass[39m=[32m"MuiButtonBase-root MuiIconButton-root MuiIconButton-colorError MuiIconButton-sizeMedium css-1iatk21-MuiButtonBase-root-MuiIconButton-root"[39m
    [33mtabindex[39m=[32m"0"[39m
    [33mtype[39m=[32m"button"[39m
  [36m/>[39m

  Name "Remove change item 680":
  [36m<button[39m
    [33maria-label[39m=[32m"Remove change item 680"[39m
    [33mclass[39m=[32m"MuiButtonBase-root MuiIconButton-root MuiIconButton-colorError MuiIconButton-sizeMedium css-1iatk21-MuiButtonBase-root-MuiIconButton-root"[39m
    [33mtabindex[39m=[32m"0"[39m
    [33mtype[39m=[32m"button"[39m
  [36m/>[39m

  Name "Remove change item 681":
  [36m<button[39m
    [33maria-label[39m=[32m"Remove change item 681"[39m
    [33mclass[39m=[32m"MuiButtonBase-root MuiIconButton-root MuiIconButton-colorError MuiIconButton-sizeMedium css-1iatk21-MuiButtonBase-root-MuiIconButton-root"[39m
    [33mtabindex[39m=[32m"0"[39m
    [33mtype[39m=[32m"button"[39m
  [36m/>[39m

  Name "Remove change item 682":
  [36m<button[39m
    [33maria-label[39m=[32m"Remove change item 682"[39m
    [33mclass[39m=[32m"MuiButtonBase-root MuiIconButton-root MuiIconButton-colorError MuiIconButton-sizeMedium css-1iatk21-MuiButtonBase-root-MuiIconButton-root"[39m
    [33mtabindex[39m=[32m"0"[39m
    [33mtype[39m=[32m"button"[39m
  [36m/>[39m

  Name "Remove change item 683":
  [36m<button[39m
    [33maria-label[39m=[32m"Remove change item 683"[39m
    [33mclass[39m=[32m"MuiButtonBase-root MuiIconButton-root MuiIconButton-colorError MuiIconButton-sizeMedium css-1iatk21-MuiButtonBase-root-MuiIconButton-root"[39m
    [33mtabindex[39m=[32m"0"[39m
    [33mtype[39m=[32m"button"[39m
  [36m/>[39m

  Name "Remove change item 684":
  [36m<button[39m
    [33maria-label[39m=[32m"Remove change item 684"[39m
    [33mclass[39m=[32m"MuiButtonBase-root MuiIconButton-root MuiIconButton-colorError MuiIconButton-sizeMedium css-1iatk21-MuiButtonBase-root-MuiIconButton-root"[39m
    [33mtabindex[39m=[32m"0"[39m
    [33mtype[39m=[32m"button"[39m
  [36m/>[39m

  Name "Remove change item 685":
  [36m<button[39m
    [33maria-label[39m=[32m"Remove change item 685"[39m
    [33mclass[39m=[32m"MuiButtonBase-root MuiIconButton-root MuiIconButton-colorError MuiIconButton-sizeMedium css-1iatk21-MuiButtonBase-root-MuiIconButton-root"[39m
    [33mtabindex[39m=[32m"0"[39m
    [33mtype[39m=[32m"button"[39m
  [36m/>[39m

  Name "Remove change item 686":
  [36m<button[39m
    [33maria-label[39m=[32m"Remove change item 686"[39m
    [33mclass[39m=[32m"MuiButtonBase-root MuiIconButton-root MuiIconButton-colorError MuiIconButton-sizeMedium css-1iatk21-MuiButtonBase-root-MuiIconButton-root"[39m
    [33mtabindex[39m=[32m"0"[39m
    [33mtype[39m=[32m"button"[39m
  [36m/>[39m

  Name "Remove change item 687":
  [36m<button[39m
    [33maria-label[39m=[32m"Remove change item 687"[39m
    [33mclass[39m=[32m"MuiButtonBase-root MuiIconButton-root MuiIconButton-colorError MuiIconButton-sizeMedium css-1iatk21-MuiButtonBase-root-MuiIconButton-root"[39m
    [33mtabindex[39m=[32m"0"[39m
    [33mtype[39m=[32m"button"[39m
  [36m/>[39m

  Name "Remove change item 688":
  [36m<button[39m
    [33maria-label[39m=[32m"Remove change item 688"[39m
    [33mclass[39m=[32m"MuiButtonBase-root MuiIconButton-root MuiIconButton-colorError MuiIconButton-sizeMedium css-1iatk21-MuiButtonBase-root-MuiIconButton-root"[39m
    [33mtabindex[39m=[32m"0"[39m
    [33mtype[39m=[32m"button"[39m
  [36m/>[39m

  Name "Remove change item 689":
  [36m<button[39m
    [33maria-label[39m=[32m"Remove change item 689"[39m
    [33mclass[39m=[32m"MuiButtonBase-root MuiIconButton-root MuiIconButton-colorError MuiIconButton-sizeMedium css-1iatk21-MuiButtonBase-root-MuiIconButton-root"[39m
    [33mtabindex[39m=[32m"0"[39m
    [33mtype[39m=[32m"button"[39m
  [36m/>[39m

  Name "Remove change item 690":
  [36m<button[39m
    [33maria-label[39m=[32m"Remove change item 690"[39m
    [33mclass[39m=[32m"MuiButtonBase-root MuiIconButton-root MuiIconButton-colorError MuiIconButton-sizeMedium css-1iatk21-MuiButtonBase-root-MuiIconButton-root"[39m
    [33mtabindex[39m=[32m"0"[39m
    [33mtype[39m=[32m"button"[39m
  [36m/>[39m

  Name "Remove change item 691":
  [36m<button[39m
    [33maria-label[39m=[32m"Remove change item 691"[39m
    [33mclass[39m=[32m"MuiButtonBase-root MuiIconButton-root MuiIconButton-colorError MuiIconButton-sizeMedium css-1iatk21-MuiButtonBase-root-MuiIconButton-root"[39m
    [33mtabindex[39m=[32m"0"[39m
    [33mtype[39m=[32m"button"[39m
  [36m/>[39m

  Name "Remove change item 692":
  [36m<button[39m
    [33maria-label[39m=[32m"Remove change item 692"[39m
    [33mclass[39m=[32m"MuiButtonBase-root MuiIconButton-root MuiIconButton-colorError MuiIconButton-sizeMedium css-1iatk21-MuiButtonBase-root-MuiIconButton-root"[39m
    [33mtabindex[39m=[32m"0"[39m
    [33mtype[39m=[32m"button"[39m
  [36m/>[39m

  Name "Remove change item 693":
  [36m<button[39m
    [33maria-label[39m=[32m"Remove change item 693"[39m
    [33mclass[39m=[32m"MuiButtonBase-root MuiIconButton-root MuiIconButton-colorError MuiIconButton-sizeMedium css-1iatk21-MuiButtonBase-root-MuiIconButton-root"[39m
    [33mtabindex[39m=[32m"0"[39m
    [33mtype[39m=[32m"button"[39m
  [36m/>[39m

  Name "Remove change item 694":
  [36m<button[39m
    [33maria-label[39m=[32m"Remove change item 694"[39m
    [33mclass[39m=[32m"MuiButtonBase-root MuiIconButton-root MuiIconButton-colorError MuiIconButton-sizeMedium css-1iatk21-MuiButtonBase-root-MuiIconButton-root"[39m
    [33mtabindex[39m=[32m"0"[39m
    [33mtype[39m=[32m"button"[39m
  [36m/>[39m

  Name "Remove change item 695":
  [36m<button[39m
    [33maria-label[39m=[32m"Remove change item 695"[39m
    [33mclass[39m=[32m"MuiButtonBase-root MuiIconButton-root MuiIconButton-colorError MuiIconButton-sizeMedium css-1iatk21-MuiButtonBase-root-MuiIconButton-root"[39m
    [33mtabindex[39m=[32m"0"[39m
    [33mtype[39m=[32m"button"[39m
  [36m/>[39m

  Name "Remove change item 696":
  [36m<button[39m
    [33maria-label[39m=[32m"Remove change item 696"[39m
    [33mclass[39m=[32m"MuiButtonBase-root MuiIconButton-root MuiIconButton-colorError MuiIconButton-sizeMedium css-1iatk21-MuiButtonBase-root-MuiIconButton-root"[39m
    [33mtabindex[39m=[32m"0"[39m
    [33mtype[39m=[32m"button"[39m
  [36m/>[39m

  Name "Remove change item 697":
  [36m<button[39m
    [33maria-label[39m=[32m"Remove change item 697"[39m
    [33mclass[39m=[32m"MuiButtonBase-root MuiIconButton-root MuiIconButton-colorError MuiIconButton-sizeMedium css-1iatk21-MuiButtonBase-root-MuiIconButton-root"[39m
    [33mtabindex[39m=[32m"0"[39m
    [33mtype[39m=[32m"button"[39m
  [36m/>[39m

  Name "Remove change item 698":
  [36m<button[39m
    [33maria-label[39m=[32m"Remove change item 698"[39m
    [33mclass[39m=[32m"MuiButtonBase-root MuiIconButton-root MuiIconButton-colorError MuiIconButton-sizeMedium css-1iatk21-MuiButtonBase-root-MuiIconButton-root"[39m
    [33mtabindex[39m=[32m"0"[39m
    [33mtype[39m=[32m"button"[39m
  [36m/>[39m

  Name "Remove change item 699":
  [36m<button[39m
    [33maria-label[39m=[32m"Remove change item 699"[39m
    [33mclass[39m=[32m"MuiButtonBase-root MuiIconButton-root MuiIconButton-colorError MuiIconButton-sizeMedium css-1iatk21-MuiButtonBase-root-MuiIconButton-root"[39m
    [33mtabindex[39m=[32m"0"[39m
    [33mtype[39m=[32m"button"[39m
  [36m/>[39m

  Name "Remove change item 700":
  [36m<button[39m
    [33maria-label[39m=[32m"Remove change item 700"[39m
    [33mclass[39m=[32m"MuiButtonBase-root MuiIconButton-root MuiIconButton-colorError MuiIconButton-sizeMedium css-1iatk21-MuiButtonBase-root-MuiIconButton-root"[39m
    [33mtabindex[39m=[32m"0"[39m
    [33mtype[39m=[32m"button"[39m
  [36m/>[39m

  Name "Remove change item 701":
  [36m<button[39m
    [33maria-label[39m=[32m"Remove change item 701"[39m
    [33mclass[39m=[32m"MuiButtonBase-root MuiIconButton-root MuiIconButton-colorError MuiIconButton-sizeMedium css-1iatk21-MuiButtonBase-root-MuiIconButton-root"[39m
    [33mtabindex[39m=[32m"0"[39m
    [33mtype[39m=[32m"button"[39m
  [36m/>[39m

  Name "Remove change item 702":
  [36m<button[39m
    [33maria-label[39m=[32m"Remove change item 702"[39m
    [33mclass[39m=[32m"MuiButtonBase-root MuiIconButton-root MuiIconButton-colorError MuiIconButton-sizeMedium css-1iatk21-MuiButtonBase-root-MuiIconButton-root"[39m
    [33mtabindex[39m=[32m"0"[39m
    [33mtype[39m=[32m"button"[39m
  [36m/>[39m

  Name "Remove change item 703":
  [36m<button[39m
    [33maria-label[39m=[32m"Remove change item 703"[39m
    [33mclass[39m=[32m"MuiButtonBase-root MuiIconButton-root MuiIconButton-colorError MuiIconButton-sizeMedium css-1iatk21-MuiButtonBase-root-MuiIconButton-root"[39m
    [33mtabindex[39m=[32m"0"[39m
    [33mtype[39m=[32m"button"[39m
  [36m/>[39m

  Name "Remove change item 704":
  [36m<button[39m
    [33maria-label[39m=[32m"Remove change item 704"[39m
    [33mclass[39m=[32m"MuiButtonBase-root MuiIconButton-root MuiIconButton-colorError MuiIconButton-sizeMedium css-1iatk21-MuiButtonBase-root-MuiIconButton-root"[39m
    [33mtabindex[39m=[32m"0"[39m
    [33mtype[39m=[32m"button"[39m
  [36m/>[39m

  Name "Remove change item 705":
  [36m<button[39m
    [33maria-label[39m=[32m"Remove change item 705"[39m
    [33mclass[39m=[32m"MuiButtonBase-root MuiIconButton-root MuiIconButton-colorError MuiIconButton-sizeMedium css-1iatk21-MuiButtonBase-root-MuiIconButton-root"[39m
    [33mtabindex[39m=[32m"0"[39m
    [33mtype[39m=[32m"button"[39m
  [36m/>[39m

  Name "Remove change item 706":
  [36m<button[39m
    [33maria-label[39m=[32m"Remove change item 706"[39m
    [33mclass[39m=[32m"MuiButtonBase-root MuiIconButton-root MuiIconButton-colorError MuiIconButton-sizeMedium css-1iatk21-MuiButtonBase-root-MuiIconButton-root"[39m
    [33mtabindex[39m=[32m"0"[39m
    [33mtype[39m=[32m"button"[39m
  [36m/>[39m

  Name "Remove change item 707":
  [36m<button[39m
    [33maria-label[39m=[32m"Remove change item 707"[39m
    [33mclass[39m=[32m"MuiButtonBase-root MuiIconButton-root MuiIconButton-colorError MuiIconButton-sizeMedium css-1iatk21-MuiButtonBase-root-MuiIconButton-root"[39m
    [33mtabindex[39m=[32m"0"[39m
    [33mtype[39m=[32m"button"[39m
  [36m/>[39m

  Name "Remove change item 708":
  [36m<button[39m
    [33maria-label[39m=[32m"Remove change item 708"[39m
    [33mclass[39m=[32m"MuiButtonBase-root MuiIconButton-root MuiIconButton-colorError MuiIconButton-sizeMedium css-1iatk21-MuiButtonBase-root-MuiIconButton-root"[39m
    [33mtabindex[39m=[32m"0"[39m
    [33mtype[39m=[32m"button"[39m
  [36m/>[39m

  Name "Remove change item 709":
  [36m<button[39m
    [33maria-label[39m=[32m"Remove change item 709"[39m
    [33mclass[39m=[32m"MuiButtonBase-root MuiIconButton-root MuiIconButton-colorError MuiIconButton-sizeMedium css-1iatk21-MuiButtonBase-root-MuiIconButton-root"[39m
    [33mtabindex[39m=[32m"0"[39m
    [33mtype[39m=[32m"button"[39m
  [36m/>[39m

  Name "Remove change item 710":
  [36m<button[39m
    [33maria-label[39m=[32m"Remove change item 710"[39m
    [33mclass[39m=[32m"MuiButtonBase-root MuiIconButton-root MuiIconButton-colorError MuiIconButton-sizeMedium css-1iatk21-MuiButtonBase-root-MuiIconButton-root"[39m
    [33mtabindex[39m=[32m"0"[39m
    [33mtype[39m=[32m"button"[39m
  [36m/>[39m

  Name "Remove change item 711":
  [36m<button[39m
    [33maria-label[39m=[32m"Remove change item 711"[39m
    [33mclass[39m=[32m"MuiButtonBase-root MuiIconButton-root MuiIconButton-colorError MuiIconButton-sizeMedium css-1iatk21-MuiButtonBase-root-MuiIconButton-root"[39m
    [33mtabindex[39m=[32m"0"[39m
    [33mtype[39m=[32m"button"[39m
  [36m/>[39m

  Name "Remove change item 712":
  [36m<button[39m
    [33maria-label[39m=[32m"Remove change item 712"[39m
    [33mclass[39m=[32m"MuiButtonBase-root MuiIconButton-root MuiIconButton-colorError MuiIconButton-sizeMedium css-1iatk21-MuiButtonBase-root-MuiIconButton-root"[39m
    [33mtabindex[39m=[32m"0"[39m
    [33mtype[39m=[32m"button"[39m
  [36m/>[39m

  Name "Remove change item 713":
  [36m<button[39m
    [33maria-label[39m=[32m"Remove change item 713"[39m
    [33mclass[39m=[32m"MuiButtonBase-root MuiIconButton-root MuiIconButton-colorError MuiIconButton-sizeMedium css-1iatk21-MuiButtonBase-root-MuiIconButton-root"[39m
    [33mtabindex[39m=[32m"0"[39m
    [33mtype[39m=[32m"button"[39m
  [36m/>[39m

  Name "Remove change item 714":
  [36m<button[39m
    [33maria-label[39m=[32m"Remove change item 714"[39m
    [33mclass[39m=[32m"MuiButtonBase-root MuiIconButton-root MuiIconButton-colorError MuiIconButton-sizeMedium css-1iatk21-MuiButtonBase-root-MuiIconButton-root"[39m
    [33mtabindex[39m=[32m"0"[39m
    [33mtype[39m=[32m"button"[39m
  [36m/>[39m

  Name "Remove change item 715":
  [36m<button[39m
    [33maria-label[39m=[32m"Remove change item 715"[39m
    [33mclass[39m=[32m"MuiButtonBase-root MuiIconButton-root MuiIconButton-colorError MuiIconButton-sizeMedium css-1iatk21-MuiButtonBase-root-MuiIconButton-root"[39m
    [33mtabindex[39m=[32m"0"[39m
    [33mtype[39m=[32m"button"[39m
  [36m/>[39m

  Name "Remove change item 716":
  [36m<button[39m
    [33maria-label[39m=[32m"Remove change item 716"[39m
    [33mclass[39m=[32m"MuiButtonBase-root MuiIconButton-root MuiIconButton-colorError MuiIconButton-sizeMedium css-1iatk21-MuiButtonBase-root-MuiIconButton-root"[39m
    [33mtabindex[39m=[32m"0"[39m
    [33mtype[39m=[32m"button"[39m
  [36m/>[39m

  Name "Remove change item 717":
  [36m<button[39m
    [33maria-label[39m=[32m"Remove change item 717"[39m
    [33mclass[39m=[32m"MuiButtonBase-root MuiIconButton-root MuiIconButton-colorError MuiIconButton-sizeMedium css-1iatk21-MuiButtonBase-root-MuiIconButton-root"[39m
    [33mtabindex[39m=[32m"0"[39m
    [33mtype[39m=[32m"button"[39m
  [36m/>[39m

  Name "Remove change item 718":
  [36m<button[39m
    [33maria-label[39m=[32m"Remove change item 718"[39m
    [33mclass[39m=[32m"MuiButtonBase-root MuiIconButton-root MuiIconButton-colorError MuiIconButton-sizeMedium css-1iatk21-MuiButtonBase-root-MuiIconButton-root"[39m
    [33mtabindex[39m=[32m"0"[39m
    [33mtype[39m=[32m"button"[39m
  [36m/>[39m

  Name "Remove change item 719":
  [36m<button[39m
    [33maria-label[39m=[32m"Remove change item 719"[39m
    [33mclass[39m=[32m"MuiButtonBase-root MuiIconButton-root MuiIconButton-colorError MuiIconButton-sizeMedium css-1iatk21-MuiButtonBase-root-MuiIconButton-root"[39m
    [33mtabindex[39m=[32m"0"[39m
    [33mtype[39m=[32m"button"[39m
  [36m/>[39m

  Name "Remove change item 720":
  [36m<button[39m
    [33maria-label[39m=[32m"Remove change item 720"[39m
    [33mclass[39m=[32m"MuiButtonBase-root MuiIconButton-root MuiIconButton-colorError MuiIconButton-sizeMedium css-1iatk21-MuiButtonBase-root-MuiIconButton-root"[39m
    [33mtabindex[39m=[32m"0"[39m
    [33mtype[39m=[32m"button"[39m
  [36m/>[39m

  Name "Remove change item 721":
  [36m<button[39m
    [33maria-label[39m=[32m"Remove change item 721"[39m
    [33mclass[39m=[32m"MuiButtonBase-root MuiIconButton-root MuiIconButton-colorError MuiIconButton-sizeMedium css-1iatk21-MuiButtonBase-root-MuiIconButton-root"[39m
    [33mtabindex[39m=[32m"0"[39m
    [33mtype[39m=[32m"button"[39m
  [36m/>[39m

  Name "Remove change item 722":
  [36m<button[39m
    [33maria-label[39m=[32m"Remove change item 722"[39m
    [33mclass[39m=[32m"MuiButtonBase-root MuiIconButton-root MuiIconButton-colorError MuiIconButton-sizeMedium css-1iatk21-MuiButtonBase-root-MuiIconButton-root"[39m
    [33mtabindex[39m=[32m"0"[39m
    [33mtype[39m=[32m"button"[39m
  [36m/>[39m

  Name "Remove change item 723":
  [36m<button[39m
    [33maria-label[39m=[32m"Remove change item 723"[39m
    [33mclass[39m=[32m"MuiButtonBase-root MuiIconButton-root MuiIconButton-colorError MuiIconButton-sizeMedium css-1iatk21-MuiButtonBase-root-MuiIconButton-root"[39m
    [33mtabindex[39m=[32m"0"[39m
    [33mtype[39m=[32m"button"[39m
  [36m/>[39m

  Name "Remove change item 724":
  [36m<button[39m
    [33maria-label[39m=[32m"Remove change item 724"[39m
    [33mclass[39m=[32m"MuiButtonBase-root MuiIconButton-root MuiIconButton-colorError MuiIconButton-sizeMedium css-1iatk21-MuiButtonBase-root-MuiIconButton-root"[39m
    [33mtabindex[39m=[32m"0"[39m
    [33mtype[39m=[32m"button"[39m
  [36m/>[39m

  Name "Remove change item 725":
  [36m<button[39m
    [33maria-label[39m=[32m"Remove change item 725"[39m
    [33mclass[39m=[32m"MuiButtonBase-root MuiIconButton-root MuiIconButton-colorError MuiIconButton-sizeMedium css-1iatk21-MuiButtonBase-root-MuiIconButton-root"[39m
    [33mtabindex[39m=[32m"0"[39m
    [33mtype[39m=[32m"button"[39m
  [36m/>[39m

  Name "Remove change item 726":
  [36m<button[39m
    [33maria-label[39m=[32m"Remove change item 726"[39m
    [33mclass[39m=[32m"MuiButtonBase-root MuiIconButton-root MuiIconButton-colorError MuiIconButton-sizeMedium css-1iatk21-MuiButtonBase-root-MuiIconButton-root"[39m
    [33mtabindex[39m=[32m"0"[39m
    [33mtype[39m=[32m"button"[39m
  [36m/>[39m

  Name "Remove change item 727":
  [36m<button[39m
    [33maria-label[39m=[32m"Remove change item 727"[39m
    [33mclass[39m=[32m"MuiButtonBase-root MuiIconButton-root MuiIconButton-colorError MuiIconButton-sizeMedium css-1iatk21-MuiButtonBase-root-MuiIconButton-root"[39m
    [33mtabindex[39m=[32m"0"[39m
    [33mtype[39m=[32m"button"[39m
  [36m/>[39m

  Name "Remove change item 728":
  [36m<button[39m
    [33maria-label[39m=[32m"Remove change item 728"[39m
    [33mclass[39m=[32m"MuiButtonBase-root MuiIconButton-root MuiIconButton-colorError MuiIconButton-sizeMedium css-1iatk21-MuiButtonBase-root-MuiIconButton-root"[39m
    [33mtabindex[39m=[32m"0"[39m
    [33mtype[39m=[32m"button"[39m
  [36m/>[39m

  Name "Remove change item 729":
  [36m<button[39m
    [33maria-label[39m=[32m"Remove change item 729"[39m
    [33mclass[39m=[32m"MuiButtonBase-root MuiIconButton-root MuiIconButton-colorError MuiIconButton-sizeMedium css-1iatk21-MuiButtonBase-root-MuiIconButton-root"[39m
    [33mtabindex[39m=[32m"0"[39m
    [33mtype[39m=[32m"button"[39m
  [36m/>[39m

  Name "Remove change item 730":
  [36m<button[39m
    [33maria-label[39m=[32m"Remove change item 730"[39m
    [33mclass[39m=[32m"MuiButtonBase-root MuiIconButton-root MuiIconButton-colorError MuiIconButton-sizeMedium css-1iatk21-MuiButtonBase-root-MuiIconButton-root"[39m
    [33mtabindex[39m=[32m"0"[39m
    [33mtype[39m=[32m"button"[39m
  [36m/>[39m

  Name "Remove change item 731":
  [36m<button[39m
    [33maria-label[39m=[32m"Remove change item 731"[39m
    [33mclass[39m=[32m"MuiButtonBase-root MuiIconButton-root MuiIconButton-colorError MuiIconButton-sizeMedium css-1iatk21-MuiButtonBase-root-MuiIconButton-root"[39m
    [33mtabindex[39m=[32m"0"[39m
    [33mtype[39m=[32m"button"[39m
  [36m/>[39m

  Name "Remove change item 732":
  [36m<button[39m
    [33maria-label[39m=[32m"Remove change item 732"[39m
    [33mclass[39m=[32m"MuiButtonBase-root MuiIconButton-root MuiIconButton-colorError MuiIconButton-sizeMedium css-1iatk21-MuiButtonBase-root-MuiIconButton-root"[39m
    [33mtabindex[39m=[32m"0"[39m
    [33mtype[39m=[32m"button"[39m
  [36m/>[39m

  Name "Remove change item 733":
  [36m<button[39m
    [33maria-label[39m=[32m"Remove change item 733"[39m
    [33mclass[39m=[32m"MuiButtonBase-root MuiIconButton-root MuiIconButton-colorError MuiIconButton-sizeMedium css-1iatk21-MuiButtonBase-root-MuiIconButton-root"[39m
    [33mtabindex[39m=[32m"0"[39m
    [33mtype[39m=[32m"button"[39m
  [36m/>[39m

  Name "Remove change item 734":
  [36m<button[39m
    [33maria-label[39m=[32m"Remove change item 734"[39m
    [33mclass[39m=[32m"MuiButtonBase-root MuiIconButton-root MuiIconButton-colorError MuiIconButton-sizeMedium css-1iatk21-MuiButtonBase-root-MuiIconButton-root"[39m
    [33mtabindex[39m=[32m"0"[39m
    [33mtype[39m=[32m"button"[39m
  [36m/>[39m

  Name "Remove change item 735":
  [36m<button[39m
    [33maria-label[39m=[32m"Remove change item 735"[39m
    [33mclass[39m=[32m"MuiButtonBase-root MuiIconButton-root MuiIconButton-colorError MuiIconButton-sizeMedium css-1iatk21-MuiButtonBase-root-MuiIconButton-root"[39m
    [33mtabindex[39m=[32m"0"[39m
    [33mtype[39m=[32m"button"[39m
  [36m/>[39m

  Name "Remove change item 736":
  [36m<button[39m
    [33maria-label[39m=[32m"Remove change item 736"[39m
    [33mclass[39m=[32m"MuiButtonBase-root MuiIconButton-root MuiIconButton-colorError MuiIconButton-sizeMedium css-1iatk21-MuiButtonBase-root-MuiIconButton-root"[39m
    [33mtabindex[39m=[32m"0"[39m
    [33mtype[39m=[32m"button"[39m
  [36m/>[39m

  Name "Remove change item 737":
  [36m<button[39m
    [33maria-label[39m=[32m"Remove change item 737"[39m
    [33mclass[39m=[32m"MuiButtonBase-root MuiIconButton-root MuiIconButton-colorError MuiIconButton-sizeMedium css-1iatk21-MuiButtonBase-root-MuiIconButton-root"[39m
    [33mtabindex[39m=[32m"0"[39m
    [33mtype[39m=[32m"button"[39m
  [36m/>[39m

  Name "Remove change item 738":
  [36m<button[39m
    [33maria-label[39m=[32m"Remove change item 738"[39m
    [33mclass[39m=[32m"MuiButtonBase-root MuiIconButton-root MuiIconButton-colorError MuiIconButton-sizeMedium css-1iatk21-MuiButtonBase-root-MuiIconButton-root"[39m
    [33mtabindex[39m=[32m"0"[39m
    [33mtype[39m=[32m"button"[39m
  [36m/>[39m

  Name "Remove change item 739":
  [36m<button[39m
    [33maria-label[39m=[32m"Remove change item 739"[39m
    [33mclass[39m=[32m"MuiButtonBase-root MuiIconButton-root MuiIconButton-colorError MuiIconButton-sizeMedium css-1iatk21-MuiButtonBase-root-MuiIconButton-root"[39m
    [33mtabindex[39m=[32m"0"[39m
    [33mtype[39m=[32m"button"[39m
  [36m/>[39m

  Name "Remove change item 740":
  [36m<button[39m
    [33maria-label[39m=[32m"Remove change item 740"[39m
    [33mclass[39m=[32m"MuiButtonBase-root MuiIconButton-root MuiIconButton-colorError MuiIconButton-sizeMedium css-1iatk21-MuiButtonBase-root-MuiIconButton-root"[39m
    [33mtabindex[39m=[32m"0"[39m
    [33mtype[39m=[32m"button"[39m
  [36m/>[39m

  Name "Remove change item 741":
  [36m<button[39m
    [33maria-label[39m=[32m"Remove change item 741"[39m
    [33mclass[39m=[32m"MuiButtonBase-root MuiIconButton-root MuiIconButton-colorError MuiIconButton-sizeMedium css-1iatk21-MuiButtonBase-root-MuiIconButton-root"[39m
    [33mtabindex[39m=[32m"0"[39m
    [33mtype[39m=[32m"button"[39m
  [36m/>[39m

  Name "Remove change item 742":
  [36m<button[39m
    [33maria-label[39m=[32m"Remove change item 742"[39m
    [33mclass[39m=[32m"MuiButtonBase-root MuiIconButton-root MuiIconButton-colorError MuiIconButton-sizeMedium css-1iatk21-MuiButtonBase-root-MuiIconButton-root"[39m
    [33mtabindex[39m=[32m"0"[39m
    [33mtype[39m=[32m"button"[39m
  [36m/>[39m

  Name "Remove change item 743":
  [36m<button[39m
    [33maria-label[39m=[32m"Remove change item 743"[39m
    [33mclass[39m=[32m"MuiButtonBase-root MuiIconButton-root MuiIconButton-colorError MuiIconButton-sizeMedium css-1iatk21-MuiButtonBase-root-MuiIconButton-root"[39m
    [33mtabindex[39m=[32m"0"[39m
    [33mtype[39m=[32m"button"[39m
  [36m/>[39m

  Name "Remove change item 744":
  [36m<button[39m
    [33maria-label[39m=[32m"Remove change item 744"[39m
    [33mclass[39m=[32m"MuiButtonBase-root MuiIconButton-root MuiIconButton-colorError MuiIconButton-sizeMedium css-1iatk21-MuiButtonBase-root-MuiIconButton-root"[39m
    [33mtabindex[39m=[32m"0"[39m
    [33mtype[39m=[32m"button"[39m
  [36m/>[39m

  Name "Remove change item 745":
  [36m<button[39m
    [33maria-label[39m=[32m"Remove change item 745"[39m
    [33mclass[39m=[32m"MuiButtonBase-root MuiIconButton-root MuiIconButton-colorError MuiIconButton-sizeMedium css-1iatk21-MuiButtonBase-root-MuiIconButton-root"[39m
    [33mtabindex[39m=[32m"0"[39m
    [33mtype[39m=[32m"button"[39m
  [36m/>[39m

  Name "Remove change item 746":
  [36m<button[39m
    [33maria-label[39m=[32m"Remove change item 746"[39m
    [33mclass[39m=[32m"MuiButtonBase-root MuiIconButton-root MuiIconButton-colorError MuiIconButton-sizeMedium css-1iatk21-MuiButtonBase-root-MuiIconButton-root"[39m
    [33mtabindex[39m=[32m"0"[39m
    [33mtype[39m=[32m"button"[39m
  [36m/>[39m

  Name "Remove change item 747":
  [36m<button[39m
    [33maria-label[39m=[32m"Remove change item 747"[39m
    [33mclass[39m=[32m"MuiButtonBase-root MuiIconButton-root MuiIconButton-colorError MuiIconButton-sizeMedium css-1iatk21-MuiButtonBase-root-MuiIconButton-root"[39m
    [33mtabindex[39m=[32m"0"[39m
    [33mtype[39m=[32m"button"[39m
  [36m/>[39m

  Name "Remove change item 748":
  [36m<button[39m
    [33maria-label[39m=[32m"Remove change item 748"[39m
    [33mclass[39m=[32m"MuiButtonBase-root MuiIconButton-root MuiIconButton-colorError MuiIconButton-sizeMedium css-1iatk21-MuiButtonBase-root-MuiIconButton-root"[39m
    [33mtabindex[39m=[32m"0"[39m
    [33mtype[39m=[32m"button"[39m
  [36m/>[39m

  Name "Remove change item 749":
  [36m<button[39m
    [33maria-label[39m=[32m"Remove change item 749"[39m
    [33mclass[39m=[32m"MuiButtonBase-root MuiIconButton-root MuiIconButton-colorError MuiIconButton-sizeMedium css-1iatk21-MuiButtonBase-root-MuiIconButton-root"[39m
    [33mtabindex[39m=[32m"0"[39m
    [33mtype[39m=[32m"button"[39m
  [36m/>[39m

  Name "Remove change item 750":
  [36m<button[39m
    [33maria-label[39m=[32m"Remove change item 750"[39m
    [33mclass[39m=[32m"MuiButtonBase-root MuiIconButton-root MuiIconButton-colorError MuiIconButton-sizeMedium css-1iatk21-MuiButtonBase-root-MuiIconButton-root"[39m
    [33mtabindex[39m=[32m"0"[39m
    [33mtype[39m=[32m"button"[39m
  [36m/>[39m

  Name "Remove change item 751":
  [36m<button[39m
    [33maria-label[39m=[32m"Remove change item 751"[39m
    [33mclass[39m=[32m"MuiButtonBase-root MuiIconButton-root MuiIconButton-colorError MuiIconButton-sizeMedium css-1iatk21-MuiButtonBase-root-MuiIconButton-root"[39m
    [33mtabindex[39m=[32m"0"[39m
    [33mtype[39m=[32m"button"[39m
  [36m/>[39m

  Name "Remove change item 752":
  [36m<button[39m
    [33maria-label[39m=[32m"Remove change item 752"[39m
    [33mclass[39m=[32m"MuiButtonBase-root MuiIconButton-root MuiIconButton-colorError MuiIconButton-sizeMedium css-1iatk21-MuiButtonBase-root-MuiIconButton-root"[39m
    [33mtabindex[39m=[32m"0"[39m
    [33mtype[39m=[32m"button"[39m
  [36m/>[39m

  Name "Remove change item 753":
  [36m<button[39m
    [33maria-label[39m=[32m"Remove change item 753"[39m
    [33mclass[39m=[32m"MuiButtonBase-root MuiIconButton-root MuiIconButton-colorError MuiIconButton-sizeMedium css-1iatk21-MuiButtonBase-root-MuiIconButton-root"[39m
    [33mtabindex[39m=[32m"0"[39m
    [33mtype[39m=[32m"button"[39m
  [36m/>[39m

  Name "Remove change item 754":
  [36m<button[39m
    [33maria-label[39m=[32m"Remove change item 754"[39m
    [33mclass[39m=[32m"MuiButtonBase-root MuiIconButton-root MuiIconButton-colorError MuiIconButton-sizeMedium css-1iatk21-MuiButtonBase-root-MuiIconButton-root"[39m
    [33mtabindex[39m=[32m"0"[39m
    [33mtype[39m=[32m"button"[39m
  [36m/>[39m

  Name "Remove change item 755":
  [36m<button[39m
    [33maria-label[39m=[32m"Remove change item 755"[39m
    [33mclass[39m=[32m"MuiButtonBase-root MuiIconButton-root MuiIconButton-colorError MuiIconButton-sizeMedium css-1iatk21-MuiButtonBase-root-MuiIconButton-root"[39m
    [33mtabindex[39m=[32m"0"[39m
    [33mtype[39m=[32m"button"[39m
  [36m/>[39m

  Name "Remove change item 756":
  [36m<button[39m
    [33maria-label[39m=[32m"Remove change item 756"[39m
    [33mclass[39m=[32m"MuiButtonBase-root MuiIconButton-root MuiIconButton-colorError MuiIconButton-sizeMedium css-1iatk21-MuiButtonBase-root-MuiIconButton-root"[39m
    [33mtabindex[39m=[32m"0"[39m
    [33mtype[39m=[32m"button"[39m
  [36m/>[39m

  Name "Remove change item 757":
  [36m<button[39m
    [33maria-label[39m=[32m"Remove change item 757"[39m
    [33mclass[39m=[32m"MuiButtonBase-root MuiIconButton-root MuiIconButton-colorError MuiIconButton-sizeMedium css-1iatk21-MuiButtonBase-root-MuiIconButton-root"[39m
    [33mtabindex[39m=[32m"0"[39m
    [33mtype[39m=[32m"button"[39m
  [36m/>[39m

  Name "Remove change item 758":
  [36m<button[39m
    [33maria-label[39m=[32m"Remove change item 758"[39m
    [33mclass[39m=[32m"MuiButtonBase-root MuiIconButton-root MuiIconButton-colorError MuiIconButton-sizeMedium css-1iatk21-MuiButtonBase-root-MuiIconButton-root"[39m
    [33mtabindex[39m=[32m"0"[39m
    [33mtype[39m=[32m"button"[39m
  [36m/>[39m

  Name "Remove change item 759":
  [36m<button[39m
    [33maria-label[39m=[32m"Remove change item 759"[39m
    [33mclass[39m=[32m"MuiButtonBase-root MuiIconButton-root MuiIconButton-colorError MuiIconButton-sizeMedium css-1iatk21-MuiButtonBase-root-MuiIconButton-root"[39m
    [33mtabindex[39m=[32m"0"[39m
    [33mtype[39m=[32m"button"[39m
  [36m/>[39m

  Name "Remove change item 760":
  [36m<button[39m
    [33maria-label[39m=[32m"Remove change item 760"[39m
    [33mclass[39m=[32m"MuiButtonBase-root MuiIconButton-root MuiIconButton-colorError MuiIconButton-sizeMedium css-1iatk21-MuiButtonBase-root-MuiIconButton-root"[39m
    [33mtabindex[39m=[32m"0"[39m
    [33mtype[39m=[32m"button"[39m
  [36m/>[39m

  Name "Remove change item 761":
  [36m<button[39m
    [33maria-label[39m=[32m"Remove change item 761"[39m
    [33mclass[39m=[32m"MuiButtonBase-root MuiIconButton-root MuiIconButton-colorError MuiIconButton-sizeMedium css-1iatk21-MuiButtonBase-root-MuiIconButton-root"[39m
    [33mtabindex[39m=[32m"0"[39m
    [33mtype[39m=[32m"button"[39m
  [36m/>[39m

  Name "Remove change item 762":
  [36m<button[39m
    [33maria-label[39m=[32m"Remove change item 762"[39m
    [33mclass[39m=[32m"MuiButtonBase-root MuiIconButton-root MuiIconButton-colorError MuiIconButton-sizeMedium css-1iatk21-MuiButtonBase-root-MuiIconButton-root"[39m
    [33mtabindex[39m=[32m"0"[39m
    [33mtype[39m=[32m"button"[39m
  [36m/>[39m

  Name "Remove change item 763":
  [36m<button[39m
    [33maria-label[39m=[32m"Remove change item 763"[39m
    [33mclass[39m=[32m"MuiButtonBase-root MuiIconButton-root MuiIconButton-colorError MuiIconButton-sizeMedium css-1iatk21-MuiButtonBase-root-MuiIconButton-root"[39m
    [33mtabindex[39m=[32m"0"[39m
    [33mtype[39m=[32m"button"[39m
  [36m/>[39m

  Name "Remove change item 764":
  [36m<button[39m
    [33maria-label[39m=[32m"Remove change item 764"[39m
    [33mclass[39m=[32m"MuiButtonBase-root MuiIconButton-root MuiIconButton-colorError MuiIconButton-sizeMedium css-1iatk21-MuiButtonBase-root-MuiIconButton-root"[39m
    [33mtabindex[39m=[32m"0"[39m
    [33mtype[39m=[32m"button"[39m
  [36m/>[39m

  Name "Remove change item 765":
  [36m<button[39m
    [33maria-label[39m=[32m"Remove change item 765"[39m
    [33mclass[39m=[32m"MuiButtonBase-root MuiIconButton-root MuiIconButton-colorError MuiIconButton-sizeMedium css-1iatk21-MuiButtonBase-root-MuiIconButton-root"[39m
    [33mtabindex[39m=[32m"0"[39m
    [33mtype[39m=[32m"button"[39m
  [36m/>[39m

  Name "Remove change item 766":
  [36m<button[39m
    [33maria-label[39m=[32m"Remove change item 766"[39m
    [33mclass[39m=[32m"MuiButtonBase-root MuiIconButton-root MuiIconButton-colorError MuiIconButton-sizeMedium css-1iatk21-MuiButtonBase-root-MuiIconButton-root"[39m
    [33mtabindex[39m=[32m"0"[39m
    [33mtype[39m=[32m"button"[39m
  [36m/>[39m

  Name "Remove change item 767":
  [36m<button[39m
    [33maria-label[39m=[32m"Remove change item 767"[39m
    [33mclass[39m=[32m"MuiButtonBase-root MuiIconButton-root MuiIconButton-colorError MuiIconButton-sizeMedium css-1iatk21-MuiButtonBase-root-MuiIconButton-root"[39m
    [33mtabindex[39m=[32m"0"[39m
    [33mtype[39m=[32m"button"[39m
  [36m/>[39m

  Name "Remove change item 768":
  [36m<button[39m
    [33maria-label[39m=[32m"Remove change item 768"[39m
    [33mclass[39m=[32m"MuiButtonBase-root MuiIconButton-root MuiIconButton-colorError MuiIconButton-sizeMedium css-1iatk21-MuiButtonBase-root-MuiIconButton-root"[39m
    [33mtabindex[39m=[32m"0"[39m
    [33mtype[39m=[32m"button"[39m
  [36m/>[39m

  Name "Remove change item 769":
  [36m<button[39m
    [33maria-label[39m=[32m"Remove change item 769"[39m
    [33mclass[39m=[32m"MuiButtonBase-root MuiIconButton-root MuiIconButton-colorError MuiIconButton-sizeMedium css-1iatk21-MuiButtonBase-root-MuiIconButton-root"[39m
    [33mtabindex[39m=[32m"0"[39m
    [33mtype[39m=[32m"button"[39m
  [36m/>[39m

  Name "Remove change item 770":
  [36m<button[39m
    [33maria-label[39m=[32m"Remove change item 770"[39m
    [33mclass[39m=[32m"MuiButtonBase-root MuiIconButton-root MuiIconButton-colorError MuiIconButton-sizeMedium css-1iatk21-MuiButtonBase-root-MuiIconButton-root"[39m
    [33mtabindex[39m=[32m"0"[39m
    [33mtype[39m=[32m"button"[39m
  [36m/>[39m

  Name "Remove change item 771":
  [36m<button[39m
    [33maria-label[39m=[32m"Remove change item 771"[39m
    [33mclass[39m=[32m"MuiButtonBase-root MuiIconButton-root MuiIconButton-colorError MuiIconButton-sizeMedium css-1iatk21-MuiButtonBase-root-MuiIconButton-root"[39m
    [33mtabindex[39m=[32m"0"[39m
    [33mtype[39m=[32m"button"[39m
  [36m/>[39m

  Name "Remove change item 772":
  [36m<button[39m
    [33maria-label[39m=[32m"Remove change item 772"[39m
    [33mclass[39m=[32m"MuiButtonBase-root MuiIconButton-root MuiIconButton-colorError MuiIconButton-sizeMedium css-1iatk21-MuiButtonBase-root-MuiIconButton-root"[39m
    [33mtabindex[39m=[32m"0"[39m
    [33mtype[39m=[32m"button"[39m
  [36m/>[39m

  Name "Remove change item 773":
  [36m<button[39m
    [33maria-label[39m=[32m"Remove change item 773"[39m
    [33mclass[39m=[32m"MuiButtonBase-root MuiIconButton-root MuiIconButton-colorError MuiIconButton-sizeMedium css-1iatk21-MuiButtonBase-root-MuiIconButton-root"[39m
    [33mtabindex[39m=[32m"0"[39m
    [33mtype[39m=[32m"button"[39m
  [36m/>[39m

  Name "Remove change item 774":
  [36m<button[39m
    [33maria-label[39m=[32m"Remove change item 774"[39m
    [33mclass[39m=[32m"MuiButtonBase-root MuiIconButton-root MuiIconButton-colorError MuiIconButton-sizeMedium css-1iatk21-MuiButtonBase-root-MuiIconButton-root"[39m
    [33mtabindex[39m=[32m"0"[39m
    [33mtype[39m=[32m"button"[39m
  [36m/>[39m

  Name "Remove change item 775":
  [36m<button[39m
    [33maria-label[39m=[32m"Remove change item 775"[39m
    [33mclass[39m=[32m"MuiButtonBase-root MuiIconButton-root MuiIconButton-colorError MuiIconButton-sizeMedium css-1iatk21-MuiButtonBase-root-MuiIconButton-root"[39m
    [33mtabindex[39m=[32m"0"[39m
    [33mtype[39m=[32m"button"[39m
  [36m/>[39m

  Name "Remove change item 776":
  [36m<button[39m
    [33maria-label[39m=[32m"Remove change item 776"[39m
    [33mclass[39m=[32m"MuiButtonBase-root MuiIconButton-root MuiIconButton-colorError MuiIconButton-sizeMedium css-1iatk21-MuiButtonBase-root-MuiIconButton-root"[39m
    [33mtabindex[39m=[32m"0"[39m
    [33mtype[39m=[32m"button"[39m
  [36m/>[39m

  Name "Remove change item 777":
  [36m<button[39m
    [33maria-label[39m=[32m"Remove change item 777"[39m
    [33mclass[39m=[32m"MuiButtonBase-root MuiIconButton-root MuiIconButton-colorError MuiIconButton-sizeMedium css-1iatk21-MuiButtonBase-root-MuiIconButton-root"[39m
    [33mtabindex[39m=[32m"0"[39m
    [33mtype[39m=[32m"button"[39m
  [36m/>[39m

  Name "Remove change item 778":
  [36m<button[39m
    [33maria-label[39m=[32m"Remove change item 778"[39m
    [33mclass[39m=[32m"MuiButtonBase-root MuiIconButton-root MuiIconButton-colorError MuiIconButton-sizeMedium css-1iatk21-MuiButtonBase-root-MuiIconButton-root"[39m
    [33mtabindex[39m=[32m"0"[39m
    [33mtype[39m=[32m"button"[39m
  [36m/>[39m

  Name "Remove change item 779":
  [36m<button[39m
    [33maria-label[39m=[32m"Remove change item 779"[39m
    [33mclass[39m=[32m"MuiButtonBase-root MuiIconButton-root MuiIconButton-colorError MuiIconButton-sizeMedium css-1iatk21-MuiButtonBase-root-MuiIconButton-root"[39m
    [33mtabindex[39m=[32m"0"[39m
    [33mtype[39m=[32m"button"[39m
  [36m/>[39m

  Name "Remove change item 780":
  [36m<button[39m
    [33maria-label[39m=[32m"Remove change item 780"[39m
    [33mclass[39m=[32m"MuiButtonBase-root MuiIconButton-root MuiIconButton-colorError MuiIconButton-sizeMedium css-1iatk21-MuiButtonBase-root-MuiIconButton-root"[39m
    [33mtabindex[39m=[32m"0"[39m
    [33mtype[39m=[32m"button"[39m
  [36m/>[39m

  Name "Remove change item 781":
  [36m<button[39m
    [33maria-label[39m=[32m"Remove change item 781"[39m
    [33mclass[39m=[32m"MuiButtonBase-root MuiIconButton-root MuiIconButton-colorError MuiIconButton-sizeMedium css-1iatk21-MuiButtonBase-root-MuiIconButton-root"[39m
    [33mtabindex[39m=[32m"0"[39m
    [33mtype[39m=[32m"button"[39m
  [36m/>[39m

  Name "Remove change item 782":
  [36m<button[39m
    [33maria-label[39m=[32m"Remove change item 782"[39m
    [33mclass[39m=[32m"MuiButtonBase-root MuiIconButton-root MuiIconButton-colorError MuiIconButton-sizeMedium css-1iatk21-MuiButtonBase-root-MuiIconButton-root"[39m
    [33mtabindex[39m=[32m"0"[39m
    [33mtype[39m=[32m"button"[39m
  [36m/>[39m

  Name "Remove change item 783":
  [36m<button[39m
    [33maria-label[39m=[32m"Remove change item 783"[39m
    [33mclass[39m=[32m"MuiButtonBase-root MuiIconButton-root MuiIconButton-colorError MuiIconButton-sizeMedium css-1iatk21-MuiButtonBase-root-MuiIconButton-root"[39m
    [33mtabindex[39m=[32m"0"[39m
    [33mtype[39m=[32m"button"[39m
  [36m/>[39m

  Name "Remove change item 784":
  [36m<button[39m
    [33maria-label[39m=[32m"Remove change item 784"[39m
    [33mclass[39m=[32m"MuiButtonBase-root MuiIconButton-root MuiIconButton-colorError MuiIconButton-sizeMedium css-1iatk21-MuiButtonBase-root-MuiIconButton-root"[39m
    [33mtabindex[39m=[32m"0"[39m
    [33mtype[39m=[32m"button"[39m
  [36m/>[39m

  Name "Remove change item 785":
  [36m<button[39m
    [33maria-label[39m=[32m"Remove change item 785"[39m
    [33mclass[39m=[32m"MuiButtonBase-root MuiIconButton-root MuiIconButton-colorError MuiIconButton-sizeMedium css-1iatk21-MuiButtonBase-root-MuiIconButton-root"[39m
    [33mtabindex[39m=[32m"0"[39m
    [33mtype[39m=[32m"button"[39m
  [36m/>[39m

  Name "Remove change item 786":
  [36m<button[39m
    [33maria-label[39m=[32m"Remove change item 786"[39m
    [33mclass[39m=[32m"MuiButtonBase-root MuiIconButton-root MuiIconButton-colorError MuiIconButton-sizeMedium css-1iatk21-MuiButtonBase-root-MuiIconButton-root"[39m
    [33mtabindex[39m=[32m"0"[39m
    [33mtype[39m=[32m"button"[39m
  [36m/>[39m

  Name "Remove change item 787":
  [36m<button[39m
    [33maria-label[39m=[32m"Remove change item 787"[39m
    [33mclass[39m=[32m"MuiButtonBase-root MuiIconButton-root MuiIconButton-colorError MuiIconButton-sizeMedium css-1iatk21-MuiButtonBase-root-MuiIconButton-root"[39m
    [33mtabindex[39m=[32m"0"[39m
    [33mtype[39m=[32m"button"[39m
  [36m/>[39m

  Name "Remove change item 788":
  [36m<button[39m
    [33maria-label[39m=[32m"Remove change item 788"[39m
    [33mclass[39m=[32m"MuiButtonBase-root MuiIconButton-root MuiIconButton-colorError MuiIconButton-sizeMedium css-1iatk21-MuiButtonBase-root-MuiIconButton-root"[39m
    [33mtabindex[39m=[32m"0"[39m
    [33mtype[39m=[32m"button"[39m
  [36m/>[39m

  Name "Remove change item 789":
  [36m<button[39m
    [33maria-label[39m=[32m"Remove change item 789"[39m
    [33mclass[39m=[32m"MuiButtonBase-root MuiIconButton-root MuiIconButton-colorError MuiIconButton-sizeMedium css-1iatk21-MuiButtonBase-root-MuiIconButton-root"[39m
    [33mtabindex[39m=[32m"0"[39m
    [33mtype[39m=[32m"button"[39m
  [36m/>[39m

  Name "Remove change item 790":
  [36m<button[39m
    [33maria-label[39m=[32m"Remove change item 790"[39m
    [33mclass[39m=[32m"MuiButtonBase-root MuiIconButton-root MuiIconButton-colorError MuiIconButton-sizeMedium css-1iatk21-MuiButtonBase-root-MuiIconButton-root"[39m
    [33mtabindex[39m=[32m"0"[39m
    [33mtype[39m=[32m"button"[39m
  [36m/>[39m

  Name "Remove change item 791":
  [36m<button[39m
    [33maria-label[39m=[32m"Remove change item 791"[39m
    [33mclass[39m=[32m"MuiButtonBase-root MuiIconButton-root MuiIconButton-colorError MuiIconButton-sizeMedium css-1iatk21-MuiButtonBase-root-MuiIconButton-root"[39m
    [33mtabindex[39m=[32m"0"[39m
    [33mtype[39m=[32m"button"[39m
  [36m/>[39m

  Name "Remove change item 792":
  [36m<button[39m
    [33maria-label[39m=[32m"Remove change item 792"[39m
    [33mclass[39m=[32m"MuiButtonBase-root MuiIconButton-root MuiIconButton-colorError MuiIconButton-sizeMedium css-1iatk21-MuiButtonBase-root-MuiIconButton-root"[39m
    [33mtabindex[39m=[32m"0"[39m
    [33mtype[39m=[32m"button"[39m
  [36m/>[39m

  Name "Remove change item 793":
  [36m<button[39m
    [33maria-label[39m=[32m"Remove change item 793"[39m
    [33mclass[39m=[32m"MuiButtonBase-root MuiIconButton-root MuiIconButton-colorError MuiIconButton-sizeMedium css-1iatk21-MuiButtonBase-root-MuiIconButton-root"[39m
    [33mtabindex[39m=[32m"0"[39m
    [33mtype[39m=[32m"button"[39m
  [36m/>[39m

  Name "Remove change item 794":
  [36m<button[39m
    [33maria-label[39m=[32m"Remove change item 794"[39m
    [33mclass[39m=[32m"MuiButtonBase-root MuiIconButton-root MuiIconButton-colorError MuiIconButton-sizeMedium css-1iatk21-MuiButtonBase-root-MuiIconButton-root"[39m
    [33mtabindex[39m=[32m"0"[39m
    [33mtype[39m=[32m"button"[39m
  [36m/>[39m

  Name "Remove change item 795":
  [36m<button[39m
    [33maria-label[39m=[32m"Remove change item 795"[39m
    [33mclass[39m=[32m"MuiButtonBase-root MuiIconButton-root MuiIconButton-colorError MuiIconButton-sizeMedium css-1iatk21-MuiButtonBase-root-MuiIconButton-root"[39m
    [33mtabindex[39m=[32m"0"[39m
    [33mtype[39m=[32m"button"[39m
  [36m/>[39m

  Name "Remove change item 796":
  [36m<button[39m
    [33maria-label[39m=[32m"Remove change item 796"[39m
    [33mclass[39m=[32m"MuiButtonBase-root MuiIconButton-root MuiIconButton-colorError MuiIconButton-sizeMedium css-1iatk21-MuiButtonBase-root-MuiIconButton-root"[39m
    [33mtabindex[39m=[32m"0"[39m
    [33mtype[39m=[32m"button"[39m
  [36m/>[39m

  Name "Remove change item 797":
  [36m<button[39m
    [33maria-label[39m=[32m"Remove change item 797"[39m
    [33mclass[39m=[32m"MuiButtonBase-root MuiIconButton-root MuiIconButton-colorError MuiIconButton-sizeMedium css-1iatk21-MuiButtonBase-root-MuiIconButton-root"[39m
    [33mtabindex[39m=[32m"0"[39m
    [33mtype[39m=[32m"button"[39m
  [36m/>[39m

  Name "Remove change item 798":
  [36m<button[39m
    [33maria-label[39m=[32m"Remove change item 798"[39m
    [33mclass[39m=[32m"MuiButtonBase-root MuiIconButton-root MuiIconButton-colorError MuiIconButton-sizeMedium css-1iatk21-MuiButtonBase-root-MuiIconButton-root"[39m
    [33mtabindex[39m=[32m"0"[39m
    [33mtype[39m=[32m"button"[39m
  [36m/>[39m

  Name "Remove change item 799":
  [36m<button[39m
    [33maria-label[39m=[32m"Remove change item 799"[39m
    [33mclass[39m=[32m"MuiButtonBase-root MuiIconButton-root MuiIconButton-colorError MuiIconButton-sizeMedium css-1iatk21-MuiButtonBase-root-MuiIconButton-root"[39m
    [33mtabindex[39m=[32m"0"[39m
    [33mtype[39m=[32m"button"[39m
  [36m/>[39m

  Name "Remove change item 800":
  [36m<button[39m
    [33maria-label[39m=[32m"Remove change item 800"[39m
    [33mclass[39m=[32m"MuiButtonBase-root MuiIconButton-root MuiIconButton-colorError MuiIconButton-sizeMedium css-1iatk21-MuiButtonBase-root-MuiIconButton-root"[39m
    [33mtabindex[39m=[32m"0"[39m
    [33mtype[39m=[32m"button"[39m
  [36m/>[39m

  Name "Remove change item 801":
  [36m<button[39m
    [33maria-label[39m=[32m"Remove change item 801"[39m
    [33mclass[39m=[32m"MuiButtonBase-root MuiIconButton-root MuiIconButton-colorError MuiIconButton-sizeMedium css-1iatk21-MuiButtonBase-root-MuiIconButton-root"[39m
    [33mtabindex[39m=[32m"0"[39m
    [33mtype[39m=[32m"button"[39m
  [36m/>[39m

  Name "Remove change item 802":
  [36m<button[39m
    [33maria-label[39m=[32m"Remove change item 802"[39m
    [33mclass[39m=[32m"MuiButtonBase-root MuiIconButton-root MuiIconButton-colorError MuiIconButton-sizeMedium css-1iatk21-MuiButtonBase-root-MuiIconButton-root"[39m
    [33mtabindex[39m=[32m"0"[39m
    [33mtype[39m=[32m"button"[39m
  [36m/>[39m

  Name "Remove change item 803":
  [36m<button[39m
    [33maria-label[39m=[32m"Remove change item 803"[39m
    [33mclass[39m=[32m"MuiButtonBase-root MuiIconButton-root MuiIconButton-colorError MuiIconButton-sizeMedium css-1iatk21-MuiButtonBase-root-MuiIconButton-root"[39m
    [33mtabindex[39m=[32m"0"[39m
    [33mtype[39m=[32m"button"[39m
  [36m/>[39m

  Name "Remove change item 804":
  [36m<button[39m
    [33maria-label[39m=[32m"Remove change item 804"[39m
    [33mclass[39m=[32m"MuiButtonBase-root MuiIconButton-root MuiIconButton-colorError MuiIconButton-sizeMedium css-1iatk21-MuiButtonBase-root-MuiIconButton-root"[39m
    [33mtabindex[39m=[32m"0"[39m
    [33mtype[39m=[32m"button"[39m
  [36m/>[39m

  Name "Remove change item 805":
  [36m<button[39m
    [33maria-label[39m=[32m"Remove change item 805"[39m
    [33mclass[39m=[32m"MuiButtonBase-root MuiIconButton-root MuiIconButton-colorError MuiIconButton-sizeMedium css-1iatk21-MuiButtonBase-root-MuiIconButton-root"[39m
    [33mtabindex[39m=[32m"0"[39m
    [33mtype[39m=[32m"button"[39m
  [36m/>[39m

  Name "Remove change item 806":
  [36m<button[39m
    [33maria-label[39m=[32m"Remove change item 806"[39m
    [33mclass[39m=[32m"MuiButtonBase-root MuiIconButton-root MuiIconButton-colorError MuiIconButton-sizeMedium css-1iatk21-MuiButtonBase-root-MuiIconButton-root"[39m
    [33mtabindex[39m=[32m"0"[39m
    [33mtype[39m=[32m"button"[39m
  [36m/>[39m

  Name "Remove change item 807":
  [36m<button[39m
    [33maria-label[39m=[32m"Remove change item 807"[39m
    [33mclass[39m=[32m"MuiButtonBase-root MuiIconButton-root MuiIconButton-colorError MuiIconButton-sizeMedium css-1iatk21-MuiButtonBase-root-MuiIconButton-root"[39m
    [33mtabindex[39m=[32m"0"[39m
    [33mtype[39m=[32m"button"[39m
  [36m/>[39m

  Name "Remove change item 808":
  [36m<button[39m
    [33maria-label[39m=[32m"Remove change item 808"[39m
    [33mclass[39m=[32m"MuiButtonBase-root MuiIconButton-root MuiIconButton-colorError MuiIconButton-sizeMedium css-1iatk21-MuiButtonBase-root-MuiIconButton-root"[39m
    [33mtabindex[39m=[32m"0"[39m
    [33mtype[39m=[32m"button"[39m
  [36m/>[39m

  Name "Remove change item 809":
  [36m<button[39m
    [33maria-label[39m=[32m"Remove change item 809"[39m
    [33mclass[39m=[32m"MuiButtonBase-root MuiIconButton-root MuiIconButton-colorError MuiIconButton-sizeMedium css-1iatk21-MuiButtonBase-root-MuiIconButton-root"[39m
    [33mtabindex[39m=[32m"0"[39m
    [33mtype[39m=[32m"button"[39m
  [36m/>[39m

  Name "Remove change item 810":
  [36m<button[39m
    [33maria-label[39m=[32m"Remove change item 810"[39m
    [33mclass[39m=[32m"MuiButtonBase-root MuiIconButton-root MuiIconButton-colorError MuiIconButton-sizeMedium css-1iatk21-MuiButtonBase-root-MuiIconButton-root"[39m
    [33mtabindex[39m=[32m"0"[39m
    [33mtype[39m=[32m"button"[39m
  [36m/>[39m

  Name "Remove change item 811":
  [36m<button[39m
    [33maria-label[39m=[32m"Remove change item 811"[39m
    [33mclass[39m=[32m"MuiButtonBase-root MuiIconButton-root MuiIconButton-colorError MuiIconButton-sizeMedium css-1iatk21-MuiButtonBase-root-MuiIconButton-root"[39m
    [33mtabindex[39m=[32m"0"[39m
    [33mtype[39m=[32m"button"[39m
  [36m/>[39m

  Name "Remove change item 812":
  [36m<button[39m
    [33maria-label[39m=[32m"Remove change item 812"[39m
    [33mclass[39m=[32m"MuiButtonBase-root MuiIconButton-root MuiIconButton-colorError MuiIconButton-sizeMedium css-1iatk21-MuiButtonBase-root-MuiIconButton-root"[39m
    [33mtabindex[39m=[32m"0"[39m
    [33mtype[39m=[32m"button"[39m
  [36m/>[39m

  Name "Remove change item 813":
  [36m<button[39m
    [33maria-label[39m=[32m"Remove change item 813"[39m
    [33mclass[39m=[32m"MuiButtonBase-root MuiIconButton-root MuiIconButton-colorError MuiIconButton-sizeMedium css-1iatk21-MuiButtonBase-root-MuiIconButton-root"[39m
    [33mtabindex[39m=[32m"0"[39m
    [33mtype[39m=[32m"button"[39m
  [36m/>[39m

  Name "Remove change item 814":
  [36m<button[39m
    [33maria-label[39m=[32m"Remove change item 814"[39m
    [33mclass[39m=[32m"MuiButtonBase-root MuiIconButton-root MuiIconButton-colorError MuiIconButton-sizeMedium css-1iatk21-MuiButtonBase-root-MuiIconButton-root"[39m
    [33mtabindex[39m=[32m"0"[39m
    [33mtype[39m=[32m"button"[39m
  [36m/>[39m

  Name "Remove change item 815":
  [36m<button[39m
    [33maria-label[39m=[32m"Remove change item 815"[39m
    [33mclass[39m=[32m"MuiButtonBase-root MuiIconButton-root MuiIconButton-colorError MuiIconButton-sizeMedium css-1iatk21-MuiButtonBase-root-MuiIconButton-root"[39m
    [33mtabindex[39m=[32m"0"[39m
    [33mtype[39m=[32m"button"[39m
  [36m/>[39m

  Name "Remove change item 816":
  [36m<button[39m
    [33maria-label[39m=[32m"Remove change item 816"[39m
    [33mclass[39m=[32m"MuiButtonBase-root MuiIconButton-root MuiIconButton-colorError MuiIconButton-sizeMedium css-1iatk21-MuiButtonBase-root-MuiIconButton-root"[39m
    [33mtabindex[39m=[32m"0"[39m
    [33mtype[39m=[32m"button"[39m
  [36m/>[39m

  Name "Remove change item 817":
  [36m<button[39m
    [33maria-label[39m=[32m"Remove change item 817"[39m
    [33mclass[39m=[32m"MuiButtonBase-root MuiIconButton-root MuiIconButton-colorError MuiIconButton-sizeMedium css-1iatk21-MuiButtonBase-root-MuiIconButton-root"[39m
    [33mtabindex[39m=[32m"0"[39m
    [33mtype[39m=[32m"button"[39m
  [36m/>[39m

  Name "Remove change item 818":
  [36m<button[39m
    [33maria-label[39m=[32m"Remove change item 818"[39m
    [33mclass[39m=[32m"MuiButtonBase-root MuiIconButton-root MuiIconButton-colorError MuiIconButton-sizeMedium css-1iatk21-MuiButtonBase-root-MuiIconButton-root"[39m
    [33mtabindex[39m=[32m"0"[39m
    [33mtype[39m=[32m"button"[39m
  [36m/>[39m

  Name "Remove change item 819":
  [36m<button[39m
    [33maria-label[39m=[32m"Remove change item 819"[39m
    [33mclass[39m=[32m"MuiButtonBase-root MuiIconButton-root MuiIconButton-colorError MuiIconButton-sizeMedium css-1iatk21-MuiButtonBase-root-MuiIconButton-root"[39m
    [33mtabindex[39m=[32m"0"[39m
    [33mtype[39m=[32m"button"[39m
  [36m/>[39m

  Name "Remove change item 820":
  [36m<button[39m
    [33maria-label[39m=[32m"Remove change item 820"[39m
    [33mclass[39m=[32m"MuiButtonBase-root MuiIconButton-root MuiIconButton-colorError MuiIconButton-sizeMedium css-1iatk21-MuiButtonBase-root-MuiIconButton-root"[39m
    [33mtabindex[39m=[32m"0"[39m
    [33mtype[39m=[32m"button"[39m
  [36m/>[39m

  Name "Remove change item 821":
  [36m<button[39m
    [33maria-label[39m=[32m"Remove change item 821"[39m
    [33mclass[39m=[32m"MuiButtonBase-root MuiIconButton-root MuiIconButton-colorError MuiIconButton-sizeMedium css-1iatk21-MuiButtonBase-root-MuiIconButton-root"[39m
    [33mtabindex[39m=[32m"0"[39m
    [33mtype[39m=[32m"button"[39m
  [36m/>[39m

  Name "Remove change item 822":
  [36m<button[39m
    [33maria-label[39m=[32m"Remove change item 822"[39m
    [33mclass[39m=[32m"MuiButtonBase-root MuiIconButton-root MuiIconButton-colorError MuiIconButton-sizeMedium css-1iatk21-MuiButtonBase-root-MuiIconButton-root"[39m
    [33mtabindex[39m=[32m"0"[39m
    [33mtype[39m=[32m"button"[39m
  [36m/>[39m

  Name "Remove change item 823":
  [36m<button[39m
    [33maria-label[39m=[32m"Remove change item 823"[39m
    [33mclass[39m=[32m"MuiButtonBase-root MuiIconButton-root MuiIconButton-colorError MuiIconButton-sizeMedium css-1iatk21-MuiButtonBase-root-MuiIconButton-root"[39m
    [33mtabindex[39m=[32m"0"[39m
    [33mtype[39m=[32m"button"[39m
  [36m/>[39m

  Name "Remove change item 824":
  [36m<button[39m
    [33maria-label[39m=[32m"Remove change item 824"[39m
    [33mclass[39m=[32m"MuiButtonBase-root MuiIconButton-root MuiIconButton-colorError MuiIconButton-sizeMedium css-1iatk21-MuiButtonBase-root-MuiIconButton-root"[39m
    [33mtabindex[39m=[32m"0"[39m
    [33mtype[39m=[32m"button"[39m
  [36m/>[39m

  Name "Remove change item 825":
  [36m<button[39m
    [33maria-label[39m=[32m"Remove change item 825"[39m
    [33mclass[39m=[32m"MuiButtonBase-root MuiIconButton-root MuiIconButton-colorError MuiIconButton-sizeMedium css-1iatk21-MuiButtonBase-root-MuiIconButton-root"[39m
    [33mtabindex[39m=[32m"0"[39m
    [33mtype[39m=[32m"button"[39m
  [36m/>[39m

  Name "Remove change item 826":
  [36m<button[39m
    [33maria-label[39m=[32m"Remove change item 826"[39m
    [33mclass[39m=[32m"MuiButtonBase-root MuiIconButton-root MuiIconButton-colorError MuiIconButton-sizeMedium css-1iatk21-MuiButtonBase-root-MuiIconButton-root"[39m
    [33mtabindex[39m=[32m"0"[39m
    [33mtype[39m=[32m"button"[39m
  [36m/>[39m

  Name "Remove change item 827":
  [36m<button[39m
    [33maria-label[39m=[32m"Remove change item 827"[39m
    [33mclass[39m=[32m"MuiButtonBase-root MuiIconButton-root MuiIconButton-colorError MuiIconButton-sizeMedium css-1iatk21-MuiButtonBase-root-MuiIconButton-root"[39m
    [33mtabindex[39m=[32m"0"[39m
    [33mtype[39m=[32m"button"[39m
  [36m/>[39m

  Name "Remove change item 828":
  [36m<button[39m
    [33maria-label[39m=[32m"Remove change item 828"[39m
    [33mclass[39m=[32m"MuiButtonBase-root MuiIconButton-root MuiIconButton-colorError MuiIconButton-sizeMedium css-1iatk21-MuiButtonBase-root-MuiIconButton-root"[39m
    [33mtabindex[39m=[32m"0"[39m
    [33mtype[39m=[32m"button"[39m
  [36m/>[39m

  Name "Remove change item 829":
  [36m<button[39m
    [33maria-label[39m=[32m"Remove change item 829"[39m
    [33mclass[39m=[32m"MuiButtonBase-root MuiIconButton-root MuiIconButton-colorError MuiIconButton-sizeMedium css-1iatk21-MuiButtonBase-root-MuiIconButton-root"[39m
    [33mtabindex[39m=[32m"0"[39m
    [33mtype[39m=[32m"button"[39m
  [36m/>[39m

  Name "Remove change item 830":
  [36m<button[39m
    [33maria-label[39m=[32m"Remove change item 830"[39m
    [33mclass[39m=[32m"MuiButtonBase-root MuiIconButton-root MuiIconButton-colorError MuiIconButton-sizeMedium css-1iatk21-MuiButtonBase-root-MuiIconButton-root"[39m
    [33mtabindex[39m=[32m"0"[39m
    [33mtype[39m=[32m"button"[39m
  [36m/>[39m

  Name "Remove change item 831":
  [36m<button[39m
    [33maria-label[39m=[32m"Remove change item 831"[39m
    [33mclass[39m=[32m"MuiButtonBase-root MuiIconButton-root MuiIconButton-colorError MuiIconButton-sizeMedium css-1iatk21-MuiButtonBase-root-MuiIconButton-root"[39m
    [33mtabindex[39m=[32m"0"[39m
    [33mtype[39m=[32m"button"[39m
  [36m/>[39m

  Name "Remove change item 832":
  [36m<button[39m
    [33maria-label[39m=[32m"Remove change item 832"[39m
    [33mclass[39m=[32m"MuiButtonBase-root MuiIconButton-root MuiIconButton-colorError MuiIconButton-sizeMedium css-1iatk21-MuiButtonBase-root-MuiIconButton-root"[39m
    [33mtabindex[39m=[32m"0"[39m
    [33mtype[39m=[32m"button"[39m
  [36m/>[39m

  Name "Remove change item 833":
  [36m<button[39m
    [33maria-label[39m=[32m"Remove change item 833"[39m
    [33mclass[39m=[32m"MuiButtonBase-root MuiIconButton-root MuiIconButton-colorError MuiIconButton-sizeMedium css-1iatk21-MuiButtonBase-root-MuiIconButton-root"[39m
    [33mtabindex[39m=[32m"0"[39m
    [33mtype[39m=[32m"button"[39m
  [36m/>[39m

  Name "Remove change item 834":
  [36m<button[39m
    [33maria-label[39m=[32m"Remove change item 834"[39m
    [33mclass[39m=[32m"MuiButtonBase-root MuiIconButton-root MuiIconButton-colorError MuiIconButton-sizeMedium css-1iatk21-MuiButtonBase-root-MuiIconButton-root"[39m
    [33mtabindex[39m=[32m"0"[39m
    [33mtype[39m=[32m"button"[39m
  [36m/>[39m

  Name "Remove change item 835":
  [36m<button[39m
    [33maria-label[39m=[32m"Remove change item 835"[39m
    [33mclass[39m=[32m"MuiButtonBase-root MuiIconButton-root MuiIconButton-colorError MuiIconButton-sizeMedium css-1iatk21-MuiButtonBase-root-MuiIconButton-root"[39m
    [33mtabindex[39m=[32m"0"[39m
    [33mtype[39m=[32m"button"[39m
  [36m/>[39m

  Name "Remove change item 836":
  [36m<button[39m
    [33maria-label[39m=[32m"Remove change item 836"[39m
    [33mclass[39m=[32m"MuiButtonBase-root MuiIconButton-root MuiIconButton-colorError MuiIconButton-sizeMedium css-1iatk21-MuiButtonBase-root-MuiIconButton-root"[39m
    [33mtabindex[39m=[32m"0"[39m
    [33mtype[39m=[32m"button"[39m
  [36m/>[39m

  Name "Remove change item 837":
  [36m<button[39m
    [33maria-label[39m=[32m"Remove change item 837"[39m
    [33mclass[39m=[32m"MuiButtonBase-root MuiIconButton-root MuiIconButton-colorError MuiIconButton-sizeMedium css-1iatk21-MuiButtonBase-root-MuiIconButton-root"[39m
    [33mtabindex[39m=[32m"0"[39m
    [33mtype[39m=[32m"button"[39m
  [36m/>[39m

  Name "Remove change item 838":
  [36m<button[39m
    [33maria-label[39m=[32m"Remove change item 838"[39m
    [33mclass[39m=[32m"MuiButtonBase-root MuiIconButton-root MuiIconButton-colorError MuiIconButton-sizeMedium css-1iatk21-MuiButtonBase-root-MuiIconButton-root"[39m
    [33mtabindex[39m=[32m"0"[39m
    [33mtype[39m=[32m"button"[39m
  [36m/>[39m

  Name "Remove change item 839":
  [36m<button[39m
    [33maria-label[39m=[32m"Remove change item 839"[39m
    [33mclass[39m=[32m"MuiButtonBase-root MuiIconButton-root MuiIconButton-colorError MuiIconButton-sizeMedium css-1iatk21-MuiButtonBase-root-MuiIconButton-root"[39m
    [33mtabindex[39m=[32m"0"[39m
    [33mtype[39m=[32m"button"[39m
  [36m/>[39m

  Name "Remove change item 840":
  [36m<button[39m
    [33maria-label[39m=[32m"Remove change item 840"[39m
    [33mclass[39m=[32m"MuiButtonBase-root MuiIconButton-root MuiIconButton-colorError MuiIconButton-sizeMedium css-1iatk21-MuiButtonBase-root-MuiIconButton-root"[39m
    [33mtabindex[39m=[32m"0"[39m
    [33mtype[39m=[32m"button"[39m
  [36m/>[39m

  Name "Remove change item 841":
  [36m<button[39m
    [33maria-label[39m=[32m"Remove change item 841"[39m
    [33mclass[39m=[32m"MuiButtonBase-root MuiIconButton-root MuiIconButton-colorError MuiIconButton-sizeMedium css-1iatk21-MuiButtonBase-root-MuiIconButton-root"[39m
    [33mtabindex[39m=[32m"0"[39m
    [33mtype[39m=[32m"button"[39m
  [36m/>[39m

  Name "Remove change item 842":
  [36m<button[39m
    [33maria-label[39m=[32m"Remove change item 842"[39m
    [33mclass[39m=[32m"MuiButtonBase-root MuiIconButton-root MuiIconButton-colorError MuiIconButton-sizeMedium css-1iatk21-MuiButtonBase-root-MuiIconButton-root"[39m
    [33mtabindex[39m=[32m"0"[39m
    [33mtype[39m=[32m"button"[39m
  [36m/>[39m

  Name "Remove change item 843":
  [36m<button[39m
    [33maria-label[39m=[32m"Remove change item 843"[39m
    [33mclass[39m=[32m"MuiButtonBase-root MuiIconButton-root MuiIconButton-colorError MuiIconButton-sizeMedium css-1iatk21-MuiButtonBase-root-MuiIconButton-root"[39m
    [33mtabindex[39m=[32m"0"[39m
    [33mtype[39m=[32m"button"[39m
  [36m/>[39m

  Name "Remove change item 844":
  [36m<button[39m
    [33maria-label[39m=[32m"Remove change item 844"[39m
    [33mclass[39m=[32m"MuiButtonBase-root MuiIconButton-root MuiIconButton-colorError MuiIconButton-sizeMedium css-1iatk21-MuiButtonBase-root-MuiIconButton-root"[39m
    [33mtabindex[39m=[32m"0"[39m
    [33mtype[39m=[32m"button"[39m
  [36m/>[39m

  Name "Remove change item 845":
  [36m<button[39m
    [33maria-label[39m=[32m"Remove change item 845"[39m
    [33mclass[39m=[32m"MuiButtonBase-root MuiIconButton-root MuiIconButton-colorError MuiIconButton-sizeMedium css-1iatk21-MuiButtonBase-root-MuiIconButton-root"[39m
    [33mtabindex[39m=[32m"0"[39m
    [33mtype[39m=[32m"button"[39m
  [36m/>[39m

  Name "Remove change item 846":
  [36m<button[39m
    [33maria-label[39m=[32m"Remove change item 846"[39m
    [33mclass[39m=[32m"MuiButtonBase-root MuiIconButton-root MuiIconButton-colorError MuiIconButton-sizeMedium css-1iatk21-MuiButtonBase-root-MuiIconButton-root"[39m
    [33mtabindex[39m=[32m"0"[39m
    [33mtype[39m=[32m"button"[39m
  [36m/>[39m

  Name "Remove change item 847":
  [36m<button[39m
    [33maria-label[39m=[32m"Remove change item 847"[39m
    [33mclass[39m=[32m"MuiButtonBase-root MuiIconButton-root MuiIconButton-colorError MuiIconButton-sizeMedium css-1iatk21-MuiButtonBase-root-MuiIconButton-root"[39m
    [33mtabindex[39m=[32m"0"[39m
    [33mtype[39m=[32m"button"[39m
  [36m/>[39m

  Name "Remove change item 848":
  [36m<button[39m
    [33maria-label[39m=[32m"Remove change item 848"[39m
    [33mclass[39m=[32m"MuiButtonBase-root MuiIconButton-root MuiIconButton-colorError MuiIconButton-sizeMedium css-1iatk21-MuiButtonBase-root-MuiIconButton-root"[39m
    [33mtabindex[39m=[32m"0"[39m
    [33mtype[39m=[32m"button"[39m
  [36m/>[39m

  Name "Remove change item 849":
  [36m<button[39m
    [33maria-label[39m=[32m"Remove change item 849"[39m
    [33mclass[39m=[32m"MuiButtonBase-root MuiIconButton-root MuiIconButton-colorError MuiIconButton-sizeMedium css-1iatk21-MuiButtonBase-root-MuiIconButton-root"[39m
    [33mtabindex[39m=[32m"0"[39m
    [33mtype[39m=[32m"button"[39m
  [36m/>[39m

  Name "Remove change item 850":
  [36m<button[39m
    [33maria-label[39m=[32m"Remove change item 850"[39m
    [33mclass[39m=[32m"MuiButtonBase-root MuiIconButton-root MuiIconButton-colorError MuiIconButton-sizeMedium css-1iatk21-MuiButtonBase-root-MuiIconButton-root"[39m
    [33mtabindex[39m=[32m"0"[39m
    [33mtype[39m=[32m"button"[39m
  [36m/>[39m

  Name "Remove change item 851":
  [36m<button[39m
    [33maria-label[39m=[32m"Remove change item 851"[39m
    [33mclass[39m=[32m"MuiButtonBase-root MuiIconButton-root MuiIconButton-colorError MuiIconButton-sizeMedium css-1iatk21-MuiButtonBase-root-MuiIconButton-root"[39m
    [33mtabindex[39m=[32m"0"[39m
    [33mtype[39m=[32m"button"[39m
  [36m/>[39m

  Name "Remove change item 852":
  [36m<button[39m
    [33maria-label[39m=[32m"Remove change item 852"[39m
    [33mclass[39m=[32m"MuiButtonBase-root MuiIconButton-root MuiIconButton-colorError MuiIconButton-sizeMedium css-1iatk21-MuiButtonBase-root-MuiIconButton-root"[39m
    [33mtabindex[39m=[32m"0"[39m
    [33mtype[39m=[32m"button"[39m
  [36m/>[39m

  Name "Remove change item 853":
  [36m<button[39m
    [33maria-label[39m=[32m"Remove change item 853"[39m
    [33mclass[39m=[32m"MuiButtonBase-root MuiIconButton-root MuiIconButton-colorError MuiIconButton-sizeMedium css-1iatk21-MuiButtonBase-root-MuiIconButton-root"[39m
    [33mtabindex[39m=[32m"0"[39m
    [33mtype[39m=[32m"button"[39m
  [36m/>[39m

  Name "Remove change item 854":
  [36m<button[39m
    [33maria-label[39m=[32m"Remove change item 854"[39m
    [33mclass[39m=[32m"MuiButtonBase-root MuiIconButton-root MuiIconButton-colorError MuiIconButton-sizeMedium css-1iatk21-MuiButtonBase-root-MuiIconButton-root"[39m
    [33mtabindex[39m=[32m"0"[39m
    [33mtype[39m=[32m"button"[39m
  [36m/>[39m

  Name "Remove change item 855":
  [36m<button[39m
    [33maria-label[39m=[32m"Remove change item 855"[39m
    [33mclass[39m=[32m"MuiButtonBase-root MuiIconButton-root MuiIconButton-colorError MuiIconButton-sizeMedium css-1iatk21-MuiButtonBase-root-MuiIconButton-root"[39m
    [33mtabindex[39m=[32m"0"[39m
    [33mtype[39m=[32m"button"[39m
  [36m/>[39m

  Name "Remove change item 856":
  [36m<button[39m
    [33maria-label[39m=[32m"Remove change item 856"[39m
    [33mclass[39m=[32m"MuiButtonBase-root MuiIconButton-root MuiIconButton-colorError MuiIconButton-sizeMedium css-1iatk21-MuiButtonBase-root-MuiIconButton-root"[39m
    [33mtabindex[39m=[32m"0"[39m
    [33mtype[39m=[32m"button"[39m
  [36m/>[39m

  Name "Remove change item 857":
  [36m<button[39m
    [33maria-label[39m=[32m"Remove change item 857"[39m
    [33mclass[39m=[32m"MuiButtonBase-root MuiIconButton-root MuiIconButton-colorError MuiIconButton-sizeMedium css-1iatk21-MuiButtonBase-root-MuiIconButton-root"[39m
    [33mtabindex[39m=[32m"0"[39m
    [33mtype[39m=[32m"button"[39m
  [36m/>[39m

  Name "Remove change item 858":
  [36m<button[39m
    [33maria-label[39m=[32m"Remove change item 858"[39m
    [33mclass[39m=[32m"MuiButtonBase-root MuiIconButton-root MuiIconButton-colorError MuiIconButton-sizeMedium css-1iatk21-MuiButtonBase-root-MuiIconButton-root"[39m
    [33mtabindex[39m=[32m"0"[39m
    [33mtype[39m=[32m"button"[39m
  [36m/>[39m

  Name "Remove change item 859":
  [36m<button[39m
    [33maria-label[39m=[32m"Remove change item 859"[39m
    [33mclass[39m=[32m"MuiButtonBase-root MuiIconButton-root MuiIconButton-colorError MuiIconButton-sizeMedium css-1iatk21-MuiButtonBase-root-MuiIconButton-root"[39m
    [33mtabindex[39m=[32m"0"[39m
    [33mtype[39m=[32m"button"[39m
  [36m/>[39m

  Name "Remove change item 860":
  [36m<button[39m
    [33maria-label[39m=[32m"Remove change item 860"[39m
    [33mclass[39m=[32m"MuiButtonBase-root MuiIconButton-root MuiIconButton-colorError MuiIconButton-sizeMedium css-1iatk21-MuiButtonBase-root-MuiIconButton-root"[39m
    [33mtabindex[39m=[32m"0"[39m
    [33mtype[39m=[32m"button"[39m
  [36m/>[39m

  Name "Remove change item 861":
  [36m<button[39m
    [33maria-label[39m=[32m"Remove change item 861"[39m
    [33mclass[39m=[32m"MuiButtonBase-root MuiIconButton-root MuiIconButton-colorError MuiIconButton-sizeMedium css-1iatk21-MuiButtonBase-root-MuiIconButton-root"[39m
    [33mtabindex[39m=[32m"0"[39m
    [33mtype[39m=[32m"button"[39m
  [36m/>[39m

  Name "Remove change item 862":
  [36m<button[39m
    [33maria-label[39m=[32m"Remove change item 862"[39m
    [33mclass[39m=[32m"MuiButtonBase-root MuiIconButton-root MuiIconButton-colorError MuiIconButton-sizeMedium css-1iatk21-MuiButtonBase-root-MuiIconButton-root"[39m
    [33mtabindex[39m=[32m"0"[39m
    [33mtype[39m=[32m"button"[39m
  [36m/>[39m

  Name "Remove change item 863":
  [36m<button[39m
    [33maria-label[39m=[32m"Remove change item 863"[39m
    [33mclass[39m=[32m"MuiButtonBase-root MuiIconButton-root MuiIconButton-colorError MuiIconButton-sizeMedium css-1iatk21-MuiButtonBase-root-MuiIconButton-root"[39m
    [33mtabindex[39m=[32m"0"[39m
    [33mtype[39m=[32m"button"[39m
  [36m/>[39m

  Name "Remove change item 864":
  [36m<button[39m
    [33maria-label[39m=[32m"Remove change item 864"[39m
    [33mclass[39m=[32m"MuiButtonBase-root MuiIconButton-root MuiIconButton-colorError MuiIconButton-sizeMedium css-1iatk21-MuiButtonBase-root-MuiIconButton-root"[39m
    [33mtabindex[39m=[32m"0"[39m
    [33mtype[39m=[32m"button"[39m
  [36m/>[39m

  Name "Remove change item 865":
  [36m<button[39m
    [33maria-label[39m=[32m"Remove change item 865"[39m
    [33mclass[39m=[32m"MuiButtonBase-root MuiIconButton-root MuiIconButton-colorError MuiIconButton-sizeMedium css-1iatk21-MuiButtonBase-root-MuiIconButton-root"[39m
    [33mtabindex[39m=[32m"0"[39m
    [33mtype[39m=[32m"button"[39m
  [36m/>[39m

  Name "Remove change item 866":
  [36m<button[39m
    [33maria-label[39m=[32m"Remove change item 866"[39m
    [33mclass[39m=[32m"MuiButtonBase-root MuiIconButton-root MuiIconButton-colorError MuiIconButton-sizeMedium css-1iatk21-MuiButtonBase-root-MuiIconButton-root"[39m
    [33mtabindex[39m=[32m"0"[39m
    [33mtype[39m=[32m"button"[39m
  [36m/>[39m

  Name "Remove change item 867":
  [36m<button[39m
    [33maria-label[39m=[32m"Remove change item 867"[39m
    [33mclass[39m=[32m"MuiButtonBase-root MuiIconButton-root MuiIconButton-colorError MuiIconButton-sizeMedium css-1iatk21-MuiButtonBase-root-MuiIconButton-root"[39m
    [33mtabindex[39m=[32m"0"[39m
    [33mtype[39m=[32m"button"[39m
  [36m/>[39m

  Name "Remove change item 868":
  [36m<button[39m
    [33maria-label[39m=[32m"Remove change item 868"[39m
    [33mclass[39m=[32m"MuiButtonBase-root MuiIconButton-root MuiIconButton-colorError MuiIconButton-sizeMedium css-1iatk21-MuiButtonBase-root-MuiIconButton-root"[39m
    [33mtabindex[39m=[32m"0"[39m
    [33mtype[39m=[32m"button"[39m
  [36m/>[39m

  Name "Remove change item 869":
  [36m<button[39m
    [33maria-label[39m=[32m"Remove change item 869"[39m
    [33mclass[39m=[32m"MuiButtonBase-root MuiIconButton-root MuiIconButton-colorError MuiIconButton-sizeMedium css-1iatk21-MuiButtonBase-root-MuiIconButton-root"[39m
    [33mtabindex[39m=[32m"0"[39m
    [33mtype[39m=[32m"button"[39m
  [36m/>[39m

  Name "Remove change item 870":
  [36m<button[39m
    [33maria-label[39m=[32m"Remove change item 870"[39m
    [33mclass[39m=[32m"MuiButtonBase-root MuiIconButton-root MuiIconButton-colorError MuiIconButton-sizeMedium css-1iatk21-MuiButtonBase-root-MuiIconButton-root"[39m
    [33mtabindex[39m=[32m"0"[39m
    [33mtype[39m=[32m"button"[39m
  [36m/>[39m

  Name "Remove change item 871":
  [36m<button[39m
    [33maria-label[39m=[32m"Remove change item 871"[39m
    [33mclass[39m=[32m"MuiButtonBase-root MuiIconButton-root MuiIconButton-colorError MuiIconButton-sizeMedium css-1iatk21-MuiButtonBase-root-MuiIconButton-root"[39m
    [33mtabindex[39m=[32m"0"[39m
    [33mtype[39m=[32m"button"[39m
  [36m/>[39m

  Name "Remove change item 872":
  [36m<button[39m
    [33maria-label[39m=[32m"Remove change item 872"[39m
    [33mclass[39m=[32m"MuiButtonBase-root MuiIconButton-root MuiIconButton-colorError MuiIconButton-sizeMedium css-1iatk21-MuiButtonBase-root-MuiIconButton-root"[39m
    [33mtabindex[39m=[32m"0"[39m
    [33mtype[39m=[32m"button"[39m
  [36m/>[39m

  Name "Remove change item 873":
  [36m<button[39m
    [33maria-label[39m=[32m"Remove change item 873"[39m
    [33mclass[39m=[32m"MuiButtonBase-root MuiIconButton-root MuiIconButton-colorError MuiIconButton-sizeMedium css-1iatk21-MuiButtonBase-root-MuiIconButton-root"[39m
    [33mtabindex[39m=[32m"0"[39m
    [33mtype[39m=[32m"button"[39m
  [36m/>[39m

  Name "Remove change item 874":
  [36m<button[39m
    [33maria-label[39m=[32m"Remove change item 874"[39m
    [33mclass[39m=[32m"MuiButtonBase-root MuiIconButton-root MuiIconButton-colorError MuiIconButton-sizeMedium css-1iatk21-MuiButtonBase-root-MuiIconButton-root"[39m
    [33mtabindex[39m=[32m"0"[39m
    [33mtype[39m=[32m"button"[39m
  [36m/>[39m

  Name "Remove change item 875":
  [36m<button[39m
    [33maria-label[39m=[32m"Remove change item 875"[39m
    [33mclass[39m=[32m"MuiButtonBase-root MuiIconButton-root MuiIconButton-colorError MuiIconButton-sizeMedium css-1iatk21-MuiButtonBase-root-MuiIconButton-root"[39m
    [33mtabindex[39m=[32m"0"[39m
    [33mtype[39m=[32m"button"[39m
  [36m/>[39m

  Name "Remove change item 876":
  [36m<button[39m
    [33maria-label[39m=[32m"Remove change item 876"[39m
    [33mclass[39m=[32m"MuiButtonBase-root MuiIconButton-root MuiIconButton-colorError MuiIconButton-sizeMedium css-1iatk21-MuiButtonBase-root-MuiIconButton-root"[39m
    [33mtabindex[39m=[32m"0"[39m
    [33mtype[39m=[32m"button"[39m
  [36m/>[39m

  Name "Remove change item 877":
  [36m<button[39m
    [33maria-label[39m=[32m"Remove change item 877"[39m
    [33mclass[39m=[32m"MuiButtonBase-root MuiIconButton-root MuiIconButton-colorError MuiIconButton-sizeMedium css-1iatk21-MuiButtonBase-root-MuiIconButton-root"[39m
    [33mtabindex[39m=[32m"0"[39m
    [33mtype[39m=[32m"button"[39m
  [36m/>[39m

  Name "Remove change item 878":
  [36m<button[39m
    [33maria-label[39m=[32m"Remove change item 878"[39m
    [33mclass[39m=[32m"MuiButtonBase-root MuiIconButton-root MuiIconButton-colorError MuiIconButton-sizeMedium css-1iatk21-MuiButtonBase-root-MuiIconButton-root"[39m
    [33mtabindex[39m=[32m"0"[39m
    [33mtype[39m=[32m"button"[39m
  [36m/>[39m

  Name "Remove change item 879":
  [36m<button[39m
    [33maria-label[39m=[32m"Remove change item 879"[39m
    [33mclass[39m=[32m"MuiButtonBase-root MuiIconButton-root MuiIconButton-colorError MuiIconButton-sizeMedium css-1iatk21-MuiButtonBase-root-MuiIconButton-root"[39m
    [33mtabindex[39m=[32m"0"[39m
    [33mtype[39m=[32m"button"[39m
  [36m/>[39m

  Name "Remove change item 880":
  [36m<button[39m
    [33maria-label[39m=[32m"Remove change item 880"[39m
    [33mclass[39m=[32m"MuiButtonBase-root MuiIconButton-root MuiIconButton-colorError MuiIconButton-sizeMedium css-1iatk21-MuiButtonBase-root-MuiIconButton-root"[39m
    [33mtabindex[39m=[32m"0"[39m
    [33mtype[39m=[32m"button"[39m
  [36m/>[39m

  Name "Remove change item 881":
  [36m<button[39m
    [33maria-label[39m=[32m"Remove change item 881"[39m
    [33mclass[39m=[32m"MuiButtonBase-root MuiIconButton-root MuiIconButton-colorError MuiIconButton-sizeMedium css-1iatk21-MuiButtonBase-root-MuiIconButton-root"[39m
    [33mtabindex[39m=[32m"0"[39m
    [33mtype[39m=[32m"button"[39m
  [36m/>[39m

  Name "Remove change item 882":
  [36m<button[39m
    [33maria-label[39m=[32m"Remove change item 882"[39m
    [33mclass[39m=[32m"MuiButtonBase-root MuiIconButton-root MuiIconButton-colorError MuiIconButton-sizeMedium css-1iatk21-MuiButtonBase-root-MuiIconButton-root"[39m
    [33mtabindex[39m=[32m"0"[39m
    [33mtype[39m=[32m"button"[39m
  [36m/>[39m

  Name "Remove change item 883":
  [36m<button[39m
    [33maria-label[39m=[32m"Remove change item 883"[39m
    [33mclass[39m=[32m"MuiButtonBase-root MuiIconButton-root MuiIconButton-colorError MuiIconButton-sizeMedium css-1iatk21-MuiButtonBase-root-MuiIconButton-root"[39m
    [33mtabindex[39m=[32m"0"[39m
    [33mtype[39m=[32m"button"[39m
  [36m/>[39m

  Name "Remove change item 884":
  [36m<button[39m
    [33maria-label[39m=[32m"Remove change item 884"[39m
    [33mclass[39m=[32m"MuiButtonBase-root MuiIconButton-root MuiIconButton-colorError MuiIconButton-sizeMedium css-1iatk21-MuiButtonBase-root-MuiIconButton-root"[39m
    [33mtabindex[39m=[32m"0"[39m
    [33mtype[39m=[32m"button"[39m
  [36m/>[39m

  Name "Remove change item 885":
  [36m<button[39m
    [33maria-label[39m=[32m"Remove change item 885"[39m
    [33mclass[39m=[32m"MuiButtonBase-root MuiIconButton-root MuiIconButton-colorError MuiIconButton-sizeMedium css-1iatk21-MuiButtonBase-root-MuiIconButton-root"[39m
    [33mtabindex[39m=[32m"0"[39m
    [33mtype[39m=[32m"button"[39m
  [36m/>[39m

  Name "Remove change item 886":
  [36m<button[39m
    [33maria-label[39m=[32m"Remove change item 886"[39m
    [33mclass[39m=[32m"MuiButtonBase-root MuiIconButton-root MuiIconButton-colorError MuiIconButton-sizeMedium css-1iatk21-MuiButtonBase-root-MuiIconButton-root"[39m
    [33mtabindex[39m=[32m"0"[39m
    [33mtype[39m=[32m"button"[39m
  [36m/>[39m

  Name "Remove change item 887":
  [36m<button[39m
    [33maria-label[39m=[32m"Remove change item 887"[39m
    [33mclass[39m=[32m"MuiButtonBase-root MuiIconButton-root MuiIconButton-colorError MuiIconButton-sizeMedium css-1iatk21-MuiButtonBase-root-MuiIconButton-root"[39m
    [33mtabindex[39m=[32m"0"[39m
    [33mtype[39m=[32m"button"[39m
  [36m/>[39m

  Name "Remove change item 888":
  [36m<button[39m
    [33maria-label[39m=[32m"Remove change item 888"[39m
    [33mclass[39m=[32m"MuiButtonBase-root MuiIconButton-root MuiIconButton-colorError MuiIconButton-sizeMedium css-1iatk21-MuiButtonBase-root-MuiIconButton-root"[39m
    [33mtabindex[39m=[32m"0"[39m
    [33mtype[39m=[32m"button"[39m
  [36m/>[39m

  Name "Remove change item 889":
  [36m<button[39m
    [33maria-label[39m=[32m"Remove change item 889"[39m
    [33mclass[39m=[32m"MuiButtonBase-root MuiIconButton-root MuiIconButton-colorError MuiIconButton-sizeMedium css-1iatk21-MuiButtonBase-root-MuiIconButton-root"[39m
    [33mtabindex[39m=[32m"0"[39m
    [33mtype[39m=[32m"button"[39m
  [36m/>[39m

  Name "Remove change item 890":
  [36m<button[39m
    [33maria-label[39m=[32m"Remove change item 890"[39m
    [33mclass[39m=[32m"MuiButtonBase-root MuiIconButton-root MuiIconButton-colorError MuiIconButton-sizeMedium css-1iatk21-MuiButtonBase-root-MuiIconButton-root"[39m
    [33mtabindex[39m=[32m"0"[39m
    [33mtype[39m=[32m"button"[39m
  [36m/>[39m

  Name "Remove change item 891":
  [36m<button[39m
    [33maria-label[39m=[32m"Remove change item 891"[39m
    [33mclass[39m=[32m"MuiButtonBase-root MuiIconButton-root MuiIconButton-colorError MuiIconButton-sizeMedium css-1iatk21-MuiButtonBase-root-MuiIconButton-root"[39m
    [33mtabindex[39m=[32m"0"[39m
    [33mtype[39m=[32m"button"[39m
  [36m/>[39m

  Name "Remove change item 892":
  [36m<button[39m
    [33maria-label[39m=[32m"Remove change item 892"[39m
    [33mclass[39m=[32m"MuiButtonBase-root MuiIconButton-root MuiIconButton-colorError MuiIconButton-sizeMedium css-1iatk21-MuiButtonBase-root-MuiIconButton-root"[39m
    [33mtabindex[39m=[32m"0"[39m
    [33mtype[39m=[32m"button"[39m
  [36m/>[39m

  Name "Remove change item 893":
  [36m<button[39m
    [33maria-label[39m=[32m"Remove change item 893"[39m
    [33mclass[39m=[32m"MuiButtonBase-root MuiIconButton-root MuiIconButton-colorError MuiIconButton-sizeMedium css-1iatk21-MuiButtonBase-root-MuiIconButton-root"[39m
    [33mtabindex[39m=[32m"0"[39m
    [33mtype[39m=[32m"button"[39m
  [36m/>[39m

  Name "Remove change item 894":
  [36m<button[39m
    [33maria-label[39m=[32m"Remove change item 894"[39m
    [33mclass[39m=[32m"MuiButtonBase-root MuiIconButton-root MuiIconButton-colorError MuiIconButton-sizeMedium css-1iatk21-MuiButtonBase-root-MuiIconButton-root"[39m
    [33mtabindex[39m=[32m"0"[39m
    [33mtype[39m=[32m"button"[39m
  [36m/>[39m

  Name "Remove change item 895":
  [36m<button[39m
    [33maria-label[39m=[32m"Remove change item 895"[39m
    [33mclass[39m=[32m"MuiButtonBase-root MuiIconButton-root MuiIconButton-colorError MuiIconButton-sizeMedium css-1iatk21-MuiButtonBase-root-MuiIconButton-root"[39m
    [33mtabindex[39m=[32m"0"[39m
    [33mtype[39m=[32m"button"[39m
  [36m/>[39m

  Name "Remove change item 896":
  [36m<button[39m
    [33maria-label[39m=[32m"Remove change item 896"[39m
    [33mclass[39m=[32m"MuiButtonBase-root MuiIconButton-root MuiIconButton-colorError MuiIconButton-sizeMedium css-1iatk21-MuiButtonBase-root-MuiIconButton-root"[39m
    [33mtabindex[39m=[32m"0"[39m
    [33mtype[39m=[32m"button"[39m
  [36m/>[39m

  Name "Remove change item 897":
  [36m<button[39m
    [33maria-label[39m=[32m"Remove change item 897"[39m
    [33mclass[39m=[32m"MuiButtonBase-root MuiIconButton-root MuiIconButton-colorError MuiIconButton-sizeMedium css-1iatk21-MuiButtonBase-root-MuiIconButton-root"[39m
    [33mtabindex[39m=[32m"0"[39m
    [33mtype[39m=[32m"button"[39m
  [36m/>[39m

  Name "Remove change item 898":
  [36m<button[39m
    [33maria-label[39m=[32m"Remove change item 898"[39m
    [33mclass[39m=[32m"MuiButtonBase-root MuiIconButton-root MuiIconButton-colorError MuiIconButton-sizeMedium css-1iatk21-MuiButtonBase-root-MuiIconButton-root"[39m
    [33mtabindex[39m=[32m"0"[39m
    [33mtype[39m=[32m"button"[39m
  [36m/>[39m

  Name "Remove change item 899":
  [36m<button[39m
    [33maria-label[39m=[32m"Remove change item 899"[39m
    [33mclass[39m=[32m"MuiButtonBase-root MuiIconButton-root MuiIconButton-colorError MuiIconButton-sizeMedium css-1iatk21-MuiButtonBase-root-MuiIconButton-root"[39m
    [33mtabindex[39m=[32m"0"[39m
    [33mtype[39m=[32m"button"[39m
  [36m/>[39m

  Name "Remove change item 900":
  [36m<button[39m
    [33maria-label[39m=[32m"Remove change item 900"[39m
    [33mclass[39m=[32m"MuiButtonBase-root MuiIconButton-root MuiIconButton-colorError MuiIconButton-sizeMedium css-1iatk21-MuiButtonBase-root-MuiIconButton-root"[39m
    [33mtabindex[39m=[32m"0"[39m
    [33mtype[39m=[32m"button"[39m
  [36m/>[39m

  Name "Remove change item 901":
  [36m<button[39m
    [33maria-label[39m=[32m"Remove change item 901"[39m
    [33mclass[39m=[32m"MuiButtonBase-root MuiIconButton-root MuiIconButton-colorError MuiIconButton-sizeMedium css-1iatk21-MuiButtonBase-root-MuiIconButton-root"[39m
    [33mtabindex[39m=[32m"0"[39m
    [33mtype[39m=[32m"button"[39m
  [36m/>[39m

  Name "Remove change item 902":
  [36m<button[39m
    [33maria-label[39m=[32m"Remove change item 902"[39m
    [33mclass[39m=[32m"MuiButtonBase-root MuiIconButton-root MuiIconButton-colorError MuiIconButton-sizeMedium css-1iatk21-MuiButtonBase-root-MuiIconButton-root"[39m
    [33mtabindex[39m=[32m"0"[39m
    [33mtype[39m=[32m"button"[39m
  [36m/>[39m

  Name "Remove change item 903":
  [36m<button[39m
    [33maria-label[39m=[32m"Remove change item 903"[39m
    [33mclass[39m=[32m"MuiButtonBase-root MuiIconButton-root MuiIconButton-colorError MuiIconButton-sizeMedium css-1iatk21-MuiButtonBase-root-MuiIconButton-root"[39m
    [33mtabindex[39m=[32m"0"[39m
    [33mtype[39m=[32m"button"[39m
  [36m/>[39m

  Name "Remove change item 904":
  [36m<button[39m
    [33maria-label[39m=[32m"Remove change item 904"[39m
    [33mclass[39m=[32m"MuiButtonBase-root MuiIconButton-root MuiIconButton-colorError MuiIconButton-sizeMedium css-1iatk21-MuiButtonBase-root-MuiIconButton-root"[39m
    [33mtabindex[39m=[32m"0"[39m
    [33mtype[39m=[32m"button"[39m
  [36m/>[39m

  Name "Remove change item 905":
  [36m<button[39m
    [33maria-label[39m=[32m"Remove change item 905"[39m
    [33mclass[39m=[32m"MuiButtonBase-root MuiIconButton-root MuiIconButton-colorError MuiIconButton-sizeMedium css-1iatk21-MuiButtonBase-root-MuiIconButton-root"[39m
    [33mtabindex[39m=[32m"0"[39m
    [33mtype[39m=[32m"button"[39m
  [36m/>[39m

  Name "Remove change item 906":
  [36m<button[39m
    [33maria-label[39m=[32m"Remove change item 906"[39m
    [33mclass[39m=[32m"MuiButtonBase-root MuiIconButton-root MuiIconButton-colorError MuiIconButton-sizeMedium css-1iatk21-MuiButtonBase-root-MuiIconButton-root"[39m
    [33mtabindex[39m=[32m"0"[39m
    [33mtype[39m=[32m"button"[39m
  [36m/>[39m

  Name "Remove change item 907":
  [36m<button[39m
    [33maria-label[39m=[32m"Remove change item 907"[39m
    [33mclass[39m=[32m"MuiButtonBase-root MuiIconButton-root MuiIconButton-colorError MuiIconButton-sizeMedium css-1iatk21-MuiButtonBase-root-MuiIconButton-root"[39m
    [33mtabindex[39m=[32m"0"[39m
    [33mtype[39m=[32m"button"[39m
  [36m/>[39m

  Name "Remove change item 908":
  [36m<button[39m
    [33maria-label[39m=[32m"Remove change item 908"[39m
    [33mclass[39m=[32m"MuiButtonBase-root MuiIconButton-root MuiIconButton-colorError MuiIconButton-sizeMedium css-1iatk21-MuiButtonBase-root-MuiIconButton-root"[39m
    [33mtabindex[39m=[32m"0"[39m
    [33mtype[39m=[32m"button"[39m
  [36m/>[39m

  Name "Remove change item 909":
  [36m<button[39m
    [33maria-label[39m=[32m"Remove change item 909"[39m
    [33mclass[39m=[32m"MuiButtonBase-root MuiIconButton-root MuiIconButton-colorError MuiIconButton-sizeMedium css-1iatk21-MuiButtonBase-root-MuiIconButton-root"[39m
    [33mtabindex[39m=[32m"0"[39m
    [33mtype[39m=[32m"button"[39m
  [36m/>[39m

  Name "Remove change item 910":
  [36m<button[39m
    [33maria-label[39m=[32m"Remove change item 910"[39m
    [33mclass[39m=[32m"MuiButtonBase-root MuiIconButton-root MuiIconButton-colorError MuiIconButton-sizeMedium css-1iatk21-MuiButtonBase-root-MuiIconButton-root"[39m
    [33mtabindex[39m=[32m"0"[39m
    [33mtype[39m=[32m"button"[39m
  [36m/>[39m

  Name "Remove change item 911":
  [36m<button[39m
    [33maria-label[39m=[32m"Remove change item 911"[39m
    [33mclass[39m=[32m"MuiButtonBase-root MuiIconButton-root MuiIconButton-colorError MuiIconButton-sizeMedium css-1iatk21-MuiButtonBase-root-MuiIconButton-root"[39m
    [33mtabindex[39m=[32m"0"[39m
    [33mtype[39m=[32m"button"[39m
  [36m/>[39m

  Name "Remove change item 912":
  [36m<button[39m
    [33maria-label[39m=[32m"Remove change item 912"[39m
    [33mclass[39m=[32m"MuiButtonBase-root MuiIconButton-root MuiIconButton-colorError MuiIconButton-sizeMedium css-1iatk21-MuiButtonBase-root-MuiIconButton-root"[39m
    [33mtabindex[39m=[32m"0"[39m
    [33mtype[39m=[32m"button"[39m
  [36m/>[39m

  Name "Remove change item 913":
  [36m<button[39m
    [33maria-label[39m=[32m"Remove change item 913"[39m
    [33mclass[39m=[32m"MuiButtonBase-root MuiIconButton-root MuiIconButton-colorError MuiIconButton-sizeMedium css-1iatk21-MuiButtonBase-root-MuiIconButton-root"[39m
    [33mtabindex[39m=[32m"0"[39m
    [33mtype[39m=[32m"button"[39m
  [36m/>[39m

  Name "Remove change item 914":
  [36m<button[39m
    [33maria-label[39m=[32m"Remove change item 914"[39m
    [33mclass[39m=[32m"MuiButtonBase-root MuiIconButton-root MuiIconButton-colorError MuiIconButton-sizeMedium css-1iatk21-MuiButtonBase-root-MuiIconButton-root"[39m
    [33mtabindex[39m=[32m"0"[39m
    [33mtype[39m=[32m"button"[39m
  [36m/>[39m

  Name "Remove change item 915":
  [36m<button[39m
    [33maria-label[39m=[32m"Remove change item 915"[39m
    [33mclass[39m=[32m"MuiButtonBase-root MuiIconButton-root MuiIconButton-colorError MuiIconButton-sizeMedium css-1iatk21-MuiButtonBase-root-MuiIconButton-root"[39m
    [33mtabindex[39m=[32m"0"[39m
    [33mtype[39m=[32m"button"[39m
  [36m/>[39m

  Name "Remove change item 916":
  [36m<button[39m
    [33maria-label[39m=[32m"Remove change item 916"[39m
    [33mclass[39m=[32m"MuiButtonBase-root MuiIconButton-root MuiIconButton-colorError MuiIconButton-sizeMedium css-1iatk21-MuiButtonBase-root-MuiIconButton-root"[39m
    [33mtabindex[39m=[32m"0"[39m
    [33mtype[39m=[32m"button"[39m
  [36m/>[39m

  Name "Remove change item 917":
  [36m<button[39m
    [33maria-label[39m=[32m"Remove change item 917"[39m
    [33mclass[39m=[32m"MuiButtonBase-root MuiIconButton-root MuiIconButton-colorError MuiIconButton-sizeMedium css-1iatk21-MuiButtonBase-root-MuiIconButton-root"[39m
    [33mtabindex[39m=[32m"0"[39m
    [33mtype[39m=[32m"button"[39m
  [36m/>[39m

  Name "Remove change item 918":
  [36m<button[39m
    [33maria-label[39m=[32m"Remove change item 918"[39m
    [33mclass[39m=[32m"MuiButtonBase-root MuiIconButton-root MuiIconButton-colorError MuiIconButton-sizeMedium css-1iatk21-MuiButtonBase-root-MuiIconButton-root"[39m
    [33mtabindex[39m=[32m"0"[39m
    [33mtype[39m=[32m"button"[39m
  [36m/>[39m

  Name "Remove change item 919":
  [36m<button[39m
    [33maria-label[39m=[32m"Remove change item 919"[39m
    [33mclass[39m=[32m"MuiButtonBase-root MuiIconButton-root MuiIconButton-colorError MuiIconButton-sizeMedium css-1iatk21-MuiButtonBase-root-MuiIconButton-root"[39m
    [33mtabindex[39m=[32m"0"[39m
    [33mtype[39m=[32m"button"[39m
  [36m/>[39m

  Name "Remove change item 920":
  [36m<button[39m
    [33maria-label[39m=[32m"Remove change item 920"[39m
    [33mclass[39m=[32m"MuiButtonBase-root MuiIconButton-root MuiIconButton-colorError MuiIconButton-sizeMedium css-1iatk21-MuiButtonBase-root-MuiIconButton-root"[39m
    [33mtabindex[39m=[32m"0"[39m
    [33mtype[39m=[32m"button"[39m
  [36m/>[39m

  Name "Remove change item 921":
  [36m<button[39m
    [33maria-label[39m=[32m"Remove change item 921"[39m
    [33mclass[39m=[32m"MuiButtonBase-root MuiIconButton-root MuiIconButton-colorError MuiIconButton-sizeMedium css-1iatk21-MuiButtonBase-root-MuiIconButton-root"[39m
    [33mtabindex[39m=[32m"0"[39m
    [33mtype[39m=[32m"button"[39m
  [36m/>[39m

  Name "Remove change item 922":
  [36m<button[39m
    [33maria-label[39m=[32m"Remove change item 922"[39m
    [33mclass[39m=[32m"MuiButtonBase-root MuiIconButton-root MuiIconButton-colorError MuiIconButton-sizeMedium css-1iatk21-MuiButtonBase-root-MuiIconButton-root"[39m
    [33mtabindex[39m=[32m"0"[39m
    [33mtype[39m=[32m"button"[39m
  [36m/>[39m

  Name "Remove change item 923":
  [36m<button[39m
    [33maria-label[39m=[32m"Remove change item 923"[39m
    [33mclass[39m=[32m"MuiButtonBase-root MuiIconButton-root MuiIconButton-colorError MuiIconButton-sizeMedium css-1iatk21-MuiButtonBase-root-MuiIconButton-root"[39m
    [33mtabindex[39m=[32m"0"[39m
    [33mtype[39m=[32m"button"[39m
  [36m/>[39m

  Name "Remove change item 924":
  [36m<button[39m
    [33maria-label[39m=[32m"Remove change item 924"[39m
    [33mclass[39m=[32m"MuiButtonBase-root MuiIconButton-root MuiIconButton-colorError MuiIconButton-sizeMedium css-1iatk21-MuiButtonBase-root-MuiIconButton-root"[39m
    [33mtabindex[39m=[32m"0"[39m
    [33mtype[39m=[32m"button"[39m
  [36m/>[39m

  Name "Remove change item 925":
  [36m<button[39m
    [33maria-label[39m=[32m"Remove change item 925"[39m
    [33mclass[39m=[32m"MuiButtonBase-root MuiIconButton-root MuiIconButton-colorError MuiIconButton-sizeMedium css-1iatk21-MuiButtonBase-root-MuiIconButton-root"[39m
    [33mtabindex[39m=[32m"0"[39m
    [33mtype[39m=[32m"button"[39m
  [36m/>[39m

  Name "Remove change item 926":
  [36m<button[39m
    [33maria-label[39m=[32m"Remove change item 926"[39m
    [33mclass[39m=[32m"MuiButtonBase-root MuiIconButton-root MuiIconButton-colorError MuiIconButton-sizeMedium css-1iatk21-MuiButtonBase-root-MuiIconButton-root"[39m
    [33mtabindex[39m=[32m"0"[39m
    [33mtype[39m=[32m"button"[39m
  [36m/>[39m

  Name "Remove change item 927":
  [36m<button[39m
    [33maria-label[39m=[32m"Remove change item 927"[39m
    [33mclass[39m=[32m"MuiButtonBase-root MuiIconButton-root MuiIconButton-colorError MuiIconButton-sizeMedium css-1iatk21-MuiButtonBase-root-MuiIconButton-root"[39m
    [33mtabindex[39m=[32m"0"[39m
    [33mtype[39m=[32m"button"[39m
  [36m/>[39m

  Name "Remove change item 928":
  [36m<button[39m
    [33maria-label[39m=[32m"Remove change item 928"[39m
    [33mclass[39m=[32m"MuiButtonBase-root MuiIconButton-root MuiIconButton-colorError MuiIconButton-sizeMedium css-1iatk21-MuiButtonBase-root-MuiIconButton-root"[39m
    [33mtabindex[39m=[32m"0"[39m
    [33mtype[39m=[32m"button"[39m
  [36m/>[39m

  Name "Remove change item 929":
  [36m<button[39m
    [33maria-label[39m=[32m"Remove change item 929"[39m
    [33mclass[39m=[32m"MuiButtonBase-root MuiIconButton-root MuiIconButton-colorError MuiIconButton-sizeMedium css-1iatk21-MuiButtonBase-root-MuiIconButton-root"[39m
    [33mtabindex[39m=[32m"0"[39m
    [33mtype[39m=[32m"button"[39m
  [36m/>[39m

  Name "Remove change item 930":
  [36m<button[39m
    [33maria-label[39m=[32m"Remove change item 930"[39m
    [33mclass[39m=[32m"MuiButtonBase-root MuiIconButton-root MuiIconButton-colorError MuiIconButton-sizeMedium css-1iatk21-MuiButtonBase-root-MuiIconButton-root"[39m
    [33mtabindex[39m=[32m"0"[39m
    [33mtype[39m=[32m"button"[39m
  [36m/>[39m

  Name "Remove change item 931":
  [36m<button[39m
    [33maria-label[39m=[32m"Remove change item 931"[39m
    [33mclass[39m=[32m"MuiButtonBase-root MuiIconButton-root MuiIconButton-colorError MuiIconButton-sizeMedium css-1iatk21-MuiButtonBase-root-MuiIconButton-root"[39m
    [33mtabindex[39m=[32m"0"[39m
    [33mtype[39m=[32m"button"[39m
  [36m/>[39m

  Name "Remove change item 932":
  [36m<button[39m
    [33maria-label[39m=[32m"Remove change item 932"[39m
    [33mclass[39m=[32m"MuiButtonBase-root MuiIconButton-root MuiIconButton-colorError MuiIconButton-sizeMedium css-1iatk21-MuiButtonBase-root-MuiIconButton-root"[39m
    [33mtabindex[39m=[32m"0"[39m
    [33mtype[39m=[32m"button"[39m
  [36m/>[39m

  Name "Remove change item 933":
  [36m<button[39m
    [33maria-label[39m=[32m"Remove change item 933"[39m
    [33mclass[39m=[32m"MuiButtonBase-root MuiIconButton-root MuiIconButton-colorError MuiIconButton-sizeMedium css-1iatk21-MuiButtonBase-root-MuiIconButton-root"[39m
    [33mtabindex[39m=[32m"0"[39m
    [33mtype[39m=[32m"button"[39m
  [36m/>[39m

  Name "Remove change item 934":
  [36m<button[39m
    [33maria-label[39m=[32m"Remove change item 934"[39m
    [33mclass[39m=[32m"MuiButtonBase-root MuiIconButton-root MuiIconButton-colorError MuiIconButton-sizeMedium css-1iatk21-MuiButtonBase-root-MuiIconButton-root"[39m
    [33mtabindex[39m=[32m"0"[39m
    [33mtype[39m=[32m"button"[39m
  [36m/>[39m

  Name "Remove change item 935":
  [36m<button[39m
    [33maria-label[39m=[32m"Remove change item 935"[39m
    [33mclass[39m=[32m"MuiButtonBase-root MuiIconButton-root MuiIconButton-colorError MuiIconButton-sizeMedium css-1iatk21-MuiButtonBase-root-MuiIconButton-root"[39m
    [33mtabindex[39m=[32m"0"[39m
    [33mtype[39m=[32m"button"[39m
  [36m/>[39m

  Name "Remove change item 936":
  [36m<button[39m
    [33maria-label[39m=[32m"Remove change item 936"[39m
    [33mclass[39m=[32m"MuiButtonBase-root MuiIconButton-root MuiIconButton-colorError MuiIconButton-sizeMedium css-1iatk21-MuiButtonBase-root-MuiIconButton-root"[39m
    [33mtabindex[39m=[32m"0"[39m
    [33mtype[39m=[32m"button"[39m
  [36m/>[39m

  Name "Remove change item 937":
  [36m<button[39m
    [33maria-label[39m=[32m"Remove change item 937"[39m
    [33mclass[39m=[32m"MuiButtonBase-root MuiIconButton-root MuiIconButton-colorError MuiIconButton-sizeMedium css-1iatk21-MuiButtonBase-root-MuiIconButton-root"[39m
    [33mtabindex[39m=[32m"0"[39m
    [33mtype[39m=[32m"button"[39m
  [36m/>[39m

  Name "Remove change item 938":
  [36m<button[39m
    [33maria-label[39m=[32m"Remove change item 938"[39m
    [33mclass[39m=[32m"MuiButtonBase-root MuiIconButton-root MuiIconButton-colorError MuiIconButton-sizeMedium css-1iatk21-MuiButtonBase-root-MuiIconButton-root"[39m
    [33mtabindex[39m=[32m"0"[39m
    [33mtype[39m=[32m"button"[39m
  [36m/>[39m

  Name "Remove change item 939":
  [36m<button[39m
    [33maria-label[39m=[32m"Remove change item 939"[39m
    [33mclass[39m=[32m"MuiButtonBase-root MuiIconButton-root MuiIconButton-colorError MuiIconButton-sizeMedium css-1iatk21-MuiButtonBase-root-MuiIconButton-root"[39m
    [33mtabindex[39m=[32m"0"[39m
    [33mtype[39m=[32m"button"[39m
  [36m/>[39m

  Name "Remove change item 940":
  [36m<button[39m
    [33maria-label[39m=[32m"Remove change item 940"[39m
    [33mclass[39m=[32m"MuiButtonBase-root MuiIconButton-root MuiIconButton-colorError MuiIconButton-sizeMedium css-1iatk21-MuiButtonBase-root-MuiIconButton-root"[39m
    [33mtabindex[39m=[32m"0"[39m
    [33mtype[39m=[32m"button"[39m
  [36m/>[39m

  Name "Remove change item 941":
  [36m<button[39m
    [33maria-label[39m=[32m"Remove change item 941"[39m
    [33mclass[39m=[32m"MuiButtonBase-root MuiIconButton-root MuiIconButton-colorError MuiIconButton-sizeMedium css-1iatk21-MuiButtonBase-root-MuiIconButton-root"[39m
    [33mtabindex[39m=[32m"0"[39m
    [33mtype[39m=[32m"button"[39m
  [36m/>[39m

  Name "Remove change item 942":
  [36m<button[39m
    [33maria-label[39m=[32m"Remove change item 942"[39m
    [33mclass[39m=[32m"MuiButtonBase-root MuiIconButton-root MuiIconButton-colorError MuiIconButton-sizeMedium css-1iatk21-MuiButtonBase-root-MuiIconButton-root"[39m
    [33mtabindex[39m=[32m"0"[39m
    [33mtype[39m=[32m"button"[39m
  [36m/>[39m

  Name "Remove change item 943":
  [36m<button[39m
    [33maria-label[39m=[32m"Remove change item 943"[39m
    [33mclass[39m=[32m"MuiButtonBase-root MuiIconButton-root MuiIconButton-colorError MuiIconButton-sizeMedium css-1iatk21-MuiButtonBase-root-MuiIconButton-root"[39m
    [33mtabindex[39m=[32m"0"[39m
    [33mtype[39m=[32m"button"[39m
  [36m/>[39m

  Name "Remove change item 944":
  [36m<button[39m
    [33maria-label[39m=[32m"Remove change item 944"[39m
    [33mclass[39m=[32m"MuiButtonBase-root MuiIconButton-root MuiIconButton-colorError MuiIconButton-sizeMedium css-1iatk21-MuiButtonBase-root-MuiIconButton-root"[39m
    [33mtabindex[39m=[32m"0"[39m
    [33mtype[39m=[32m"button"[39m
  [36m/>[39m

  Name "Remove change item 945":
  [36m<button[39m
    [33maria-label[39m=[32m"Remove change item 945"[39m
    [33mclass[39m=[32m"MuiButtonBase-root MuiIconButton-root MuiIconButton-colorError MuiIconButton-sizeMedium css-1iatk21-MuiButtonBase-root-MuiIconButton-root"[39m
    [33mtabindex[39m=[32m"0"[39m
    [33mtype[39m=[32m"button"[39m
  [36m/>[39m

  Name "Remove change item 946":
  [36m<button[39m
    [33maria-label[39m=[32m"Remove change item 946"[39m
    [33mclass[39m=[32m"MuiButtonBase-root MuiIconButton-root MuiIconButton-colorError MuiIconButton-sizeMedium css-1iatk21-MuiButtonBase-root-MuiIconButton-root"[39m
    [33mtabindex[39m=[32m"0"[39m
    [33mtype[39m=[32m"button"[39m
  [36m/>[39m

  Name "Remove change item 947":
  [36m<button[39m
    [33maria-label[39m=[32m"Remove change item 947"[39m
    [33mclass[39m=[32m"MuiButtonBase-root MuiIconButton-root MuiIconButton-colorError MuiIconButton-sizeMedium css-1iatk21-MuiButtonBase-root-MuiIconButton-root"[39m
    [33mtabindex[39m=[32m"0"[39m
    [33mtype[39m=[32m"button"[39m
  [36m/>[39m

  Name "Remove change item 948":
  [36m<button[39m
    [33maria-label[39m=[32m"Remove change item 948"[39m
    [33mclass[39m=[32m"MuiButtonBase-root MuiIconButton-root MuiIconButton-colorError MuiIconButton-sizeMedium css-1iatk21-MuiButtonBase-root-MuiIconButton-root"[39m
    [33mtabindex[39m=[32m"0"[39m
    [33mtype[39m=[32m"button"[39m
  [36m/>[39m

  Name "Remove change item 949":
  [36m<button[39m
    [33maria-label[39m=[32m"Remove change item 949"[39m
    [33mclass[39m=[32m"MuiButtonBase-root MuiIconButton-root MuiIconButton-colorError MuiIconButton-sizeMedium css-1iatk21-MuiButtonBase-root-MuiIconButton-root"[39m
    [33mtabindex[39m=[32m"0"[39m
    [33mtype[39m=[32m"button"[39m
  [36m/>[39m

  Name "Remove change item 950":
  [36m<button[39m
    [33maria-label[39m=[32m"Remove change item 950"[39m
    [33mclass[39m=[32m"MuiButtonBase-root MuiIconButton-root MuiIconButton-colorError MuiIconButton-sizeMedium css-1iatk21-MuiButtonBase-root-MuiIconButton-root"[39m
    [33mtabindex[39m=[32m"0"[39m
    [33mtype[39m=[32m"button"[39m
  [36m/>[39m

  Name "Remove change item 951":
  [36m<button[39m
    [33maria-label[39m=[32m"Remove change item 951"[39m
    [33mclass[39m=[32m"MuiButtonBase-root MuiIconButton-root MuiIconButton-colorError MuiIconButton-sizeMedium css-1iatk21-MuiButtonBase-root-MuiIconButton-root"[39m
    [33mtabindex[39m=[32m"0"[39m
    [33mtype[39m=[32m"button"[39m
  [36m/>[39m

  Name "Remove change item 952":
  [36m<button[39m
    [33maria-label[39m=[32m"Remove change item 952"[39m
    [33mclass[39m=[32m"MuiButtonBase-root MuiIconButton-root MuiIconButton-colorError MuiIconButton-sizeMedium css-1iatk21-MuiButtonBase-root-MuiIconButton-root"[39m
    [33mtabindex[39m=[32m"0"[39m
    [33mtype[39m=[32m"button"[39m
  [36m/>[39m

  Name "Remove change item 953":
  [36m<button[39m
    [33maria-label[39m=[32m"Remove change item 953"[39m
    [33mclass[39m=[32m"MuiButtonBase-root MuiIconButton-root MuiIconButton-colorError MuiIconButton-sizeMedium css-1iatk21-MuiButtonBase-root-MuiIconButton-root"[39m
    [33mtabindex[39m=[32m"0"[39m
    [33mtype[39m=[32m"button"[39m
  [36m/>[39m

  Name "Remove change item 954":
  [36m<button[39m
    [33maria-label[39m=[32m"Remove change item 954"[39m
    [33mclass[39m=[32m"MuiButtonBase-root MuiIconButton-root MuiIconButton-colorError MuiIconButton-sizeMedium css-1iatk21-MuiButtonBase-root-MuiIconButton-root"[39m
    [33mtabindex[39m=[32m"0"[39m
    [33mtype[39m=[32m"button"[39m
  [36m/>[39m

  Name "Remove change item 955":
  [36m<button[39m
    [33maria-label[39m=[32m"Remove change item 955"[39m
    [33mclass[39m=[32m"MuiButtonBase-root MuiIconButton-root MuiIconButton-colorError MuiIconButton-sizeMedium css-1iatk21-MuiButtonBase-root-MuiIconButton-root"[39m
    [33mtabindex[39m=[32m"0"[39m
    [33mtype[39m=[32m"button"[39m
  [36m/>[39m

  Name "Remove change item 956":
  [36m<button[39m
    [33maria-label[39m=[32m"Remove change item 956"[39m
    [33mclass[39m=[32m"MuiButtonBase-root MuiIconButton-root MuiIconButton-colorError MuiIconButton-sizeMedium css-1iatk21-MuiButtonBase-root-MuiIconButton-root"[39m
    [33mtabindex[39m=[32m"0"[39m
    [33mtype[39m=[32m"button"[39m
  [36m/>[39m

  Name "Remove change item 957":
  [36m<button[39m
    [33maria-label[39m=[32m"Remove change item 957"[39m
    [33mclass[39m=[32m"MuiButtonBase-root MuiIconButton-root MuiIconButton-colorError MuiIconButton-sizeMedium css-1iatk21-MuiButtonBase-root-MuiIconButton-root"[39m
    [33mtabindex[39m=[32m"0"[39m
    [33mtype[39m=[32m"button"[39m
  [36m/>[39m

  Name "Remove change item 958":
  [36m<button[39m
    [33maria-label[39m=[32m"Remove change item 958"[39m
    [33mclass[39m=[32m"MuiButtonBase-root MuiIconButton-root MuiIconButton-colorError MuiIconButton-sizeMedium css-1iatk21-MuiButtonBase-root-MuiIconButton-root"[39m
    [33mtabindex[39m=[32m"0"[39m
    [33mtype[39m=[32m"button"[39m
  [36m/>[39m

  Name "Remove change item 959":
  [36m<button[39m
    [33maria-label[39m=[32m"Remove change item 959"[39m
    [33mclass[39m=[32m"MuiButtonBase-root MuiIconButton-root MuiIconButton-colorError MuiIconButton-sizeMedium css-1iatk21-MuiButtonBase-root-MuiIconButton-root"[39m
    [33mtabindex[39m=[32m"0"[39m
    [33mtype[39m=[32m"button"[39m
  [36m/>[39m

  Name "Remove change item 960":
  [36m<button[39m
    [33maria-label[39m=[32m"Remove change item 960"[39m
    [33mclass[39m=[32m"MuiButtonBase-root MuiIconButton-root MuiIconButton-colorError MuiIconButton-sizeMedium css-1iatk21-MuiButtonBase-root-MuiIconButton-root"[39m
    [33mtabindex[39m=[32m"0"[39m
    [33mtype[39m=[32m"button"[39m
  [36m/>[39m

  Name "Remove change item 961":
  [36m<button[39m
    [33maria-label[39m=[32m"Remove change item 961"[39m
    [33mclass[39m=[32m"MuiButtonBase-root MuiIconButton-root MuiIconButton-colorError MuiIconButton-sizeMedium css-1iatk21-MuiButtonBase-root-MuiIconButton-root"[39m
    [33mtabindex[39m=[32m"0"[39m
    [33mtype[39m=[32m"button"[39m
  [36m/>[39m

  Name "Remove change item 962":
  [36m<button[39m
    [33maria-label[39m=[32m"Remove change item 962"[39m
    [33mclass[39m=[32m"MuiButtonBase-root MuiIconButton-root MuiIconButton-colorError MuiIconButton-sizeMedium css-1iatk21-MuiButtonBase-root-MuiIconButton-root"[39m
    [33mtabindex[39m=[32m"0"[39m
    [33mtype[39m=[32m"button"[39m
  [36m/>[39m

  Name "Remove change item 963":
  [36m<button[39m
    [33maria-label[39m=[32m"Remove change item 963"[39m
    [33mclass[39m=[32m"MuiButtonBase-root MuiIconButton-root MuiIconButton-colorError MuiIconButton-sizeMedium css-1iatk21-MuiButtonBase-root-MuiIconButton-root"[39m
    [33mtabindex[39m=[32m"0"[39m
    [33mtype[39m=[32m"button"[39m
  [36m/>[39m

  Name "Remove change item 964":
  [36m<button[39m
    [33maria-label[39m=[32m"Remove change item 964"[39m
    [33mclass[39m=[32m"MuiButtonBase-root MuiIconButton-root MuiIconButton-colorError MuiIconButton-sizeMedium css-1iatk21-MuiButtonBase-root-MuiIconButton-root"[39m
    [33mtabindex[39m=[32m"0"[39m
    [33mtype[39m=[32m"button"[39m
  [36m/>[39m

  Name "Remove change item 965":
  [36m<button[39m
    [33maria-label[39m=[32m"Remove change item 965"[39m
    [33mclass[39m=[32m"MuiButtonBase-root MuiIconButton-root MuiIconButton-colorError MuiIconButton-sizeMedium css-1iatk21-MuiButtonBase-root-MuiIconButton-root"[39m
    [33mtabindex[39m=[32m"0"[39m
    [33mtype[39m=[32m"button"[39m
  [36m/>[39m

  Name "Remove change item 966":
  [36m<button[39m
    [33maria-label[39m=[32m"Remove change item 966"[39m
    [33mclass[39m=[32m"MuiButtonBase-root MuiIconButton-root MuiIconButton-colorError MuiIconButton-sizeMedium css-1iatk21-MuiButtonBase-root-MuiIconButton-root"[39m
    [33mtabindex[39m=[32m"0"[39m
    [33mtype[39m=[32m"button"[39m
  [36m/>[39m

  Name "Remove change item 967":
  [36m<button[39m
    [33maria-label[39m=[32m"Remove change item 967"[39m
    [33mclass[39m=[32m"MuiButtonBase-root MuiIconButton-root MuiIconButton-colorError MuiIconButton-sizeMedium css-1iatk21-MuiButtonBase-root-MuiIconButton-root"[39m
    [33mtabindex[39m=[32m"0"[39m
    [33mtype[39m=[32m"button"[39m
  [36m/>[39m

  Name "Remove change item 968":
  [36m<button[39m
    [33maria-label[39m=[32m"Remove change item 968"[39m
    [33mclass[39m=[32m"MuiButtonBase-root MuiIconButton-root MuiIconButton-colorError MuiIconButton-sizeMedium css-1iatk21-MuiButtonBase-root-MuiIconButton-root"[39m
    [33mtabindex[39m=[32m"0"[39m
    [33mtype[39m=[32m"button"[39m
  [36m/>[39m

  Name "Remove change item 969":
  [36m<button[39m
    [33maria-label[39m=[32m"Remove change item 969"[39m
    [33mclass[39m=[32m"MuiButtonBase-root MuiIconButton-root MuiIconButton-colorError MuiIconButton-sizeMedium css-1iatk21-MuiButtonBase-root-MuiIconButton-root"[39m
    [33mtabindex[39m=[32m"0"[39m
    [33mtype[39m=[32m"button"[39m
  [36m/>[39m

  Name "Remove change item 970":
  [36m<button[39m
    [33maria-label[39m=[32m"Remove change item 970"[39m
    [33mclass[39m=[32m"MuiButtonBase-root MuiIconButton-root MuiIconButton-colorError MuiIconButton-sizeMedium css-1iatk21-MuiButtonBase-root-MuiIconButton-root"[39m
    [33mtabindex[39m=[32m"0"[39m
    [33mtype[39m=[32m"button"[39m
  [36m/>[39m

  Name "Remove change item 971":
  [36m<button[39m
    [33maria-label[39m=[32m"Remove change item 971"[39m
    [33mclass[39m=[32m"MuiButtonBase-root MuiIconButton-root MuiIconButton-colorError MuiIconButton-sizeMedium css-1iatk21-MuiButtonBase-root-MuiIconButton-root"[39m
    [33mtabindex[39m=[32m"0"[39m
    [33mtype[39m=[32m"button"[39m
  [36m/>[39m

  Name "Remove change item 972":
  [36m<button[39m
    [33maria-label[39m=[32m"Remove change item 972"[39m
    [33mclass[39m=[32m"MuiButtonBase-root MuiIconButton-root MuiIconButton-colorError MuiIconButton-sizeMedium css-1iatk21-MuiButtonBase-root-MuiIconButton-root"[39m
    [33mtabindex[39m=[32m"0"[39m
    [33mtype[39m=[32m"button"[39m
  [36m/>[39m

  Name "Remove change item 973":
  [36m<button[39m
    [33maria-label[39m=[32m"Remove change item 973"[39m
    [33mclass[39m=[32m"MuiButtonBase-root MuiIconButton-root MuiIconButton-colorError MuiIconButton-sizeMedium css-1iatk21-MuiButtonBase-root-MuiIconButton-root"[39m
    [33mtabindex[39m=[32m"0"[39m
    [33mtype[39m=[32m"button"[39m
  [36m/>[39m

  Name "Remove change item 974":
  [36m<button[39m
    [33maria-label[39m=[32m"Remove change item 974"[39m
    [33mclass[39m=[32m"MuiButtonBase-root MuiIconButton-root MuiIconButton-colorError MuiIconButton-sizeMedium css-1iatk21-MuiButtonBase-root-MuiIconButton-root"[39m
    [33mtabindex[39m=[32m"0"[39m
    [33mtype[39m=[32m"button"[39m
  [36m/>[39m

  Name "Remove change item 975":
  [36m<button[39m
    [33maria-label[39m=[32m"Remove change item 975"[39m
    [33mclass[39m=[32m"MuiButtonBase-root MuiIconButton-root MuiIconButton-colorError MuiIconButton-sizeMedium css-1iatk21-MuiButtonBase-root-MuiIconButton-root"[39m
    [33mtabindex[39m=[32m"0"[39m
    [33mtype[39m=[32m"button"[39m
  [36m/>[39m

  Name "Remove change item 976":
  [36m<button[39m
    [33maria-label[39m=[32m"Remove change item 976"[39m
    [33mclass[39m=[32m"MuiButtonBase-root MuiIconButton-root MuiIconButton-colorError MuiIconButton-sizeMedium css-1iatk21-MuiButtonBase-root-MuiIconButton-root"[39m
    [33mtabindex[39m=[32m"0"[39m
    [33mtype[39m=[32m"button"[39m
  [36m/>[39m

  Name "Remove change item 977":
  [36m<button[39m
    [33maria-label[39m=[32m"Remove change item 977"[39m
    [33mclass[39m=[32m"MuiButtonBase-root MuiIconButton-root MuiIconButton-colorError MuiIconButton-sizeMedium css-1iatk21-MuiButtonBase-root-MuiIconButton-root"[39m
    [33mtabindex[39m=[32m"0"[39m
    [33mtype[39m=[32m"button"[39m
  [36m/>[39m

  Name "Remove change item 978":
  [36m<button[39m
    [33maria-label[39m=[32m"Remove change item 978"[39m
    [33mclass[39m=[32m"MuiButtonBase-root MuiIconButton-root MuiIconButton-colorError MuiIconButton-sizeMedium css-1iatk21-MuiButtonBase-root-MuiIconButton-root"[39m
    [33mtabindex[39m=[32m"0"[39m
    [33mtype[39m=[32m"button"[39m
  [36m/>[39m

  Name "Remove change item 979":
  [36m<button[39m
    [33maria-label[39m=[32m"Remove change item 979"[39m
    [33mclass[39m=[32m"MuiButtonBase-root MuiIconButton-root MuiIconButton-colorError MuiIconButton-sizeMedium css-1iatk21-MuiButtonBase-root-MuiIconButton-root"[39m
    [33mtabindex[39m=[32m"0"[39m
    [33mtype[39m=[32m"button"[39m
  [36m/>[39m

  Name "Remove change item 980":
  [36m<button[39m
    [33maria-label[39m=[32m"Remove change item 980"[39m
    [33mclass[39m=[32m"MuiButtonBase-root MuiIconButton-root MuiIconButton-colorError MuiIconButton-sizeMedium css-1iatk21-MuiButtonBase-root-MuiIconButton-root"[39m
    [33mtabindex[39m=[32m"0"[39m
    [33mtype[39m=[32m"button"[39m
  [36m/>[39m

  Name "Remove change item 981":
  [36m<button[39m
    [33maria-label[39m=[32m"Remove change item 981"[39m
    [33mclass[39m=[32m"MuiButtonBase-root MuiIconButton-root MuiIconButton-colorError MuiIconButton-sizeMedium css-1iatk21-MuiButtonBase-root-MuiIconButton-root"[39m
    [33mtabindex[39m=[32m"0"[39m
    [33mtype[39m=[32m"button"[39m
  [36m/>[39m

  Name "Remove change item 982":
  [36m<button[39m
    [33maria-label[39m=[32m"Remove change item 982"[39m
    [33mclass[39m=[32m"MuiButtonBase-root MuiIconButton-root MuiIconButton-colorError MuiIconButton-sizeMedium css-1iatk21-MuiButtonBase-root-MuiIconButton-root"[39m
    [33mtabindex[39m=[32m"0"[39m
    [33mtype[39m=[32m"button"[39m
  [36m/>[39m

  Name "Remove change item 983":
  [36m<button[39m
    [33maria-label[39m=[32m"Remove change item 983"[39m
    [33mclass[39m=[32m"MuiButtonBase-root MuiIconButton-root MuiIconButton-colorError MuiIconButton-sizeMedium css-1iatk21-MuiButtonBase-root-MuiIconButton-root"[39m
    [33mtabindex[39m=[32m"0"[39m
    [33mtype[39m=[32m"button"[39m
  [36m/>[39m

  Name "Remove change item 984":
  [36m<button[39m
    [33maria-label[39m=[32m"Remove change item 984"[39m
    [33mclass[39m=[32m"MuiButtonBase-root MuiIconButton-root MuiIconButton-colorError MuiIconButton-sizeMedium css-1iatk21-MuiButtonBase-root-MuiIconButton-root"[39m
    [33mtabindex[39m=[32m"0"[39m
    [33mtype[39m=[32m"button"[39m
  [36m/>[39m

  Name "Remove change item 985":
  [36m<button[39m
    [33maria-label[39m=[32m"Remove change item 985"[39m
    [33mclass[39m=[32m"MuiButtonBase-root MuiIconButton-root MuiIconButton-colorError MuiIconButton-sizeMedium css-1iatk21-MuiButtonBase-root-MuiIconButton-root"[39m
    [33mtabindex[39m=[32m"0"[39m
    [33mtype[39m=[32m"button"[39m
  [36m/>[39m

  Name "Remove change item 986":
  [36m<button[39m
    [33maria-label[39m=[32m"Remove change item 986"[39m
    [33mclass[39m=[32m"MuiButtonBase-root MuiIconButton-root MuiIconButton-colorError MuiIconButton-sizeMedium css-1iatk21-MuiButtonBase-root-MuiIconButton-root"[39m
    [33mtabindex[39m=[32m"0"[39m
    [33mtype[39m=[32m"button"[39m
  [36m/>[39m

  Name "Remove change item 987":
  [36m<button[39m
    [33maria-label[39m=[32m"Remove change item 987"[39m
    [33mclass[39m=[32m"MuiButtonBase-root MuiIconButton-root MuiIconButton-colorError MuiIconButton-sizeMedium css-1iatk21-MuiButtonBase-root-MuiIconButton-root"[39m
    [33mtabindex[39m=[32m"0"[39m
    [33mtype[39m=[32m"button"[39m
  [36m/>[39m

  Name "Remove change item 988":
  [36m<button[39m
    [33maria-label[39m=[32m"Remove change item 988"[39m
    [33mclass[39m=[32m"MuiButtonBase-root MuiIconButton-root MuiIconButton-colorError MuiIconButton-sizeMedium css-1iatk21-MuiButtonBase-root-MuiIconButton-root"[39m
    [33mtabindex[39m=[32m"0"[39m
    [33mtype[39m=[32m"button"[39m
  [36m/>[39m

  Name "Remove change item 989":
  [36m<button[39m
    [33maria-label[39m=[32m"Remove change item 989"[39m
    [33mclass[39m=[32m"MuiButtonBase-root MuiIconButton-root MuiIconButton-colorError MuiIconButton-sizeMedium css-1iatk21-MuiButtonBase-root-MuiIconButton-root"[39m
    [33mtabindex[39m=[32m"0"[39m
    [33mtype[39m=[32m"button"[39m
  [36m/>[39m

  Name "Remove change item 990":
  [36m<button[39m
    [33maria-label[39m=[32m"Remove change item 990"[39m
    [33mclass[39m=[32m"MuiButtonBase-root MuiIconButton-root MuiIconButton-colorError MuiIconButton-sizeMedium css-1iatk21-MuiButtonBase-root-MuiIconButton-root"[39m
    [33mtabindex[39m=[32m"0"[39m
    [33mtype[39m=[32m"button"[39m
  [36m/>[39m

  Name "Remove change item 991":
  [36m<button[39m
    [33maria-label[39m=[32m"Remove change item 991"[39m
    [33mclass[39m=[32m"MuiButtonBase-root MuiIconButton-root MuiIconButton-colorError MuiIconButton-sizeMedium css-1iatk21-MuiButtonBase-root-MuiIconButton-root"[39m
    [33mtabindex[39m=[32m"0"[39m
    [33mtype[39m=[32m"button"[39m
  [36m/>[39m

  Name "Remove change item 992":
  [36m<button[39m
    [33maria-label[39m=[32m"Remove change item 992"[39m
    [33mclass[39m=[32m"MuiButtonBase-root MuiIconButton-root MuiIconButton-colorError MuiIconButton-sizeMedium css-1iatk21-MuiButtonBase-root-MuiIconButton-root"[39m
    [33mtabindex[39m=[32m"0"[39m
    [33mtype[39m=[32m"button"[39m
  [36m/>[39m

  Name "Remove change item 993":
  [36m<button[39m
    [33maria-label[39m=[32m"Remove change item 993"[39m
    [33mclass[39m=[32m"MuiButtonBase-root MuiIconButton-root MuiIconButton-colorError MuiIconButton-sizeMedium css-1iatk21-MuiButtonBase-root-MuiIconButton-root"[39m
    [33mtabindex[39m=[32m"0"[39m
    [33mtype[39m=[32m"button"[39m
  [36m/>[39m

  Name "Remove change item 994":
  [36m<button[39m
    [33maria-label[39m=[32m"Remove change item 994"[39m
    [33mclass[39m=[32m"MuiButtonBase-root MuiIconButton-root MuiIconButton-colorError MuiIconButton-sizeMedium css-1iatk21-MuiButtonBase-root-MuiIconButton-root"[39m
    [33mtabindex[39m=[32m"0"[39m
    [33mtype[39m=[32m"button"[39m
  [36m/>[39m

  Name "Remove change item 995":
  [36m<button[39m
    [33maria-label[39m=[32m"Remove change item 995"[39m
    [33mclass[39m=[32m"MuiButtonBase-root MuiIconButton-root MuiIconButton-colorError MuiIconButton-sizeMedium css-1iatk21-MuiButtonBase-root-MuiIconButton-root"[39m
    [33mtabindex[39m=[32m"0"[39m
    [33mtype[39m=[32m"button"[39m
  [36m/>[39m

  Name "Remove change item 996":
  [36m<button[39m
    [33maria-label[39m=[32m"Remove change item 996"[39m
    [33mclass[39m=[32m"MuiButtonBase-root MuiIconButton-root MuiIconButton-colorError MuiIconButton-sizeMedium css-1iatk21-MuiButtonBase-root-MuiIconButton-root"[39m
    [33mtabindex[39m=[32m"0"[39m
    [33mtype[39m=[32m"button"[39m
  [36m/>[39m

  Name "Remove change item 997":
  [36m<button[39m
    [33maria-label[39m=[32m"Remove change item 997"[39m
    [33mclass[39m=[32m"MuiButtonBase-root MuiIconButton-root MuiIconButton-colorError MuiIconButton-sizeMedium css-1iatk21-MuiButtonBase-root-MuiIconButton-root"[39m
    [33mtabindex[39m=[32m"0"[39m
    [33mtype[39m=[32m"button"[39m
  [36m/>[39m

  Name "Remove change item 998":
  [36m<button[39m
    [33maria-label[39m=[32m"Remove change item 998"[39m
    [33mclass[39m=[32m"MuiButtonBase-root MuiIconButton-root MuiIconButton-colorError MuiIconButton-sizeMedium css-1iatk21-MuiButtonBase-root-MuiIconButton-root"[39m
    [33mtabindex[39m=[32m"0"[39m
    [33mtype[39m=[32m"button"[39m
  [36m/>[39m

  Name "Remove change item 999":
  [36m<button[39m
    [33maria-label[39m=[32m"Remove change item 999"[39m
    [33mclass[39m=[32m"MuiButtonBase-root MuiIconButton-root MuiIconButton-colorError MuiIconButton-sizeMedium css-1iatk21-MuiButtonBase-root-MuiIconButton-root"[39m
    [33mtabindex[39m=[32m"0"[39m
    [33mtype[39m=[32m"button"[39m
  [36m/>[39m

  Name "Maximum 999 items reached":
  [36m<button[39m
    [33mclass[39m=[32m"MuiButtonBase-root Mui-disabled MuiButton-root MuiButton-outlined MuiButton-sizeMedium MuiButton-colorPrimary MuiButton-fullWidth css-123sj7h-MuiButtonBase-root-MuiButton-root"[39m
    [33mdisabled[39m=[32m""[39m
    [33mtabindex[39m=[32m"-1"[39m
    [33mtype[39m=[32m"button"[39m
  [36m/>[39m

  --------------------------------------------------

Ignored nodes: comments, script, style
[36m<body>[39m
  [36m<div>[39m
    [36m<section[39m
      [33maria-labelledby[39m=[32m"change-items-heading"[39m
      [33mclass[39m=[32m"MuiBox-root css-i3pbo"[39m
    [36m>[39m
      [36m<h6[39m
        [33mclass[39m=[32m"MuiTypography-root MuiTypography-h6 MuiTypography-gutterBottom css-1wmifpn-MuiTypography-root"[39m
        [33mid[39m=[32m"change-items-heading"[39m
      [36m>[39m
        [0mChange Items[0m
      [36m</h6>[39m
      [36m<p[39m
        [33mclass[39m=[32m"MuiTypography-root MuiTypography-body2 css-956xpl-MuiTypography-root"[39m
      [36m>[39m
        [0mList the Jira change items included in this deployment (1-999 items required)[0m
      [36m</p>[39m
      [36m<div[39m
        [33maria-atomic[39m=[32m"true"[39m
        [33maria-live[39m=[32m"polite"[39m
        [33mclass[39m=[32m"sr-only"[39m
        [33mrole[39m=[32m"status"[39m
      [36m>[39m
        [0m999[0m
        [0m change [0m
        [0mitems[0m
        [0m in the list[0m
      [36m</div>[39m
      [36m<div[39m
        [33mclass[39m=[32m"MuiStack-root css-1sazv7p-MuiStack-root"[39m
      [36m>[39m
        [36m<article[39m
          [33maria-labelledby[39m=[32m"change-item-0-heading"[39m
          [33mclass[39m=[32m"MuiPaper-root MuiPaper-elevation MuiPaper-rounded MuiPaper-elevation1 css-fw7llw-MuiPaper-root"[39m
          [33mstyle[39m=[32m"--Paper-shadow: 0px 2px 1px -1px rgba(0,0,0,0.2),0px 1px 1px 0px rgba(0,0,0,0.14),0px 1px 3px 0px rgba(0,0,0,0.12);"[39m
        [36m>[39m
          [36m<div[39m
            [33mclass[39m=[32m"MuiBox-root css-1xhi066"[39m
          [36m>[39m
            [36m<div[39m
              [33mclass[39m=[32m"MuiBox-root css-1rr4qq7"[39m
            [36m>[39m
              [36m<h6[39m
                [33mclass[39m=[32m"MuiTypography-root MuiTypography-subtitle2 css-1k7msii-MuiTypography-root"[39m
                [33mid[39m=[32m"change-item-0-heading"[39m
              [36m>[39m
                [0mChange Item [0m
                [0m1[0m
              [36m</h6>[39m
              [36m<div[39m
                [33mclass[39m=[32m"MuiFormControl-root MuiFormControl-fullWidth MuiTextField-root css-dzmwfx-MuiFormControl-root-MuiTextField-root"[39m
              [36m>[39m
                [36m<label[39m
                  [33mclass[39m=[32m"MuiFormLabel-root MuiInputLabel-root MuiInputLabel-formControl MuiInputLabel-animated MuiInputLabel-shrink MuiInputLabel-outlined MuiFormLabel-colorPrimary MuiFormLabel-filled Mui-required MuiInputLabel-root MuiInputLabel-formControl MuiInputLabel-animated MuiInputLabel-shrink MuiInputLabel-outlined css-113d811-MuiFormLabel-root-MuiInputLabel-root"[39m
                  [33mdata-shrink[39m=[32m"true"[39m
                  [33mfor[39m=[32m"_r_6c_"[39m
                  [33mid[39m=[32m"_r_6c_-label"[39m
                [36m>[39m
                  [0mJira Number[0m
                  [36m<span[39m
                    [33maria-hidden[39m=[32m"true"[39m
                    [33mclass[39m=[32m"MuiFormLabel-asterisk MuiInputLabel-asterisk css-1ljffdk-MuiFormLabel-asterisk"[39m
                  [36m>[39m
                    [0m [0m
                    [0m*[0m
                  [36m</span>[39m
                [36m</label>[39m
                [36m<div[39m
                  [33mclass[39m=[32m"MuiInputBase-root MuiOutlinedInput-root MuiInputBase-colorPrimary MuiInputBase-fullWidth MuiInputBase-formControl css-1blp12k-MuiInputBase-root-MuiOutlinedInput-root"[39m
                [36m>[39m
                  [36m<input[39m
                    [33maria-describedby[39m=[32m"change-item-0-jira-help"[39m
                    [33maria-invalid[39m=[32m"false"[39m
                    [33maria-label[39m=[32m"Jira number for change item 1"[39m
                    [33mclass[39m=[32m"MuiInputBase-input MuiOutlinedInput-input css-16wblaj-MuiInputBase-input-MuiOutlinedInput-input"[39m
                    [33mid[39m=[32m"_r_6c_"[39m
                    [33mmaxlength[39m=[32m"50"[39m
                    [33mrequired[39m=[32m""[39m
                    [33mtype[39m=[32m"text"[39m
                    [33mvalue[39m=[32m"JIRA-0001"[39m
                  [36m/>[39m
                  [36m<fieldset[39m
                    [33maria-hidden[39m=[32m"true"[39m
                    [33mclass[39m=[32m"MuiOutlinedInput-notchedOutline css-18p5xg2-MuiNotchedOutlined-root-MuiOutlinedInput-notchedOutline"[39m
                  [36m>[39m
                    [36m<legend[39m
                      [33mclass[39m=[32m"css-ex8a5f-MuiNotchedOutlined-root"[39m
                    [36m>[39m
                      [36m<span>[39m
                        [0mJira Number[0m
                        [0m [0m
                        [0m*[0m
                      [36m</span>[39m
                    [36m</legend>[39m
                  [36m</fieldset>[39m
                [36m</div>[39m
                [36m<p[39m
                  [33mclass[39m=[32m"MuiFormHelperText-root MuiFormHelperText-sizeMedium MuiFormHelperText-contained MuiFormHelperText-filled Mui-required css-er619e-MuiFormHelperText-root"[39m
                  [33mid[39m=[32m"_r_6c_-helper-text"[39m
                [36m>[39m
                  [0mMax 50 characters[0m
                [36m</p>[39m
              [36m</div>[39m
              [36m<div[39m
                [33mclass[39m=[32m"MuiFormControl-root MuiFormControl-fullWidth MuiTextField-root css-cmpglg-MuiFormControl-root-MuiTextField-root"[39m
              [36m>[39m
                [36m<label[39m
                  [33mclass[39m=[32m"MuiFormLabel-root MuiInputLabel-root MuiInputLabel-formControl MuiInputLabel-animated MuiInputLabel-shrink MuiInputLabel-outlined MuiFormLabel-colorPrimary MuiFormLabel-filled Mui-required MuiInputLabel-root MuiInputLabel-formControl MuiInputLabel-animated MuiInputLabel-shrink MuiInputLabel-outlined css-113d811-MuiFormLabel-root-MuiInputLabel-root"[39m
                  [33mdata-shrink[39m=[32m"true"[39m
                  [33mfor[39m=[32m"_r_6d_"[39m
                  [33mid[39m=[32m"_r_6d_-label"[39m
                [36m>[39m
                  [0mDescription[0m
                  [36m<span[39m
                    [33maria-hidden[39m=[32m"true"[39m
                    [33mclass[39m=[32m"MuiFormLabel-asterisk MuiInputLabel-asterisk css-1ljffdk-MuiFormLabel-asterisk"[39m
                  [36m>[39m
                    [0m [0m
                    [0m*[0m
                  [36m</span>[39m
                [36m</label>[39m
                [36m<div[39m
                  [33mclass[39m=[32m"MuiInputBase-root MuiOutlinedInput-root MuiInputBase-colorPrimary MuiInputBase-fullWidth MuiInputBase-formControl MuiInputBase-multiline css-zsp0bh-MuiInpu...
 ❯ Object.getElementError node_modules/@testing-library/dom/dist/config.js:37:19
 ❯ node_modules/@testing-library/dom/dist/query-helpers.js:76:38
 ❯ node_modules/@testing-library/dom/dist/query-helpers.js:52:17
 ❯ node_modules/@testing-library/dom/dist/query-helpers.js:95:19
 ❯ src/components/PerformanceOptimization.test.tsx:303:30
    301|
    302|     // Verify the Add button is disabled at maximum
    303|     const addButton = screen.getByRole('button', { name: /Add Change I…
       |                              ^
    304|     expect(addButton).toBeDisabled();
    305|     expect(screen.getByText('Maximum 999 items reached')).toBeInTheDoc…

⎯⎯⎯⎯⎯⎯⎯⎯⎯⎯⎯⎯⎯⎯⎯⎯⎯⎯⎯⎯⎯⎯⎯[8/17]⎯

 FAIL  src/components/PerformanceOptimization.test.tsx > 22.2.4 Large list rendering performance > ChangeItemsSection row memoization prevents re-renders during list updates
Error: Invalid hook call. Hooks can only be called inside of the body of a function component. This could happen for one of the following reasons:
1. You might have mismatching versions of React and the renderer (such as React DOM)
2. You might be breaking the Rules of Hooks
3. You might have more than one copy of React in the same app
See https://react.dev/link/invalid-hook-call for tips about how to debug and fix this problem.
 ❯ Object.throwInvalidHookError node_modules/react-dom/cjs/react-dom-client.development.js:7597:13
 ❯ process.env.NODE_ENV.exports.useState node_modules/react/cjs/react.development.js:1263:34
 ❯ src/components/PerformanceOptimization.test.tsx:309:31
    307|
    308|   it('ChangeItemsSection row memoization prevents re-renders during li…
    309|     const [items, setItems] = useState<ChangeItem[]>([
       |                               ^
    310|       { id: '1', jiraNumber: 'JIRA-001', description: 'Item 1' },
    311|       { id: '2', jiraNumber: 'JIRA-002', description: 'Item 2' },

⎯⎯⎯⎯⎯⎯⎯⎯⎯⎯⎯⎯⎯⎯⎯⎯⎯⎯⎯⎯⎯⎯⎯[9/17]⎯

 FAIL  src/components/PerformanceOptimization.test.tsx > 22.2.5 Component memoization coverage > ContactSection is memoized
Error: Invalid hook call. Hooks can only be called inside of the body of a function component. This could happen for one of the following reasons:
1. You might have mismatching versions of React and the renderer (such as React DOM)
2. You might be breaking the Rules of Hooks
3. You might have more than one copy of React in the same app
See https://react.dev/link/invalid-hook-call for tips about how to debug and fix this problem.
 ❯ Object.throwInvalidHookError node_modules/react-dom/cjs/react-dom-client.development.js:7597:13
 ❯ process.env.NODE_ENV.exports.useState node_modules/react/cjs/react.development.js:1263:34
 ❯ src/components/PerformanceOptimization.test.tsx:366:43
    364|   it('ContactSection is memoized', () => {
    365|     // Create a parent that frequently re-renders
    366|     const [parentState, setParentState] = useState(0);
       |                                           ^
    367|
    368|     function Parent() {

⎯⎯⎯⎯⎯⎯⎯⎯⎯⎯⎯⎯⎯⎯⎯⎯⎯⎯⎯⎯⎯⎯[10/17]⎯

 FAIL  src/components/PerformanceOptimization.test.tsx > 22.2.5 Component memoization coverage > DeploymentInfoSection is memoized
Error: Invalid hook call. Hooks can only be called inside of the body of a function component. This could happen for one of the following reasons:
1. You might have mismatching versions of React and the renderer (such as React DOM)
2. You might be breaking the Rules of Hooks
3. You might have more than one copy of React in the same app
See https://react.dev/link/invalid-hook-call for tips about how to debug and fix this problem.
 ❯ Object.throwInvalidHookError node_modules/react-dom/cjs/react-dom-client.development.js:7597:13
 ❯ process.env.NODE_ENV.exports.useState node_modules/react/cjs/react.development.js:1263:34
 ❯ src/components/PerformanceOptimization.test.tsx:399:43
    397|
    398|   it('DeploymentInfoSection is memoized', () => {
    399|     const [parentState, setParentState] = useState(0);
       |                                           ^
    400|
    401|     function Parent() {

⎯⎯⎯⎯⎯⎯⎯⎯⎯⎯⎯⎯⎯⎯⎯⎯⎯⎯⎯⎯⎯⎯[11/17]⎯

 FAIL  src/components/PerformanceOptimization.test.tsx > 22.2.5 Component memoization coverage > ScheduleSection is memoized
Error: Invalid hook call. Hooks can only be called inside of the body of a function component. This could happen for one of the following reasons:
1. You might have mismatching versions of React and the renderer (such as React DOM)
2. You might be breaking the Rules of Hooks
3. You might have more than one copy of React in the same app
See https://react.dev/link/invalid-hook-call for tips about how to debug and fix this problem.
 ❯ Object.throwInvalidHookError node_modules/react-dom/cjs/react-dom-client.development.js:7597:13
 ❯ process.env.NODE_ENV.exports.useState node_modules/react/cjs/react.development.js:1263:34
 ❯ src/components/PerformanceOptimization.test.tsx:430:43
    428|   it('ScheduleSection is memoized', () => {
    429|     const now = new Date();
    430|     const [parentState, setParentState] = useState(0);
       |                                           ^
    431|
    432|     function Parent() {

⎯⎯⎯⎯⎯⎯⎯⎯⎯⎯⎯⎯⎯⎯⎯⎯⎯⎯⎯⎯⎯⎯[12/17]⎯

 FAIL  src/components/PerformanceOptimization.test.tsx > 22.2.5 Component memoization coverage > OutageSection is memoized
Error: Invalid hook call. Hooks can only be called inside of the body of a function component. This could happen for one of the following reasons:
1. You might have mismatching versions of React and the renderer (such as React DOM)
2. You might be breaking the Rules of Hooks
3. You might have more than one copy of React in the same app
See https://react.dev/link/invalid-hook-call for tips about how to debug and fix this problem.
 ❯ Object.throwInvalidHookError node_modules/react-dom/cjs/react-dom-client.development.js:7597:13
 ❯ process.env.NODE_ENV.exports.useState node_modules/react/cjs/react.development.js:1263:34
 ❯ src/components/PerformanceOptimization.test.tsx:456:43
    454|
    455|   it('OutageSection is memoized', () => {
    456|     const [parentState, setParentState] = useState(0);
       |                                           ^
    457|
    458|     function Parent() {

⎯⎯⎯⎯⎯⎯⎯⎯⎯⎯⎯⎯⎯⎯⎯⎯⎯⎯⎯⎯⎯⎯[13/17]⎯

 FAIL  src/components/PerformanceOptimization.test.tsx > 22.2.5 Component memoization coverage > ApplicationSelector is memoized
Error: Invalid hook call. Hooks can only be called inside of the body of a function component. This could happen for one of the following reasons:
1. You might have mismatching versions of React and the renderer (such as React DOM)
2. You might be breaking the Rules of Hooks
3. You might have more than one copy of React in the same app
See https://react.dev/link/invalid-hook-call for tips about how to debug and fix this problem.
 ❯ Object.throwInvalidHookError node_modules/react-dom/cjs/react-dom-client.development.js:7597:13
 ❯ process.env.NODE_ENV.exports.useState node_modules/react/cjs/react.development.js:1263:34
 ❯ src/components/PerformanceOptimization.test.tsx:483:43
    481|
    482|   it('ApplicationSelector is memoized', () => {
    483|     const [parentState, setParentState] = useState(0);
       |                                           ^
    484|
    485|     function Parent() {

⎯⎯⎯⎯⎯⎯⎯⎯⎯⎯⎯⎯⎯⎯⎯⎯⎯⎯⎯⎯⎯⎯[14/17]⎯

 FAIL  src/components/PerformanceOptimization.test.tsx > 22.2.5 Component memoization coverage > DeploymentQueueRow is memoized
TestingLibraryElementError: Unable to find an element with the text: /Position/i. This could be because the text is broken up by multiple elements. In this case, you can provide a function for your text matcher to make your matcher more flexible.

Ignored nodes: comments, script, style
[36m<body>[39m
  [36m<div>[39m
    [36m<div[39m
      [33mclass[39m=[32m"MuiPaper-root MuiPaper-elevation MuiPaper-rounded MuiPaper-elevation1 css-788no9-MuiPaper-root"[39m
      [33mdata-testid[39m=[32m"form-0"[39m
      [33mstyle[39m=[32m"--Paper-shadow: 0px 2px 1px -1px rgba(0,0,0,0.2),0px 1px 1px 0px rgba(0,0,0,0.14),0px 1px 3px 0px rgba(0,0,0,0.12);"[39m
    [36m>[39m
      [36m<div[39m
        [33maria-expanded[39m=[32m"false"[39m
        [33maria-label[39m=[32m"Deployment 1: Not Selected to Not Set on Aug 14, 2026. Expand to show details."[39m
        [33mclass[39m=[32m"MuiBox-root css-1kiczjq"[39m
        [33mrole[39m=[32m"button"[39m
        [33mtabindex[39m=[32m"0"[39m
      [36m>[39m
        [36m<div[39m
          [33mclass[39m=[32m"MuiBox-root css-alw3u8"[39m
        [36m>[39m
          [0m1[0m
        [36m</div>[39m
        [36m<div[39m
          [33mclass[39m=[32m"MuiBox-root css-1hgh2pz"[39m
        [36m>[39m
          [36m<div[39m
            [33mclass[39m=[32m"MuiBox-root css-1cu5x74"[39m
          [36m>[39m
            [36m<span[39m
              [33mclass[39m=[32m"MuiTypography-root MuiTypography-caption css-iwqwqr-MuiTypography-root"[39m
            [36m>[39m
              [0mApplication[0m
            [36m</span>[39m
            [36m<h6[39m
              [33mclass[39m=[32m"MuiTypography-root MuiTypography-subtitle1 MuiTypography-noWrap css-1pmjrvo-MuiTypography-root"[39m
            [36m>[39m
              [0mNot Selected[0m
            [36m</h6>[39m
          [36m</div>[39m
          [36m<div[39m
            [33mclass[39m=[32m"MuiBox-root css-6su6fj"[39m
          [36m>[39m
            [36m<span[39m
              [33mclass[39m=[32m"MuiTypography-root MuiTypography-caption css-iwqwqr-MuiTypography-root"[39m
            [36m>[39m
              [0mEnvironment[0m
            [36m</span>[39m
            [36m<p[39m
              [33mclass[39m=[32m"MuiTypography-root MuiTypography-body2 css-1n8v0zg-MuiTypography-root"[39m
            [36m>[39m
              [0mNot Set[0m
            [36m</p>[39m
          [36m</div>[39m
          [36m<div[39m
            [33mclass[39m=[32m"MuiBox-root css-6su6fj"[39m
          [36m>[39m
            [36m<span[39m
              [33mclass[39m=[32m"MuiTypography-root MuiTypography-caption css-iwqwqr-MuiTypography-root"[39m
            [36m>[39m
              [0mDeployment Date[0m
            [36m</span>[39m
            [36m<p[39m
              [33mclass[39m=[32m"MuiTypography-root MuiTypography-body2 css-7ctihp-MuiTypography-root"[39m
            [36m>[39m
              [0mAug 14, 2026[0m
            [36m</p>[39m
          [36m</div>[39m
        [36m</div>[39m
        [36m<div[39m
          [33mclass[39m=[32m"MuiBox-root css-5xnaal"[39m
        [36m>[39m
          [36m<button[39m
            [33maria-label[39m=[32m"Cannot remove the only deployment"[39m
            [33mclass[39m=[32m"MuiButtonBase-root Mui-disabled MuiIconButton-root Mui-disabled MuiIconButton-colorError MuiIconButton-sizeSmall css-1up0zo2-MuiButtonBase-root-MuiIconButton-root"[39m
            [33mdisabled[39m=[32m""[39m
            [33mtabindex[39m=[32m"-1"[39m
            [33mtype[39m=[32m"button"[39m
          [36m>[39m
            [36m<svg[39m
              [33maria-hidden[39m=[32m"true"[39m
              [33mclass[39m=[32m"MuiSvgIcon-root MuiSvgIcon-fontSizeMedium css-1umw9bq-MuiSvgIcon-root"[39m
              [33mdata-testid[39m=[32m"DeleteIcon"[39m
              [33mfocusable[39m=[32m"false"[39m
              [33mviewBox[39m=[32m"0 0 24 24"[39m
            [36m>[39m
              [36m<path[39m
                [33md[39m=[32m"M6 19c0 1.1.9 2 2 2h8c1.1 0 2-.9 2-2V7H6zM19 4h-3.5l-1-1h-5l-1 1H5v2h14z"[39m
              [36m/>[39m
            [36m</svg>[39m
          [36m</button>[39m
          [36m<button[39m
            [33maria-expanded[39m=[32m"false"[39m
            [33maria-label[39m=[32m"Expand deployment details"[39m
            [33mclass[39m=[32m"MuiButtonBase-root MuiIconButton-root MuiIconButton-sizeSmall css-155wbr6-MuiButtonBase-root-MuiIconButton-root"[39m
            [33mtabindex[39m=[32m"0"[39m
            [33mtype[39m=[32m"button"[39m
          [36m>[39m
            [36m<svg[39m
              [33maria-hidden[39m=[32m"true"[39m
              [33mclass[39m=[32m"MuiSvgIcon-root MuiSvgIcon-fontSizeMedium css-1umw9bq-MuiSvgIcon-root"[39m
              [33mdata-testid[39m=[32m"ExpandMoreIcon"[39m
              [33mfocusable[39m=[32m"false"[39m
              [33mviewBox[39m=[32m"0 0 24 24"[39m
            [36m>[39m
              [36m<path[39m
                [33md[39m=[32m"M16.59 8.59 12 13.17 7.41 8.59 6 10l6 6 6-6z"[39m
              [36m/>[39m
            [36m</svg>[39m
          [36m</button>[39m
        [36m</div>[39m
      [36m</div>[39m
      [36m<div[39m
        [33mclass[39m=[32m"MuiCollapse-root MuiCollapse-vertical MuiCollapse-hidden css-cwrbtg-MuiCollapse-root"[39m
        [33mstyle[39m=[32m"min-height: 0px;"[39m
      [36m>[39m
        [36m<div[39m
          [33mclass[39m=[32m"MuiCollapse-wrapper MuiCollapse-vertical css-1x6hinx-MuiCollapse-wrapper"[39m
        [36m>[39m
          [36m<div[39m
            [33mclass[39m=[32m"MuiCollapse-wrapperInner MuiCollapse-vertical css-1i4ywhz-MuiCollapse-wrapperInner"[39m
          [36m>[39m
            [36m<div[39m
              [33mclass[39m=[32m"MuiBox-root css-1cr1z1o"[39m
            [36m>[39m
              [36m<section[39m
                [33maria-labelledby[39m=[32m"form-form-1786722773110-atln117-heading"[39m
                [33mclass[39m=[32m"MuiBox-root css-0"[39m
              [36m>[39m
                [36m<div[39m
                  [33mclass[39m=[32m"MuiBox-root css-1kw3y0a"[39m
                [36m>[39m
                  [36m<h3[39m
                    [33mclass[39m=[32m"MuiTypography-root MuiTypography-h6 css-1miy0lu-MuiTypography-root"[39m
                    [33mid[39m=[32m"form-form-1786722773110-atln117-heading"[39m
                  [36m>[39m
                    [0mDeployment Form [0m
                    [0m1[0m
                  [36m</h3>[39m
                  [36m<div[39m
                    [33mclass[39m=[32m"MuiStack-root css-niqf4j-MuiStack-root"[39m
                  [36m>[39m
                    [36m<button[39m
                      [33maria-label[39m=[32m"Reset form to default values"[39m
                      [33mclass[39m=[32m"MuiButtonBase-root MuiButton-root MuiButton-outlined MuiButton-sizeSmall MuiButton-colorPrimary css-wyro15-MuiButtonBase-root-MuiButton-root"[39m
                      [33mtabindex[39m=[32m"0"[39m
                      [33mtype[39m=[32m"button"[39m
   ...
 ❯ Object.getElementError node_modules/@testing-library/dom/dist/config.js:37:19
 ❯ node_modules/@testing-library/dom/dist/query-helpers.js:76:38
 ❯ node_modules/@testing-library/dom/dist/query-helpers.js:52:17
 ❯ node_modules/@testing-library/dom/dist/query-helpers.js:95:19
 ❯ src/components/PerformanceOptimization.test.tsx:546:19
    544|
    545|     // Component should render with summary
    546|     expect(screen.getByText(/Position/i)).toBeInTheDocument();
       |                   ^
    547|   });
    548| });

⎯⎯⎯⎯⎯⎯⎯⎯⎯⎯⎯⎯⎯⎯⎯⎯⎯⎯⎯⎯⎯⎯[15/17]⎯

 FAIL  src/components/PerformanceOptimization.test.tsx > 22.2.6 Lazy loading of artifact libraries > html2pdf library is lazy loaded
AssertionError: expected 'undefined' to be 'function' // Object.is equality

Expected: "function"
Received: "undefined"

 ❯ src/components/PerformanceOptimization.test.tsx:564:33
    562|
    563|     // Verify the lazy loading function exists
    564|     expect(typeof loadHtml2PDF).toBe('function');
       |                                 ^
    565|   });
    566|

⎯⎯⎯⎯⎯⎯⎯⎯⎯⎯⎯⎯⎯⎯⎯⎯⎯⎯⎯⎯⎯⎯[16/17]⎯

 FAIL  src/components/PerformanceOptimization.test.tsx > 22.2.6 Lazy loading of artifact libraries > html-to-image library is lazy loaded
AssertionError: expected 'undefined' to be 'function' // Object.is equality

Expected: "function"
Received: "undefined"

 ❯ src/components/PerformanceOptimization.test.tsx:572:35
    570|
    571|     // Verify the lazy loading function exists
    572|     expect(typeof loadHtml2Image).toBe('function');
       |                                   ^
    573|   });
    574| });

⎯⎯⎯⎯⎯⎯⎯⎯⎯⎯⎯⎯⎯⎯⎯⎯⎯⎯⎯⎯⎯⎯[17/17]⎯

